15:04:23  위험:1
15:04:23  GPS유효:1
15:04:23  위도:37.496609
15:04:23  경도:126.957901
15:04:23  속도:0.04
15:04:23  방향:278.3
15:04:23  가속도:-1.70,3.14,8.92
15:04:23  송신:23802
15:04:23  GPS위성:8
15:04:23  GPS_HDOP:1.03
15:04:23  원시위도:37.496611
15:04:23  원시경도:126.957902
15:04:23  GPS채택:3984
15:04:23  GPS이상치거부:3
15:04:23  GPS품질거부:28
15:04:23  GPS재기준:1
15:04:23  차량수신:22498
15:04:25  위험:1
15:04:25  GPS유효:1
15:04:25  위도:37.496613
15:04:25  경도:126.957893
15:04:25  속도:0.04
15:04:25  방향:278.3
15:04:25  가속도:-1.63,3.22,8.95
15:04:25  송신:23821
15:04:25  GPS위성:9
15:04:25  GPS_HDOP:1.03
15:04:25  원시위도:37.496612
15:04:25  원시경도:126.957896
15:04:25  GPS채택:3988
15:04:25  GPS이상치거부:3
15:04:25  GPS품질거부:28
15:04:25  GPS재기준:1
15:04:25  차량수신:22514
15:04:26  위험:1
15:04:26  GPS유효:1
15:04:26  위도:37.496613
15:04:26  경도:126.957893
15:04:26  속도:0.05
15:04:26  방향:278.3
15:04:26  가속도:-1.63,-1.01,4.68
15:04:26  송신:23831
15:04:26  GPS위성:9
15:04:26  GPS_HDOP:1.03
15:04:26  원시위도:37.496614
15:04:26  원시경도:126.957892
15:04:26  GPS채택:3990
15:04:26  GPS이상치거부:3
15:04:26  GPS품질거부:28
15:04:26  GPS재기준:1
15:04:26  차량수신:22518
15:04:27  위험:1
15:04:27  GPS유효:1
15:04:27  위도:37.496616
15:04:27  경도:126.957893
15:04:27  속도:0.06
15:04:27  방향:278.3
15:04:27  가속도:-1.74,3.16,9.02
15:04:27  송신:23841
15:04:27  GPS위성:8
15:04:27  GPS_HDOP:1.03
15:04:27  원시위도:37.496615
15:04:27  원시경도:126.957889
15:04:27  GPS채택:3992
15:04:27  GPS이상치거부:3
15:04:27  GPS품질거부:28
15:04:27  GPS재기준:1
15:04:27  차량수신:22527
15:04:28  위험:1
15:04:28  GPS유효:1
15:04:28  위도:37.496616
15:04:28  경도:126.957886
15:04:28  속도:0.05
15:04:28  방향:278.3
15:04:28  가속도:-19.61,9.89,-3.02
15:04:28  송신:23850
15:04:28  GPS위성:8
15:04:28  GPS_HDOP:1.03
15:04:28  원시위도:37.496618
15:04:28  원시경도:126.957886
15:04:28  GPS채택:3994
15:04:28  GPS이상치거부:3
15:04:28  GPS품질거부:28
15:04:28  GPS재기준:1
15:04:28  차량수신:22536
15:04:31  위험:1
15:04:31  GPS유효:1
15:04:31  위도:37.496624
15:04:31  경도:126.957878
15:04:31  속도:0.12
15:04:31  방향:278.3
15:04:31  가속도:-14.20,14.05,5.78
15:04:31  송신:23880
15:04:31  GPS위성:8
15:04:31  GPS_HDOP:1.03
15:04:31  원시위도:37.496625
15:04:31  원시경도:126.957881
15:04:31  GPS채택:4000
15:04:31  GPS이상치거부:3
15:04:31  GPS품질거부:28
15:04:31  GPS재기준:1
15:04:31  차량수신:22564
15:04:33  위험:1
15:04:33  GPS유효:1
15:04:33  위도:37.496616
15:04:33  경도:126.957878
15:04:33  속도:0.40
15:04:33  방향:279.3
15:04:33  가속도:3.60,4.57,14.81
15:04:33  송신:23899
15:04:33  GPS위성:8
15:04:33  GPS_HDOP:1.07
15:04:33  원시위도:37.496617
15:04:33  원시경도:126.957880
15:04:33  GPS채택:4004
15:04:33  GPS이상치거부:3
15:04:33  GPS품질거부:28
15:04:33  GPS재기준:1
15:04:33  차량수신:22582
15:04:37  위험:1
15:04:37  GPS유효:1
15:04:37  위도:37.496632
15:04:37  경도:126.957878
15:04:37  속도:0.05
15:04:37  방향:279.3
15:04:37  가속도:-4.66,0.81,2.94
15:04:37  송신:23939
15:04:37  GPS위성:9
15:04:37  GPS_HDOP:1.07
15:04:37  원시위도:37.496634
15:04:37  원시경도:126.957878
15:04:37  GPS채택:4012
15:04:37  GPS이상치거부:3
15:04:37  GPS품질거부:28
15:04:37  GPS재기준:1
15:04:37  차량수신:22620
