15:04:24  위험:0
15:04:24  GPS유효:1
15:04:24  위도:37.496499
15:04:24  경도:126.957999
15:04:24  속도:0.33
15:04:24  방향:192.9
15:04:24  가속도:-1.36,-4.53,14.94
15:04:24  자이로:29.7,-9.1,11.6
15:04:24  충격값:8.39
15:04:24  송신:26985
15:04:24  지팡이수신:26276
15:04:24  GPS위성:5
15:04:24  GPS_HDOP:1.60
15:04:24  원시위도:37.496500
15:04:24  원시경도:126.957998
15:04:24  GPS채택:3422
15:04:24  GPS이상치거부:4
15:04:24  GPS품질거부:350
15:04:24  GPS재기준:1
15:04:24  위험송신:26276
15:04:24  위험:0
15:04:25  GPS유효:1
15:04:25  위도:37.496498
15:04:25  경도:126.958001
15:04:25  속도:0.21
15:04:25  방향:192.9
15:04:25  가속도:-5.86,-4.42,14.19
15:04:25  자이로:34.1,-2.5,6.4
15:04:25  충격값:9.26
15:04:25  송신:26995
15:04:25  지팡이수신:26284
15:04:25  GPS위성:5
15:04:25  GPS_HDOP:1.60
15:04:25  원시위도:37.496498
15:04:25  원시경도:126.958002
15:04:25  GPS채택:3424
15:04:25  GPS이상치거부:4
15:04:25  GPS품질거부:350
15:04:25  GPS재기준:1
15:04:25  위험송신:26284
15:04:26  위험:0
15:04:26  GPS유효:1
15:04:26  위도:37.496496
15:04:26  경도:126.958004
15:04:26  속도:0.24
15:04:26  방향:192.9
15:04:26  가속도:4.63,2.57,3.44
15:04:26  자이로:-60.0,8.1,23.8
15:04:26  충격값:8.27
15:04:26  송신:27005
15:04:26  지팡이수신:26292
15:04:26  GPS위성:5
15:04:26  GPS_HDOP:1.60
15:04:26  원시위도:37.496497
15:04:26  원시경도:126.958003
15:04:26  GPS채택:3426
15:04:26  GPS이상치거부:4
15:04:26  GPS품질거부:350
15:04:26  GPS재기준:1
15:04:26  위험송신:26292
15:04:28  위험:0
15:04:28  GPS유효:1
15:04:28  위도:37.496518
15:04:28  경도:126.958025
15:04:28  속도:0.58
15:04:28  방향:192.9
15:04:28  가속도:7.54,19.61,19.61
15:04:28  자이로:-40.3,2.4,-6.8
15:04:28  충격값:21.37
15:04:28  송신:27024
15:04:28  지팡이수신:26308
15:04:28  GPS위성:5
15:04:28  GPS_HDOP:1.60
15:04:28  원시위도:37.496517
15:04:28  원시경도:126.958022
15:04:28  GPS채택:3430
15:04:28  GPS이상치거부:4
15:04:28  GPS품질거부:350
15:04:28  GPS재기준:1
15:04:28  위험송신:26308
15:04:30  위험:0
15:04:30  GPS유효:1
15:04:30  위도:37.496553
15:04:30  경도:126.958040
15:04:30  속도:0.89
15:04:30  방향:120.0
15:04:30  가속도:-1.03,0.07,8.67
15:04:30  자이로:-38.2,-43.9,-59.1
15:04:30  충격값:1.03
15:04:30  송신:27043
15:04:30  지팡이수신:26326
15:04:30  GPS위성:5
15:04:30  GPS_HDOP:1.60
15:04:30  원시위도:37.496550
15:04:30  원시경도:126.958035
15:04:30  GPS채택:3434
15:04:30  GPS이상치거부:4
15:04:30  GPS품질거부:350
15:04:30  GPS재기준:1
15:04:30  위험송신:26326
15:04:32  위험:0
15:04:32  GPS유효:1
15:04:32  위도:37.496599
15:04:32  경도:126.958050
15:04:32  속도:0.95
15:04:32  방향:67.6
15:04:32  가속도:-1.64,-5.23,-1.27
15:04:32  자이로:-8.8,-2.6,-10.3
15:04:32  충격값:12.26
15:04:32  송신:27063
15:04:32  지팡이수신:26344
15:04:32  GPS위성:5
15:04:32  GPS_HDOP:1.60
15:04:32  원시위도:37.496590
15:04:32  원시경도:126.958045
15:04:32  GPS채택:3438
15:04:32  GPS이상치거부:4
15:04:32  GPS품질거부:350
15:04:32  GPS재기준:1
15:04:32  위험송신:26344
15:04:33  위험:0
15:04:33  GPS유효:1
15:04:33  위도:37.496611
15:04:33  경도:126.958058
15:04:33  속도:0.96
15:04:33  방향:53.8
15:04:33  가속도:-4.32,4.82,10.84
15:04:33  자이로:-23.5,39.2,-4.7
15:04:33  충격값:6.26
15:04:33  송신:27073
15:04:33  지팡이수신:26353
15:04:33  GPS위성:5
15:04:33  GPS_HDOP:1.60
15:04:33  원시위도:37.496603
15:04:33  원시경도:126.958053
15:04:33  GPS채택:3440
15:04:33  GPS이상치거부:4
15:04:33  GPS품질거부:350
15:04:33  GPS재기준:1
15:04:33  위험송신:26353
15:04:35  위험:0
15:04:35  GPS유효:1
15:04:35  위도:37.496626
15:04:35  경도:126.958079
15:04:35  속도:0.87
15:04:35  방향:44.6
15:04:35  가속도:0.78,-2.83,0.11
15:04:35  자이로:-0.9,-44.3,23.6
15:04:35  충격값:9.84
15:04:35  송신:27092
15:04:35  지팡이수신:26372
15:04:35  GPS위성:5
15:04:35  GPS_HDOP:1.60
15:04:35  원시위도:37.496622
15:04:35  원시경도:126.958075
15:04:35  GPS채택:3444
15:04:35  GPS이상치거부:4
15:04:35  GPS품질거부:350
15:04:35  GPS재기준:1
15:04:35  위험송신:26372
15:04:37  위험:0
15:04:37  GPS유효:1
15:04:37  위도:37.496628
15:04:37  경도:126.958090
15:04:37  속도:0.43
15:04:37  방향:44.2
15:04:37  가속도:5.26,0.95,4.28
15:04:37  자이로:16.6,18.1,0.2
15:04:37  충격값:7.73
15:04:37  송신:27111
15:04:37  지팡이수신:26392
15:04:37  GPS위성:5
15:04:37  GPS_HDOP:1.60
15:04:37  원시위도:37.496627
15:04:37  원시경도:126.958088
15:04:37  GPS채택:3448
15:04:37  GPS이상치거부:4
15:04:37  GPS품질거부:350
15:04:37  GPS재기준:1
15:04:37  위험송신:26392
