18:39:17  시각ms:954722
18:39:17  IMU시각ms:954710
18:39:17  위험:0
18:39:17  GPS유효:1
18:39:17  위도:37.496590
18:39:17  경도:126.957901
18:39:17  속도:0.045
18:39:17  방향:71.7
18:39:17  GPS원시속도:0.046
18:39:17  GPS원시방향유효:1
18:39:17  GPS원시방향:227.5
18:39:17  가속도:6.254,5.420,4.611
18:39:17  자이로:-3.198,-0.008,-0.504
18:39:17  자력계:-25.950,95.850,-14.400
18:39:17  IMU방향유효:1
18:39:17  IMU방향:71.7
18:39:17  방향가속도크기:9.47
18:39:17  방향자이로크기:3.24
18:39:17  방향자세cos:0.9840
18:39:17  자기모델잔차:3.26
18:39:17  자기모델반경:1.136
18:39:17  방향채택:16347
18:39:17  방향거부:102471
18:39:17  송신:9141
18:39:17  GPS위성:7
18:39:17  GPS_HDOP:2.43
18:39:17  원시위도:37.496588
18:39:17  원시경도:126.957898
18:39:17  GPS채택:1731
18:39:17  GPS이상치거부:7
18:39:17  GPS품질거부:7
18:39:17  GPS재기준:1
18:39:17  RSSI원시:-79
18:39:17  RSSI평활:-79.5
18:39:17  RSSI샘플:16824
18:39:17  RSSI경과ms:1
18:39:17  차량수신:8165
18:39:17  시각ms:954826
18:39:17  IMU시각ms:954814
18:39:17  위험:0
18:39:17  GPS유효:1
18:39:17  위도:37.496590
18:39:17  경도:126.957901
18:39:17  속도:0.045
18:39:17  방향:71.3
18:39:17  GPS원시속도:0.046
18:39:17  GPS원시방향유효:1
18:39:17  GPS원시방향:227.5
18:39:17  가속도:6.235,5.574,4.573
18:39:17  자이로:-1.573,-3.427,0.496
18:39:17  자력계:-26.250,97.500,-12.000
18:39:17  IMU방향유효:1
18:39:17  IMU방향:71.3
18:39:17  방향가속도크기:9.53
18:39:17  방향자이로크기:3.80
18:39:17  방향자세cos:0.9825
18:39:17  자기모델잔차:3.58
18:39:17  자기모델반경:1.160
18:39:17  방향채택:16349
18:39:17  방향거부:102482
18:39:17  송신:9142
18:39:17  GPS위성:7
18:39:17  GPS_HDOP:2.43
18:39:17  원시위도:37.496588
18:39:17  원시경도:126.957898
18:39:17  GPS채택:1731
18:39:17  GPS이상치거부:7
18:39:17  GPS품질거부:7
18:39:17  GPS재기준:1
18:39:17  RSSI원시:-81
18:39:17  RSSI평활:-80.0
18:39:17  RSSI샘플:16826
18:39:17  RSSI경과ms:4
18:39:17  차량수신:8166
18:39:18  시각ms:955659
18:39:18  IMU시각ms:955647
18:39:18  위험:0
18:39:18  GPS유효:1
18:39:18  위도:37.496586
18:39:18  경도:126.957901
18:39:18  속도:0.040
18:39:18  방향:71.6
18:39:18  GPS원시속도:0.036
18:39:18  GPS원시방향유효:1
18:39:18  GPS원시방향:227.5
18:39:18  가속도:6.230,5.478,4.697
18:39:18  자이로:-1.656,-1.084,-0.962
18:39:18  자력계:-27.000,96.450,-13.050
18:39:18  IMU방향유효:1
18:39:18  IMU방향:71.6
18:39:18  방향가속도크기:9.53
18:39:18  방향자이로크기:2.20
18:39:18  방향자세cos:0.9852
18:39:18  자기모델잔차:2.76
18:39:18  자기모델반경:1.119
18:39:18  방향채택:16358
18:39:18  방향거부:102577
18:39:18  송신:9150
18:39:18  GPS위성:7
18:39:18  GPS_HDOP:2.43
18:39:18  원시위도:37.496587
18:39:18  원시경도:126.957898
18:39:18  GPS채택:1733
18:39:18  GPS이상치거부:7
18:39:18  GPS품질거부:7
18:39:18  GPS재기준:1
18:39:18  RSSI원시:-79
18:39:18  RSSI평활:-79.7
18:39:18  RSSI샘플:16840
18:39:18  RSSI경과ms:4
18:39:18  차량수신:8173
18:39:18  시각ms:955763
18:39:18  IMU시각ms:955751
18:39:18  위험:0
18:39:18  GPS유효:1
18:39:18  위도:37.496586
18:39:18  경도:126.957901
18:39:18  속도:0.040
18:39:18  방향:71.6
18:39:18  GPS원시속도:0.036
18:39:18  GPS원시방향유효:1
18:39:18  GPS원시방향:227.5
18:39:18  가속도:6.220,5.626,4.587
18:39:18  자이로:-2.031,-0.794,0.817
18:39:18  자력계:-27.150,96.150,-13.950
18:39:18  IMU방향유효:1
18:39:18  IMU방향:71.6
18:39:18  방향가속도크기:9.56
18:39:18  방향자이로크기:2.33
18:39:18  방향자세cos:0.9825
18:39:18  자기모델잔차:2.76
18:39:18  자기모델반경:1.119
18:39:18  방향채택:16358
18:39:18  방향거부:102590
18:39:18  송신:9151
18:39:18  GPS위성:7
18:39:18  GPS_HDOP:2.43
18:39:18  원시위도:37.496587
18:39:18  원시경도:126.957898
18:39:18  GPS채택:1733
18:39:18  GPS이상치거부:7
18:39:18  GPS품질거부:7
18:39:18  GPS재기준:1
18:39:18  RSSI원시:-81
18:39:18  RSSI평활:-80.0
18:39:18  RSSI샘플:16841
18:39:18  RSSI경과ms:52
18:39:18  차량수신:8174
18:39:19  시각ms:955867
18:39:19  IMU시각ms:955855
18:39:19  위험:0
18:39:19  GPS유효:1
18:39:19  위도:37.496586
18:39:19  경도:126.957901
18:39:19  속도:0.040
18:39:19  방향:72.3
18:39:19  GPS원시속도:0.036
18:39:19  GPS원시방향유효:1
18:39:19  GPS원시방향:227.5
18:39:19  가속도:6.244,5.473,4.573
18:39:19  자이로:-0.229,0.137,-1.916
18:39:19  자력계:-27.150,96.600,-15.150
18:39:19  IMU방향유효:1
18:39:19  IMU방향:72.3
18:39:19  방향가속도크기:9.48
18:39:19  방향자이로크기:1.93
18:39:19  방향자세cos:0.9831
18:39:19  자기모델잔차:3.65
18:39:19  자기모델반경:1.136
18:39:19  방향채택:16359
18:39:19  방향거부:102602
18:39:19  송신:9152
18:39:19  GPS위성:7
18:39:19  GPS_HDOP:2.43
18:39:19  원시위도:37.496587
18:39:19  원시경도:126.957898
18:39:19  GPS채택:1733
18:39:19  GPS이상치거부:7
18:39:19  GPS품질거부:7
18:39:19  GPS재기준:1
18:39:19  RSSI원시:-80
18:39:19  RSSI평활:-80.1
18:39:19  RSSI샘플:16844
18:39:19  RSSI경과ms:9
18:39:19  차량수신:8175
18:39:19  시각ms:956075
18:39:19  IMU시각ms:956063
18:39:19  위험:0
18:39:19  GPS유효:1
18:39:19  위도:37.496586
18:39:19  경도:126.957901
18:39:19  속도:0.040
18:39:19  방향:72.4
18:39:19  GPS원시속도:0.036
18:39:19  GPS원시방향유효:1
18:39:19  GPS원시방향:227.5
18:39:19  가속도:6.330,5.574,4.587
18:39:19  자이로:-1.237,-1.992,1.733
18:39:19  자력계:-28.050,97.200,-13.800
18:39:19  IMU방향유효:1
18:39:19  IMU방향:72.4
18:39:19  방향가속도크기:9.60
18:39:19  방향자이로크기:2.92
18:39:19  방향자세cos:0.9821
18:39:19  자기모델잔차:4.27
18:39:19  자기모델반경:1.113
18:39:19  방향채택:16361
18:39:19  방향거부:102626
18:39:19  송신:9154
18:39:19  GPS위성:7
18:39:19  GPS_HDOP:2.43
18:39:19  원시위도:37.496587
18:39:19  원시경도:126.957898
18:39:19  GPS채택:1733
18:39:19  GPS이상치거부:7
18:39:19  GPS품질거부:7
18:39:19  GPS재기준:1
18:39:19  RSSI원시:-80
18:39:19  RSSI평활:-80.4
18:39:19  RSSI샘플:16848
18:39:19  RSSI경과ms:7
18:39:19  차량수신:8177
18:39:19  시각ms:956491
18:39:19  IMU시각ms:956479
18:39:19  위험:0
18:39:19  GPS유효:1
18:39:19  위도:37.496586
18:39:19  경도:126.957901
18:39:19  속도:0.073
18:39:19  방향:72.7
18:39:19  GPS원시속도:0.098
18:39:19  GPS원시방향유효:1
18:39:19  GPS원시방향:227.5
18:39:19  가속도:6.153,5.531,4.511
18:39:19  자이로:-0.321,1.046,0.947
18:39:19  자력계:-27.450,97.350,-13.650
18:39:19  IMU방향유효:1
18:39:19  IMU방향:72.7
18:39:19  방향가속도크기:9.42
18:39:19  방향자이로크기:1.45
18:39:19  방향자세cos:0.9823
18:39:19  자기모델잔차:3.38
18:39:19  자기모델반경:1.162
18:39:19  방향채택:16363
18:39:19  방향거부:102676
18:39:19  송신:9158
18:39:19  GPS위성:7
18:39:19  GPS_HDOP:2.43
18:39:19  원시위도:37.496585
18:39:19  원시경도:126.957898
18:39:19  GPS채택:1735
18:39:19  GPS이상치거부:7
18:39:19  GPS품질거부:7
18:39:19  GPS재기준:1
18:39:19  RSSI원시:-80
18:39:19  RSSI평활:-80.7
18:39:19  RSSI샘플:16856
18:39:19  RSSI경과ms:4
18:39:19  차량수신:8181
18:39:20  시각ms:957012
18:39:20  IMU시각ms:957000
18:39:20  위험:0
18:39:20  GPS유효:1
18:39:20  위도:37.496586
18:39:20  경도:126.957901
18:39:20  속도:0.073
18:39:20  방향:72.5
18:39:20  GPS원시속도:0.098
18:39:20  GPS원시방향유효:1
18:39:20  GPS원시방향:227.5
18:39:20  가속도:6.235,5.569,4.669
18:39:20  자이로:-1.206,0.718,-0.817
18:39:20  자력계:-27.300,96.750,-13.500
18:39:20  IMU방향유효:1
18:39:20  IMU방향:72.5
18:39:20  방향가속도크기:9.57
18:39:20  방향자이로크기:1.62
18:39:20  방향자세cos:0.9842
18:39:20  자기모델잔차:3.83
18:39:20  자기모델반경:1.144
18:39:20  방향채택:16368
18:39:20  방향거부:102736
18:39:20  송신:9163
18:39:20  GPS위성:7
18:39:20  GPS_HDOP:2.43
18:39:20  원시위도:37.496585
18:39:20  원시경도:126.957898
18:39:20  GPS채택:1735
18:39:20  GPS이상치거부:7
18:39:20  GPS품질거부:7
18:39:20  GPS재기준:1
18:39:20  RSSI원시:-79
18:39:20  RSSI평활:-79.8
18:39:20  RSSI샘플:16864
18:39:20  RSSI경과ms:50
18:39:20  차량수신:8186
18:39:20  시각ms:957324
18:39:20  IMU시각ms:957312
18:39:20  위험:0
18:39:20  GPS유효:1
18:39:20  위도:37.496586
18:39:20  경도:126.957901
18:39:20  속도:0.082
18:39:20  방향:72.1
18:39:20  GPS원시속도:0.098
18:39:20  GPS원시방향유효:1
18:39:20  GPS원시방향:227.5
18:39:20  가속도:6.244,5.636,4.549
18:39:20  자이로:2.015,-1.954,1.053
18:39:20  자력계:-28.200,95.400,-14.700
18:39:20  IMU방향유효:1
18:39:20  IMU방향:72.1
18:39:20  방향가속도크기:9.56
18:39:20  방향자이로크기:3.00
18:39:20  방향자세cos:0.9816
18:39:20  자기모델잔차:5.03
18:39:20  자기모델반경:1.155
18:39:20  방향채택:16372
18:39:20  방향거부:102771
18:39:20  송신:9166
18:39:20  GPS위성:7
18:39:20  GPS_HDOP:2.43
18:39:20  원시위도:37.496584
18:39:20  원시경도:126.957899
18:39:20  GPS채택:1736
18:39:20  GPS이상치거부:7
18:39:20  GPS품질거부:7
18:39:20  GPS재기준:1
18:39:20  RSSI원시:-77
18:39:20  RSSI평활:-78.7
18:39:20  RSSI샘플:16868
18:39:20  RSSI경과ms:3
18:39:20  차량수신:8188
18:39:20  시각ms:957429
18:39:20  IMU시각ms:957417
18:39:20  위험:0
18:39:20  GPS유효:1
18:39:20  위도:37.496586
18:39:20  경도:126.957901
18:39:20  속도:0.087
18:39:20  방향:72.1
18:39:20  GPS원시속도:0.098
18:39:20  GPS원시방향유효:1
18:39:20  GPS원시방향:227.5
18:39:20  가속도:6.297,5.507,4.702
18:39:20  자이로:-1.634,-2.168,2.275
18:39:20  자력계:-28.650,97.800,-13.950
18:39:20  IMU방향유효:1
18:39:20  IMU방향:72.1
18:39:20  방향가속도크기:9.60
18:39:20  방향자이로크기:3.54
18:39:20  방향자세cos:0.9847
18:39:20  자기모델잔차:5.03
18:39:20  자기모델반경:1.155
18:39:20  방향채택:16372
18:39:20  방향거부:102784
18:39:20  송신:9167
18:39:20  GPS위성:7
18:39:20  GPS_HDOP:2.43
18:39:20  원시위도:37.496584
18:39:20  원시경도:126.957899
18:39:20  GPS채택:1737
18:39:20  GPS이상치거부:7
18:39:20  GPS품질거부:7
18:39:20  GPS재기준:1
18:39:20  RSSI원시:-78
18:39:20  RSSI평활:-78.5
18:39:20  RSSI샘플:16869
18:39:20  RSSI경과ms:56
18:39:20  차량수신:8189
18:39:20  시각ms:957743
18:39:20  IMU시각ms:957731
18:39:20  위험:0
18:39:20  GPS유효:1
18:39:20  위도:37.496586
18:39:20  경도:126.957901
18:39:20  속도:0.087
18:39:20  방향:72.8
18:39:20  GPS원시속도:0.098
18:39:20  GPS원시방향유효:1
18:39:20  GPS원시방향:227.5
18:39:20  가속도:6.258,5.516,4.544
18:39:20  자이로:-1.023,-0.832,-0.969
18:39:20  자력계:-27.750,96.750,-13.800
18:39:20  IMU방향유효:1
18:39:20  IMU방향:72.8
18:39:20  방향가속도크기:9.50
18:39:20  방향자이로크기:1.64
18:39:20  방향자세cos:0.9823
18:39:20  자기모델잔차:3.65
18:39:20  자기모델반경:1.202
18:39:20  방향채택:16377
18:39:20  방향거부:102818
18:39:20  송신:9170
18:39:20  GPS위성:7
18:39:20  GPS_HDOP:2.43
18:39:20  원시위도:37.496584
18:39:20  원시경도:126.957899
18:39:20  GPS채택:1737
18:39:20  GPS이상치거부:7
18:39:20  GPS품질거부:7
18:39:20  GPS재기준:1
18:39:20  RSSI원시:-78
18:39:20  RSSI평활:-78.9
18:39:20  RSSI샘플:16876
18:39:20  RSSI경과ms:6
18:39:20  차량수신:8192
18:39:20  시각ms:957847
18:39:20  IMU시각ms:957835
18:39:20  위험:0
18:39:20  GPS유효:1
18:39:20  위도:37.496586
18:39:20  경도:126.957901
18:39:20  속도:0.087
18:39:20  방향:72.8
18:39:20  GPS원시속도:0.098
18:39:20  GPS원시방향유효:1
18:39:20  GPS원시방향:227.5
18:39:20  가속도:6.282,5.468,4.578
18:39:20  자이로:-1.489,0.122,1.115
18:39:20  자력계:-26.550,94.800,-15.300
18:39:20  IMU방향유효:1
18:39:20  IMU방향:72.8
18:39:20  방향가속도크기:9.50
18:39:20  방향자이로크기:1.86
18:39:20  방향자세cos:0.9830
18:39:20  자기모델잔차:3.65
18:39:20  자기모델반경:1.202
18:39:20  방향채택:16377
18:39:20  방향거부:102831
18:39:20  송신:9171
18:39:20  GPS위성:7
18:39:20  GPS_HDOP:2.43
18:39:20  원시위도:37.496584
18:39:20  원시경도:126.957899
18:39:20  GPS채택:1737
18:39:20  GPS이상치거부:7
18:39:20  GPS품질거부:7
18:39:20  GPS재기준:1
18:39:20  RSSI원시:-79
18:39:20  RSSI평활:-78.9
18:39:20  RSSI샘플:16877
18:39:20  RSSI경과ms:57
18:39:20  차량수신:8193
18:39:20  시각ms:957951
18:39:20  IMU시각ms:957939
18:39:20  위험:0
18:39:20  GPS유효:1
18:39:20  위도:37.496586
18:39:20  경도:126.957901
18:39:20  속도:0.087
18:39:20  방향:72.8
18:39:20  GPS원시속도:0.098
18:39:20  GPS원시방향유효:1
18:39:20  GPS원시방향:227.5
18:39:20  가속도:6.340,5.655,4.736
18:39:20  자이로:-0.802,-0.122,-0.489
18:39:20  자력계:-26.700,95.850,-14.400
18:39:20  IMU방향유효:1
18:39:20  IMU방향:72.8
18:39:20  방향가속도크기:9.73
18:39:20  방향자이로크기:0.95
18:39:20  방향자세cos:0.9840
18:39:20  자기모델잔차:3.65
18:39:20  자기모델반경:1.202
18:39:20  방향채택:16377
18:39:20  방향거부:102844
18:39:20  송신:9172
18:39:20  GPS위성:7
18:39:20  GPS_HDOP:2.43
18:39:20  원시위도:37.496584
18:39:20  원시경도:126.957899
18:39:20  GPS채택:1737
18:39:20  GPS이상치거부:7
18:39:20  GPS품질거부:7
18:39:20  GPS재기준:1
18:39:20  RSSI원시:-80
18:39:20  RSSI평활:-79.3
18:39:20  RSSI샘플:16880
18:39:20  RSSI경과ms:5
18:39:20  차량수신:8194
18:39:21  시각ms:958159
18:39:21  IMU시각ms:958147
18:39:21  위험:0
18:39:21  GPS유효:1
18:39:21  위도:37.496586
18:39:21  경도:126.957901
18:39:21  속도:0.087
18:39:21  방향:72.7
18:39:21  GPS원시속도:0.098
18:39:21  GPS원시방향유효:1
18:39:21  GPS원시방향:227.5
18:39:21  가속도:6.177,5.578,4.592
18:39:21  자이로:-1.466,-1.420,0.298
18:39:21  자력계:-25.650,94.650,-13.650
18:39:21  IMU방향유효:1
18:39:21  IMU방향:72.7
18:39:21  방향가속도크기:9.51
18:39:21  방향자이로크기:2.06
18:39:21  방향자세cos:0.9832
18:39:21  자기모델잔차:3.66
18:39:21  자기모델반경:1.157
18:39:21  방향채택:16378
18:39:21  방향거부:102869
18:39:21  송신:9174
18:39:21  GPS위성:7
18:39:21  GPS_HDOP:2.43
18:39:21  원시위도:37.496584
18:39:21  원시경도:126.957899
18:39:21  GPS채택:1737
18:39:21  GPS이상치거부:7
18:39:21  GPS품질거부:7
18:39:21  GPS재기준:1
18:39:21  RSSI원시:-81
18:39:21  RSSI평활:-79.9
18:39:21  RSSI샘플:16883
18:39:21  RSSI경과ms:52
18:39:21  차량수신:8196
18:39:22  시각ms:959306
18:39:22  IMU시각ms:959294
18:39:22  위험:0
18:39:22  GPS유효:1
18:39:22  위도:37.496582
18:39:22  경도:126.957901
18:39:22  속도:0.109
18:39:22  방향:72.4
18:39:22  GPS원시속도:0.077
18:39:22  GPS원시방향유효:1
18:39:22  GPS원시방향:227.5
18:39:22  가속도:6.153,5.550,4.515
18:39:22  자이로:-1.786,-1.840,0.260
18:39:22  자력계:-27.150,95.850,-15.150
18:39:22  IMU방향유효:1
18:39:22  IMU방향:72.4
18:39:22  방향가속도크기:9.44
18:39:22  방향자이로크기:2.58
18:39:22  방향자세cos:0.9822
18:39:22  자기모델잔차:2.95
18:39:22  자기모델반경:1.174
18:39:22  방향채택:16389
18:39:22  방향거부:103001
18:39:22  송신:9185
18:39:22  GPS위성:7
18:39:22  GPS_HDOP:2.43
18:39:22  원시위도:37.496580
18:39:22  원시경도:126.957900
18:39:22  GPS채택:1740
18:39:22  GPS이상치거부:7
18:39:22  GPS품질거부:7
18:39:22  GPS재기준:1
18:39:22  RSSI원시:-87
18:39:22  RSSI평활:-83.5
18:39:22  RSSI샘플:16898
18:39:22  RSSI경과ms:2
18:39:22  차량수신:8203
18:39:22  시각ms:959618
18:39:22  IMU시각ms:959606
18:39:22  위험:0
18:39:22  GPS유효:1
18:39:22  위도:37.496582
18:39:22  경도:126.957901
18:39:22  속도:0.098
18:39:22  방향:72.6
18:39:22  GPS원시속도:0.077
18:39:22  GPS원시방향유효:1
18:39:22  GPS원시방향:227.5
18:39:22  가속도:6.230,5.564,4.635
18:39:22  자이로:2.450,-3.374,-0.435
18:39:22  자력계:-25.950,96.150,-13.950
18:39:22  IMU방향유효:1
18:39:22  IMU방향:72.6
18:39:22  방향가속도크기:9.55
18:39:22  방향자이로크기:4.19
18:39:22  방향자세cos:0.9837
18:39:22  자기모델잔차:1.60
18:39:22  자기모델반경:1.159
18:39:22  방향채택:16397
18:39:22  방향거부:103032
18:39:22  송신:9188
18:39:22  GPS위성:8
18:39:22  GPS_HDOP:2.43
18:39:22  원시위도:37.496580
18:39:22  원시경도:126.957900
18:39:22  GPS채택:1741
18:39:22  GPS이상치거부:7
18:39:22  GPS품질거부:7
18:39:22  GPS재기준:1
18:39:22  RSSI원시:-81
18:39:22  RSSI평활:-83.0
18:39:22  RSSI샘플:16901
18:39:22  RSSI경과ms:2
18:39:22  차량수신:8204
18:39:22  시각ms:959826
18:39:22  IMU시각ms:959814
18:39:22  위험:0
18:39:22  GPS유효:1
18:39:22  위도:37.496582
18:39:22  경도:126.957901
18:39:22  속도:0.098
18:39:22  방향:72.4
18:39:22  GPS원시속도:0.077
18:39:22  GPS원시방향유효:1
18:39:22  GPS원시방향:227.5
18:39:22  가속도:6.258,5.626,4.664
18:39:22  자이로:-1.710,0.031,-0.504
18:39:22  자력계:-25.950,97.800,-14.400
18:39:22  IMU방향유효:1
18:39:22  IMU방향:72.4
18:39:22  방향가속도크기:9.62
18:39:22  방향자이로크기:1.78
18:39:22  방향자세cos:0.9835
18:39:22  자기모델잔차:3.74
18:39:22  자기모델반경:1.123
18:39:22  방향채택:16398
18:39:22  방향거부:103057
18:39:22  송신:9190
18:39:22  GPS위성:8
18:39:22  GPS_HDOP:2.43
18:39:22  원시위도:37.496580
18:39:22  원시경도:126.957900
18:39:22  GPS채택:1741
18:39:22  GPS이상치거부:7
18:39:22  GPS품질거부:7
18:39:22  GPS재기준:1
18:39:22  RSSI원시:-83
18:39:22  RSSI평활:-82.6
18:39:22  RSSI샘플:16905
18:39:22  RSSI경과ms:9
18:39:22  차량수신:8206
18:39:22  시각ms:959930
18:39:22  IMU시각ms:959918
18:39:22  위험:0
18:39:22  GPS유효:1
18:39:22  위도:37.496582
18:39:22  경도:126.957901
18:39:22  속도:0.098
18:39:22  방향:72.8
18:39:22  GPS원시속도:0.077
18:39:22  GPS원시방향유효:1
18:39:22  GPS원시방향:227.5
18:39:22  가속도:6.364,5.727,4.606
18:39:22  자이로:-0.099,1.710,-2.939
18:39:22  자력계:-25.800,97.200,-12.750
18:39:22  IMU방향유효:1
18:39:22  IMU방향:72.8
18:39:22  방향가속도크기:9.72
18:39:22  방향자이로크기:3.40
18:39:22  방향자세cos:0.9812
18:39:22  자기모델잔차:4.53
18:39:22  자기모델반경:1.112
18:39:22  방향채택:16399
18:39:22  방향거부:103069
18:39:22  송신:9191
18:39:22  GPS위성:8
18:39:22  GPS_HDOP:2.43
18:39:22  원시위도:37.496580
18:39:22  원시경도:126.957900
18:39:22  GPS채택:1741
18:39:22  GPS이상치거부:7
18:39:22  GPS품질거부:7
18:39:22  GPS재기준:1
18:39:22  RSSI원시:-82
18:39:22  RSSI평활:-82.1
18:39:22  RSSI샘플:16907
18:39:22  RSSI경과ms:8
18:39:22  차량수신:8207
18:39:23  시각ms:960555
18:39:23  IMU시각ms:960543
18:39:23  위험:0
18:39:23  GPS유효:1
18:39:23  위도:37.496578
18:39:23  경도:126.957901
18:39:23  속도:0.098
18:39:23  방향:72.8
18:39:23  GPS원시속도:0.098
18:39:23  GPS원시방향유효:1
18:39:23  GPS원시방향:227.5
18:39:23  가속도:6.335,5.497,4.697
18:39:23  자이로:-0.649,-0.122,-1.382
18:39:23  자력계:-26.550,97.950,-15.600
18:39:23  IMU방향유효:1
18:39:23  IMU방향:72.8
18:39:23  방향가속도크기:9.61
18:39:23  방향자이로크기:1.53
18:39:23  방향자세cos:0.9844
18:39:23  자기모델잔차:2.94
18:39:23  자기모델반경:1.148
18:39:23  방향채택:16401
18:39:23  방향거부:103145
18:39:23  송신:9197
18:39:23  GPS위성:7
18:39:23  GPS_HDOP:2.43
18:39:23  원시위도:37.496578
18:39:23  원시경도:126.957901
18:39:23  GPS채택:1743
18:39:23  GPS이상치거부:7
18:39:23  GPS품질거부:7
18:39:23  GPS재기준:1
18:39:23  RSSI원시:-84
18:39:23  RSSI평활:-81.3
18:39:23  RSSI샘플:16916
18:39:23  RSSI경과ms:42
18:39:23  차량수신:8211
18:39:23  시각ms:960763
18:39:23  IMU시각ms:960751
18:39:23  위험:0
18:39:23  GPS유효:1
18:39:23  위도:37.496578
18:39:23  경도:126.957901
18:39:23  속도:0.098
18:39:23  방향:71.4
18:39:23  GPS원시속도:0.098
18:39:23  GPS원시방향유효:1
18:39:23  GPS원시방향:227.5
18:39:23  가속도:6.153,5.440,4.535
18:39:23  자이로:-0.855,-0.840,-0.870
18:39:23  자력계:-25.800,97.500,-14.550
18:39:23  IMU방향유효:1
18:39:23  IMU방향:71.4
18:39:23  방향가속도크기:9.38
18:39:23  방향자이로크기:1.48
18:39:23  방향자세cos:0.9833
18:39:23  자기모델잔차:4.06
18:39:23  자기모델반경:1.156
18:39:23  방향채택:16402
18:39:23  방향거부:103170
18:39:23  송신:9199
18:39:23  GPS위성:7
18:39:23  GPS_HDOP:2.43
18:39:23  원시위도:37.496578
18:39:23  원시경도:126.957901
18:39:23  GPS채택:1743
18:39:23  GPS이상치거부:7
18:39:23  GPS품질거부:7
18:39:23  GPS재기준:1
18:39:23  RSSI원시:-80
18:39:23  RSSI평활:-80.6
18:39:23  RSSI샘플:16921
18:39:23  RSSI경과ms:3
18:39:23  차량수신:8213
18:39:23  시각ms:960867
18:39:23  IMU시각ms:960855
18:39:23  위험:0
18:39:23  GPS유효:1
18:39:23  위도:37.496578
18:39:23  경도:126.957901
18:39:23  속도:0.098
18:39:23  방향:71.4
18:39:23  GPS원시속도:0.098
18:39:23  GPS원시방향유효:1
18:39:23  GPS원시방향:227.5
18:39:23  가속도:6.278,5.669,4.568
18:39:23  자이로:-1.374,-0.954,-0.931
18:39:23  자력계:-27.300,95.250,-14.250
18:39:23  IMU방향유효:1
18:39:23  IMU방향:71.4
18:39:23  방향가속도크기:9.61
18:39:23  방향자이로크기:1.91
18:39:23  방향자세cos:0.9815
18:39:23  자기모델잔차:4.06
18:39:23  자기모델반경:1.156
18:39:23  방향채택:16402
18:39:23  방향거부:103183
18:39:23  송신:9200
18:39:23  GPS위성:7
18:39:23  GPS_HDOP:2.43
18:39:23  원시위도:37.496578
18:39:23  원시경도:126.957901
18:39:23  GPS채택:1743
18:39:23  GPS이상치거부:7
18:39:23  GPS품질거부:7
18:39:23  GPS재기준:1
18:39:23  RSSI원시:-80
18:39:23  RSSI평활:-80.6
18:39:23  RSSI샘플:16921
18:39:23  RSSI경과ms:107
18:39:23  차량수신:8213
18:39:24  시각ms:961075
18:39:24  IMU시각ms:961063
18:39:24  위험:0
18:39:24  GPS유효:1
18:39:24  위도:37.496578
18:39:24  경도:126.957901
18:39:24  속도:0.098
18:39:24  방향:70.6
18:39:24  GPS원시속도:0.098
18:39:24  GPS원시방향유효:1
18:39:24  GPS원시방향:227.5
18:39:24  가속도:6.235,5.531,4.659
18:39:24  자이로:-1.466,-1.588,1.313
18:39:24  자력계:-27.150,97.050,-15.450
18:39:24  IMU방향유효:1
18:39:24  IMU방향:70.6
18:39:24  방향가속도크기:9.55
18:39:24  방향자이로크기:2.53
18:39:24  방향자세cos:0.9842
18:39:24  자기모델잔차:3.94
18:39:24  자기모델반경:1.140
18:39:24  방향채택:16403
18:39:24  방향거부:103208
18:39:24  송신:9202
18:39:24  GPS위성:7
18:39:24  GPS_HDOP:2.43
18:39:24  원시위도:37.496578
18:39:24  원시경도:126.957901
18:39:24  GPS채택:1743
18:39:24  GPS이상치거부:7
18:39:24  GPS품질거부:7
18:39:24  GPS재기준:1
18:39:24  RSSI원시:-84
18:39:24  RSSI평활:-82.0
18:39:24  RSSI샘플:16923
18:39:24  RSSI경과ms:4
18:39:24  차량수신:8213
18:39:24  시각ms:961179
18:39:24  IMU시각ms:961167
18:39:24  위험:0
18:39:24  GPS유효:1
18:39:24  위도:37.496578
18:39:24  경도:126.957901
18:39:24  속도:0.098
18:39:24  방향:70.9
18:39:24  GPS원시속도:0.098
18:39:24  GPS원시방향유효:1
18:39:24  GPS원시방향:227.5
18:39:24  가속도:6.144,5.626,4.477
18:39:24  자이로:0.748,-0.298,-1.298
18:39:24  자력계:-26.700,95.850,-15.450
18:39:24  IMU방향유효:1
18:39:24  IMU방향:70.9
18:39:24  방향가속도크기:9.46
18:39:24  방향자이로크기:1.53
18:39:24  방향자세cos:0.9810
18:39:24  자기모델잔차:2.78
18:39:24  자기모델반경:1.153
18:39:24  방향채택:16405
18:39:24  방향거부:103219
18:39:24  송신:9203
18:39:24  GPS위성:7
18:39:24  GPS_HDOP:2.43
18:39:24  원시위도:37.496578
18:39:24  원시경도:126.957901
18:39:24  GPS채택:1743
18:39:24  GPS이상치거부:7
18:39:24  GPS품질거부:7
18:39:24  GPS재기준:1
18:39:24  RSSI원시:-84
18:39:24  RSSI평활:-82.0
18:39:24  RSSI샘플:16923
18:39:24  RSSI경과ms:108
18:39:24  차량수신:8213
18:39:24  시각ms:961804
18:39:24  IMU시각ms:961792
18:39:24  위험:0
18:39:24  GPS유효:1
18:39:24  위도:37.496578
18:39:24  경도:126.957901
18:39:24  속도:0.092
18:39:24  방향:70.5
18:39:24  GPS원시속도:0.087
18:39:24  GPS원시방향유효:1
18:39:24  GPS원시방향:227.5
18:39:24  가속도:6.282,5.540,4.616
18:39:24  자이로:0.244,-2.725,2.221
18:39:24  자력계:-27.300,95.700,-14.550
18:39:24  IMU방향유효:1
18:39:24  IMU방향:70.5
18:39:24  방향가속도크기:9.56
18:39:24  방향자이로크기:3.52
18:39:24  방향자세cos:0.9832
18:39:24  자기모델잔차:3.58
18:39:24  자기모델반경:1.133
18:39:24  방향채택:16408
18:39:24  방향거부:103294
18:39:24  송신:9209
18:39:24  GPS위성:7
18:39:24  GPS_HDOP:2.43
18:39:24  원시위도:37.496576
18:39:24  원시경도:126.957902
18:39:24  GPS채택:1745
18:39:24  GPS이상치거부:7
18:39:24  GPS품질거부:7
18:39:24  GPS재기준:1
18:39:24  RSSI원시:-77
18:39:24  RSSI평활:-80.9
18:39:24  RSSI샘플:16933
18:39:24  RSSI경과ms:7
18:39:24  차량수신:8216
18:39:25  시각ms:962012
18:39:25  IMU시각ms:962000
18:39:25  위험:0
18:39:25  GPS유효:1
18:39:25  위도:37.496578
18:39:25  경도:126.957901
18:39:25  속도:0.092
18:39:25  방향:71.0
18:39:25  GPS원시속도:0.087
18:39:25  GPS원시방향유효:1
18:39:25  GPS원시방향:227.5
18:39:25  가속도:6.464,5.583,4.635
18:39:25  자이로:0.107,1.672,-3.267
18:39:25  자력계:-27.000,97.500,-13.500
18:39:25  IMU방향유효:1
18:39:25  IMU방향:71.0
18:39:25  방향가속도크기:9.72
18:39:25  방향자이로크기:3.67
18:39:25  방향자세cos:0.9820
18:39:25  자기모델잔차:3.31
18:39:25  자기모델반경:1.154
18:39:25  방향채택:16409
18:39:25  방향거부:103319
18:39:25  송신:9211
18:39:25  GPS위성:7
18:39:25  GPS_HDOP:2.43
18:39:25  원시위도:37.496576
18:39:25  원시경도:126.957902
18:39:25  GPS채택:1745
18:39:25  GPS이상치거부:7
18:39:25  GPS품질거부:7
18:39:25  GPS재기준:1
18:39:25  RSSI원시:-80
18:39:25  RSSI평활:-80.6
18:39:25  RSSI샘플:16936
18:39:25  RSSI경과ms:2
18:39:25  차량수신:8217
18:39:25  시각ms:962430
18:39:25  IMU시각ms:962418
18:39:25  위험:0
18:39:25  GPS유효:1
18:39:25  위도:37.496574
18:39:25  경도:126.957901
18:39:25  속도:0.107
18:39:25  방향:71.4
18:39:25  GPS원시속도:0.118
18:39:25  GPS원시방향유효:1
18:39:25  GPS원시방향:227.5
18:39:25  가속도:6.244,5.641,4.664
18:39:25  자이로:0.557,-2.504,0.328
18:39:25  자력계:-26.400,96.600,-15.150
18:39:25  IMU방향유효:1
18:39:25  IMU방향:71.4
18:39:25  방향가속도크기:9.62
18:39:25  방향자이로크기:2.59
18:39:25  방향자세cos:0.9835
18:39:25  자기모델잔차:4.17
18:39:25  자기모델반경:1.111
18:39:25  방향채택:16411
18:39:25  방향거부:103369
18:39:25  송신:9215
18:39:25  GPS위성:7
18:39:25  GPS_HDOP:2.43
18:39:25  원시위도:37.496573
18:39:25  원시경도:126.957902
18:39:25  GPS채택:1747
18:39:25  GPS이상치거부:7
18:39:25  GPS품질거부:7
18:39:25  GPS재기준:1
18:39:25  RSSI원시:-79
18:39:25  RSSI평활:-79.1
18:39:25  RSSI샘플:16943
18:39:25  RSSI경과ms:39
18:39:25  차량수신:8221
18:39:26  시각ms:963158
18:39:26  IMU시각ms:963146
18:39:26  위험:0
18:39:26  GPS유효:1
18:39:26  위도:37.496574
18:39:26  경도:126.957901
18:39:26  속도:0.107
18:39:26  방향:72.3
18:39:26  GPS원시속도:0.118
18:39:26  GPS원시방향유효:1
18:39:26  GPS원시방향:227.5
18:39:26  가속도:6.249,5.488,4.568
18:39:26  자이로:-1.588,-1.015,-0.031
18:39:26  자력계:-29.400,97.350,-13.650
18:39:26  IMU방향유효:1
18:39:26  IMU방향:72.3
18:39:26  방향가속도크기:9.49
18:39:26  방향자이로크기:1.88
18:39:26  방향자세cos:0.9829
18:39:26  자기모델잔차:4.75
18:39:26  자기모델반경:1.179
18:39:26  방향채택:16418
18:39:26  방향거부:103453
18:39:26  송신:9222
18:39:26  GPS위성:7
18:39:26  GPS_HDOP:2.43
18:39:26  원시위도:37.496573
18:39:26  원시경도:126.957902
18:39:26  GPS채택:1747
18:39:26  GPS이상치거부:7
18:39:26  GPS품질거부:7
18:39:26  GPS재기준:1
18:39:26  RSSI원시:-79
18:39:26  RSSI평활:-79.8
18:39:26  RSSI샘플:16952
18:39:26  RSSI경과ms:3
18:39:26  차량수신:8224
18:39:26  시각ms:963262
18:39:26  IMU시각ms:963250
18:39:26  위험:0
18:39:26  GPS유효:1
18:39:26  위도:37.496571
18:39:26  경도:126.957901
18:39:26  속도:0.106
18:39:26  방향:72.6
18:39:26  GPS원시속도:0.103
18:39:26  GPS원시방향유효:1
18:39:26  GPS원시방향:227.5
18:39:26  가속도:6.302,5.578,4.549
18:39:26  자이로:-0.870,-2.328,0.672
18:39:26  자력계:-27.000,97.200,-14.250
18:39:26  IMU방향유효:1
18:39:26  IMU방향:72.6
18:39:26  방향가속도크기:9.57
18:39:26  방향자이로크기:2.57
18:39:26  방향자세cos:0.9816
18:39:26  자기모델잔차:4.48
18:39:26  자기모델반경:1.165
18:39:26  방향채택:16419
18:39:26  방향거부:103465
18:39:26  송신:9223
18:39:26  GPS위성:7
18:39:26  GPS_HDOP:2.43
18:39:26  원시위도:37.496569
18:39:26  원시경도:126.957898
18:39:26  GPS채택:1748
18:39:26  GPS이상치거부:7
18:39:26  GPS품질거부:7
18:39:26  GPS재기준:1
18:39:26  RSSI원시:-80
18:39:26  RSSI평활:-79.8
18:39:26  RSSI샘플:16953
18:39:26  RSSI경과ms:43
18:39:26  차량수신:8225
18:39:26  시각ms:963471
18:39:26  IMU시각ms:963459
18:39:26  위험:0
18:39:26  GPS유효:1
18:39:26  위도:37.496571
18:39:26  경도:126.957901
18:39:26  속도:0.105
18:39:26  방향:72.8
18:39:26  GPS원시속도:0.103
18:39:26  GPS원시방향유효:1
18:39:26  GPS원시방향:227.5
18:39:26  가속도:6.110,5.569,4.669
18:39:26  자이로:2.008,-1.405,-0.351
18:39:26  자력계:-25.500,96.450,-13.800
18:39:26  IMU방향유효:1
18:39:26  IMU방향:72.8
18:39:26  방향가속도크기:9.49
18:39:26  방향자이로크기:2.48
18:39:26  방향자세cos:0.9849
18:39:26  자기모델잔차:4.11
18:39:26  자기모델반경:1.149
18:39:26  방향채택:16424
18:39:26  방향거부:103486
18:39:26  송신:9225
18:39:26  GPS위성:8
18:39:26  GPS_HDOP:1.91
18:39:26  원시위도:37.496569
18:39:26  원시경도:126.957898
18:39:26  GPS채택:1749
18:39:26  GPS이상치거부:7
18:39:26  GPS품질거부:7
18:39:26  GPS재기준:1
18:39:26  RSSI원시:-75
18:39:26  RSSI평활:-77.9
18:39:26  RSSI샘플:16957
18:39:26  RSSI경과ms:6
18:39:26  차량수신:8227
18:39:26  시각ms:963783
18:39:26  IMU시각ms:963771
18:39:26  위험:0
18:39:26  GPS유효:1
18:39:26  위도:37.496571
18:39:26  경도:126.957901
18:39:26  속도:0.105
18:39:26  방향:72.3
18:39:26  GPS원시속도:0.103
18:39:26  GPS원시방향유효:1
18:39:26  GPS원시방향:227.5
18:39:26  가속도:6.187,5.564,4.630
18:39:26  자이로:1.603,-0.565,0.855
18:39:26  자력계:-25.050,96.450,-13.500
18:39:26  IMU방향유효:1
18:39:26  IMU방향:72.3
18:39:26  방향가속도크기:9.52
18:39:26  방향자이로크기:1.90
18:39:26  방향자세cos:0.9839
18:39:26  자기모델잔차:2.63
18:39:26  자기모델반경:1.156
18:39:26  방향채택:16429
18:39:26  방향거부:103520
18:39:26  송신:9228
18:39:26  GPS위성:8
18:39:26  GPS_HDOP:1.91
18:39:26  원시위도:37.496569
18:39:26  원시경도:126.957898
18:39:26  GPS채택:1749
18:39:26  GPS이상치거부:7
18:39:26  GPS품질거부:7
18:39:26  GPS재기준:1
18:39:26  RSSI원시:-78
18:39:26  RSSI평활:-78.6
18:39:26  RSSI샘플:16963
18:39:26  RSSI경과ms:2
18:39:26  차량수신:8230
18:39:26  시각ms:963887
18:39:26  IMU시각ms:963875
18:39:26  위험:0
18:39:26  GPS유효:1
18:39:26  위도:37.496571
18:39:26  경도:126.957901
18:39:26  속도:0.105
18:39:26  방향:72.2
18:39:26  GPS원시속도:0.103
18:39:26  GPS원시방향유효:1
18:39:26  GPS원시방향:227.5
18:39:26  가속도:6.201,5.545,4.650
18:39:26  자이로:-1.504,-2.198,-0.046
18:39:26  자력계:-26.550,95.250,-14.550
18:39:26  IMU방향유효:1
18:39:26  IMU방향:72.2
18:39:26  방향가속도크기:9.53
18:39:26  방향자이로크기:2.66
18:39:26  방향자세cos:0.9842
18:39:26  자기모델잔차:3.85
18:39:26  자기모델반경:1.139
18:39:26  방향채택:16430
18:39:26  방향거부:103532
18:39:26  송신:9229
18:39:26  GPS위성:8
18:39:26  GPS_HDOP:1.91
18:39:26  원시위도:37.496569
18:39:26  원시경도:126.957898
18:39:26  GPS채택:1749
18:39:26  GPS이상치거부:7
18:39:26  GPS품질거부:7
18:39:26  GPS재기준:1
18:39:26  RSSI원시:-79
18:39:26  RSSI평활:-78.6
18:39:26  RSSI샘플:16964
18:39:26  RSSI경과ms:47
18:39:26  차량수신:8231
18:39:27  시각ms:964199
18:39:27  IMU시각ms:964187
18:39:27  위험:0
18:39:27  GPS유효:1
18:39:27  위도:37.496571
18:39:27  경도:126.957901
18:39:27  속도:0.105
18:39:27  방향:72.2
18:39:27  GPS원시속도:0.103
18:39:27  GPS원시방향유효:1
18:39:27  GPS원시방향:227.5
18:39:27  가속도:6.297,5.646,4.544
18:39:27  자이로:-1.573,1.115,-0.130
18:39:27  자력계:-24.450,95.400,-14.700
18:39:27  IMU방향유효:1
18:39:27  IMU방향:72.2
18:39:27  방향가속도크기:9.60
18:39:27  방향자이로크기:1.93
18:39:27  방향자세cos:0.9811
18:39:27  자기모델잔차:3.85
18:39:27  자기모델반경:1.139
18:39:27  방향채택:16430
18:39:27  방향거부:103571
18:39:27  송신:9232
18:39:27  GPS위성:8
18:39:27  GPS_HDOP:1.91
18:39:27  원시위도:37.496569
18:39:27  원시경도:126.957898
18:39:27  GPS채택:1749
18:39:27  GPS이상치거부:7
18:39:27  GPS품질거부:7
18:39:27  GPS재기준:1
18:39:27  RSSI원시:-80
18:39:27  RSSI평활:-79.6
18:39:27  RSSI샘플:16967
18:39:27  RSSI경과ms:149
18:39:27  차량수신:8233
18:39:27  시각ms:964304
18:39:27  IMU시각ms:964292
18:39:27  위험:0
18:39:27  GPS유효:1
18:39:27  위도:37.496571
18:39:27  경도:126.957901
18:39:27  속도:0.108
18:39:27  방향:72.4
18:39:27  GPS원시속도:0.113
18:39:27  GPS원시방향유효:1
18:39:27  GPS원시방향:227.5
18:39:27  가속도:6.254,5.540,4.573
18:39:27  자이로:-1.527,-3.053,-0.931
18:39:27  자력계:-27.750,96.750,-15.300
18:39:27  IMU방향유효:1
18:39:27  IMU방향:72.4
18:39:27  방향가속도크기:9.52
18:39:27  방향자이로크기:3.54
18:39:27  방향자세cos:0.9826
18:39:27  자기모델잔차:3.98
18:39:27  자기모델반경:1.117
18:39:27  방향채택:16431
18:39:27  방향거부:103583
18:39:27  송신:9233
18:39:27  GPS위성:8
18:39:27  GPS_HDOP:1.91
18:39:27  원시위도:37.496567
18:39:27  원시경도:126.957897
18:39:27  GPS채택:1750
18:39:27  GPS이상치거부:7
18:39:27  GPS품질거부:7
18:39:27  GPS재기준:1
18:39:27  RSSI원시:-78
18:39:27  RSSI평활:-80.3
18:39:27  RSSI샘플:16969
18:39:27  RSSI경과ms:52
18:39:27  차량수신:8234
18:39:27  시각ms:964616
18:39:27  IMU시각ms:964604
18:39:27  위험:0
18:39:27  GPS유효:1
18:39:27  위도:37.496567
18:39:27  경도:126.957901
18:39:27  속도:0.110
18:39:27  방향:72.3
18:39:27  GPS원시속도:0.113
18:39:27  GPS원시방향유효:1
18:39:27  GPS원시방향:227.5
18:39:27  가속도:6.311,5.540,4.597
18:39:27  자이로:-0.855,-2.870,1.756
18:39:27  자력계:-25.800,96.450,-13.500
18:39:27  IMU방향유효:1
18:39:27  IMU방향:72.3
18:39:27  방향가속도크기:9.57
18:39:27  방향자이로크기:3.47
18:39:27  방향자세cos:0.9826
18:39:27  자기모델잔차:3.95
18:39:27  자기모델반경:1.158
18:39:27  방향채택:16432
18:39:27  방향거부:103621
18:39:27  송신:9236
18:39:27  GPS위성:8
18:39:27  GPS_HDOP:2.42
18:39:27  원시위도:37.496567
18:39:27  원시경도:126.957897
18:39:27  GPS채택:1751
18:39:27  GPS이상치거부:7
18:39:27  GPS품질거부:7
18:39:27  GPS재기준:1
18:39:27  RSSI원시:-78
18:39:27  RSSI평활:-78.8
18:39:27  RSSI샘플:16973
18:39:27  RSSI경과ms:107
18:39:27  차량수신:8235
18:39:28  시각ms:965137
18:39:28  IMU시각ms:965125
18:39:28  위험:0
18:39:28  GPS유효:1
18:39:28  위도:37.496567
18:39:28  경도:126.957893
18:39:28  속도:0.110
18:39:28  방향:72.3
18:39:28  GPS원시속도:0.113
18:39:28  GPS원시방향유효:1
18:39:28  GPS원시방향:227.5
18:39:28  가속도:6.235,5.516,4.568
18:39:28  자이로:0.237,-1.008,0.649
18:39:28  자력계:-25.800,97.500,-13.500
18:39:28  IMU방향유효:1
18:39:28  IMU방향:72.3
18:39:28  방향가속도크기:9.50
18:39:28  방향자이로크기:1.22
18:39:28  방향자세cos:0.9828
18:39:28  자기모델잔차:4.43
18:39:28  자기모델반경:1.181
18:39:28  방향채택:16436
18:39:28  방향거부:103682
18:39:28  송신:9241
18:39:28  GPS위성:8
18:39:28  GPS_HDOP:2.42
18:39:28  원시위도:37.496567
18:39:28  원시경도:126.957897
18:39:28  GPS채택:1751
18:39:28  GPS이상치거부:7
18:39:28  GPS품질거부:7
18:39:28  GPS재기준:1
18:39:28  RSSI원시:-79
18:39:28  RSSI평활:-78.3
18:39:28  RSSI샘플:16983
18:39:28  RSSI경과ms:6
18:39:28  차량수신:8239
18:39:28  시각ms:965553
18:39:28  IMU시각ms:965541
18:39:28  위험:0
18:39:28  GPS유효:1
18:39:28  위도:37.496567
18:39:28  경도:126.957893
18:39:28  속도:0.103
18:39:28  방향:71.6
18:39:28  GPS원시속도:0.098
18:39:28  GPS원시방향유효:1
18:39:28  GPS원시방향:227.5
18:39:28  가속도:6.369,5.617,4.525
18:39:28  자이로:-1.504,-0.588,-0.504
18:39:28  자력계:-26.400,95.850,-14.400
18:39:28  IMU방향유효:1
18:39:28  IMU방향:71.6
18:39:28  방향가속도크기:9.62
18:39:28  방향자이로크기:1.69
18:39:28  방향자세cos:0.9805
18:39:28  자기모델잔차:3.20
18:39:28  자기모델반경:1.138
18:39:28  방향채택:16437
18:39:28  방향거부:103733
18:39:28  송신:9245
18:39:28  GPS위성:8
18:39:28  GPS_HDOP:2.42
18:39:28  원시위도:37.496564
18:39:28  원시경도:126.957895
18:39:28  GPS채택:1753
18:39:28  GPS이상치거부:7
18:39:28  GPS품질거부:7
18:39:28  GPS재기준:1
18:39:28  RSSI원시:-78
18:39:28  RSSI평활:-77.0
18:39:28  RSSI샘플:16991
18:39:28  RSSI경과ms:3
18:39:28  차량수신:8243
18:39:28  시각ms:965865
18:39:28  IMU시각ms:965853
18:39:28  위험:0
18:39:28  GPS유효:1
18:39:28  위도:37.496567
18:39:28  경도:126.957893
18:39:28  속도:0.103
18:39:28  방향:72.4
18:39:28  GPS원시속도:0.098
18:39:28  GPS원시방향유효:1
18:39:28  GPS원시방향:227.5
18:39:28  가속도:6.182,5.602,4.492
18:39:28  자이로:-2.076,-0.160,-0.458
18:39:28  자력계:-27.300,97.200,-14.550
18:39:28  IMU방향유효:1
18:39:28  IMU방향:72.4
18:39:28  방향가속도크기:9.48
18:39:28  방향자이로크기:2.13
18:39:28  방향자세cos:0.9812
18:39:28  자기모델잔차:4.33
18:39:28  자기모델반경:1.127
18:39:28  방향채택:16440
18:39:28  방향거부:103769
18:39:28  송신:9248
18:39:28  GPS위성:8
18:39:28  GPS_HDOP:2.42
18:39:28  원시위도:37.496564
18:39:28  원시경도:126.957895
18:39:28  GPS채택:1753
18:39:28  GPS이상치거부:7
18:39:28  GPS품질거부:7
18:39:28  GPS재기준:1
18:39:28  RSSI원시:-77
18:39:28  RSSI평활:-78.2
18:39:28  RSSI샘플:16995
18:39:28  RSSI경과ms:1
18:39:28  차량수신:8244
18:39:29  시각ms:965969
18:39:29  IMU시각ms:965957
18:39:29  위험:0
18:39:29  GPS유효:1
18:39:29  위도:37.496567
18:39:29  경도:126.957893
18:39:29  속도:0.103
18:39:29  방향:72.4
18:39:29  GPS원시속도:0.098
18:39:29  GPS원시방향유효:1
18:39:29  GPS원시방향:227.5
18:39:29  가속도:6.239,5.612,4.621
18:39:29  자이로:0.145,-1.290,0.885
18:39:29  자력계:-25.050,96.750,-14.250
18:39:29  IMU방향유효:1
18:39:29  IMU방향:72.4
18:39:29  방향가속도크기:9.58
18:39:29  방향자이로크기:1.57
18:39:29  방향자세cos:0.9830
18:39:29  자기모델잔차:4.33
18:39:29  자기모델반경:1.127
18:39:29  방향채택:16440
18:39:29  방향거부:103782
18:39:29  송신:9249
18:39:29  GPS위성:8
18:39:29  GPS_HDOP:2.42
18:39:29  원시위도:37.496564
18:39:29  원시경도:126.957895
18:39:29  GPS채택:1753
18:39:29  GPS이상치거부:7
18:39:29  GPS품질거부:7
18:39:29  GPS재기준:1
18:39:29  RSSI원시:-79
18:39:29  RSSI평활:-78.4
18:39:29  RSSI샘플:16996
18:39:29  RSSI경과ms:38
18:39:29  차량수신:8245
18:39:29  시각ms:966177
18:39:29  IMU시각ms:966165
18:39:29  위험:0
18:39:29  GPS유효:1
18:39:29  위도:37.496567
18:39:29  경도:126.957893
18:39:29  속도:0.103
18:39:29  방향:72.1
18:39:29  GPS원시속도:0.098
18:39:29  GPS원시방향유효:1
18:39:29  GPS원시방향:227.5
18:39:29  가속도:6.249,5.574,4.621
18:39:29  자이로:1.023,-0.985,1.626
18:39:29  자력계:-26.550,95.700,-14.850
18:39:29  IMU방향유효:1
18:39:29  IMU방향:72.1
18:39:29  방향가속도크기:9.56
18:39:29  방향자이로크기:2.16
18:39:29  방향자세cos:0.9832
18:39:29  자기모델잔차:3.74
18:39:29  자기모델반경:1.159
18:39:29  방향채택:16442
18:39:29  방향거부:103806
18:39:29  송신:9251
18:39:29  GPS위성:8
18:39:29  GPS_HDOP:2.42
18:39:29  원시위도:37.496564
18:39:29  원시경도:126.957895
18:39:29  GPS채택:1753
18:39:29  GPS이상치거부:7
18:39:29  GPS품질거부:7
18:39:29  GPS재기준:1
18:39:29  RSSI원시:-78
18:39:29  RSSI평활:-77.0
18:39:29  RSSI샘플:17001
18:39:29  RSSI경과ms:4
18:39:29  차량수신:8247
18:39:30  시각ms:967323
18:39:30  IMU시각ms:967311
18:39:30  위험:0
18:39:30  GPS유효:1
18:39:30  위도:37.496559
18:39:30  경도:126.957893
18:39:30  속도:0.113
18:39:30  방향:72.1
18:39:30  GPS원시속도:0.103
18:39:30  GPS원시방향유효:1
18:39:30  GPS원시방향:227.5
18:39:30  가속도:6.378,5.674,4.630
18:39:30  자이로:-0.893,-3.618,2.122
18:39:30  자력계:-26.700,95.100,-14.400
18:39:30  IMU방향유효:1
18:39:30  IMU방향:72.1
18:39:30  방향가속도크기:9.71
18:39:30  방향자이로크기:4.29
18:39:30  방향자세cos:0.9819
18:39:30  자기모델잔차:3.39
18:39:30  자기모델반경:1.130
18:39:30  방향채택:16452
18:39:30  방향거부:103939
18:39:30  송신:9262
18:39:30  GPS위성:8
18:39:30  GPS_HDOP:2.42
18:39:30  원시위도:37.496558
18:39:30  원시경도:126.957891
18:39:30  GPS채택:1756
18:39:30  GPS이상치거부:7
18:39:30  GPS품질거부:7
18:39:30  GPS재기준:1
18:39:30  RSSI원시:-72
18:39:30  RSSI평활:-73.4
18:39:30  RSSI샘플:17020
18:39:30  RSSI경과ms:28
18:39:30  차량수신:8256
18:39:31  시각ms:968364
18:39:31  IMU시각ms:968352
18:39:31  위험:0
18:39:31  GPS유효:1
18:39:31  위도:37.496552
18:39:31  경도:126.957886
18:39:31  속도:0.103
18:39:31  방향:72.2
18:39:31  GPS원시속도:0.098
18:39:31  GPS원시방향유효:1
18:39:31  GPS원시방향:227.5
18:39:31  가속도:6.249,5.521,4.535
18:39:31  자이로:0.061,1.664,-0.824
18:39:31  자력계:-24.450,96.150,-13.650
18:39:31  IMU방향유효:1
18:39:31  IMU방향:72.2
18:39:31  방향가속도크기:9.49
18:39:31  방향자이로크기:1.86
18:39:31  방향자세cos:0.9821
18:39:31  자기모델잔차:5.04
18:39:31  자기모델반경:1.121
18:39:31  방향채택:16461
18:39:31  방향거부:104060
18:39:31  송신:9272
18:39:31  GPS위성:8
18:39:31  GPS_HDOP:1.43
18:39:31  원시위도:37.496549
18:39:31  원시경도:126.957885
18:39:31  GPS채택:1759
18:39:31  GPS이상치거부:7
18:39:31  GPS품질거부:7
18:39:31  GPS재기준:1
18:39:31  RSSI원시:-69
18:39:31  RSSI평활:-69.6
18:39:31  RSSI샘플:17041
18:39:31  RSSI경과ms:6
18:39:31  차량수신:8266
18:39:31  시각ms:968469
18:39:31  IMU시각ms:968457
18:39:31  위험:0
18:39:31  GPS유효:1
18:39:31  위도:37.496552
18:39:31  경도:126.957886
18:39:31  속도:0.103
18:39:31  방향:71.9
18:39:31  GPS원시속도:0.098
18:39:31  GPS원시방향유효:1
18:39:31  GPS원시방향:227.5
18:39:31  가속도:6.153,5.488,4.511
18:39:31  자이로:-2.015,0.237,-1.389
18:39:31  자력계:-26.700,95.850,-14.400
18:39:31  IMU방향유효:1
18:39:31  IMU방향:71.9
18:39:31  방향가속도크기:9.40
18:39:31  방향자이로크기:2.46
18:39:31  방향자세cos:0.9826
18:39:31  자기모델잔차:2.49
18:39:31  자기모델반경:1.109
18:39:31  방향채택:16463
18:39:31  방향거부:104071
18:39:31  송신:9273
18:39:31  GPS위성:8
18:39:31  GPS_HDOP:1.43
18:39:31  원시위도:37.496549
18:39:31  원시경도:126.957885
18:39:31  GPS채택:1759
18:39:31  GPS이상치거부:7
18:39:31  GPS품질거부:7
18:39:31  GPS재기준:1
18:39:31  RSSI원시:-70
18:39:31  RSSI평활:-69.7
18:39:31  RSSI샘플:17042
18:39:31  RSSI경과ms:17
18:39:31  차량수신:8267
18:39:31  시각ms:968574
18:39:31  IMU시각ms:968562
18:39:31  위험:0
18:39:31  GPS유효:1
18:39:31  위도:37.496552
18:39:31  경도:126.957886
18:39:31  속도:0.103
18:39:31  방향:71.9
18:39:31  GPS원시속도:0.098
18:39:31  GPS원시방향유효:1
18:39:31  GPS원시방향:227.5
18:39:31  가속도:6.187,5.602,4.702
18:39:31  자이로:-1.305,-2.893,0.412
18:39:31  자력계:-26.400,97.050,-14.700
18:39:31  IMU방향유효:1
18:39:31  IMU방향:71.9
18:39:31  방향가속도크기:9.58
18:39:31  방향자이로크기:3.20
18:39:31  방향자세cos:0.9847
18:39:31  자기모델잔차:4.47
18:39:31  자기모델반경:1.119
18:39:31  방향채택:16465
18:39:31  방향거부:104082
18:39:31  송신:9274
18:39:31  GPS위성:8
18:39:31  GPS_HDOP:1.43
18:39:31  원시위도:37.496549
18:39:31  원시경도:126.957885
18:39:31  GPS채택:1759
18:39:31  GPS이상치거부:7
18:39:31  GPS품질거부:7
18:39:31  GPS재기준:1
18:39:31  RSSI원시:-71
18:39:31  RSSI평활:-69.5
18:39:31  RSSI샘플:17045
18:39:31  RSSI경과ms:0
18:39:31  차량수신:8268
18:39:31  시각ms:968783
18:39:31  IMU시각ms:968771
18:39:31  위험:0
18:39:31  GPS유효:1
18:39:31  위도:37.496552
18:39:31  경도:126.957886
18:39:31  속도:0.103
18:39:31  방향:71.9
18:39:31  GPS원시속도:0.098
18:39:31  GPS원시방향유효:1
18:39:31  GPS원시방향:227.5
18:39:31  가속도:6.278,5.574,4.678
18:39:31  자이로:-0.756,-0.901,-2.160
18:39:31  자력계:-26.550,95.250,-14.850
18:39:31  IMU방향유효:1
18:39:31  IMU방향:71.9
18:39:31  방향가속도크기:9.61
18:39:31  방향자이로크기:2.46
18:39:31  방향자세cos:0.9840
18:39:31  자기모델잔차:3.46
18:39:31  자기모델반경:1.164
18:39:31  방향채택:16468
18:39:31  방향거부:104105
18:39:31  송신:9276
18:39:31  GPS위성:8
18:39:31  GPS_HDOP:1.43
18:39:31  원시위도:37.496549
18:39:31  원시경도:126.957885
18:39:31  GPS채택:1759
18:39:31  GPS이상치거부:7
18:39:31  GPS품질거부:7
18:39:31  GPS재기준:1
18:39:31  RSSI원시:-69
18:39:31  RSSI평활:-69.5
18:39:31  RSSI샘플:17049
18:39:31  RSSI경과ms:8
18:39:31  차량수신:8270
18:39:32  시각ms:968887
18:39:32  IMU시각ms:968875
18:39:32  위험:0
18:39:32  GPS유효:1
18:39:32  위도:37.496552
18:39:32  경도:126.957886
18:39:32  속도:0.103
18:39:32  방향:71.9
18:39:32  GPS원시속도:0.098
18:39:32  GPS원시방향유효:1
18:39:32  GPS원시방향:227.5
18:39:32  가속도:6.239,5.660,4.640
18:39:32  자이로:0.084,-1.809,0.878
18:39:32  자력계:-27.000,97.950,-13.500
18:39:32  IMU방향유효:1
18:39:32  IMU방향:71.9
18:39:32  방향가속도크기:9.62
18:39:32  방향자이로크기:2.01
18:39:32  방향자세cos:0.9830
18:39:32  자기모델잔차:3.46
18:39:32  자기모델반경:1.164
18:39:32  방향채택:16468
18:39:32  방향거부:104118
18:39:32  송신:9277
18:39:32  GPS위성:8
18:39:32  GPS_HDOP:1.43
18:39:32  원시위도:37.496549
18:39:32  원시경도:126.957885
18:39:32  GPS채택:1759
18:39:32  GPS이상치거부:7
18:39:32  GPS품질거부:7
18:39:32  GPS재기준:1
18:39:32  RSSI원시:-69
18:39:32  RSSI평활:-69.4
18:39:32  RSSI샘플:17050
18:39:32  RSSI경과ms:22
18:39:32  차량수신:8271
18:39:32  시각ms:969199
18:39:32  IMU시각ms:969187
18:39:32  위험:0
18:39:32  GPS유효:1
18:39:32  위도:37.496552
18:39:32  경도:126.957886
18:39:32  속도:0.103
18:39:32  방향:72.4
18:39:32  GPS원시속도:0.098
18:39:32  GPS원시방향유효:1
18:39:32  GPS원시방향:227.5
18:39:32  가속도:6.268,5.540,4.559
18:39:32  자이로:-2.618,-0.298,-1.298
18:39:32  자력계:-25.950,95.850,-14.400
18:39:32  IMU방향유효:1
18:39:32  IMU방향:72.4
18:39:32  방향가속도크기:9.53
18:39:32  방향자이로크기:2.94
18:39:32  방향자세cos:0.9823
18:39:32  자기모델잔차:3.04
18:39:32  자기모델반경:1.141
18:39:32  방향채택:16469
18:39:32  방향거부:104156
18:39:32  송신:9280
18:39:32  GPS위성:8
18:39:32  GPS_HDOP:1.43
18:39:32  원시위도:37.496549
18:39:32  원시경도:126.957885
18:39:32  GPS채택:1759
18:39:32  GPS이상치거부:7
18:39:32  GPS품질거부:7
18:39:32  GPS재기준:1
18:39:32  RSSI원시:-67
18:39:32  RSSI평활:-68.0
18:39:32  RSSI샘플:17056
18:39:32  RSSI경과ms:20
18:39:32  차량수신:8274
18:39:32  시각ms:969304
18:39:32  IMU시각ms:969292
18:39:32  위험:0
18:39:32  GPS유효:1
18:39:32  위도:37.496552
18:39:32  경도:126.957886
18:39:32  속도:0.108
18:39:32  방향:72.4
18:39:32  GPS원시속도:0.118
18:39:32  GPS원시방향유효:1
18:39:32  GPS원시방향:227.5
18:39:32  가속도:6.311,5.583,4.602
18:39:32  자이로:-0.794,-3.374,-0.840
18:39:32  자력계:-25.050,96.000,-13.500
18:39:32  IMU방향유효:1
18:39:32  IMU방향:72.4
18:39:32  방향가속도크기:9.60
18:39:32  방향자이로크기:3.57
18:39:32  방향자세cos:0.9825
18:39:32  자기모델잔차:3.04
18:39:32  자기모델반경:1.141
18:39:32  방향채택:16469
18:39:32  방향거부:104169
18:39:32  송신:9281
18:39:32  GPS위성:8
18:39:32  GPS_HDOP:1.43
18:39:32  원시위도:37.496547
18:39:32  원시경도:126.957884
18:39:32  GPS채택:1760
18:39:32  GPS이상치거부:7
18:39:32  GPS품질거부:7
18:39:32  GPS재기준:1
18:39:32  RSSI원시:-69
18:39:32  RSSI평활:-68.2
18:39:32  RSSI샘플:17058
18:39:32  RSSI경과ms:19
18:39:32  차량수신:8275
18:39:33  시각ms:970137
18:39:33  IMU시각ms:970125
18:39:33  위험:0
18:39:33  GPS유효:1
18:39:33  위도:37.496548
18:39:33  경도:126.957886
18:39:33  속도:0.112
18:39:33  방향:71.7
18:39:33  GPS원시속도:0.118
18:39:33  GPS원시방향유효:1
18:39:33  GPS원시방향:227.5
18:39:33  가속도:6.302,5.722,4.616
18:39:33  자이로:-1.076,1.588,-1.534
18:39:33  자력계:-26.250,98.400,-14.550
18:39:33  IMU방향유효:1
18:39:33  IMU방향:71.7
18:39:33  방향가속도크기:9.68
18:39:33  방향자이로크기:2.46
18:39:33  방향자세cos:0.9818
18:39:33  자기모델잔차:5.25
18:39:33  자기모델반경:1.143
18:39:33  방향채택:16479
18:39:33  방향거부:104263
18:39:33  송신:9289
18:39:33  GPS위성:7
18:39:33  GPS_HDOP:2.42
18:39:33  원시위도:37.496547
18:39:33  원시경도:126.957884
18:39:33  GPS채택:1761
18:39:33  GPS이상치거부:7
18:39:33  GPS품질거부:7
18:39:33  GPS재기준:1
18:39:33  RSSI원시:-68
18:39:33  RSSI평활:-67.9
18:39:33  RSSI샘플:17072
18:39:33  RSSI경과ms:16
18:39:33  차량수신:8281
18:39:33  시각ms:970345
18:39:33  IMU시각ms:970333
18:39:33  위험:0
18:39:33  GPS유효:1
18:39:33  위도:37.496540
18:39:33  경도:126.957878
18:39:33  속도:0.124
18:39:33  방향:71.7
18:39:33  GPS원시속도:0.134
18:39:33  GPS원시방향유효:1
18:39:33  GPS원시방향:227.5
18:39:33  가속도:6.201,5.593,4.568
18:39:33  자이로:-1.794,-2.191,4.252
18:39:33  자력계:-25.950,96.150,-13.200
18:39:33  IMU방향유효:1
18:39:33  IMU방향:71.7
18:39:33  방향가속도크기:9.52
18:39:33  방향자이로크기:5.11
18:39:33  방향자세cos:0.9825
18:39:33  자기모델잔차:5.25
18:39:33  자기모델반경:1.143
18:39:33  방향채택:16479
18:39:33  방향거부:104289
18:39:33  송신:9291
18:39:33  GPS위성:7
18:39:33  GPS_HDOP:1.43
18:39:33  원시위도:37.496538
18:39:33  원시경도:126.957879
18:39:33  GPS채택:1763
18:39:33  GPS이상치거부:7
18:39:33  GPS품질거부:7
18:39:33  GPS재기준:1
18:39:33  RSSI원시:-70
18:39:33  RSSI평활:-68.8
18:39:33  RSSI샘플:17075
18:39:33  RSSI경과ms:104
18:39:33  차량수신:8282
18:39:33  시각ms:970658
18:39:33  IMU시각ms:970646
18:39:33  위험:0
18:39:33  GPS유효:1
18:39:33  위도:37.496540
18:39:33  경도:126.957878
18:39:33  속도:0.124
18:39:33  방향:71.7
18:39:33  GPS원시속도:0.134
18:39:33  GPS원시방향유효:1
18:39:33  GPS원시방향:227.5
18:39:33  가속도:6.115,5.502,4.712
18:39:33  자이로:0.824,-1.863,-0.298
18:39:33  자력계:-25.800,97.500,-13.500
18:39:33  IMU방향유효:1
18:39:33  IMU방향:71.7
18:39:33  방향가속도크기:9.48
18:39:33  방향자이로크기:2.06
18:39:33  방향자세cos:0.9860
18:39:33  자기모델잔차:3.23
18:39:33  자기모델반경:1.170
18:39:33  방향채택:16481
18:39:33  방향거부:104326
18:39:33  송신:9294
18:39:33  GPS위성:7
18:39:33  GPS_HDOP:1.43
18:39:33  원시위도:37.496538
18:39:33  원시경도:126.957879
18:39:33  GPS채택:1763
18:39:33  GPS이상치거부:7
18:39:33  GPS품질거부:7
18:39:33  GPS재기준:1
18:39:33  RSSI원시:-75
18:39:33  RSSI평활:-71.9
18:39:33  RSSI샘플:17082
18:39:33  RSSI경과ms:2
18:39:33  차량수신:8286
18:39:34  시각ms:971178
18:39:34  IMU시각ms:971166
18:39:34  위험:0
18:39:34  GPS유효:1
18:39:34  위도:37.496540
18:39:34  경도:126.957878
18:39:34  속도:0.124
18:39:34  방향:71.9
18:39:34  GPS원시속도:0.134
18:39:34  GPS원시방향유효:1
18:39:34  GPS원시방향:227.5
18:39:34  가속도:6.105,5.425,4.554
18:39:34  자이로:1.107,-0.397,1.252
18:39:34  자력계:-27.900,97.350,-13.950
18:39:34  IMU방향유효:1
18:39:34  IMU방향:71.9
18:39:34  방향가속도크기:9.35
18:39:34  방향자이로크기:1.72
18:39:34  방향자세cos:0.9840
18:39:34  자기모델잔차:2.98
18:39:34  자기모델반경:1.185
18:39:34  방향채택:16488
18:39:34  방향거부:104384
18:39:34  송신:9299
18:39:34  GPS위성:7
18:39:34  GPS_HDOP:1.43
18:39:34  원시위도:37.496538
18:39:34  원시경도:126.957879
18:39:34  GPS채택:1763
18:39:34  GPS이상치거부:7
18:39:34  GPS품질거부:7
18:39:34  GPS재기준:1
18:39:34  RSSI원시:-74
18:39:34  RSSI평활:-73.9
18:39:34  RSSI샘플:17091
18:39:34  RSSI경과ms:9
18:39:34  차량수신:8291
18:39:34  시각ms:971283
18:39:34  IMU시각ms:971271
18:39:34  위험:0
18:39:34  GPS유효:1
18:39:34  위도:37.496536
18:39:34  경도:126.957878
18:39:34  속도:0.131
18:39:34  방향:71.9
18:39:34  GPS원시속도:0.144
18:39:34  GPS원시방향유효:1
18:39:34  GPS원시방향:227.5
18:39:34  가속도:6.278,5.602,4.626
18:39:34  자이로:0.641,-0.405,-2.229
18:39:34  자력계:-25.800,96.000,-13.800
18:39:34  IMU방향유효:1
18:39:34  IMU방향:71.9
18:39:34  방향가속도크기:9.60
18:39:34  방향자이로크기:2.35
18:39:34  방향자세cos:0.9829
18:39:34  자기모델잔차:2.98
18:39:34  자기모델반경:1.185
18:39:34  방향채택:16488
18:39:34  방향거부:104397
18:39:34  송신:9300
18:39:34  GPS위성:7
18:39:34  GPS_HDOP:1.43
18:39:34  원시위도:37.496530
18:39:34  원시경도:126.957874
18:39:34  GPS채택:1764
18:39:34  GPS이상치거부:7
18:39:34  GPS품질거부:7
18:39:34  GPS재기준:1
18:39:34  RSSI원시:-76
18:39:34  RSSI평활:-74.2
18:39:34  RSSI샘플:17093
18:39:34  RSSI경과ms:2
18:39:34  차량수신:8291
18:39:35  시각ms:972115
18:39:35  IMU시각ms:972103
18:39:35  위험:0
18:39:35  GPS유효:1
18:39:35  위도:37.496532
18:39:35  경도:126.957878
18:39:35  속도:0.136
18:39:35  방향:72.3
18:39:35  GPS원시속도:0.144
18:39:35  GPS원시방향유효:1
18:39:35  GPS원시방향:227.5
18:39:35  가속도:6.330,5.612,4.597
18:39:35  자이로:-1.130,-0.985,-2.038
18:39:35  자력계:-25.800,96.450,-13.800
18:39:35  IMU방향유효:1
18:39:35  IMU방향:72.3
18:39:35  방향가속도크기:9.63
18:39:35  방향자이로크기:2.53
18:39:35  방향자세cos:0.9821
18:39:35  자기모델잔차:2.10
18:39:35  자기모델반경:1.171
18:39:35  방향채택:16493
18:39:35  방향거부:104496
18:39:35  송신:9308
18:39:35  GPS위성:7
18:39:35  GPS_HDOP:1.43
18:39:35  원시위도:37.496530
18:39:35  원시경도:126.957874
18:39:35  GPS채택:1765
18:39:35  GPS이상치거부:7
18:39:35  GPS품질거부:7
18:39:35  GPS재기준:1
18:39:35  RSSI원시:-76
18:39:35  RSSI평활:-75.5
18:39:35  RSSI샘플:17105
18:39:35  RSSI경과ms:2
18:39:35  차량수신:8295
18:39:35  시각ms:972428
18:39:35  IMU시각ms:972416
18:39:35  위험:0
18:39:35  GPS유효:1
18:39:35  위도:37.496529
18:39:35  경도:126.957870
18:39:35  속도:0.129
18:39:35  방향:72.4
18:39:35  GPS원시속도:0.123
18:39:35  GPS원시방향유효:1
18:39:35  GPS원시방향:227.5
18:39:35  가속도:6.302,5.507,4.602
18:39:35  자이로:-0.084,-2.023,1.779
18:39:35  자력계:-25.950,97.050,-14.400
18:39:35  IMU방향유효:1
18:39:35  IMU방향:72.4
18:39:35  방향가속도크기:9.55
18:39:35  방향자이로크기:2.69
18:39:35  방향자세cos:0.9830
18:39:35  자기모델잔차:4.39
18:39:35  자기모델반경:1.099
18:39:35  방향채택:16494
18:39:35  방향거부:104534
18:39:35  송신:9311
18:39:35  GPS위성:7
18:39:35  GPS_HDOP:2.42
18:39:35  원시위도:37.496526
18:39:35  원시경도:126.957873
18:39:35  GPS채택:1767
18:39:35  GPS이상치거부:7
18:39:35  GPS품질거부:7
18:39:35  GPS재기준:1
18:39:35  RSSI원시:-76
18:39:35  RSSI평활:-76.1
18:39:35  RSSI샘플:17110
18:39:35  RSSI경과ms:4
18:39:35  차량수신:8297
18:39:35  시각ms:972740
18:39:35  IMU시각ms:972728
18:39:35  위험:0
18:39:35  GPS유효:1
18:39:35  위도:37.496529
18:39:35  경도:126.957870
18:39:35  속도:0.129
18:39:35  방향:71.9
18:39:35  GPS원시속도:0.123
18:39:35  GPS원시방향유효:1
18:39:35  GPS원시방향:227.5
18:39:35  가속도:6.148,5.526,4.721
18:39:35  자이로:-0.740,0.015,-0.557
18:39:35  자력계:-26.550,97.950,-14.850
18:39:35  IMU방향유효:1
18:39:35  IMU방향:71.9
18:39:35  방향가속도크기:9.52
18:39:35  방향자이로크기:0.93
18:39:35  방향자세cos:0.9858
18:39:35  자기모델잔차:3.46
18:39:35  자기모델반경:1.172
18:39:35  방향채택:16496
18:39:35  방향거부:104571
18:39:35  송신:9314
18:39:35  GPS위성:7
18:39:35  GPS_HDOP:2.42
18:39:35  원시위도:37.496526
18:39:35  원시경도:126.957873
18:39:35  GPS채택:1767
18:39:35  GPS이상치거부:7
18:39:35  GPS품질거부:7
18:39:35  GPS재기준:1
18:39:35  RSSI원시:-78
18:39:35  RSSI평활:-77.3
18:39:35  RSSI샘플:17114
18:39:35  RSSI경과ms:92
18:39:35  차량수신:8300
18:39:36  시각ms:972948
18:39:36  IMU시각ms:972936
18:39:36  위험:0
18:39:36  GPS유효:1
18:39:36  위도:37.496529
18:39:36  경도:126.957870
18:39:36  속도:0.129
18:39:36  방향:71.8
18:39:36  GPS원시속도:0.123
18:39:36  GPS원시방향유효:1
18:39:36  GPS원시방향:227.5
18:39:36  가속도:6.306,5.468,4.640
18:39:36  자이로:1.183,-2.137,1.061
18:39:36  자력계:-26.400,97.800,-14.400
18:39:36  IMU방향유효:1
18:39:36  IMU방향:71.8
18:39:36  방향가속도크기:9.55
18:39:36  방향자이로크기:2.66
18:39:36  방향자세cos:0.9838
18:39:36  자기모델잔차:3.33
18:39:36  자기모델반경:1.169
18:39:36  방향채택:16498
18:39:36  방향거부:104595
18:39:36  송신:9316
18:39:36  GPS위성:7
18:39:36  GPS_HDOP:2.42
18:39:36  원시위도:37.496526
18:39:36  원시경도:126.957873
18:39:36  GPS채택:1767
18:39:36  GPS이상치거부:7
18:39:36  GPS품질거부:7
18:39:36  GPS재기준:1
18:39:36  RSSI원시:-77
18:39:36  RSSI평활:-76.8
18:39:36  RSSI샘플:17118
18:39:36  RSSI경과ms:83
18:39:36  차량수신:8302
18:39:36  시각ms:973156
18:39:36  IMU시각ms:973144
18:39:36  위험:0
18:39:36  GPS유효:1
18:39:36  위도:37.496529
18:39:36  경도:126.957870
18:39:36  속도:0.129
18:39:36  방향:71.8
18:39:36  GPS원시속도:0.123
18:39:36  GPS원시방향유효:1
18:39:36  GPS원시방향:227.5
18:39:36  가속도:6.359,5.631,4.520
18:39:36  자이로:-0.618,-2.489,0.290
18:39:36  자력계:-25.800,97.500,-13.050
18:39:36  IMU방향유효:1
18:39:36  IMU방향:71.8
18:39:36  방향가속도크기:9.62
18:39:36  방향자이로크기:2.58
18:39:36  방향자세cos:0.9804
18:39:36  자기모델잔차:4.77
18:39:36  자기모델반경:1.121
18:39:36  방향채택:16499
18:39:36  방향거부:104620
18:39:36  송신:9318
18:39:36  GPS위성:7
18:39:36  GPS_HDOP:2.42
18:39:36  원시위도:37.496526
18:39:36  원시경도:126.957873
18:39:36  GPS채택:1767
18:39:36  GPS이상치거부:7
18:39:36  GPS품질거부:7
18:39:36  GPS재기준:1
18:39:36  RSSI원시:-78
18:39:36  RSSI평활:-77.4
18:39:36  RSSI샘플:17122
18:39:36  RSSI경과ms:1
18:39:36  차량수신:8303
18:39:36  시각ms:973365
18:39:36  IMU시각ms:973353
18:39:36  위험:0
18:39:36  GPS유효:1
18:39:36  위도:37.496521
18:39:36  경도:126.957870
18:39:36  속도:0.138
18:39:36  방향:71.7
18:39:36  GPS원시속도:0.144
18:39:36  GPS원시방향유효:1
18:39:36  GPS원시방향:227.5
18:39:36  가속도:6.292,5.646,4.616
18:39:36  자이로:0.519,-1.000,1.992
18:39:36  자력계:-25.800,96.750,-12.300
18:39:36  IMU방향유효:1
18:39:36  IMU방향:71.7
18:39:36  방향가속도크기:9.63
18:39:36  방향자이로크기:2.29
18:39:36  방향자세cos:0.9824
18:39:36  자기모델잔차:5.94
18:39:36  자기모델반경:1.131
18:39:36  방향채택:16501
18:39:36  방향거부:104644
18:39:36  송신:9320
18:39:36  GPS위성:7
18:39:36  GPS_HDOP:1.43
18:39:36  원시위도:37.496516
18:39:36  원시경도:126.957868
18:39:36  GPS채택:1769
18:39:36  GPS이상치거부:7
18:39:36  GPS품질거부:7
18:39:36  GPS재기준:1
18:39:36  RSSI원시:-80
18:39:36  RSSI평활:-78.3
18:39:36  RSSI샘플:17126
18:39:36  RSSI경과ms:0
18:39:36  차량수신:8305
18:39:36  시각ms:973469
18:39:36  IMU시각ms:973457
18:39:36  위험:0
18:39:36  GPS유효:1
18:39:36  위도:37.496521
18:39:36  경도:126.957870
18:39:36  속도:0.138
18:39:36  방향:71.7
18:39:36  GPS원시속도:0.144
18:39:36  GPS원시방향유효:1
18:39:36  GPS원시방향:227.5
18:39:36  가속도:6.297,5.540,4.611
18:39:36  자이로:0.153,-2.191,1.321
18:39:36  자력계:-26.700,97.350,-14.700
18:39:36  IMU방향유효:1
18:39:36  IMU방향:71.7
18:39:36  방향가속도크기:9.57
18:39:36  방향자이로크기:2.56
18:39:36  방향자세cos:0.9830
18:39:36  자기모델잔차:5.94
18:39:36  자기모델반경:1.131
18:39:36  방향채택:16501
18:39:36  방향거부:104657
18:39:36  송신:9321
18:39:36  GPS위성:7
18:39:36  GPS_HDOP:1.43
18:39:36  원시위도:37.496516
18:39:36  원시경도:126.957868
18:39:36  GPS채택:1769
18:39:36  GPS이상치거부:7
18:39:36  GPS품질거부:7
18:39:36  GPS재기준:1
18:39:36  RSSI원시:-78
18:39:36  RSSI평활:-78.2
18:39:36  RSSI샘플:17127
18:39:36  RSSI경과ms:81
18:39:36  차량수신:8306
18:39:36  시각ms:973781
18:39:36  IMU시각ms:973769
18:39:36  위험:0
18:39:36  GPS유효:1
18:39:36  위도:37.496521
18:39:36  경도:126.957870
18:39:36  속도:0.138
18:39:36  방향:72.4
18:39:36  GPS원시속도:0.144
18:39:36  GPS원시방향유효:1
18:39:36  GPS원시방향:227.5
18:39:36  가속도:6.359,5.569,4.678
18:39:36  자이로:-0.160,-1.237,1.321
18:39:36  자력계:-25.050,97.950,-14.250
18:39:36  IMU방향유효:1
18:39:36  IMU방향:72.4
18:39:36  방향가속도크기:9.66
18:39:36  방향자이로크기:1.82
18:39:36  방향자세cos:0.9835
18:39:36  자기모델잔차:3.93
18:39:36  자기모델반경:1.198
18:39:36  방향채택:16505
18:39:36  방향거부:104692
18:39:36  송신:9324
18:39:36  GPS위성:7
18:39:36  GPS_HDOP:1.43
18:39:36  원시위도:37.496516
18:39:36  원시경도:126.957868
18:39:36  GPS채택:1769
18:39:36  GPS이상치거부:7
18:39:36  GPS품질거부:7
18:39:36  GPS재기준:1
18:39:36  RSSI원시:-77
18:39:36  RSSI평활:-78.4
18:39:36  RSSI샘플:17131
18:39:36  RSSI경과ms:78
18:39:36  차량수신:8308
18:39:37  시각ms:973885
18:39:37  IMU시각ms:973873
18:39:37  위험:0
18:39:37  GPS유효:1
18:39:37  위도:37.496521
18:39:37  경도:126.957870
18:39:37  속도:0.138
18:39:37  방향:72.2
18:39:37  GPS원시속도:0.144
18:39:37  GPS원시방향유효:1
18:39:37  GPS원시방향:227.5
18:39:37  가속도:6.349,5.602,4.583
18:39:37  자이로:-2.924,-1.053,-3.130
18:39:37  자력계:-25.950,97.350,-13.650
18:39:37  IMU방향유효:1
18:39:37  IMU방향:72.2
18:39:37  방향가속도크기:9.63
18:39:37  방향자이로크기:4.41
18:39:37  방향자세cos:0.9817
18:39:37  자기모델잔차:3.56
18:39:37  자기모델반경:1.118
18:39:37  방향채택:16506
18:39:37  방향거부:104704
18:39:37  송신:9325
18:39:37  GPS위성:7
18:39:37  GPS_HDOP:1.43
18:39:37  원시위도:37.496516
18:39:37  원시경도:126.957868
18:39:37  GPS채택:1769
18:39:37  GPS이상치거부:7
18:39:37  GPS품질거부:7
18:39:37  GPS재기준:1
18:39:37  RSSI원시:-79
18:39:37  RSSI평활:-78.4
18:39:37  RSSI샘플:17134
18:39:37  RSSI경과ms:3
18:39:37  차량수신:8309
18:39:37  시각ms:974093
18:39:37  IMU시각ms:974081
18:39:37  위험:0
18:39:37  GPS유효:1
18:39:37  위도:37.496521
18:39:37  경도:126.957870
18:39:37  속도:0.138
18:39:37  방향:72.2
18:39:37  GPS원시속도:0.144
18:39:37  GPS원시방향유효:1
18:39:37  GPS원시방향:227.5
18:39:37  가속도:6.239,5.674,4.501
18:39:37  자이로:-0.863,-1.183,0.076
18:39:37  자력계:-24.750,96.750,-12.300
18:39:37  IMU방향유효:1
18:39:37  IMU방향:72.2
18:39:37  방향가속도크기:9.56
18:39:37  방향자이로크기:1.47
18:39:37  방향자세cos:0.9805
18:39:37  자기모델잔차:3.04
18:39:37  자기모델반경:1.080
18:39:37  방향채택:16508
18:39:37  방향거부:104728
18:39:37  송신:9327
18:39:37  GPS위성:7
18:39:37  GPS_HDOP:1.43
18:39:37  원시위도:37.496516
18:39:37  원시경도:126.957868
18:39:37  GPS채택:1769
18:39:37  GPS이상치거부:7
18:39:37  GPS품질거부:7
18:39:37  GPS재기준:1
18:39:37  RSSI원시:-79
18:39:37  RSSI평활:-78.6
18:39:37  RSSI샘플:17137
18:39:37  RSSI경과ms:77
18:39:37  차량수신:8311
18:39:37  시각ms:974197
18:39:37  IMU시각ms:974185
18:39:37  위험:0
18:39:37  GPS유효:1
18:39:37  위도:37.496517
18:39:37  경도:126.957870
18:39:37  속도:0.138
18:39:37  방향:72.2
18:39:37  GPS원시속도:0.144
18:39:37  GPS원시방향유효:1
18:39:37  GPS원시방향:227.5
18:39:37  가속도:6.225,5.545,4.597
18:39:37  자이로:-1.603,-1.931,1.427
18:39:37  자력계:-27.000,95.700,-13.800
18:39:37  IMU방향유효:1
18:39:37  IMU방향:72.2
18:39:37  방향가속도크기:9.52
18:39:37  방향자이로크기:2.89
18:39:37  방향자세cos:0.9832
18:39:37  자기모델잔차:3.04
18:39:37  자기모델반경:1.080
18:39:37  방향채택:16508
18:39:37  방향거부:104741
18:39:37  송신:9328
18:39:37  GPS위성:7
18:39:37  GPS_HDOP:1.43
18:39:37  원시위도:37.496516
18:39:37  원시경도:126.957868
18:39:37  GPS채택:1769
18:39:37  GPS이상치거부:7
18:39:37  GPS품질거부:7
18:39:37  GPS재기준:1
18:39:37  RSSI원시:-79
18:39:37  RSSI평활:-78.6
18:39:37  RSSI샘플:17139
18:39:37  RSSI경과ms:71
18:39:37  차량수신:8312
