18:39:17  시각ms:960668
18:39:17  IMU시각ms:960668
18:39:17  위험:0
18:39:17  원시위험:0
18:39:17  GPS유효:1
18:39:17  위도:37.496817
18:39:17  경도:126.958027
18:39:17  속도:0.00
18:39:17  방향:60.3
18:39:17  이동방향유효:0
18:39:17  GPS이동방향:60.3
18:39:17  차체방향유효:0
18:39:17  차체방향:226.0
18:39:17  후진판정:1
18:39:17  IMU요회전속도:0.00
18:39:17  방향가속도크기:9.73
18:39:17  방향자이로크기:1.84
18:39:17  방향자세cos:0.9998
18:39:17  자기모델잔차:2.43
18:39:17  자기모델반경:0.249
18:39:17  방향채택:72936
18:39:17  방향거부:43966
18:39:17  GPS원시속도:0.000
18:39:17  GPS원시방향유효:1
18:39:17  GPS원시방향:63.6
18:39:17  가속도:-0.26,0.37,9.72
18:39:17  자이로:-1.1,1.4,-0.4
18:39:17  자력계:4.200,-33.450,0.750
18:39:17  충격값:0.10
18:39:17  충격피크:0.17
18:39:17  마지막충격발생값:101.60
18:39:17  마지막충격발생ms:818024
18:39:17  송신:9154
18:39:17  지팡이수신:8661
18:39:17  GPS위성:5
18:39:17  GPS_HDOP:2.40
18:39:17  원시위도:37.496815
18:39:17  원시경도:126.958028
18:39:17  GPS채택:1654
18:39:17  GPS이상치거부:71
18:39:17  GPS품질거부:54
18:39:17  GPS재기준:12
18:39:17  계산거리:27.90
18:39:17  접근속도:0.00
18:39:17  TTC:999.00
18:39:17  방향오차:143.4
18:39:17  전방여부:0
18:39:17  위험음성횟수:0
18:39:17  충격음성횟수:4
18:39:17  마지막위험음성:0
18:39:17  RSSI원시:-78
18:39:17  RSSI평활:-77.8
18:39:17  RSSI샘플:8661
18:39:17  RSSI경과ms:49
18:39:17  위험송신:8661
18:39:18  시각ms:960773
18:39:18  IMU시각ms:960773
18:39:18  위험:0
18:39:18  원시위험:0
18:39:18  GPS유효:1
18:39:18  위도:37.496817
18:39:18  경도:126.958027
18:39:18  속도:0.00
18:39:18  방향:60.3
18:39:18  이동방향유효:0
18:39:18  GPS이동방향:60.3
18:39:18  차체방향유효:0
18:39:18  차체방향:226.0
18:39:18  후진판정:1
18:39:18  IMU요회전속도:0.00
18:39:18  방향가속도크기:9.65
18:39:18  방향자이로크기:1.86
18:39:18  방향자세cos:0.9994
18:39:18  자기모델잔차:2.32
18:39:18  자기모델반경:0.277
18:39:18  방향채택:72936
18:39:18  방향거부:43979
18:39:18  GPS원시속도:0.000
18:39:18  GPS원시방향유효:1
18:39:18  GPS원시방향:63.6
18:39:18  가속도:-0.27,0.19,9.64
18:39:18  자이로:-1.3,-0.4,1.3
18:39:18  자력계:1.650,-31.650,0.450
18:39:18  충격값:0.10
18:39:18  충격피크:0.14
18:39:18  마지막충격발생값:101.60
18:39:18  마지막충격발생ms:818024
18:39:18  송신:9155
18:39:18  지팡이수신:8662
18:39:18  GPS위성:5
18:39:18  GPS_HDOP:2.40
18:39:18  원시위도:37.496815
18:39:18  원시경도:126.958028
18:39:18  GPS채택:1654
18:39:18  GPS이상치거부:71
18:39:18  GPS품질거부:54
18:39:18  GPS재기준:12
18:39:18  계산거리:27.90
18:39:18  접근속도:0.00
18:39:18  TTC:999.00
18:39:18  방향오차:143.4
18:39:18  전방여부:0
18:39:18  위험음성횟수:0
18:39:18  충격음성횟수:4
18:39:18  마지막위험음성:0
18:39:18  RSSI원시:-79
18:39:18  RSSI평활:-78.1
18:39:18  RSSI샘플:8662
18:39:18  RSSI경과ms:54
18:39:18  위험송신:8662
18:39:18  시각ms:961089
18:39:18  IMU시각ms:961088
18:39:18  위험:0
18:39:18  원시위험:0
18:39:18  GPS유효:1
18:39:18  위도:37.496816
18:39:18  경도:126.958028
18:39:18  속도:0.00
18:39:18  방향:60.3
18:39:18  이동방향유효:0
18:39:18  GPS이동방향:60.3
18:39:18  차체방향유효:0
18:39:18  차체방향:226.0
18:39:18  후진판정:1
18:39:18  IMU요회전속도:0.00
18:39:18  방향가속도크기:9.74
18:39:18  방향자이로크기:1.74
18:39:18  방향자세cos:0.9994
18:39:18  자기모델잔차:1.87
18:39:18  자기모델반경:0.275
18:39:18  방향채택:72936
18:39:18  방향거부:44018
18:39:18  GPS원시속도:0.000
18:39:18  GPS원시방향유효:1
18:39:18  GPS원시방향:63.6
18:39:18  가속도:-0.34,0.17,9.73
18:39:18  자이로:1.5,0.9,0.1
18:39:18  자력계:2.550,-33.000,0.150
18:39:18  충격값:0.13
18:39:18  충격피크:0.18
18:39:18  마지막충격발생값:101.60
18:39:18  마지막충격발생ms:818024
18:39:18  송신:9158
18:39:18  지팡이수신:8665
18:39:18  GPS위성:5
18:39:18  GPS_HDOP:2.40
18:39:18  원시위도:37.496815
18:39:18  원시경도:126.958028
18:39:18  GPS채택:1656
18:39:18  GPS이상치거부:71
18:39:18  GPS품질거부:54
18:39:18  GPS재기준:12
18:39:18  계산거리:27.90
18:39:18  접근속도:0.00
18:39:18  TTC:999.00
18:39:18  방향오차:143.4
18:39:18  전방여부:0
18:39:18  위험음성횟수:0
18:39:18  충격음성횟수:4
18:39:18  마지막위험음성:0
18:39:18  RSSI원시:-77
18:39:18  RSSI평활:-77.7
18:39:18  RSSI샘플:8665
18:39:18  RSSI경과ms:55
18:39:18  위험송신:8665
18:39:18  시각ms:961193
18:39:18  IMU시각ms:961193
18:39:18  위험:0
18:39:18  원시위험:0
18:39:18  GPS유효:1
18:39:18  위도:37.496816
18:39:18  경도:126.958028
18:39:18  속도:0.00
18:39:18  방향:60.3
18:39:18  이동방향유효:0
18:39:18  GPS이동방향:60.3
18:39:18  차체방향유효:0
18:39:18  차체방향:226.0
18:39:18  후진판정:1
18:39:18  IMU요회전속도:0.00
18:39:18  방향가속도크기:9.77
18:39:18  방향자이로크기:1.86
18:39:18  방향자세cos:0.9994
18:39:18  자기모델잔차:2.82
18:39:18  자기모델반경:0.258
18:39:18  방향채택:72936
18:39:18  방향거부:44031
18:39:18  GPS원시속도:0.000
18:39:18  GPS원시방향유효:1
18:39:18  GPS원시방향:63.6
18:39:18  가속도:-0.17,0.30,9.76
18:39:18  자이로:0.5,1.6,0.8
18:39:18  자력계:3.000,-32.550,1.050
18:39:18  충격값:0.12
18:39:18  충격피크:0.18
18:39:18  마지막충격발생값:101.60
18:39:18  마지막충격발생ms:818024
18:39:18  송신:9159
18:39:18  지팡이수신:8665
18:39:18  GPS위성:5
18:39:18  GPS_HDOP:2.40
18:39:18  원시위도:37.496815
18:39:18  원시경도:126.958028
18:39:18  GPS채택:1656
18:39:18  GPS이상치거부:71
18:39:18  GPS품질거부:54
18:39:18  GPS재기준:12
18:39:18  계산거리:27.90
18:39:18  접근속도:0.00
18:39:18  TTC:999.00
18:39:18  방향오차:143.4
18:39:18  전방여부:0
18:39:18  위험음성횟수:0
18:39:18  충격음성횟수:4
18:39:18  마지막위험음성:0
18:39:18  RSSI원시:-77
18:39:18  RSSI평활:-77.7
18:39:18  RSSI샘플:8665
18:39:18  RSSI경과ms:159
18:39:18  위험송신:8665
18:39:19  시각ms:961613
18:39:19  IMU시각ms:961613
18:39:19  위험:0
18:39:19  원시위험:0
18:39:19  GPS유효:1
18:39:19  위도:37.496816
18:39:19  경도:126.958028
18:39:19  속도:0.00
18:39:19  방향:60.3
18:39:19  이동방향유효:0
18:39:19  GPS이동방향:60.3
18:39:19  차체방향유효:0
18:39:19  차체방향:226.0
18:39:19  후진판정:1
18:39:19  IMU요회전속도:0.00
18:39:19  방향가속도크기:9.68
18:39:19  방향자이로크기:3.06
18:39:19  방향자세cos:0.9995
18:39:19  자기모델잔차:3.31
18:39:19  자기모델반경:0.235
18:39:19  방향채택:72936
18:39:19  방향거부:44083
18:39:19  GPS원시속도:0.000
18:39:19  GPS원시방향유효:1
18:39:19  GPS원시방향:63.6
18:39:19  가속도:-0.28,0.20,9.67
18:39:19  자이로:1.1,-2.9,-0.3
18:39:19  자력계:3.750,-32.250,1.500
18:39:19  충격값:0.08
18:39:19  충격피크:0.19
18:39:19  마지막충격발생값:101.60
18:39:19  마지막충격발생ms:818024
18:39:19  송신:9163
18:39:19  지팡이수신:8669
18:39:19  GPS위성:5
18:39:19  GPS_HDOP:2.40
18:39:19  원시위도:37.496815
18:39:19  원시경도:126.958028
18:39:19  GPS채택:1656
18:39:19  GPS이상치거부:71
18:39:19  GPS품질거부:54
18:39:19  GPS재기준:12
18:39:19  계산거리:27.90
18:39:19  접근속도:0.00
18:39:19  TTC:999.00
18:39:19  방향오차:143.4
18:39:19  전방여부:0
18:39:19  위험음성횟수:0
18:39:19  충격음성횟수:4
18:39:19  마지막위험음성:0
18:39:19  RSSI원시:-78
18:39:19  RSSI평활:-77.6
18:39:19  RSSI샘플:8669
18:39:19  RSSI경과ms:62
18:39:19  위험송신:8669
18:39:20  시각ms:963589
18:39:20  IMU시각ms:963589
18:39:20  위험:0
18:39:20  원시위험:0
18:39:20  GPS유효:1
18:39:20  위도:37.496813
18:39:20  경도:126.958027
18:39:20  속도:0.01
18:39:20  방향:60.3
18:39:20  이동방향유효:0
18:39:20  GPS이동방향:60.3
18:39:20  차체방향유효:0
18:39:20  차체방향:226.0
18:39:20  후진판정:1
18:39:20  IMU요회전속도:0.00
18:39:20  방향가속도크기:9.74
18:39:20  방향자이로크기:2.13
18:39:20  방향자세cos:0.9990
18:39:20  자기모델잔차:2.46
18:39:20  자기모델반경:0.303
18:39:20  방향채택:72936
18:39:20  방향거부:44329
18:39:20  GPS원시속도:0.000
18:39:20  GPS원시방향유효:1
18:39:20  GPS원시방향:63.6
18:39:20  가속도:-0.11,0.21,9.73
18:39:20  자이로:0.3,-0.2,-2.1
18:39:20  자력계:1.500,-33.000,0.750
18:39:20  충격값:0.18
18:39:20  충격피크:0.18
18:39:20  마지막충격발생값:101.60
18:39:20  마지막충격발생ms:818024
18:39:20  송신:9182
18:39:20  지팡이수신:8685
18:39:20  GPS위성:5
18:39:20  GPS_HDOP:2.40
18:39:20  원시위도:37.496805
18:39:20  원시경도:126.958027
18:39:20  GPS채택:1660
18:39:20  GPS이상치거부:71
18:39:20  GPS품질거부:54
18:39:20  GPS재기준:12
18:39:20  계산거리:27.90
18:39:20  접근속도:0.00
18:39:20  TTC:999.00
18:39:20  방향오차:143.4
18:39:20  전방여부:0
18:39:20  위험음성횟수:0
18:39:20  충격음성횟수:4
18:39:20  마지막위험음성:0
18:39:20  RSSI원시:-78
18:39:20  RSSI평활:-77.4
18:39:20  RSSI샘플:8685
18:39:20  RSSI경과ms:49
18:39:20  위험송신:8685
18:39:21  시각ms:963799
18:39:21  IMU시각ms:963799
18:39:21  위험:0
18:39:21  원시위험:0
18:39:21  GPS유효:1
18:39:21  위도:37.496813
18:39:21  경도:126.958027
18:39:21  속도:0.01
18:39:21  방향:60.3
18:39:21  이동방향유효:0
18:39:21  GPS이동방향:60.3
18:39:21  차체방향유효:0
18:39:21  차체방향:226.0
18:39:21  후진판정:1
18:39:21  IMU요회전속도:0.00
18:39:21  방향가속도크기:9.69
18:39:21  방향자이로크기:2.09
18:39:21  방향자세cos:0.9989
18:39:21  자기모델잔차:3.31
18:39:21  자기모델반경:0.235
18:39:21  방향채택:72936
18:39:21  방향거부:44355
18:39:21  GPS원시속도:0.000
18:39:21  GPS원시방향유효:1
18:39:21  GPS원시방향:63.6
18:39:21  가속도:-0.09,0.19,9.69
18:39:21  자이로:2.0,-0.5,-0.4
18:39:21  자력계:3.750,-32.250,1.500
18:39:21  충격값:0.21
18:39:21  충격피크:0.21
18:39:21  마지막충격발생값:101.60
18:39:21  마지막충격발생ms:818024
18:39:21  송신:9184
18:39:21  지팡이수신:8687
18:39:21  GPS위성:5
18:39:21  GPS_HDOP:2.40
18:39:21  원시위도:37.496805
18:39:21  원시경도:126.958027
18:39:21  GPS채택:1660
18:39:21  GPS이상치거부:71
18:39:21  GPS품질거부:54
18:39:21  GPS재기준:12
18:39:21  계산거리:27.90
18:39:21  접근속도:0.00
18:39:21  TTC:999.00
18:39:21  방향오차:143.4
18:39:21  전방여부:0
18:39:21  위험음성횟수:0
18:39:21  충격음성횟수:4
18:39:21  마지막위험음성:0
18:39:21  RSSI원시:-77
18:39:21  RSSI평활:-77.3
18:39:21  RSSI샘플:8687
18:39:21  RSSI경과ms:60
18:39:21  위험송신:8687
18:39:21  시각ms:964223
18:39:21  IMU시각ms:964223
18:39:21  위험:0
18:39:21  원시위험:0
18:39:21  GPS유효:1
18:39:21  위도:37.496810
18:39:21  경도:126.958027
18:39:21  속도:0.02
18:39:21  방향:60.3
18:39:21  이동방향유효:0
18:39:21  GPS이동방향:60.3
18:39:21  차체방향유효:0
18:39:21  차체방향:226.0
18:39:21  후진판정:1
18:39:21  IMU요회전속도:0.00
18:39:21  방향가속도크기:9.66
18:39:21  방향자이로크기:5.11
18:39:21  방향자세cos:0.9997
18:39:21  자기모델잔차:3.21
18:39:21  자기모델반경:0.279
18:39:21  방향채택:72936
18:39:21  방향거부:44406
18:39:21  GPS원시속도:0.041
18:39:21  GPS원시방향유효:1
18:39:21  GPS원시방향:63.6
18:39:21  가속도:-0.32,0.29,9.65
18:39:21  자이로:2.8,-3.6,2.3
18:39:21  자력계:2.550,-33.000,1.500
18:39:21  충격값:0.08
18:39:21  충격피크:0.20
18:39:21  마지막충격발생값:101.60
18:39:21  마지막충격발생ms:818024
18:39:21  송신:9188
18:39:21  지팡이수신:8690
18:39:21  GPS위성:5
18:39:21  GPS_HDOP:2.40
18:39:21  원시위도:37.496795
18:39:21  원시경도:126.958027
18:39:21  GPS채택:1662
18:39:21  GPS이상치거부:71
18:39:21  GPS품질거부:54
18:39:21  GPS재기준:12
18:39:21  계산거리:27.90
18:39:21  접근속도:0.00
18:39:21  TTC:999.00
18:39:21  방향오차:143.4
18:39:21  전방여부:0
18:39:21  위험음성횟수:0
18:39:21  충격음성횟수:4
18:39:21  마지막위험음성:0
18:39:21  RSSI원시:-75
18:39:21  RSSI평활:-76.7
18:39:21  RSSI샘플:8690
18:39:21  RSSI경과ms:163
18:39:21  위험송신:8690
18:39:21  시각ms:964323
18:39:21  IMU시각ms:964323
18:39:21  위험:0
18:39:21  원시위험:0
18:39:21  GPS유효:1
18:39:21  위도:37.496810
18:39:21  경도:126.958027
18:39:21  속도:0.02
18:39:21  방향:60.3
18:39:21  이동방향유효:0
18:39:21  GPS이동방향:60.3
18:39:21  차체방향유효:0
18:39:21  차체방향:226.0
18:39:21  후진판정:1
18:39:21  IMU요회전속도:0.00
18:39:21  방향가속도크기:9.67
18:39:21  방향자이로크기:1.83
18:39:21  방향자세cos:0.9995
18:39:21  자기모델잔차:1.67
18:39:21  자기모델반경:0.284
18:39:21  방향채택:72936
18:39:21  방향거부:44420
18:39:21  GPS원시속도:0.041
18:39:21  GPS원시방향유효:1
18:39:21  GPS원시방향:63.6
18:39:21  가속도:-0.32,0.20,9.66
18:39:21  자이로:-1.6,0.5,-0.7
18:39:21  자력계:2.550,-33.450,0.000
18:39:21  충격값:0.11
18:39:21  충격피크:0.17
18:39:21  마지막충격발생값:101.60
18:39:21  마지막충격발생ms:818024
18:39:21  송신:9189
18:39:21  지팡이수신:8690
18:39:21  GPS위성:5
18:39:21  GPS_HDOP:2.40
18:39:21  원시위도:37.496795
18:39:21  원시경도:126.958027
18:39:21  GPS채택:1662
18:39:21  GPS이상치거부:71
18:39:21  GPS품질거부:54
18:39:21  GPS재기준:12
18:39:21  계산거리:27.90
18:39:21  접근속도:0.00
18:39:21  TTC:999.00
18:39:21  방향오차:143.4
18:39:21  전방여부:0
18:39:21  위험음성횟수:0
18:39:21  충격음성횟수:4
18:39:21  마지막위험음성:0
18:39:21  RSSI원시:-75
18:39:21  RSSI평활:-76.7
18:39:21  RSSI샘플:8690
18:39:21  RSSI경과ms:263
18:39:21  위험송신:8690
18:39:21  시각ms:964633
18:39:21  IMU시각ms:964633
18:39:21  위험:0
18:39:21  원시위험:0
18:39:21  GPS유효:1
18:39:21  위도:37.496810
18:39:21  경도:126.958027
18:39:21  속도:0.02
18:39:21  방향:60.3
18:39:21  이동방향유효:0
18:39:21  GPS이동방향:60.3
18:39:21  차체방향유효:0
18:39:21  차체방향:226.0
18:39:21  후진판정:1
18:39:21  IMU요회전속도:0.00
18:39:21  방향가속도크기:9.71
18:39:21  방향자이로크기:1.48
18:39:21  방향자세cos:0.9997
18:39:21  자기모델잔차:3.58
18:39:21  자기모델반경:0.192
18:39:21  방향채택:72936
18:39:21  방향거부:44460
18:39:21  GPS원시속도:0.041
18:39:21  GPS원시방향유효:1
18:39:21  GPS원시방향:63.6
18:39:21  가속도:-0.29,0.29,9.71
18:39:21  자이로:-1.1,-0.9,-0.1
18:39:21  자력계:4.650,-31.200,1.650
18:39:21  충격값:0.02
18:39:21  충격피크:0.12
18:39:21  마지막충격발생값:101.60
18:39:21  마지막충격발생ms:818024
18:39:21  송신:9192
18:39:21  지팡이수신:8692
18:39:21  GPS위성:5
18:39:21  GPS_HDOP:2.40
18:39:21  원시위도:37.496795
18:39:21  원시경도:126.958027
18:39:21  GPS채택:1662
18:39:21  GPS이상치거부:71
18:39:21  GPS품질거부:54
18:39:21  GPS재기준:12
18:39:21  계산거리:27.90
18:39:21  접근속도:0.00
18:39:21  TTC:999.00
18:39:21  방향오차:143.4
18:39:21  전방여부:0
18:39:21  위험음성횟수:0
18:39:21  충격음성횟수:4
18:39:21  마지막위험음성:0
18:39:21  RSSI원시:-75
18:39:21  RSSI평활:-76.3
18:39:21  RSSI샘플:8692
18:39:21  RSSI경과ms:163
18:39:21  위험송신:8692
18:39:22  시각ms:964839
18:39:22  IMU시각ms:964838
18:39:22  위험:0
18:39:22  원시위험:0
18:39:22  GPS유효:1
18:39:22  위도:37.496810
18:39:22  경도:126.958027
18:39:22  속도:0.02
18:39:22  방향:60.3
18:39:22  이동방향유효:0
18:39:22  GPS이동방향:60.3
18:39:22  차체방향유효:0
18:39:22  차체방향:226.0
18:39:22  후진판정:1
18:39:22  IMU요회전속도:0.00
18:39:22  방향가속도크기:9.71
18:39:22  방향자이로크기:2.46
18:39:22  방향자세cos:0.9998
18:39:22  자기모델잔차:1.31
18:39:22  자기모델반경:0.223
18:39:22  방향채택:72936
18:39:22  방향거부:44487
18:39:22  GPS원시속도:0.041
18:39:22  GPS원시방향유효:1
18:39:22  GPS원시방향:63.6
18:39:22  가속도:-0.28,0.43,9.69
18:39:22  자이로:2.3,-0.8,0.2
18:39:22  자력계:4.650,-32.850,-0.450
18:39:22  충격값:0.15
18:39:22  충격피크:0.25
18:39:22  마지막충격발생값:101.60
18:39:22  마지막충격발생ms:818024
18:39:22  송신:9194
18:39:22  지팡이수신:8693
18:39:22  GPS위성:5
18:39:22  GPS_HDOP:2.40
18:39:22  원시위도:37.496795
18:39:22  원시경도:126.958027
18:39:22  GPS채택:1662
18:39:22  GPS이상치거부:71
18:39:22  GPS품질거부:54
18:39:22  GPS재기준:12
18:39:22  계산거리:27.90
18:39:22  접근속도:0.00
18:39:22  TTC:999.00
18:39:22  방향오차:143.4
18:39:22  전방여부:0
18:39:22  위험음성횟수:0
18:39:22  충격음성횟수:4
18:39:22  마지막위험음성:0
18:39:22  RSSI원시:-81
18:39:22  RSSI평활:-77.2
18:39:22  RSSI샘플:8693
18:39:22  RSSI경과ms:57
18:39:22  위험송신:8693
18:39:22  시각ms:965362
18:39:22  IMU시각ms:965362
18:39:22  위험:0
18:39:22  원시위험:0
18:39:22  GPS유효:1
18:39:22  위도:37.496808
18:39:22  경도:126.958027
18:39:22  속도:0.02
18:39:22  방향:60.3
18:39:22  이동방향유효:0
18:39:22  GPS이동방향:60.3
18:39:22  차체방향유효:0
18:39:22  차체방향:226.0
18:39:22  후진판정:1
18:39:22  IMU요회전속도:0.00
18:39:22  방향가속도크기:9.67
18:39:22  방향자이로크기:2.24
18:39:22  방향자세cos:0.9998
18:39:22  자기모델잔차:2.19
18:39:22  자기모델반경:0.266
18:39:22  방향채택:72936
18:39:22  방향거부:44552
18:39:22  GPS원시속도:0.000
18:39:22  GPS원시방향유효:1
18:39:22  GPS원시방향:63.6
18:39:22  가속도:-0.27,0.36,9.66
18:39:22  자이로:1.3,-0.9,-1.6
18:39:22  자력계:2.850,-32.850,0.450
18:39:22  충격값:0.08
18:39:22  충격피크:0.15
18:39:22  마지막충격발생값:101.60
18:39:22  마지막충격발생ms:818024
18:39:22  송신:9199
18:39:22  지팡이수신:8697
18:39:22  GPS위성:5
18:39:22  GPS_HDOP:2.40
18:39:22  원시위도:37.496793
18:39:22  원시경도:126.958027
18:39:22  GPS채택:1664
18:39:22  GPS이상치거부:71
18:39:22  GPS품질거부:54
18:39:22  GPS재기준:12
18:39:22  계산거리:27.51
18:39:22  접근속도:0.00
18:39:22  TTC:999.00
18:39:22  방향오차:143.7
18:39:22  전방여부:0
18:39:22  위험음성횟수:0
18:39:22  충격음성횟수:4
18:39:22  마지막위험음성:0
18:39:22  RSSI원시:-78
18:39:22  RSSI평활:-79.0
18:39:22  RSSI샘플:8697
18:39:22  RSSI경과ms:56
18:39:22  위험송신:8697
18:39:25  시각ms:967980
18:39:25  IMU시각ms:967979
18:39:25  위험:0
18:39:25  원시위험:0
18:39:25  GPS유효:1
18:39:25  위도:37.496800
18:39:25  경도:126.958027
18:39:25  속도:0.11
18:39:25  방향:60.3
18:39:25  이동방향유효:0
18:39:25  GPS이동방향:60.3
18:39:25  차체방향유효:0
18:39:25  차체방향:226.0
18:39:25  후진판정:1
18:39:25  IMU요회전속도:0.00
18:39:25  방향가속도크기:9.23
18:39:25  방향자이로크기:60.32
18:39:25  방향자세cos:0.9743
18:39:25  자기모델잔차:3.94
18:39:25  자기모델반경:0.301
18:39:25  방향채택:72936
18:39:25  방향거부:44874
18:39:25  GPS원시속도:0.149
18:39:25  GPS원시방향유효:1
18:39:25  GPS원시방향:63.6
18:39:25  가속도:-3.94,1.80,8.15
18:39:25  자이로:-11.0,35.6,47.5
18:39:25  자력계:1.500,-28.650,1.050
18:39:25  충격값:4.02
18:39:25  충격피크:11.27
18:39:25  마지막충격발생값:101.60
18:39:25  마지막충격발생ms:818024
18:39:25  송신:9224
18:39:25  지팡이수신:8721
18:39:25  GPS위성:6
18:39:25  GPS_HDOP:2.00
18:39:25  원시위도:37.496773
18:39:25  원시경도:126.958023
18:39:25  GPS채택:1669
18:39:25  GPS이상치거부:71
18:39:25  GPS품질거부:54
18:39:25  GPS재기준:12
18:39:25  계산거리:27.90
18:39:25  접근속도:0.00
18:39:25  TTC:999.00
18:39:25  방향오차:143.3
18:39:25  전방여부:0
18:39:25  위험음성횟수:0
18:39:25  충격음성횟수:4
18:39:25  마지막위험음성:0
18:39:25  RSSI원시:-78
18:39:25  RSSI평활:-78.9
18:39:25  RSSI샘플:8721
18:39:25  RSSI경과ms:75
18:39:25  위험송신:8721
18:39:25  시각ms:968187
18:39:25  IMU시각ms:968187
18:39:25  위험:0
18:39:25  원시위험:0
18:39:25  GPS유효:1
18:39:25  위도:37.496785
18:39:25  경도:126.958025
18:39:25  속도:0.29
18:39:25  방향:60.3
18:39:25  이동방향유효:0
18:39:25  GPS이동방향:60.3
18:39:25  차체방향유효:0
18:39:25  차체방향:226.0
18:39:25  후진판정:1
18:39:25  IMU요회전속도:0.00
18:39:25  방향가속도크기:11.19
18:39:25  방향자이로크기:36.73
18:39:25  방향자세cos:0.9907
18:39:25  자기모델잔차:2.71
18:39:25  자기모델반경:0.510
18:39:25  방향채택:72936
18:39:25  방향거부:44898
18:39:25  GPS원시속도:0.463
18:39:25  GPS원시방향유효:1
18:39:25  GPS원시방향:63.6
18:39:25  가속도:-1.88,-0.09,11.03
18:39:25  자이로:12.6,-34.1,-5.0
18:39:25  자력계:-6.300,-27.750,0.450
18:39:25  충격값:2.14
18:39:25  충격피크:18.35
18:39:25  마지막충격발생값:101.60
18:39:25  마지막충격발생ms:818024
18:39:25  송신:9226
18:39:25  지팡이수신:8723
18:39:25  GPS위성:6
18:39:25  GPS_HDOP:2.00
18:39:25  원시위도:37.496773
18:39:25  원시경도:126.958023
18:39:25  GPS채택:1670
18:39:25  GPS이상치거부:71
18:39:25  GPS품질거부:54
18:39:25  GPS재기준:12
18:39:25  계산거리:25.69
18:39:25  접근속도:0.00
18:39:25  TTC:999.00
18:39:25  방향오차:145.0
18:39:25  전방여부:0
18:39:25  위험음성횟수:0
18:39:25  충격음성횟수:4
18:39:25  마지막위험음성:0
18:39:25  RSSI원시:-78
18:39:25  RSSI평활:-77.9
18:39:25  RSSI샘플:8723
18:39:25  RSSI경과ms:72
18:39:25  위험송신:8723
18:39:26  시각ms:968707
18:39:26  IMU시각ms:968707
18:39:26  위험:0
18:39:26  원시위험:0
18:39:26  GPS유효:1
18:39:26  위도:37.496779
18:39:26  경도:126.958025
18:39:26  속도:0.29
18:39:26  방향:60.3
18:39:26  이동방향유효:0
18:39:26  GPS이동방향:60.3
18:39:26  차체방향유효:0
18:39:26  차체방향:226.0
18:39:26  후진판정:1
18:39:26  IMU요회전속도:0.00
18:39:26  방향가속도크기:9.08
18:39:26  방향자이로크기:46.63
18:39:26  방향자세cos:0.8609
18:39:26  자기모델잔차:1.78
18:39:26  자기모델반경:0.398
18:39:26  방향채택:72936
18:39:26  방향거부:44964
18:39:26  GPS원시속도:0.463
18:39:26  GPS원시방향유효:1
18:39:26  GPS원시방향:63.6
18:39:26  가속도:3.43,2.20,8.11
18:39:26  자이로:45.2,8.9,-7.2
18:39:26  자력계:-2.100,-25.350,-4.200
18:39:26  충격값:4.21
18:39:26  충격피크:9.47
18:39:26  마지막충격발생값:101.60
18:39:26  마지막충격발생ms:818024
18:39:26  송신:9231
18:39:26  지팡이수신:8727
18:39:26  GPS위성:6
18:39:26  GPS_HDOP:2.00
18:39:26  원시위도:37.496773
18:39:26  원시경도:126.958023
18:39:26  GPS채택:1670
18:39:26  GPS이상치거부:71
18:39:26  GPS품질거부:54
18:39:26  GPS재기준:12
18:39:26  계산거리:25.30
18:39:26  접근속도:0.00
18:39:26  TTC:999.00
18:39:26  방향오차:145.2
18:39:26  전방여부:0
18:39:26  위험음성횟수:0
18:39:26  충격음성횟수:4
18:39:26  마지막위험음성:0
18:39:26  RSSI원시:-80
18:39:26  RSSI평활:-79.0
18:39:26  RSSI샘플:8727
18:39:26  RSSI경과ms:167
18:39:26  위험송신:8727
18:39:27  시각ms:969739
18:39:27  IMU시각ms:969739
18:39:27  위험:0
18:39:27  원시위험:0
18:39:27  GPS유효:1
18:39:27  위도:37.496760
18:39:27  경도:126.958019
18:39:27  속도:0.46
18:39:27  방향:60.3
18:39:27  이동방향유효:0
18:39:27  GPS이동방향:63.6
18:39:27  차체방향유효:0
18:39:27  차체방향:226.0
18:39:27  후진판정:1
18:39:27  IMU요회전속도:0.00
18:39:27  방향가속도크기:11.13
18:39:27  방향자이로크기:36.21
18:39:27  방향자세cos:0.6727
18:39:27  자기모델잔차:0.19
18:39:27  자기모델반경:0.314
18:39:27  방향채택:72936
18:39:27  방향거부:45095
18:39:27  GPS원시속도:0.540
18:39:27  GPS원시방향유효:1
18:39:27  GPS원시방향:63.6
18:39:27  가속도:-6.67,-4.89,7.44
18:39:27  자이로:18.8,26.5,16.0
18:39:27  자력계:2.100,-26.850,-4.650
18:39:27  충격값:7.98
18:39:27  충격피크:14.48
18:39:27  마지막충격발생값:101.60
18:39:27  마지막충격발생ms:818024
18:39:27  송신:9241
18:39:27  지팡이수신:8734
18:39:27  GPS위성:6
18:39:27  GPS_HDOP:2.00
18:39:27  원시위도:37.496763
18:39:27  원시경도:126.958017
18:39:27  GPS채택:1672
18:39:27  GPS이상치거부:71
18:39:27  GPS품질거부:54
18:39:27  GPS재기준:12
18:39:27  계산거리:23.48
18:39:27  접근속도:0.00
18:39:27  TTC:999.00
18:39:27  방향오차:145.6
18:39:27  전방여부:0
18:39:27  위험음성횟수:0
18:39:27  충격음성횟수:4
18:39:27  마지막위험음성:0
18:39:27  RSSI원시:-85
18:39:27  RSSI평활:-78.4
18:39:27  RSSI샘플:8734
18:39:27  RSSI경과ms:160
18:39:27  위험송신:8734
18:39:27  시각ms:970151
18:39:27  IMU시각ms:970151
18:39:27  위험:0
18:39:27  원시위험:0
18:39:27  GPS유효:1
18:39:27  위도:37.496754
18:39:27  경도:126.958014
18:39:27  속도:0.54
18:39:27  방향:63.6
18:39:27  이동방향유효:1
18:39:27  GPS이동방향:63.6
18:39:27  차체방향유효:0
18:39:27  차체방향:226.0
18:39:27  후진판정:1
18:39:27  IMU요회전속도:0.00
18:39:27  방향가속도크기:7.17
18:39:27  방향자이로크기:25.88
18:39:27  방향자세cos:0.5544
18:39:27  자기모델잔차:0.86
18:39:27  자기모델반경:0.313
18:39:27  방향채택:72936
18:39:27  방향거부:45146
18:39:27  GPS원시속도:0.581
18:39:27  GPS원시방향유효:1
18:39:27  GPS원시방향:63.6
18:39:27  가속도:-1.91,-5.51,4.17
18:39:27  자이로:16.0,-14.0,-14.7
18:39:27  자력계:1.800,-29.400,-1.050
18:39:27  충격값:7.31
18:39:27  충격피크:10.55
18:39:27  마지막충격발생값:101.60
18:39:27  마지막충격발생ms:818024
18:39:27  송신:9245
18:39:27  지팡이수신:8737
18:39:27  GPS위성:6
18:39:27  GPS_HDOP:2.00
18:39:27  원시위도:37.496753
18:39:27  원시경도:126.958012
18:39:27  GPS채택:1674
18:39:27  GPS이상치거부:71
18:39:27  GPS품질거부:54
18:39:27  GPS재기준:12
18:39:27  계산거리:23.10
18:39:27  접근속도:-0.43
18:39:27  TTC:999.00
18:39:27  방향오차:141.8
18:39:27  전방여부:0
18:39:27  위험음성횟수:0
18:39:27  충격음성횟수:4
18:39:27  마지막위험음성:0
18:39:27  RSSI원시:-74
18:39:27  RSSI평활:-76.4
18:39:27  RSSI샘플:8737
18:39:27  RSSI경과ms:49
18:39:27  위험송신:8737
18:39:27  시각ms:970361
18:39:27  IMU시각ms:970361
18:39:27  위험:0
18:39:27  원시위험:0
18:39:27  GPS유효:1
18:39:27  위도:37.496753
18:39:27  경도:126.958014
18:39:27  속도:0.54
18:39:27  방향:63.6
18:39:27  이동방향유효:1
18:39:27  GPS이동방향:63.6
18:39:27  차체방향유효:0
18:39:27  차체방향:226.0
18:39:27  후진판정:1
18:39:27  IMU요회전속도:0.00
18:39:27  방향가속도크기:1.54
18:39:27  방향자이로크기:43.18
18:39:27  방향자세cos:0.9678
18:39:27  자기모델잔차:1.10
18:39:27  자기모델반경:0.232
18:39:27  방향채택:72936
18:39:27  방향거부:45172
18:39:27  GPS원시속도:0.581
18:39:27  GPS원시방향유효:1
18:39:27  GPS원시방향:63.6
18:39:27  가속도:-1.41,0.35,0.51
18:39:27  자이로:-2.8,42.8,4.6
18:39:27  자력계:2.550,-29.400,-2.250
18:39:27  충격값:8.91
18:39:27  충격피크:18.46
18:39:27  마지막충격발생값:101.60
18:39:27  마지막충격발생ms:818024
18:39:27  송신:9247
18:39:27  지팡이수신:8739
18:39:27  GPS위성:6
18:39:27  GPS_HDOP:2.00
18:39:27  원시위도:37.496753
18:39:27  원시경도:126.958012
18:39:27  GPS채택:1674
18:39:27  GPS이상치거부:71
18:39:27  GPS품질거부:54
18:39:27  GPS재기준:12
18:39:27  계산거리:23.10
18:39:27  접근속도:-0.43
18:39:27  TTC:999.00
18:39:27  방향오차:141.9
18:39:27  전방여부:0
18:39:27  위험음성횟수:0
18:39:27  충격음성횟수:4
18:39:27  마지막위험음성:0
18:39:27  RSSI원시:-76
18:39:27  RSSI평활:-76.4
18:39:27  RSSI샘플:8739
18:39:27  RSSI경과ms:51
18:39:27  위험송신:8739
18:39:28  시각ms:971199
18:39:28  IMU시각ms:971199
18:39:28  위험:0
18:39:28  원시위험:0
18:39:28  GPS유효:1
18:39:28  위도:37.496742
18:39:28  경도:126.958011
18:39:28  속도:0.53
18:39:28  방향:63.6
18:39:28  이동방향유효:1
18:39:28  GPS이동방향:63.6
18:39:28  차체방향유효:0
18:39:28  차체방향:226.0
18:39:28  후진판정:1
18:39:28  IMU요회전속도:0.00
18:39:28  방향가속도크기:9.81
18:39:28  방향자이로크기:46.58
18:39:28  방향자세cos:0.8645
18:39:28  자기모델잔차:0.06
18:39:28  자기모델반경:0.267
18:39:28  방향채택:72936
18:39:28  방향거부:45274
18:39:28  GPS원시속도:0.499
18:39:28  GPS원시방향유효:1
18:39:28  GPS원시방향:63.6
18:39:28  가속도:6.71,-0.33,7.15
18:39:28  자이로:13.2,44.3,-6.1
18:39:28  자력계:3.600,-29.700,-0.900
18:39:28  충격값:7.09
18:39:28  충격피크:11.32
18:39:28  마지막충격발생값:101.60
18:39:28  마지막충격발생ms:818024
18:39:28  송신:9255
18:39:28  지팡이수신:8747
18:39:28  GPS위성:6
18:39:28  GPS_HDOP:2.00
18:39:28  원시위도:37.496740
18:39:28  원시경도:126.958010
18:39:28  GPS채택:1676
18:39:28  GPS이상치거부:71
18:39:28  GPS품질거부:54
18:39:28  GPS재기준:12
18:39:28  계산거리:21.96
18:39:28  접근속도:-0.43
18:39:28  TTC:999.00
18:39:28  방향오차:144.4
18:39:28  전방여부:0
18:39:28  위험음성횟수:0
18:39:28  충격음성횟수:4
18:39:28  마지막위험음성:0
18:39:28  RSSI원시:-73
18:39:28  RSSI평활:-74.8
18:39:28  RSSI샘플:8747
18:39:28  RSSI경과ms:65
18:39:28  위험송신:8747
18:39:28  시각ms:971409
18:39:28  IMU시각ms:971409
18:39:28  위험:0
18:39:28  원시위험:0
18:39:28  GPS유효:1
18:39:28  위도:37.496741
18:39:28  경도:126.958012
18:39:28  속도:0.53
18:39:28  방향:63.6
18:39:28  이동방향유효:1
18:39:28  GPS이동방향:63.6
18:39:28  차체방향유효:0
18:39:28  차체방향:226.0
18:39:28  후진판정:1
18:39:28  IMU요회전속도:0.00
18:39:28  방향가속도크기:4.60
18:39:28  방향자이로크기:44.44
18:39:28  방향자세cos:0.9592
18:39:28  자기모델잔차:0.06
18:39:28  자기모델반경:0.267
18:39:28  방향채택:72936
18:39:28  방향거부:45300
18:39:28  GPS원시속도:0.499
18:39:28  GPS원시방향유효:1
18:39:28  GPS원시방향:63.6
18:39:28  가속도:-0.12,-4.47,-1.05
18:39:28  자이로:-23.5,-36.8,8.4
18:39:28  자력계:2.250,-27.900,-2.250
18:39:28  충격값:11.45
18:39:28  충격피크:15.92
18:39:28  마지막충격발생값:101.60
18:39:28  마지막충격발생ms:818024
18:39:28  송신:9257
18:39:28  지팡이수신:8749
18:39:28  GPS위성:6
18:39:28  GPS_HDOP:2.00
18:39:28  원시위도:37.496740
18:39:28  원시경도:126.958010
18:39:28  GPS채택:1676
18:39:28  GPS이상치거부:71
18:39:28  GPS품질거부:54
18:39:28  GPS재기준:12
18:39:28  계산거리:21.96
18:39:28  접근속도:-0.43
18:39:28  TTC:999.00
18:39:28  방향오차:144.5
18:39:28  전방여부:0
18:39:28  위험음성횟수:0
18:39:28  충격음성횟수:4
18:39:28  마지막위험음성:0
18:39:28  RSSI원시:-80
18:39:28  RSSI평활:-76.0
18:39:28  RSSI샘플:8749
18:39:28  RSSI경과ms:67
18:39:28  위험송신:8749
18:39:29  시각ms:971619
18:39:29  IMU시각ms:971619
18:39:29  위험:0
18:39:29  원시위험:0
18:39:29  GPS유효:1
18:39:29  위도:37.496740
18:39:29  경도:126.958012
18:39:29  속도:0.53
18:39:29  방향:63.6
18:39:29  이동방향유효:1
18:39:29  GPS이동방향:63.6
18:39:29  차체방향유효:0
18:39:29  차체방향:226.0
18:39:29  후진판정:1
18:39:29  IMU요회전속도:0.00
18:39:29  방향가속도크기:5.51
18:39:29  방향자이로크기:31.44
18:39:29  방향자세cos:0.9701
18:39:29  자기모델잔차:1.86
18:39:29  자기모델반경:0.285
18:39:29  방향채택:72936
18:39:29  방향거부:45326
18:39:29  GPS원시속도:0.499
18:39:29  GPS원시방향유효:1
18:39:29  GPS원시방향:63.6
18:39:29  가속도:-2.89,-2.42,4.02
18:39:29  자이로:-29.4,-7.6,8.1
18:39:29  자력계:1.800,-29.400,-0.300
18:39:29  충격값:6.50
18:39:29  충격피크:15.81
18:39:29  마지막충격발생값:101.60
18:39:29  마지막충격발생ms:818024
18:39:29  송신:9259
18:39:29  지팡이수신:8751
18:39:29  GPS위성:6
18:39:29  GPS_HDOP:2.00
18:39:29  원시위도:37.496740
18:39:29  원시경도:126.958010
18:39:29  GPS채택:1676
18:39:29  GPS이상치거부:71
18:39:29  GPS품질거부:54
18:39:29  GPS재기준:12
18:39:29  계산거리:21.91
18:39:29  접근속도:-0.44
18:39:29  TTC:999.00
18:39:29  방향오차:145.3
18:39:29  전방여부:0
18:39:29  위험음성횟수:0
18:39:29  충격음성횟수:4
18:39:29  마지막위험음성:0
18:39:29  RSSI원시:-74
18:39:29  RSSI평활:-75.9
18:39:29  RSSI샘플:8751
18:39:29  RSSI경과ms:67
18:39:29  위험송신:8751
18:39:29  시각ms:971829
18:39:29  IMU시각ms:971829
18:39:29  위험:0
18:39:29  원시위험:0
18:39:29  GPS유효:1
18:39:29  위도:37.496739
18:39:29  경도:126.958012
18:39:29  속도:0.53
18:39:29  방향:63.6
18:39:29  이동방향유효:1
18:39:29  GPS이동방향:63.6
18:39:29  차체방향유효:0
18:39:29  차체방향:226.0
18:39:29  후진판정:1
18:39:29  IMU요회전속도:0.00
18:39:29  방향가속도크기:3.49
18:39:29  방향자이로크기:52.71
18:39:29  방향자세cos:0.0609
18:39:29  자기모델잔차:1.62
18:39:29  자기모델반경:0.234
18:39:29  방향채택:72936
18:39:29  방향거부:45352
18:39:29  GPS원시속도:0.499
18:39:29  GPS원시방향유효:1
18:39:29  GPS원시방향:63.6
18:39:29  가속도:3.13,-1.47,0.45
18:39:29  자이로:-1.7,51.2,-12.6
18:39:29  자력계:1.500,-28.350,-2.250
18:39:29  충격값:10.15
18:39:29  충격피크:20.99
18:39:29  마지막충격발생값:101.60
18:39:29  마지막충격발생ms:818024
18:39:29  송신:9261
18:39:29  지팡이수신:8753
18:39:29  GPS위성:6
18:39:29  GPS_HDOP:2.00
18:39:29  원시위도:37.496740
18:39:29  원시경도:126.958010
18:39:29  GPS채택:1676
18:39:29  GPS이상치거부:71
18:39:29  GPS품질거부:54
18:39:29  GPS재기준:12
18:39:29  계산거리:21.91
18:39:29  접근속도:-0.44
18:39:29  TTC:999.00
18:39:29  방향오차:145.3
18:39:29  전방여부:0
18:39:29  위험음성횟수:0
18:39:29  충격음성횟수:4
18:39:29  마지막위험음성:0
18:39:29  RSSI원시:-73
18:39:29  RSSI평활:-75.2
18:39:29  RSSI샘플:8753
18:39:29  RSSI경과ms:71
18:39:29  위험송신:8753
18:39:31  시각ms:974036
18:39:31  IMU시각ms:974035
18:39:31  위험:0
18:39:31  원시위험:0
18:39:31  GPS유효:1
18:39:31  위도:37.496722
18:39:31  경도:126.958000
18:39:31  속도:0.67
18:39:31  방향:332.0
18:39:31  이동방향유효:1
18:39:31  GPS이동방향:332.0
18:39:31  차체방향유효:0
18:39:31  차체방향:226.0
18:39:31  후진판정:1
18:39:31  IMU요회전속도:0.00
18:39:31  방향가속도크기:10.16
18:39:31  방향자이로크기:82.31
18:39:31  방향자세cos:0.9681
18:39:31  자기모델잔차:2.44
18:39:31  자기모델반경:0.187
18:39:31  방향채택:72936
18:39:31  방향거부:45620
18:39:31  GPS원시속도:0.720
18:39:31  GPS원시방향유효:1
18:39:31  GPS원시방향:265.0
18:39:31  가속도:-3.55,1.94,9.32
18:39:31  자이로:43.5,-69.7,-5.3
18:39:31  자력계:3.750,-30.300,1.500
18:39:31  충격값:3.76
18:39:31  충격피크:23.14
18:39:31  마지막충격발생값:101.60
18:39:31  마지막충격발생ms:818024
18:39:31  송신:9282
18:39:31  지팡이수신:8774
18:39:31  GPS위성:6
18:39:31  GPS_HDOP:2.00
18:39:31  원시위도:37.496722
18:39:31  원시경도:126.957995
18:39:31  GPS채택:1681
18:39:31  GPS이상치거부:71
18:39:31  GPS품질거부:54
18:39:31  GPS재기준:12
18:39:31  계산거리:21.22
18:39:31  접근속도:-0.37
18:39:31  TTC:999.00
18:39:31  방향오차:-123.8
18:39:31  전방여부:0
18:39:31  위험음성횟수:0
18:39:31  충격음성횟수:4
18:39:31  마지막위험음성:0
18:39:31  RSSI원시:-68
18:39:31  RSSI평활:-68.3
18:39:31  RSSI샘플:8774
18:39:31  RSSI경과ms:90
18:39:31  위험송신:8774
18:39:31  시각ms:974140
18:39:31  IMU시각ms:974140
18:39:31  위험:0
18:39:31  원시위험:0
18:39:31  GPS유효:1
18:39:31  위도:37.496722
18:39:31  경도:126.957997
18:39:31  속도:0.79
18:39:31  방향:306.0
18:39:31  이동방향유효:1
18:39:31  GPS이동방향:306.0
18:39:31  차체방향유효:0
18:39:31  차체방향:226.0
18:39:31  후진판정:1
18:39:31  IMU요회전속도:0.00
18:39:31  방향가속도크기:7.77
18:39:31  방향자이로크기:47.12
18:39:31  방향자세cos:0.9803
18:39:31  자기모델잔차:2.36
18:39:31  자기모델반경:0.211
18:39:31  방향채택:72936
18:39:31  방향거부:45633
18:39:31  GPS원시속도:0.916
18:39:31  GPS원시방향유효:1
18:39:31  GPS원시방향:257.7
18:39:31  가속도:0.38,6.48,4.27
18:39:31  자이로:44.4,-15.6,-2.4
18:39:31  자력계:2.850,-28.800,0.150
18:39:31  충격값:7.94
18:39:31  충격피크:12.99
18:39:31  마지막충격발생값:101.60
18:39:31  마지막충격발생ms:818024
18:39:31  송신:9283
18:39:31  지팡이수신:8775
18:39:31  GPS위성:6
18:39:31  GPS_HDOP:2.00
18:39:31  원시위도:37.496722
18:39:31  원시경도:126.957995
18:39:31  GPS채택:1682
18:39:31  GPS이상치거부:71
18:39:31  GPS품질거부:54
18:39:31  GPS재기준:12
18:39:31  계산거리:21.59
18:39:31  접근속도:-0.38
18:39:31  TTC:999.00
18:39:31  방향오차:-124.3
18:39:31  전방여부:0
18:39:31  위험음성횟수:0
18:39:31  충격음성횟수:4
18:39:31  마지막위험음성:0
18:39:31  RSSI원시:-68
18:39:31  RSSI평활:-68.3
18:39:31  RSSI샘플:8775
18:39:31  RSSI경과ms:91
18:39:31  위험송신:8775
18:39:31  시각ms:974453
18:39:31  IMU시각ms:974453
18:39:31  위험:0
18:39:31  원시위험:0
18:39:31  GPS유효:1
18:39:31  위도:37.496721
18:39:31  경도:126.957994
18:39:31  속도:0.79
18:39:31  방향:306.0
18:39:31  이동방향유효:1
18:39:31  GPS이동방향:306.0
18:39:31  차체방향유효:0
18:39:31  차체방향:226.0
18:39:31  후진판정:1
18:39:31  IMU요회전속도:0.00
18:39:31  방향가속도크기:1.11
18:39:31  방향자이로크기:67.97
18:39:31  방향자세cos:0.9651
18:39:31  자기모델잔차:2.92
18:39:31  자기모델반경:0.185
18:39:31  방향채택:72936
18:39:31  방향거부:45670
18:39:31  GPS원시속도:0.916
18:39:31  GPS원시방향유효:1
18:39:31  GPS원시방향:257.7
18:39:31  가속도:0.95,0.01,0.57
18:39:31  자이로:36.8,33.9,46.0
18:39:31  자력계:1.650,-29.700,0.900
18:39:31  충격값:8.01
18:39:31  충격피크:10.89
18:39:31  마지막충격발생값:101.60
18:39:31  마지막충격발생ms:818024
18:39:31  송신:9286
18:39:31  지팡이수신:8778
18:39:31  GPS위성:6
18:39:31  GPS_HDOP:2.00
18:39:31  원시위도:37.496722
18:39:31  원시경도:126.957995
18:39:31  GPS채택:1682
18:39:31  GPS이상치거부:71
18:39:31  GPS품질거부:54
18:39:31  GPS재기준:12
18:39:31  계산거리:20.90
18:39:31  접근속도:-0.13
18:39:31  TTC:999.00
18:39:31  방향오차:-98.8
18:39:31  전방여부:0
18:39:31  위험음성횟수:0
18:39:31  충격음성횟수:4
18:39:31  마지막위험음성:0
18:39:31  RSSI원시:-69
18:39:31  RSSI평활:-67.4
18:39:31  RSSI샘플:8778
18:39:31  RSSI경과ms:89
18:39:31  위험송신:8778
18:39:33  시각ms:976544
18:39:33  IMU시각ms:976544
18:39:33  위험:0
18:39:33  원시위험:0
18:39:33  GPS유효:1
18:39:33  위도:37.496720
18:39:33  경도:126.957977
18:39:33  속도:0.74
18:39:33  방향:271.1
18:39:33  이동방향유효:1
18:39:33  GPS이동방향:271.1
18:39:33  차체방향유효:0
18:39:33  차체방향:226.0
18:39:33  후진판정:1
18:39:33  IMU요회전속도:0.00
18:39:33  방향가속도크기:9.78
18:39:33  방향자이로크기:14.19
18:39:33  방향자세cos:0.9362
18:39:33  자기모델잔차:4.75
18:39:33  자기모델반경:0.247
18:39:33  방향채택:72936
18:39:33  방향거부:45927
18:39:33  GPS원시속도:0.684
18:39:33  GPS원시방향유효:1
18:39:33  GPS원시방향:264.5
18:39:33  가속도:1.87,-2.10,9.36
18:39:33  자이로:-2.0,5.6,12.9
18:39:33  자력계:2.250,-27.150,2.250
18:39:33  충격값:3.02
18:39:33  충격피크:14.44
18:39:33  마지막충격발생값:101.60
18:39:33  마지막충격발생ms:818024
18:39:33  송신:9306
18:39:33  지팡이수신:8797
18:39:33  GPS위성:6
18:39:33  GPS_HDOP:2.00
18:39:33  원시위도:37.496720
18:39:33  원시경도:126.957982
18:39:33  GPS채택:1686
18:39:33  GPS이상치거부:71
18:39:33  GPS품질거부:54
18:39:33  GPS재기준:12
18:39:33  계산거리:21.77
18:39:33  접근속도:0.28
18:39:33  TTC:999.00
18:39:33  방향오차:-67.5
18:39:33  전방여부:0
18:39:33  위험음성횟수:0
18:39:33  충격음성횟수:4
18:39:33  마지막위험음성:0
18:39:33  RSSI원시:-71
18:39:33  RSSI평활:-68.4
18:39:33  RSSI샘플:8797
18:39:33  RSSI경과ms:194
18:39:33  위험송신:8797
18:39:34  시각ms:976966
18:39:34  IMU시각ms:976965
18:39:34  위험:0
18:39:34  원시위험:0
18:39:34  GPS유효:1
18:39:34  위도:37.496719
18:39:34  경도:126.957975
18:39:34  속도:0.71
18:39:34  방향:268.8
18:39:34  이동방향유효:1
18:39:34  GPS이동방향:268.8
18:39:34  차체방향유효:0
18:39:34  차체방향:226.0
18:39:34  후진판정:1
18:39:34  IMU요회전속도:0.00
18:39:34  방향가속도크기:7.48
18:39:34  방향자이로크기:55.83
18:39:34  방향자세cos:0.9983
18:39:34  자기모델잔차:2.83
18:39:34  자기모델반경:0.258
18:39:34  방향채택:72936
18:39:34  방향거부:45979
18:39:34  GPS원시속도:0.684
18:39:34  GPS원시방향유효:1
18:39:34  GPS원시방향:264.5
18:39:34  가속도:0.37,-0.30,7.46
18:39:34  자이로:32.9,45.1,0.2
18:39:34  자력계:0.300,-27.150,-0.750
18:39:34  충격값:2.87
18:39:34  충격피크:6.01
18:39:34  마지막충격발생값:101.60
18:39:34  마지막충격발생ms:818024
18:39:34  송신:9310
18:39:34  지팡이수신:8801
18:39:34  GPS위성:5
18:39:34  GPS_HDOP:2.40
18:39:34  원시위도:37.496718
18:39:34  원시경도:126.957977
18:39:34  GPS채택:1687
18:39:34  GPS이상치거부:71
18:39:34  GPS품질거부:54
18:39:34  GPS재기준:12
18:39:34  계산거리:21.77
18:39:34  접근속도:0.28
18:39:34  TTC:999.00
18:39:34  방향오차:-68.2
18:39:34  전방여부:0
18:39:34  위험음성횟수:0
18:39:34  충격음성횟수:4
18:39:34  마지막위험음성:0
18:39:34  RSSI원시:-69
18:39:34  RSSI평활:-69.6
18:39:34  RSSI샘플:8801
18:39:34  RSSI경과ms:101
18:39:34  위험송신:8801
18:39:35  시각ms:978037
18:39:35  IMU시각ms:978013
18:39:35  위험:0
18:39:35  원시위험:0
18:39:35  GPS유효:1
18:39:35  위도:37.496717
18:39:35  경도:126.957973
18:39:35  속도:0.71
18:39:35  방향:267.3
18:39:35  이동방향유효:1
18:39:35  GPS이동방향:267.3
18:39:35  차체방향유효:0
18:39:35  차체방향:226.0
18:39:35  후진판정:1
18:39:35  IMU요회전속도:0.00
18:39:35  방향가속도크기:9.70
18:39:35  방향자이로크기:4.04
18:39:35  방향자세cos:0.9992
18:39:35  자기모델잔차:0.48
18:39:35  자기모델반경:0.277
18:39:35  방향채택:72936
18:39:35  방향거부:46100
18:39:35  GPS원시속도:0.705
18:39:35  GPS원시방향유효:1
18:39:35  GPS원시방향:266.1
18:39:35  가속도:-0.39,0.87,9.65
18:39:35  자이로:-2.6,-0.5,-3.1
18:39:35  자력계:1.500,-24.300,-2.250
18:39:35  충격값:0.10
18:39:35  충격피크:0.27
18:39:35  마지막충격발생값:101.60
18:39:35  마지막충격발생ms:818024
18:39:35  송신:9320
18:39:35  지팡이수신:8812
18:39:35  GPS위성:5
18:39:35  GPS_HDOP:2.40
18:39:35  원시위도:37.496717
18:39:35  원시경도:126.957977
18:39:35  GPS채택:1689
18:39:35  GPS이상치거부:71
18:39:35  GPS품질거부:54
18:39:35  GPS재기준:12
18:39:35  계산거리:22.29
18:39:35  접근속도:0.29
18:39:35  TTC:999.00
18:39:35  방향오차:-65.1
18:39:35  전방여부:0
18:39:35  위험음성횟수:0
18:39:35  충격음성횟수:4
18:39:35  마지막위험음성:0
18:39:35  RSSI원시:-76
18:39:35  RSSI평활:-73.6
18:39:35  RSSI샘플:8812
18:39:35  RSSI경과ms:29
18:39:35  위험송신:8812
18:39:35  시각ms:978230
18:39:35  IMU시각ms:978230
18:39:35  위험:0
18:39:35  원시위험:0
18:39:35  GPS유효:1
18:39:35  위도:37.496717
18:39:35  경도:126.957973
18:39:35  속도:0.51
18:39:35  방향:267.3
18:39:35  이동방향유효:1
18:39:35  GPS이동방향:267.3
18:39:35  차체방향유효:0
18:39:35  차체방향:226.0
18:39:35  후진판정:1
18:39:35  IMU요회전속도:0.00
18:39:35  방향가속도크기:9.78
18:39:35  방향자이로크기:1.60
18:39:35  방향자세cos:0.9988
18:39:35  자기모델잔차:1.84
18:39:35  자기모델반경:0.273
18:39:35  방향채택:72936
18:39:35  방향거부:46122
18:39:35  GPS원시속도:0.314
18:39:35  GPS원시방향유효:1
18:39:35  GPS원시방향:266.1
18:39:35  가속도:-0.18,0.87,9.73
18:39:35  자이로:0.3,1.5,0.3
18:39:35  자력계:1.650,-24.150,-0.900
18:39:35  충격값:0.28
18:39:35  충격피크:0.28
18:39:35  마지막충격발생값:101.60
18:39:35  마지막충격발생ms:818024
18:39:35  송신:9322
18:39:35  지팡이수신:8813
18:39:35  GPS위성:5
18:39:35  GPS_HDOP:2.40
18:39:35  원시위도:37.496717
18:39:35  원시경도:126.957977
18:39:35  GPS채택:1690
18:39:35  GPS이상치거부:71
18:39:35  GPS품질거부:54
18:39:35  GPS재기준:12
18:39:35  계산거리:22.54
18:39:35  접근속도:0.22
18:39:35  TTC:999.00
18:39:35  방향오차:-63.5
18:39:35  전방여부:0
18:39:35  위험음성횟수:0
18:39:35  충격음성횟수:4
18:39:35  마지막위험음성:0
18:39:35  RSSI원시:-72
18:39:35  RSSI평활:-73.3
18:39:35  RSSI샘플:8813
18:39:35  RSSI경과ms:116
18:39:35  위험송신:8813
18:39:35  시각ms:978669
18:39:35  IMU시각ms:978646
18:39:35  위험:0
18:39:35  원시위험:0
18:39:35  GPS유효:1
18:39:35  위도:37.496717
18:39:35  경도:126.957972
18:39:35  속도:0.51
18:39:35  방향:267.3
18:39:35  이동방향유효:1
18:39:35  GPS이동방향:267.3
18:39:35  차체방향유효:0
18:39:35  차체방향:226.0
18:39:35  후진판정:1
18:39:35  IMU요회전속도:0.00
18:39:36  방향가속도크기:9.77
18:39:36  방향자이로크기:2.79
18:39:36  방향자세cos:0.9985
18:39:36  자기모델잔차:1.84
18:39:36  자기모델반경:0.320
18:39:36  방향채택:72936
18:39:36  방향거부:46172
18:39:36  GPS원시속도:0.314
18:39:36  GPS원시방향유효:1
18:39:36  GPS원시방향:266.1
18:39:36  가속도:-0.22,0.97,9.72
18:39:36  자이로:1.9,0.3,2.0
18:39:36  자력계:0.750,-22.800,-1.050
18:39:36  충격값:0.18
18:39:36  충격피크:0.22
18:39:36  마지막충격발생값:101.60
18:39:36  마지막충격발생ms:818024
18:39:36  송신:9326
18:39:36  지팡이수신:8817
18:39:36  GPS위성:5
18:39:36  GPS_HDOP:2.40
18:39:36  원시위도:37.496717
18:39:36  원시경도:126.957977
18:39:36  GPS채택:1690
18:39:36  GPS이상치거부:71
18:39:36  GPS품질거부:54
18:39:36  GPS재기준:12
18:39:36  계산거리:22.54
18:39:36  접근속도:0.22
18:39:36  TTC:999.00
18:39:36  방향오차:-63.6
18:39:36  전방여부:0
18:39:36  위험음성횟수:0
18:39:36  충격음성횟수:4
18:39:36  마지막위험음성:0
18:39:36  RSSI원시:-75
18:39:36  RSSI평활:-74.5
18:39:36  RSSI샘플:8817
18:39:36  RSSI경과ms:24
18:39:36  위험송신:8817
18:39:36  시각ms:978972
18:39:36  IMU시각ms:978971
18:39:36  위험:0
18:39:36  원시위험:0
18:39:36  GPS유효:1
18:39:36  위도:37.496717
18:39:36  경도:126.957973
18:39:36  속도:0.41
18:39:36  방향:267.3
18:39:36  이동방향유효:0
18:39:36  GPS이동방향:267.3
18:39:36  차체방향유효:0
18:39:36  차체방향:226.0
18:39:36  후진판정:1
18:39:36  IMU요회전속도:0.00
18:39:36  방향가속도크기:9.70
18:39:36  방향자이로크기:1.50
18:39:36  방향자세cos:0.9983
18:39:36  자기모델잔차:1.04
18:39:36  자기모델반경:0.249
18:39:36  방향채택:72936
18:39:36  방향거부:46209
18:39:36  GPS원시속도:0.314
18:39:36  GPS원시방향유효:1
18:39:36  GPS원시방향:266.1
18:39:36  가속도:-0.45,1.05,9.63
18:39:36  자이로:-1.5,-0.4,0.0
18:39:36  자력계:1.800,-25.950,-1.500
18:39:36  충격값:0.10
18:39:36  충격피크:0.18
18:39:36  마지막충격발생값:101.60
18:39:36  마지막충격발생ms:818024
18:39:36  송신:9329
18:39:36  지팡이수신:8820
18:39:36  GPS위성:5
18:39:36  GPS_HDOP:2.40
18:39:36  원시위도:37.496715
18:39:36  원시경도:126.957978
18:39:36  GPS채택:1691
18:39:36  GPS이상치거부:71
18:39:36  GPS품질거부:54
18:39:36  GPS재기준:12
18:39:36  계산거리:23.33
18:39:36  접근속도:0.00
18:39:36  TTC:999.00
18:39:36  방향오차:-64.8
18:39:36  전방여부:0
18:39:36  위험음성횟수:0
18:39:36  충격음성횟수:4
18:39:36  마지막위험음성:0
18:39:36  RSSI원시:-78
18:39:36  RSSI평활:-75.7
18:39:36  RSSI샘플:8820
18:39:36  RSSI경과ms:26
18:39:36  위험송신:8820
18:39:36  시각ms:979497
18:39:36  IMU시각ms:979497
18:39:36  위험:0
18:39:36  원시위험:0
18:39:36  GPS유효:1
18:39:36  위도:37.496717
18:39:36  경도:126.957973
18:39:36  속도:0.21
18:39:36  방향:267.3
18:39:36  이동방향유효:0
18:39:36  GPS이동방향:267.3
18:39:36  차체방향유효:0
18:39:36  차체방향:226.0
18:39:36  후진판정:1
18:39:36  IMU요회전속도:0.00
18:39:36  방향가속도크기:9.76
18:39:36  방향자이로크기:1.72
18:39:36  방향자세cos:0.9988
18:39:36  자기모델잔차:2.62
18:39:36  자기모델반경:0.240
18:39:36  방향채택:72936
18:39:36  방향거부:46274
18:39:36  GPS원시속도:0.000
18:39:36  GPS원시방향유효:1
18:39:36  GPS원시방향:266.1
18:39:36  가속도:-0.34,0.94,9.71
18:39:36  자이로:0.1,1.0,-1.4
18:39:36  자력계:2.250,-25.200,0.000
18:39:36  충격값:0.07
18:39:36  충격피크:0.22
18:39:36  마지막충격발생값:101.60
18:39:36  마지막충격발생ms:818024
18:39:36  송신:9334
18:39:36  지팡이수신:8824
18:39:36  GPS위성:5
18:39:36  GPS_HDOP:2.40
18:39:36  원시위도:37.496715
18:39:36  원시경도:126.957978
18:39:36  GPS채택:1692
18:39:36  GPS이상치거부:71
18:39:36  GPS품질거부:54
18:39:36  GPS재기준:12
18:39:36  계산거리:23.33
18:39:36  접근속도:0.00
18:39:36  TTC:999.00
18:39:36  방향오차:-64.7
18:39:36  전방여부:0
18:39:36  위험음성횟수:0
18:39:36  충격음성횟수:4
18:39:36  마지막위험음성:0
18:39:36  RSSI원시:-77
18:39:36  RSSI평활:-76.5
18:39:36  RSSI샘플:8824
18:39:36  RSSI경과ms:23
18:39:36  위험송신:8824
18:39:37  시각ms:979602
18:39:37  IMU시각ms:979602
18:39:37  위험:0
18:39:37  원시위험:0
18:39:37  GPS유효:1
18:39:37  위도:37.496717
18:39:37  경도:126.957973
18:39:37  속도:0.21
18:39:37  방향:267.3
18:39:37  이동방향유효:0
18:39:37  GPS이동방향:267.3
18:39:37  차체방향유효:0
18:39:37  차체방향:226.0
18:39:37  후진판정:1
18:39:37  IMU요회전속도:0.00
18:39:37  방향가속도크기:9.75
18:39:37  방향자이로크기:4.02
18:39:37  방향자세cos:0.9987
18:39:37  자기모델잔차:2.15
18:39:37  자기모델반경:0.244
18:39:37  방향채택:72936
18:39:37  방향거부:46287
18:39:37  GPS원시속도:0.000
18:39:37  GPS원시방향유효:1
18:39:37  GPS원시방향:266.1
18:39:37  가속도:-0.40,0.97,9.70
18:39:37  자이로:3.1,2.4,-0.8
18:39:37  자력계:2.100,-25.350,-0.450
18:39:37  충격값:0.04
18:39:37  충격피크:0.17
18:39:37  마지막충격발생값:101.60
18:39:37  마지막충격발생ms:818024
18:39:37  송신:9335
18:39:37  지팡이수신:8825
18:39:37  GPS위성:5
18:39:37  GPS_HDOP:2.40
18:39:37  원시위도:37.496715
18:39:37  원시경도:126.957978
18:39:37  GPS채택:1692
18:39:37  GPS이상치거부:71
18:39:37  GPS품질거부:54
18:39:37  GPS재기준:12
18:39:37  계산거리:23.33
18:39:37  접근속도:0.00
18:39:37  TTC:999.00
18:39:37  방향오차:-64.7
18:39:37  전방여부:0
18:39:37  위험음성횟수:0
18:39:37  충격음성횟수:4
18:39:37  마지막위험음성:0
18:39:37  RSSI원시:-77
18:39:37  RSSI평활:-76.6
18:39:37  RSSI샘플:8825
18:39:37  RSSI경과ms:30
18:39:37  위험송신:8825
18:39:37  시각ms:979812
18:39:37  IMU시각ms:979812
18:39:37  위험:0
18:39:37  원시위험:0
18:39:37  GPS유효:1
18:39:37  위도:37.496717
18:39:37  경도:126.957973
18:39:37  속도:0.21
18:39:37  방향:267.3
18:39:37  이동방향유효:0
18:39:37  GPS이동방향:267.3
18:39:37  차체방향유효:0
18:39:37  차체방향:226.0
18:39:37  후진판정:1
18:39:37  IMU요회전속도:0.00
18:39:37  방향가속도크기:9.73
18:39:37  방향자이로크기:1.43
18:39:37  방향자세cos:0.9985
18:39:37  자기모델잔차:2.28
18:39:37  자기모델반경:0.252
18:39:37  방향채택:72936
18:39:37  방향거부:46313
18:39:37  GPS원시속도:0.000
18:39:37  GPS원시방향유효:1
18:39:37  GPS원시방향:266.1
18:39:37  가속도:-0.42,1.02,9.67
18:39:37  자이로:0.0,0.4,-1.4
18:39:37  자력계:1.800,-25.500,-0.300
18:39:37  충격값:0.07
18:39:37  충격피크:0.17
18:39:37  마지막충격발생값:101.60
18:39:37  마지막충격발생ms:818024
18:39:37  송신:9337
18:39:37  지팡이수신:8827
18:39:37  GPS위성:5
18:39:37  GPS_HDOP:2.40
18:39:37  원시위도:37.496715
18:39:37  원시경도:126.957978
18:39:37  GPS채택:1692
18:39:37  GPS이상치거부:71
18:39:37  GPS품질거부:54
18:39:37  GPS재기준:12
18:39:37  계산거리:23.33
18:39:37  접근속도:0.00
18:39:37  TTC:999.00
18:39:37  방향오차:-64.7
18:39:37  전방여부:0
18:39:37  위험음성횟수:0
18:39:37  충격음성횟수:4
18:39:37  마지막위험음성:0
18:39:37  RSSI원시:-76
18:39:37  RSSI평활:-76.5
18:39:37  RSSI샘플:8827
18:39:37  RSSI경과ms:32
18:39:37  위험송신:8827
