17:30:08  시각ms:1683186
17:30:08  IMU시각ms:1683186
17:30:08  위험:0
17:30:08  GPS유효:1
17:30:08  위도:37.496658
17:30:08  경도:126.957901
17:30:08  속도:0.018
17:30:08  방향:188.0
17:30:08  GPS원시속도:0.021
17:30:08  GPS원시방향유효:1
17:30:08  GPS원시방향:187.0
17:30:08  가속도:3.917,-6.043,6.747
17:30:08  자이로:-2.840,-0.015,1.198
17:30:08  자력계:-13.650,13.500,0.150
17:30:08  송신:16441
17:30:08  GPS위성:8
17:30:08  GPS_HDOP:1.12
17:30:08  원시위도:37.496659
17:30:08  원시경도:126.957899
17:30:08  GPS채택:2278
17:30:08  GPS이상치거부:8
17:30:08  GPS품질거부:191
17:30:08  GPS재기준:1
17:30:08  RSSI원시:-87
17:30:08  RSSI평활:-84.5
17:30:08  RSSI샘플:31430
17:30:08  RSSI경과ms:54
17:30:08  차량수신:15537
17:30:08  시각ms:1683256
17:30:08  IMU시각ms:1683256
17:30:08  위험:0
17:30:08  GPS유효:1
17:30:08  위도:37.496658
17:30:08  경도:126.957901
17:30:08  속도:0.018
17:30:08  방향:188.0
17:30:08  GPS원시속도:0.021
17:30:08  GPS원시방향유효:1
17:30:08  GPS원시방향:187.0
17:30:08  가속도:4.104,-6.081,6.833
17:30:08  자이로:-2.443,0.122,1.534
17:30:08  자력계:-13.200,13.500,-2.250
17:30:08  송신:16442
17:30:08  GPS위성:8
17:30:08  GPS_HDOP:1.12
17:30:08  원시위도:37.496659
17:30:08  원시경도:126.957899
17:30:08  GPS채택:2278
17:30:08  GPS이상치거부:8
17:30:08  GPS품질거부:191
17:30:08  GPS재기준:1
17:30:08  RSSI원시:-87
17:30:08  RSSI평활:-84.5
17:30:08  RSSI샘플:31430
17:30:08  RSSI경과ms:124
17:30:08  차량수신:15537
17:30:08  시각ms:1683322
17:30:08  IMU시각ms:1683322
17:30:08  위험:0
17:30:08  GPS유효:1
17:30:08  위도:37.496658
17:30:08  경도:126.957901
17:30:08  속도:0.018
17:30:08  방향:188.0
17:30:08  GPS원시속도:0.021
17:30:08  GPS원시방향유효:1
17:30:08  GPS원시방향:187.0
17:30:08  가속도:4.128,-6.057,6.737
17:30:08  자이로:-0.924,-4.527,-3.214
17:30:08  자력계:-14.400,12.000,0.450
17:30:08  송신:16442
17:30:08  GPS위성:8
17:30:08  GPS_HDOP:1.12
17:30:08  원시위도:37.496659
17:30:08  원시경도:126.957899
17:30:08  GPS채택:2278
17:30:08  GPS이상치거부:8
17:30:08  GPS품질거부:191
17:30:08  GPS재기준:1
17:30:08  RSSI원시:-86
17:30:08  RSSI평활:-84.7
17:30:08  RSSI샘플:31432
17:30:08  RSSI경과ms:9
17:30:08  차량수신:15538
17:30:09  시각ms:1683371
17:30:09  IMU시각ms:1683371
17:30:09  위험:0
17:30:09  GPS유효:1
17:30:09  위도:37.496658
17:30:09  경도:126.957901
17:30:09  속도:0.018
17:30:09  방향:188.0
17:30:09  GPS원시속도:0.021
17:30:09  GPS원시방향유효:1
17:30:09  GPS원시방향:187.0
17:30:09  가속도:4.017,-6.005,6.670
17:30:09  자이로:-2.802,-0.443,1.031
17:30:09  자력계:-11.700,13.950,1.200
17:30:09  송신:16443
17:30:09  GPS위성:8
17:30:09  GPS_HDOP:1.12
17:30:09  원시위도:37.496659
17:30:09  원시경도:126.957899
17:30:09  GPS채택:2278
17:30:09  GPS이상치거부:8
17:30:09  GPS품질거부:191
17:30:09  GPS재기준:1
17:30:09  RSSI원시:-84
17:30:09  RSSI평활:-84.6
17:30:09  RSSI샘플:31433
17:30:09  RSSI경과ms:27
17:30:09  차량수신:15538
17:30:09  시각ms:1683492
17:30:09  IMU시각ms:1683492
17:30:09  위험:0
17:30:09  GPS유효:1
17:30:09  위도:37.496658
17:30:09  경도:126.957901
17:30:09  속도:0.018
17:30:09  방향:188.0
17:30:09  GPS원시속도:0.021
17:30:09  GPS원시방향유효:1
17:30:09  GPS원시방향:187.0
17:30:09  가속도:4.022,-6.048,6.785
17:30:09  자이로:-1.015,-3.786,1.695
17:30:09  자력계:-12.750,13.350,1.350
17:30:09  송신:16444
17:30:09  GPS위성:8
17:30:09  GPS_HDOP:1.12
17:30:09  원시위도:37.496659
17:30:09  원시경도:126.957899
17:30:09  GPS채택:2278
17:30:09  GPS이상치거부:8
17:30:09  GPS품질거부:191
17:30:09  GPS재기준:1
17:30:09  RSSI원시:-84
17:30:09  RSSI평활:-84.4
17:30:09  RSSI샘플:31435
17:30:09  RSSI경과ms:58
17:30:09  차량수신:15539
17:30:09  시각ms:1683623
17:30:09  IMU시각ms:1683623
17:30:09  위험:0
17:30:09  GPS유효:1
17:30:09  위도:37.496658
17:30:09  경도:126.957901
17:30:09  속도:0.014
17:30:09  방향:188.0
17:30:09  GPS원시속도:0.005
17:30:09  GPS원시방향유효:1
17:30:09  GPS원시방향:187.0
17:30:09  가속도:4.041,-5.933,6.713
17:30:09  자이로:0.267,-1.443,-0.351
17:30:09  자력계:-15.300,13.350,-0.600
17:30:09  송신:16445
17:30:09  GPS위성:8
17:30:09  GPS_HDOP:1.12
17:30:09  원시위도:37.496660
17:30:09  원시경도:126.957898
17:30:09  GPS채택:2279
17:30:09  GPS이상치거부:8
17:30:09  GPS품질거부:191
17:30:09  GPS재기준:1
17:30:09  RSSI원시:-82
17:30:09  RSSI평활:-83.4
17:30:09  RSSI샘플:31437
17:30:09  RSSI경과ms:73
17:30:09  차량수신:15540
17:30:09  시각ms:1683880
17:30:09  IMU시각ms:1683880
17:30:09  위험:0
17:30:09  GPS유효:1
17:30:09  위도:37.496658
17:30:09  경도:126.957901
17:30:09  속도:0.011
17:30:09  방향:188.0
17:30:09  GPS원시속도:0.005
17:30:09  GPS원시방향유효:1
17:30:09  GPS원시방향:187.0
17:30:09  가속도:4.089,-6.076,6.756
17:30:09  자이로:0.481,0.496,-1.366
17:30:09  자력계:-14.550,13.350,-0.600
17:30:09  송신:16448
17:30:09  GPS위성:8
17:30:09  GPS_HDOP:1.12
17:30:09  원시위도:37.496660
17:30:09  원시경도:126.957898
17:30:09  GPS채택:2280
17:30:09  GPS이상치거부:8
17:30:09  GPS품질거부:191
17:30:09  GPS재기준:1
17:30:09  RSSI원시:-84
17:30:09  RSSI평활:-84.0
17:30:09  RSSI샘플:31441
17:30:09  RSSI경과ms:34
17:30:09  차량수신:15542
17:30:09  시각ms:1684201
17:30:09  IMU시각ms:1684201
17:30:09  위험:0
17:30:09  GPS유효:1
17:30:09  위도:37.496658
17:30:09  경도:126.957901
17:30:09  속도:0.011
17:30:09  방향:188.0
17:30:09  GPS원시속도:0.005
17:30:09  GPS원시방향유효:1
17:30:09  GPS원시방향:187.0
17:30:09  가속도:4.022,-6.100,6.713
17:30:09  자이로:-0.588,-3.191,1.221
17:30:09  자력계:-12.300,13.350,0.000
17:30:09  송신:16451
17:30:09  GPS위성:8
17:30:09  GPS_HDOP:1.12
17:30:09  원시위도:37.496660
17:30:09  원시경도:126.957898
17:30:09  GPS채택:2280
17:30:09  GPS이상치거부:8
17:30:09  GPS품질거부:191
17:30:09  GPS재기준:1
17:30:09  RSSI원시:-81
17:30:09  RSSI평활:-82.2
17:30:09  RSSI샘플:31445
17:30:09  RSSI경과ms:59
17:30:09  차량수신:15543
17:30:09  시각ms:1684265
17:30:09  IMU시각ms:1684265
17:30:09  위험:0
17:30:09  GPS유효:1
17:30:09  위도:37.496658
17:30:09  경도:126.957901
17:30:09  속도:0.011
17:30:09  방향:188.0
17:30:09  GPS원시속도:0.005
17:30:09  GPS원시방향유효:1
17:30:09  GPS원시방향:187.0
17:30:09  가속도:4.032,-6.076,6.795
17:30:09  자이로:0.405,-0.847,-0.038
17:30:09  자력계:-15.000,12.300,1.050
17:30:09  송신:16452
17:30:09  GPS위성:8
17:30:09  GPS_HDOP:1.12
17:30:09  원시위도:37.496660
17:30:09  원시경도:126.957898
17:30:09  GPS채택:2280
17:30:09  GPS이상치거부:8
17:30:09  GPS품질거부:191
17:30:09  GPS재기준:1
17:30:09  RSSI원시:-84
17:30:09  RSSI평활:-82.6
17:30:09  RSSI샘플:31446
17:30:09  RSSI경과ms:13
17:30:09  차량수신:15543
17:30:10  시각ms:1684616
17:30:10  IMU시각ms:1684616
17:30:10  위험:0
17:30:10  GPS유효:1
17:30:10  위도:37.496662
17:30:10  경도:126.957901
17:30:10  속도:0.014
17:30:10  방향:188.0
17:30:10  GPS원시속도:0.021
17:30:10  GPS원시방향유효:1
17:30:10  GPS원시방향:187.0
17:30:10  가속도:4.166,-6.072,6.823
17:30:10  자이로:-0.412,-0.412,1.992
17:30:10  자력계:-12.900,12.750,-0.900
17:30:10  송신:16455
17:30:10  GPS위성:8
17:30:10  GPS_HDOP:1.12
17:30:10  원시위도:37.496661
17:30:10  원시경도:126.957897
17:30:10  GPS채택:2281
17:30:10  GPS이상치거부:8
17:30:10  GPS품질거부:191
17:30:10  GPS재기준:1
17:30:10  RSSI원시:-80
17:30:10  RSSI평활:-82.3
17:30:10  RSSI샘플:31449
17:30:10  RSSI경과ms:38
17:30:10  차량수신:15544
17:30:10  시각ms:1684817
17:30:10  IMU시각ms:1684817
17:30:10  위험:0
17:30:10  GPS유효:1
17:30:10  위도:37.496662
17:30:10  경도:126.957901
17:30:10  속도:0.016
17:30:10  방향:188.0
17:30:10  GPS원시속도:0.021
17:30:10  GPS원시방향유효:1
17:30:10  GPS원시방향:187.0
17:30:10  가속도:4.113,-6.019,6.804
17:30:10  자이로:-2.084,-2.130,-0.679
17:30:10  자력계:-14.400,13.200,-0.150
17:30:10  송신:16457
17:30:10  GPS위성:8
17:30:10  GPS_HDOP:1.12
17:30:10  원시위도:37.496661
17:30:10  원시경도:126.957897
17:30:10  GPS채택:2282
17:30:10  GPS이상치거부:8
17:30:10  GPS품질거부:191
17:30:10  GPS재기준:1
17:30:10  RSSI원시:-84
17:30:10  RSSI평활:-82.9
17:30:10  RSSI샘플:31452
17:30:10  RSSI경과ms:31
17:30:10  차량수신:15545
17:30:10  시각ms:1684874
17:30:10  IMU시각ms:1684874
17:30:10  위험:0
17:30:10  GPS유효:1
17:30:10  위도:37.496662
17:30:10  경도:126.957901
17:30:10  속도:0.016
17:30:10  방향:188.0
17:30:10  GPS원시속도:0.021
17:30:10  GPS원시방향유효:1
17:30:10  GPS원시방향:187.0
17:30:10  가속도:3.984,-5.966,6.661
17:30:10  자이로:-0.824,-0.435,-2.870
17:30:10  자력계:-14.550,12.600,0.300
17:30:10  송신:16458
17:30:10  GPS위성:8
17:30:10  GPS_HDOP:1.12
17:30:10  원시위도:37.496661
17:30:10  원시경도:126.957897
17:30:10  GPS채택:2282
17:30:10  GPS이상치거부:8
17:30:10  GPS품질거부:191
17:30:10  GPS재기준:1
17:30:10  RSSI원시:-84
17:30:10  RSSI평활:-82.9
17:30:10  RSSI샘플:31452
17:30:10  RSSI경과ms:88
17:30:10  차량수신:15545
17:30:10  시각ms:1684895
17:30:10  IMU시각ms:1684895
17:30:10  위험:0
17:30:10  GPS유효:1
17:30:10  위도:37.496662
17:30:10  경도:126.957901
17:30:10  속도:0.016
17:30:10  방향:188.0
17:30:10  GPS원시속도:0.021
17:30:10  GPS원시방향유효:1
17:30:10  GPS원시방향:187.0
17:30:10  가속도:4.099,-6.024,6.642
17:30:10  자이로:-0.687,-2.168,-1.153
17:30:10  자력계:-15.150,12.450,0.150
17:30:10  송신:16458
17:30:10  GPS위성:8
17:30:10  GPS_HDOP:1.12
17:30:10  원시위도:37.496661
17:30:10  원시경도:126.957897
17:30:10  GPS채택:2282
17:30:10  GPS이상치거부:8
17:30:10  GPS품질거부:191
17:30:10  GPS재기준:1
17:30:10  RSSI원시:-84
17:30:10  RSSI평활:-82.9
17:30:10  RSSI샘플:31452
17:30:10  RSSI경과ms:109
17:30:10  차량수신:15545
17:30:11  시각ms:1685437
17:30:11  IMU시각ms:1685437
17:30:11  위험:0
17:30:11  GPS유효:1
17:30:11  위도:37.496662
17:30:11  경도:126.957901
17:30:11  속도:0.016
17:30:11  방향:188.0
17:30:11  GPS원시속도:0.021
17:30:11  GPS원시방향유효:1
17:30:11  GPS원시방향:187.0
17:30:11  가속도:4.123,-5.962,6.670
17:30:11  자이로:-0.260,0.305,-0.725
17:30:11  자력계:-12.150,13.950,-1.950
17:30:11  송신:16463
17:30:11  GPS위성:8
17:30:11  GPS_HDOP:1.12
17:30:11  원시위도:37.496661
17:30:11  원시경도:126.957897
17:30:11  GPS채택:2282
17:30:11  GPS이상치거부:8
17:30:11  GPS품질거부:191
17:30:11  GPS재기준:1
17:30:11  RSSI원시:-83
17:30:11  RSSI평활:-83.0
17:30:11  RSSI샘플:31460
17:30:11  RSSI경과ms:13
17:30:11  차량수신:15549
17:30:11  시각ms:1685459
17:30:11  IMU시각ms:1685459
17:30:11  위험:0
17:30:11  GPS유효:1
17:30:11  위도:37.496662
17:30:11  경도:126.957901
17:30:11  속도:0.016
17:30:11  방향:188.0
17:30:11  GPS원시속도:0.021
17:30:11  GPS원시방향유효:1
17:30:11  GPS원시방향:187.0
17:30:11  가속도:4.108,-5.971,6.742
17:30:11  자이로:-0.458,-1.779,0.466
17:30:11  자력계:-14.250,13.350,-0.450
17:30:11  송신:16463
17:30:11  GPS위성:8
17:30:11  GPS_HDOP:1.12
17:30:11  원시위도:37.496661
17:30:11  원시경도:126.957897
17:30:11  GPS채택:2282
17:30:11  GPS이상치거부:8
17:30:11  GPS품질거부:191
17:30:11  GPS재기준:1
17:30:11  RSSI원시:-83
17:30:11  RSSI평활:-83.0
17:30:11  RSSI샘플:31460
17:30:11  RSSI경과ms:35
17:30:11  차량수신:15549
17:30:11  시각ms:1685553
17:30:11  IMU시각ms:1685553
17:30:11  위험:0
17:30:11  GPS유효:1
17:30:11  위도:37.496662
17:30:11  경도:126.957901
17:30:11  속도:0.018
17:30:11  방향:188.0
17:30:11  GPS원시속도:0.021
17:30:11  GPS원시방향유효:1
17:30:11  GPS원시방향:187.0
17:30:11  가속도:3.989,-6.029,6.680
17:30:11  자이로:-0.115,-3.198,0.260
17:30:11  자력계:-13.500,13.050,1.050
17:30:11  송신:16464
17:30:11  GPS위성:8
17:30:11  GPS_HDOP:1.12
17:30:11  원시위도:37.496662
17:30:11  원시경도:126.957897
17:30:11  GPS채택:2283
17:30:11  GPS이상치거부:8
17:30:11  GPS품질거부:191
17:30:11  GPS재기준:1
17:30:11  RSSI원시:-81
17:30:11  RSSI평활:-82.5
17:30:11  RSSI샘플:31462
17:30:11  RSSI경과ms:35
17:30:11  차량수신:15550
17:30:11  시각ms:1685588
17:30:11  IMU시각ms:1685588
17:30:11  위험:0
17:30:11  GPS유효:1
17:30:11  위도:37.496662
17:30:11  경도:126.957901
17:30:11  속도:0.018
17:30:11  방향:188.0
17:30:11  GPS원시속도:0.021
17:30:11  GPS원시방향유효:1
17:30:11  GPS원시방향:187.0
17:30:11  가속도:4.132,-6.096,6.613
17:30:11  자이로:-1.641,-0.573,-1.122
17:30:11  자력계:-14.400,13.500,-0.150
17:30:11  송신:16465
17:30:11  GPS위성:8
17:30:11  GPS_HDOP:1.12
17:30:11  원시위도:37.496662
17:30:11  원시경도:126.957897
17:30:11  GPS채택:2283
17:30:11  GPS이상치거부:8
17:30:11  GPS품질거부:191
17:30:11  GPS재기준:1
17:30:11  RSSI원시:-81
17:30:11  RSSI평활:-82.5
17:30:11  RSSI샘플:31462
17:30:11  RSSI경과ms:70
17:30:11  차량수신:15550
17:30:11  시각ms:1685609
17:30:11  IMU시각ms:1685609
17:30:11  위험:0
17:30:11  GPS유효:1
17:30:11  위도:37.496662
17:30:11  경도:126.957901
17:30:11  속도:0.018
17:30:11  방향:188.0
17:30:11  GPS원시속도:0.021
17:30:11  GPS원시방향유효:1
17:30:11  GPS원시방향:187.0
17:30:11  가속도:4.190,-6.029,6.694
17:30:11  자이로:0.107,-0.145,0.397
17:30:11  자력계:-13.800,14.100,-0.600
17:30:11  송신:16465
17:30:11  GPS위성:8
17:30:11  GPS_HDOP:1.12
17:30:11  원시위도:37.496662
17:30:11  원시경도:126.957897
17:30:11  GPS채택:2283
17:30:11  GPS이상치거부:8
17:30:11  GPS품질거부:191
17:30:11  GPS재기준:1
17:30:11  RSSI원시:-81
17:30:11  RSSI평활:-82.5
17:30:11  RSSI샘플:31462
17:30:11  RSSI경과ms:91
17:30:11  차량수신:15550
17:30:11  시각ms:1685710
17:30:11  IMU시각ms:1685710
17:30:11  위험:0
17:30:11  GPS유효:1
17:30:11  위도:37.496662
17:30:11  경도:126.957893
17:30:11  속도:0.019
17:30:11  방향:188.0
17:30:11  GPS원시속도:0.021
17:30:11  GPS원시방향유효:1
17:30:11  GPS원시방향:187.0
17:30:11  가속도:4.190,-6.115,6.709
17:30:11  자이로:-0.977,-0.435,1.458
17:30:11  자력계:-12.450,13.500,0.150
17:30:11  송신:16466
17:30:11  GPS위성:8
17:30:11  GPS_HDOP:1.12
17:30:11  원시위도:37.496662
17:30:11  원시경도:126.957897
17:30:11  GPS채택:2284
17:30:11  GPS이상치거부:8
17:30:11  GPS품질거부:191
17:30:11  GPS재기준:1
17:30:11  RSSI원시:-84
17:30:11  RSSI평활:-82.7
17:30:11  RSSI샘플:31464
17:30:11  RSSI경과ms:24
17:30:11  차량수신:15550
17:30:11  시각ms:1685732
17:30:11  IMU시각ms:1685732
17:30:11  위험:0
17:30:11  GPS유효:1
17:30:11  위도:37.496662
17:30:11  경도:126.957893
17:30:11  속도:0.019
17:30:11  방향:188.0
17:30:11  GPS원시속도:0.021
17:30:11  GPS원시방향유효:1
17:30:11  GPS원시방향:187.0
17:30:11  가속도:4.175,-6.153,6.665
17:30:11  자이로:-2.931,0.786,0.802
17:30:11  자력계:-13.500,11.400,1.350
17:30:11  송신:16466
17:30:11  GPS위성:8
17:30:11  GPS_HDOP:1.12
17:30:11  원시위도:37.496662
17:30:11  원시경도:126.957897
17:30:11  GPS채택:2284
17:30:11  GPS이상치거부:8
17:30:11  GPS품질거부:191
17:30:11  GPS재기준:1
17:30:11  RSSI원시:-83
17:30:11  RSSI평활:-82.8
17:30:11  RSSI샘플:31465
17:30:11  RSSI경과ms:4
17:30:11  차량수신:15551
17:30:11  시각ms:1685754
17:30:11  IMU시각ms:1685754
17:30:11  위험:0
17:30:11  GPS유효:1
17:30:11  위도:37.496662
17:30:11  경도:126.957893
17:30:11  속도:0.019
17:30:11  방향:188.0
17:30:11  GPS원시속도:0.021
17:30:11  GPS원시방향유효:1
17:30:11  GPS원시방향:187.0
17:30:11  가속도:4.051,-6.148,6.613
17:30:11  자이로:-4.664,-0.237,1.099
17:30:11  자력계:-12.150,13.950,0.450
17:30:11  송신:16466
17:30:11  GPS위성:8
17:30:11  GPS_HDOP:1.12
17:30:11  원시위도:37.496662
17:30:11  원시경도:126.957897
17:30:11  GPS채택:2284
17:30:11  GPS이상치거부:8
17:30:11  GPS품질거부:191
17:30:11  GPS재기준:1
17:30:11  RSSI원시:-83
17:30:11  RSSI평활:-82.8
17:30:11  RSSI샘플:31465
17:30:11  RSSI경과ms:26
17:30:11  차량수신:15551
17:30:11  시각ms:1686033
17:30:11  IMU시각ms:1686033
17:30:11  위험:0
17:30:11  GPS유효:1
17:30:11  위도:37.496662
17:30:11  경도:126.957893
17:30:11  속도:0.019
17:30:11  방향:188.0
17:30:11  GPS원시속도:0.021
17:30:11  GPS원시방향유효:1
17:30:11  GPS원시방향:187.0
17:30:11  가속도:3.965,-6.086,6.804
17:30:11  자이로:0.244,-0.924,1.405
17:30:11  자력계:-13.050,12.300,0.600
17:30:11  송신:16469
17:30:11  GPS위성:8
17:30:11  GPS_HDOP:1.12
17:30:11  원시위도:37.496662
17:30:11  원시경도:126.957897
17:30:11  GPS채택:2284
17:30:11  GPS이상치거부:8
17:30:11  GPS품질거부:191
17:30:11  GPS재기준:1
17:30:11  RSSI원시:-85
17:30:11  RSSI평활:-83.3
17:30:11  RSSI샘플:31469
17:30:11  RSSI경과ms:47
17:30:11  차량수신:15553
17:30:11  시각ms:1686188
17:30:11  IMU시각ms:1686176
17:30:11  위험:0
17:30:11  GPS유효:1
17:30:11  위도:37.496662
17:30:11  경도:126.957893
17:30:11  속도:0.019
17:30:11  방향:188.0
17:30:11  GPS원시속도:0.021
17:30:11  GPS원시방향유효:1
17:30:11  GPS원시방향:187.0
17:30:11  가속도:3.936,-5.962,6.680
17:30:11  자이로:-2.092,2.061,-2.824
17:30:11  자력계:-13.950,12.750,-1.500
17:30:11  송신:16471
17:30:11  GPS위성:8
17:30:11  GPS_HDOP:1.12
17:30:11  원시위도:37.496662
17:30:11  원시경도:126.957897
17:30:11  GPS채택:2284
17:30:11  GPS이상치거부:8
17:30:11  GPS품질거부:191
17:30:11  GPS재기준:1
17:30:11  RSSI원시:-85
17:30:11  RSSI평활:-84.1
17:30:11  RSSI샘플:31473
17:30:11  RSSI경과ms:3
17:30:11  차량수신:15555
17:30:11  시각ms:1686218
17:30:11  IMU시각ms:1686218
17:30:11  위험:0
17:30:11  GPS유효:1
17:30:11  위도:37.496662
17:30:11  경도:126.957893
17:30:11  속도:0.019
17:30:11  방향:188.0
17:30:11  GPS원시속도:0.021
17:30:11  GPS원시방향유효:1
17:30:11  GPS원시방향:187.0
17:30:11  가속도:4.099,-6.129,6.819
17:30:11  자이로:-0.191,-0.344,-0.939
17:30:11  자력계:-12.900,11.700,0.450
17:30:11  송신:16471
17:30:11  GPS위성:8
17:30:11  GPS_HDOP:1.12
17:30:11  원시위도:37.496662
17:30:11  원시경도:126.957897
17:30:11  GPS채택:2284
17:30:11  GPS이상치거부:8
17:30:11  GPS품질거부:191
17:30:11  GPS재기준:1
17:30:11  RSSI원시:-85
17:30:11  RSSI평활:-84.1
17:30:11  RSSI샘플:31473
17:30:11  RSSI경과ms:33
17:30:11  차량수신:15555
17:30:12  시각ms:1686605
17:30:12  IMU시각ms:1686605
17:30:12  위험:0
17:30:12  GPS유효:1
17:30:12  위도:37.496662
17:30:12  경도:126.957893
17:30:12  속도:0.016
17:30:12  방향:188.0
17:30:12  GPS원시속도:0.010
17:30:12  GPS원시방향유효:1
17:30:12  GPS원시방향:187.0
17:30:12  가속도:4.017,-6.144,6.742
17:30:12  자이로:-2.786,-0.809,0.031
17:30:12  자력계:-13.950,13.200,1.500
17:30:12  송신:16475
17:30:12  GPS위성:8
17:30:12  GPS_HDOP:1.12
17:30:12  원시위도:37.496663
17:30:12  원시경도:126.957896
17:30:12  GPS채택:2285
17:30:12  GPS이상치거부:8
17:30:12  GPS품질거부:191
17:30:12  GPS재기준:1
17:30:12  RSSI원시:-87
17:30:12  RSSI평활:-85.2
17:30:12  RSSI샘플:31480
17:30:12  RSSI경과ms:46
17:30:12  차량수신:15559
17:30:12  시각ms:1686772
17:30:12  IMU시각ms:1686772
17:30:12  위험:0
17:30:12  GPS유효:1
17:30:12  위도:37.496662
17:30:12  경도:126.957893
17:30:12  속도:0.014
17:30:12  방향:188.0
17:30:12  GPS원시속도:0.010
17:30:12  GPS원시방향유효:1
17:30:12  GPS원시방향:187.0
17:30:12  가속도:3.926,-6.081,6.795
17:30:12  자이로:-1.443,0.092,2.748
17:30:12  자력계:-13.200,12.000,0.150
17:30:12  송신:16476
17:30:12  GPS위성:8
17:30:12  GPS_HDOP:1.12
17:30:12  원시위도:37.496663
17:30:12  원시경도:126.957896
17:30:12  GPS채택:2286
17:30:12  GPS이상치거부:8
17:30:12  GPS품질거부:191
17:30:12  GPS재기준:1
17:30:12  RSSI원시:-87
17:30:12  RSSI평활:-85.7
17:30:12  RSSI샘플:31482
17:30:12  RSSI경과ms:4
17:30:12  차량수신:15560
17:30:12  시각ms:1686908
17:30:12  IMU시각ms:1686908
17:30:12  위험:0
17:30:12  GPS유효:1
17:30:12  위도:37.496662
17:30:12  경도:126.957893
17:30:12  속도:0.014
17:30:12  방향:188.0
17:30:12  GPS원시속도:0.010
17:30:12  GPS원시방향유효:1
17:30:12  GPS원시방향:187.0
17:30:12  가속도:3.994,-6.067,6.747
17:30:12  자이로:-3.130,-0.809,0.603
17:30:12  자력계:-12.900,13.200,-0.150
17:30:12  송신:16478
17:30:12  GPS위성:8
17:30:12  GPS_HDOP:1.12
17:30:12  원시위도:37.496663
17:30:12  원시경도:126.957896
17:30:12  GPS채택:2286
17:30:12  GPS이상치거부:8
17:30:12  GPS품질거부:191
17:30:12  GPS재기준:1
17:30:12  RSSI원시:-87
17:30:12  RSSI평활:-86.2
17:30:12  RSSI샘플:31485
17:30:12  RSSI경과ms:6
17:30:12  차량수신:15561
17:30:12  시각ms:1686974
17:30:12  IMU시각ms:1686974
17:30:12  위험:0
17:30:12  GPS유효:1
17:30:12  위도:37.496662
17:30:12  경도:126.957893
17:30:12  속도:0.014
17:30:12  방향:188.0
17:30:12  GPS원시속도:0.010
17:30:12  GPS원시방향유효:1
17:30:12  GPS원시방향:187.0
17:30:12  가속도:4.080,-6.076,6.756
17:30:12  자이로:-0.863,-3.786,1.122
17:30:12  자력계:-12.150,13.950,0.150
17:30:12  송신:16478
17:30:12  GPS위성:8
17:30:12  GPS_HDOP:1.12
17:30:12  원시위도:37.496663
17:30:12  원시경도:126.957896
17:30:12  GPS채택:2286
17:30:12  GPS이상치거부:8
17:30:12  GPS품질거부:191
17:30:12  GPS재기준:1
17:30:12  RSSI원시:-87
17:30:12  RSSI평활:-86.2
17:30:12  RSSI샘플:31485
17:30:12  RSSI경과ms:72
17:30:12  차량수신:15561
17:30:12  시각ms:1687152
17:30:12  IMU시각ms:1687152
17:30:12  위험:0
17:30:12  GPS유효:1
17:30:12  위도:37.496662
17:30:12  경도:126.957893
17:30:12  속도:0.014
17:30:12  방향:188.0
17:30:12  GPS원시속도:0.010
17:30:12  GPS원시방향유효:1
17:30:12  GPS원시방향:187.0
17:30:12  가속도:4.061,-6.139,6.795
17:30:12  자이로:-2.466,-2.939,-1.786
17:30:12  자력계:-14.400,12.450,-0.450
17:30:12  송신:16480
17:30:12  GPS위성:8
17:30:12  GPS_HDOP:1.12
17:30:12  원시위도:37.496663
17:30:12  원시경도:126.957896
17:30:12  GPS채택:2286
17:30:12  GPS이상치거부:8
17:30:12  GPS품질거부:191
17:30:12  GPS재기준:1
17:30:12  RSSI원시:-86
17:30:12  RSSI평활:-86.1
17:30:12  RSSI샘플:31488
17:30:12  RSSI경과ms:32
17:30:12  차량수신:15562
17:30:12  시각ms:1687260
17:30:12  IMU시각ms:1687260
17:30:12  위험:0
17:30:12  GPS유효:1
17:30:12  위도:37.496662
17:30:12  경도:126.957893
17:30:12  속도:0.014
17:30:12  방향:188.0
17:30:12  GPS원시속도:0.010
17:30:12  GPS원시방향유효:1
17:30:12  GPS원시방향:187.0
17:30:12  가속도:4.161,-5.966,6.732
17:30:12  자이로:-1.344,-1.656,-0.183
17:30:12  자력계:-13.050,14.550,0.300
17:30:12  송신:16481
17:30:12  GPS위성:8
17:30:12  GPS_HDOP:1.12
17:30:12  원시위도:37.496663
17:30:12  원시경도:126.957896
17:30:12  GPS채택:2286
17:30:12  GPS이상치거부:8
17:30:12  GPS품질거부:191
17:30:12  GPS재기준:1
17:30:12  RSSI원시:-86
17:30:12  RSSI평활:-86.1
17:30:12  RSSI샘플:31489
17:30:12  RSSI경과ms:26
17:30:12  차량수신:15562
17:30:12  시각ms:1687315
17:30:12  IMU시각ms:1687315
17:30:12  위험:0
17:30:12  GPS유효:1
17:30:12  위도:37.496662
17:30:12  경도:126.957893
17:30:12  속도:0.014
17:30:12  방향:188.0
17:30:12  GPS원시속도:0.010
17:30:12  GPS원시방향유효:1
17:30:12  GPS원시방향:187.0
17:30:12  가속도:4.132,-6.067,6.718
17:30:12  자이로:0.588,-3.328,1.550
17:30:12  자력계:-13.800,13.050,0.600
17:30:12  송신:16482
17:30:12  GPS위성:8
17:30:12  GPS_HDOP:1.12
17:30:12  원시위도:37.496663
17:30:12  원시경도:126.957896
17:30:12  GPS채택:2286
17:30:12  GPS이상치거부:8
17:30:12  GPS품질거부:191
17:30:12  GPS재기준:1
17:30:12  RSSI원시:-87
17:30:12  RSSI평활:-86.3
17:30:12  RSSI샘플:31490
17:30:12  RSSI경과ms:31
17:30:12  차량수신:15563
17:30:12  시각ms:1687337
17:30:12  IMU시각ms:1687337
17:30:12  위험:0
17:30:12  GPS유효:1
17:30:12  위도:37.496662
17:30:12  경도:126.957893
17:30:12  속도:0.014
17:30:12  방향:188.0
17:30:12  GPS원시속도:0.010
17:30:12  GPS원시방향유효:1
17:30:12  GPS원시방향:187.0
17:30:12  가속도:4.113,-6.167,6.747
17:30:12  자이로:-0.405,-2.069,-0.092
17:30:12  자력계:-13.050,13.050,-1.350
17:30:12  송신:16482
17:30:12  GPS위성:8
17:30:12  GPS_HDOP:1.12
17:30:12  원시위도:37.496663
17:30:12  원시경도:126.957896
17:30:12  GPS채택:2286
17:30:12  GPS이상치거부:8
17:30:12  GPS품질거부:191
17:30:12  GPS재기준:1
17:30:12  RSSI원시:-87
17:30:12  RSSI평활:-86.4
17:30:12  RSSI샘플:31491
17:30:12  RSSI경과ms:8
17:30:12  차량수신:15563
17:30:12  시각ms:1687381
17:30:12  IMU시각ms:1687381
17:30:12  위험:0
17:30:12  GPS유효:1
17:30:12  위도:37.496662
17:30:12  경도:126.957893
17:30:12  속도:0.014
17:30:12  방향:188.0
17:30:12  GPS원시속도:0.010
17:30:12  GPS원시방향유효:1
17:30:12  GPS원시방향:187.0
17:30:12  가속도:4.065,-6.177,6.823
17:30:12  자이로:0.000,-4.435,0.725
17:30:12  자력계:-14.250,13.350,-1.050
17:30:12  송신:16482
17:30:12  GPS위성:8
17:30:12  GPS_HDOP:1.12
17:30:12  원시위도:37.496663
17:30:12  원시경도:126.957896
17:30:12  GPS채택:2286
17:30:12  GPS이상치거부:8
17:30:12  GPS품질거부:191
17:30:12  GPS재기준:1
17:30:12  RSSI원시:-87
17:30:12  RSSI평활:-86.4
17:30:12  RSSI샘플:31491
17:30:12  RSSI경과ms:52
17:30:12  차량수신:15563
17:30:13  시각ms:1687848
17:30:13  IMU시각ms:1687848
17:30:13  위험:0
17:30:13  GPS유효:1
17:30:13  위도:37.496666
17:30:13  경도:126.957893
17:30:13  속도:0.021
17:30:13  방향:188.0
17:30:13  GPS원시속도:0.026
17:30:13  GPS원시방향유효:1
17:30:13  GPS원시방향:187.0
17:30:13  가속도:4.152,-5.890,6.800
17:30:13  자이로:-0.107,-1.191,1.183
17:30:13  자력계:-13.800,12.600,0.600
17:30:13  송신:16487
17:30:13  GPS위성:8
17:30:13  GPS_HDOP:1.12
17:30:13  원시위도:37.496665
17:30:13  원시경도:126.957895
17:30:13  GPS채택:2288
17:30:13  GPS이상치거부:8
17:30:13  GPS품질거부:191
17:30:13  GPS재기준:1
17:30:13  RSSI원시:-88
17:30:13  RSSI평활:-86.6
17:30:13  RSSI샘플:31499
17:30:13  RSSI경과ms:35
17:30:13  차량수신:15566
17:30:13  시각ms:1687870
17:30:13  IMU시각ms:1687870
17:30:13  위험:0
17:30:13  GPS유효:1
17:30:13  위도:37.496666
17:30:13  경도:126.957893
17:30:13  속도:0.021
17:30:13  방향:188.0
17:30:13  GPS원시속도:0.026
17:30:13  GPS원시방향유효:1
17:30:13  GPS원시방향:187.0
17:30:13  가속도:3.922,-6.115,6.742
17:30:13  자이로:-0.496,-0.748,-0.069
17:30:13  자력계:-13.950,12.750,0.150
17:30:13  송신:16487
17:30:13  GPS위성:8
17:30:13  GPS_HDOP:1.12
17:30:13  원시위도:37.496665
17:30:13  원시경도:126.957895
17:30:13  GPS채택:2288
17:30:13  GPS이상치거부:8
17:30:13  GPS품질거부:191
17:30:13  GPS재기준:1
17:30:13  RSSI원시:-88
17:30:13  RSSI평활:-86.6
17:30:13  RSSI샘플:31499
17:30:13  RSSI경과ms:57
17:30:13  차량수신:15566
17:30:13  시각ms:1687892
17:30:13  IMU시각ms:1687892
17:30:13  위험:0
17:30:13  GPS유효:1
17:30:13  위도:37.496666
17:30:13  경도:126.957893
17:30:13  속도:0.021
17:30:13  방향:188.0
17:30:13  GPS원시속도:0.026
17:30:13  GPS원시방향유효:1
17:30:13  GPS원시방향:187.0
17:30:13  가속도:4.051,-6.100,6.785
17:30:13  자이로:0.710,-1.313,1.145
17:30:13  자력계:-13.800,12.600,-0.300
17:30:13  송신:16487
17:30:13  GPS위성:8
17:30:13  GPS_HDOP:1.12
17:30:13  원시위도:37.496665
17:30:13  원시경도:126.957895
17:30:13  GPS채택:2288
17:30:13  GPS이상치거부:8
17:30:13  GPS품질거부:191
17:30:13  GPS재기준:1
17:30:13  RSSI원시:-88
17:30:13  RSSI평활:-86.6
17:30:13  RSSI샘플:31499
17:30:13  RSSI경과ms:79
17:30:13  차량수신:15566
17:30:13  시각ms:1687927
17:30:13  IMU시각ms:1687927
17:30:13  위험:0
17:30:13  GPS유효:1
17:30:13  위도:37.496666
17:30:13  경도:126.957893
17:30:13  속도:0.021
17:30:13  방향:188.0
17:30:13  GPS원시속도:0.026
17:30:13  GPS원시방향유효:1
17:30:13  GPS원시방향:187.0
17:30:13  가속도:3.903,-5.904,6.704
17:30:13  자이로:-0.069,-1.351,-0.153
17:30:13  자력계:-13.050,13.350,-0.300
17:30:13  송신:16488
17:30:13  GPS위성:8
17:30:13  GPS_HDOP:1.12
17:30:13  원시위도:37.496665
17:30:13  원시경도:126.957895
17:30:13  GPS채택:2288
17:30:13  GPS이상치거부:8
17:30:13  GPS품질거부:191
17:30:13  GPS재기준:1
17:30:13  RSSI원시:-87
17:30:13  RSSI평활:-86.7
17:30:13  RSSI샘플:31500
17:30:13  RSSI경과ms:6
17:30:13  차량수신:15566
17:30:13  시각ms:1688093
17:30:13  IMU시각ms:1688093
17:30:13  위험:0
17:30:13  GPS유효:1
17:30:13  위도:37.496666
17:30:13  경도:126.957893
17:30:13  속도:0.021
17:30:13  방향:188.0
17:30:13  GPS원시속도:0.026
17:30:13  GPS원시방향유효:1
17:30:13  GPS원시방향:187.0
17:30:13  가속도:4.089,-6.019,6.828
17:30:13  자이로:-2.282,-1.908,0.053
17:30:13  자력계:-13.800,11.400,-0.300
17:30:13  송신:16489
17:30:13  GPS위성:8
17:30:13  GPS_HDOP:1.12
17:30:13  원시위도:37.496665
17:30:13  원시경도:126.957895
17:30:13  GPS채택:2288
17:30:13  GPS이상치거부:8
17:30:13  GPS품질거부:191
17:30:13  GPS재기준:1
17:30:13  RSSI원시:-86
17:30:13  RSSI평활:-86.4
17:30:13  RSSI샘플:31502
17:30:13  RSSI경과ms:80
17:30:13  차량수신:15567
17:30:13  시각ms:1688170
17:30:13  IMU시각ms:1688170
17:30:13  위험:0
17:30:13  GPS유효:1
17:30:13  위도:37.496666
17:30:13  경도:126.957893
17:30:13  속도:0.021
17:30:13  방향:188.0
17:30:13  GPS원시속도:0.026
17:30:13  GPS원시방향유효:1
17:30:13  GPS원시방향:187.0
17:30:13  가속도:4.113,-6.072,6.699
17:30:13  자이로:-0.710,-2.374,0.702
17:30:13  자력계:-12.900,14.400,1.200
17:30:13  송신:16490
17:30:13  GPS위성:8
17:30:13  GPS_HDOP:1.12
17:30:13  원시위도:37.496665
17:30:13  원시경도:126.957895
17:30:13  GPS채택:2288
17:30:13  GPS이상치거부:8
17:30:13  GPS품질거부:191
17:30:13  GPS재기준:1
17:30:13  RSSI원시:-86
17:30:13  RSSI평활:-86.6
17:30:13  RSSI샘플:31504
17:30:13  RSSI경과ms:26
17:30:13  차량수신:15568
17:30:14  시각ms:1688355
17:30:14  IMU시각ms:1688355
17:30:14  위험:0
17:30:14  GPS유효:1
17:30:14  위도:37.496666
17:30:14  경도:126.957893
17:30:14  속도:0.021
17:30:14  방향:188.0
17:30:14  GPS원시속도:0.026
17:30:14  GPS원시방향유효:1
17:30:14  GPS원시방향:187.0
17:30:14  가속도:3.994,-6.009,6.737
17:30:14  자이로:0.779,-2.183,-2.038
17:30:14  자력계:-13.050,14.550,-0.600
17:30:14  송신:16492
17:30:14  GPS위성:8
17:30:14  GPS_HDOP:1.12
17:30:14  원시위도:37.496665
17:30:14  원시경도:126.957895
17:30:14  GPS채택:2288
17:30:14  GPS이상치거부:8
17:30:14  GPS품질거부:191
17:30:14  GPS재기준:1
17:30:14  RSSI원시:-84
17:30:14  RSSI평활:-86.1
17:30:14  RSSI샘플:31506
17:30:14  RSSI경과ms:13
17:30:14  차량수신:15569
17:30:14  시각ms:1688507
17:30:14  IMU시각ms:1688507
17:30:14  위험:0
17:30:14  GPS유효:1
17:30:14  위도:37.496666
17:30:14  경도:126.957893
17:30:14  속도:0.021
17:30:14  방향:188.0
17:30:14  GPS원시속도:0.026
17:30:14  GPS원시방향유효:1
17:30:14  GPS원시방향:187.0
17:30:14  가속도:4.041,-6.014,6.718
17:30:14  자이로:-2.267,-2.748,0.626
17:30:14  자력계:-13.950,12.750,0.150
17:30:14  송신:16493
17:30:14  GPS위성:8
17:30:14  GPS_HDOP:1.12
17:30:14  원시위도:37.496665
17:30:14  원시경도:126.957895
17:30:14  GPS채택:2288
17:30:14  GPS이상치거부:8
17:30:14  GPS품질거부:191
17:30:14  GPS재기준:1
17:30:14  RSSI원시:-84
17:30:14  RSSI평활:-86.1
17:30:14  RSSI샘플:31506
17:30:14  RSSI경과ms:165
17:30:14  차량수신:15569
17:30:14  시각ms:1688643
17:30:14  IMU시각ms:1688643
17:30:14  위험:0
17:30:14  GPS유효:1
17:30:14  위도:37.496666
17:30:14  경도:126.957893
17:30:14  속도:0.024
17:30:14  방향:188.0
17:30:14  GPS원시속도:0.031
17:30:14  GPS원시방향유효:1
17:30:14  GPS원시방향:187.0
17:30:14  가속도:4.180,-6.014,6.646
17:30:14  자이로:-0.527,-0.947,-0.733
17:30:14  자력계:-13.200,12.000,-0.450
17:30:14  송신:16495
17:30:14  GPS위성:8
17:30:14  GPS_HDOP:1.12
17:30:14  원시위도:37.496666
17:30:14  원시경도:126.957894
17:30:14  GPS채택:2289
17:30:14  GPS이상치거부:8
17:30:14  GPS품질거부:191
17:30:14  GPS재기준:1
17:30:14  RSSI원시:-88
17:30:14  RSSI평활:-86.5
17:30:14  RSSI샘플:31507
17:30:14  RSSI경과ms:90
17:30:14  차량수신:15569
17:30:14  시각ms:1689046
17:30:14  IMU시각ms:1689046
17:30:14  위험:0
17:30:14  GPS유효:1
17:30:14  위도:37.496666
17:30:14  경도:126.957893
17:30:14  속도:0.027
17:30:14  방향:188.0
17:30:14  GPS원시속도:0.031
17:30:14  GPS원시방향유효:1
17:30:14  GPS원시방향:187.0
17:30:14  가속도:3.979,-5.851,6.766
17:30:14  자이로:-3.153,-1.908,1.550
17:30:14  자력계:-12.150,12.750,0.150
17:30:14  송신:16499
17:30:14  GPS위성:8
17:30:14  GPS_HDOP:1.12
17:30:14  원시위도:37.496666
17:30:14  원시경도:126.957894
17:30:14  GPS채택:2290
17:30:14  GPS이상치거부:8
17:30:14  GPS품질거부:191
17:30:14  GPS재기준:1
17:30:14  RSSI원시:-89
17:30:14  RSSI평활:-87.9
17:30:14  RSSI샘플:31512
17:30:14  RSSI경과ms:47
17:30:14  차량수신:15570
17:30:14  시각ms:1689112
17:30:14  IMU시각ms:1689112
17:30:14  위험:0
17:30:14  GPS유효:1
17:30:14  위도:37.496666
17:30:14  경도:126.957893
17:30:14  속도:0.027
17:30:14  방향:188.0
17:30:14  GPS원시속도:0.031
17:30:14  GPS원시방향유효:1
17:30:14  GPS원시방향:187.0
17:30:14  가속도:3.926,-6.038,6.785
17:30:14  자이로:-1.130,1.527,-2.656
17:30:14  자력계:-11.550,13.350,-1.350
17:30:14  송신:16499
17:30:14  GPS위성:8
17:30:14  GPS_HDOP:1.12
17:30:14  원시위도:37.496666
17:30:14  원시경도:126.957894
17:30:14  GPS채택:2290
17:30:14  GPS이상치거부:8
17:30:14  GPS품질거부:191
17:30:14  GPS재기준:1
17:30:14  RSSI원시:-87
17:30:14  RSSI평활:-87.8
17:30:14  RSSI샘플:31513
17:30:14  RSSI경과ms:45
17:30:14  차량수신:15571
17:30:15  시각ms:1689460
17:30:15  IMU시각ms:1689460
17:30:15  위험:0
17:30:15  GPS유효:1
17:30:15  위도:37.496666
17:30:15  경도:126.957893
17:30:15  속도:0.027
17:30:15  방향:188.0
17:30:15  GPS원시속도:0.031
17:30:15  GPS원시방향유효:1
17:30:15  GPS원시방향:187.0
17:30:15  가속도:4.013,-6.144,6.718
17:30:15  자이로:0.260,-2.626,1.527
17:30:15  자력계:-12.450,12.750,0.450
17:30:15  송신:16503
17:30:15  GPS위성:8
17:30:15  GPS_HDOP:1.12
17:30:15  원시위도:37.496666
17:30:15  원시경도:126.957894
17:30:15  GPS채택:2290
17:30:15  GPS이상치거부:8
17:30:15  GPS품질거부:191
17:30:15  GPS재기준:1
17:30:15  RSSI원시:-88
17:30:15  RSSI평활:-87.2
17:30:15  RSSI샘플:31517
17:30:15  RSSI경과ms:112
17:30:15  차량수신:15572
17:30:15  시각ms:1689627
17:30:15  IMU시각ms:1689627
17:30:15  위험:0
17:30:15  GPS유효:1
17:30:15  위도:37.496666
17:30:15  경도:126.957893
17:30:15  속도:0.028
17:30:15  방향:188.0
17:30:15  GPS원시속도:0.031
17:30:15  GPS원시방향유효:1
17:30:15  GPS원시방향:187.0
17:30:15  가속도:4.027,-5.904,6.785
17:30:15  자이로:-0.588,-0.947,-0.031
17:30:15  자력계:-13.500,11.400,1.050
17:30:15  송신:16504
17:30:15  GPS위성:8
17:30:15  GPS_HDOP:1.12
17:30:15  원시위도:37.496667
17:30:15  원시경도:126.957894
17:30:15  GPS채택:2291
17:30:15  GPS이상치거부:8
17:30:15  GPS품질거부:191
17:30:15  GPS재기준:1
17:30:15  RSSI원시:-90
17:30:15  RSSI평활:-87.9
17:30:15  RSSI샘플:31519
17:30:15  RSSI경과ms:80
17:30:15  차량수신:15573
17:30:15  시각ms:1689728
17:30:15  IMU시각ms:1689728
17:30:15  위험:0
17:30:15  GPS유효:1
17:30:15  위도:37.496666
17:30:15  경도:126.957893
17:30:15  속도:0.029
17:30:15  방향:188.0
17:30:15  GPS원시속도:0.031
17:30:15  GPS원시방향유효:1
17:30:15  GPS원시방향:187.0
17:30:15  가속도:4.175,-6.029,6.718
17:30:15  자이로:-1.321,-0.885,1.718
17:30:15  자력계:-13.500,12.300,1.050
17:30:15  송신:16505
17:30:15  GPS위성:7
17:30:15  GPS_HDOP:1.42
17:30:15  원시위도:37.496667
17:30:15  원시경도:126.957894
17:30:15  GPS채택:2292
17:30:15  GPS이상치거부:8
17:30:15  GPS품질거부:191
17:30:15  GPS재기준:1
17:30:15  RSSI원시:-87
17:30:15  RSSI평활:-87.7
17:30:15  RSSI샘플:31520
17:30:15  RSSI경과ms:61
17:30:15  차량수신:15573
17:30:15  시각ms:1689828
17:30:15  IMU시각ms:1689828
17:30:15  위험:0
17:30:15  GPS유효:1
17:30:15  위도:37.496666
17:30:15  경도:126.957893
17:30:15  속도:0.029
17:30:15  방향:188.0
17:30:15  GPS원시속도:0.031
17:30:15  GPS원시방향유효:1
17:30:15  GPS원시방향:187.0
17:30:15  가속도:4.070,-5.971,6.742
17:30:15  자이로:-1.382,-0.656,-1.534
17:30:15  자력계:-15.450,12.450,-1.950
17:30:15  송신:16506
17:30:15  GPS위성:7
17:30:15  GPS_HDOP:1.42
17:30:15  원시위도:37.496667
17:30:15  원시경도:126.957894
17:30:15  GPS채택:2292
17:30:15  GPS이상치거부:8
17:30:15  GPS품질거부:191
17:30:15  GPS재기준:1
17:30:15  RSSI원시:-86
17:30:15  RSSI평활:-87.4
17:30:15  RSSI샘플:31521
17:30:15  RSSI경과ms:57
17:30:15  차량수신:15573
17:30:15  시각ms:1690062
17:30:15  IMU시각ms:1690062
17:30:15  위험:0
17:30:15  GPS유효:1
17:30:15  위도:37.496666
17:30:15  경도:126.957893
17:30:15  속도:0.029
17:30:15  방향:188.0
17:30:15  GPS원시속도:0.031
17:30:15  GPS원시방향유효:1
17:30:15  GPS원시방향:187.0
17:30:15  가속도:4.147,-6.081,6.732
17:30:15  자이로:2.305,0.626,0.710
17:30:15  자력계:-14.550,13.350,0.600
17:30:15  송신:16509
17:30:15  GPS위성:7
17:30:15  GPS_HDOP:1.42
17:30:15  원시위도:37.496667
17:30:15  원시경도:126.957894
17:30:15  GPS채택:2292
17:30:15  GPS이상치거부:8
17:30:15  GPS품질거부:191
17:30:15  GPS재기준:1
17:30:15  RSSI원시:-88
17:30:15  RSSI평활:-87.4
17:30:15  RSSI샘플:31524
17:30:15  RSSI경과ms:108
17:30:15  차량수신:15574
17:30:15  시각ms:1690242
17:30:15  IMU시각ms:1690242
17:30:15  위험:0
17:30:15  GPS유효:1
17:30:15  위도:37.496666
17:30:15  경도:126.957893
17:30:15  속도:0.029
17:30:15  방향:188.0
17:30:15  GPS원시속도:0.031
17:30:15  GPS원시방향유효:1
17:30:15  GPS원시방향:187.0
17:30:15  가속도:4.070,-5.981,6.776
17:30:15  자이로:0.779,-0.702,1.443
17:30:15  자력계:-13.500,14.100,0.300
17:30:15  송신:16510
17:30:15  GPS위성:7
17:30:15  GPS_HDOP:1.42
17:30:15  원시위도:37.496667
17:30:15  원시경도:126.957894
17:30:15  GPS채택:2292
17:30:15  GPS이상치거부:8
17:30:15  GPS품질거부:191
17:30:15  GPS재기준:1
17:30:15  RSSI원시:-92
17:30:15  RSSI평활:-88.5
17:30:15  RSSI샘플:31527
17:30:15  RSSI경과ms:15
17:30:15  차량수신:15575
17:30:15  시각ms:1690291
17:30:15  IMU시각ms:1690291
17:30:15  위험:0
17:30:15  GPS유효:1
17:30:15  위도:37.496666
17:30:15  경도:126.957893
17:30:15  속도:0.029
17:30:15  방향:188.0
17:30:15  GPS원시속도:0.031
17:30:15  GPS원시방향유효:1
17:30:15  GPS원시방향:187.0
17:30:15  가속도:4.041,-5.938,6.747
17:30:15  자이로:-0.260,-0.031,-0.511
17:30:15  자력계:-13.500,14.100,-0.300
17:30:15  송신:16511
17:30:15  GPS위성:7
17:30:15  GPS_HDOP:1.42
17:30:15  원시위도:37.496667
17:30:15  원시경도:126.957894
17:30:15  GPS채택:2292
17:30:15  GPS이상치거부:8
17:30:15  GPS품질거부:191
17:30:15  GPS재기준:1
17:30:15  RSSI원시:-92
17:30:15  RSSI평활:-88.5
17:30:15  RSSI샘플:31527
17:30:15  RSSI경과ms:64
17:30:15  차량수신:15575
17:30:15  시각ms:1690412
17:30:15  IMU시각ms:1690412
17:30:15  위험:0
17:30:15  GPS유효:1
17:30:15  위도:37.496666
17:30:15  경도:126.957893
17:30:15  속도:0.029
17:30:15  방향:188.0
17:30:15  GPS원시속도:0.031
17:30:15  GPS원시방향유효:1
17:30:15  GPS원시방향:187.0
17:30:15  가속도:4.041,-6.129,6.685
17:30:15  자이로:-3.237,-0.618,-0.618
17:30:15  자력계:-12.000,13.050,-0.600
17:30:15  송신:16512
17:30:15  GPS위성:7
17:30:15  GPS_HDOP:1.42
17:30:15  원시위도:37.496667
17:30:15  원시경도:126.957894
17:30:15  GPS채택:2292
17:30:15  GPS이상치거부:8
17:30:15  GPS품질거부:191
17:30:15  GPS재기준:1
17:30:15  RSSI원시:-90
17:30:15  RSSI평활:-89.4
17:30:15  RSSI샘플:31529
17:30:15  RSSI경과ms:74
17:30:15  차량수신:15576
17:30:16  시각ms:1690521
17:30:16  IMU시각ms:1690521
17:30:16  위험:0
17:30:16  GPS유효:1
17:30:16  위도:37.496666
17:30:16  경도:126.957893
17:30:16  속도:0.029
17:30:16  방향:188.0
17:30:16  GPS원시속도:0.031
17:30:16  GPS원시방향유효:1
17:30:16  GPS원시방향:187.0
17:30:16  가속도:4.037,-5.971,6.737
17:30:16  자이로:-0.588,0.710,1.038
17:30:16  자력계:-14.550,12.300,0.600
17:30:16  송신:16513
17:30:16  GPS위성:7
17:30:16  GPS_HDOP:1.42
17:30:16  원시위도:37.496667
17:30:16  원시경도:126.957894
17:30:16  GPS채택:2292
17:30:16  GPS이상치거부:8
17:30:16  GPS품질거부:191
17:30:16  GPS재기준:1
17:30:16  RSSI원시:-90
17:30:16  RSSI평활:-89.4
17:30:16  RSSI샘플:31529
17:30:16  RSSI경과ms:183
17:30:16  차량수신:15576
17:30:17  시각ms:1691255
17:30:17  IMU시각ms:1691255
17:30:17  위험:0
17:30:17  GPS유효:1
17:30:17  위도:37.496666
17:30:17  경도:126.957893
17:30:17  속도:0.027
17:30:17  방향:188.0
17:30:17  GPS원시속도:0.026
17:30:17  GPS원시방향유효:1
17:30:17  GPS원시방향:187.0
17:30:17  가속도:4.017,-6.014,6.742
17:30:17  자이로:-2.176,-0.710,-1.908
17:30:17  자력계:-14.550,12.600,-1.050
17:30:17  송신:16520
17:30:17  GPS위성:7
17:30:17  GPS_HDOP:1.42
17:30:17  원시위도:37.496667
17:30:17  원시경도:126.957892
17:30:17  GPS채택:2294
17:30:17  GPS이상치거부:8
17:30:17  GPS품질거부:191
17:30:17  GPS재기준:1
17:30:17  RSSI원시:-88
17:30:17  RSSI평활:-87.0
17:30:17  RSSI샘플:31538
17:30:17  RSSI경과ms:96
17:30:17  차량수신:15579
17:30:17  시각ms:1691396
17:30:17  IMU시각ms:1691396
17:30:17  위험:0
17:30:17  GPS유효:1
17:30:17  위도:37.496666
17:30:17  경도:126.957893
17:30:17  속도:0.027
17:30:17  방향:188.0
17:30:17  GPS원시속도:0.026
17:30:17  GPS원시방향유효:1
17:30:17  GPS원시방향:187.0
17:30:17  가속도:4.147,-6.129,6.709
17:30:17  자이로:-1.901,0.817,0.931
17:30:17  자력계:-12.150,13.200,0.150
17:30:17  송신:16522
17:30:17  GPS위성:7
17:30:17  GPS_HDOP:1.42
17:30:17  원시위도:37.496667
17:30:17  원시경도:126.957892
17:30:17  GPS채택:2294
17:30:17  GPS이상치거부:8
17:30:17  GPS품질거부:191
17:30:17  GPS재기준:1
17:30:17  RSSI원시:-87
17:30:17  RSSI평활:-87.5
17:30:17  RSSI샘플:31540
17:30:17  RSSI경과ms:74
17:30:17  차량수신:15580
17:30:17  시각ms:1691563
17:30:17  IMU시각ms:1691563
17:30:17  위험:0
17:30:17  GPS유효:1
17:30:17  위도:37.496666
17:30:17  경도:126.957893
17:30:17  속도:0.021
17:30:17  방향:188.0
17:30:17  GPS원시속도:0.010
17:30:17  GPS원시방향유효:1
17:30:17  GPS원시방향:187.0
17:30:17  가속도:4.080,-6.048,6.594
17:30:17  자이로:0.863,-1.176,2.725
17:30:17  자력계:-14.400,12.750,0.150
17:30:17  송신:16523
17:30:17  GPS위성:7
17:30:17  GPS_HDOP:1.42
17:30:17  원시위도:37.496667
17:30:17  원시경도:126.957892
17:30:17  GPS채택:2295
17:30:17  GPS이상치거부:8
17:30:17  GPS품질거부:191
17:30:17  GPS재기준:1
17:30:17  RSSI원시:-88
17:30:17  RSSI평활:-89.2
17:30:17  RSSI샘플:31543
17:30:17  RSSI경과ms:63
17:30:17  차량수신:15581
17:30:17  시각ms:1692272
17:30:17  IMU시각ms:1692272
17:30:17  위험:0
17:30:17  GPS유효:1
17:30:17  위도:37.496666
17:30:17  경도:126.957893
17:30:17  속도:0.017
17:30:17  방향:188.0
17:30:17  GPS원시속도:0.010
17:30:17  GPS원시방향유효:1
17:30:17  GPS원시방향:187.0
17:30:17  가속도:4.113,-6.081,6.709
17:30:17  자이로:-2.458,-1.420,0.046
17:30:17  자력계:-14.400,12.750,0.900
17:30:17  송신:16530
17:30:17  GPS위성:8
17:30:17  GPS_HDOP:1.42
17:30:17  원시위도:37.496667
17:30:17  원시경도:126.957892
17:30:17  GPS채택:2296
17:30:17  GPS이상치거부:8
17:30:17  GPS품질거부:191
17:30:17  GPS재기준:1
17:30:17  RSSI원시:-91
17:30:17  RSSI평활:-88.1
17:30:17  RSSI샘플:31549
17:30:17  RSSI경과ms:259
17:30:17  차량수신:15584
17:30:18  시각ms:1692413
17:30:18  IMU시각ms:1692413
17:30:18  위험:0
17:30:18  GPS유효:1
17:30:18  위도:37.496666
17:30:18  경도:126.957893
17:30:18  속도:0.017
17:30:18  방향:188.0
17:30:18  GPS원시속도:0.010
17:30:18  GPS원시방향유효:1
17:30:18  GPS원시방향:187.0
17:30:18  가속도:4.056,-6.033,6.752
17:30:18  자이로:-0.634,0.641,0.611
17:30:18  자력계:-12.900,12.450,-1.200
17:30:18  송신:16532
17:30:18  GPS위성:8
17:30:18  GPS_HDOP:1.42
17:30:18  원시위도:37.496667
17:30:18  원시경도:126.957892
17:30:18  GPS채택:2296
17:30:18  GPS이상치거부:8
17:30:18  GPS품질거부:191
17:30:18  GPS재기준:1
17:30:18  RSSI원시:-88
17:30:18  RSSI평활:-88.0
17:30:18  RSSI샘플:31550
17:30:18  RSSI경과ms:113
17:30:18  차량수신:15585
17:30:18  시각ms:1692615
17:30:18  IMU시각ms:1692615
17:30:18  위험:0
17:30:18  GPS유효:1
17:30:18  위도:37.496666
17:30:18  경도:126.957893
17:30:18  속도:0.015
17:30:18  방향:188.0
17:30:18  GPS원시속도:0.010
17:30:18  GPS원시방향유효:1
17:30:18  GPS원시방향:187.0
17:30:18  가속도:4.085,-6.067,6.823
17:30:18  자이로:-1.305,1.687,-0.496
17:30:18  자력계:-13.500,13.350,0.300
17:30:18  송신:16534
17:30:18  GPS위성:8
17:30:18  GPS_HDOP:1.42
17:30:18  원시위도:37.496668
17:30:18  원시경도:126.957891
17:30:18  GPS채택:2297
17:30:18  GPS이상치거부:8
17:30:18  GPS품질거부:191
17:30:18  GPS재기준:1
17:30:18  RSSI원시:-90
17:30:18  RSSI평활:-88.4
17:30:18  RSSI샘플:31551
17:30:18  RSSI경과ms:173
17:30:18  차량수신:15585
17:30:18  시각ms:1693161
17:30:18  IMU시각ms:1693161
17:30:18  위험:0
17:30:18  GPS유효:1
17:30:18  위도:37.496666
17:30:18  경도:126.957893
17:30:18  속도:0.013
17:30:18  방향:188.0
17:30:18  GPS원시속도:0.010
17:30:18  GPS원시방향유효:1
17:30:18  GPS원시방향:187.0
17:30:18  가속도:4.065,-5.923,6.637
17:30:18  자이로:-1.756,-1.985,-0.466
17:30:18  자력계:-13.650,13.950,0.150
17:30:18  송신:16539
17:30:18  GPS위성:7
17:30:18  GPS_HDOP:1.42
17:30:18  원시위도:37.496668
17:30:18  원시경도:126.957891
17:30:18  GPS채택:2298
17:30:18  GPS이상치거부:8
17:30:18  GPS품질거부:191
17:30:18  GPS재기준:1
17:30:18  RSSI원시:-83
17:30:18  RSSI평활:-85.4
17:30:18  RSSI샘플:31556
17:30:18  RSSI경과ms:15
17:30:18  차량수신:15586
17:30:19  시각ms:1693482
17:30:19  IMU시각ms:1693482
17:30:19  위험:0
17:30:19  GPS유효:1
17:30:19  위도:37.496666
17:30:19  경도:126.957893
17:30:19  속도:0.013
17:30:19  방향:188.0
17:30:19  GPS원시속도:0.010
17:30:19  GPS원시방향유효:1
17:30:19  GPS원시방향:187.0
17:30:19  가속도:4.080,-6.000,6.665
17:30:19  자이로:-1.084,0.595,-2.008
17:30:19  자력계:-14.550,13.350,1.050
17:30:19  송신:16542
17:30:19  GPS위성:7
17:30:19  GPS_HDOP:1.42
17:30:19  원시위도:37.496668
17:30:19  원시경도:126.957891
17:30:19  GPS채택:2298
17:30:19  GPS이상치거부:8
17:30:19  GPS품질거부:191
17:30:19  GPS재기준:1
17:30:19  RSSI원시:-87
17:30:19  RSSI평활:-86.6
17:30:19  RSSI샘플:31559
17:30:19  RSSI경과ms:16
17:30:19  차량수신:15587
17:30:19  시각ms:1693755
17:30:19  IMU시각ms:1693755
17:30:19  위험:0
17:30:19  GPS유효:1
17:30:19  위도:37.496666
17:30:19  경도:126.957893
17:30:19  속도:0.018
17:30:19  방향:188.0
17:30:19  GPS원시속도:0.021
17:30:19  GPS원시방향유효:1
17:30:19  GPS원시방향:187.0
17:30:19  가속도:3.984,-6.172,6.747
17:30:19  자이로:-1.855,-1.496,1.618
17:30:19  자력계:-12.900,14.400,-1.200
17:30:19  송신:16545
17:30:19  GPS위성:7
17:30:19  GPS_HDOP:1.42
17:30:19  원시위도:37.496668
17:30:19  원시경도:126.957890
17:30:19  GPS채택:2300
17:30:19  GPS이상치거부:8
17:30:19  GPS품질거부:191
17:30:19  GPS재기준:1
17:30:19  RSSI원시:-88
17:30:19  RSSI평활:-86.8
17:30:19  RSSI샘플:31563
17:30:19  RSSI경과ms:26
17:30:19  차량수신:15588
