17:30:09  시각ms:1694990
17:30:09  IMU시각ms:1694990
17:30:09  위험:0
17:30:09  원시위험:0
17:30:09  GPS유효:1
17:30:09  위도:37.496566
17:30:09  경도:126.958035
17:30:09  속도:0.00
17:30:09  방향:178.0
17:30:09  GPS원시속도:0.000
17:30:09  GPS원시방향유효:1
17:30:09  GPS원시방향:182.8
17:30:09  가속도:-0.79,1.42,9.60
17:30:09  자이로:2.1,1.8,-0.5
17:30:09  자력계:6.000,2.700,-5.250
17:30:09  충격값:0.31
17:30:09  송신:16472
17:30:09  지팡이수신:15897
17:30:09  GPS위성:6
17:30:09  GPS_HDOP:1.40
17:30:09  원시위도:37.496568
17:30:09  원시경도:126.958032
17:30:09  GPS채택:781
17:30:09  GPS이상치거부:24
17:30:09  GPS품질거부:84
17:30:09  GPS재기준:6
17:30:09  계산거리:15.64
17:30:09  접근속도:-0.04
17:30:09  TTC:999.00
17:30:09  방향오차:133.4
17:30:09  전방여부:0
17:30:09  위험음성횟수:0
17:30:09  충격음성횟수:1
17:30:09  마지막위험음성:0
17:30:09  RSSI원시:-82
17:30:09  RSSI평활:-80.3
17:30:09  RSSI샘플:15897
17:30:09  RSSI경과ms:80
17:30:09  위험송신:15897
17:30:10  시각ms:1696267
17:30:10  IMU시각ms:1696267
17:30:10  위험:0
17:30:10  원시위험:0
17:30:10  GPS유효:1
17:30:10  위도:37.496567
17:30:10  경도:126.958034
17:30:10  속도:0.00
17:30:10  방향:178.0
17:30:10  GPS원시속도:0.000
17:30:10  GPS원시방향유효:1
17:30:10  GPS원시방향:182.8
17:30:10  가속도:-0.47,1.41,9.59
17:30:10  자이로:-2.1,-0.2,-1.5
17:30:10  자력계:4.650,3.600,-2.700
17:30:10  충격값:0.08
17:30:10  송신:16485
17:30:10  지팡이수신:15907
17:30:10  GPS위성:6
17:30:10  GPS_HDOP:1.40
17:30:10  원시위도:37.496568
17:30:10  원시경도:126.958032
17:30:10  GPS채택:784
17:30:10  GPS이상치거부:24
17:30:10  GPS품질거부:84
17:30:10  GPS재기준:6
17:30:10  계산거리:15.84
17:30:10  접근속도:-0.12
17:30:10  TTC:999.00
17:30:10  방향오차:134.1
17:30:10  전방여부:0
17:30:10  위험음성횟수:0
17:30:10  충격음성횟수:1
17:30:10  마지막위험음성:0
17:30:10  RSSI원시:-80
17:30:10  RSSI평활:-80.1
17:30:10  RSSI샘플:15907
17:30:10  RSSI경과ms:143
17:30:10  위험송신:15907
17:30:11  시각ms:1696785
17:30:11  IMU시각ms:1696785
17:30:11  위험:0
17:30:11  원시위험:0
17:30:11  GPS유효:1
17:30:11  위도:37.496567
17:30:11  경도:126.958034
17:30:11  속도:0.00
17:30:11  방향:178.0
17:30:11  GPS원시속도:0.000
17:30:11  GPS원시방향유효:1
17:30:11  GPS원시방향:182.8
17:30:11  가속도:-0.51,1.63,9.53
17:30:11  자이로:0.5,0.2,-1.1
17:30:11  자력계:4.950,3.450,-3.750
17:30:11  충격값:0.16
17:30:11  송신:16490
17:30:11  지팡이수신:15911
17:30:11  GPS위성:6
17:30:11  GPS_HDOP:1.40
17:30:11  원시위도:37.496568
17:30:11  원시경도:126.958032
17:30:11  GPS채택:784
17:30:11  GPS이상치거부:24
17:30:11  GPS품질거부:84
17:30:11  GPS재기준:6
17:30:11  계산거리:15.84
17:30:11  접근속도:-0.08
17:30:11  TTC:999.00
17:30:11  방향오차:134.1
17:30:11  전방여부:0
17:30:11  위험음성횟수:0
17:30:11  충격음성횟수:1
17:30:11  마지막위험음성:0
17:30:11  RSSI원시:-80
17:30:11  RSSI평활:-80.0
17:30:11  RSSI샘플:15911
17:30:11  RSSI경과ms:153
17:30:11  위험송신:15911
17:30:11  시각ms:1697270
17:30:11  IMU시각ms:1697270
17:30:11  위험:0
17:30:11  원시위험:0
17:30:11  GPS유효:1
17:30:11  위도:37.496567
17:30:11  경도:126.958034
17:30:11  속도:0.00
17:30:11  방향:178.0
17:30:11  GPS원시속도:0.000
17:30:11  GPS원시방향유효:1
17:30:11  GPS원시방향:182.8
17:30:11  가속도:-0.18,2.88,9.59
17:30:11  자이로:37.0,-20.1,10.0
17:30:11  자력계:4.500,7.050,-9.300
17:30:11  충격값:1.09
17:30:11  송신:16494
17:30:11  지팡이수신:15915
17:30:11  GPS위성:6
17:30:11  GPS_HDOP:1.40
17:30:11  원시위도:37.496568
17:30:11  원시경도:126.958032
17:30:11  GPS채택:786
17:30:11  GPS이상치거부:24
17:30:11  GPS품질거부:84
17:30:11  GPS재기준:6
17:30:11  계산거리:16.30
17:30:11  접근속도:-0.33
17:30:11  TTC:999.00
17:30:11  방향오차:132.6
17:30:11  전방여부:0
17:30:11  위험음성횟수:0
17:30:11  충격음성횟수:1
17:30:11  마지막위험음성:0
17:30:11  RSSI원시:-80
17:30:11  RSSI평활:-79.7
17:30:11  RSSI샘플:15915
17:30:11  RSSI경과ms:123
17:30:11  위험송신:15915
17:30:11  시각ms:1697375
17:30:11  IMU시각ms:1697375
17:30:11  위험:0
17:30:11  원시위험:0
17:30:11  GPS유효:1
17:30:11  위도:37.496567
17:30:11  경도:126.958034
17:30:11  속도:0.00
17:30:11  방향:178.0
17:30:11  GPS원시속도:0.000
17:30:11  GPS원시방향유효:1
17:30:11  GPS원시방향:182.8
17:30:11  가속도:0.05,3.19,9.38
17:30:11  자이로:31.8,-20.6,9.4
17:30:11  자력계:3.150,8.400,-10.950
17:30:11  충격값:1.16
17:30:11  송신:16495
17:30:11  지팡이수신:15916
17:30:11  GPS위성:6
17:30:11  GPS_HDOP:1.40
17:30:11  원시위도:37.496568
17:30:11  원시경도:126.958032
17:30:11  GPS채택:786
17:30:11  GPS이상치거부:24
17:30:11  GPS품질거부:84
17:30:11  GPS재기준:6
17:30:11  계산거리:16.30
17:30:11  접근속도:-0.33
17:30:11  TTC:999.00
17:30:11  방향오차:132.6
17:30:11  전방여부:0
17:30:11  위험음성횟수:0
17:30:11  충격음성횟수:1
17:30:11  마지막위험음성:0
17:30:11  RSSI원시:-80
17:30:11  RSSI평활:-79.8
17:30:11  RSSI샘플:15916
17:30:11  RSSI경과ms:31
17:30:11  위험송신:15916
17:30:11  시각ms:1697425
17:30:11  IMU시각ms:1697425
17:30:11  위험:0
17:30:11  원시위험:0
17:30:11  GPS유효:1
17:30:11  위도:37.496567
17:30:11  경도:126.958034
17:30:11  속도:0.00
17:30:11  방향:178.0
17:30:11  GPS원시속도:0.000
17:30:11  GPS원시방향유효:1
17:30:11  GPS원시방향:182.8
17:30:11  가속도:0.68,3.36,7.32
17:30:11  자이로:15.5,-7.8,1.7
17:30:11  자력계:1.650,8.400,-12.900
17:30:11  충격값:2.42
17:30:11  송신:16496
17:30:11  지팡이수신:15916
17:30:11  GPS위성:6
17:30:11  GPS_HDOP:1.40
17:30:11  원시위도:37.496568
17:30:11  원시경도:126.958032
17:30:11  GPS채택:786
17:30:11  GPS이상치거부:24
17:30:11  GPS품질거부:84
17:30:11  GPS재기준:6
17:30:11  계산거리:16.30
17:30:11  접근속도:-0.33
17:30:11  TTC:999.00
17:30:11  방향오차:132.6
17:30:11  전방여부:0
17:30:11  위험음성횟수:0
17:30:11  충격음성횟수:1
17:30:11  마지막위험음성:0
17:30:11  RSSI원시:-80
17:30:11  RSSI평활:-79.8
17:30:11  RSSI샘플:15916
17:30:11  RSSI경과ms:81
17:30:11  위험송신:15916
17:30:11  시각ms:1697738
17:30:11  IMU시각ms:1697738
17:30:11  위험:0
17:30:11  원시위험:0
17:30:11  GPS유효:1
17:30:11  위도:37.496567
17:30:11  경도:126.958034
17:30:11  속도:0.00
17:30:11  방향:178.0
17:30:11  GPS원시속도:0.000
17:30:11  GPS원시방향유효:1
17:30:11  GPS원시방향:182.8
17:30:11  가속도:1.08,3.65,8.40
17:30:11  자이로:13.2,1.4,-0.7
17:30:11  자력계:1.800,8.250,-14.550
17:30:11  충격값:1.21
17:30:11  송신:16499
17:30:11  지팡이수신:15919
17:30:11  GPS위성:6
17:30:11  GPS_HDOP:1.40
17:30:11  원시위도:37.496568
17:30:11  원시경도:126.958032
17:30:11  GPS채택:786
17:30:11  GPS이상치거부:24
17:30:11  GPS품질거부:84
17:30:11  GPS재기준:6
17:30:11  계산거리:16.30
17:30:11  접근속도:-0.23
17:30:11  TTC:999.00
17:30:11  방향오차:132.6
17:30:11  전방여부:0
17:30:11  위험음성횟수:0
17:30:11  충격음성횟수:1
17:30:11  마지막위험음성:0
17:30:11  RSSI원시:-83
17:30:11  RSSI평활:-80.8
17:30:11  RSSI샘플:15919
17:30:11  RSSI경과ms:76
17:30:11  위험송신:15919
17:30:13  시각ms:1699248
17:30:13  IMU시각ms:1699248
17:30:13  위험:0
17:30:13  원시위험:0
17:30:13  GPS유효:1
17:30:13  위도:37.496567
17:30:13  경도:126.958033
17:30:13  속도:0.00
17:30:13  방향:178.0
17:30:13  GPS원시속도:0.000
17:30:13  GPS원시방향유효:1
17:30:13  GPS원시방향:182.8
17:30:13  가속도:0.75,4.23,8.65
17:30:13  자이로:0.1,0.4,-2.1
17:30:13  자력계:3.750,9.750,-17.550
17:30:13  충격값:0.04
17:30:13  송신:16513
17:30:13  지팡이수신:15933
17:30:13  GPS위성:6
17:30:13  GPS_HDOP:1.40
17:30:13  원시위도:37.496568
17:30:13  원시경도:126.958032
17:30:13  GPS채택:789
17:30:13  GPS이상치거부:24
17:30:13  GPS품질거부:84
17:30:13  GPS재기준:6
17:30:13  계산거리:16.52
17:30:13  접근속도:-0.20
17:30:13  TTC:999.00
17:30:13  방향오차:133.7
17:30:13  전방여부:0
17:30:13  위험음성횟수:0
17:30:13  충격음성횟수:1
17:30:13  마지막위험음성:0
17:30:13  RSSI원시:-84
17:30:13  RSSI평활:-83.7
17:30:13  RSSI샘플:15933
17:30:13  RSSI경과ms:71
17:30:13  위험송신:15933
17:30:16  시각ms:1702067
17:30:16  IMU시각ms:1702067
17:30:16  위험:0
17:30:16  원시위험:0
17:30:16  GPS유효:1
17:30:16  위도:37.496568
17:30:16  경도:126.958032
17:30:16  속도:0.00
17:30:16  방향:178.0
17:30:16  GPS원시속도:0.000
17:30:16  GPS원시방향유효:1
17:30:16  GPS원시방향:182.8
17:30:16  가속도:1.07,4.17,8.61
17:30:16  자이로:5.8,-2.1,-4.0
17:30:16  자력계:1.800,9.450,-16.500
17:30:16  충격값:0.22
17:30:16  송신:16540
17:30:16  지팡이수신:15955
17:30:16  GPS위성:6
17:30:16  GPS_HDOP:1.40
17:30:16  원시위도:37.496570
17:30:16  원시경도:126.958030
17:30:16  GPS채택:796
17:30:16  GPS이상치거부:24
17:30:16  GPS품질거부:84
17:30:16  GPS재기준:6
17:30:16  계산거리:16.34
17:30:16  접근속도:-0.01
17:30:16  TTC:999.00
17:30:16  방향오차:134.0
17:30:16  전방여부:0
17:30:16  위험음성횟수:0
17:30:16  충격음성횟수:1
17:30:16  마지막위험음성:0
17:30:16  RSSI원시:-85
17:30:16  RSSI평활:-85.0
17:30:16  RSSI샘플:15955
17:30:16  RSSI경과ms:25
17:30:16  위험송신:15955
17:30:16  시각ms:1702396
17:30:16  IMU시각ms:1702396
17:30:16  위험:0
17:30:16  원시위험:0
17:30:16  GPS유효:1
17:30:16  위도:37.496568
17:30:16  경도:126.958032
17:30:16  속도:0.00
17:30:16  방향:178.0
17:30:16  GPS원시속도:0.000
17:30:16  GPS원시방향유효:1
17:30:16  GPS원시방향:182.8
17:30:16  가속도:1.04,4.28,8.65
17:30:16  자이로:1.8,-0.5,0.2
17:30:16  자력계:3.000,9.750,-16.500
17:30:16  충격값:0.21
17:30:16  송신:16543
17:30:16  지팡이수신:15958
17:30:16  GPS위성:6
17:30:16  GPS_HDOP:1.40
17:30:16  원시위도:37.496570
17:30:16  원시경도:126.958030
17:30:16  GPS채택:796
17:30:16  GPS이상치거부:24
17:30:16  GPS품질거부:84
17:30:16  GPS재기준:6
17:30:16  계산거리:16.34
17:30:16  접근속도:0.01
17:30:16  TTC:999.00
17:30:16  방향오차:134.0
17:30:16  전방여부:0
17:30:16  위험음성횟수:0
17:30:16  충격음성횟수:1
17:30:16  마지막위험음성:0
17:30:16  RSSI원시:-82
17:30:16  RSSI평활:-84.1
17:30:16  RSSI샘플:15958
17:30:16  RSSI경과ms:64
17:30:16  위험송신:15958
17:30:16  시각ms:1702501
17:30:16  IMU시각ms:1702501
17:30:16  위험:0
17:30:16  원시위험:0
17:30:16  GPS유효:1
17:30:16  위도:37.496568
17:30:16  경도:126.958032
17:30:16  속도:0.00
17:30:16  방향:178.0
17:30:16  GPS원시속도:0.000
17:30:16  GPS원시방향유효:1
17:30:16  GPS원시방향:182.8
17:30:16  가속도:1.13,4.20,8.69
17:30:16  자이로:2.8,-0.6,1.2
17:30:16  자력계:2.250,10.950,-15.300
17:30:16  충격값:0.12
17:30:16  송신:16544
17:30:16  지팡이수신:15959
17:30:16  GPS위성:6
17:30:16  GPS_HDOP:1.40
17:30:16  원시위도:37.496570
17:30:16  원시경도:126.958030
17:30:16  GPS채택:796
17:30:16  GPS이상치거부:24
17:30:16  GPS품질거부:84
17:30:16  GPS재기준:6
17:30:16  계산거리:16.34
17:30:16  접근속도:0.01
17:30:16  TTC:999.00
17:30:16  방향오차:134.0
17:30:16  전방여부:0
17:30:16  위험음성횟수:0
17:30:16  충격음성횟수:1
17:30:16  마지막위험음성:0
17:30:16  RSSI원시:-81
17:30:16  RSSI평활:-83.5
17:30:16  RSSI샘플:15959
17:30:16  RSSI경과ms:68
17:30:16  위험송신:15959
17:30:17  시각ms:1702815
17:30:17  IMU시각ms:1702815
17:30:17  위험:0
17:30:17  원시위험:0
17:30:17  GPS유효:1
17:30:17  위도:37.496568
17:30:17  경도:126.958032
17:30:17  속도:0.00
17:30:17  방향:178.0
17:30:17  GPS원시속도:0.000
17:30:17  GPS원시방향유효:1
17:30:17  GPS원시방향:182.8
17:30:17  가속도:1.06,4.27,8.55
17:30:17  자이로:-0.3,0.2,-3.0
17:30:17  자력계:2.100,11.550,-17.700
17:30:17  충격값:0.11
17:30:17  송신:16547
17:30:17  지팡이수신:15961
17:30:17  GPS위성:6
17:30:17  GPS_HDOP:1.40
17:30:17  원시위도:37.496570
17:30:17  원시경도:126.958030
17:30:17  GPS채택:796
17:30:17  GPS이상치거부:24
17:30:17  GPS품질거부:84
17:30:17  GPS재기준:6
17:30:17  계산거리:16.34
17:30:17  접근속도:0.01
17:30:17  TTC:999.00
17:30:17  방향오차:134.0
17:30:17  전방여부:0
17:30:17  위험음성횟수:0
17:30:17  충격음성횟수:1
17:30:17  마지막위험음성:0
17:30:17  RSSI원시:-86
17:30:17  RSSI평활:-84.5
17:30:17  RSSI샘플:15961
17:30:17  RSSI경과ms:51
17:30:17  위험송신:15961
17:30:18  시각ms:1704447
17:30:18  IMU시각ms:1704447
17:30:18  위험:0
17:30:18  원시위험:0
17:30:18  GPS유효:1
17:30:18  위도:37.496569
17:30:18  경도:126.958031
17:30:18  속도:0.00
17:30:18  방향:178.0
17:30:18  GPS원시속도:0.000
17:30:18  GPS원시방향유효:1
17:30:18  GPS원시방향:182.8
17:30:18  가속도:1.21,4.46,8.38
17:30:18  자이로:2.3,0.9,3.4
17:30:18  자력계:3.150,12.000,-16.950
17:30:18  충격값:0.19
17:30:18  송신:16563
17:30:18  지팡이수신:15970
17:30:18  GPS위성:6
17:30:18  GPS_HDOP:1.40
17:30:18  원시위도:37.496570
17:30:18  원시경도:126.958030
17:30:18  GPS채택:800
17:30:18  GPS이상치거부:24
17:30:18  GPS품질거부:84
17:30:18  GPS재기준:6
17:30:18  계산거리:16.27
17:30:18  접근속도:0.03
17:30:18  TTC:999.00
17:30:18  방향오차:133.6
17:30:18  전방여부:0
17:30:18  위험음성횟수:0
17:30:18  충격음성횟수:1
17:30:18  마지막위험음성:0
17:30:18  RSSI원시:-82
17:30:18  RSSI평활:-84.0
17:30:18  RSSI샘플:15970
17:30:18  RSSI경과ms:75
17:30:18  위험송신:15969
