1786930690.034 RX ng_deg":0.00,"node_risk":0,"tx_ms":435749,"rx_ms":3223,"recv_count":25,"lost_count":0,"rssi":-52,"src_mac":"1C:C3:AB:D1:73:5C"}
1786930690.134 RX {"type":"vehicle","node_id":2882630492,"seq":4191,"gps_valid":1,"heading_valid":0,"lat":37.496647,"lng":126.957687,"speed_mps":0.026,"heading_deg":0.00,"node_risk":0,"tx_ms":435849,"rx_ms":3323,"recv_count":26,"lost_count":0,"rssi":-51,"src_mac":"1C:C3:AB:D1:73:5C"}
1786930690.157 RX {"type":"cane","node_id":4125577512,"seq":3475,"gps_valid":1,"heading_valid":0,"lat":37.496578,"lng":126.957718,"speed_mps":0.259,"heading_deg":0.00,"node_risk":0,"tx_ms":370508,"rx_ms":3337,"recv_count":24,"lost_count":1,"rssi":-55,"src_mac":"30:76:F5:E7:51:28"}
1786930690.234 RX {"type":"vehicle","node_id":2882630492,"seq":4192,"gps_valid":1,"heading_valid":0,"lat":37.496647,"lng":126.957687,"speed_mps":0.021,"heading_deg":0.00,"node_risk":0,"tx_ms":435950,"rx_ms":3424,"recv_count":27,"lost_count":0,"rssi":-52,"src_mac":"1C:C3:AB:D1:73:5C"}
1786930690.236 TX {"target_id":0,"risk":2}
1786930690.257 RX {"type":"cane","node_id":4125577512,"seq":3476,"gps_valid":1,"heading_valid":0,"lat":37.496574,"lng":126.957718,"speed_mps":0.296,"heading_deg":0.00,"node_risk":0,"tx_ms":370614,"rx_ms":3437,"recv_count":25,"lost_count":1,"rssi":-57,"src_mac":"30:76:F5:E7:51:28"}
1786930690.341 RX {"type":"vehicle","node_id":2882630492,"seq":4193,"gps_valid":1,"heading_valid":0,"lat":37.496647,"lng":126.957687,"speed_mps":0.021,"heading_deg":0.00,"node_risk":0,"tx_ms":436057,"rx_ms":3531,"recv_count":28,"lost_count":0,"rssi":-54,"src_mac":"1C:C3:AB:D1:73:5C"}
1786930690.364 RX {"type":"cane","node_id":4125577512,"seq":3477,"gps_valid":1,"heading_valid":0,"lat":37.496574,"lng":126.957718,"speed_mps":0.296,"heading_deg":0.00,"node_risk":0,"tx_ms":370719,"rx_ms":3539,"recv_count":26,"lost_count":1,"rssi":-56,"src_mac":"30:76:F5:E7:51:28"}
1786930690.447 RX {"type":"vehicle","node_id":2882630492,"seq":4194,"gps_valid":1,"heading_valid":0,"lat":37.496643,"lng":126.957687,"speed_mps":0.016,"heading_deg":0.00,"node_risk":0,"tx_ms":436158,"rx_ms":3637,"recv_count":29,"lost_count":0,"rssi":-56,"src_mac":"1C:C3:AB:D1:73:5C"}
1786930690.470 RX {"type":"cane","node_id":4125577512,"seq":3478,"gps_valid":1,"heading_valid":0,"lat":37.496571,"lng":126.957718,"speed_mps":0.335,"heading_deg":0.00,"node_risk":0,"tx_ms":370825,"rx_ms":3647,"recv_count":27,"lost_count":1,"rssi":-57,"src_mac":"30:76:F5:E7:51:28"}
1786930690.545 RX {"type":"vehicle","node_id":2882630492,"seq":4195,"gps_valid":1,"heading_valid":0,"lat":37.496643,"lng":126.957687,"speed_mps":0.016,"heading_deg":0.00,"node_risk":0,"tx_ms":436258,"rx_ms":3734,"recv_count":30,"lost_count":0,"rssi":-55,"src_mac":"1C:C3:AB:D1:73:5C"}
1786930690.568 RX {"type":"cane","node_id":4125577512,"seq":3479,"gps_valid":1,"heading_valid":0,"lat":37.496567,"lng":126.957718,"speed_mps":0.372,"heading_deg":0.00,"node_risk":0,"tx_ms":370930,"rx_ms":3750,"recv_count":28,"lost_count":1,"rssi":-56,"src_mac":"30:76:F5:E7:51:28"}
1786930690.645 RX {"type":"vehicle","node_id":2882630492,"seq":4196,"gps_valid":1,"heading_valid":0,"lat":37.496643,"lng":126.957687,"speed_mps":0.015,"heading_deg":0.00,"node_risk":0,"tx_ms":436358,"rx_ms":3835,"recv_count":31,"lost_count":0,"rssi":-53,"src_mac":"1C:C3:AB:D1:73:5C"}
1786930690.669 RX {"type":"cane","node_id":4125577512,"seq":3480,"gps_valid":1,"heading_valid":0,"lat":37.496567,"lng":126.957718,"speed_mps":0.372,"heading_deg":0.00,"node_risk":0,"tx_ms":371036,"rx_ms":3858,"recv_count":29,"lost_count":1,"rssi":-55,"src_mac":"30:76:F5:E7:51:28"}
1786930690.743 RX {"type":"vehicle","node_id":2882630492,"seq":4197,"gps_valid":1,"heading_valid":0,"lat":37.496643,"lng":126.957687,"speed_mps":0.015,"heading_deg":0.00,"node_risk":0,"tx_ms":436458,"rx_ms":3932,"recv_count":32,"lost_count":0,"rssi":-53,"src_mac":"1C:C3:AB:D1:73:5C"}
1786930690.771 RX {"type":"cane","node_id":4125577512,"seq":3481,"gps_valid":1,"heading_valid":0,"lat":37.496567,"lng":126.957718,"speed_mps":0.408,"heading_deg":0.00,"node_risk":0,"tx_ms":371141,"rx_ms":3961,"recv_count":30,"lost_count":1,"rssi":-54,"src_mac":"30:76:F5:E7:51:28"}
1786930690.843 RX {"type":"vehicle","node_id":2882630492,"seq":4198,"gps_valid":1,"heading_valid":0,"lat":37.496643,"lng":126.957687,"speed_mps":0.031,"heading_deg":0.00,"node_risk":0,"tx_ms":436559,"rx_ms":4033,"recv_count":33,"lost_count":0,"rssi":-55,"src_mac":"1C:C3:AB:D1:73:5C"}
1786930690.877 RX {"type":"cane","node_id":4125577512,"seq":3482,"gps_valid":1,"heading_valid":0,"lat":37.496563,"lng":126.957718,"speed_mps":0.408,"heading_deg":0.00,"node_risk":0,"tx_ms":371246,"rx_ms":4066,"recv_count":31,"lost_count":1,"rssi":-55,"src_mac":"30:76:F5:E7:51:28"}
1786930690.947 RX {"type":"vehicle","node_id":2882630492,"seq":4199,"gps_valid":1,"heading_valid":0,"lat":37.496643,"lng":126.957687,"speed_mps":0.031,"heading_deg":0.00,"node_risk":0,"tx_ms":436663,"rx_ms":4137,"recv_count":34,"lost_count":0,"rssi":-52,"src_mac":"1C:C3:AB:D1:73:5C"}
1786930690.981 RX {"type":"cane","node_id":4125577512,"seq":3483,"gps_valid":1,"heading_valid":0,"lat":37.496563,"lng":126.957718,"speed_mps":0.434,"heading_deg":0.00,"node_risk":0,"tx_ms":371351,"rx_ms":4171,"recv_count":32,"lost_count":1,"rssi":-55,"src_mac":"30:76:F5:E7:51:28"}
1786930691.049 RX {"type":"vehicle","node_id":2882630492,"seq":4200,"gps_valid":1,"heading_valid":0,"lat":37.496643,"lng":126.957687,"speed_mps":0.028,"heading_deg":0.00,"node_risk":0,"tx_ms":436764,"rx_ms":4238,"recv_count":35,"lost_count":0,"rssi":-53,"src_mac":"1C:C3:AB:D1:73:5C"}
1786930691.089 RX {"type":"cane","node_id":4125577512,"seq":3484,"gps_valid":1,"heading_valid":0,"lat":37.496559,"lng":126.957718,"speed_mps":0.434,"heading_deg":0.00,"node_risk":0,"tx_ms":371457,"rx_ms":4279,"recv_count":33,"lost_count":1,"rssi":-56,"src_mac":"30:76:F5:E7:51:28"}
1786930691.149 RX {"type":"vehicle","node_id":2882630492,"seq":4201,"gps_valid":1,"heading_valid":0,"lat":37.496643,"lng":126.957687,"speed_mps":0.028,"heading_deg":0.00,"node_risk":0,"tx_ms":436864,"rx_ms":4338,"recv_count":36,"lost_count":0,"rssi":-54,"src_mac":"1C:C3:AB:D1:73:5C"}
1786930691.199 RX {"type":"cane","node_id":4125577512,"seq":3485,"gps_valid":1,"heading_valid":0,"lat":37.496559,"lng":126.957718,"speed_mps":0.435,"heading_deg":0.00,"node_risk":0,"tx_ms":371563,"rx_ms":4388,"recv_count":34,"lost_count":1,"rssi":-54,"src_mac":"30:76:F5:E7:51:28"}
1786930691.249 RX {"type":"vehicle","node_id":2882630492,"seq":4202,"gps_valid":1,"heading_valid":0,"lat":37.496643,"lng":126.957687,"speed_mps":0.027,"heading_deg":0.00,"node_risk":0,"tx_ms":436965,"rx_ms":4439,"recv_count":37,"lost_count":0,"rssi":-51,"src_mac":"1C:C3:AB:D1:73:5C"}
1786930691.250 TX {"target_id":0,"risk":2}
1786930691.303 RX {"type":"cane","node_id":4125577512,"seq":3486,"gps_valid":1,"heading_valid":0,"lat":37.496559,"lng":126.957718,"speed_mps":0.435,"heading_deg":0.00,"node_risk":2,"tx_ms":371668,"rx_ms":4493,"recv_count":35,"lost_count":1,"rssi":-54,"src_mac":"30:76:F5:E7:51:28"}
1786930691.349 RX {"type":"vehicle","node_id":2882630492,"seq":4203,"gps_valid":1,"heading_valid":0,"lat":37.496643,"lng":126.957687,"speed_mps":0.027,"heading_deg":0.00,"node_risk":2,"tx_ms":437065,"rx_ms":4539,"recv_count":38,"lost_count":0,"rssi":-52,"src_mac":"1C:C3:AB:D1:73:5C"}
1786930691.405 RX {"type":"cane","node_id":4125577512,"seq":3487,"gps_valid":1,"heading_valid":0,"lat":37.496555,"lng":126.957718,"speed_mps":0.425,"heading_deg":0.00,"node_risk":2,"tx_ms":371774,"rx_ms":4595,"recv_count":36,"lost_count":1,"rssi":-53,"src_mac":"30:76:F5:E7:51:28"}
1786930691.451 RX {"type":"vehicle","node_id":2882630492,"seq":4204,"gps_valid":1,"heading_valid":0,"lat":37.496643,"lng":126.957687,"speed_mps":0.021,"heading_deg":0.00,"node_risk":2,"tx_ms":437166,"rx_ms":4640,"recv_count":39,"lost_count":0,"rssi":-54,"src_mac":"1C:C3:AB:D1:73:5C"}
1786930691.517 RX {"type":"cane","node_id":4125577512,"seq":3488,"gps_valid":1,"heading_valid":0,"lat":37.496555,"lng":126.957718,"speed_mps":0.425,"heading_deg":0.00,"node_risk":2,"tx_ms":371879,"rx_ms":4707,"recv_count":37,"lost_count":1,"rssi":-54,"src_mac":"30:76:F5:E7:51:28"}
1786930691.553 RX {"type":"vehicle","node_id":2882630492,"seq":4205,"gps_valid":1,"heading_valid":0,"lat":37.496643,"lng":126.957687,"speed_mps":0.021,"heading_deg":0.00,"node_risk":2,"tx_ms":437267,"rx_ms":4742,"recv_count":40,"lost_count":0,"rssi":-54,"src_mac":"1C:C3:AB:D1:73:5C"}
1786930691.619 RX {"type":"cane","node_id":4125577512,"seq":3489,"gps_valid":1,"heading_valid":0,"lat":37.496555,"lng":126.957718,"speed_mps":0.397,"heading_deg":0.00,"node_risk":2,"tx_ms":371984,"rx_ms":4808,"recv_count":38,"lost_count":1,"rssi":-53,"src_mac":"30:76:F5:E7:51:28"}
1786930691.655 RX {"type":"vehicle","node_id":2882630492,"seq":4206,"gps_valid":1,"heading_valid":0,"lat":37.496643,"lng":126.957687,"speed_mps":0.016,"heading_deg":0.00,"node_risk":2,"tx_ms":437369,"rx_ms":4845,"recv_count":41,"lost_count":0,"rssi":-55,"src_mac":"1C:C3:AB:D1:73:5C"}
1786930691.723 RX {"type":"cane","node_id":4125577512,"seq":3490,"gps_valid":1,"heading_valid":0,"lat":37.496555,"lng":126.957718,"speed_mps":0.397,"heading_deg":0.00,"node_risk":2,"tx_ms":372089,"rx_ms":4913,"recv_count":39,"lost_count":1,"rssi":-54,"src_mac":"30:76:F5:E7:51:28"}
1786930691.753 RX {"type":"vehicle","node_id":2882630492,"seq":4207,"gps_valid":1,"heading_valid":0,"lat":37.496643,"lng":126.957687,"speed_mps":0.016,"heading_deg":0.00,"node_risk":2,"tx_ms":437469,"rx_ms":4943,"recv_count":42,"lost_count":0,"rssi":-54,"src_mac":"1C:C3:AB:D1:73:5C"}
1786930691.829 RX {"type":"cane","node_id":4125577512,"seq":3491,"gps_valid":1,"heading_valid":0,"lat":37.496555,"lng":126.957718,"speed_mps":0.366,"heading_deg":0.00,"node_risk":2,"tx_ms":372194,"rx_ms":5019,"recv_count":40,"lost_count":1,"rssi":-54,"src_mac":"30:76:F5:E7:51:28"}
1786930691.855 RX {"type":"vehicle","node_id":2882630492,"seq":4208,"gps_valid":1,"heading_valid":0,"lat":37.496643,"lng":126.957687,"speed_mps":0.016,"heading_deg":0.00,"node_risk":2,"tx_ms":437570,"rx_ms":5045,"recv_count":43,"lost_count":0,"rssi":-55,"src_mac":"1C:C3:AB:D1:73:5C"}
1786930691.929 RX {"type":"cane","node_id":4125577512,"seq":3492,"gps_valid":1,"heading_valid":0,"lat":37.496555,"lng":126.957718,"speed_mps":0.366,"heading_deg":0.00,"node_risk":2,"tx_ms":372299,"rx_ms":5119,"recv_count":41,"lost_count":1,"rssi":-55,"src_mac":"30:76:F5:E7:51:28"}
1786930691.959 RX {"type":"vehicle","node_id":2882630492,"seq":4209,"gps_valid":1,"heading_valid":0,"lat":37.496643,"lng":126.957687,"speed_mps":0.010,"heading_deg":0.00,"node_risk":2,"tx_ms":437675,"rx_ms":5149,"recv_count":44,"lost_count":0,"rssi":-55,"src_mac":"1C:C3:AB:D1:73:5C"}
1786930692.035 RX {"type":"cane","node_id":4125577512,"seq":3493,"gps_valid":1,"heading_valid":0,"lat":37.496555,"lng":126.957718,"speed_mps":0.330,"heading_deg":0.00,"node_risk":2,"tx_ms":372405,"rx_ms":5226,"recv_count":42,"lost_count":1,"rssi":-56,"src_mac":"30:76:F5:E7:51:28"}
1786930692.059 RX {"type":"vehicle","node_id":2882630492,"seq":4210,"gps_valid":1,"heading_valid":0,"lat":37.496643,"lng":126.957687,"speed_mps":0.010,"heading_deg":0.00,"node_risk":2,"tx_ms":437775,"rx_ms":5249,"recv_count":45,"lost_count":0,"rssi":-54,"src_mac":"1C:C3:AB:D1:73:5C"}
1786930692.143 RX {"type":"cane","node_id":4125577512,"seq":3494,"gps_valid":1,"heading_valid":0,"lat":37.496555,"lng":126.957718,"speed_mps":0.330,"heading_deg":0.00,"node_risk":2,"tx_ms":372510,"rx_ms":5332,"recv_count":43,"lost_count":1,"rssi":-55,"src_mac":"30:76:F5:E7:51:28"}
1786930692.166 RX {"type":"vehicle","node_id":2882630492,"seq":4211,"gps_valid":1,"heading_valid":0,"lat":37.496643,"lng":126.957687,"speed_mps":0.005,"heading_deg":0.00,"node_risk":2,"tx_ms":437876,"rx_ms":5349,"recv_count":46,"lost_count":0,"rssi":-55,"src_mac":"1C:C3:AB:D1:73:5C"}
1786930692.253 RX {"type":"cane","node_id":4125577512,"seq":3495,"gps_valid":1,"heading_valid":0,"lat":37.496555,"lng":126.957718,"speed_mps":0.290,"heading_deg":0.00,"node_risk":2,"tx_ms":372616,"rx_ms":5444,"recv_count":44,"lost_count":1,"rssi":-54,"src_mac":"30:76:F5:E7:51:28"}
1786930692.255 TX {"target_id":0,"risk":2}
1786930692.276 RX {"type":"vehicle","node_id":2882630492,"seq":4212,"gps_valid":1,"heading_valid":0,"lat":37.496643,"lng":126.957687,"speed_mps":0.005,"heading_deg":0.00,"node_risk":2,"tx_ms":437983,"rx_ms":5459,"recv_count":47,"lost_count":0,"rssi":-55,"src_mac":"1C:C3:AB:D1:73:5C"}
1786930692.352 RX {"type":"cane","node_id":4125577512,"seq":3496,"gps_valid":1,"heading_valid":0,"lat":37.496555,"lng":126.957718,"speed_mps":0.290,"heading_deg":0.00,"node_risk":2,"tx_ms":372721,"rx_ms":5541,"recv_count":45,"lost_count":1,"rssi":-55,"src_mac":"30:76:F5:E7:51:28"}
1786930692.375 RX {"type":"vehicle","node_id":2882630492,"seq":4213,"gps_valid":1,"heading_valid":0,"lat":37.496643,"lng":126.957687,"speed_mps":0.010,"heading_deg":0.00,"node_risk":2,"tx_ms":438083,"rx_ms":5557,"recv_count":48,"lost_count":0,"rssi":-58,"src_mac":"1C:C3:AB:D1:73:5C"}
1786930692.458 RX {"type":"cane","node_id":4125577512,"seq":3497,"gps_valid":1,"heading_valid":0,"lat":37.496555,"lng":126.957718,"speed_mps":0.268,"heading_deg":0.00,"node_risk":2,"tx_ms":372827,"rx_ms":5647,"recv_count":46,"lost_count":1,"rssi":-55,"src_mac":"30:76:F5:E7:51:28"}
1786930692.459 TX {"target_id":0,"risk":0}
1786930692.481 RX {"type":"vehicle","node_id":2882630492,"seq":4214,"gps_valid":1,"heading_valid":0,"lat":37.496643,"lng":126.957687,"speed_mps":0.010,"heading_deg":0.00,"node_risk":2,"tx_ms":438183,"rx_ms":5657,"recv_count":49,"lost_count":0,"rssi":-60,"src_mac":"1C:C3:AB:D1:73:5C"}
1786930692.563 RX {"type":"cane","node_id":4125577512,"seq":3498,"gps_valid":1,"heading_valid":0,"lat":37.496555,"lng":126.957718,"speed_mps":0.244,"heading_deg":0.00,"node_risk":0,"tx_ms":372932,"rx_ms":5752,"recv_count":47,"lost_count":1,"rssi":-55,"src_mac":"30:76:F5:E7:51:28"}
1786930692.586 RX {"type":"vehicle","node_id":2882630492,"seq":4215,"gps_valid":1,"heading_valid":0,"lat":37.496639,"lng":126.957687,"speed_mps":0.010,"heading_deg":0.00,"node_risk":0,"tx_ms":438286,"rx_ms":5760,"recv_count":50,"lost_count":0,"rssi":-58,"src_mac":"1C:C3:AB:D1:73:5C"}
1786930692.667 RX {"type":"cane","node_id":4125577512,"seq":3499,"gps_valid":1,"heading_valid":0,"lat":37.496555,"lng":126.957718,"speed_mps":0.244,"heading_deg":0.00,"node_risk":0,"tx_ms":373037,"rx_ms":5857,"recv_count":48,"lost_count":1,"rssi":-55,"src_mac":"30:76:F5:E7:51:28"}
1786930692.690 RX {"type":"vehicle","node_id":2882630492,"seq":4216,"gps_valid":1,"heading_valid":0,"lat":37.496639,"lng":126.957687,"speed_mps":0.010,"heading_deg":0.00,"node_risk":0,"tx_ms":438390,"rx_ms":5866,"recv_count":51,"lost_count":0,"rssi":-58,"src_mac":"1C:C3:AB:D1:73:5C"}
1786930692.773 RX {"type":"cane","node_id":4125577512,"seq":3500,"gps_valid":1,"heading_valid":0,"lat":37.496555,"lng":126.957718,"speed_mps":0.231,"heading_deg":0.00,"node_risk":0,"tx_ms":373142,"rx_ms":5962,"recv_count":49,"lost_count":1,"rssi":-55,"src_mac":"30:76:F5:E7:51:28"}
1786930692.796 RX {"type":"vehicle","node_id":2882630492,"seq":4217,"gps_valid":1,"heading_valid":0,"lat":37.496639,"lng":126.957687,"speed_mps":0.015,"heading_deg":0.00,"node_risk":0,"tx_ms":438493,"rx_ms":5967,"recv_count":52,"lost_count":0,"rssi":-58,"src_mac":"1C:C3:AB:D1:73:5C"}
1786930692.879 RX {"type":"cane","node_id":4125577512,"seq":3501,"gps_valid":1,"heading_valid":0,"lat":37.496555,"lng":126.957718,"speed_mps":0.231,"heading_deg":0.00,"node_risk":0,"tx_ms":373247,"rx_ms":6068,"recv_count":50,"lost_count":1,"rssi":-55,"src_mac":"30:76:F5:E7:51:28"}
1786930692.902 RX {"type":"vehicle","node_id":2882630492,"seq":4218,"gps_valid":1,"heading_valid":0,"lat":37.496639,"lng":126.957687,"speed_mps":0.015,"heading_deg":0.00,"node_risk":0,"tx_ms":438595,"rx_ms":6069,"recv_count":53,"lost_count":0,"rssi":-62,"src_mac":"1C:C3:AB:D1:73:5C"}
1786930692.983 RX {"type":"cane","node_id":4125577512,"seq":3502,"gps_valid":1,"heading_valid":0,"lat":37.496552,"lng":126.957718,"speed_mps":0.236,"heading_deg":0.00,"node_risk":0,"tx_ms":373352,"rx_ms":6172,"recv_count":51,"lost_count":1,"rssi":-53,"src_mac":"30:76:F5:E7:51:28"}
1786930693.006 RX {"type":"vehicle","node_id":2882630492,"seq":4219,"gps_valid":1,"heading_valid":0,"lat":37.496639,"lng":126.957687,"speed_mps":0.015,"heading_deg":0.00,"node_risk":0,"tx_ms":438699,"rx_ms":6176,"recv_count":54,"lost_count":0,"rssi":-51,"src_mac":"1C:C3:AB:D1:73:5C"}
1786930693.085 RX {"type":"vehicle","node_id":2882630492,"seq":4220,"gps_valid":1,"heading_valid":0,"lat":37.496639,"lng":126.957687,"speed_mps":0.015,"heading_deg":0.00,"node_risk":0,"tx_ms":438800,"rx_ms":6274,"recv_count":55,"lost_count":0,"rssi":-52,"src_mac":"1C:C3:AB:D1:73:5C"}
1786930693.108 RX {"type":"cane","node_id":4125577512,"seq":3503,"gps_valid":1,"heading_valid":0,"lat":37.496552,"lng":126.957718,"speed_mps":0.236,"heading_deg":0.00,"node_risk":0,"tx_ms":373458,"rx_ms":6279,"recv_count":52,"lost_count":1,"rssi":-51,"src_mac":"30:76:F5:E7:51:28"}
1786930693.185 RX {"type":"vehicle","node_id":2882630492,"seq":4221,"gps_valid":1,"heading_valid":0,"lat":37.496639,"lng":126.957680,"speed_mps":0.013,"heading_deg":0.00,"node_risk":0,"tx_ms":438900,"rx_ms":6374,"recv_count":56,"lost_count":0,"rssi":-50,"src_mac":"1C:C3:AB:D1:73:5C"}
1786930693.208 RX {"type":"cane","node_id":4125577512,"seq":3504,"gps_valid":1,"heading_valid":0,"lat":37.496552,"lng":126.957718,"speed_mps":0.249,"heading_deg":0.00,"node_risk":0,"tx_ms":373563,"rx_ms":6384,"recv_count":53,"lost_count":1,"rssi":-54,"src_mac":"30:76:F5:E7:51:28"}
1786930693.285 RX {"type":"vehicle","node_id":2882630492,"seq":4222,"gps_valid":1,"heading_valid":0,"lat":37.496639,"lng":126.957680,"speed_mps":0.013,"heading_deg":0.00,"node_risk":0,"tx_ms":439001,"rx_ms":6475,"recv_count":57,"lost_count":0,"rssi":-53,"src_mac":"1C:C3:AB:D1:73:5C"}
1786930693.308 RX {"type":"cane","node_id":4125577512,"seq":3505,"gps_valid":1,"heading_valid":0,"lat":37.496552,"lng":126.957718,"speed_mps":0.249,"heading_deg":0.00,"node_risk":0,"tx_ms":373668,"rx_ms":6489,"recv_count":54,"lost_count":1,"rssi":-57,"src_mac":"30:76:F5:E7:51:28"}
1786930693.385 RX {"type":"vehicle","node_id":2882630492,"seq":4223,"gps_valid":1,"heading_valid":0,"lat":37.496639,"lng":126.957680,"speed_mps":0.027,"heading_deg":0.00,"node_risk":0,"tx_ms":439101,"rx_ms":6575,"recv_count":58,"lost_count":0,"rssi":-56,"src_mac":"1C:C3:AB:D1:73:5C"}
1786930693.408 RX {"type":"cane","node_id":4125577512,"seq":3506,"gps_valid":1,"heading_valid":0,"lat":37.496548,"lng":126.957718,"speed_mps":0.263,"heading_deg":0.00,"node_risk":0,"tx_ms":373773,"rx_ms":6593,"recv_count":55,"lost_count":1,"rssi":-65,"src_mac":"30:76:F5:E7:51:28"}
1786930693.487 RX {"type":"vehicle","node_id":2882630492,"seq":4224,"gps_valid":1,"heading_valid":0,"lat":37.496639,"lng":126.957680,"speed_mps":0.027,"heading_deg":0.00,"node_risk":0,"tx_ms":439202,"rx_ms":6676,"recv_count":59,"lost_count":0,"rssi":-55,"src_mac":"1C:C3:AB:D1:73:5C"}
1786930693.488 TX {"target_id":0,"risk":0}
1786930693.510 RX {"type":"cane","node_id":4125577512,"seq":3507,"gps_valid":1,"heading_valid":0,"lat":37.496548,"lng":126.957718,"speed_mps":0.263,"heading_deg":0.00,"node_risk":0,"tx_ms":373878,"rx_ms":6698,"recv_count":56,"lost_count":1,"rssi":-55,"src_mac":"30:76:F5:E7:51:28"}
1786930693.594 RX {"type":"vehicle","node_id":2882630492,"seq":4225,"gps_valid":1,"heading_valid":0,"lat":37.496639,"lng":126.957680,"speed_mps":0.019,"heading_deg":0.00,"node_risk":0,"tx_ms":439305,"rx_ms":6785,"recv_count":60,"lost_count":0,"rssi":-53,"src_mac":"1C:C3:AB:D1:73:5C"}
1786930693.617 RX {"type":"cane","node_id":4125577512,"seq":3508,"gps_valid":1,"heading_valid":0,"lat":37.496544,"lng":126.957718,"speed_mps":0.268,"heading_deg":0.00,"node_risk":0,"tx_ms":373984,"rx_ms":6804,"recv_count":57,"lost_count":1,"rssi":-53,"src_mac":"30:76:F5:E7:51:28"}
1786930693.690 RX {"type":"vehicle","node_id":2882630492,"seq":4226,"gps_valid":1,"heading_valid":0,"lat":37.496639,"lng":126.957680,"speed_mps":0.019,"heading_deg":0.00,"node_risk":0,"tx_ms":439406,"rx_ms":6881,"recv_count":61,"lost_count":0,"rssi":-52,"src_mac":"1C:C3:AB:D1:73:5C"}
1786930693.720 RX {"type":"cane","node_id":4125577512,"seq":3509,"gps_valid":1,"heading_valid":0,"lat":37.496544,"lng":126.957718,"speed_mps":0.268,"heading_deg":0.00,"node_risk":0,"tx_ms":374089,"rx_ms":6909,"recv_count":58,"lost_count":1,"rssi":-53,"src_mac":"30:76:F5:E7:51:28"}
1786930693.790 RX {"type":"vehicle","node_id":2882630492,"seq":4227,"gps_valid":1,"heading_valid":0,"lat":37.496639,"lng":126.957680,"speed_mps":0.014,"heading_deg":0.00,"node_risk":0,"tx_ms":439506,"rx_ms":6980,"recv_count":62,"lost_count":0,"rssi":-50,"src_mac":"1C:C3:AB:D1:73:5C"}
1786930693.824 RX {"type":"cane","node_id":4125577512,"seq":3510,"gps_valid":1,"heading_valid":0,"lat":37.496544,"lng":126.957718,"speed_mps":0.268,"heading_deg":0.00,"node_risk":0,"tx_ms":374194,"rx_ms":7014,"recv_count":59,"lost_count":1,"rssi":-53,"src_mac":"30:76:F5:E7:51:28"}
1786930693.892 RX {"type":"vehicle","node_id":2882630492,"seq":4228,"gps_valid":1,"heading_valid":0,"lat":37.496639,"lng":126.957680,"speed_mps":0.014,"heading_deg":0.00,"node_risk":0,"tx_ms":439607,"rx_ms":7082,"recv_count":63,"lost_count":0,"rssi":-49,"src_mac":"1C:C3:AB:D1:73:5C"}
1786930693.930 RX {"type":"cane","node_id":4125577512,"seq":3511,"gps_valid":1,"heading_valid":0,"lat":37.496544,"lng":126.957718,"speed_mps":0.268,"heading_deg":0.00,"node_risk":0,"tx_ms":374299,"rx_ms":7119,"recv_count":60,"lost_count":1,"rssi":-53,"src_mac":"30:76:F5:E7:51:28"}
1786930693.996 RX {"type":"vehicle","node_id":2882630492,"seq":4229,"gps_valid":1,"heading_valid":0,"lat":37.496639,"lng":126.957680,"speed_mps":0.015,"heading_deg":0.00,"node_risk":0,"tx_ms":439712,"rx_ms":7186,"recv_count":64,"lost_count":0,"rssi":-49,"src_mac":"1C:C3:AB:D1:73:5C"}
1786930694.036 RX {"type":"cane","node_id":4125577512,"seq":3512,"gps_valid":1,"heading_valid":0,"lat":37.496540,"lng":126.957718,"speed_mps":0.270,"heading_deg":0.00,"node_risk":0,"tx_ms":374405,"rx_ms":7225,"recv_count":61,"lost_count":1,"rssi":-52,"src_mac":"30:76:F5:E7:51:28"}
1786930694.098 RX {"type":"vehicle","node_id":2882630492,"seq":4230,"gps_valid":1,"heading_valid":0,"lat":37.496639,"lng":126.957680,"speed_mps":0.015,"heading_deg":0.00,"node_risk":0,"tx_ms":439813,"rx_ms":7287,"recv_count":65,"lost_count":0,"rssi":-50,"src_mac":"1C:C3:AB:D1:73:5C"}
1786930694.140 RX {"type":"cane","node_id":4125577512,"seq":3513,"gps_valid":1,"heading_valid":0,"lat":37.496540,"lng":126.957718,"speed_mps":0.270,"heading_deg":0.00,"node_risk":0,"tx_ms":374510,"rx_ms":7330,"recv_count":62,"lost_count":1,"rssi":-52,"src_mac":"30:76:F5:E7:51:28"}
1786930694.200 RX {"type":"vehicle","node_id":2882630492,"seq":4231,"gps_valid":1,"heading_valid":0,"lat":37.496639,"lng":126.957680,"speed_mps":0.007,"heading_deg":0.00,"node_risk":0,"tx_ms":439914,"rx_ms":7389,"recv_count":66,"lost_count":0,"rssi":-50,"src_mac":"1C:C3:AB:D1:73:5C"}
1786930694.246 RX {"type":"cane","node_id":4125577512,"seq":3514,"gps_valid":1,"heading_valid":0,"lat":37.496540,"lng":126.957718,"speed_mps":0.276,"heading_deg":0.00,"node_risk":0,"tx_ms":374616,"rx_ms":7436,"recv_count":63,"lost_count":1,"rssi":-53,"src_mac":"30:76:F5:E7:51:28"}
1786930694.298 RX {"type":"vehicle","node_id":2882630492,"seq":4232,"gps_valid":1,"heading_valid":0,"lat":37.496639,"lng":126.957680,"speed_mps":0.007,"heading_deg":0.00,"node_risk":0,"tx_ms":440014,"rx_ms":7488,"recv_count":67,"lost_count":0,"rssi":-51,"src_mac":"1C:C3:AB:D1:73:5C"}
1786930694.352 RX {"type":"cane","node_id":4125577512,"seq":3515,"gps_valid":1,"heading_valid":0,"lat":37.496536,"lng":126.957718,"speed_mps":0.276,"heading_deg":0.00,"node_risk":0,"tx_ms":374721,"rx_ms":7541,"recv_count":64,"lost_count":1,"rssi":-54,"src_mac":"30:76:F5:E7:51:28"}
1786930694.400 RX {"type":"vehicle","node_id":2882630492,"seq":4233,"gps_valid":1,"heading_valid":0,"lat":37.496639,"lng":126.957680,"speed_mps":0.004,"heading_deg":0.00,"node_risk":0,"tx_ms":440115,"rx_ms":7589,"recv_count":68,"lost_count":0,"rssi":-54,"src_mac":"1C:C3:AB:D1:73:5C"}
1786930694.458 RX {"type":"cane","node_id":4125577512,"seq":3516,"gps_valid":1,"heading_valid":0,"lat":37.496536,"lng":126.957718,"speed_mps":0.282,"heading_deg":0.00,"node_risk":0,"tx_ms":374827,"rx_ms":7647,"recv_count":65,"lost_count":1,"rssi":-55,"src_mac":"30:76:F5:E7:51:28"}
1786930694.510 RX {"type":"vehicle","node_id":2882630492,"seq":4234,"gps_valid":1,"heading_valid":0,"lat":37.496639,"lng":126.957680,"speed_mps":0.004,"heading_deg":0.00,"node_risk":0,"tx_ms":440222,"rx_ms":7700,"recv_count":69,"lost_count":0,"rssi":-53,"src_mac":"1C:C3:AB:D1:73:5C"}
1786930694.512 TX {"target_id":0,"risk":0}
1786930694.562 RX {"type":"cane","node_id":4125577512,"seq":3517,"gps_valid":1,"heading_valid":0,"lat":37.496532,"lng":126.957718,"speed_mps":0.286,"heading_deg":0.00,"node_risk":0,"tx_ms":374932,"rx_ms":7752,"recv_count":66,"lost_count":1,"rssi":-55,"src_mac":"30:76:F5:E7:51:28"}
1786930694.612 RX {"type":"vehicle","node_id":2882630492,"seq":4235,"gps_valid":1,"heading_valid":0,"lat":37.496635,"lng":126.957680,"speed_mps":0.004,"heading_deg":0.00,"node_risk":0,"tx_ms":440324,"rx_ms":7801,"recv_count":70,"lost_count":0,"rssi":-52,"src_mac":"1C:C3:AB:D1:73:5C"}
1786930694.670 RX {"type":"cane","node_id":4125577512,"seq":3518,"gps_valid":1,"heading_valid":0,"lat":37.496532,"lng":126.957718,"speed_mps":0.286,"heading_deg":0.00,"node_risk":0,"tx_ms":375038,"rx_ms":7860,"recv_count":67,"lost_count":1,"rssi":-53,"src_mac":"30:76:F5:E7:51:28"}
1786930694.708 RX {"type":"vehicle","node_id":2882630492,"seq":4236,"gps_valid":1,"heading_valid":0,"lat":37.496635,"lng":126.957680,"speed_mps":0.004,"heading_deg":0.00,"node_risk":0,"tx_ms":440424,"rx_ms":7898,"recv_count":71,"lost_count":0,"rssi":-52,"src_mac":"1C:C3:AB:D1:73:5C"}
1786930694.774 RX {"type":"cane","node_id":4125577512,"seq":3519,"gps_valid":1,"heading_valid":0,"lat":37.496532,"lng":126.957718,"speed_mps":0.289,"heading_deg":0.00,"node_risk":0,"tx_ms":375143,"rx_ms":7964,"recv_count":68,"lost_count":1,"rssi":-53,"src_mac":"30:76:F5:E7:51:28"}
1786930694.812 RX {"type":"vehicle","node_id":2882630492,"seq":4237,"gps_valid":1,"heading_valid":0,"lat":37.496635,"lng":126.957680,"speed_mps":0.010,"heading_deg":0.00,"node_risk":0,"tx_ms":440525,"rx_ms":8001,"recv_count":72,"lost_count":0,"rssi":-50,"src_mac":"1C:C3:AB:D1:73:5C"}
1786930694.878 RX {"type":"cane","node_id":4125577512,"seq":3520,"gps_valid":1,"heading_valid":0,"lat":37.496532,"lng":126.957718,"speed_mps":0.289,"heading_deg":0.00,"node_risk":0,"tx_ms":375248,"rx_ms":8068,"recv_count":69,"lost_count":1,"rssi":-53,"src_mac":"30:76:F5:E7:51:28"}
1786930694.910 RX {"type":"vehicle","node_id":2882630492,"seq":4238,"gps_valid":1,"heading_valid":0,"lat":37.496635,"lng":126.957680,"speed_mps":0.010,"heading_deg":0.00,"node_risk":0,"tx_ms":440625,"rx_ms":8100,"recv_count":73,"lost_count":0,"rssi":-52,"src_mac":"1C:C3:AB:D1:73:5C"}
1786930694.986 RX {"type":"cane","node_id":4125577512,"seq":3521,"gps_valid":1,"heading_valid":0,"lat":37.496529,"lng":126.957718,"speed_mps":0.290,"heading_deg":0.00,"node_risk":0,"tx_ms":375353,"rx_ms":8176,"recv_count":70,"lost_count":1,"rssi":-52,"src_mac":"30:76:F5:E7:51:28"}
1786930695.014 RX {"type":"vehicle","node_id":2882630492,"seq":4239,"gps_valid":1,"heading_valid":0,"lat":37.496635,"lng":126.957680,"speed_mps":0.018,"heading_deg":0.00,"node_risk":0,"tx_ms":440730,"rx_ms":8204,"recv_count":74,"lost_count":0,"rssi":-52,"src_mac":"1C:C3:AB:D1:73:5C"}
1786930695.098 RX {"type":"cane","node_id":4125577512,"seq":3522,"gps_valid":1,"heading_valid":0,"lat":37.496529,"lng":126.957718,"speed_mps":0.290,"heading_deg":0.00,"node_risk":0,"tx_ms":375459,"rx_ms":8289,"recv_count":71,"lost_count":1,"rssi":-52,"src_mac":"30:76:F5:E7:51:28"}
1786930695.121 RX {"type":"vehicle","node_id":2882630492,"seq":4240,"gps_valid":1,"heading_valid":0,"lat":37.496635,"lng":126.957680,"speed_mps":0.018,"heading_deg":0.00,"node_risk":0,"tx_ms":440831,"rx_ms":8305,"recv_count":75,"lost_count":0,"rssi":-51,"src_mac":"1C:C3:AB:D1:73:5C"}
1786930695.212 RX {"type":"cane","node_id":4125577512,"seq":3523,"gps_valid":1,"heading_valid":0,"lat":37.496529,"lng":126.957718,"speed_mps":0.289,"heading_deg":0.00,"node_risk":0,"tx_ms":375565,"rx_ms":8401,"recv_count":72,"lost_count":1,"rssi":-54,"src_mac":"30:76:F5:E7:51:28"}
1786930695.235 RX {"type":"vehicle","node_id":2882630492,"seq":4241,"gps_valid":1,"heading_valid":0,"lat":37.496635,"lng":126.957680,"speed_mps":0.011,"heading_deg":0.00,"node_risk":0,"tx_ms":440931,"rx_ms":8406,"recv_count":76,"lost_count":0,"rssi":-53,"src_mac":"1C:C3:AB:D1:73:5C"}
1786930695.314 RX {"type":"cane","node_id":4125577512,"seq":3524,"gps_valid":1,"heading_valid":0,"lat":37.496529,"lng":126.957718,"speed_mps":0.289,"heading_deg":0.00,"node_risk":0,"tx_ms":375671,"rx_ms":8503,"recv_count":73,"lost_count":1,"rssi":-53,"src_mac":"30:76:F5:E7:51:28"}
1786930695.337 RX {"type":"vehicle","node_id":2882630492,"seq":4242,"gps_valid":1,"heading_valid":0,"lat":37.496635,"lng":126.957680,"speed_mps":0.011,"heading_deg":0.00,"node_risk":0,"tx_ms":441034,"rx_ms":8511,"recv_count":77,"lost_count":0,"rssi":-52,"src_mac":"1C:C3:AB:D1:73:5C"}
1786930695.410 RX {"type":"cane","node_id":4125577512,"seq":3525,"gps_valid":1,"heading_valid":0,"lat":37.496529,"lng":126.957718,"speed_mps":0.273,"heading_deg":0.00,"node_risk":0,"tx_ms":375777,"rx_ms":8599,"recv_count":74,"lost_count":1,"rssi":-53,"src_mac":"30:76:F5:E7:51:28"}
1786930695.433 RX {"type":"vehicle","node_id":2882630492,"seq":4243,"gps_valid":1,"heading_valid":0,"lat":37.496635,"lng":126.957680,"speed_mps":0.013,"heading_deg":0.00,"node_risk":0,"tx_ms":441138,"rx_ms":8613,"recv_count":78,"lost_count":0,"rssi":-51,"src_mac":"1C:C3:AB:D1:73:5C"}
1786930695.518 RX {"type":"cane","node_id":4125577512,"seq":3526,"gps_valid":1,"heading_valid":0,"lat":37.496529,"lng":126.957718,"speed_mps":0.273,"heading_deg":0.00,"node_risk":0,"tx_ms":375883,"rx_ms":8707,"recv_count":75,"lost_count":1,"rssi":-53,"src_mac":"30:76:F5:E7:51:28"}
1786930695.520 TX {"target_id":0,"risk":0}
1786930695.541 RX {"type":"vehicle","node_id":2882630492,"seq":4244,"gps_valid":1,"heading_valid":0,"lat":37.496635,"lng":126.957680,"speed_mps":0.013,"heading_deg":0.00,"node_risk":0,"tx_ms":441239,"rx_ms":8716,"recv_count":79,"lost_count":0,"rssi":-52,"src_mac":"1C:C3:AB:D1:73:5C"}
1786930695.619 RX {"type":"cane","node_id":4125577512,"seq":3527,"gps_valid":1,"heading_valid":0,"lat":37.496529,"lng":126.957718,"speed_mps":0.255,"heading_deg":0.00,"node_risk":0,"tx_ms":375989,"rx_ms":8809,"recv_count":76,"lost_count":1,"rssi":-54,"src_mac":"30:76:F5:E7:51:28"}
1786930695.642 RX {"type":"vehicle","node_id":2882630492,"seq":4245,"gps_valid":1,"heading_valid":0,"lat":37.496635,"lng":126.957680,"speed_mps":0.012,"heading_deg":0.00,"node_risk":0,"tx_ms":441342,"rx_ms":8818,"recv_count":80,"lost_count":0,"rssi":-52,"src_mac":"1C:C3:AB:D1:73:5C"}
1786930695.725 RX {"type":"cane","node_id":4125577512,"seq":3528,"gps_valid":1,"heading_valid":0,"lat":37.496529,"lng":126.957718,"speed_mps":0.255,"heading_deg":0.00,"node_risk":0,"tx_ms":376094,"rx_ms":8914,"recv_count":77,"lost_count":1,"rssi":-56,"src_mac":"30:76:F5:E7:51:28"}
1786930695.748 RX {"type":"vehicle","node_id":2882630492,"seq":4246,"gps_valid":1,"heading_valid":0,"lat":37.496635,"lng":126.957680,"speed_mps":0.012,"heading_deg":0.00,"node_risk":0,"tx_ms":441445,"rx_ms":8923,"recv_count":81,"lost_count":0,"rssi":-51,"src_mac":"1C:C3:AB:D1:73:5C"}
1786930695.833 RX {"type":"vehicle","node_id":2882630492,"seq":4247,"gps_valid":1,"heading_valid":0,"lat":37.496635,"lng":126.957680,"speed_mps":0.009,"heading_deg":0.00,"node_risk":0,"tx_ms":441547,"rx_ms":9023,"recv_count":82,"lost_count":0,"rssi":-52,"src_mac":"1C:C3:AB:D1:73:5C"}
1786930695.856 RX {"type":"cane","node_id":4125577512,"seq":3529,"gps_valid":1,"heading_valid":0,"lat":37.496529,"lng":126.957718,"speed_mps":0.238,"heading_deg":0.00,"node_risk":0,"tx_ms":376200,"rx_ms":9026,"recv_count":78,"lost_count":1,"rssi":-54,"src_mac":"30:76:F5:E7:51:28"}
1786930695.935 RX {"type":"cane","node_id":4125577512,"seq":3530,"gps_valid":1,"heading_valid":0,"lat":37.496529,"lng":126.957718,"speed_mps":0.238,"heading_deg":0.00,"node_risk":0,"tx_ms":376305,"rx_ms":9125,"recv_count":79,"lost_count":1,"rssi":-52,"src_mac":"30:76:F5:E7:51:28"}
1786930695.958 RX {"type":"vehicle","node_id":2882630492,"seq":4248,"gps_valid":1,"heading_valid":0,"lat":37.496635,"lng":126.957680,"speed_mps":0.009,"heading_deg":0.00,"node_risk":0,"tx_ms":441652,"rx_ms":9126,"recv_count":83,"lost_count":0,"rssi":-51,"src_mac":"1C:C3:AB:D1:73:5C"}
1786930696.039 RX {"type":"vehicle","node_id":2882630492,"seq":4249,"gps_valid":1,"heading_valid":0,"lat":37.496635,"lng":126.957680,"speed_mps":0.007,"heading_deg":0.00,"node_risk":0,"tx_ms":441755,"rx_ms":9229,"recv_count":84,"lost_count":0,"rssi":-51,"src_mac":"1C:C3:AB:D1:73:5C"}
1786930696.062 RX {"type":"cane","node_id":4125577512,"seq":3531,"gps_valid":1,"heading_valid":0,"lat":37.496529,"lng":126.957718,"speed_mps":0.225,"heading_deg":0.00,"node_risk":0,"tx_ms":376411,"rx_ms":9231,"recv_count":80,"lost_count":1,"rssi":-53,"src_mac":"30:76:F5:E7:51:28"}
1786930696.139 RX {"type":"vehicle","node_id":2882630492,"seq":4250,"gps_valid":1,"heading_valid":0,"lat":37.496635,"lng":126.957680,"speed_mps":0.007,"heading_deg":0.00,"node_risk":0,"tx_ms":441855,"rx_ms":9329,"recv_count":85,"lost_count":0,"rssi":-51,"src_mac":"1C:C3:AB:D1:73:5C"}
1786930696.162 RX {"type":"cane","node_id":4125577512,"seq":3532,"gps_valid":1,"heading_valid":0,"lat":37.496529,"lng":126.957718,"speed_mps":0.225,"heading_deg":0.00,"node_risk":0,"tx_ms":376516,"rx_ms":9336,"recv_count":81,"lost_count":1,"rssi":-54,"src_mac":"30:76:F5:E7:51:28"}
1786930696.241 RX {"type":"vehicle","node_id":2882630492,"seq":4251,"gps_valid":1,"heading_valid":0,"lat":37.496632,"lng":126.957680,"speed_mps":0.011,"heading_deg":0.00,"node_risk":0,"tx_ms":441956,"rx_ms":9431,"recv_count":86,"lost_count":0,"rssi":-51,"src_mac":"1C:C3:AB:D1:73:5C"}
1786930696.264 RX {"type":"cane","node_id":4125577512,"seq":3533,"gps_valid":1,"heading_valid":0,"lat":37.496529,"lng":126.957718,"speed_mps":0.213,"heading_deg":0.00,"node_risk":0,"tx_ms":376622,"rx_ms":9442,"recv_count":82,"lost_count":1,"rssi":-51,"src_mac":"30:76:F5:E7:51:28"}
1786930696.341 RX {"type":"vehicle","node_id":2882630492,"seq":4252,"gps_valid":1,"heading_valid":0,"lat":37.496632,"lng":126.957680,"speed_mps":0.011,"heading_deg":0.00,"node_risk":0,"tx_ms":442056,"rx_ms":9530,"recv_count":87,"lost_count":0,"rssi":-52,"src_mac":"1C:C3:AB:D1:73:5C"}
1786930696.364 RX {"type":"cane","node_id":4125577512,"seq":3534,"gps_valid":1,"heading_valid":0,"lat":37.496529,"lng":126.957718,"speed_mps":0.196,"heading_deg":0.00,"node_risk":0,"tx_ms":376727,"rx_ms":9549,"recv_count":83,"lost_count":1,"rssi":-52,"src_mac":"30:76:F5:E7:51:28"}
1786930696.441 RX {"type":"vehicle","node_id":2882630492,"seq":4253,"gps_valid":1,"heading_valid":0,"lat":37.496632,"lng":126.957680,"speed_mps":0.011,"heading_deg":0.00,"node_risk":0,"tx_ms":442157,"rx_ms":9631,"recv_count":88,"lost_count":0,"rssi":-51,"src_mac":"1C:C3:AB:D1:73:5C"}
1786930696.464 RX {"type":"cane","node_id":4125577512,"seq":3535,"gps_valid":1,"heading_valid":0,"lat":37.496529,"lng":126.957718,"speed_mps":0.196,"heading_deg":0.00,"node_risk":0,"tx_ms":376833,"rx_ms":9653,"recv_count":84,"lost_count":1,"rssi":-55,"src_mac":"30:76:F5:E7:51:28"}
1786930696.541 RX {"type":"vehicle","node_id":2882630492,"seq":4254,"gps_valid":1,"heading_valid":0,"lat":37.496632,"lng":126.957680,"speed_mps":0.011,"heading_deg":0.00,"node_risk":0,"tx_ms":442257,"rx_ms":9732,"recv_count":89,"lost_count":0,"rssi":-50,"src_mac":"1C:C3:AB:D1:73:5C"}
1786930696.542 TX {"target_id":0,"risk":0}
1786930696.569 RX {"type":"cane","node_id":4125577512,"seq":3536,"gps_valid":1,"heading_valid":0,"lat":37.496529,"lng":126.957718,"speed_mps":0.181,"heading_deg":0.00,"node_risk":0,"tx_ms":376938,"rx_ms":9760,"recv_count":85,"lost_count":1,"rssi":-53,"src_mac":"30:76:F5:E7:51:28"}
1786930696.642 RX {"type":"vehicle","node_id":2882630492,"seq":4255,"gps_valid":1,"heading_valid":0,"lat":37.496632,"lng":126.957680,"speed_mps":0.008,"heading_deg":0.00,"node_risk":0,"tx_ms":442358,"rx_ms":9832,"recv_count":90,"lost_count":0,"rssi":-51,"src_mac":"1C:C3:AB:D1:73:5C"}
1786930696.674 RX {"type":"cane","node_id":4125577512,"seq":3537,"gps_valid":1,"heading_valid":0,"lat":37.496529,"lng":126.957718,"speed_mps":0.181,"heading_deg":0.00,"node_risk":0,"tx_ms":377043,"rx_ms":9863,"recv_count":86,"lost_count":1,"rssi":-53,"src_mac":"30:76:F5:E7:51:28"}
1786930696.744 RX {"type":"vehicle","node_id":2882630492,"seq":4256,"gps_valid":1,"heading_valid":0,"lat":37.496632,"lng":126.957680,"speed_mps":0.008,"heading_deg":0.00,"node_risk":0,"tx_ms":442458,"rx_ms":9934,"recv_count":91,"lost_count":0,"rssi":-48,"src_mac":"1C:C3:AB:D1:73:5C"}
1786930696.780 RX {"type":"cane","node_id":4125577512,"seq":3538,"gps_valid":1,"heading_valid":0,"lat":37.496525,"lng":126.957718,"speed_mps":0.172,"heading_deg":0.00,"node_risk":0,"tx_ms":377148,"rx_ms":9970,"recv_count":87,"lost_count":1,"rssi":-56,"src_mac":"30:76:F5:E7:51:28"}
1786930696.848 RX {"type":"vehicle","node_id":2882630492,"seq":4257,"gps_valid":1,"heading_valid":0,"lat":37.496632,"lng":126.957680,"speed_mps":0.012,"heading_deg":0.00,"node_risk":0,"tx_ms":442559,"rx_ms":10037,"recv_count":92,"lost_count":0,"rssi":-49,"src_mac":"1C:C3:AB:D1:73:5C"}
1786930696.884 RX {"type":"cane","node_id":4125577512,"seq":3539,"gps_valid":1,"heading_valid":0,"lat":37.496525,"lng":126.957718,"speed_mps":0.172,"heading_deg":0.00,"node_risk":0,"tx_ms":377253,"rx_ms":10073,"recv_count":88,"lost_count":1,"rssi":-52,"src_mac":"30:76:F5:E7:51:28"}
1786930696.946 RX {"type":"vehicle","node_id":2882630492,"seq":4258,"gps_valid":1,"heading_valid":0,"lat":37.496632,"lng":126.957680,"speed_mps":0.012,"heading_deg":0.00,"node_risk":0,"tx_ms":442663,"rx_ms":10136,"recv_count":93,"lost_count":0,"rssi":-50,"src_mac":"1C:C3:AB:D1:73:5C"}
1786930696.990 RX {"type":"cane","node_id":4125577512,"seq":3540,"gps_valid":1,"heading_valid":0,"lat":37.496525,"lng":126.957718,"speed_mps":0.168,"heading_deg":0.00,"node_risk":0,"tx_ms":377359,"rx_ms":10179,"recv_count":89,"lost_count":1,"rssi":-51,"src_mac":"30:76:F5:E7:51:28"}
1786930697.048 RX {"type":"vehicle","node_id":2882630492,"seq":4259,"gps_valid":1,"heading_valid":0,"lat":37.496632,"lng":126.957680,"speed_mps":0.008,"heading_deg":0.00,"node_risk":0,"tx_ms":442764,"rx_ms":10238,"recv_count":94,"lost_count":0,"rssi":-52,"src_mac":"1C:C3:AB:D1:73:5C"}
1786930697.096 RX {"type":"cane","node_id":4125577512,"seq":3541,"gps_valid":1,"heading_valid":0,"lat":37.496525,"lng":126.957718,"speed_mps":0.168,"heading_deg":0.00,"node_risk":0,"tx_ms":377464,"rx_ms":10285,"recv_count":90,"lost_count":1,"rssi":-52,"src_mac":"30:76:F5:E7:51:28"}
1786930697.150 RX {"type":"vehicle","node_id":2882630492,"seq":4260,"gps_valid":1,"heading_valid":0,"lat":37.496632,"lng":126.957680,"speed_mps":0.008,"heading_deg":0.00,"node_risk":0,"tx_ms":442864,"rx_ms":10340,"recv_count":95,"lost_count":0,"rssi":-50,"src_mac":"1C:C3:AB:D1:73:5C"}
1786930697.200 RX {"type":"cane","node_id":4125577512,"seq":3542,"gps_valid":1,"heading_valid":0,"lat":37.496521,"lng":126.957718,"speed_mps":0.177,"heading_deg":0.00,"node_risk":0,"tx_ms":377569,"rx_ms":10391,"recv_count":91,"lost_count":1,"rssi":-54,"src_mac":"30:76:F5:E7:51:28"}
1786930697.258 RX {"type":"vehicle","node_id":2882630492,"seq":4261,"gps_valid":1,"heading_valid":0,"lat":37.496632,"lng":126.957680,"speed_mps":0.017,"heading_deg":0.00,"node_risk":0,"tx_ms":442965,"rx_ms":10448,"recv_count":96,"lost_count":0,"rssi":-49,"src_mac":"1C:C3:AB:D1:73:5C"}
1786930697.304 RX {"type":"cane","node_id":4125577512,"seq":3543,"gps_valid":1,"heading_valid":0,"lat":37.496521,"lng":126.957718,"speed_mps":0.177,"heading_deg":0.00,"node_risk":0,"tx_ms":377674,"rx_ms":10494,"recv_count":92,"lost_count":1,"rssi":-56,"src_mac":"30:76:F5:E7:51:28"}
1786930697.354 RX {"type":"vehicle","node_id":2882630492,"seq":4262,"gps_valid":1,"heading_valid":0,"lat":37.496632,"lng":126.957680,"speed_mps":0.017,"heading_deg":0.00,"node_risk":0,"tx_ms":443065,"rx_ms":10543,"recv_count":97,"lost_count":0,"rssi":-49,"src_mac":"1C:C3:AB:D1:73:5C"}
1786930697.410 RX {"type":"cane","node_id":4125577512,"seq":3544,"gps_valid":1,"heading_valid":0,"lat":37.496521,"lng":126.957718,"speed_mps":0.196,"heading_deg":0.00,"node_risk":0,"tx_ms":377780,"rx_ms":10600,"recv_count":93,"lost_count":1,"rssi":-55,"src_mac":"30:76:F5:E7:51:28"}
1786930697.456 RX {"type":"vehicle","node_id":2882630492,"seq":4263,"gps_valid":1,"heading_valid":0,"lat":37.496632,"lng":126.957680,"speed_mps":0.016,"heading_deg":0.00,"node_risk":0,"tx_ms":443166,"rx_ms":10646,"recv_count":98,"lost_count":0,"rssi":-46,"src_mac":"1C:C3:AB:D1:73:5C"}
1786930697.520 RX {"type":"cane","node_id":4125577512,"seq":3545,"gps_valid":1,"heading_valid":0,"lat":37.496521,"lng":126.957718,"speed_mps":0.196,"heading_deg":0.00,"node_risk":0,"tx_ms":377886,"rx_ms":10710,"recv_count":94,"lost_count":1,"rssi":-51,"src_mac":"30:76:F5:E7:51:28"}
1786930697.550 RX {"type":"vehicle","node_id":2882630492,"seq":4264,"gps_valid":1,"heading_valid":0,"lat":37.496632,"lng":126.957680,"speed_mps":0.016,"heading_deg":0.00,"node_risk":0,"tx_ms":443266,"rx_ms":10741,"recv_count":99,"lost_count":0,"rssi":-50,"src_mac":"1C:C3:AB:D1:73:5C"}
1786930697.551 TX {"target_id":0,"risk":0}
1786930697.626 RX {"type":"cane","node_id":4125577512,"seq":3546,"gps_valid":1,"heading_valid":0,"lat":37.496517,"lng":126.957718,"speed_mps":0.214,"heading_deg":0.00,"node_risk":0,"tx_ms":377992,"rx_ms":10816,"recv_count":95,"lost_count":1,"rssi":-55,"src_mac":"30:76:F5:E7:51:28"}
1786930697.660 RX {"type":"vehicle","node_id":2882630492,"seq":4265,"gps_valid":1,"heading_valid":0,"lat":37.496632,"lng":126.957672,"speed_mps":0.031,"heading_deg":0.00,"node_risk":0,"tx_ms":443368,"rx_ms":10849,"recv_count":100,"lost_count":0,"rssi":-51,"src_mac":"1C:C3:AB:D1:73:5C"}
1786930697.728 RX {"type":"cane","node_id":4125577512,"seq":3547,"gps_valid":1,"heading_valid":0,"lat":37.496517,"lng":126.957718,"speed_mps":0.214,"heading_deg":0.00,"node_risk":0,"tx_ms":378097,"rx_ms":10919,"recv_count":96,"lost_count":1,"rssi":-52,"src_mac":"30:76:F5:E7:51:28"}
1786930697.760 RX {"type":"vehicle","node_id":2882630492,"seq":4266,"gps_valid":1,"heading_valid":0,"lat":37.496632,"lng":126.957672,"speed_mps":0.031,"heading_deg":0.00,"node_risk":0,"tx_ms":443468,"rx_ms":10949,"recv_count":101,"lost_count":0,"rssi":-50,"src_mac":"1C:C3:AB:D1:73:5C"}
1786930697.834 RX {"type":"cane","node_id":4125577512,"seq":3548,"gps_valid":1,"heading_valid":0,"lat":37.496517,"lng":126.957718,"speed_mps":0.220,"heading_deg":0.00,"node_risk":0,"tx_ms":378203,"rx_ms":11023,"recv_count":97,"lost_count":1,"rssi":-56,"src_mac":"30:76:F5:E7:51:28"}
1786930697.860 RX {"type":"vehicle","node_id":2882630492,"seq":4267,"gps_valid":1,"heading_valid":0,"lat":37.496632,"lng":126.957672,"speed_mps":0.023,"heading_deg":0.00,"node_risk":0,"tx_ms":443574,"rx_ms":11050,"recv_count":102,"lost_count":0,"rssi":-51,"src_mac":"1C:C3:AB:D1:73:5C"}
1786930697.938 RX {"type":"cane","node_id":4125577512,"seq":3549,"gps_valid":1,"heading_valid":0,"lat":37.496517,"lng":126.957718,"speed_mps":0.220,"heading_deg":0.00,"node_risk":0,"tx_ms":378308,"rx_ms":11128,"recv_count":98,"lost_count":1,"rssi":-54,"src_mac":"30:76:F5:E7:51:28"}
1786930697.968 RX {"type":"vehicle","node_id":2882630492,"seq":4268,"gps_valid":1,"heading_valid":0,"lat":37.496628,"lng":126.957672,"speed_mps":0.025,"heading_deg":0.00,"node_risk":0,"tx_ms":443679,"rx_ms":11157,"recv_count":103,"lost_count":0,"rssi":-59,"src_mac":"1C:C3:AB:D1:73:5C"}
1786930698.044 RX {"type":"cane","node_id":4125577512,"seq":3550,"gps_valid":1,"heading_valid":0,"lat":37.496513,"lng":126.957718,"speed_mps":0.222,"heading_deg":0.00,"node_risk":0,"tx_ms":378414,"rx_ms":11234,"recv_count":99,"lost_count":1,"rssi":-55,"src_mac":"30:76:F5:E7:51:28"}
1786930698.072 RX {"type":"vehicle","node_id":2882630492,"seq":4269,"gps_valid":1,"heading_valid":0,"lat":37.496628,"lng":126.957672,"speed_mps":0.025,"heading_deg":0.00,"node_risk":0,"tx_ms":443787,"rx_ms":11261,"recv_count":104,"lost_count":0,"rssi":-51,"src_mac":"1C:C3:AB:D1:73:5C"}
1786930698.150 RX {"type":"cane","node_id":4125577512,"seq":3551,"gps_valid":1,"heading_valid":0,"lat":37.496513,"lng":126.957718,"speed_mps":0.224,"heading_deg":0.00,"node_risk":0,"tx_ms":378519,"rx_ms":11339,"recv_count":100,"lost_count":1,"rssi":-56,"src_mac":"30:76:F5:E7:51:28"}
1786930698.178 RX {"type":"vehicle","node_id":2882630492,"seq":4270,"gps_valid":1,"heading_valid":0,"lat":37.496628,"lng":126.957672,"speed_mps":0.028,"heading_deg":0.00,"node_risk":0,"tx_ms":443894,"rx_ms":11369,"recv_count":105,"lost_count":0,"rssi":-62,"src_mac":"1C:C3:AB:D1:73:5C"}
1786930698.258 RX {"type":"cane","node_id":4125577512,"seq":3552,"gps_valid":1,"heading_valid":0,"lat":37.496513,"lng":126.957718,"speed_mps":0.224,"heading_deg":0.00,"node_risk":0,"tx_ms":378625,"rx_ms":11448,"recv_count":101,"lost_count":1,"rssi":-54,"src_mac":"30:76:F5:E7:51:28"}
1786930698.281 RX {"type":"vehicle","node_id":2882630492,"seq":4271,"gps_valid":1,"heading_valid":0,"lat":37.496628,"lng":126.957672,"speed_mps":0.028,"heading_deg":0.00,"node_risk":0,"tx_ms":443995,"rx_ms":11469,"recv_count":106,"lost_count":0,"rssi":-53,"src_mac":"1C:C3:AB:D1:73:5C"}
1786930698.366 RX {"type":"cane","node_id":4125577512,"seq":3553,"gps_valid":1,"heading_valid":0,"lat":37.496510,"lng":126.957718,"speed_mps":0.223,"heading_deg":0.00,"node_risk":0,"tx_ms":378730,"rx_ms":11555,"recv_count":102,"lost_count":1,"rssi":-61,"src_mac":"30:76:F5:E7:51:28"}
1786930698.389 RX {"type":"vehicle","node_id":2882630492,"seq":4272,"gps_valid":1,"heading_valid":0,"lat":37.496628,"lng":126.957672,"speed_mps":0.024,"heading_deg":0.00,"node_risk":0,"tx_ms":444096,"rx_ms":11570,"recv_count":107,"lost_count":0,"rssi":-45,"src_mac":"1C:C3:AB:D1:73:5C"}
1786930698.466 RX {"type":"cane","node_id":4125577512,"seq":3554,"gps_valid":1,"heading_valid":0,"lat":37.496510,"lng":126.957718,"speed_mps":0.223,"heading_deg":0.00,"node_risk":0,"tx_ms":378836,"rx_ms":11657,"recv_count":103,"lost_count":1,"rssi":-67,"src_mac":"30:76:F5:E7:51:28"}
1786930698.496 RX {"type":"vehicle","node_id":2882630492,"seq":4273,"gps_valid":1,"heading_valid":0,"lat":37.496628,"lng":126.957672,"speed_mps":0.024,"heading_deg":0.00,"node_risk":0,"tx_ms":444203,"rx_ms":11685,"recv_count":108,"lost_count":0,"rssi":-45,"src_mac":"1C:C3:AB:D1:73:5C"}
1786930698.580 RX {"type":"cane","node_id":4125577512,"seq":3555,"gps_valid":1,"heading_valid":0,"lat":37.496510,"lng":126.957718,"speed_mps":0.206,"heading_deg":0.00,"node_risk":0,"tx_ms":378941,"rx_ms":11771,"recv_count":104,"lost_count":1,"rssi":-59,"src_mac":"30:76:F5:E7:51:28"}
1786930698.587 TX {"target_id":0,"risk":0}
1786930698.608 RX {"type":"vehicle","node_id":2882630492,"seq":4274,"gps_valid":1,"heading_valid":0,"lat":37.496628,"lng":126.957672,"speed_mps":0.025,"heading_deg":0.00,"node_risk":0,"tx_ms":444304,"rx_ms":11778,"recv_count":109,"lost_count":0,"rssi":-60,"src_mac":"1C:C3:AB:D1:73:5C"}
1786930698.687 RX {"type":"cane","node_id":4125577512,"seq":3556,"gps_valid":1,"heading_valid":0,"lat":37.496510,"lng":126.957718,"speed_mps":0.206,"heading_deg":0.00,"node_risk":0,"tx_ms":379047,"rx_ms":11878,"recv_count":105,"lost_count":1,"rssi":-56,"src_mac":"30:76:F5:E7:51:28"}
1786930698.710 RX {"type":"vehicle","node_id":2882630492,"seq":4275,"gps_valid":1,"heading_valid":0,"lat":37.496628,"lng":126.957672,"speed_mps":0.025,"heading_deg":0.00,"node_risk":0,"tx_ms":444407,"rx_ms":11883,"recv_count":110,"lost_count":0,"rssi":-46,"src_mac":"1C:C3:AB:D1:73:5C"}
1786930698.787 RX {"type":"cane","node_id":4125577512,"seq":3557,"gps_valid":1,"heading_valid":0,"lat":37.496510,"lng":126.957718,"speed_mps":0.175,"heading_deg":0.00,"node_risk":0,"tx_ms":379152,"rx_ms":11976,"recv_count":106,"lost_count":1,"rssi":-55,"src_mac":"30:76:F5:E7:51:28"}
1786930698.812 RX {"type":"vehicle","node_id":2882630492,"seq":4276,"gps_valid":1,"heading_valid":0,"lat":37.496628,"lng":126.957672,"speed_mps":0.025,"heading_deg":0.00,"node_risk":0,"tx_ms":444510,"rx_ms":11985,"recv_count":111,"lost_count":0,"rssi":-47,"src_mac":"1C:C3:AB:D1:73:5C"}
1786930698.895 RX {"type":"cane","node_id":4125577512,"seq":3558,"gps_valid":1,"heading_valid":0,"lat":37.496510,"lng":126.957718,"speed_mps":0.175,"heading_deg":0.00,"node_risk":0,"tx_ms":379258,"rx_ms":12085,"recv_count":107,"lost_count":1,"rssi":-54,"src_mac":"30:76:F5:E7:51:28"}
1786930698.918 RX {"type":"vehicle","node_id":2882630492,"seq":4277,"gps_valid":1,"heading_valid":0,"lat":37.496628,"lng":126.957672,"speed_mps":0.025,"heading_deg":0.00,"node_risk":0,"tx_ms":444612,"rx_ms":12086,"recv_count":112,"lost_count":0,"rssi":-37,"src_mac":"1C:C3:AB:D1:73:5C"}
1786930698.995 RX {"type":"cane","node_id":4125577512,"seq":3559,"gps_valid":1,"heading_valid":0,"lat":37.496510,"lng":126.957718,"speed_mps":0.136,"heading_deg":0.00,"node_risk":0,"tx_ms":379363,"rx_ms":12185,"recv_count":108,"lost_count":1,"rssi":-64,"src_mac":"30:76:F5:E7:51:28"}
1786930699.018 RX {"type":"vehicle","node_id":2882630492,"seq":4278,"gps_valid":1,"heading_valid":0,"lat":37.496628,"lng":126.957672,"speed_mps":0.015,"heading_deg":0.00,"node_risk":0,"tx_ms":444718,"rx_ms":12196,"recv_count":113,"lost_count":0,"rssi":-33,"src_mac":"1C:C3:AB:D1:73:5C"}
1786930699.101 RX {"type":"cane","node_id":4125577512,"seq":3560,"gps_valid":1,"heading_valid":0,"lat":37.496510,"lng":126.957718,"speed_mps":0.136,"heading_deg":0.00,"node_risk":0,"tx_ms":379469,"rx_ms":12291,"recv_count":109,"lost_count":1,"rssi":-55,"src_mac":"30:76:F5:E7:51:28"}
1786930699.124 RX {"type":"vehicle","node_id":2882630492,"seq":4279,"gps_valid":1,"heading_valid":0,"lat":37.496628,"lng":126.957672,"speed_mps":0.015,"heading_deg":0.00,"node_risk":0,"tx_ms":444821,"rx_ms":12296,"recv_count":114,"lost_count":0,"rssi":-35,"src_mac":"1C:C3:AB:D1:73:5C"}
1786930699.205 RX {"type":"cane","node_id":4125577512,"seq":3561,"gps_valid":1,"heading_valid":0,"lat":37.496510,"lng":126.957718,"speed_mps":0.110,"heading_deg":0.00,"node_risk":0,"tx_ms":379575,"rx_ms":12395,"recv_count":110,"lost_count":1,"rssi":-54,"src_mac":"30:76:F5:E7:51:28"}
1786930699.228 RX {"type":"vehicle","node_id":2882630492,"seq":4280,"gps_valid":1,"heading_valid":0,"lat":37.496628,"lng":126.957672,"speed_mps":0.013,"heading_deg":0.00,"node_risk":0,"tx_ms":444924,"rx_ms":12398,"recv_count":115,"lost_count":0,"rssi":-44,"src_mac":"1C:C3:AB:D1:73:5C"}
1786930699.319 RX {"type":"cane","node_id":4125577512,"seq":3562,"gps_valid":1,"heading_valid":0,"lat":37.496510,"lng":126.957718,"speed_mps":0.110,"heading_deg":0.00,"node_risk":0,"tx_ms":379681,"rx_ms":12507,"recv_count":111,"lost_count":1,"rssi":-49,"src_mac":"30:76:F5:E7:51:28"}
1786930699.340 RX {"type":"vehicle","node_id":2882630492,"seq":4281,"gps_valid":1,"heading_valid":0,"lat":37.496628,"lng":126.957672,"speed_mps":0.013,"heading_deg":0.00,"node_risk":0,"tx_ms":445026,"rx_ms":12508,"recv_count":116,"lost_count":0,"rssi":-47,"src_mac":"1C:C3:AB:D1:73:5C"}
1786930699.413 RX {"type":"vehicle","node_id":2882630492,"seq":4282,"gps_valid":1,"heading_valid":0,"lat":37.496628,"lng":126.957672,"speed_mps":0.022,"heading_deg":0.00,"node_risk":0,"tx_ms":445128,"rx_ms":12603,"recv_count":117,"lost_count":0,"rssi":-41,"src_mac":"1C:C3:AB:D1:73:5C"}
1786930699.436 RX {"type":"cane","node_id":4125577512,"seq":3563,"gps_valid":1,"heading_valid":0,"lat":37.496510,"lng":126.957718,"speed_mps":0.089,"heading_deg":0.00,"node_risk":0,"tx_ms":379787,"rx_ms":12610,"recv_count":112,"lost_count":1,"rssi":-50,"src_mac":"30:76:F5:E7:51:28"}
1786930699.513 RX {"type":"vehicle","node_id":2882630492,"seq":4283,"gps_valid":1,"heading_valid":0,"lat":37.496628,"lng":126.957672,"speed_mps":0.022,"heading_deg":0.00,"node_risk":0,"tx_ms":445228,"rx_ms":12702,"recv_count":118,"lost_count":0,"rssi":-44,"src_mac":"1C:C3:AB:D1:73:5C"}
1786930699.536 RX {"type":"cane","node_id":4125577512,"seq":3564,"gps_valid":1,"heading_valid":0,"lat":37.496510,"lng":126.957718,"speed_mps":0.089,"heading_deg":0.00,"node_risk":0,"tx_ms":379892,"rx_ms":12713,"recv_count":113,"lost_count":1,"rssi":-51,"src_mac":"30:76:F5:E7:51:28"}
1786930699.615 RX {"type":"vehicle","node_id":2882630492,"seq":4284,"gps_valid":1,"heading_valid":0,"lat":37.496624,"lng":126.957672,"speed_mps":0.026,"heading_deg":0.00,"node_risk":0,"tx_ms":445330,"rx_ms":12804,"recv_count":119,"lost_count":0,"rssi":-41,"src_mac":"1C:C3:AB:D1:73:5C"}
1786930699.617 TX {"target_id":0,"risk":0}
1786930699.638 RX {"type":"cane","node_id":4125577512,"seq":3565,"gps_valid":1,"heading_valid":0,"lat":37.496510,"lng":126.957718,"speed_mps":0.072,"heading_deg":0.00,"node_risk":0,"tx_ms":379998,"rx_ms":12818,"recv_count":114,"lost_count":1,"rssi":-50,"src_mac":"30:76:F5:E7:51:28"}
1786930699.718 RX {"type":"vehicle","node_id":2882630492,"seq":4285,"gps_valid":1,"heading_valid":0,"lat":37.496624,"lng":126.957672,"speed_mps":0.026,"heading_deg":0.00,"node_risk":0,"tx_ms":445432,"rx_ms":12907,"recv_count":120,"lost_count":0,"rssi":-43,"src_mac":"1C:C3:AB:D1:73:5C"}
1786930699.741 RX {"type":"cane","node_id":4125577512,"seq":3566,"gps_valid":1,"heading_valid":0,"lat":37.496510,"lng":126.957718,"speed_mps":0.072,"heading_deg":0.00,"node_risk":0,"tx_ms":380103,"rx_ms":12923,"recv_count":115,"lost_count":1,"rssi":-50,"src_mac":"30:76:F5:E7:51:28"}
1786930699.818 RX {"type":"vehicle","node_id":2882630492,"seq":4286,"gps_valid":1,"heading_valid":0,"lat":37.496624,"lng":126.957672,"speed_mps":0.039,"heading_deg":0.00,"node_risk":0,"tx_ms":445534,"rx_ms":13007,"recv_count":121,"lost_count":0,"rssi":-47,"src_mac":"1C:C3:AB:D1:73:5C"}
1786930699.841 RX {"type":"cane","node_id":4125577512,"seq":3567,"gps_valid":1,"heading_valid":0,"lat":37.496510,"lng":126.957718,"speed_mps":0.056,"heading_deg":0.00,"node_risk":0,"tx_ms":380209,"rx_ms":13029,"recv_count":116,"lost_count":1,"rssi":-50,"src_mac":"30:76:F5:E7:51:28"}
1786930699.930 RX {"type":"vehicle","node_id":2882630492,"seq":4287,"gps_valid":1,"heading_valid":0,"lat":37.496624,"lng":126.957672,"speed_mps":0.039,"heading_deg":0.00,"node_risk":0,"tx_ms":445641,"rx_ms":13119,"recv_count":122,"lost_count":0,"rssi":-49,"src_mac":"1C:C3:AB:D1:73:5C"}
1786930699.953 RX {"type":"cane","node_id":4125577512,"seq":3568,"gps_valid":1,"heading_valid":0,"lat":37.496510,"lng":126.957718,"speed_mps":0.056,"heading_deg":0.00,"node_risk":0,"tx_ms":380314,"rx_ms":13134,"recv_count":117,"lost_count":1,"rssi":-46,"src_mac":"30:76:F5:E7:51:28"}
1786930700.032 RX {"type":"vehicle","node_id":2882630492,"seq":4288,"gps_valid":1,"heading_valid":0,"lat":37.496624,"lng":126.957672,"speed_mps":0.027,"heading_deg":0.00,"node_risk":0,"tx_ms":445746,"rx_ms":13221,"recv_count":123,"lost_count":0,"rssi":-53,"src_mac":"1C:C3:AB:D1:73:5C"}
1786930700.055 RX {"type":"cane","node_id":4125577512,"seq":3569,"gps_valid":1,"heading_valid":0,"lat":37.496510,"lng":126.957718,"speed_mps":0.053,"heading_deg":0.00,"node_risk":0,"tx_ms":380420,"rx_ms":13242,"recv_count":118,"lost_count":1,"rssi":-45,"src_mac":"30:76:F5:E7:51:28"}
1786930700.136 RX {"type":"vehicle","node_id":2882630492,"seq":4289,"gps_valid":1,"heading_valid":0,"lat":37.496624,"lng":126.957672,"speed_mps":0.027,"heading_deg":0.00,"node_risk":0,"tx_ms":445846,"rx_ms":13326,"recv_count":124,"lost_count":0,"rssi":-41,"src_mac":"1C:C3:AB:D1:73:5C"}
1786930700.162 RX {"type":"cane","node_id":4125577512,"seq":3570,"gps_valid":1,"heading_valid":0,"lat":37.496510,"lng":126.957718,"speed_mps":0.047,"heading_deg":0.00,"node_risk":0,"tx_ms":380525,"rx_ms":13352,"recv_count":119,"lost_count":1,"rssi":-45,"src_mac":"30:76:F5:E7:51:28"}
1786930700.232 RX {"type":"vehicle","node_id":2882630492,"seq":4290,"gps_valid":1,"heading_valid":0,"lat":37.496624,"lng":126.957672,"speed_mps":0.021,"heading_deg":0.00,"node_risk":0,"tx_ms":445947,"rx_ms":13421,"recv_count":125,"lost_count":0,"rssi":-38,"src_mac":"1C:C3:AB:D1:73:5C"}
1786930700.260 RX {"type":"cane","node_id":4125577512,"seq":3571,"gps_valid":1,"heading_valid":0,"lat":37.496510,"lng":126.957718,"speed_mps":0.047,"heading_deg":0.00,"node_risk":0,"tx_ms":380630,"rx_ms":13451,"recv_count":120,"lost_count":1,"rssi":-44,"src_mac":"30:76:F5:E7:51:28"}
1786930700.334 RX {"type":"vehicle","node_id":2882630492,"seq":4291,"gps_valid":1,"heading_valid":0,"lat":37.496624,"lng":126.957672,"speed_mps":0.021,"heading_deg":0.00,"node_risk":0,"tx_ms":446047,"rx_ms":13523,"recv_count":126,"lost_count":0,"rssi":-48,"src_mac":"1C:C3:AB:D1:73:5C"}
1786930700.366 RX {"type":"cane","node_id":4125577512,"seq":3572,"gps_valid":1,"heading_valid":0,"lat":37.496510,"lng":126.957718,"speed_mps":0.038,"heading_deg":0.00,"node_risk":0,"tx_ms":380735,"rx_ms":13555,"recv_count":121,"lost_count":1,"rssi":-42,"src_mac":"30:76:F5:E7:51:28"}
1786930700.432 RX {"type":"vehicle","node_id":2882630492,"seq":4292,"gps_valid":1,"heading_valid":0,"lat":37.496624,"lng":126.957672,"speed_mps":0.024,"heading_deg":0.00,"node_risk":0,"tx_ms":446149,"rx_ms":13622,"recv_count":127,"lost_count":0,"rssi":-52,"src_mac":"1C:C3:AB:D1:73:5C"}
1786930700.474 RX {"type":"cane","node_id":4125577512,"seq":3573,"gps_valid":1,"heading_valid":0,"lat":37.496510,"lng":126.957718,"speed_mps":0.038,"heading_deg":0.00,"node_risk":0,"tx_ms":380841,"rx_ms":13663,"recv_count":122,"lost_count":1,"rssi":-43,"src_mac":"30:76:F5:E7:51:28"}
1786930700.532 RX {"type":"vehicle","node_id":2882630492,"seq":4293,"gps_valid":1,"heading_valid":0,"lat":37.496624,"lng":126.957672,"speed_mps":0.024,"heading_deg":0.00,"node_risk":0,"tx_ms":446249,"rx_ms":13722,"recv_count":128,"lost_count":0,"rssi":-50,"src_mac":"1C:C3:AB:D1:73:5C"}
1786930700.584 RX {"type":"cane","node_id":4125577512,"seq":3574,"gps_valid":1,"heading_valid":0,"lat":37.496506,"lng":126.957718,"speed_mps":0.041,"heading_deg":0.00,"node_risk":0,"tx_ms":380946,"rx_ms":13773,"recv_count":123,"lost_count":1,"rssi":-45,"src_mac":"30:76:F5:E7:51:28"}
1786930700.634 RX {"type":"vehicle","node_id":2882630492,"seq":4294,"gps_valid":1,"heading_valid":0,"lat":37.496624,"lng":126.957672,"speed_mps":0.014,"heading_deg":0.00,"node_risk":0,"tx_ms":446349,"rx_ms":13823,"recv_count":129,"lost_count":0,"rssi":-36,"src_mac":"1C:C3:AB:D1:73:5C"}
1786930700.636 TX {"target_id":0,"risk":0}
1786930700.684 RX {"type":"cane","node_id":4125577512,"seq":3575,"gps_valid":1,"heading_valid":0,"lat":37.496506,"lng":126.957718,"speed_mps":0.041,"heading_deg":0.00,"node_risk":0,"tx_ms":381052,"rx_ms":13875,"recv_count":124,"lost_count":1,"rssi":-46,"src_mac":"30:76:F5:E7:51:28"}
1786930700.734 RX {"type":"vehicle","node_id":2882630492,"seq":4295,"gps_valid":1,"heading_valid":0,"lat":37.496624,"lng":126.957672,"speed_mps":0.014,"heading_deg":0.00,"node_risk":0,"tx_ms":446449,"rx_ms":13923,"recv_count":130,"lost_count":0,"rssi":-36,"src_mac":"1C:C3:AB:D1:73:5C"}
1786930700.788 RX {"type":"cane","node_id":4125577512,"seq":3576,"gps_valid":1,"heading_valid":0,"lat":37.496506,"lng":126.957718,"speed_mps":0.041,"heading_deg":0.00,"node_risk":0,"tx_ms":381158,"rx_ms":13979,"recv_count":125,"lost_count":1,"rssi":-36,"src_mac":"30:76:F5:E7:51:28"}
1786930700.836 RX {"type":"vehicle","node_id":2882630492,"seq":4296,"gps_valid":1,"heading_valid":0,"lat":37.496624,"lng":126.957672,"speed_mps":0.030,"heading_deg":0.00,"node_risk":0,"tx_ms":446550,"rx_ms":14027,"recv_count":131,"lost_count":0,"rssi":-39,"src_mac":"1C:C3:AB:D1:73:5C"}
1786930700.894 RX {"type":"cane","node_id":4125577512,"seq":3577,"gps_valid":1,"heading_valid":0,"lat":37.496506,"lng":126.957718,"speed_mps":0.041,"heading_deg":0.00,"node_risk":0,"tx_ms":381264,"rx_ms":14084,"recv_count":126,"lost_count":1,"rssi":-41,"src_mac":"30:76:F5:E7:51:28"}
1786930700.938 RX {"type":"vehicle","node_id":2882630492,"seq":4297,"gps_valid":1,"heading_valid":0,"lat":37.496624,"lng":126.957672,"speed_mps":0.030,"heading_deg":0.00,"node_risk":0,"tx_ms":446651,"rx_ms":14128,"recv_count":132,"lost_count":0,"rssi":-38,"src_mac":"1C:C3:AB:D1:73:5C"}
1786930701.002 RX {"type":"cane","node_id":4125577512,"seq":3578,"gps_valid":1,"headig_valid":0,"lat":37.496502,"lng":126.957718,"speed_mps":0.036,"heading_deg":0.00,"node_risk":0,"tx_ms":381370,"rx_ms":14190,"recv_count":127,"lost_count":1,"rssi":-41,"src_mac":"30:76:F5:EE BOD: Brownout detector was triggered
1786930701.005 RX ets Jul 29 2019 12:21:46
1786930701.010 RX rst:0x3 (SW_RESET),boot:0x13 (SPI_FAST_FLASH_BOOT)
1786930701.012 RX configsip: 0, SPIWP:0xee
1786930701.018 RX clk_drv:0x00,q_dv:0x00,d_drv:0x00,cs0_drv:0x00,hd_drv:0x00,wp_drv:0x00
1786930701.020 RX mode:DIO, clock div:1
1786930701.022 RX load:0x3fff0030,len:4876
1786930701.024 RX ho 0 tail 12 room 4
1786930701.027 RX load:0x40078000,len:16532
1786930701.029 RX load:0x40080400,len:3500
1786930701.030 RX entry 0x400805b4
1786930701.987 RX {"type":"bridge_boot","node_id":4125657604,"channel":6,"version":3,"wdt_ms":10000}
1786930702.063 RX {"type":"vehicle","node_id":2882630492,"seq":4308,"gps_valid":1,"heading_valid":0,"lat":37.496620,"lng":126.957672,"speed_mps":0.025,"heading_deg":0.00,"node_risk":0,"tx_ms":447778,"rx_ms":754,"recv_count":1,"lost_count":0,"rssi":-38,"src_mac":"1C:C3:AB:D1:73:5C"}
1786930702.086 RX {"type":"cane","node_id":4125577512,"seq":3588,"gps_valid":1,"heading_valid":0,"lat":37.496490,"lng":126.957718,"speed_mps":0.139,"heading_deg":0.00,"node_risk":0,"tx_ms":382426,"rx_ms":761,"recv_count":1,"lost_count":0,"rssi":-47,"src_mac":"30:76:F5:E7:51:28"}
1786930702.087 TX {"target_id":0,"risk":0}
1786930702.172 RX {"type":"cane","node_id":4125577512,"seq":3589,"gps_valid":1,"heading_valid":0,"lat":37.496487,"lng":126.957718,"speed_mps":0.169,"heading_deg":0.00,"node_risk":0,"tx_ms":382531,"rx_ms":862,"recv_count":2,"lost_count":0,"rssi":-47,"src_mac":"30:76:F5:E7:51:28"}
1786930702.194 RX {"type":"vehicle","node_id":2882630492,"seq":4309,"gps_valid":1,"heading_valid":0,"lat":37.496616,"lng":126.957672,"speed_mps":0.028,"heading_deg":0.00,"node_risk":0,"tx_ms":447879,"rx_ms":863,"recv_count":2,"lost_count":0,"rssi":-33,"src_mac":"1C:C3:AB:D1:73:5C"}
1786930702.196 TX {"target_id":0,"risk":1}
1786930702.276 RX {"type":"cane","node_id":4125577512,"seq":3590,"gps_valid":1,"heading_valid":0,"lat":37.496487,"lng":126.957718,"speed_mps":0.169,"heading_deg":0.00,"node_risk":1,"tx_ms":382637,"rx_ms":967,"recv_count":3,"lost_count":0,"rssi":-47,"src_mac":"30:76:F5:E7:51:28"}
1786930702.298 RX {"type":"vehicle","node_id":2882630492,"seq":4310,"gps_valid":1,"heading_valid":0,"lat":37.496616,"lng":126.957672,"speed_mps":0.028,"heading_deg":0.00,"node_risk":1,"tx_ms":447980,"rx_ms":968,"recv_count":3,"lost_count":0,"rssi":-39,"src_mac":"1C:C3:AB:D1:73:5C"}
1786930702.366 RX {"type":"vehicle","node_id":2882630492,"seq":4311,"gps_valid":1,"heading_valid":0,"lat":37.496616,"lng":126.957672,"speed_mps":0.035,"heading_deg":0.00,"node_risk":1,"tx_ms":448080,"rx_ms":1056,"recv_count":4,"lost_count":0,"rssi":-32,"src_mac":"1C:C3:AB:D1:73:5C"}
1786930702.389 RX {"type":"cane","node_id":4125577512,"seq":3591,"gps_valid":1,"heading_valid":0,"lat":37.496483,"lng":126.957718,"speed_mps":0.189,"heading_deg":0.00,"node_risk":1,"tx_ms":382742,"rx_ms":1063,"recv_count":4,"lost_count":0,"rssi":-44,"src_mac":"30:76:F5:E7:51:28"}
1786930702.464 RX {"type":"vehicle","node_id":2882630492,"seq":4312,"gps_valid":1,"heading_valid":0,"lat":37.496616,"lng":126.957672,"speed_mps":0.035,"heading_deg":0.00,"node_risk":1,"tx_ms":448180,"rx_ms":1155,"recv_count":5,"lost_count":0,"rssi":-34,"src_mac":"1C:C3:AB:D1:73:5C"}
1786930702.487 RX {"type":"cane","node_id":4125577512,"seq":3592,"gps_valid":1,"heading_valid":0,"lat":37.496483,"lng":126.957718,"speed_mps":0.189,"heading_deg":0.00,"node_risk":1,"tx_ms":382848,"rx_ms":1169,"recv_count":5,"lost_count":0,"rssi":-45,"src_mac":"30:76:F5:E7:51:28"}
1786930702.564 RX {"type":"vehicle","node_id":2882630492,"seq":4313,"gps_valid":1,"heading_valid":0,"lat":37.496616,"lng":126.957672,"speed_mps":0.046,"heading_deg":0.00,"node_risk":1,"tx_ms":448280,"rx_ms":1255,"recv_count":6,"lost_count":0,"rssi":-37,"src_mac":"1C:C3:AB:D1:73:5C"}
1786930702.588 RX {"type":"cane","node_id":4125577512,"seq":3593,"gps_valid":1,"heading_valid":0,"lat":37.496483,"lng":126.957718,"speed_mps":0.209,"heading_deg":0.00,"node_risk":1,"tx_ms":382953,"rx_ms":1279,"recv_count":6,"lost_count":0,"rssi":-39,"src_mac":"30:76:F5:E7:51:28"}
1786930702.664 RX {"type":"vehicle","node_id":2882630492,"seq":4314,"gps_valid":1,"heading_valid":0,"lat":37.496616,"lng":126.957672,"speed_mps":0.046,"heading_deg":0.00,"node_risk":1,"tx_ms":448380,"rx_ms":1355,"recv_count":7,"lost_count":0,"rssi":-39,"src_mac":"1C:C3:AB:D1:73:5C"}
1786930702.692 RX {"type":"cane","node_id":4125577512,"seq":3594,"gps_valid":1,"heading_valid":0,"lat":37.496483,"lng":126.957718,"speed_mps":0.209,"heading_deg":0.00,"node_risk":1,"tx_ms":383059,"rx_ms":1382,"recv_count":7,"lost_count":0,"rssi":-42,"src_mac":"30:76:F5:E7:51:28"}
1786930703.744 RX {"type":"vehicle","nod
