1786930361.287 RX ":25,"lost_count":1,"rssi":-56,"src_mac":"30:76:F5:E7:51:28"}
1786930361.315 RX {"type":"vehicle","node_id":2882630492,"seq":964,"gps_valid":1,"heading_valid":0,"lat":37.496662,"lng":126.957703,"speed_mps":0.011,"heading_deg":0.00,"node_risk":0,"tx_ms":107018,"rx_ms":3367,"recv_count":26,"lost_count":0,"rssi":-23,"src_mac":"1C:C3:AB:D1:73:5C"}
1786930361.389 RX {"type":"cane","node_id":4125577512,"seq":352,"gps_valid":0,"heading_valid":0,"lat":0.000000,"lng":0.000000,"speed_mps":0.000,"heading_deg":0.00,"node_risk":0,"tx_ms":41745,"rx_ms":3442,"recv_count":26,"lost_count":1,"rssi":-57,"src_mac":"30:76:F5:E7:51:28"}
1786930361.415 RX {"type":"vehicle","node_id":2882630492,"seq":965,"gps_valid":1,"heading_valid":0,"lat":37.496662,"lng":126.957703,"speed_mps":0.010,"heading_deg":0.00,"node_risk":0,"tx_ms":107118,"rx_ms":3467,"recv_count":27,"lost_count":0,"rssi":-31,"src_mac":"1C:C3:AB:D1:73:5C"}
1786930361.487 RX {"type":"cane","node_id":4125577512,"seq":353,"gps_valid":0,"heading_valid":0,"lat":0.000000,"lng":0.000000,"speed_mps":0.000,"heading_deg":0.00,"node_risk":0,"tx_ms":41849,"rx_ms":3540,"recv_count":27,"lost_count":1,"rssi":-60,"src_mac":"30:76:F5:E7:51:28"}
1786930361.515 RX {"type":"vehicle","node_id":2882630492,"seq":966,"gps_valid":1,"heading_valid":0,"lat":37.496662,"lng":126.957703,"speed_mps":0.010,"heading_deg":0.00,"node_risk":0,"tx_ms":107218,"rx_ms":3567,"recv_count":28,"lost_count":0,"rssi":-23,"src_mac":"1C:C3:AB:D1:73:5C"}
1786930361.597 RX {"type":"cane","node_id":4125577512,"seq":354,"gps_valid":0,"heading_valid":0,"lat":0.000000,"lng":0.000000,"speed_mps":0.000,"heading_deg":0.00,"node_risk":0,"tx_ms":41953,"rx_ms":3649,"recv_count":28,"lost_count":1,"rssi":-57,"src_mac":"30:76:F5:E7:51:28"}
1786930361.620 RX {"type":"vehicle","node_id":2882630492,"seq":967,"gps_valid":1,"heading_valid":0,"lat":37.496662,"lng":126.957703,"speed_mps":0.013,"heading_deg":0.00,"node_risk":0,"tx_ms":107323,"rx_ms":3672,"recv_count":29,"lost_count":0,"rssi":-32,"src_mac":"1C:C3:AB:D1:73:5C"}
1786930361.701 RX {"type":"cane","node_id":4125577512,"seq":355,"gps_valid":0,"heading_valid":0,"lat":0.000000,"lng":0.000000,"speed_mps":0.000,"heading_deg":0.00,"node_risk":0,"tx_ms":42057,"rx_ms":3753,"recv_count":29,"lost_count":1,"rssi":-56,"src_mac":"30:76:F5:E7:51:28"}
1786930361.729 RX {"type":"vehicle","node_id":2882630492,"seq":968,"gps_valid":1,"heading_valid":0,"lat":37.496662,"lng":126.957703,"speed_mps":0.013,"heading_deg":0.00,"node_risk":0,"tx_ms":107431,"rx_ms":3781,"recv_count":30,"lost_count":0,"rssi":-31,"src_mac":"1C:C3:AB:D1:73:5C"}
1786930361.799 RX {"type":"cane","node_id":4125577512,"seq":356,"gps_valid":0,"heading_valid":0,"lat":0.000000,"lng":0.000000,"speed_mps":0.000,"heading_deg":0.00,"node_risk":0,"tx_ms":42161,"rx_ms":3853,"recv_count":30,"lost_count":1,"rssi":-55,"src_mac":"30:76:F5:E7:51:28"}
1786930361.827 RX {"type":"vehicle","node_id":2882630492,"seq":969,"gps_valid":1,"heading_valid":0,"lat":37.496662,"lng":126.957703,"speed_mps":0.014,"heading_deg":0.00,"node_risk":0,"tx_ms":107530,"rx_ms":3879,"recv_count":31,"lost_count":0,"rssi":-31,"src_mac":"1C:C3:AB:D1:73:5C"}
1786930361.909 RX {"type":"cane","node_id":4125577512,"seq":357,"gps_valid":0,"heading_valid":0,"lat":0.000000,"lng":0.000000,"speed_mps":0.000,"heading_deg":0.00,"node_risk":0,"tx_ms":42265,"rx_ms":3961,"recv_count":31,"lost_count":1,"rssi":-55,"src_mac":"30:76:F5:E7:51:28"}
1786930361.932 RX {"type":"vehicle","node_id":2882630492,"seq":970,"gps_valid":1,"heading_valid":0,"lat":37.496662,"lng":126.957703,"speed_mps":0.014,"heading_deg":0.00,"node_risk":0,"tx_ms":107630,"rx_ms":3980,"recv_count":32,"lost_count":0,"rssi":-33,"src_mac":"1C:C3:AB:D1:73:5C"}
1786930362.011 RX {"type":"cane","node_id":4125577512,"seq":358,"gps_valid":0,"heading_valid":0,"lat":0.000000,"lng":0.000000,"speed_mps":0.000,"heading_deg":0.00,"node_risk":0,"tx_ms":42369,"rx_ms":4064,"recv_count":32,"lost_count":1,"rssi":-54,"src_mac":"30:76:F5:E7:51:28"}
1786930362.034 RX {"type":"vehicle","node_id":2882630492,"seq":971,"gps_valid":1,"heading_valid":0,"lat":37.496662,"lng":126.957703,"speed_mps":0.020,"heading_deg":0.00,"node_risk":0,"tx_ms":107730,"rx_ms":4079,"recv_count":33,"lost_count":0,"rssi":-32,"src_mac":"1C:C3:AB:D1:73:5C"}
1786930362.113 RX {"type":"cane","node_id":4125577512,"seq":359,"gps_valid":0,"heading_valid":0,"lat":0.000000,"lng":0.000000,"speed_mps":0.000,"heading_deg":0.00,"node_risk":0,"tx_ms":42473,"rx_ms":4166,"recv_count":33,"lost_count":1,"rssi":-54,"src_mac":"30:76:F5:E7:51:28"}
1786930362.136 RX {"type":"vehicle","node_id":2882630492,"seq":972,"gps_valid":1,"heading_valid":0,"lat":37.496662,"lng":126.957703,"speed_mps":0.020,"heading_deg":0.00,"node_risk":0,"tx_ms":107830,"rx_ms":4178,"recv_count":34,"lost_count":0,"rssi":-33,"src_mac":"1C:C3:AB:D1:73:5C"}
1786930362.215 RX {"type":"cane","node_id":4125577512,"seq":360,"gps_valid":0,"heading_valid":0,"lat":0.000000,"lng":0.000000,"speed_mps":0.000,"heading_deg":0.00,"node_risk":0,"tx_ms":42577,"rx_ms":4268,"recv_count":34,"lost_count":1,"rssi":-53,"src_mac":"30:76:F5:E7:51:28"}
1786930362.238 RX {"type":"vehicle","node_id":2882630492,"seq":973,"gps_valid":1,"heading_valid":0,"lat":37.496662,"lng":126.957703,"speed_mps":0.020,"heading_deg":0.00,"node_risk":0,"tx_ms":107930,"rx_ms":4278,"recv_count":35,"lost_count":0,"rssi":-33,"src_mac":"1C:C3:AB:D1:73:5C"}
1786930362.323 RX {"type":"cane","node_id":4125577512,"seq":361,"gps_valid":0,"heading_valid":0,"lat":0.000000,"lng":0.000000,"speed_mps":0.000,"heading_deg":0.00,"node_risk":0,"tx_ms":42681,"rx_ms":4376,"recv_count":35,"lost_count":1,"rssi":-54,"src_mac":"30:76:F5:E7:51:28"}
1786930362.346 RX {"type":"vehicle","node_id":2882630492,"seq":974,"gps_valid":1,"heading_valid":0,"lat":37.496662,"lng":126.957703,"speed_mps":0.020,"heading_deg":0.00,"node_risk":0,"tx_ms":108030,"rx_ms":4378,"recv_count":36,"lost_count":0,"rssi":-31,"src_mac":"1C:C3:AB:D1:73:5C"}
1786930362.423 RX {"type":"cane","node_id":4125577512,"seq":362,"gps_valid":0,"heading_valid":0,"lat":0.000000,"lng":0.000000,"speed_mps":0.000,"heading_deg":0.00,"node_risk":0,"tx_ms":42785,"rx_ms":4476,"recv_count":36,"lost_count":1,"rssi":-54,"src_mac":"30:76:F5:E7:51:28"}
1786930362.446 RX {"type":"vehicle","node_id":2882630492,"seq":975,"gps_valid":1,"heading_valid":0,"lat":37.496662,"lng":126.957703,"speed_mps":0.015,"heading_deg":0.00,"node_risk":0,"tx_ms":108131,"rx_ms":4480,"recv_count":37,"lost_count":0,"rssi":-23,"src_mac":"1C:C3:AB:D1:73:5C"}
1786930362.531 RX {"type":"cane","node_id":4125577512,"seq":363,"gps_valid":0,"heading_valid":0,"lat":0.000000,"lng":0.000000,"speed_mps":0.000,"heading_deg":0.00,"node_risk":0,"tx_ms":42889,"rx_ms":4583,"recv_count":37,"lost_count":1,"rssi":-60,"src_mac":"30:76:F5:E7:51:28"}
1786930362.554 RX {"type":"vehicle","node_id":2882630492,"seq":976,"gps_valid":1,"heading_valid":0,"lat":37.496662,"lng":126.957703,"speed_mps":0.015,"heading_deg":0.00,"node_risk":0,"tx_ms":108239,"rx_ms":4587,"recv_count":38,"lost_count":0,"rssi":-33,"src_mac":"1C:C3:AB:D1:73:5C"}
1786930362.633 RX {"type":"cane","node_id":4125577512,"seq":364,"gps_valid":0,"heading_valid":0,"lat":0.000000,"lng":0.000000,"speed_mps":0.000,"heading_deg":0.00,"node_risk":0,"tx_ms":42993,"rx_ms":4685,"recv_count":38,"lost_count":1,"rssi":-66,"src_mac":"30:76:F5:E7:51:28"}
1786930362.656 RX {"type":"vehicle","node_id":2882630492,"seq":977,"gps_valid":1,"heading_valid":0,"lat":37.496662,"lng":126.957703,"speed_mps":0.023,"heading_deg":0.00,"node_risk":0,"tx_ms":108343,"rx_ms":4691,"recv_count":39,"lost_count":0,"rssi":-34,"src_mac":"1C:C3:AB:D1:73:5C"}
1786930362.735 RX {"type":"cane","node_id":4125577512,"seq":365,"gps_valid":0,"heading_valid":0,"lat":0.000000,"lng":0.000000,"speed_mps":0.000,"heading_deg":0.00,"node_risk":0,"tx_ms":43097,"rx_ms":4788,"recv_count":39,"lost_count":1,"rssi":-55,"src_mac":"30:76:F5:E7:51:28"}
1786930362.758 RX {"type":"vehicle","node_id":2882630492,"seq":978,"gps_valid":1,"heading_valid":0,"lat":37.496662,"lng":126.957703,"speed_mps":0.023,"heading_deg":0.00,"node_risk":0,"tx_ms":108443,"rx_ms":4793,"recv_count":40,"lost_count":0,"rssi":-24,"src_mac":"1C:C3:AB:D1:73:5C"}
1786930362.839 RX {"type":"cane","node_id":4125577512,"seq":366,"gps_valid":0,"heading_valid":0,"lat":0.000000,"lng":0.000000,"speed_mps":0.000,"heading_deg":0.00,"node_risk":0,"tx_ms":43201,"rx_ms":4892,"recv_count":40,"lost_count":1,"rssi":-56,"src_mac":"30:76:F5:E7:51:28"}
1786930362.862 RX {"type":"vehicle","node_id":2882630492,"seq":979,"gps_valid":1,"heading_valid":0,"lat":37.496662,"lng":126.957703,"speed_mps":0.019,"heading_deg":0.00,"node_risk":0,"tx_ms":108550,"rx_ms":4899,"recv_count":41,"lost_count":0,"rssi":-33,"src_mac":"1C:C3:AB:D1:73:5C"}
1786930362.943 RX {"type":"cane","node_id":4125577512,"seq":367,"gps_valid":0,"heading_valid":0,"lat":0.000000,"lng":0.000000,"speed_mps":0.000,"heading_deg":0.00,"node_risk":0,"tx_ms":43305,"rx_ms":4996,"recv_count":41,"lost_count":1,"rssi":-54,"src_mac":"30:76:F5:E7:51:28"}
1786930362.966 RX {"type":"vehicle","node_id":2882630492,"seq":980,"gps_valid":1,"heading_valid":0,"lat":37.496662,"lng":126.957703,"speed_mps":0.019,"heading_deg":0.00,"node_risk":0,"tx_ms":108651,"rx_ms":5001,"recv_count":42,"lost_count":0,"rssi":-24,"src_mac":"1C:C3:AB:D1:73:5C"}
1786930363.048 RX {"type":"vehicle","node_id":2882630492,"seq":981,"gps_valid":1,"heading_valid":0,"lat":37.496662,"lng":126.957703,"speed_mps":0.017,"heading_deg":0.00,"node_risk":0,"tx_ms":108751,"rx_ms":5100,"recv_count":43,"lost_count":0,"rssi":-35,"src_mac":"1C:C3:AB:D1:73:5C"}
1786930363.070 RX {"type":"cane","node_id":4125577512,"seq":368,"gps_valid":0,"heading_valid":0,"lat":0.000000,"lng":0.000000,"speed_mps":0.000,"heading_deg":0.00,"node_risk":0,"tx_ms":43409,"rx_ms":5101,"recv_count":42,"lost_count":1,"rssi":-55,"src_mac":"30:76:F5:E7:51:28"}
1786930363.147 RX {"type":"vehicle","node_id":2882630492,"seq":982,"gps_valid":1,"heading_valid":0,"lat":37.496662,"lng":126.957703,"speed_mps":0.017,"heading_deg":0.00,"node_risk":0,"tx_ms":108851,"rx_ms":5201,"recv_count":44,"lost_count":0,"rssi":-24,"src_mac":"1C:C3:AB:D1:73:5C"}
1786930363.170 RX {"type":"cane","node_id":4125577512,"seq":369,"gps_valid":0,"heading_valid":0,"lat":0.000000,"lng":0.000000,"speed_mps":0.000,"heading_deg":0.00,"node_risk":0,"tx_ms":43513,"rx_ms":5206,"recv_count":43,"lost_count":1,"rssi":-55,"src_mac":"30:76:F5:E7:51:28"}
1786930363.192 RX E=: Brownout detector was triggeed
1786930364.195 RX ets Jul 29 2
