15:02:57  위험:1
15:02:57  GPS유효:1
15:02:57  위도:37.496559
15:02:57  경도:126.957802
15:02:57  속도:0.02
15:02:57  방향:263.3
15:02:57  가속도:-3.89,2.36,5.17
15:02:57  송신:22959
15:02:57  GPS위성:7
15:02:57  GPS_HDOP:1.46
15:02:57  원시위도:37.496558
15:02:57  원시경도:126.957804
15:02:57  GPS채택:3811
15:02:57  GPS이상치거부:3
15:02:57  GPS품질거부:28
15:02:57  GPS재기준:1
15:02:57  차량수신:21779
15:02:59  위험:0
15:02:59  GPS유효:1
15:02:59  위도:37.496555
15:02:59  경도:126.957809
15:02:59  속도:0.03
15:02:59  방향:263.3
15:02:59  가속도:-1.61,3.25,9.01
15:02:59  송신:22979
15:02:59  GPS위성:8
15:02:59  GPS_HDOP:1.45
15:02:59  원시위도:37.496553
15:02:59  원시경도:126.957813
15:02:59  GPS채택:3815
15:02:59  GPS이상치거부:3
15:02:59  GPS품질거부:28
15:02:59  GPS재기준:1
15:02:59  차량수신:21787
15:03:02  위험:0
15:03:02  GPS유효:1
15:03:02  위도:37.496548
15:03:02  경도:126.957825
15:03:02  속도:0.01
15:03:02  방향:263.3
15:03:02  가속도:-1.59,3.27,9.01
15:03:02  송신:23008
15:03:02  GPS위성:9
15:03:02  GPS_HDOP:1.45
15:03:02  원시위도:37.496548
15:03:02  원시경도:126.957829
15:03:02  GPS채택:3821
15:03:02  GPS이상치거부:3
15:03:02  GPS품질거부:28
15:03:02  GPS재기준:1
15:03:02  차량수신:21809
15:03:05  위험:0
15:03:05  GPS유효:1
15:03:05  위도:37.496548
15:03:05  경도:126.957832
15:03:05  속도:0.13
15:03:05  방향:263.3
15:03:05  가속도:-1.67,3.19,9.00
15:03:05  송신:23038
15:03:05  GPS위성:9
15:03:05  GPS_HDOP:1.06
15:03:05  원시위도:37.496547
15:03:05  원시경도:126.957832
15:03:05  GPS채택:3828
15:03:05  GPS이상치거부:3
15:03:05  GPS품질거부:28
15:03:05  GPS재기준:1
15:03:05  차량수신:21830
15:03:06  위험:0
15:03:06  GPS유효:1
15:03:06  위도:37.496548
15:03:06  경도:126.957832
15:03:06  속도:0.14
15:03:06  방향:263.3
15:03:06  가속도:-1.56,3.23,9.00
15:03:06  송신:23047
15:03:06  GPS위성:9
15:03:06  GPS_HDOP:1.06
15:03:06  원시위도:37.496546
15:03:06  원시경도:126.957833
15:03:06  GPS채택:3830
15:03:06  GPS이상치거부:3
15:03:06  GPS품질거부:28
15:03:06  GPS재기준:1
15:03:06  차량수신:21839
15:03:07  위험:0
15:03:07  GPS유효:1
15:03:07  위도:37.496548
15:03:07  경도:126.957832
15:03:07  속도:0.08
15:03:07  방향:263.3
15:03:07  가속도:-1.79,3.05,9.10
15:03:07  송신:23057
15:03:07  GPS위성:8
15:03:07  GPS_HDOP:1.13
15:03:07  원시위도:37.496546
15:03:07  원시경도:126.957835
15:03:07  GPS채택:3832
15:03:07  GPS이상치거부:3
15:03:07  GPS품질거부:28
15:03:07  GPS재기준:1
15:03:07  차량수신:21849
15:03:08  위험:0
15:03:08  GPS유효:1
15:03:08  위도:37.496544
15:03:08  경도:126.957840
15:03:08  속도:0.08
15:03:08  방향:263.3
15:03:08  가속도:-1.73,3.10,9.05
15:03:08  송신:23067
15:03:08  GPS위성:8
15:03:08  GPS_HDOP:1.13
15:03:08  원시위도:37.496546
15:03:08  원시경도:126.957839
15:03:08  GPS채택:3834
15:03:08  GPS이상치거부:3
15:03:08  GPS품질거부:28
15:03:08  GPS재기준:1
15:03:08  차량수신:21858
15:03:10  위험:0
15:03:10  GPS유효:1
15:03:10  위도:37.496544
15:03:10  경도:126.957840
15:03:10  속도:0.11
15:03:10  방향:263.3
15:03:10  가속도:-1.56,3.04,9.03
15:03:10  송신:23086
15:03:10  GPS위성:8
15:03:10  GPS_HDOP:1.13
15:03:10  원시위도:37.496545
15:03:10  원시경도:126.957845
15:03:10  GPS채택:3838
15:03:10  GPS이상치거부:3
15:03:10  GPS품질거부:28
15:03:10  GPS재기준:1
15:03:10  차량수신:21878
15:03:11  위험:0
15:03:11  GPS유효:1
15:03:11  위도:37.496544
15:03:11  경도:126.957848
15:03:11  속도:0.11
15:03:11  방향:263.3
15:03:11  가속도:-1.59,3.24,9.03
15:03:11  송신:23096
15:03:11  GPS위성:9
15:03:11  GPS_HDOP:1.06
15:03:11  원시위도:37.496545
15:03:11  원시경도:126.957847
15:03:11  GPS채택:3840
15:03:11  GPS이상치거부:3
15:03:11  GPS품질거부:28
15:03:11  GPS재기준:1
15:03:11  차량수신:21886
15:03:12  위험:0
15:03:12  GPS유효:1
15:03:12  위도:37.496544
15:03:12  경도:126.957848
15:03:12  속도:0.18
15:03:12  방향:263.3
15:03:12  가속도:-1.80,3.21,9.10
15:03:12  송신:23106
15:03:12  GPS위성:9
15:03:12  GPS_HDOP:1.06
15:03:12  원시위도:37.496544
15:03:12  원시경도:126.957852
15:03:12  GPS채택:3842
15:03:12  GPS이상치거부:3
15:03:12  GPS품질거부:28
15:03:12  GPS재기준:1
15:03:12  차량수신:21896
