15:02:57  위험:0
15:02:57  GPS유효:1
15:02:57  위도:37.496485
15:02:57  경도:126.958102
15:02:57  속도:0.14
15:02:57  방향:165.1
15:02:57  가속도:0.31,6.73,10.09
15:02:57  자이로:-17.5,4.6,-1.6
15:02:57  충격값:5.95
15:02:57  송신:26151
15:02:57  지팡이수신:25509
15:02:57  GPS위성:5
15:02:57  GPS_HDOP:1.70
15:02:57  원시위도:37.496485
15:02:57  원시경도:126.958102
15:02:57  GPS채택:3264
15:02:57  GPS이상치거부:4
15:02:57  GPS품질거부:336
15:02:57  GPS재기준:1
15:02:57  위험송신:25509
15:03:00  위험:0
15:03:00  GPS유효:1
15:03:00  위도:37.496490
15:03:00  경도:126.958080
15:03:00  속도:0.33
15:03:00  방향:165.1
15:03:00  가속도:4.25,5.62,15.09
15:03:00  자이로:10.1,-0.2,10.3
15:03:00  충격값:9.17
15:03:00  송신:26180
15:03:00  지팡이수신:25524
15:03:00  GPS위성:5
15:03:00  GPS_HDOP:1.70
15:03:00  원시위도:37.496490
15:03:00  원시경도:126.958080
15:03:00  GPS채택:3270
15:03:00  GPS이상치거부:4
15:03:00  GPS품질거부:336
15:03:00  GPS재기준:1
15:03:00  위험송신:25524
15:03:02  위험:0
15:03:02  GPS유효:1
15:03:02  위도:37.496504
15:03:02  경도:126.958079
15:03:02  속도:0.58
15:03:02  방향:165.1
15:03:02  가속도:-1.46,6.79,11.14
15:03:02  자이로:15.7,-1.4,9.8
15:03:02  충격값:5.16
15:03:02  송신:26200
15:03:02  지팡이수신:25538
15:03:02  GPS위성:5
15:03:02  GPS_HDOP:1.70
15:03:02  원시위도:37.496503
15:03:02  원시경도:126.958078
15:03:02  GPS채택:3274
15:03:02  GPS이상치거부:4
15:03:02  GPS품질거부:336
15:03:02  GPS재기준:1
15:03:02  위험송신:25538
15:03:03  위험:0
15:03:03  GPS유효:1
15:03:03  위도:37.496518
15:03:03  경도:126.958081
15:03:03  속도:0.66
15:03:03  방향:165.1
15:03:03  가속도:4.53,-0.06,1.19
15:03:03  자이로:-44.4,17.8,20.3
15:03:03  충격값:9.30
15:03:03  송신:26209
15:03:03  지팡이수신:25546
15:03:03  GPS위성:5
15:03:03  GPS_HDOP:1.70
15:03:03  원시위도:37.496517
15:03:03  원시경도:126.958080
15:03:03  GPS채택:3276
15:03:03  GPS이상치거부:4
15:03:03  GPS품질거부:336
15:03:03  GPS재기준:1
15:03:03  위험송신:25546
15:03:05  위험:0
15:03:05  GPS유효:1
15:03:05  위도:37.496545
15:03:05  경도:126.958088
15:03:05  속도:0.97
15:03:05  방향:64.4
15:03:05  가속도:5.56,-4.07,4.09
15:03:05  자이로:-40.5,1.5,-38.8
15:03:05  충격값:9.00
15:03:05  송신:26229
15:03:05  지팡이수신:25566
15:03:05  GPS위성:5
15:03:05  GPS_HDOP:1.70
15:03:05  원시위도:37.496542
15:03:05  원시경도:126.958087
15:03:05  GPS채택:3280
15:03:05  GPS이상치거부:4
15:03:05  GPS품질거부:336
15:03:05  GPS재기준:1
15:03:05  위험송신:25566
15:03:06  위험:0
15:03:06  GPS유효:1
15:03:06  위도:37.496560
15:03:06  경도:126.958090
15:03:06  속도:1.06
15:03:06  방향:40.5
15:03:06  가속도:-2.93,19.61,19.61
15:03:06  자이로:-47.3,-15.7,0.9
15:03:06  충격값:20.92
15:03:06  송신:26238
15:03:06  지팡이수신:25576
15:03:06  GPS위성:5
15:03:06  GPS_HDOP:1.70
15:03:06  원시위도:37.496557
15:03:06  원시경도:126.958088
15:03:06  GPS채택:3282
15:03:06  GPS이상치거부:4
15:03:06  GPS품질거부:336
15:03:06  GPS재기준:1
15:03:06  위험송신:25576
15:03:07  위험:0
15:03:07  GPS유효:1
15:03:07  위도:37.496577
15:03:07  경도:126.958089
15:03:07  속도:1.15
15:03:07  방향:27.7
15:03:07  가속도:1.23,-3.44,-2.62
15:03:07  자이로:17.3,4.5,-13.7
15:03:07  충격값:11.51
15:03:07  송신:26248
15:03:07  지팡이수신:25585
15:03:07  GPS위성:5
15:03:07  GPS_HDOP:1.70
15:03:07  원시위도:37.496573
15:03:07  원시경도:126.958088
15:03:07  GPS채택:3284
15:03:07  GPS이상치거부:4
15:03:07  GPS품질거부:336
15:03:07  GPS재기준:1
15:03:07  위험송신:25585
15:03:10  위험:0
15:03:10  GPS유효:1
15:03:10  위도:37.496614
15:03:10  경도:126.958103
15:03:10  속도:0.95
15:03:10  방향:15.6
15:03:10  가속도:-3.38,-5.98,16.22
15:03:10  자이로:-69.8,-23.6,7.3
15:03:10  충격값:10.11
15:03:10  송신:26277
15:03:10  지팡이수신:25614
15:03:10  GPS위성:5
15:03:10  GPS_HDOP:1.70
15:03:10  원시위도:37.496610
15:03:10  원시경도:126.958102
15:03:10  GPS채택:3290
15:03:10  GPS이상치거부:4
15:03:10  GPS품질거부:336
15:03:10  GPS재기준:1
15:03:10  위험송신:25614
15:03:12  위험:0
15:03:12  GPS유효:1
15:03:12  위도:37.496619
15:03:12  경도:126.958107
15:03:12  속도:0.41
15:03:12  방향:15.2
15:03:12  가속도:2.70,-8.30,1.45
15:03:12  자이로:-44.2,-16.9,23.5
15:03:12  충격값:12.09
15:03:12  송신:26297
15:03:12  지팡이수신:25634
15:03:12  GPS위성:5
15:03:12  GPS_HDOP:1.70
15:03:12  원시위도:37.496618
15:03:12  원시경도:126.958107
15:03:12  GPS채택:3294
15:03:12  GPS이상치거부:4
15:03:12  GPS품질거부:336
15:03:12  GPS재기준:1
15:03:12  위험송신:25634
