16:11:37  시각ms:896825
16:11:37  IMU시각ms:896813
16:11:37  위험:0
16:11:37  GPS유효:1
16:11:37  위도:37.496262
16:11:37  경도:126.955544
16:11:37  속도:0.016
16:11:37  방향:0.0
16:11:37  GPS원시속도:0.026
16:11:37  GPS원시방향유효:1
16:11:37  GPS원시방향:131.5
16:11:37  가속도:-1.010,2.648,9.280
16:11:37  자이로:-2.084,1.863,0.885
16:11:37  자력계:-39.450,86.550,-0.450
16:11:37  IMU방향유효:0
16:11:37  IMU방향:0.0
16:11:37  방향가속도크기:9.70
16:11:37  방향자이로크기:2.93
16:11:37  방향자세cos:0.6850
16:11:37  자기모델잔차:999.00
16:11:37  자기모델반경:0.000
16:11:37  방향채택:0
16:11:37  방향거부:106707
16:11:37  송신:8603
16:11:37  GPS위성:8
16:11:37  GPS_HDOP:1.02
16:11:37  원시위도:37.496260
16:11:37  원시경도:126.955544
16:11:37  GPS채택:4443
16:11:37  GPS이상치거부:18
16:11:37  GPS품질거부:0
16:11:37  GPS재기준:1
16:11:37  RSSI원시:-85
16:11:37  RSSI평활:-85.3
16:11:37  RSSI샘플:16123
16:11:37  RSSI경과ms:3
16:11:37  차량수신:7981
16:11:38  시각ms:897451
16:11:38  IMU시각ms:897439
16:11:38  위험:0
16:11:38  GPS유효:1
16:11:38  위도:37.496258
16:11:38  경도:126.955544
16:11:38  속도:0.023
16:11:38  방향:0.0
16:11:38  GPS원시속도:0.021
16:11:38  GPS원시방향유효:1
16:11:38  GPS원시방향:131.5
16:11:38  가속도:-0.958,2.701,9.333
16:11:38  자이로:-1.733,1.962,-0.206
16:11:38  자력계:-37.800,87.150,-0.300
16:11:38  IMU방향유효:0
16:11:38  IMU방향:0.0
16:11:38  방향가속도크기:9.76
16:11:38  방향자이로크기:2.63
16:11:38  방향자세cos:0.6902
16:11:38  자기모델잔차:999.00
16:11:38  자기모델반경:0.000
16:11:38  방향채택:0
16:11:38  방향거부:106783
16:11:38  송신:8609
16:11:38  GPS위성:8
16:11:38  GPS_HDOP:1.02
16:11:38  원시위도:37.496258
16:11:38  원시경도:126.955545
16:11:38  GPS채택:4446
16:11:38  GPS이상치거부:18
16:11:38  GPS품질거부:0
16:11:38  GPS재기준:1
16:11:38  RSSI원시:-87
16:11:38  RSSI평활:-85.9
16:11:38  RSSI샘플:16130
16:11:38  RSSI경과ms:38
16:11:38  차량수신:7984
16:11:38  시각ms:897556
16:11:38  IMU시각ms:897544
16:11:38  위험:0
16:11:38  GPS유효:1
16:11:38  위도:37.496258
16:11:38  경도:126.955544
16:11:38  속도:0.023
16:11:38  방향:0.0
16:11:38  GPS원시속도:0.021
16:11:38  GPS원시방향유효:1
16:11:38  GPS원시방향:131.5
16:11:38  가속도:-1.039,2.758,9.285
16:11:38  자이로:-1.893,-1.000,1.718
16:11:38  자력계:-38.550,87.150,0.000
16:11:38  IMU방향유효:0
16:11:38  IMU방향:0.0
16:11:38  방향가속도크기:9.74
16:11:38  방향자이로크기:2.74
16:11:38  방향자세cos:0.6867
16:11:38  자기모델잔차:999.00
16:11:38  자기모델반경:0.000
16:11:38  방향채택:0
16:11:38  방향거부:106796
16:11:38  송신:8610
16:11:38  GPS위성:8
16:11:38  GPS_HDOP:1.02
16:11:38  원시위도:37.496258
16:11:38  원시경도:126.955545
16:11:38  GPS채택:4446
16:11:38  GPS이상치거부:18
16:11:38  GPS품질거부:0
16:11:38  GPS재기준:1
16:11:38  RSSI원시:-85
16:11:38  RSSI평활:-85.7
16:11:38  RSSI샘플:16131
16:11:38  RSSI경과ms:43
16:11:38  차량수신:7985
16:11:38  시각ms:897661
16:11:38  IMU시각ms:897649
16:11:38  위험:0
16:11:38  GPS유효:1
16:11:38  위도:37.496258
16:11:38  경도:126.955544
16:11:38  속도:0.015
16:11:38  방향:0.0
16:11:38  GPS원시속도:0.000
16:11:38  GPS원시방향유효:1
16:11:38  GPS원시방향:131.5
16:11:38  가속도:-1.039,2.710,9.232
16:11:38  자이로:0.023,-1.878,-0.198
16:11:38  자력계:-37.800,86.850,0.300
16:11:38  IMU방향유효:0
16:11:38  IMU방향:0.0
16:11:38  방향가속도크기:9.68
16:11:38  방향자이로크기:1.89
16:11:38  방향자세cos:0.6852
16:11:38  자기모델잔차:999.00
16:11:38  자기모델반경:0.000
16:11:38  방향채택:0
16:11:38  방향거부:106809
16:11:38  송신:8611
16:11:38  GPS위성:8
16:11:38  GPS_HDOP:1.02
16:11:38  원시위도:37.496258
16:11:38  원시경도:126.955545
16:11:38  GPS채택:4447
16:11:38  GPS이상치거부:18
16:11:38  GPS품질거부:0
16:11:38  GPS재기준:1
16:11:38  RSSI원시:-86
16:11:38  RSSI평활:-85.8
16:11:38  RSSI샘플:16132
16:11:38  RSSI경과ms:103
16:11:38  차량수신:7985
16:11:38  시각ms:897766
16:11:38  IMU시각ms:897754
16:11:38  위험:0
16:11:38  GPS유효:1
16:11:38  위도:37.496258
16:11:38  경도:126.955544
16:11:38  속도:0.015
16:11:38  방향:0.0
16:11:38  GPS원시속도:0.000
16:11:38  GPS원시방향유효:1
16:11:38  GPS원시방향:131.5
16:11:38  가속도:-1.073,2.629,9.218
16:11:38  자이로:-1.160,-4.137,-0.481
16:11:38  자력계:-39.750,84.900,1.350
16:11:38  IMU방향유효:0
16:11:38  IMU방향:0.0
16:11:38  방향가속도크기:9.65
16:11:38  방향자이로크기:4.32
16:11:38  방향자세cos:0.6803
16:11:38  자기모델잔차:999.00
16:11:38  자기모델반경:0.000
16:11:38  방향채택:0
16:11:38  방향거부:106822
16:11:38  송신:8612
16:11:38  GPS위성:8
16:11:38  GPS_HDOP:1.02
16:11:38  원시위도:37.496258
16:11:38  원시경도:126.955545
16:11:38  GPS채택:4447
16:11:38  GPS이상치거부:18
16:11:38  GPS품질거부:0
16:11:38  GPS재기준:1
16:11:38  RSSI원시:-85
16:11:38  RSSI평활:-85.6
16:11:38  RSSI샘플:16133
16:11:38  RSSI경과ms:46
16:11:38  차량수신:7986
16:11:40  시각ms:898901
16:11:40  IMU시각ms:898889
16:11:40  위험:0
16:11:40  GPS유효:1
16:11:40  위도:37.496254
16:11:40  경도:126.955544
16:11:40  속도:0.032
16:11:40  방향:0.0
16:11:40  GPS원시속도:0.021
16:11:40  GPS원시방향유효:1
16:11:40  GPS원시방향:131.5
16:11:40  가속도:-0.886,2.749,9.419
16:11:40  자이로:0.985,-1.008,3.069
16:11:40  자력계:-38.250,86.850,0.000
16:11:40  IMU방향유효:0
16:11:40  IMU방향:0.0
16:11:40  방향가속도크기:9.85
16:11:40  방향자이로크기:3.38
16:11:40  방향자세cos:0.6962
16:11:40  자기모델잔차:999.00
16:11:40  자기모델반경:0.000
16:11:40  방향채택:0
16:11:40  방향거부:106956
16:11:40  송신:8623
16:11:40  GPS위성:8
16:11:40  GPS_HDOP:1.02
16:11:40  원시위도:37.496255
16:11:40  원시경도:126.955548
16:11:40  GPS채택:4453
16:11:40  GPS이상치거부:18
16:11:40  GPS품질거부:0
16:11:40  GPS재기준:1
16:11:40  RSSI원시:-87
16:11:40  RSSI평활:-87.1
16:11:40  RSSI샘플:16155
16:11:40  RSSI경과ms:7
16:11:40  차량수신:7996
16:11:40  시각ms:899210
16:11:40  IMU시각ms:899198
16:11:40  위험:0
16:11:40  GPS유효:1
16:11:40  위도:37.496254
16:11:40  경도:126.955551
16:11:40  속도:0.031
16:11:40  방향:0.0
16:11:40  GPS원시속도:0.026
16:11:40  GPS원시방향유효:1
16:11:40  GPS원시방향:131.5
16:11:40  가속도:-0.967,2.662,9.366
16:11:40  자이로:-0.267,2.008,-0.198
16:11:40  자력계:-37.650,86.250,0.450
16:11:40  IMU방향유효:0
16:11:40  IMU방향:0.0
16:11:40  방향가속도크기:9.79
16:11:40  방향자이로크기:2.04
16:11:40  방향자세cos:0.6882
16:11:40  자기모델잔차:999.00
16:11:40  자기모델반경:0.000
16:11:40  방향채택:0
16:11:40  방향거부:106993
16:11:40  송신:8626
16:11:40  GPS위성:8
16:11:40  GPS_HDOP:1.02
16:11:40  원시위도:37.496254
16:11:40  원시경도:126.955549
16:11:40  GPS채택:4455
16:11:40  GPS이상치거부:18
16:11:40  GPS품질거부:0
16:11:40  GPS재기준:1
16:11:40  RSSI원시:-89
16:11:40  RSSI평활:-88.1
16:11:40  RSSI샘플:16161
16:11:40  RSSI경과ms:3
16:11:40  차량수신:7999
16:11:40  시각ms:899415
16:11:40  IMU시각ms:899403
16:11:40  위험:0
16:11:40  GPS유효:1
16:11:40  위도:37.496254
16:11:40  경도:126.955551
16:11:40  속도:0.031
16:11:40  방향:0.0
16:11:40  GPS원시속도:0.026
16:11:40  GPS원시방향유효:1
16:11:40  GPS원시방향:131.5
16:11:40  가속도:-1.006,2.811,9.294
16:11:40  자이로:-1.046,-0.328,3.076
16:11:40  자력계:-38.550,87.150,0.300
16:11:40  IMU방향유효:0
16:11:40  IMU방향:0.0
16:11:40  방향가속도크기:9.76
16:11:40  방향자이로크기:3.27
16:11:40  방향자세cos:0.6906
16:11:40  자기모델잔차:999.00
16:11:40  자기모델반경:0.000
16:11:40  방향채택:0
16:11:40  방향거부:107017
16:11:40  송신:8628
16:11:40  GPS위성:8
16:11:40  GPS_HDOP:1.02
16:11:40  원시위도:37.496254
16:11:40  원시경도:126.955549
16:11:40  GPS채택:4455
16:11:40  GPS이상치거부:18
16:11:40  GPS품질거부:0
16:11:40  GPS재기준:1
16:11:40  RSSI원시:-89
16:11:40  RSSI평활:-88.2
16:11:40  RSSI샘플:16162
16:11:40  RSSI경과ms:108
16:11:40  차량수신:7999
16:11:40  시각ms:899520
16:11:40  IMU시각ms:899508
16:11:40  위험:0
16:11:40  GPS유효:1
16:11:40  위도:37.496254
16:11:40  경도:126.955551
16:11:40  속도:0.025
16:11:40  방향:0.0
16:11:40  GPS원시속도:0.015
16:11:40  GPS원시방향유효:1
16:11:40  GPS원시방향:131.5
16:11:40  가속도:-1.030,2.547,9.294
16:11:40  자이로:-0.107,-0.359,-1.847
16:11:40  자력계:-39.450,85.800,1.200
16:11:40  IMU방향유효:0
16:11:40  IMU방향:0.0
16:11:40  방향가속도크기:9.69
16:11:40  방향자이로크기:1.88
16:11:40  방향자세cos:0.6803
16:11:40  자기모델잔차:999.00
16:11:40  자기모델반경:0.000
16:11:40  방향채택:0
16:11:40  방향거부:107030
16:11:40  송신:8629
16:11:40  GPS위성:8
16:11:40  GPS_HDOP:1.02
16:11:40  원시위도:37.496254
16:11:40  원시경도:126.955549
16:11:40  GPS채택:4456
16:11:40  GPS이상치거부:18
16:11:40  GPS품질거부:0
16:11:40  GPS재기준:1
16:11:40  RSSI원시:-86
16:11:40  RSSI평활:-87.8
16:11:40  RSSI샘플:16163
16:11:40  RSSI경과ms:5
16:11:40  차량수신:7999
16:11:40  시각ms:899829
16:11:40  IMU시각ms:899817
16:11:40  위험:0
16:11:40  GPS유효:1
16:11:40  위도:37.496254
16:11:40  경도:126.955551
16:11:40  속도:0.019
16:11:40  방향:0.0
16:11:40  GPS원시속도:0.010
16:11:40  GPS원시방향유효:1
16:11:40  GPS원시방향:131.5
16:11:40  가속도:-0.876,2.576,9.318
16:11:40  자이로:-1.481,-0.580,-3.634
16:11:40  자력계:-39.150,86.550,-0.150
16:11:40  IMU방향유효:0
16:11:40  IMU방향:0.0
16:11:40  방향가속도크기:9.71
16:11:40  방향자이로크기:3.97
16:11:40  방향자세cos:0.6915
16:11:40  자기모델잔차:999.00
16:11:40  자기모델반경:0.000
16:11:40  방향채택:0
16:11:40  방향거부:107066
16:11:40  송신:8632
16:11:40  GPS위성:8
16:11:40  GPS_HDOP:1.02
16:11:40  원시위도:37.496252
16:11:40  원시경도:126.955550
16:11:40  GPS채택:4458
16:11:40  GPS이상치거부:18
16:11:40  GPS품질거부:0
16:11:40  GPS재기준:1
16:11:40  RSSI원시:-86
16:11:40  RSSI평활:-86.6
16:11:40  RSSI샘플:16167
16:11:40  RSSI경과ms:110
16:11:40  차량수신:8001
16:11:40  시각ms:899934
16:11:40  IMU시각ms:899922
16:11:40  위험:0
16:11:40  GPS유효:1
16:11:40  위도:37.496254
16:11:40  경도:126.955551
16:11:40  속도:0.019
16:11:40  방향:0.0
16:11:40  GPS원시속도:0.010
16:11:40  GPS원시방향유효:1
16:11:40  GPS원시방향:131.5
16:11:40  가속도:-1.053,2.701,9.246
16:11:40  자이로:-1.000,-2.137,1.015
16:11:40  자력계:-39.150,85.050,3.000
16:11:40  IMU방향유효:0
16:11:40  IMU방향:0.0
16:11:40  방향가속도크기:9.69
16:11:40  방향자이로크기:2.57
16:11:40  방향자세cos:0.6839
16:11:40  자기모델잔차:999.00
16:11:40  자기모델반경:0.000
16:11:40  방향채택:0
16:11:40  방향거부:107079
16:11:40  송신:8633
16:11:40  GPS위성:8
16:11:40  GPS_HDOP:1.02
16:11:40  원시위도:37.496252
16:11:40  원시경도:126.955550
16:11:40  GPS채택:4458
16:11:40  GPS이상치거부:18
16:11:40  GPS품질거부:0
16:11:40  GPS재기준:1
16:11:40  RSSI원시:-88
16:11:40  RSSI평활:-86.7
16:11:40  RSSI샘플:16170
16:11:40  RSSI경과ms:5
16:11:40  차량수신:8002
16:11:41  시각ms:900037
16:11:41  IMU시각ms:900025
16:11:41  위험:0
16:11:41  GPS유효:1
16:11:41  위도:37.496254
16:11:41  경도:126.955551
16:11:41  속도:0.030
16:11:41  방향:0.0
16:11:41  GPS원시속도:0.051
16:11:41  GPS원시방향유효:1
16:11:41  GPS원시방향:131.5
16:11:41  가속도:-0.982,2.624,9.361
16:11:41  자이로:-0.015,-1.275,-0.275
16:11:41  자력계:-39.750,86.100,-0.300
16:11:41  IMU방향유효:0
16:11:41  IMU방향:0.0
16:11:41  방향가속도크기:9.77
16:11:41  방향자이로크기:1.30
16:11:41  방향자세cos:0.6860
16:11:41  자기모델잔차:999.00
16:11:41  자기모델반경:0.000
16:11:41  방향채택:0
16:11:41  방향거부:107091
16:11:41  송신:8634
16:11:41  GPS위성:8
16:11:41  GPS_HDOP:1.02
16:11:41  원시위도:37.496252
16:11:41  원시경도:126.955550
16:11:41  GPS채택:4459
16:11:41  GPS이상치거부:18
16:11:41  GPS품질거부:0
16:11:41  GPS재기준:1
16:11:41  RSSI원시:-88
16:11:41  RSSI평활:-86.7
16:11:41  RSSI샘플:16170
16:11:41  RSSI경과ms:108
16:11:41  차량수신:8002
16:11:41  시각ms:900245
16:11:41  IMU시각ms:900233
16:11:41  위험:0
16:11:41  GPS유효:1
16:11:41  위도:37.496254
16:11:41  경도:126.955551
16:11:41  속도:0.049
16:11:41  방향:0.0
16:11:41  GPS원시속도:0.082
16:11:41  GPS원시방향유효:1
16:11:41  GPS원시방향:131.5
16:11:41  가속도:-0.962,2.624,9.309
16:11:41  자이로:1.435,0.931,1.183
16:11:41  자력계:-40.050,87.150,0.600
16:11:41  IMU방향유효:0
16:11:41  IMU방향:0.0
16:11:41  방향가속도크기:9.72
16:11:41  방향자이로크기:2.08
16:11:41  방향자세cos:0.6874
16:11:41  자기모델잔차:999.00
16:11:41  자기모델반경:0.000
16:11:41  방향채택:0
16:11:41  방향거부:107116
16:11:41  송신:8636
16:11:41  GPS위성:8
16:11:41  GPS_HDOP:1.02
16:11:41  원시위도:37.496252
16:11:41  원시경도:126.955551
16:11:41  GPS채택:4460
16:11:41  GPS이상치거부:18
16:11:41  GPS품질거부:0
16:11:41  GPS재기준:1
16:11:41  RSSI원시:-86
16:11:41  RSSI평활:-86.5
16:11:41  RSSI샘플:16173
16:11:41  RSSI경과ms:20
16:11:41  차량수신:8003
16:11:42  시각ms:901595
16:11:42  IMU시각ms:901583
16:11:42  위험:0
16:11:42  GPS유효:1
16:11:42  위도:37.496250
16:11:42  경도:126.955551
16:11:42  속도:0.014
16:11:42  방향:0.0
16:11:42  GPS원시속도:0.005
16:11:42  GPS원시방향유효:1
16:11:42  GPS원시방향:131.5
16:11:42  가속도:-0.958,2.705,9.357
16:11:42  자이로:-2.237,1.015,-1.137
16:11:42  자력계:-39.750,86.100,0.600
16:11:42  IMU방향유효:0
16:11:42  IMU방향:0.0
16:11:42  방향가속도크기:9.79
16:11:42  방향자이로크기:2.71
16:11:42  방향자세cos:0.6902
16:11:42  자기모델잔차:999.00
16:11:42  자기모델반경:0.000
16:11:42  방향채택:0
16:11:42  방향거부:107279
16:11:42  송신:8649
16:11:42  GPS위성:8
16:11:42  GPS_HDOP:1.02
16:11:42  원시위도:37.496249
16:11:42  원시경도:126.955553
16:11:42  GPS채택:4466
16:11:42  GPS이상치거부:18
16:11:42  GPS품질거부:0
16:11:42  GPS재기준:1
16:11:42  RSSI원시:-83
16:11:42  RSSI평활:-86.5
16:11:42  RSSI샘플:16190
16:11:42  RSSI경과ms:17
16:11:42  차량수신:8009
16:11:42  시각ms:901905
16:11:42  IMU시각ms:901893
16:11:42  위험:0
16:11:42  GPS유효:1
16:11:42  위도:37.496250
16:11:42  경도:126.955551
16:11:42  속도:0.014
16:11:42  방향:0.0
16:11:42  GPS원시속도:0.021
16:11:42  GPS원시방향유효:1
16:11:42  GPS원시방향:131.5
16:11:42  가속도:-1.092,2.768,9.371
16:11:42  자이로:-0.969,-1.092,-1.382
16:11:42  자력계:-39.300,86.100,-1.050
16:11:42  IMU방향유효:0
16:11:42  IMU방향:0.0
16:11:42  방향가속도크기:9.83
16:11:42  방향자이로크기:2.01
16:11:42  방향자세cos:0.6833
16:11:42  자기모델잔차:999.00
16:11:42  자기모델반경:0.000
16:11:42  방향채택:0
16:11:42  방향거부:107315
16:11:42  송신:8652
16:11:42  GPS위성:8
16:11:42  GPS_HDOP:1.02
16:11:42  원시위도:37.496248
16:11:42  원시경도:126.955554
16:11:42  GPS채택:4468
16:11:42  GPS이상치거부:18
16:11:42  GPS품질거부:0
16:11:42  GPS재기준:1
16:11:42  RSSI원시:-81
16:11:42  RSSI평활:-83.3
16:11:42  RSSI샘플:16195
16:11:42  RSSI경과ms:11
16:11:42  차량수신:8011
16:11:43  시각ms:902008
16:11:43  IMU시각ms:901996
16:11:43  위험:0
16:11:43  GPS유효:1
16:11:43  위도:37.496246
16:11:43  경도:126.955551
16:11:43  속도:0.015
16:11:43  방향:0.0
16:11:43  GPS원시속도:0.015
16:11:43  GPS원시방향유효:1
16:11:43  GPS원시방향:131.5
16:11:43  가속도:-1.006,2.576,9.333
16:11:43  자이로:-0.183,-1.160,1.420
16:11:43  자력계:-39.750,87.600,-1.050
16:11:43  IMU방향유효:0
16:11:43  IMU방향:0.0
16:11:43  방향가속도크기:9.73
16:11:43  방향자이로크기:1.84
16:11:43  방향자세cos:0.6828
16:11:43  자기모델잔차:999.00
16:11:43  자기모델반경:0.000
16:11:43  방향채택:0
16:11:43  방향거부:107327
16:11:43  송신:8653
16:11:43  GPS위성:8
16:11:43  GPS_HDOP:1.02
16:11:43  원시위도:37.496247
16:11:43  원시경도:126.955555
16:11:43  GPS채택:4469
16:11:43  GPS이상치거부:18
16:11:43  GPS품질거부:0
16:11:43  GPS재기준:1
16:11:43  RSSI원시:-83
16:11:43  RSSI평활:-83.3
16:11:43  RSSI샘플:16197
16:11:43  RSSI경과ms:9
16:11:43  차량수신:8012
16:11:43  시각ms:902213
16:11:43  IMU시각ms:902201
16:11:43  위험:0
16:11:43  GPS유효:1
16:11:43  위도:37.496246
16:11:43  경도:126.955551
16:11:43  속도:0.009
16:11:43  방향:0.0
16:11:43  GPS원시속도:0.000
16:11:43  GPS원시방향유효:1
16:11:43  GPS원시방향:131.5
16:11:43  가속도:-0.982,2.567,9.380
16:11:43  자이로:0.450,-1.756,-0.878
16:11:43  자력계:-39.750,87.150,0.300
16:11:43  IMU방향유효:0
16:11:43  IMU방향:0.0
16:11:43  방향가속도크기:9.77
16:11:43  방향자이로크기:2.01
16:11:43  방향자세cos:0.6840
16:11:43  자기모델잔차:999.00
16:11:43  자기모델반경:0.000
16:11:43  방향채택:0
16:11:43  방향거부:107351
16:11:43  송신:8655
16:11:43  GPS위성:8
16:11:43  GPS_HDOP:1.02
16:11:43  원시위도:37.496246
16:11:43  원시경도:126.955555
16:11:43  GPS채택:4470
16:11:43  GPS이상치거부:18
16:11:43  GPS품질거부:0
16:11:43  GPS재기준:1
16:11:43  RSSI원시:-79
16:11:43  RSSI평활:-83.4
16:11:43  RSSI샘플:16201
16:11:43  RSSI경과ms:5
16:11:43  차량수신:8013
16:11:44  시각ms:903048
16:11:44  IMU시각ms:903036
16:11:44  위험:0
16:11:44  GPS유효:1
16:11:44  위도:37.496246
16:11:44  경도:126.955559
16:11:44  속도:0.029
16:11:44  방향:0.0
16:11:44  GPS원시속도:0.051
16:11:44  GPS원시방향유효:1
16:11:44  GPS원시방향:131.5
16:11:44  가속도:-1.020,2.691,9.443
16:11:44  자이로:-1.687,0.000,-0.145
16:11:44  자력계:-39.150,85.500,0.900
16:11:44  IMU방향유효:0
16:11:44  IMU방향:0.0
16:11:44  방향가속도크기:9.87
16:11:44  방향자이로크기:1.69
16:11:44  방향자세cos:0.6855
16:11:44  자기모델잔차:999.00
16:11:44  자기모델반경:0.000
16:11:44  방향채택:0
16:11:44  방향거부:107454
16:11:44  송신:8663
16:11:44  GPS위성:8
16:11:44  GPS_HDOP:1.02
16:11:44  원시위도:37.496244
16:11:44  원시경도:126.955557
16:11:44  GPS채택:4474
16:11:44  GPS이상치거부:18
16:11:44  GPS품질거부:0
16:11:44  GPS재기준:1
16:11:44  RSSI원시:-77
16:11:44  RSSI평활:-76.8
16:11:44  RSSI샘플:16214
16:11:44  RSSI경과ms:77
16:11:44  차량수신:8020
16:11:44  시각ms:903258
16:11:44  IMU시각ms:903246
16:11:44  위험:0
16:11:44  GPS유효:1
16:11:44  위도:37.496243
16:11:44  경도:126.955559
16:11:44  속도:0.033
16:11:44  방향:0.0
16:11:44  GPS원시속도:0.041
16:11:44  GPS원시방향유효:1
16:11:44  GPS원시방향:131.5
16:11:44  가속도:-0.934,2.629,9.385
16:11:44  자이로:0.198,-2.725,2.145
16:11:44  자력계:-36.750,86.850,-0.300
16:11:44  IMU방향유효:0
16:11:44  IMU방향:0.0
16:11:44  방향가속도크기:9.79
16:11:44  방향자이로크기:3.47
16:11:44  방향자세cos:0.6893
16:11:44  자기모델잔차:999.00
16:11:44  자기모델반경:0.000
16:11:44  방향채택:0
16:11:44  방향거부:107480
16:11:44  송신:8665
16:11:44  GPS위성:8
16:11:44  GPS_HDOP:1.02
16:11:44  원시위도:37.496243
16:11:44  원시경도:126.955557
16:11:44  GPS채택:4475
16:11:44  GPS이상치거부:18
16:11:44  GPS품질거부:0
16:11:44  GPS재기준:1
16:11:44  RSSI원시:-79
16:11:44  RSSI평활:-79.7
16:11:44  RSSI샘플:16219
16:11:44  RSSI경과ms:1
16:11:44  차량수신:8022
16:11:44  시각ms:903569
16:11:44  IMU시각ms:903557
16:11:44  위험:0
16:11:44  GPS유효:1
16:11:44  위도:37.496243
16:11:44  경도:126.955559
16:11:44  속도:0.032
16:11:44  방향:0.0
16:11:44  GPS원시속도:0.031
16:11:44  GPS원시방향유효:1
16:11:44  GPS원시방향:131.5
16:11:44  가속도:-0.953,2.562,9.299
16:11:44  자이로:-0.046,0.221,1.046
16:11:44  자력계:-39.900,85.500,0.150
16:11:44  IMU방향유효:0
16:11:44  IMU방향:0.0
16:11:44  방향가속도크기:9.69
16:11:44  방향자이로크기:1.07
16:11:44  방향자세cos:0.6860
16:11:44  자기모델잔차:999.00
16:11:44  자기모델반경:0.000
16:11:44  방향채택:0
16:11:44  방향거부:107517
16:11:44  송신:8668
16:11:44  GPS위성:8
16:11:44  GPS_HDOP:1.02
16:11:44  원시위도:37.496243
16:11:44  원시경도:126.955557
16:11:44  GPS채택:4476
16:11:44  GPS이상치거부:18
16:11:44  GPS품질거부:0
16:11:44  GPS재기준:1
16:11:44  RSSI원시:-85
16:11:44  RSSI평활:-81.6
16:11:44  RSSI샘플:16224
16:11:44  RSSI경과ms:0
16:11:44  차량수신:8025
16:11:44  시각ms:903778
16:11:44  IMU시각ms:903766
16:11:44  위험:0
16:11:44  GPS유효:1
16:11:44  위도:37.496243
16:11:44  경도:126.955559
16:11:44  속도:0.025
16:11:44  방향:0.0
16:11:44  GPS원시속도:0.010
16:11:44  GPS원시방향유효:1
16:11:44  GPS원시방향:131.5
16:11:44  가속도:-1.015,2.634,9.318
16:11:44  자이로:-0.183,0.290,-0.397
16:11:44  자력계:-39.150,87.300,-0.150
16:11:44  IMU방향유효:0
16:11:44  IMU방향:0.0
16:11:44  방향가속도크기:9.74
16:11:44  방향자이로크기:0.52
16:11:44  방향자세cos:0.6841
16:11:44  자기모델잔차:999.00
16:11:44  자기모델반경:0.000
16:11:44  방향채택:0
16:11:44  방향거부:107543
16:11:44  송신:8670
16:11:44  GPS위성:8
16:11:44  GPS_HDOP:1.02
16:11:44  원시위도:37.496242
16:11:44  원시경도:126.955558
16:11:44  GPS채택:4477
16:11:44  GPS이상치거부:18
16:11:44  GPS품질거부:0
16:11:44  GPS재기준:1
16:11:44  RSSI원시:-78
16:11:44  RSSI평활:-80.6
16:11:44  RSSI샘플:16227
16:11:44  RSSI경과ms:6
16:11:44  차량수신:8026
16:11:44  시각ms:903883
16:11:44  IMU시각ms:903871
16:11:44  위험:0
16:11:44  GPS유효:1
16:11:44  위도:37.496243
16:11:44  경도:126.955559
16:11:44  속도:0.023
16:11:44  방향:0.0
16:11:44  GPS원시속도:0.021
16:11:44  GPS원시방향유효:1
16:11:44  GPS원시방향:131.5
16:11:44  가속도:-1.044,2.653,9.313
16:11:44  자이로:0.092,1.351,0.756
16:11:44  자력계:-38.550,86.850,1.350
16:11:44  IMU방향유효:0
16:11:44  IMU방향:0.0
16:11:44  방향가속도크기:9.74
16:11:44  방향자이로크기:1.55
16:11:44  방향자세cos:0.6829
16:11:44  자기모델잔차:999.00
16:11:44  자기모델반경:0.000
16:11:44  방향채택:0
16:11:44  방향거부:107556
16:11:44  송신:8671
16:11:44  GPS위성:8
16:11:44  GPS_HDOP:1.02
16:11:44  원시위도:37.496241
16:11:44  원시경도:126.955559
16:11:44  GPS채택:4478
16:11:44  GPS이상치거부:18
16:11:44  GPS품질거부:0
16:11:44  GPS재기준:1
16:11:44  RSSI원시:-82
16:11:44  RSSI평활:-80.9
16:11:44  RSSI샘플:16228
16:11:44  RSSI경과ms:94
16:11:44  차량수신:8027
16:11:45  시각ms:903987
16:11:45  IMU시각ms:903975
16:11:45  위험:0
16:11:45  GPS유효:1
16:11:45  위도:37.496243
16:11:45  경도:126.955559
16:11:45  속도:0.023
16:11:45  방향:0.0
16:11:45  GPS원시속도:0.021
16:11:45  GPS원시방향유효:1
16:11:45  GPS원시방향:131.5
16:11:45  가속도:-1.149,2.576,9.290
16:11:45  자이로:-3.672,1.878,-0.504
16:11:45  자력계:-40.050,87.150,0.600
16:11:45  IMU방향유효:0
16:11:45  IMU방향:0.0
16:11:45  방향가속도크기:9.71
16:11:45  방향자이로크기:4.15
16:11:45  방향자세cos:0.6732
16:11:45  자기모델잔차:999.00
16:11:45  자기모델반경:0.000
16:11:45  방향채택:0
16:11:45  방향거부:107569
16:11:45  송신:8672
16:11:45  GPS위성:8
16:11:45  GPS_HDOP:1.02
16:11:45  원시위도:37.496241
16:11:45  원시경도:126.955559
16:11:45  GPS채택:4478
16:11:45  GPS이상치거부:18
16:11:45  GPS품질거부:0
16:11:45  GPS재기준:1
16:11:45  RSSI원시:-79
16:11:45  RSSI평활:-80.9
16:11:45  RSSI샘플:16231
16:11:45  RSSI경과ms:2
16:11:45  차량수신:8028
16:11:45  시각ms:904092
16:11:45  IMU시각ms:904080
16:11:45  위험:0
16:11:45  GPS유효:1
16:11:45  위도:37.496243
16:11:45  경도:126.955559
16:11:45  속도:0.024
16:11:45  방향:0.0
16:11:45  GPS원시속도:0.026
16:11:45  GPS원시방향유효:1
16:11:45  GPS원시방향:131.5
16:11:45  가속도:-1.116,2.686,9.352
16:11:45  자이로:-0.115,0.282,0.840
16:11:45  자력계:-39.450,88.500,0.900
16:11:45  IMU방향유효:0
16:11:45  IMU방향:0.0
16:11:45  방향가속도크기:9.79
16:11:45  방향자이로크기:0.89
16:11:45  방향자세cos:0.6791
16:11:45  자기모델잔차:999.00
16:11:45  자기모델반경:0.000
16:11:45  방향채택:0
16:11:45  방향거부:107582
16:11:45  송신:8673
16:11:45  GPS위성:8
16:11:45  GPS_HDOP:1.02
16:11:45  원시위도:37.496241
16:11:45  원시경도:126.955559
16:11:45  GPS채택:4479
16:11:45  GPS이상치거부:18
16:11:45  GPS품질거부:0
16:11:45  GPS재기준:1
16:11:45  RSSI원시:-81
16:11:45  RSSI평활:-81.0
16:11:45  RSSI샘플:16232
16:11:45  RSSI경과ms:93
16:11:45  차량수신:8029
16:11:45  시각ms:904196
16:11:45  IMU시각ms:904184
16:11:45  위험:0
16:11:45  GPS유효:1
16:11:45  위도:37.496243
16:11:45  경도:126.955559
16:11:45  속도:0.024
16:11:45  방향:0.0
16:11:45  GPS원시속도:0.026
16:11:45  GPS원시방향유효:1
16:11:45  GPS원시방향:131.5
16:11:45  가속도:-1.044,2.696,9.380
16:11:45  자이로:-0.885,-1.191,-1.214
16:11:45  자력계:-39.000,86.400,0.600
16:11:45  IMU방향유효:0
16:11:45  IMU방향:0.0
16:11:45  방향가속도크기:9.82
16:11:45  방향자이로크기:1.92
16:11:45  방향자세cos:0.6841
16:11:45  자기모델잔차:999.00
16:11:45  자기모델반경:0.000
16:11:45  방향채택:0
16:11:45  방향거부:107595
16:11:45  송신:8674
16:11:45  GPS위성:8
16:11:45  GPS_HDOP:1.02
16:11:45  원시위도:37.496241
16:11:45  원시경도:126.955559
16:11:45  GPS채택:4479
16:11:45  GPS이상치거부:18
16:11:45  GPS품질거부:0
16:11:45  GPS재기준:1
16:11:45  RSSI원시:-87
16:11:45  RSSI평활:-82.2
16:11:45  RSSI샘플:16233
16:11:45  RSSI경과ms:93
16:11:45  차량수신:8030
16:11:45  시각ms:904301
16:11:45  IMU시각ms:904289
16:11:45  위험:0
16:11:45  GPS유효:1
16:11:45  위도:37.496243
16:11:45  경도:126.955559
16:11:45  속도:0.028
16:11:45  방향:0.0
16:11:45  GPS원시속도:0.036
16:11:45  GPS원시방향유효:1
16:11:45  GPS원시방향:131.5
16:11:45  가속도:-1.063,2.672,9.357
16:11:45  자이로:-0.511,1.122,-2.573
16:11:45  자력계:-39.750,86.850,0.600
16:11:45  IMU방향유효:0
16:11:45  IMU방향:0.0
16:11:45  방향가속도크기:9.79
16:11:45  방향자이로크기:2.85
16:11:45  방향자세cos:0.6821
16:11:45  자기모델잔차:999.00
16:11:45  자기모델반경:0.000
16:11:45  방향채택:0
16:11:45  방향거부:107608
16:11:45  송신:8675
16:11:45  GPS위성:8
16:11:45  GPS_HDOP:1.02
16:11:45  원시위도:37.496240
16:11:45  원시경도:126.955560
16:11:45  GPS채택:4480
16:11:45  GPS이상치거부:18
16:11:45  GPS품질거부:0
16:11:45  GPS재기준:1
16:11:45  RSSI원시:-76
16:11:45  RSSI평활:-79.4
16:11:45  RSSI샘플:16236
16:11:45  RSSI경과ms:2
16:11:45  차량수신:8031
16:11:45  시각ms:904405
16:11:45  IMU시각ms:904393
16:11:45  위험:0
16:11:45  GPS유효:1
16:11:45  위도:37.496239
16:11:45  경도:126.955559
16:11:45  속도:0.022
16:11:45  방향:0.0
16:11:45  GPS원시속도:0.010
16:11:45  GPS원시방향유효:1
16:11:45  GPS원시방향:131.5
16:11:45  가속도:-0.891,2.629,9.380
16:11:45  자이로:0.038,0.221,-1.344
16:11:45  자력계:-39.150,86.550,0.450
16:11:45  IMU방향유효:0
16:11:45  IMU방향:0.0
16:11:45  방향가속도크기:9.78
16:11:45  방향자이로크기:1.36
16:11:45  방향자세cos:0.6921
16:11:45  자기모델잔차:999.00
16:11:45  자기모델반경:0.000
16:11:45  방향채택:0
16:11:45  방향거부:107621
16:11:45  송신:8676
16:11:45  GPS위성:8
16:11:45  GPS_HDOP:1.02
16:11:45  원시위도:37.496240
16:11:45  원시경도:126.955560
16:11:45  GPS채택:4481
16:11:45  GPS이상치거부:18
16:11:45  GPS품질거부:0
16:11:45  GPS재기준:1
16:11:45  RSSI원시:-74
16:11:45  RSSI평활:-78.4
16:11:45  RSSI샘플:16237
16:11:45  RSSI경과ms:92
16:11:45  차량수신:8032
16:11:45  시각ms:904506
16:11:45  IMU시각ms:904494
16:11:45  위험:0
16:11:45  GPS유효:1
16:11:45  위도:37.496239
16:11:45  경도:126.955559
16:11:45  속도:0.022
16:11:45  방향:0.0
16:11:45  GPS원시속도:0.010
16:11:45  GPS원시방향유효:1
16:11:45  GPS원시방향:131.5
16:11:45  가속도:-0.948,2.701,9.328
16:11:45  자이로:-1.092,1.359,-0.588
16:11:45  자력계:-39.000,87.600,-0.300
16:11:45  IMU방향유효:0
16:11:45  IMU방향:0.0
16:11:45  방향가속도크기:9.76
16:11:45  방향자이로크기:1.84
16:11:45  방향자세cos:0.6908
16:11:45  자기모델잔차:999.00
16:11:45  자기모델반경:0.000
16:11:45  방향채택:0
16:11:45  방향거부:107632
16:11:45  송신:8677
16:11:45  GPS위성:8
16:11:45  GPS_HDOP:1.02
16:11:45  원시위도:37.496240
16:11:45  원시경도:126.955560
16:11:45  GPS채택:4481
16:11:45  GPS이상치거부:18
16:11:45  GPS품질거부:0
16:11:45  GPS재기준:1
16:11:45  RSSI원시:-71
16:11:45  RSSI평활:-75.5
16:11:45  RSSI샘플:16239
16:11:45  RSSI경과ms:89
16:11:45  차량수신:8033
16:11:45  시각ms:904610
16:11:45  IMU시각ms:904598
16:11:45  위험:0
16:11:45  GPS유효:1
16:11:45  위도:37.496239
16:11:45  경도:126.955559
16:11:45  속도:0.018
16:11:45  방향:0.0
16:11:45  GPS원시속도:0.010
16:11:45  GPS원시방향유효:1
16:11:45  GPS원시방향:131.5
16:11:45  가속도:-1.034,2.686,9.151
16:11:45  자이로:-0.191,-1.153,-0.397
16:11:45  자력계:-38.550,85.200,0.300
16:11:45  IMU방향유효:0
16:11:45  IMU방향:0.0
16:11:45  방향가속도크기:9.59
16:11:45  방향자이로크기:1.23
16:11:45  방향자세cos:0.6849
16:11:45  자기모델잔차:999.00
16:11:45  자기모델반경:0.000
16:11:45  방향채택:0
16:11:45  방향거부:107645
16:11:45  송신:8678
16:11:45  GPS위성:8
16:11:45  GPS_HDOP:1.02
16:11:45  원시위도:37.496239
16:11:45  원시경도:126.955560
16:11:45  GPS채택:4482
16:11:45  GPS이상치거부:18
16:11:45  GPS품질거부:0
16:11:45  GPS재기준:1
16:11:45  RSSI원시:-75
16:11:45  RSSI평활:-74.9
16:11:45  RSSI샘플:16242
16:11:45  RSSI경과ms:1
16:11:45  차량수신:8034
16:11:45  시각ms:904713
16:11:45  IMU시각ms:904701
16:11:45  위험:0
16:11:45  GPS유효:1
16:11:45  위도:37.496239
16:11:45  경도:126.955559
16:11:45  속도:0.018
16:11:45  방향:0.0
16:11:45  GPS원시속도:0.010
16:11:45  GPS원시방향유효:1
16:11:45  GPS원시방향:131.5
16:11:45  가속도:-0.929,2.595,9.242
16:11:45  자이로:0.198,-1.023,-0.221
16:11:45  자력계:-38.550,87.150,0.300
16:11:45  IMU방향유효:0
16:11:45  IMU방향:0.0
16:11:45  방향가속도크기:9.64
16:11:45  방향자이로크기:1.07
16:11:45  방향자세cos:0.6888
16:11:45  자기모델잔차:999.00
16:11:45  자기모델반경:0.000
16:11:45  방향채택:0
16:11:45  방향거부:107657
16:11:45  송신:8679
16:11:45  GPS위성:8
16:11:45  GPS_HDOP:1.02
16:11:45  원시위도:37.496239
16:11:45  원시경도:126.955560
16:11:45  GPS채택:4482
16:11:45  GPS이상치거부:18
16:11:45  GPS품질거부:0
16:11:45  GPS재기준:1
16:11:45  RSSI원시:-72
16:11:45  RSSI평활:-74.3
16:11:45  RSSI샘플:16243
16:11:45  RSSI경과ms:84
16:11:45  차량수신:8035
16:11:45  시각ms:904817
16:11:45  IMU시각ms:904805
16:11:45  위험:0
16:11:45  GPS유효:1
16:11:45  위도:37.496239
16:11:45  경도:126.955559
16:11:45  속도:0.017
16:11:45  방향:0.0
16:11:45  GPS원시속도:0.015
16:11:45  GPS원시방향유효:1
16:11:45  GPS원시방향:131.5
16:11:45  가속도:-0.962,2.605,9.376
16:11:45  자이로:-1.832,-2.763,2.687
16:11:45  자력계:-38.400,85.500,1.200
16:11:45  IMU방향유효:0
16:11:45  IMU방향:0.0
16:11:45  방향가속도크기:9.78
16:11:45  방향자이로크기:4.27
16:11:45  방향자세cos:0.6866
16:11:45  자기모델잔차:999.00
16:11:45  자기모델반경:0.000
16:11:45  방향채택:0
16:11:45  방향거부:107670
16:11:45  송신:8680
16:11:45  GPS위성:8
16:11:45  GPS_HDOP:1.02
16:11:45  원시위도:37.496239
16:11:45  원시경도:126.955561
16:11:45  GPS채택:4483
16:11:45  GPS이상치거부:18
16:11:45  GPS품질거부:0
16:11:45  GPS재기준:1
16:11:45  RSSI원시:-76
16:11:45  RSSI평활:-76.2
16:11:45  RSSI샘플:16245
16:11:45  RSSI경과ms:86
16:11:45  차량수신:8036
16:11:45  시각ms:904922
16:11:45  IMU시각ms:904910
16:11:45  위험:0
16:11:45  GPS유효:1
16:11:45  위도:37.496239
16:11:45  경도:126.955559
16:11:45  속도:0.017
16:11:45  방향:0.0
16:11:45  GPS원시속도:0.015
16:11:45  GPS원시방향유효:1
16:11:45  GPS원시방향:131.5
16:11:45  가속도:-0.924,2.686,9.270
16:11:45  자이로:1.855,-0.374,-2.336
16:11:45  자력계:-39.450,86.250,2.250
16:11:45  IMU방향유효:0
16:11:45  IMU방향:0.0
16:11:45  방향가속도크기:9.70
16:11:45  방향자이로크기:3.01
16:11:45  방향자세cos:0.6921
16:11:45  자기모델잔차:999.00
16:11:45  자기모델반경:0.000
16:11:45  방향채택:0
16:11:45  방향거부:107683
16:11:45  송신:8681
16:11:45  GPS위성:8
16:11:45  GPS_HDOP:1.02
16:11:45  원시위도:37.496239
16:11:45  원시경도:126.955561
16:11:45  GPS채택:4483
16:11:45  GPS이상치거부:18
16:11:45  GPS품질거부:0
16:11:45  GPS재기준:1
16:11:45  RSSI원시:-77
16:11:45  RSSI평활:-76.3
16:11:45  RSSI샘플:16247
16:11:45  RSSI경과ms:84
16:11:45  차량수신:8037
16:11:46  시각ms:905026
16:11:46  IMU시각ms:905014
16:11:46  위험:0
16:11:46  GPS유효:1
16:11:46  위도:37.496239
16:11:46  경도:126.955559
16:11:46  속도:0.018
16:11:46  방향:0.0
16:11:46  GPS원시속도:0.021
16:11:46  GPS원시방향유효:1
16:11:46  GPS원시방향:131.5
16:11:46  가속도:-0.939,2.581,9.242
16:11:46  자이로:-2.588,-2.374,-1.718
16:11:46  자력계:-39.150,86.550,0.900
16:11:46  IMU방향유효:0
16:11:46  IMU방향:0.0
16:11:46  방향가속도크기:9.64
16:11:46  방향자이로크기:3.91
16:11:46  방향자세cos:0.6877
16:11:46  자기모델잔차:999.00
16:11:46  자기모델반경:0.000
16:11:46  방향채택:0
16:11:46  방향거부:107696
16:11:46  송신:8682
16:11:46  GPS위성:8
16:11:46  GPS_HDOP:1.02
16:11:46  원시위도:37.496238
16:11:46  원시경도:126.955561
16:11:46  GPS채택:4484
16:11:46  GPS이상치거부:18
16:11:46  GPS품질거부:0
16:11:46  GPS재기준:1
16:11:46  RSSI원시:-78
16:11:46  RSSI평활:-76.9
16:11:46  RSSI샘플:16249
16:11:46  RSSI경과ms:84
16:11:46  차량수신:8038
16:11:46  시각ms:905235
16:11:46  IMU시각ms:905223
16:11:46  위험:0
16:11:46  GPS유효:1
16:11:46  위도:37.496239
16:11:46  경도:126.955559
16:11:46  속도:0.017
16:11:46  방향:0.0
16:11:46  GPS원시속도:0.015
16:11:46  GPS원시방향유효:1
16:11:46  GPS원시방향:131.5
16:11:46  가속도:-0.939,2.753,9.246
16:11:46  자이로:-1.053,-4.588,0.565
16:11:46  자력계:-39.300,86.850,0.000
16:11:46  IMU방향유효:0
16:11:46  IMU방향:0.0
16:11:46  방향가속도크기:9.69
16:11:46  방향자이로크기:4.74
16:11:46  방향자세cos:0.6934
16:11:46  자기모델잔차:999.00
16:11:46  자기모델반경:0.000
16:11:46  방향채택:0
16:11:46  방향거부:107722
16:11:46  송신:8684
16:11:46  GPS위성:8
16:11:46  GPS_HDOP:1.02
16:11:46  원시위도:37.496238
16:11:46  원시경도:126.955561
16:11:46  GPS채택:4485
16:11:46  GPS이상치거부:18
16:11:46  GPS품질거부:0
16:11:46  GPS재기준:1
16:11:46  RSSI원시:-82
16:11:46  RSSI평활:-77.7
16:11:46  RSSI샘플:16252
16:11:46  RSSI경과ms:4
16:11:46  차량수신:8040
16:11:46  시각ms:905443
16:11:46  IMU시각ms:905431
16:11:46  위험:0
16:11:46  GPS유효:1
16:11:46  위도:37.496239
16:11:46  경도:126.955559
16:11:46  속도:0.015
16:11:46  방향:0.0
16:11:46  GPS원시속도:0.010
16:11:46  GPS원시방향유효:1
16:11:46  GPS원시방향:131.5
16:11:46  가속도:-0.939,2.629,9.361
16:11:46  자이로:-0.321,-2.832,0.229
16:11:46  자력계:-38.700,86.250,-0.900
16:11:46  IMU방향유효:0
16:11:46  IMU방향:0.0
16:11:46  방향가속도크기:9.77
16:11:46  방향자이로크기:2.86
16:11:46  방향자세cos:0.6890
16:11:46  자기모델잔차:999.00
16:11:46  자기모델반경:0.000
16:11:46  방향채택:0
16:11:46  방향거부:107747
16:11:46  송신:8686
16:11:46  GPS위성:8
16:11:46  GPS_HDOP:1.02
16:11:46  원시위도:37.496237
16:11:46  원시경도:126.955562
16:11:46  GPS채택:4486
16:11:46  GPS이상치거부:18
16:11:46  GPS품질거부:0
16:11:46  GPS재기준:1
16:11:46  RSSI원시:-82
16:11:46  RSSI평활:-79.8
16:11:46  RSSI샘플:16255
16:11:46  RSSI경과ms:87
16:11:46  차량수신:8042
16:11:46  시각ms:905548
16:11:46  IMU시각ms:905536
16:11:46  위험:0
16:11:46  GPS유효:1
16:11:46  위도:37.496239
16:11:46  경도:126.955559
16:11:46  속도:0.015
16:11:46  방향:0.0
16:11:46  GPS원시속도:0.010
16:11:46  GPS원시방향유효:1
16:11:46  GPS원시방향:131.5
16:11:46  가속도:-1.001,2.476,9.352
16:11:46  자이로:0.443,1.214,0.603
16:11:46  자력계:-39.000,84.900,0.000
16:11:46  IMU방향유효:0
16:11:46  IMU방향:0.0
16:11:46  방향가속도크기:9.73
16:11:46  방향자이로크기:1.43
16:11:46  방향자세cos:0.6797
16:11:46  자기모델잔차:999.00
16:11:46  자기모델반경:0.000
16:11:46  방향채택:0
16:11:46  방향거부:107760
16:11:46  송신:8687
16:11:46  GPS위성:8
16:11:46  GPS_HDOP:1.02
16:11:46  원시위도:37.496237
16:11:46  원시경도:126.955562
16:11:46  GPS채택:4486
16:11:46  GPS이상치거부:18
16:11:46  GPS품질거부:0
16:11:46  GPS재기준:1
16:11:46  RSSI원시:-72
16:11:46  RSSI평활:-77.7
16:11:46  RSSI샘플:16257
16:11:46  RSSI경과ms:0
16:11:46  차량수신:8043
16:11:46  시각ms:905653
16:11:46  IMU시각ms:905641
16:11:46  위험:0
16:11:46  GPS유효:1
16:11:46  위도:37.496239
16:11:46  경도:126.955559
16:11:46  속도:0.010
16:11:46  방향:0.0
16:11:46  GPS원시속도:0.000
16:11:46  GPS원시방향유효:1
16:11:46  GPS원시방향:131.5
16:11:46  가속도:-0.943,2.744,9.304
16:11:46  자이로:-2.427,-1.870,-0.046
16:11:46  자력계:-39.900,86.250,0.450
16:11:46  IMU방향유효:0
16:11:46  IMU방향:0.0
16:11:46  방향가속도크기:9.75
16:11:46  방향자이로크기:3.06
16:11:46  방향자세cos:0.6926
16:11:46  자기모델잔차:999.00
16:11:46  자기모델반경:0.000
16:11:46  방향채택:0
16:11:46  방향거부:107773
16:11:46  송신:8688
16:11:46  GPS위성:8
16:11:46  GPS_HDOP:1.02
16:11:46  원시위도:37.496237
16:11:46  원시경도:126.955562
16:11:46  GPS채택:4487
16:11:46  GPS이상치거부:18
16:11:46  GPS품질거부:0
16:11:46  GPS재기준:1
16:11:46  RSSI원시:-76
16:11:46  RSSI평활:-76.4
16:11:46  RSSI샘플:16259
16:11:46  RSSI경과ms:3
16:11:46  차량수신:8044
16:11:46  시각ms:905758
16:11:46  IMU시각ms:905746
16:11:46  위험:0
16:11:46  GPS유효:1
16:11:46  위도:37.496239
16:11:46  경도:126.955559
16:11:46  속도:0.010
16:11:46  방향:0.0
16:11:46  GPS원시속도:0.000
16:11:46  GPS원시방향유효:1
16:11:46  GPS원시방향:131.5
16:11:46  가속도:-0.934,2.686,9.294
16:11:46  자이로:-0.595,0.702,-0.260
16:11:46  자력계:-37.950,85.800,0.150
16:11:46  IMU방향유효:0
16:11:46  IMU방향:0.0
16:11:46  방향가속도크기:9.72
16:11:46  방향자이로크기:0.96
16:11:46  방향자세cos:0.6914
16:11:46  자기모델잔차:999.00
16:11:46  자기모델반경:0.000
16:11:46  방향채택:0
16:11:46  방향거부:107786
16:11:46  송신:8689
16:11:46  GPS위성:8
16:11:46  GPS_HDOP:1.02
16:11:46  원시위도:37.496237
16:11:46  원시경도:126.955562
16:11:46  GPS채택:4487
16:11:46  GPS이상치거부:18
16:11:46  GPS품질거부:0
16:11:46  GPS재기준:1
16:11:46  RSSI원시:-78
16:11:46  RSSI평활:-76.7
16:11:46  RSSI샘플:16260
16:11:46  RSSI경과ms:89
16:11:46  차량수신:8045
16:11:46  시각ms:905863
16:11:46  IMU시각ms:905851
16:11:46  위험:0
16:11:46  GPS유효:1
16:11:46  위도:37.496239
16:11:46  경도:126.955559
16:11:46  속도:0.013
16:11:46  방향:0.0
16:11:46  GPS원시속도:0.021
16:11:46  GPS원시방향유효:1
16:11:46  GPS원시방향:131.5
16:11:46  가속도:-1.015,2.567,9.280
16:11:46  자이로:0.046,-3.519,1.069
16:11:46  자력계:-38.700,87.000,0.900
16:11:46  IMU방향유효:0
16:11:46  IMU방향:0.0
16:11:46  방향가속도크기:9.68
16:11:46  방향자이로크기:3.68
16:11:46  방향자세cos:0.6820
16:11:46  자기모델잔차:999.00
16:11:46  자기모델반경:0.000
16:11:46  방향채택:0
16:11:46  방향거부:107799
16:11:46  송신:8690
16:11:46  GPS위성:8
16:11:46  GPS_HDOP:1.02
16:11:46  원시위도:37.496237
16:11:46  원시경도:126.955562
16:11:46  GPS채택:4488
16:11:46  GPS이상치거부:18
16:11:46  GPS품질거부:0
16:11:46  GPS재기준:1
16:11:46  RSSI원시:-83
16:11:46  RSSI평활:-78.7
16:11:46  RSSI샘플:16262
16:11:46  RSSI경과ms:88
16:11:46  차량수신:8046
16:11:46  시각ms:905968
16:11:46  IMU시각ms:905956
16:11:46  위험:0
16:11:46  GPS유효:1
16:11:46  위도:37.496239
16:11:46  경도:126.955559
16:11:46  속도:0.013
16:11:46  방향:0.0
16:11:46  GPS원시속도:0.021
16:11:46  GPS원시방향유효:1
16:11:46  GPS원시방향:131.5
16:11:46  가속도:-1.149,2.619,9.400
16:11:46  자이로:0.336,-1.557,-0.466
16:11:46  자력계:-38.700,84.750,0.900
16:11:46  IMU방향유효:0
16:11:46  IMU방향:0.0
16:11:46  방향가속도크기:9.83
16:11:46  방향자이로크기:1.66
16:11:46  방향자세cos:0.6745
16:11:46  자기모델잔차:999.00
16:11:46  자기모델반경:0.000
16:11:46  방향채택:0
16:11:46  방향거부:107812
16:11:46  송신:8691
16:11:46  GPS위성:8
16:11:46  GPS_HDOP:1.02
16:11:46  원시위도:37.496237
16:11:46  원시경도:126.955562
16:11:46  GPS채택:4488
16:11:46  GPS이상치거부:18
16:11:46  GPS품질거부:0
16:11:46  GPS재기준:1
16:11:46  RSSI원시:-80
16:11:46  RSSI평활:-79.0
16:11:46  RSSI샘플:16264
16:11:46  RSSI경과ms:6
16:11:46  차량수신:8047
16:11:47  시각ms:906073
16:11:47  IMU시각ms:906061
16:11:47  위험:0
16:11:47  GPS유효:1
16:11:47  위도:37.496235
16:11:47  경도:126.955559
16:11:47  속도:0.016
16:11:47  방향:0.0
16:11:47  GPS원시속도:0.021
16:11:47  GPS원시방향유효:1
16:11:47  GPS원시방향:131.5
16:11:47  가속도:-0.939,2.662,9.313
16:11:47  자이로:-0.481,0.534,-0.252
16:11:47  자력계:-38.700,86.250,1.500
16:11:47  IMU방향유효:0
16:11:47  IMU방향:0.0
16:11:47  방향가속도크기:9.73
16:11:47  방향자이로크기:0.76
16:11:47  방향자세cos:0.6902
16:11:47  자기모델잔차:999.00
16:11:47  자기모델반경:0.000
16:11:47  방향채택:0
16:11:47  방향거부:107825
16:11:47  송신:8692
16:11:47  GPS위성:8
16:11:47  GPS_HDOP:1.02
16:11:47  원시위도:37.496236
16:11:47  원시경도:126.955562
16:11:47  GPS채택:4489
16:11:47  GPS이상치거부:18
16:11:47  GPS품질거부:0
16:11:47  GPS재기준:1
16:11:47  RSSI원시:-81
16:11:47  RSSI평활:-79.4
16:11:47  RSSI샘플:16265
16:11:47  RSSI경과ms:92
16:11:47  차량수신:8048
16:11:47  시각ms:906177
16:11:47  IMU시각ms:906165
16:11:47  위험:0
16:11:47  GPS유효:1
16:11:47  위도:37.496235
16:11:47  경도:126.955559
16:11:47  속도:0.016
16:11:47  방향:0.0
16:11:47  GPS원시속도:0.021
16:11:47  GPS원시방향유효:1
16:11:47  GPS원시방향:131.5
16:11:47  가속도:-1.001,2.672,9.208
16:11:47  자이로:-1.435,-0.641,-1.924
16:11:47  자력계:-39.750,86.850,0.300
16:11:47  IMU방향유효:0
16:11:47  IMU방향:0.0
16:11:47  방향가속도크기:9.64
16:11:47  방향자이로크기:2.48
16:11:47  방향자세cos:0.6866
16:11:47  자기모델잔차:999.00
16:11:47  자기모델반경:0.000
16:11:47  방향채택:0
16:11:47  방향거부:107838
16:11:47  송신:8693
16:11:47  GPS위성:8
16:11:47  GPS_HDOP:1.02
16:11:47  원시위도:37.496236
16:11:47  원시경도:126.955562
16:11:47  GPS채택:4489
16:11:47  GPS이상치거부:18
16:11:47  GPS품질거부:0
16:11:47  GPS재기준:1
16:11:47  RSSI원시:-83
16:11:47  RSSI평활:-80.5
16:11:47  RSSI샘플:16267
16:11:47  RSSI경과ms:4
16:11:47  차량수신:8049
16:11:47  시각ms:906281
16:11:47  IMU시각ms:906269
16:11:47  위험:0
16:11:47  GPS유효:1
16:11:47  위도:37.496235
16:11:47  경도:126.955559
16:11:47  속도:0.010
16:11:47  방향:0.0
16:11:47  GPS원시속도:0.000
16:11:47  GPS원시방향유효:1
16:11:47  GPS원시방향:131.5
16:11:47  가속도:-0.953,2.705,9.290
16:11:47  자이로:-0.290,-2.183,-0.718
16:11:47  자력계:-39.150,86.250,0.900
16:11:47  IMU방향유효:0
16:11:47  IMU방향:0.0
16:11:47  방향가속도크기:9.72
16:11:47  방향자이로크기:2.32
16:11:47  방향자세cos:0.6907
16:11:47  자기모델잔차:999.00
16:11:47  자기모델반경:0.000
16:11:47  방향채택:0
16:11:47  방향거부:107850
16:11:47  송신:8694
16:11:47  GPS위성:8
16:11:47  GPS_HDOP:1.02
16:11:47  원시위도:37.496235
16:11:47  원시경도:126.955563
16:11:47  GPS채택:4490
16:11:47  GPS이상치거부:18
16:11:47  GPS품질거부:0
16:11:47  GPS재기준:1
16:11:47  RSSI원시:-78
16:11:47  RSSI평활:-81.1
16:11:47  RSSI샘플:16269
16:11:47  RSSI경과ms:4
16:11:47  차량수신:8050
16:11:47  시각ms:906487
16:11:47  IMU시각ms:906475
16:11:47  위험:0
16:11:47  GPS유효:1
16:11:47  위도:37.496235
16:11:47  경도:126.955566
16:11:47  속도:0.014
16:11:47  방향:0.0
16:11:47  GPS원시속도:0.021
16:11:47  GPS원시방향유효:1
16:11:47  GPS원시방향:131.5
16:11:47  가속도:-0.986,2.686,9.290
16:11:47  자이로:-0.656,-1.863,1.962
16:11:47  자력계:-39.450,85.800,-0.150
16:11:47  IMU방향유효:0
16:11:47  IMU방향:0.0
16:11:47  방향가속도크기:9.72
16:11:47  방향자이로크기:2.78
16:11:47  방향자세cos:0.6879
16:11:47  자기모델잔차:999.00
16:11:47  자기모델반경:0.000
16:11:47  방향채택:0
16:11:47  방향거부:107874
16:11:47  송신:8696
16:11:47  GPS위성:8
16:11:47  GPS_HDOP:1.02
16:11:47  원시위도:37.496235
16:11:47  원시경도:126.955563
16:11:47  GPS채택:4491
16:11:47  GPS이상치거부:18
16:11:47  GPS품질거부:0
16:11:47  GPS재기준:1
16:11:47  RSSI원시:-83
16:11:47  RSSI평활:-81.7
16:11:47  RSSI샘플:16273
16:11:47  RSSI경과ms:2
16:11:47  차량수신:8052
16:11:47  시각ms:906591
16:11:47  IMU시각ms:906579
16:11:47  위험:0
16:11:47  GPS유효:1
16:11:47  위도:37.496235
16:11:47  경도:126.955566
16:11:47  속도:0.014
16:11:47  방향:0.0
16:11:47  GPS원시속도:0.021
16:11:47  GPS원시방향유효:1
16:11:47  GPS원시방향:131.5
16:11:47  가속도:-0.962,2.658,9.318
16:11:47  자이로:-0.351,-0.687,-2.573
16:11:47  자력계:-38.700,87.000,1.200
16:11:47  IMU방향유효:0
16:11:47  IMU방향:0.0
16:11:47  방향가속도크기:9.74
16:11:47  방향자이로크기:2.69
16:11:47  방향자세cos:0.6885
16:11:47  자기모델잔차:999.00
16:11:47  자기모델반경:0.000
16:11:47  방향채택:0
16:11:47  방향거부:107887
16:11:47  송신:8697
16:11:47  GPS위성:8
16:11:47  GPS_HDOP:1.02
16:11:47  원시위도:37.496235
16:11:47  원시경도:126.955563
16:11:47  GPS채택:4491
16:11:47  GPS이상치거부:18
16:11:47  GPS품질거부:0
16:11:47  GPS재기준:1
16:11:47  RSSI원시:-78
16:11:47  RSSI평활:-80.5
16:11:47  RSSI샘플:16275
16:11:47  RSSI경과ms:2
16:11:47  차량수신:8053
16:11:47  시각ms:906696
16:11:47  IMU시각ms:906684
16:11:47  위험:0
16:11:47  GPS유효:1
16:11:47  위도:37.496235
16:11:47  경도:126.955566
16:11:47  속도:0.011
16:11:47  방향:0.0
16:11:47  GPS원시속도:0.005
16:11:47  GPS원시방향유효:1
16:11:47  GPS원시방향:131.5
16:11:47  가속도:-1.034,2.648,9.337
16:11:47  자이로:-0.947,-1.336,0.160
16:11:47  자력계:-38.700,87.750,-0.150
16:11:47  IMU방향유효:0
16:11:47  IMU방향:0.0
16:11:47  방향가속도크기:9.76
16:11:47  방향자이로크기:1.65
16:11:47  방향자세cos:0.6833
16:11:47  자기모델잔차:999.00
16:11:47  자기모델반경:0.000
16:11:47  방향채택:0
16:11:47  방향거부:107900
16:11:47  송신:8698
16:11:47  GPS위성:8
16:11:47  GPS_HDOP:1.02
16:11:47  원시위도:37.496234
16:11:47  원시경도:126.955563
16:11:47  GPS채택:4492
16:11:47  GPS이상치거부:18
16:11:47  GPS품질거부:0
16:11:47  GPS재기준:1
16:11:47  RSSI원시:-76
16:11:47  RSSI평활:-79.5
16:11:47  RSSI샘플:16277
16:11:47  RSSI경과ms:3
16:11:47  차량수신:8054
16:11:47  시각ms:906800
16:11:47  IMU시각ms:906788
16:11:47  위험:0
16:11:47  GPS유효:1
16:11:47  위도:37.496235
16:11:47  경도:126.955566
16:11:47  속도:0.011
16:11:47  방향:0.0
16:11:47  GPS원시속도:0.005
16:11:47  GPS원시방향유효:1
16:11:47  GPS원시방향:131.5
16:11:47  가속도:-0.871,2.701,9.328
16:11:47  자이로:-0.954,-0.641,0.702
16:11:47  자력계:-38.400,86.550,1.500
16:11:47  IMU방향유효:0
16:11:47  IMU방향:0.0
16:11:47  방향가속도크기:9.75
16:11:47  방향자이로크기:1.35
16:11:47  방향자세cos:0.6959
16:11:47  자기모델잔차:999.00
16:11:47  자기모델반경:0.000
16:11:47  방향채택:0
16:11:47  방향거부:107913
16:11:47  송신:8699
16:11:47  GPS위성:8
16:11:47  GPS_HDOP:1.02
16:11:47  원시위도:37.496234
16:11:47  원시경도:126.955563
16:11:47  GPS채택:4492
16:11:47  GPS이상치거부:18
16:11:47  GPS품질거부:0
16:11:47  GPS재기준:1
16:11:47  RSSI원시:-75
16:11:47  RSSI평활:-78.6
16:11:47  RSSI샘플:16278
16:11:47  RSSI경과ms:95
16:11:47  차량수신:8055
16:11:47  시각ms:906905
16:11:47  IMU시각ms:906893
16:11:47  위험:0
16:11:47  GPS유효:1
16:11:47  위도:37.496235
16:11:47  경도:126.955566
16:11:47  속도:0.012
16:11:47  방향:0.0
16:11:47  GPS원시속도:0.015
16:11:47  GPS원시방향유효:1
16:11:47  GPS원시방향:131.5
16:11:47  가속도:-0.915,2.591,9.309
16:11:47  자이로:-0.229,-2.046,-0.076
16:11:47  자력계:-39.900,86.550,1.950
16:11:47  IMU방향유효:0
16:11:47  IMU방향:0.0
16:11:47  방향가속도크기:9.71
16:11:47  방향자이로크기:2.06
16:11:47  방향자세cos:0.6895
16:11:47  자기모델잔차:999.00
16:11:47  자기모델반경:0.000
16:11:47  방향채택:0
16:11:47  방향거부:107926
16:11:47  송신:8700
16:11:47  GPS위성:8
16:11:47  GPS_HDOP:1.02
16:11:47  원시위도:37.496234
16:11:47  원시경도:126.955564
16:11:47  GPS채택:4493
16:11:47  GPS이상치거부:18
16:11:47  GPS품질거부:0
16:11:47  GPS재기준:1
16:11:47  RSSI원시:-75
16:11:47  RSSI평활:-77.0
16:11:47  RSSI샘플:16281
16:11:47  RSSI경과ms:6
16:11:47  차량수신:8056
16:11:48  시각ms:907009
16:11:48  IMU시각ms:906997
16:11:48  위험:0
16:11:48  GPS유효:1
16:11:48  위도:37.496235
16:11:48  경도:126.955566
16:11:48  속도:0.010
16:11:48  방향:0.0
16:11:48  GPS원시속도:0.005
16:11:48  GPS원시방향유효:1
16:11:48  GPS원시방향:131.5
16:11:48  가속도:-1.111,2.658,9.328
16:11:48  자이로:0.084,-0.122,2.344
16:11:48  자력계:-39.450,87.000,0.450
16:11:48  IMU방향유효:0
16:11:48  IMU방향:0.0
16:11:48  방향가속도크기:9.76
16:11:48  방향자이로크기:2.35
16:11:48  방향자세cos:0.6785
16:11:48  자기모델잔차:999.00
16:11:48  자기모델반경:0.000
16:11:48  방향채택:0
16:11:48  방향거부:107939
16:11:48  송신:8701
16:11:48  GPS위성:8
16:11:48  GPS_HDOP:1.02
16:11:48  원시위도:37.496233
16:11:48  원시경도:126.955564
16:11:48  GPS채택:4494
16:11:48  GPS이상치거부:18
16:11:48  GPS품질거부:0
16:11:48  GPS재기준:1
16:11:48  RSSI원시:-77
16:11:48  RSSI평활:-77.5
16:11:48  RSSI샘플:16283
16:11:48  RSSI경과ms:4
16:11:48  차량수신:8057
16:11:48  시각ms:907114
16:11:48  IMU시각ms:907102
16:11:48  위험:0
16:11:48  GPS유효:1
16:11:48  위도:37.496235
16:11:48  경도:126.955566
16:11:48  속도:0.010
16:11:48  방향:0.0
16:11:48  GPS원시속도:0.005
16:11:48  GPS원시방향유효:1
16:11:48  GPS원시방향:131.5
16:11:48  가속도:-0.972,2.653,9.285
16:11:48  자이로:0.481,0.053,1.840
16:11:48  자력계:-38.250,87.150,-0.300
16:11:48  IMU방향유효:0
16:11:48  IMU방향:0.0
16:11:48  방향가속도크기:9.71
16:11:48  방향자이로크기:1.90
16:11:48  방향자세cos:0.6877
16:11:48  자기모델잔차:999.00
16:11:48  자기모델반경:0.000
16:11:48  방향채택:0
16:11:48  방향거부:107952
16:11:48  송신:8702
16:11:48  GPS위성:8
16:11:48  GPS_HDOP:1.02
16:11:48  원시위도:37.496233
16:11:48  원시경도:126.955564
16:11:48  GPS채택:4494
16:11:48  GPS이상치거부:18
16:11:48  GPS품질거부:0
16:11:48  GPS재기준:1
16:11:48  RSSI원시:-78
16:11:48  RSSI평활:-77.4
16:11:48  RSSI샘플:16285
16:11:48  RSSI경과ms:3
16:11:48  차량수신:8058
16:11:48  시각ms:907218
16:11:48  IMU시각ms:907206
16:11:48  위험:0
16:11:48  GPS유효:1
16:11:48  위도:37.496235
16:11:48  경도:126.955566
16:11:48  속도:0.010
16:11:48  방향:0.0
16:11:48  GPS원시속도:0.010
16:11:48  GPS원시방향유효:1
16:11:48  GPS원시방향:131.5
16:11:48  가속도:-0.967,2.629,9.380
16:11:48  자이로:1.153,0.817,0.450
16:11:48  자력계:-40.650,85.800,1.200
16:11:48  IMU방향유효:0
16:11:48  IMU방향:0.0
16:11:48  방향가속도크기:9.79
16:11:48  방향자이로크기:1.48
16:11:48  방향자세cos:0.6870
16:11:48  자기모델잔차:999.00
16:11:48  자기모델반경:0.000
16:11:48  방향채택:0
16:11:48  방향거부:107965
16:11:48  송신:8703
16:11:48  GPS위성:8
16:11:48  GPS_HDOP:1.06
16:11:48  원시위도:37.496233
16:11:48  원시경도:126.955565
16:11:48  GPS채택:4495
16:11:48  GPS이상치거부:18
16:11:48  GPS품질거부:0
16:11:48  GPS재기준:1
16:11:48  RSSI원시:-72
16:11:48  RSSI평활:-77.5
16:11:48  RSSI샘플:16287
16:11:48  RSSI경과ms:3
16:11:48  차량수신:8059
16:11:48  시각ms:907323
16:11:48  IMU시각ms:907311
16:11:48  위험:0
16:11:48  GPS유효:1
16:11:48  위도:37.496235
16:11:48  경도:126.955566
16:11:48  속도:0.010
16:11:48  방향:0.0
16:11:48  GPS원시속도:0.010
16:11:48  GPS원시방향유효:1
16:11:48  GPS원시방향:131.5
16:11:48  가속도:-0.967,2.643,9.256
16:11:48  자이로:-0.229,-1.954,1.244
16:11:48  자력계:-37.950,85.500,-0.150
16:11:48  IMU방향유효:0
16:11:48  IMU방향:0.0
16:11:48  방향가속도크기:9.67
16:11:48  방향자이로크기:2.33
16:11:48  방향자세cos:0.6878
16:11:48  자기모델잔차:999.00
16:11:48  자기모델반경:0.000
16:11:48  방향채택:0
16:11:48  방향거부:107978
16:11:48  송신:8704
16:11:48  GPS위성:8
16:11:48  GPS_HDOP:1.06
16:11:48  원시위도:37.496233
16:11:48  원시경도:126.955565
16:11:48  GPS채택:4495
16:11:48  GPS이상치거부:18
16:11:48  GPS품질거부:0
16:11:48  GPS재기준:1
16:11:48  RSSI원시:-73
16:11:48  RSSI평활:-76.2
16:11:48  RSSI샘플:16289
16:11:48  RSSI경과ms:2
16:11:48  차량수신:8060
16:11:48  시각ms:907427
16:11:48  IMU시각ms:907415
16:11:48  위험:0
16:11:48  GPS유효:1
16:11:48  위도:37.496231
16:11:48  경도:126.955566
16:11:48  속도:0.010
16:11:48  방향:0.0
16:11:48  GPS원시속도:0.010
16:11:48  GPS원시방향유효:1
16:11:48  GPS원시방향:131.5
16:11:48  가속도:-0.958,2.591,9.376
16:11:48  자이로:-1.031,-1.832,-1.282
16:11:48  자력계:-38.400,86.550,1.500
16:11:48  IMU방향유효:0
16:11:48  IMU방향:0.0
16:11:48  방향가속도크기:9.77
16:11:48  방향자이로크기:2.46
16:11:48  방향자세cos:0.6864
16:11:48  자기모델잔차:999.00
16:11:48  자기모델반경:0.000
16:11:48  방향채택:0
16:11:48  방향거부:107991
16:11:48  송신:8705
16:11:48  GPS위성:8
16:11:48  GPS_HDOP:1.06
16:11:48  원시위도:37.496232
16:11:48  원시경도:126.955565
16:11:48  GPS채택:4496
16:11:48  GPS이상치거부:18
16:11:48  GPS품질거부:0
16:11:48  GPS재기준:1
16:11:48  RSSI원시:-74
16:11:48  RSSI평활:-75.1
16:11:48  RSSI샘플:16291
16:11:48  RSSI경과ms:6
16:11:48  차량수신:8061
16:11:48  시각ms:907532
16:11:48  IMU시각ms:907520
16:11:48  위험:0
16:11:48  GPS유효:1
16:11:48  위도:37.496231
16:11:48  경도:126.955566
16:11:48  속도:0.010
16:11:48  방향:0.0
16:11:48  GPS원시속도:0.010
16:11:48  GPS원시방향유효:1
16:11:48  GPS원시방향:131.5
16:11:48  가속도:-1.063,2.715,9.328
16:11:48  자이로:-0.160,-0.031,0.267
16:11:48  자력계:-39.450,88.500,1.200
16:11:48  IMU방향유효:0
16:11:48  IMU방향:0.0
16:11:48  방향가속도크기:9.77
16:11:48  방향자이로크기:0.31
16:11:48  방향자세cos:0.6836
16:11:48  자기모델잔차:999.00
16:11:48  자기모델반경:0.000
16:11:48  방향채택:0
16:11:48  방향거부:108004
16:11:48  송신:8706
16:11:48  GPS위성:8
16:11:48  GPS_HDOP:1.06
16:11:48  원시위도:37.496232
16:11:48  원시경도:126.955565
16:11:48  GPS채택:4496
16:11:48  GPS이상치거부:18
16:11:48  GPS품질거부:0
16:11:48  GPS재기준:1
16:11:48  RSSI원시:-79
16:11:48  RSSI평활:-75.4
16:11:48  RSSI샘플:16293
16:11:48  RSSI경과ms:1
16:11:48  차량수신:8062
16:11:48  시각ms:907636
16:11:48  IMU시각ms:907624
16:11:48  위험:0
16:11:48  GPS유효:1
16:11:48  위도:37.496231
16:11:48  경도:126.955566
16:11:48  속도:0.021
16:11:48  방향:0.0
16:11:48  GPS원시속도:0.041
16:11:48  GPS원시방향유효:1
16:11:48  GPS원시방향:131.5
16:11:48  가속도:-1.044,2.816,9.380
16:11:48  자이로:0.794,3.122,-1.053
16:11:48  자력계:-38.400,88.200,0.150
16:11:48  IMU방향유효:0
16:11:48  IMU방향:0.0
16:11:48  방향가속도크기:9.85
16:11:48  방향자이로크기:3.39
16:11:48  방향자세cos:0.6880
16:11:48  자기모델잔차:999.00
16:11:48  자기모델반경:0.000
16:11:48  방향채택:0
16:11:48  방향거부:108017
16:11:48  송신:8707
16:11:48  GPS위성:8
16:11:48  GPS_HDOP:1.06
16:11:48  원시위도:37.496231
16:11:48  원시경도:126.955566
16:11:48  GPS채택:4497
16:11:48  GPS이상치거부:18
16:11:48  GPS품질거부:0
16:11:48  GPS재기준:1
16:11:48  RSSI원시:-73
16:11:48  RSSI평활:-76.6
16:11:48  RSSI샘플:16295
16:11:48  RSSI경과ms:2
16:11:48  차량수신:8063
16:11:48  시각ms:907741
16:11:48  IMU시각ms:907729
16:11:48  위험:0
16:11:48  GPS유효:1
16:11:48  위도:37.496231
16:11:48  경도:126.955566
16:11:48  속도:0.021
16:11:48  방향:0.0
16:11:48  GPS원시속도:0.041
16:11:48  GPS원시방향유효:1
16:11:48  GPS원시방향:131.5
16:11:48  가속도:-0.867,2.720,9.313
16:11:48  자이로:-2.229,-0.802,0.405
16:11:48  자력계:-40.200,87.300,0.150
16:11:48  IMU방향유효:0
16:11:48  IMU방향:0.0
16:11:48  방향가속도크기:9.74
16:11:48  방향자이로크기:2.40
16:11:48  방향자세cos:0.6969
16:11:48  자기모델잔차:999.00
16:11:48  자기모델반경:0.000
16:11:48  방향채택:0
16:11:48  방향거부:108030
16:11:48  송신:8708
16:11:48  GPS위성:8
16:11:48  GPS_HDOP:1.06
16:11:48  원시위도:37.496231
16:11:48  원시경도:126.955566
16:11:48  GPS채택:4497
16:11:48  GPS이상치거부:18
16:11:48  GPS품질거부:0
16:11:48  GPS재기준:1
16:11:48  RSSI원시:-69
16:11:48  RSSI평활:-75.1
16:11:48  RSSI샘플:16297
16:11:48  RSSI경과ms:1
16:11:48  차량수신:8064
16:11:48  시각ms:907846
16:11:48  IMU시각ms:907834
16:11:48  위험:0
16:11:48  GPS유효:1
16:11:48  위도:37.496231
16:11:48  경도:126.955566
16:11:48  속도:0.024
16:11:48  방향:0.0
16:11:48  GPS원시속도:0.031
16:11:48  GPS원시방향유효:1
16:11:48  GPS원시방향:131.5
16:11:48  가속도:-0.929,2.777,9.380
16:11:48  자이로:-2.137,-0.260,-1.557
16:11:48  자력계:-40.500,85.200,1.350
16:11:48  IMU방향유효:0
16:11:48  IMU방향:0.0
16:11:48  방향가속도크기:9.83
16:11:48  방향자이로크기:2.66
16:11:48  방향자세cos:0.6944
16:11:48  자기모델잔차:999.00
16:11:48  자기모델반경:0.000
16:11:48  방향채택:0
16:11:48  방향거부:108043
16:11:48  송신:8709
16:11:48  GPS위성:8
16:11:48  GPS_HDOP:1.06
16:11:48  원시위도:37.496231
16:11:48  원시경도:126.955567
16:11:48  GPS채택:4498
16:11:48  GPS이상치거부:18
16:11:48  GPS품질거부:0
16:11:48  GPS재기준:1
16:11:48  RSSI원시:-71
16:11:48  RSSI평활:-73.5
16:11:48  RSSI샘플:16299
16:11:48  RSSI경과ms:6
16:11:48  차량수신:8065
16:11:48  시각ms:907949
16:11:48  IMU시각ms:907937
16:11:48  위험:1
16:11:48  GPS유효:1
16:11:48  위도:37.496231
16:11:48  경도:126.955566
16:11:48  속도:0.024
16:11:48  방향:0.0
16:11:48  GPS원시속도:0.031
16:11:48  GPS원시방향유효:1
16:11:48  GPS원시방향:131.5
16:11:48  가속도:-0.728,2.547,9.347
16:11:48  자이로:0.191,-3.336,2.412
16:11:48  자력계:-39.450,86.250,1.500
16:11:48  IMU방향유효:0
16:11:48  IMU방향:0.0
16:11:48  방향가속도크기:9.72
16:11:48  방향자이로크기:4.12
16:11:48  방향자세cos:0.7002
16:11:48  자기모델잔차:999.00
16:11:48  자기모델반경:0.000
16:11:48  방향채택:0
16:11:48  방향거부:108055
16:11:48  송신:8710
16:11:48  GPS위성:8
16:11:48  GPS_HDOP:1.06
16:11:48  원시위도:37.496231
16:11:48  원시경도:126.955567
16:11:48  GPS채택:4498
16:11:48  GPS이상치거부:18
16:11:48  GPS품질거부:0
16:11:48  GPS재기준:1
16:11:48  RSSI원시:-71
16:11:48  RSSI평활:-72.4
16:11:48  RSSI샘플:16301
16:11:48  RSSI경과ms:7
16:11:48  차량수신:8066
16:11:49  시각ms:908054
16:11:49  IMU시각ms:908042
16:11:49  위험:1
16:11:49  GPS유효:1
16:11:49  위도:37.496231
16:11:49  경도:126.955566
16:11:49  속도:0.021
16:11:49  방향:0.0
16:11:49  GPS원시속도:0.015
16:11:49  GPS원시방향유효:1
16:11:49  GPS원시방향:131.5
16:11:49  가속도:-0.493,-1.168,-4.338
16:11:49  자이로:21.916,-13.962,-4.168
16:11:49  자력계:-38.550,86.850,2.100
16:11:49  IMU방향유효:0
16:11:49  IMU방향:0.0
16:11:49  방향가속도크기:4.52
16:11:49  방향자이로크기:26.32
16:11:49  방향자세cos:0.7587
16:11:49  자기모델잔차:999.00
16:11:49  자기모델반경:0.000
16:11:49  방향채택:0
16:11:49  방향거부:108068
16:11:49  송신:8711
16:11:49  GPS위성:8
16:11:49  GPS_HDOP:1.06
16:11:49  원시위도:37.496230
16:11:49  원시경도:126.955567
16:11:49  GPS채택:4499
16:11:49  GPS이상치거부:18
16:11:49  GPS품질거부:0
16:11:49  GPS재기준:1
16:11:49  RSSI원시:-77
16:11:49  RSSI평활:-73.1
16:11:49  RSSI샘플:16303
16:11:49  RSSI경과ms:7
16:11:49  차량수신:8067
16:11:49  시각ms:908159
16:11:49  IMU시각ms:908147
16:11:49  위험:1
16:11:49  GPS유효:1
16:11:49  위도:37.496231
16:11:49  경도:126.955566
16:11:49  속도:0.021
16:11:49  방향:0.0
16:11:49  GPS원시속도:0.015
16:11:49  GPS원시방향유효:1
16:11:49  GPS원시방향:131.5
16:11:49  가속도:-1.140,-0.072,8.121
16:11:49  자이로:-5.817,-9.405,-1.924
16:11:49  자력계:-40.500,87.600,0.300
16:11:49  IMU방향유효:0
16:11:49  IMU방향:0.0
16:11:49  방향가속도크기:8.20
16:11:49  방향자이로크기:11.22
16:11:49  방향자세cos:0.5430
16:11:49  자기모델잔차:999.00
16:11:49  자기모델반경:0.000
16:11:49  방향채택:0
16:11:49  방향거부:108081
16:11:49  송신:8712
16:11:49  GPS위성:8
16:11:49  GPS_HDOP:1.06
16:11:49  원시위도:37.496230
16:11:49  원시경도:126.955567
16:11:49  GPS채택:4499
16:11:49  GPS이상치거부:18
16:11:49  GPS품질거부:0
16:11:49  GPS재기준:1
16:11:49  RSSI원시:-73
16:11:49  RSSI평활:-73.1
16:11:49  RSSI샘플:16304
16:11:49  RSSI경과ms:93
16:11:49  차량수신:8068
16:11:49  시각ms:908369
16:11:49  IMU시각ms:908357
16:11:49  위험:1
16:11:49  GPS유효:1
16:11:49  위도:37.496231
16:11:49  경도:126.955566
16:11:49  속도:0.017
16:11:49  방향:0.0
16:11:49  GPS원시속도:0.010
16:11:49  GPS원시방향유효:1
16:11:49  GPS원시방향:131.5
16:11:49  가속도:-1.551,4.611,5.976
16:11:49  자이로:-7.046,4.473,4.023
16:11:49  자력계:-39.150,87.000,0.150
16:11:49  IMU방향유효:0
16:11:49  IMU방향:0.0
16:11:49  방향가속도크기:7.71
16:11:49  방향자이로크기:9.26
16:11:49  방향자세cos:0.6792
16:11:49  자기모델잔차:999.00
16:11:49  자기모델반경:0.000
16:11:49  방향채택:0
16:11:49  방향거부:108107
16:11:49  송신:8714
16:11:49  GPS위성:8
16:11:49  GPS_HDOP:1.06
16:11:49  원시위도:37.496229
16:11:49  원시경도:126.955568
16:11:49  GPS채택:4500
16:11:49  GPS이상치거부:18
16:11:49  GPS품질거부:0
16:11:49  GPS재기준:1
16:11:49  RSSI원시:-76
16:11:49  RSSI평활:-74.6
16:11:49  RSSI샘플:16308
16:11:49  RSSI경과ms:83
16:11:49  차량수신:8070
16:11:49  시각ms:908683
16:11:49  IMU시각ms:908671
16:11:49  위험:1
16:11:49  GPS유효:1
16:11:49  위도:37.496227
16:11:49  경도:126.955566
16:11:49  속도:0.017
16:11:49  방향:0.0
16:11:49  GPS원시속도:0.021
16:11:49  GPS원시방향유효:1
16:11:49  GPS원시방향:131.5
16:11:49  가속도:-0.986,2.528,9.055
16:11:49  자이로:-1.061,0.725,-2.053
16:11:49  자력계:-39.150,84.750,0.150
16:11:49  IMU방향유효:0
16:11:49  IMU방향:0.0
16:11:49  방향가속도크기:9.45
16:11:49  방향자이로크기:2.42
16:11:49  방향자세cos:0.6831
16:11:49  자기모델잔차:999.00
16:11:49  자기모델반경:0.000
16:11:49  방향채택:0
16:11:49  방향거부:108146
16:11:49  송신:8717
16:11:49  GPS위성:8
16:11:49  GPS_HDOP:1.06
16:11:49  원시위도:37.496228
16:11:49  원시경도:126.955569
16:11:49  GPS채택:4502
16:11:49  GPS이상치거부:18
16:11:49  GPS품질거부:0
16:11:49  GPS재기준:1
16:11:49  RSSI원시:-69
16:11:49  RSSI평활:-71.2
16:11:49  RSSI샘플:16314
16:11:49  RSSI경과ms:91
16:11:49  차량수신:8073
