16:11:38  시각ms:583227
16:11:38  IMU시각ms:583226
16:11:38  위험:0
16:11:38  원시위험:0
16:11:38  GPS유효:1
16:11:38  위도:37.496507
16:11:38  경도:126.954607
16:11:38  속도:0.02
16:11:38  방향:0.0
16:11:38  이동방향유효:0
16:11:38  GPS이동방향:55.6
16:11:38  차체방향유효:0
16:11:38  차체방향:79.6
16:11:38  후진판정:0
16:11:38  IMU요회전속도:0.00
16:11:38  방향가속도크기:9.73
16:11:38  방향자이로크기:3.44
16:11:38  방향자세cos:1.0000
16:11:38  자기모델잔차:23.78
16:11:38  자기모델반경:0.729
16:11:38  방향채택:7899
16:11:38  방향거부:65290
16:11:38  GPS원시속도:0.031
16:11:38  GPS원시방향유효:1
16:11:38  GPS원시방향:9.4
16:11:38  가속도:-0.42,0.47,9.71
16:11:38  자이로:-2.3,2.2,-1.2
16:11:38  자력계:22.650,-5.700,18.900
16:11:38  충격값:0.11
16:11:38  충격피크:0.15
16:11:38  마지막충격발생값:0.00
16:11:38  마지막충격발생ms:0
16:11:38  송신:5578
16:11:38  지팡이수신:5225
16:11:38  GPS위성:7
16:11:38  GPS_HDOP:1.06
16:11:38  원시위도:37.496508
16:11:38  원시경도:126.954605
16:11:38  GPS채택:170
16:11:38  GPS이상치거부:17
16:11:38  GPS품질거부:158
16:11:38  GPS재기준:0
16:11:38  계산거리:12.00
16:11:38  접근속도:0.00
16:11:38  TTC:999.00
16:11:38  방향오차:0.0
16:11:38  전방여부:0
16:11:38  위험음성횟수:0
16:11:38  충격음성횟수:0
16:11:38  마지막위험음성:0
16:11:38  RSSI원시:-80
16:11:38  RSSI평활:-80.3
16:11:38  RSSI샘플:5225
16:11:38  RSSI경과ms:164
16:11:38  RSSI구간:1
16:11:38  RSSI거리:12.00
16:11:38  상대보정:1
16:11:38  상대보정중:0
16:11:38  보정동쪽:-7.05
16:11:38  보정북쪽:10.80
16:11:38  위험송신:5225
16:11:38  시각ms:583438
16:11:38  IMU시각ms:583437
16:11:38  위험:0
16:11:38  원시위험:0
16:11:38  GPS유효:1
16:11:38  위도:37.496507
16:11:38  경도:126.954607
16:11:38  속도:0.02
16:11:38  방향:0.0
16:11:38  이동방향유효:0
16:11:38  GPS이동방향:55.6
16:11:38  차체방향유효:0
16:11:38  차체방향:79.6
16:11:38  후진판정:0
16:11:38  IMU요회전속도:0.00
16:11:38  방향가속도크기:9.77
16:11:38  방향자이로크기:1.41
16:11:38  방향자세cos:0.9999
16:11:38  자기모델잔차:25.19
16:11:38  자기모델반경:0.729
16:11:38  방향채택:7899
16:11:38  방향거부:65316
16:11:38  GPS원시속도:0.031
16:11:38  GPS원시방향유효:1
16:11:38  GPS원시방향:9.4
16:11:38  가속도:-0.31,0.55,9.75
16:11:38  자이로:-1.0,0.0,-1.0
16:11:38  자력계:23.850,-6.450,20.400
16:11:38  충격값:0.04
16:11:38  충격피크:0.18
16:11:38  마지막충격발생값:0.00
16:11:38  마지막충격발생ms:0
16:11:38  송신:5580
16:11:38  지팡이수신:5227
16:11:38  GPS위성:7
16:11:38  GPS_HDOP:1.06
16:11:38  원시위도:37.496508
16:11:38  원시경도:126.954605
16:11:38  GPS채택:170
16:11:38  GPS이상치거부:17
16:11:38  GPS품질거부:158
16:11:38  GPS재기준:0
16:11:38  계산거리:12.00
16:11:38  접근속도:0.00
16:11:38  TTC:999.00
16:11:38  방향오차:0.0
16:11:38  전방여부:0
16:11:38  위험음성횟수:0
16:11:38  충격음성횟수:0
16:11:38  마지막위험음성:0
16:11:38  RSSI원시:-82
16:11:38  RSSI평활:-80.9
16:11:38  RSSI샘플:5227
16:11:38  RSSI경과ms:68
16:11:38  RSSI구간:1
16:11:38  RSSI거리:12.00
16:11:38  상대보정:1
16:11:38  상대보정중:0
16:11:38  보정동쪽:-7.05
16:11:38  보정북쪽:10.80
16:11:38  위험송신:5227
16:11:38  시각ms:583538
16:11:38  IMU시각ms:583537
16:11:38  위험:0
16:11:38  원시위험:0
16:11:38  GPS유효:1
16:11:38  위도:37.496507
16:11:38  경도:126.954607
16:11:38  속도:0.02
16:11:38  방향:0.0
16:11:38  이동방향유효:0
16:11:38  GPS이동방향:55.6
16:11:38  차체방향유효:0
16:11:38  차체방향:79.6
16:11:38  후진판정:0
16:11:38  IMU요회전속도:0.00
16:11:38  방향가속도크기:9.88
16:11:38  방향자이로크기:1.77
16:11:38  방향자세cos:0.9999
16:11:38  자기모델잔차:23.66
16:11:38  자기모델반경:0.717
16:11:38  방향채택:7899
16:11:38  방향거부:65330
16:11:38  GPS원시속도:0.031
16:11:38  GPS원시방향유효:1
16:11:38  GPS원시방향:9.4
16:11:38  가속도:-0.30,0.48,9.86
16:11:38  자이로:1.4,-1.0,0.5
16:11:38  자력계:23.400,-6.750,18.900
16:11:38  충격값:0.16
16:11:38  충격피크:0.22
16:11:38  마지막충격발생값:0.00
16:11:38  마지막충격발생ms:0
16:11:38  송신:5581
16:11:38  지팡이수신:5227
16:11:38  GPS위성:7
16:11:38  GPS_HDOP:1.06
16:11:38  원시위도:37.496508
16:11:38  원시경도:126.954605
16:11:38  GPS채택:170
16:11:38  GPS이상치거부:17
16:11:38  GPS품질거부:158
16:11:38  GPS재기준:0
16:11:38  계산거리:12.00
16:11:38  접근속도:0.00
16:11:38  TTC:999.00
16:11:38  방향오차:0.0
16:11:38  전방여부:0
16:11:38  위험음성횟수:0
16:11:38  충격음성횟수:0
16:11:38  마지막위험음성:0
16:11:38  RSSI원시:-82
16:11:38  RSSI평활:-80.9
16:11:38  RSSI샘플:5227
16:11:38  RSSI경과ms:168
16:11:38  RSSI구간:1
16:11:38  RSSI거리:12.00
16:11:38  상대보정:1
16:11:38  상대보정중:0
16:11:38  보정동쪽:-7.05
16:11:38  보정북쪽:10.80
16:11:38  위험송신:5227
16:11:38  시각ms:583644
16:11:38  IMU시각ms:583643
16:11:38  위험:0
16:11:38  원시위험:0
16:11:38  GPS유효:1
16:11:38  위도:37.496507
16:11:38  경도:126.954607
16:11:38  속도:0.02
16:11:38  방향:0.0
16:11:38  이동방향유효:0
16:11:38  GPS이동방향:55.6
16:11:38  차체방향유효:0
16:11:38  차체방향:79.6
16:11:38  후진판정:0
16:11:38  IMU요회전속도:0.00
16:11:38  방향가속도크기:9.76
16:11:38  방향자이로크기:2.24
16:11:38  방향자세cos:0.9998
16:11:38  자기모델잔차:22.55
16:11:38  자기모델반경:0.739
16:11:38  방향채택:7899
16:11:38  방향거부:65343
16:11:38  GPS원시속도:0.031
16:11:38  GPS원시방향유효:1
16:11:38  GPS원시방향:9.4
16:11:38  가속도:-0.27,0.61,9.74
16:11:38  자이로:0.1,0.0,-2.2
16:11:38  자력계:23.400,-6.000,17.700
16:11:38  충격값:0.10
16:11:38  충격피크:0.14
16:11:38  마지막충격발생값:0.00
16:11:38  마지막충격발생ms:0
16:11:38  송신:5582
16:11:38  지팡이수신:5228
16:11:38  GPS위성:7
16:11:38  GPS_HDOP:1.06
16:11:38  원시위도:37.496508
16:11:38  원시경도:126.954605
16:11:38  GPS채택:170
16:11:38  GPS이상치거부:17
16:11:38  GPS품질거부:158
16:11:38  GPS재기준:0
16:11:38  계산거리:12.00
16:11:38  접근속도:0.00
16:11:38  TTC:999.00
16:11:38  방향오차:0.0
16:11:38  전방여부:0
16:11:38  위험음성횟수:0
16:11:38  충격음성횟수:0
16:11:38  마지막위험음성:0
16:11:38  RSSI원시:-81
16:11:38  RSSI평활:-80.9
16:11:38  RSSI샘플:5228
16:11:38  RSSI경과ms:66
16:11:38  RSSI구간:1
16:11:38  RSSI거리:12.00
16:11:38  상대보정:1
16:11:38  상대보정중:0
16:11:38  보정동쪽:-7.05
16:11:38  보정북쪽:10.80
16:11:38  위험송신:5228
16:11:39  시각ms:584896
16:11:39  IMU시각ms:584895
16:11:39  위험:0
16:11:39  원시위험:0
16:11:39  GPS유효:1
16:11:39  위도:37.496507
16:11:39  경도:126.954607
16:11:39  속도:0.02
16:11:39  방향:0.0
16:11:39  이동방향유효:0
16:11:39  GPS이동방향:55.6
16:11:39  차체방향유효:0
16:11:39  차체방향:79.6
16:11:39  후진판정:0
16:11:39  IMU요회전속도:0.00
16:11:39  방향가속도크기:9.75
16:11:40  방향자이로크기:1.82
16:11:40  방향자세cos:0.9998
16:11:40  자기모델잔차:23.25
16:11:40  자기모델반경:0.741
16:11:40  방향채택:7899
16:11:40  방향거부:65497
16:11:40  GPS원시속도:0.021
16:11:40  GPS원시방향유효:1
16:11:40  GPS원시방향:9.4
16:11:40  가속도:-0.30,0.58,9.73
16:11:40  자이로:1.3,-1.3,-0.4
16:11:40  자력계:24.150,-6.450,18.450
16:11:40  충격값:0.05
16:11:40  충격피크:0.16
16:11:40  마지막충격발생값:0.00
16:11:40  마지막충격발생ms:0
16:11:40  송신:5594
16:11:40  지팡이수신:5239
16:11:40  GPS위성:7
16:11:40  GPS_HDOP:1.27
16:11:40  원시위도:37.496508
16:11:40  원시경도:126.954603
16:11:40  GPS채택:171
16:11:40  GPS이상치거부:17
16:11:40  GPS품질거부:158
16:11:40  GPS재기준:0
16:11:40  계산거리:12.00
16:11:40  접근속도:0.00
16:11:40  TTC:999.00
16:11:40  방향오차:0.0
16:11:40  전방여부:0
16:11:40  위험음성횟수:0
16:11:40  충격음성횟수:0
16:11:40  마지막위험음성:0
16:11:40  RSSI원시:-82
16:11:40  RSSI평활:-81.4
16:11:40  RSSI샘플:5239
16:11:40  RSSI경과ms:82
16:11:40  RSSI구간:1
16:11:40  RSSI거리:12.00
16:11:40  상대보정:1
16:11:40  상대보정중:0
16:11:40  보정동쪽:-7.05
16:11:40  보정북쪽:10.80
16:11:40  위험송신:5239
16:11:40  시각ms:585000
16:11:40  IMU시각ms:585000
16:11:40  위험:0
16:11:40  원시위험:0
16:11:40  GPS유효:1
16:11:40  위도:37.496507
16:11:40  경도:126.954607
16:11:40  속도:0.02
16:11:40  방향:0.0
16:11:40  이동방향유효:0
16:11:40  GPS이동방향:55.6
16:11:40  차체방향유효:0
16:11:40  차체방향:79.6
16:11:40  후진판정:0
16:11:40  IMU요회전속도:0.00
16:11:40  방향가속도크기:9.70
16:11:40  방향자이로크기:2.42
16:11:40  방향자세cos:1.0000
16:11:40  자기모델잔차:23.66
16:11:40  자기모델반경:0.726
16:11:40  방향채택:7899
16:11:40  방향거부:65510
16:11:40  GPS원시속도:0.021
16:11:40  GPS원시방향유효:1
16:11:40  GPS원시방향:9.4
16:11:40  가속도:-0.38,0.55,9.67
16:11:40  자이로:2.2,-0.3,0.9
16:11:40  자력계:22.050,-5.400,18.750
16:11:40  충격값:0.07
16:11:40  충격피크:0.21
16:11:40  마지막충격발생값:0.00
16:11:40  마지막충격발생ms:0
16:11:40  송신:5595
16:11:40  지팡이수신:5240
16:11:40  GPS위성:7
16:11:40  GPS_HDOP:1.27
16:11:40  원시위도:37.496508
16:11:40  원시경도:126.954603
16:11:40  GPS채택:171
16:11:40  GPS이상치거부:17
16:11:40  GPS품질거부:158
16:11:40  GPS재기준:0
16:11:40  계산거리:12.00
16:11:40  접근속도:0.00
16:11:40  TTC:999.00
16:11:40  방향오차:0.0
16:11:40  전방여부:0
16:11:40  위험음성횟수:0
16:11:40  충격음성횟수:0
16:11:40  마지막위험음성:0
16:11:40  RSSI원시:-81
16:11:40  RSSI평활:-81.3
16:11:40  RSSI샘플:5240
16:11:40  RSSI경과ms:84
16:11:40  RSSI구간:1
16:11:40  RSSI거리:12.00
16:11:40  상대보정:1
16:11:40  상대보정중:0
16:11:40  보정동쪽:-7.05
16:11:40  보정북쪽:10.80
16:11:40  위험송신:5240
16:11:40  시각ms:585415
16:11:40  IMU시각ms:585414
16:11:40  위험:0
16:11:40  원시위험:0
16:11:40  GPS유효:1
16:11:40  위도:37.496508
16:11:40  경도:126.954606
16:11:40  속도:0.02
16:11:40  방향:0.0
16:11:40  이동방향유효:0
16:11:40  GPS이동방향:55.6
16:11:40  차체방향유효:0
16:11:40  차체방향:79.6
16:11:40  후진판정:0
16:11:40  IMU요회전속도:0.00
16:11:40  방향가속도크기:9.76
16:11:40  방향자이로크기:3.28
16:11:40  방향자세cos:1.0000
16:11:40  자기모델잔차:23.78
16:11:40  자기모델반경:0.752
16:11:40  방향채택:7899
16:11:40  방향거부:65559
16:11:40  GPS원시속도:0.010
16:11:40  GPS원시방향유효:1
16:11:40  GPS원시방향:9.4
16:11:40  가속도:-0.41,0.44,9.74
16:11:40  자이로:2.3,-2.2,-0.8
16:11:40  자력계:23.850,-5.700,18.900
16:11:40  충격값:0.12
16:11:40  충격피크:0.19
16:11:40  마지막충격발생값:0.00
16:11:40  마지막충격발생ms:0
16:11:40  송신:5599
16:11:40  지팡이수신:5244
16:11:40  GPS위성:7
16:11:40  GPS_HDOP:1.06
16:11:40  원시위도:37.496509
16:11:40  원시경도:126.954600
16:11:40  GPS채택:172
16:11:40  GPS이상치거부:17
16:11:40  GPS품질거부:158
16:11:40  GPS재기준:0
16:11:40  계산거리:12.00
16:11:40  접근속도:0.00
16:11:40  TTC:999.00
16:11:40  방향오차:0.0
16:11:40  전방여부:0
16:11:40  위험음성횟수:0
16:11:40  충격음성횟수:0
16:11:40  마지막위험음성:0
16:11:40  RSSI원시:-80
16:11:40  RSSI평활:-81.2
16:11:40  RSSI샘플:5244
16:11:40  RSSI경과ms:87
16:11:40  RSSI구간:1
16:11:40  RSSI거리:12.00
16:11:40  상대보정:1
16:11:40  상대보정중:0
16:11:40  보정동쪽:-7.05
16:11:40  보정북쪽:10.80
16:11:40  위험송신:5244
16:11:41  시각ms:586145
16:11:41  IMU시각ms:586144
16:11:41  위험:0
16:11:41  원시위험:0
16:11:41  GPS유효:1
16:11:41  위도:37.496508
16:11:41  경도:126.954606
16:11:41  속도:0.02
16:11:41  방향:0.0
16:11:41  이동방향유효:0
16:11:41  GPS이동방향:55.6
16:11:41  차체방향유효:0
16:11:41  차체방향:79.6
16:11:41  후진판정:0
16:11:41  IMU요회전속도:0.00
16:11:41  방향가속도크기:9.78
16:11:41  방향자이로크기:1.52
16:11:41  방향자세cos:1.0000
16:11:41  자기모델잔차:24.13
16:11:41  자기모델반경:0.747
16:11:41  방향채택:7899
16:11:41  방향거부:65649
16:11:41  GPS원시속도:0.010
16:11:41  GPS원시방향유효:1
16:11:41  GPS원시방향:9.4
16:11:41  가속도:-0.41,0.55,9.75
16:11:41  자이로:1.4,0.7,0.1
16:11:41  자력계:23.100,-5.250,19.200
16:11:41  충격값:0.09
16:11:41  충격피크:0.20
16:11:41  마지막충격발생값:0.00
16:11:41  마지막충격발생ms:0
16:11:41  송신:5606
16:11:41  지팡이수신:5250
16:11:41  GPS위성:7
16:11:41  GPS_HDOP:1.06
16:11:41  원시위도:37.496509
16:11:41  원시경도:126.954600
16:11:41  GPS채택:172
16:11:41  GPS이상치거부:17
16:11:41  GPS품질거부:158
16:11:41  GPS재기준:0
16:11:41  계산거리:12.00
16:11:41  접근속도:0.00
16:11:41  TTC:999.00
16:11:41  방향오차:0.0
16:11:41  전방여부:0
16:11:41  위험음성횟수:0
16:11:41  충격음성횟수:0
16:11:41  마지막위험음성:0
16:11:41  RSSI원시:-81
16:11:41  RSSI평활:-80.8
16:11:41  RSSI샘플:5250
16:11:41  RSSI경과ms:92
16:11:41  RSSI구간:1
16:11:41  RSSI거리:12.00
16:11:41  상대보정:1
16:11:41  상대보정중:0
16:11:41  보정동쪽:-7.05
16:11:41  보정북쪽:10.80
16:11:41  위험송신:5250
16:11:41  시각ms:586250
16:11:41  IMU시각ms:586249
16:11:41  위험:0
16:11:41  원시위험:0
16:11:41  GPS유효:1
16:11:41  위도:37.496508
16:11:41  경도:126.954605
16:11:41  속도:0.01
16:11:41  방향:0.0
16:11:41  이동방향유효:0
16:11:41  GPS이동방향:55.6
16:11:41  차체방향유효:0
16:11:41  차체방향:79.6
16:11:41  후진판정:0
16:11:41  IMU요회전속도:0.00
16:11:41  방향가속도크기:9.76
16:11:41  방향자이로크기:2.48
16:11:41  방향자세cos:0.9999
16:11:41  자기모델잔차:24.05
16:11:41  자기모델반경:0.778
16:11:41  방향채택:7899
16:11:41  방향거부:65662
16:11:41  GPS원시속도:0.010
16:11:41  GPS원시방향유효:1
16:11:41  GPS원시방향:9.4
16:11:41  가속도:-0.31,0.45,9.74
16:11:41  자이로:0.9,-2.3,-0.4
16:11:41  자력계:21.900,-3.300,18.900
16:11:41  충격값:0.09
16:11:41  충격피크:0.16
16:11:41  마지막충격발생값:0.00
16:11:41  마지막충격발생ms:0
16:11:41  송신:5607
16:11:41  지팡이수신:5251
16:11:41  GPS위성:7
16:11:41  GPS_HDOP:1.06
16:11:41  원시위도:37.496509
16:11:41  원시경도:126.954598
16:11:41  GPS채택:173
16:11:41  GPS이상치거부:17
16:11:41  GPS품질거부:158
16:11:41  GPS재기준:0
16:11:41  계산거리:12.00
16:11:41  접근속도:0.00
16:11:41  TTC:999.00
16:11:41  방향오차:0.0
16:11:41  전방여부:0
16:11:41  위험음성횟수:0
16:11:41  충격음성횟수:0
16:11:41  마지막위험음성:0
16:11:41  RSSI원시:-81
16:11:41  RSSI평활:-80.8
16:11:41  RSSI샘플:5251
16:11:41  RSSI경과ms:91
16:11:41  RSSI구간:1
16:11:41  RSSI거리:12.00
16:11:41  상대보정:1
16:11:41  상대보정중:0
16:11:41  보정동쪽:-7.05
16:11:41  보정북쪽:10.80
16:11:41  위험송신:5251
16:11:41  시각ms:586356
16:11:41  IMU시각ms:586355
16:11:41  위험:0
16:11:41  원시위험:0
16:11:41  GPS유효:1
16:11:41  위도:37.496508
16:11:41  경도:126.954605
16:11:41  속도:0.01
16:11:41  방향:0.0
16:11:41  이동방향유효:0
16:11:41  GPS이동방향:55.6
16:11:41  차체방향유효:0
16:11:41  차체방향:79.6
16:11:41  후진판정:0
16:11:41  IMU요회전속도:0.00
16:11:41  방향가속도크기:9.65
16:11:41  방향자이로크기:2.13
16:11:41  방향자세cos:0.9999
16:11:41  자기모델잔차:23.74
16:11:41  자기모델반경:0.733
16:11:41  방향채택:7899
16:11:41  방향거부:65675
16:11:41  GPS원시속도:0.010
16:11:41  GPS원시방향유효:1
16:11:41  GPS원시방향:9.4
16:11:41  가속도:-0.32,0.53,9.63
16:11:41  자이로:0.2,2.0,-0.7
16:11:41  자력계:21.300,-4.650,18.750
16:11:41  충격값:0.08
16:11:41  충격피크:0.20
16:11:41  마지막충격발생값:0.00
16:11:41  마지막충격발생ms:0
16:11:41  송신:5608
16:11:41  지팡이수신:5252
16:11:41  GPS위성:7
16:11:41  GPS_HDOP:1.06
16:11:41  원시위도:37.496509
16:11:41  원시경도:126.954598
16:11:41  GPS채택:173
16:11:41  GPS이상치거부:17
16:11:41  GPS품질거부:158
16:11:41  GPS재기준:0
16:11:41  계산거리:12.00
16:11:41  접근속도:0.00
16:11:41  TTC:999.00
16:11:41  방향오차:0.0
16:11:41  전방여부:0
16:11:41  위험음성횟수:0
16:11:41  충격음성횟수:0
16:11:41  마지막위험음성:0
16:11:41  RSSI원시:-80
16:11:41  RSSI평활:-80.7
16:11:41  RSSI샘플:5252
16:11:41  RSSI경과ms:95
16:11:41  RSSI구간:1
16:11:41  RSSI거리:12.00
16:11:41  상대보정:1
16:11:41  상대보정중:0
16:11:41  보정동쪽:-7.05
16:11:41  보정북쪽:10.80
16:11:41  위험송신:5252
16:11:41  시각ms:586666
16:11:41  IMU시각ms:586666
16:11:41  위험:0
16:11:41  원시위험:0
16:11:41  GPS유효:1
16:11:41  위도:37.496508
16:11:41  경도:126.954605
16:11:41  속도:0.01
16:11:41  방향:0.0
16:11:41  이동방향유효:0
16:11:41  GPS이동방향:55.6
16:11:41  차체방향유효:0
16:11:41  차체방향:79.6
16:11:41  후진판정:0
16:11:41  IMU요회전속도:0.00
16:11:41  방향가속도크기:9.76
16:11:41  방향자이로크기:1.77
16:11:41  방향자세cos:1.0000
16:11:41  자기모델잔차:23.91
16:11:41  자기모델반경:0.736
16:11:41  방향채택:7899
16:11:41  방향거부:65713
16:11:41  GPS원시속도:0.010
16:11:41  GPS원시방향유효:1
16:11:41  GPS원시방향:9.4
16:11:41  가속도:-0.39,0.51,9.73
16:11:41  자이로:-0.1,0.5,-1.7
16:11:41  자력계:23.250,-5.850,19.050
16:11:41  충격값:0.08
16:11:41  충격피크:0.28
16:11:41  마지막충격발생값:0.00
16:11:41  마지막충격발생ms:0
16:11:41  송신:5611
16:11:41  지팡이수신:5255
16:11:41  GPS위성:7
16:11:41  GPS_HDOP:1.06
16:11:41  원시위도:37.496509
16:11:41  원시경도:126.954598
16:11:41  GPS채택:173
16:11:41  GPS이상치거부:17
16:11:41  GPS품질거부:158
16:11:41  GPS재기준:0
16:11:41  계산거리:12.00
16:11:41  접근속도:0.00
16:11:41  TTC:999.00
16:11:41  방향오차:0.0
16:11:41  전방여부:0
16:11:41  위험음성횟수:0
16:11:41  충격음성횟수:0
16:11:41  마지막위험음성:0
16:11:41  RSSI원시:-81
16:11:41  RSSI평활:-80.4
16:11:41  RSSI샘플:5255
16:11:41  RSSI경과ms:84
16:11:41  RSSI구간:1
16:11:41  RSSI거리:12.00
16:11:41  상대보정:1
16:11:41  상대보정중:0
16:11:41  보정동쪽:-7.05
16:11:41  보정북쪽:10.80
16:11:41  위험송신:5255
16:11:41  시각ms:586872
16:11:41  IMU시각ms:586871
16:11:41  위험:0
16:11:41  원시위험:0
16:11:41  GPS유효:1
16:11:41  위도:37.496508
16:11:41  경도:126.954605
16:11:41  속도:0.01
16:11:41  방향:0.0
16:11:41  이동방향유효:0
16:11:41  GPS이동방향:55.6
16:11:41  차체방향유효:0
16:11:41  차체방향:79.6
16:11:41  후진판정:0
16:11:41  IMU요회전속도:0.00
16:11:41  방향가속도크기:9.69
16:11:41  방향자이로크기:1.80
16:11:41  방향자세cos:0.9999
16:11:41  자기모델잔차:23.91
16:11:41  자기모델반경:0.722
16:11:41  방향채택:7899
16:11:41  방향거부:65740
16:11:41  GPS원시속도:0.010
16:11:41  GPS원시방향유효:1
16:11:41  GPS원시방향:9.4
16:11:41  가속도:-0.34,0.50,9.67
16:11:41  자이로:1.3,-1.0,-0.8
16:11:41  자력계:22.500,-5.850,19.050
16:11:41  충격값:0.04
16:11:41  충격피크:0.21
16:11:41  마지막충격발생값:0.00
16:11:41  마지막충격발생ms:0
16:11:41  송신:5613
16:11:41  지팡이수신:5256
16:11:41  GPS위성:7
16:11:41  GPS_HDOP:1.06
16:11:41  원시위도:37.496509
16:11:41  원시경도:126.954598
16:11:41  GPS채택:173
16:11:41  GPS이상치거부:17
16:11:41  GPS품질거부:158
16:11:41  GPS재기준:0
16:11:41  계산거리:12.00
16:11:41  접근속도:0.00
16:11:41  TTC:999.00
16:11:41  방향오차:0.0
16:11:41  전방여부:0
16:11:41  위험음성횟수:0
16:11:41  충격음성횟수:0
16:11:41  마지막위험음성:0
16:11:41  RSSI원시:-83
16:11:41  RSSI평활:-80.9
16:11:41  RSSI샘플:5256
16:11:41  RSSI경과ms:193
16:11:41  RSSI구간:1
16:11:41  RSSI거리:12.00
16:11:41  상대보정:1
16:11:41  상대보정중:0
16:11:41  보정동쪽:-7.05
16:11:41  보정북쪽:10.80
16:11:41  위험송신:5256
16:11:42  시각ms:587184
16:11:42  IMU시각ms:587183
16:11:42  위험:0
16:11:42  원시위험:0
16:11:42  GPS유효:1
16:11:42  위도:37.496508
16:11:42  경도:126.954605
16:11:42  속도:0.01
16:11:42  방향:0.0
16:11:42  이동방향유효:0
16:11:42  GPS이동방향:55.6
16:11:42  차체방향유효:0
16:11:42  차체방향:79.6
16:11:42  후진판정:0
16:11:42  IMU요회전속도:0.00
16:11:42  방향가속도크기:7.37
16:11:42  방향자이로크기:46.51
16:11:42  방향자세cos:0.8588
16:11:42  자기모델잔차:23.58
16:11:42  자기모델반경:0.765
16:11:42  방향채택:7899
16:11:42  방향거부:65777
16:11:42  GPS원시속도:0.010
16:11:42  GPS원시방향유효:1
16:11:42  GPS원시방향:9.4
16:11:42  가속도:1.96,-3.31,6.29
16:11:42  자이로:6.0,46.0,2.8
16:11:42  자력계:23.250,-5.400,19.800
16:11:42  충격값:5.65
16:11:42  충격피크:6.97
16:11:42  마지막충격발생값:0.00
16:11:42  마지막충격발생ms:0
16:11:42  송신:5616
16:11:42  지팡이수신:5259
16:11:42  GPS위성:7
16:11:42  GPS_HDOP:1.06
16:11:42  원시위도:37.496509
16:11:42  원시경도:126.954598
16:11:42  GPS채택:173
16:11:42  GPS이상치거부:17
16:11:42  GPS품질거부:158
16:11:42  GPS재기준:0
16:11:42  계산거리:12.00
16:11:42  접근속도:0.00
16:11:42  TTC:999.00
16:11:42  방향오차:0.0
16:11:42  전방여부:0
16:11:42  위험음성횟수:0
16:11:42  충격음성횟수:0
16:11:42  마지막위험음성:0
16:11:42  RSSI원시:-84
16:11:42  RSSI평활:-82.3
16:11:42  RSSI샘플:5259
16:11:42  RSSI경과ms:89
16:11:42  RSSI구간:1
16:11:42  RSSI거리:12.00
16:11:42  상대보정:1
16:11:42  상대보정중:0
16:11:42  보정동쪽:-7.05
16:11:42  보정북쪽:10.80
16:11:42  위험송신:5259
16:11:42  시각ms:587708
16:11:42  IMU시각ms:587708
16:11:42  위험:0
16:11:42  원시위험:0
16:11:42  GPS유효:1
16:11:42  위도:37.496508
16:11:42  경도:126.954605
16:11:42  속도:0.01
16:11:42  방향:0.0
16:11:42  이동방향유효:0
16:11:42  GPS이동방향:55.6
16:11:42  차체방향유효:0
16:11:42  차체방향:79.6
16:11:42  후진판정:0
16:11:42  IMU요회전속도:0.00
16:11:42  방향가속도크기:8.81
16:11:42  방향자이로크기:13.12
16:11:42  방향자세cos:0.9722
16:11:42  자기모델잔차:21.89
16:11:42  자기모델반경:0.841
16:11:42  방향채택:7899
16:11:42  방향거부:65843
16:11:42  GPS원시속도:0.010
16:11:42  GPS원시방향유효:1
16:11:42  GPS원시방향:9.4
16:11:42  가속도:1.43,-0.55,8.68
16:11:42  자이로:-9.2,7.6,-5.4
16:11:42  자력계:26.250,-4.200,16.800
16:11:42  충격값:2.10
16:11:42  충격피크:6.02
16:11:42  마지막충격발생값:0.00
16:11:42  마지막충격발생ms:0
16:11:42  송신:5621
16:11:42  지팡이수신:5263
16:11:42  GPS위성:7
16:11:42  GPS_HDOP:1.06
16:11:42  원시위도:37.496509
16:11:42  원시경도:126.954594
16:11:42  GPS채택:174
16:11:42  GPS이상치거부:17
16:11:42  GPS품질거부:158
16:11:42  GPS재기준:0
16:11:42  계산거리:12.00
16:11:42  접근속도:0.00
16:11:42  TTC:999.00
16:11:42  방향오차:0.0
16:11:42  전방여부:0
16:11:42  위험음성횟수:0
16:11:42  충격음성횟수:0
16:11:42  마지막위험음성:0
16:11:42  RSSI원시:-78
16:11:42  RSSI평활:-82.5
16:11:42  RSSI샘플:5263
16:11:42  RSSI경과ms:94
16:11:42  RSSI구간:1
16:11:42  RSSI거리:12.00
16:11:42  상대보정:1
16:11:42  상대보정중:0
16:11:42  보정동쪽:-7.05
16:11:42  보정북쪽:10.80
16:11:42  위험송신:5263
16:11:42  시각ms:588023
16:11:42  IMU시각ms:588023
16:11:42  위험:0
16:11:42  원시위험:0
16:11:43  GPS유효:1
16:11:43  위도:37.496508
16:11:43  경도:126.954605
16:11:43  속도:0.01
16:11:43  방향:0.0
16:11:43  이동방향유효:0
16:11:43  GPS이동방향:55.6
16:11:43  차체방향유효:0
16:11:43  차체방향:79.6
16:11:43  후진판정:0
16:11:43  IMU요회전속도:0.00
16:11:43  방향가속도크기:7.07
16:11:43  방향자이로크기:30.50
16:11:43  방향자세cos:0.8476
16:11:43  자기모델잔차:24.16
16:11:43  자기모델반경:0.851
16:11:43  방향채택:7899
16:11:43  방향거부:65882
16:11:43  GPS원시속도:0.010
16:11:43  GPS원시방향유효:1
16:11:43  GPS원시방향:9.4
16:11:43  가속도:2.15,3.17,5.95
16:11:43  자이로:-17.8,-24.4,4.2
16:11:43  자력계:25.500,-3.150,18.300
16:11:43  충격값:4.86
16:11:43  충격피크:7.70
16:11:43  마지막충격발생값:0.00
16:11:43  마지막충격발생ms:0
16:11:43  송신:5624
16:11:43  지팡이수신:5266
16:11:43  GPS위성:7
16:11:43  GPS_HDOP:1.06
16:11:43  원시위도:37.496509
16:11:43  원시경도:126.954594
16:11:43  GPS채택:174
16:11:43  GPS이상치거부:17
16:11:43  GPS품질거부:158
16:11:43  GPS재기준:0
16:11:43  계산거리:12.00
16:11:43  접근속도:0.00
16:11:43  TTC:999.00
16:11:43  방향오차:0.0
16:11:43  전방여부:0
16:11:43  위험음성횟수:0
16:11:43  충격음성횟수:0
16:11:43  마지막위험음성:0
16:11:43  RSSI원시:-76
16:11:43  RSSI평활:-79.8
16:11:43  RSSI샘플:5266
16:11:43  RSSI경과ms:102
16:11:43  RSSI구간:1
16:11:43  RSSI거리:12.00
16:11:43  상대보정:1
16:11:43  상대보정중:0
16:11:43  보정동쪽:-7.05
16:11:43  보정북쪽:10.80
16:11:43  위험송신:5266
16:11:43  시각ms:588255
16:11:43  IMU시각ms:588231
16:11:43  위험:0
16:11:43  원시위험:0
16:11:43  GPS유효:1
16:11:43  위도:37.496507
16:11:43  경도:126.954598
16:11:43  속도:0.27
16:11:43  방향:0.0
16:11:43  이동방향유효:0
16:11:43  GPS이동방향:9.4
16:11:43  차체방향유효:0
16:11:43  차체방향:79.6
16:11:43  후진판정:0
16:11:43  IMU요회전속도:0.00
16:11:43  방향가속도크기:11.87
16:11:43  방향자이로크기:52.24
16:11:43  방향자세cos:0.9735
16:11:43  자기모델잔차:23.93
16:11:43  자기모델반경:0.818
16:11:43  방향채택:7899
16:11:43  방향거부:65906
16:11:43  GPS원시속도:0.530
16:11:43  GPS원시방향유효:1
16:11:43  GPS원시방향:9.4
16:11:43  가속도:2.33,3.19,11.19
16:11:43  자이로:-48.2,18.6,8.0
16:11:43  자력계:24.000,-3.150,18.750
16:11:43  충격값:3.83
16:11:43  충격피크:14.18
16:11:43  마지막충격발생값:0.00
16:11:43  마지막충격발생ms:0
16:11:43  송신:5626
16:11:43  지팡이수신:5269
16:11:43  GPS위성:6
16:11:43  GPS_HDOP:1.27
16:11:43  원시위도:37.496507
16:11:43  원시경도:126.954591
16:11:43  GPS채택:175
16:11:43  GPS이상치거부:17
16:11:43  GPS품질거부:158
16:11:43  GPS재기준:0
16:11:43  계산거리:12.00
16:11:43  접근속도:0.00
16:11:43  TTC:999.00
16:11:43  방향오차:0.0
16:11:43  전방여부:0
16:11:43  위험음성횟수:0
16:11:43  충격음성횟수:0
16:11:43  마지막위험음성:0
16:11:43  RSSI원시:-73
16:11:43  RSSI평활:-78.6
16:11:43  RSSI샘플:5269
16:11:43  RSSI경과ms:26
16:11:43  RSSI구간:1
16:11:43  RSSI거리:12.00
16:11:43  상대보정:1
16:11:43  상대보정중:0
16:11:43  보정동쪽:-7.05
16:11:43  보정북쪽:10.80
16:11:43  위험송신:5269
16:11:43  시각ms:588579
16:11:43  IMU시각ms:588555
16:11:43  위험:0
16:11:43  원시위험:0
16:11:43  GPS유효:1
16:11:43  위도:37.496508
16:11:43  경도:126.954598
16:11:43  속도:0.27
16:11:43  방향:0.0
16:11:43  이동방향유효:0
16:11:43  GPS이동방향:9.4
16:11:43  차체방향유효:0
16:11:43  차체방향:79.6
16:11:43  후진판정:0
16:11:43  IMU요회전속도:0.00
16:11:43  방향가속도크기:15.60
16:11:43  방향자이로크기:31.50
16:11:43  방향자세cos:0.9388
16:11:43  자기모델잔차:23.89
16:11:43  자기모델반경:0.941
16:11:43  방향채택:7899
16:11:43  방향거부:65941
16:11:43  GPS원시속도:0.530
16:11:43  GPS원시방향유효:1
16:11:43  GPS원시방향:9.4
16:11:43  가속도:4.32,7.20,13.15
16:11:43  자이로:15.1,27.6,1.9
16:11:43  자력계:25.200,-2.700,19.050
16:11:43  충격값:8.34
16:11:43  충격피크:14.75
16:11:43  마지막충격발생값:0.00
16:11:43  마지막충격발생ms:0
16:11:43  송신:5629
16:11:43  지팡이수신:5272
16:11:43  GPS위성:6
16:11:43  GPS_HDOP:1.27
16:11:43  원시위도:37.496507
16:11:43  원시경도:126.954591
16:11:43  GPS채택:175
16:11:43  GPS이상치거부:17
16:11:43  GPS품질거부:158
16:11:43  GPS재기준:0
16:11:43  계산거리:9.99
16:11:43  접근속도:0.00
16:11:43  TTC:999.00
16:11:43  방향오차:0.0
16:11:43  전방여부:0
16:11:43  위험음성횟수:0
16:11:43  충격음성횟수:0
16:11:43  마지막위험음성:0
16:11:43  RSSI원시:-74
16:11:43  RSSI평활:-75.9
16:11:43  RSSI샘플:5272
16:11:43  RSSI경과ms:30
16:11:43  RSSI구간:1
16:11:43  RSSI거리:9.99
16:11:43  상대보정:1
16:11:43  상대보정중:0
16:11:43  보정동쪽:-7.05
16:11:43  보정북쪽:10.80
16:11:43  위험송신:5272
16:11:44  시각ms:589102
16:11:44  IMU시각ms:589078
16:11:44  위험:0
16:11:44  원시위험:0
16:11:44  GPS유효:1
16:11:44  위도:37.496508
16:11:44  경도:126.954597
16:11:44  속도:0.27
16:11:44  방향:0.0
16:11:44  이동방향유효:0
16:11:44  GPS이동방향:9.4
16:11:44  차체방향유효:0
16:11:44  차체방향:79.6
16:11:44  후진판정:0
16:11:44  IMU요회전속도:0.00
16:11:44  방향가속도크기:11.24
16:11:44  방향자이로크기:21.72
16:11:44  방향자세cos:0.9685
16:11:44  자기모델잔차:25.97
16:11:44  자기모델반경:0.879
16:11:44  방향채택:7899
16:11:44  방향거부:66004
16:11:44  GPS원시속도:0.530
16:11:44  GPS원시방향유효:1
16:11:44  GPS원시방향:9.4
16:11:44  가속도:-3.25,1.02,10.71
16:11:44  자이로:20.3,6.0,4.9
16:11:44  자력계:22.200,0.450,20.400
16:11:44  충격값:3.78
16:11:44  충격피크:12.23
16:11:44  마지막충격발생값:0.00
16:11:44  마지막충격발생ms:0
16:11:44  송신:5634
16:11:44  지팡이수신:5276
16:11:44  GPS위성:6
16:11:44  GPS_HDOP:1.27
16:11:44  원시위도:37.496507
16:11:44  원시경도:126.954591
16:11:44  GPS채택:175
16:11:44  GPS이상치거부:17
16:11:44  GPS품질거부:158
16:11:44  GPS재기준:0
16:11:44  계산거리:8.78
16:11:44  접근속도:0.00
16:11:44  TTC:999.00
16:11:44  방향오차:0.0
16:11:44  전방여부:0
16:11:44  위험음성횟수:0
16:11:44  충격음성횟수:0
16:11:44  마지막위험음성:0
16:11:44  RSSI원시:-80
16:11:44  RSSI평활:-74.5
16:11:44  RSSI샘플:5276
16:11:44  RSSI경과ms:31
16:11:44  RSSI구간:1
16:11:44  RSSI거리:8.78
16:11:44  상대보정:1
16:11:44  상대보정중:0
16:11:44  보정동쪽:-7.05
16:11:44  보정북쪽:10.80
16:11:44  위험송신:5276
16:11:44  시각ms:589305
16:11:44  IMU시각ms:589281
16:11:44  위험:0
16:11:44  원시위험:0
16:11:44  GPS유효:1
16:11:44  위도:37.496505
16:11:44  경도:126.954593
16:11:44  속도:0.60
16:11:44  방향:38.7
16:11:44  이동방향유효:1
16:11:44  GPS이동방향:38.7
16:11:44  차체방향유효:0
16:11:44  차체방향:79.6
16:11:44  후진판정:0
16:11:44  IMU요회전속도:0.00
16:11:44  방향가속도크기:5.84
16:11:44  방향자이로크기:26.41
16:11:44  방향자세cos:0.8883
16:11:44  자기모델잔차:23.97
16:11:44  자기모델반경:0.936
16:11:44  방향채택:7899
16:11:44  방향거부:66024
16:11:44  GPS원시속도:0.921
16:11:44  GPS원시방향유효:1
16:11:44  GPS원시방향:93.2
16:11:44  가속도:0.38,-4.23,4.00
16:11:44  자이로:-19.9,12.4,-12.1
16:11:44  자력계:24.900,2.550,18.150
16:11:44  충격값:6.23
16:11:44  충격피크:13.03
16:11:44  마지막충격발생값:0.00
16:11:44  마지막충격발생ms:0
16:11:44  송신:5636
16:11:44  지팡이수신:5278
16:11:44  GPS위성:7
16:11:44  GPS_HDOP:1.27
16:11:44  원시위도:37.496501
16:11:44  원시경도:126.954588
16:11:44  GPS채택:176
16:11:44  GPS이상치거부:17
16:11:44  GPS품질거부:158
16:11:44  GPS재기준:0
16:11:44  계산거리:8.27
16:11:44  접근속도:0.00
16:11:44  TTC:999.00
16:11:44  방향오차:0.0
16:11:44  전방여부:0
16:11:44  위험음성횟수:0
16:11:44  충격음성횟수:0
16:11:44  마지막위험음성:0
16:11:44  RSSI원시:-71
16:11:44  RSSI평활:-73.9
16:11:44  RSSI샘플:5278
16:11:44  RSSI경과ms:29
16:11:44  RSSI구간:1
16:11:44  RSSI거리:8.27
16:11:44  상대보정:1
16:11:44  상대보정중:0
16:11:44  보정동쪽:-7.05
16:11:44  보정북쪽:10.80
16:11:44  위험송신:5278
16:11:44  시각ms:589399
16:11:44  IMU시각ms:589398
16:11:44  위험:0
16:11:44  원시위험:0
16:11:44  GPS유효:1
16:11:44  위도:37.496505
16:11:44  경도:126.954593
16:11:44  속도:0.60
16:11:44  방향:38.7
16:11:44  이동방향유효:1
16:11:44  GPS이동방향:38.7
16:11:44  차체방향유효:0
16:11:44  차체방향:79.6
16:11:44  후진판정:0
16:11:44  IMU요회전속도:0.00
16:11:44  방향가속도크기:21.03
16:11:44  방향자이로크기:15.65
16:11:44  방향자세cos:0.7562
16:11:44  자기모델잔차:23.97
16:11:44  자기모델반경:0.936
16:11:44  방향채택:7899
16:11:44  방향거부:66037
16:11:44  GPS원시속도:0.921
16:11:44  GPS원시방향유효:1
16:11:44  GPS원시방향:93.2
16:11:44  가속도:16.14,6.46,11.84
16:11:44  자이로:1.4,15.4,-2.5
16:11:44  자력계:25.350,1.650,18.900
16:11:44  충격값:17.49
16:11:44  충격피크:17.49
16:11:44  마지막충격발생값:0.00
16:11:44  마지막충격발생ms:0
16:11:44  송신:5637
16:11:44  지팡이수신:5278
16:11:44  GPS위성:7
16:11:44  GPS_HDOP:1.27
16:11:44  원시위도:37.496501
16:11:44  원시경도:126.954588
16:11:44  GPS채택:176
16:11:44  GPS이상치거부:17
16:11:44  GPS품질거부:158
16:11:44  GPS재기준:0
16:11:44  계산거리:8.27
16:11:44  접근속도:0.00
16:11:44  TTC:999.00
16:11:44  방향오차:0.0
16:11:44  전방여부:0
16:11:44  위험음성횟수:0
16:11:44  충격음성횟수:0
16:11:44  마지막위험음성:0
16:11:44  RSSI원시:-71
16:11:44  RSSI평활:-73.9
16:11:44  RSSI샘플:5278
16:11:44  RSSI경과ms:123
16:11:44  RSSI구간:1
16:11:44  RSSI거리:8.27
16:11:44  상대보정:1
16:11:44  상대보정중:0
16:11:44  보정동쪽:-7.05
16:11:44  보정북쪽:10.80
16:11:44  위험송신:5278
16:11:44  시각ms:589504
16:11:44  IMU시각ms:589503
16:11:44  위험:0
16:11:44  원시위험:0
16:11:44  GPS유효:1
16:11:44  위도:37.496505
16:11:44  경도:126.954593
16:11:44  속도:0.60
16:11:44  방향:38.7
16:11:44  이동방향유효:1
16:11:44  GPS이동방향:38.7
16:11:44  차체방향유효:0
16:11:44  차체방향:79.6
16:11:44  후진판정:0
16:11:44  IMU요회전속도:0.00
16:11:44  방향가속도크기:3.94
16:11:44  방향자이로크기:25.29
16:11:44  방향자세cos:0.8213
16:11:44  자기모델잔차:23.97
16:11:44  자기모델반경:0.936
16:11:44  방향채택:7899
16:11:44  방향거부:66050
16:11:44  GPS원시속도:0.921
16:11:44  GPS원시방향유효:1
16:11:44  GPS원시방향:93.2
16:11:44  가속도:0.72,-3.71,-1.13
16:11:44  자이로:7.6,19.7,-13.9
16:11:44  자력계:23.100,2.100,17.700
16:11:44  충격값:11.40
16:11:44  충격피크:19.60
16:11:44  마지막충격발생값:0.00
16:11:44  마지막충격발생ms:0
16:11:44  송신:5638
16:11:44  지팡이수신:5279
16:11:44  GPS위성:7
16:11:44  GPS_HDOP:1.27
16:11:44  원시위도:37.496501
16:11:44  원시경도:126.954588
16:11:44  GPS채택:176
16:11:44  GPS이상치거부:17
16:11:44  GPS품질거부:158
16:11:44  GPS재기준:0
16:11:44  계산거리:8.13
16:11:44  접근속도:0.00
16:11:44  TTC:999.00
16:11:44  방향오차:0.0
16:11:44  전방여부:0
16:11:44  위험음성횟수:0
16:11:44  충격음성횟수:0
16:11:44  마지막위험음성:0
16:11:44  RSSI원시:-73
16:11:44  RSSI평활:-73.7
16:11:44  RSSI샘플:5279
16:11:44  RSSI경과ms:22
16:11:44  RSSI구간:1
16:11:44  RSSI거리:8.13
16:11:44  상대보정:1
16:11:44  상대보정중:0
16:11:44  보정동쪽:-7.05
16:11:44  보정북쪽:10.80
16:11:44  위험송신:5279
16:11:44  시각ms:589614
16:11:44  IMU시각ms:589590
16:11:44  위험:0
16:11:44  원시위험:0
16:11:44  GPS유효:1
16:11:44  위도:37.496505
16:11:44  경도:126.954593
16:11:44  속도:0.60
16:11:44  방향:38.7
16:11:44  이동방향유효:1
16:11:44  GPS이동방향:38.7
16:11:44  차체방향유효:0
16:11:44  차체방향:79.6
16:11:44  후진판정:0
16:11:44  IMU요회전속도:0.00
16:11:44  방향가속도크기:6.16
16:11:44  방향자이로크기:42.82
16:11:44  방향자세cos:0.8013
16:11:44  자기모델잔차:23.95
16:11:44  자기모델반경:0.953
16:11:44  방향채택:7899
16:11:44  방향거부:66062
16:11:44  GPS원시속도:0.921
16:11:44  GPS원시방향유효:1
16:11:44  GPS원시방향:93.2
16:11:44  가속도:1.15,4.97,3.46
16:11:44  자이로:29.6,22.9,-20.7
16:11:44  자력계:25.650,2.850,18.900
16:11:44  충격값:7.13
16:11:44  충격피크:15.33
16:11:44  마지막충격발생값:0.00
16:11:44  마지막충격발생ms:0
16:11:44  송신:5639
16:11:44  지팡이수신:5280
16:11:44  GPS위성:7
16:11:44  GPS_HDOP:1.27
16:11:44  원시위도:37.496501
16:11:44  원시경도:126.954588
16:11:44  GPS채택:176
16:11:44  GPS이상치거부:17
16:11:44  GPS품질거부:158
16:11:44  GPS재기준:0
16:11:44  계산거리:8.49
16:11:44  접근속도:0.16
16:11:44  TTC:3.77
16:11:44  방향오차:74.7
16:11:44  전방여부:0
16:11:44  위험음성횟수:0
16:11:44  충격음성횟수:0
16:11:44  마지막위험음성:0
16:11:44  RSSI원시:-76
16:11:44  RSSI평활:-74.2
16:11:44  RSSI샘플:5280
16:11:44  RSSI경과ms:28
16:11:44  RSSI구간:2
16:11:44  RSSI거리:8.49
16:11:44  상대보정:1
16:11:44  상대보정중:0
16:11:44  보정동쪽:-7.05
16:11:44  보정북쪽:10.80
16:11:44  위험송신:5280
16:11:45  시각ms:590238
16:11:45  IMU시각ms:590214
16:11:45  위험:0
16:11:45  원시위험:0
16:11:45  GPS유효:1
16:11:45  위도:37.496505
16:11:45  경도:126.954594
16:11:45  속도:0.60
16:11:45  방향:38.7
16:11:45  이동방향유효:1
16:11:45  GPS이동방향:38.7
16:11:45  차체방향유효:0
16:11:45  차체방향:79.6
16:11:45  후진판정:0
16:11:45  IMU요회전속도:0.00
16:11:45  방향가속도크기:11.37
16:11:45  방향자이로크기:67.04
16:11:45  방향자세cos:0.9725
16:11:45  자기모델잔차:24.18
16:11:45  자기모델반경:0.942
16:11:45  방향채택:7899
16:11:45  방향거부:66131
16:11:45  GPS원시속도:0.921
16:11:45  GPS원시방향유효:1
16:11:45  GPS원시방향:93.2
16:11:45  가속도:-1.28,-5.58,9.83
16:11:45  자이로:0.8,-5.5,-66.8
16:11:45  자력계:24.000,1.500,19.800
16:11:45  충격값:6.06
16:11:45  충격피크:16.70
16:11:45  마지막충격발생값:0.00
16:11:45  마지막충격발생ms:0
16:11:45  송신:5645
16:11:45  지팡이수신:5285
16:11:45  GPS위성:7
16:11:45  GPS_HDOP:1.27
16:11:45  원시위도:37.496501
16:11:45  원시경도:126.954588
16:11:45  GPS채택:176
16:11:45  GPS이상치거부:17
16:11:45  GPS품질거부:158
16:11:45  GPS재기준:0
16:11:45  계산거리:9.01
16:11:45  접근속도:0.16
16:11:45  TTC:3.96
16:11:45  방향오차:74.8
16:11:45  전방여부:0
16:11:45  위험음성횟수:0
16:11:45  충격음성횟수:0
16:11:45  마지막위험음성:0
16:11:45  RSSI원시:-73
16:11:45  RSSI평활:-74.8
16:11:45  RSSI샘플:5285
16:11:45  RSSI경과ms:27
16:11:45  RSSI구간:2
16:11:45  RSSI거리:9.01
16:11:45  상대보정:1
16:11:45  상대보정중:0
16:11:45  보정동쪽:-7.05
16:11:45  보정북쪽:10.80
16:11:45  위험송신:5285
16:11:45  시각ms:590342
16:11:45  IMU시각ms:590318
16:11:45  위험:0
16:11:45  원시위험:0
16:11:45  GPS유효:1
16:11:45  위도:37.496498
16:11:45  경도:126.954590
16:11:45  속도:0.85
16:11:45  방향:75.1
16:11:45  이동방향유효:1
16:11:45  GPS이동방향:75.1
16:11:45  차체방향유효:0
16:11:45  차체방향:79.6
16:11:45  후진판정:0
16:11:45  IMU요회전속도:0.00
16:11:45  방향가속도크기:35.62
16:11:45  방향자이로크기:69.60
16:11:45  방향자세cos:0.9725
16:11:45  자기모델잔차:24.18
16:11:45  자기모델반경:0.942
16:11:45  방향채택:7899
16:11:45  방향거부:66142
16:11:45  GPS원시속도:1.106
16:11:45  GPS원시방향유효:1
16:11:45  GPS원시방향:142.6
16:11:45  가속도:-3.36,7.48,34.67
16:11:45  자이로:-40.6,30.9,-47.3
16:11:45  자력계:26.850,4.500,16.950
16:11:45  충격값:25.61
16:11:45  충격피크:25.61
16:11:45  마지막충격발생값:0.00
16:11:45  마지막충격발생ms:0
16:11:45  송신:5646
16:11:45  지팡이수신:5286
16:11:45  GPS위성:7
16:11:45  GPS_HDOP:1.27
16:11:45  원시위도:37.496491
16:11:45  원시경도:126.954586
16:11:45  GPS채택:177
16:11:45  GPS이상치거부:17
16:11:45  GPS품질거부:158
16:11:45  GPS재기준:0
16:11:45  계산거리:8.38
16:11:45  접근속도:0.67
16:11:45  TTC:999.00
16:11:45  방향오차:37.9
16:11:45  전방여부:0
16:11:45  위험음성횟수:0
16:11:45  충격음성횟수:0
16:11:45  마지막위험음성:0
16:11:45  RSSI원시:-71
16:11:45  RSSI평활:-74.0
16:11:45  RSSI샘플:5286
16:11:45  RSSI경과ms:25
16:11:45  RSSI구간:2
16:11:45  RSSI거리:8.38
16:11:45  상대보정:1
16:11:45  상대보정중:0
16:11:45  보정동쪽:-7.05
16:11:45  보정북쪽:10.80
16:11:45  위험송신:5286
16:11:45  시각ms:590453
16:11:45  IMU시각ms:590429
16:11:45  위험:0
16:11:45  원시위험:0
16:11:45  GPS유효:1
16:11:45  위도:37.496498
16:11:45  경도:126.954590
16:11:45  속도:0.85
16:11:45  방향:75.1
16:11:45  이동방향유효:1
16:11:45  GPS이동방향:75.1
16:11:45  차체방향유효:0
16:11:45  차체방향:79.6
16:11:45  후진판정:0
16:11:45  IMU요회전속도:0.00
16:11:45  방향가속도크기:25.88
16:11:45  방향자이로크기:27.58
16:11:45  방향자세cos:0.9725
16:11:45  자기모델잔차:24.18
16:11:45  자기모델반경:0.942
16:11:45  방향채택:7899
16:11:45  방향거부:66154
16:11:45  GPS원시속도:1.106
16:11:45  GPS원시방향유효:1
16:11:45  GPS원시방향:142.6
16:11:45  가속도:4.55,10.66,23.13
16:11:45  자이로:-27.0,1.5,5.3
16:11:45  자력계:28.350,5.700,15.150
16:11:45  충격값:16.18
16:11:45  충격피크:16.18
16:11:45  마지막충격발생값:0.00
16:11:45  마지막충격발생ms:0
16:11:45  송신:5647
16:11:45  지팡이수신:5287
16:11:45  GPS위성:7
16:11:45  GPS_HDOP:1.27
16:11:45  원시위도:37.496491
16:11:45  원시경도:126.954586
16:11:45  GPS채택:177
16:11:45  GPS이상치거부:17
16:11:45  GPS품질거부:158
16:11:45  GPS재기준:0
16:11:45  계산거리:7.33
16:11:45  접근속도:0.67
16:11:45  TTC:999.00
16:11:45  방향오차:38.1
16:11:45  전방여부:0
16:11:45  위험음성횟수:0
16:11:45  충격음성횟수:0
16:11:45  마지막위험음성:0
16:11:45  RSSI원시:-67
16:11:45  RSSI평활:-72.6
16:11:45  RSSI샘플:5287
16:11:45  RSSI경과ms:28
16:11:45  RSSI구간:2
16:11:45  RSSI거리:7.33
16:11:45  상대보정:1
16:11:45  상대보정중:0
16:11:45  보정동쪽:-7.05
16:11:45  보정북쪽:10.80
16:11:45  위험송신:5287
16:11:45  시각ms:590557
16:11:45  IMU시각ms:590533
16:11:45  위험:0
16:11:45  원시위험:0
16:11:45  GPS유효:1
16:11:45  위도:37.496497
16:11:45  경도:126.954591
16:11:45  속도:0.85
16:11:45  방향:75.1
16:11:45  이동방향유효:1
16:11:45  GPS이동방향:75.1
16:11:45  차체방향유효:0
16:11:45  차체방향:79.6
16:11:45  후진판정:0
16:11:45  IMU요회전속도:0.00
16:11:45  방향가속도크기:1.26
16:11:45  방향자이로크기:39.53
16:11:45  방향자세cos:0.3320
16:11:45  자기모델잔차:24.18
16:11:45  자기모델반경:0.942
16:11:45  방향채택:7899
16:11:45  방향거부:66165
16:11:45  GPS원시속도:1.106
16:11:45  GPS원시방향유효:1
16:11:45  GPS원시방향:142.6
16:11:45  가속도:-1.22,-0.31,-0.07
16:11:45  자이로:-7.6,-37.0,-11.6
16:11:45  자력계:29.850,3.600,15.450
16:11:45  충격값:10.35
16:11:45  충격피크:23.66
16:11:45  마지막충격발생값:0.00
16:11:45  마지막충격발생ms:0
16:11:45  송신:5648
16:11:45  지팡이수신:5288
16:11:45  GPS위성:7
16:11:45  GPS_HDOP:1.27
16:11:45  원시위도:37.496491
16:11:45  원시경도:126.954586
16:11:45  GPS채택:177
16:11:45  GPS이상치거부:17
16:11:45  GPS품질거부:158
16:11:45  GPS재기준:0
16:11:45  계산거리:6.71
16:11:45  접근속도:0.67
16:11:45  TTC:999.00
16:11:45  방향오차:38.1
16:11:45  전방여부:0
16:11:45  위험음성횟수:0
16:11:45  충격음성횟수:0
16:11:45  마지막위험음성:0
16:11:45  RSSI원시:-68
16:11:45  RSSI평활:-71.7
16:11:45  RSSI샘플:5288
16:11:45  RSSI경과ms:29
16:11:45  RSSI구간:2
16:11:45  RSSI거리:6.71
16:11:45  상대보정:1
16:11:45  상대보정중:0
16:11:45  보정동쪽:-7.05
16:11:45  보정북쪽:10.80
16:11:45  위험송신:5288
16:11:45  시각ms:590650
16:11:45  IMU시각ms:590649
16:11:45  위험:0
16:11:45  원시위험:0
16:11:45  GPS유효:1
16:11:45  위도:37.496497
16:11:45  경도:126.954591
16:11:45  속도:0.85
16:11:45  방향:75.1
16:11:45  이동방향유효:1
16:11:45  GPS이동방향:75.1
16:11:45  차체방향유효:0
16:11:45  차체방향:79.6
16:11:45  후진판정:0
16:11:45  IMU요회전속도:0.00
16:11:45  방향가속도크기:2.68
16:11:45  방향자이로크기:48.79
16:11:45  방향자세cos:0.7527
16:11:45  자기모델잔차:24.18
16:11:45  자기모델반경:0.942
16:11:45  방향채택:7899
16:11:45  방향거부:66176
16:11:45  GPS원시속도:1.106
16:11:45  GPS원시방향유효:1
16:11:45  GPS원시방향:142.6
16:11:45  가속도:0.13,-1.34,2.31
16:11:45  자이로:9.4,47.4,-6.5
16:11:45  자력계:30.450,5.100,13.050
16:11:45  충격값:7.71
16:11:45  충격피크:19.78
16:11:45  마지막충격발생값:0.00
16:11:45  마지막충격발생ms:0
16:11:45  송신:5649
16:11:45  지팡이수신:5289
16:11:45  GPS위성:7
16:11:45  GPS_HDOP:1.27
16:11:45  원시위도:37.496491
16:11:45  원시경도:126.954586
16:11:45  GPS채택:177
16:11:45  GPS이상치거부:17
16:11:45  GPS품질거부:158
16:11:45  GPS재기준:0
16:11:45  계산거리:6.62
16:11:45  접근속도:0.67
16:11:45  TTC:999.00
16:11:45  방향오차:38.1
16:11:45  전방여부:0
16:11:45  위험음성횟수:0
16:11:45  충격음성횟수:0
16:11:45  마지막위험음성:0
16:11:45  RSSI원시:-71
16:11:45  RSSI평활:-71.6
16:11:45  RSSI샘플:5289
16:11:45  RSSI경과ms:23
16:11:45  RSSI구간:2
16:11:45  RSSI거리:6.62
16:11:45  상대보정:1
16:11:45  상대보정중:0
16:11:45  보정동쪽:-7.05
16:11:45  보정북쪽:10.80
16:11:45  위험송신:5289
16:11:45  시각ms:590756
16:11:45  IMU시각ms:590755
16:11:45  위험:0
16:11:45  원시위험:0
16:11:45  GPS유효:1
16:11:45  위도:37.496497
16:11:45  경도:126.954591
16:11:45  속도:0.85
16:11:45  방향:75.1
16:11:45  이동방향유효:1
16:11:45  GPS이동방향:75.1
16:11:45  차체방향유효:0
16:11:45  차체방향:79.6
16:11:45  후진판정:0
16:11:45  IMU요회전속도:0.00
16:11:45  방향가속도크기:13.76
16:11:45  방향자이로크기:51.99
16:11:45  방향자세cos:0.8317
16:11:45  자기모델잔차:24.18
16:11:45  자기모델반경:0.942
16:11:45  방향채택:7899
16:11:45  방향거부:66189
16:11:45  GPS원시속도:1.106
16:11:45  GPS원시방향유효:1
16:11:45  GPS원시방향:142.6
16:11:45  가속도:-4.55,4.13,12.31
16:11:45  자이로:-9.0,14.7,49.0
16:11:45  자력계:28.950,2.250,15.750
16:11:45  충격값:5.37
16:11:45  충격피크:13.93
16:11:45  마지막충격발생값:0.00
16:11:45  마지막충격발생ms:0
16:11:45  송신:5650
16:11:45  지팡이수신:5290
16:11:45  GPS위성:7
16:11:45  GPS_HDOP:1.27
16:11:45  원시위도:37.496491
16:11:45  원시경도:126.954586
16:11:45  GPS채택:177
16:11:45  GPS이상치거부:17
16:11:45  GPS품질거부:158
16:11:45  GPS재기준:0
16:11:45  계산거리:6.55
16:11:45  접근속도:0.67
16:11:45  TTC:999.00
16:11:45  방향오차:38.1
16:11:45  전방여부:0
16:11:45  위험음성횟수:0
16:11:45  충격음성횟수:0
16:11:45  마지막위험음성:0
16:11:45  RSSI원시:-71
16:11:45  RSSI평활:-71.5
16:11:45  RSSI샘플:5290
16:11:45  RSSI경과ms:23
16:11:45  RSSI구간:2
16:11:45  RSSI거리:6.55
16:11:45  상대보정:1
16:11:45  상대보정중:0
16:11:45  보정동쪽:-7.05
16:11:45  보정북쪽:10.80
16:11:45  위험송신:5290
16:11:46  시각ms:591067
16:11:46  IMU시각ms:591066
16:11:46  위험:0
16:11:46  원시위험:0
16:11:46  GPS유효:1
16:11:46  위도:37.496496
16:11:46  경도:126.954592
16:11:46  속도:0.85
16:11:46  방향:75.1
16:11:46  이동방향유효:1
16:11:46  GPS이동방향:75.1
16:11:46  차체방향유효:0
16:11:46  차체방향:79.6
16:11:46  후진판정:0
16:11:46  IMU요회전속도:0.00
16:11:46  방향가속도크기:29.98
16:11:46  방향자이로크기:68.15
16:11:46  방향자세cos:0.9447
16:11:46  자기모델잔차:21.86
16:11:46  자기모델반경:1.031
16:11:46  방향채택:7899
16:11:46  방향거부:66229
16:11:46  GPS원시속도:1.106
16:11:46  GPS원시방향유효:1
16:11:46  GPS원시방향:142.6
16:11:46  가속도:-3.88,7.58,28.75
16:11:46  자이로:-44.8,-45.4,24.1
16:11:46  자력계:22.500,-0.300,16.050
16:11:46  충격값:19.34
16:11:46  충격피크:19.34
16:11:46  마지막충격발생값:0.00
16:11:46  마지막충격발생ms:0
16:11:46  송신:5653
16:11:46  지팡이수신:5292
16:11:46  GPS위성:7
16:11:46  GPS_HDOP:1.27
16:11:46  원시위도:37.496491
16:11:46  원시경도:126.954586
16:11:46  GPS채택:177
16:11:46  GPS이상치거부:17
16:11:46  GPS품질거부:158
16:11:46  GPS재기준:0
16:11:46  계산거리:6.96
16:11:46  접근속도:0.67
16:11:46  TTC:999.00
16:11:46  방향오차:38.1
16:11:46  전방여부:0
16:11:46  위험음성횟수:0
16:11:46  충격음성횟수:0
16:11:46  마지막위험음성:0
16:11:46  RSSI원시:-75
16:11:46  RSSI평활:-72.1
16:11:46  RSSI샘플:5292
16:11:46  RSSI경과ms:129
16:11:46  RSSI구간:2
16:11:46  RSSI거리:6.96
16:11:46  상대보정:1
16:11:46  상대보정중:0
16:11:46  보정동쪽:-7.05
16:11:46  보정북쪽:10.80
16:11:46  위험송신:5292
16:11:46  시각ms:591275
16:11:46  IMU시각ms:591274
16:11:46  위험:0
16:11:46  원시위험:0
16:11:46  GPS유효:1
16:11:46  위도:37.496489
16:11:46  경도:126.954587
16:11:46  속도:0.92
16:11:46  방향:109.3
16:11:46  이동방향유효:1
16:11:46  GPS이동방향:109.3
16:11:46  차체방향유효:0
16:11:46  차체방향:79.6
16:11:46  후진판정:0
16:11:46  IMU요회전속도:0.00
16:11:46  방향가속도크기:5.60
16:11:46  방향자이로크기:35.03
16:11:46  방향자세cos:0.8551
16:11:46  자기모델잔차:21.86
16:11:46  자기모델반경:1.031
16:11:46  방향채택:7899
16:11:46  방향거부:66253
16:11:46  GPS원시속도:0.998
16:11:46  GPS원시방향유효:1
16:11:46  GPS원시방향:172.7
16:11:46  가속도:-3.54,-2.33,3.66
16:11:46  자이로:27.4,-15.1,-15.9
16:11:46  자력계:21.900,-0.450,15.900
16:11:46  충격값:8.26
16:11:46  충격피크:26.23
16:11:46  마지막충격발생값:0.00
16:11:46  마지막충격발생ms:0
16:11:46  송신:5655
16:11:46  지팡이수신:5293
16:11:46  GPS위성:6
16:11:46  GPS_HDOP:1.27
16:11:46  원시위도:37.496482
16:11:46  원시경도:126.954581
16:11:46  GPS채택:178
16:11:46  GPS이상치거부:17
16:11:46  GPS품질거부:158
16:11:46  GPS재기준:0
16:11:46  계산거리:7.79
16:11:46  접근속도:0.92
16:11:46  TTC:999.00
16:11:46  방향오차:3.5
16:11:46  전방여부:0
16:11:46  위험음성횟수:0
16:11:46  충격음성횟수:0
16:11:46  마지막위험음성:0
16:11:46  RSSI원시:-78
16:11:46  RSSI평활:-73.3
16:11:46  RSSI샘플:5293
16:11:46  RSSI경과ms:24
16:11:46  RSSI구간:2
16:11:46  RSSI거리:7.79
16:11:46  상대보정:1
16:11:46  상대보정중:0
16:11:46  보정동쪽:-7.05
16:11:46  보정북쪽:10.80
16:11:46  위험송신:5293
16:11:46  시각ms:591381
16:11:46  IMU시각ms:591380
16:11:46  위험:0
16:11:46  원시위험:0
16:11:46  GPS유효:1
16:11:46  위도:37.496488
16:11:46  경도:126.954587
16:11:46  속도:0.92
16:11:46  방향:109.3
16:11:46  이동방향유효:1
16:11:46  GPS이동방향:109.3
16:11:46  차체방향유효:0
16:11:46  차체방향:79.6
16:11:46  후진판정:0
16:11:46  IMU요회전속도:0.00
16:11:46  방향가속도크기:13.72
16:11:46  방향자이로크기:52.01
16:11:46  방향자세cos:0.8782
16:11:46  자기모델잔차:21.86
16:11:46  자기모델반경:1.031
16:11:46  방향채택:7899
16:11:46  방향거부:66266
16:11:46  GPS원시속도:0.998
16:11:46  GPS원시방향유효:1
16:11:46  GPS원시방향:172.7
16:11:46  가속도:-1.03,6.01,12.29
16:11:46  자이로:-49.9,1.8,14.5
16:11:46  자력계:23.550,-0.750,16.500
16:11:46  충격값:4.83
16:11:46  충격피크:21.77
16:11:46  마지막충격발생값:0.00
16:11:46  마지막충격발생ms:0
16:11:46  송신:5656
16:11:46  지팡이수신:5294
16:11:46  GPS위성:6
16:11:46  GPS_HDOP:1.27
16:11:46  원시위도:37.496482
16:11:46  원시경도:126.954581
16:11:46  GPS채택:178
16:11:46  GPS이상치거부:17
16:11:46  GPS품질거부:158
16:11:46  GPS재기준:0
16:11:46  계산거리:8.85
16:11:46  접근속도:0.92
16:11:46  TTC:999.00
16:11:46  방향오차:3.2
16:11:46  전방여부:0
16:11:46  위험음성횟수:0
16:11:46  충격음성횟수:0
16:11:46  마지막위험음성:0
16:11:46  RSSI원시:-80
16:11:46  RSSI평활:-74.6
16:11:46  RSSI샘플:5294
16:11:46  RSSI경과ms:25
16:11:46  RSSI구간:2
16:11:46  RSSI거리:8.85
16:11:46  상대보정:1
16:11:46  상대보정중:0
16:11:46  보정동쪽:-7.05
16:11:46  보정북쪽:10.80
16:11:46  위험송신:5294
16:11:46  시각ms:591588
16:11:46  IMU시각ms:591587
16:11:46  위험:0
16:11:46  원시위험:0
16:11:46  GPS유효:1
16:11:46  위도:37.496487
16:11:46  경도:126.954588
16:11:46  속도:0.92
16:11:46  방향:109.3
16:11:46  이동방향유효:1
16:11:46  GPS이동방향:109.3
16:11:46  차체방향유효:0
16:11:46  차체방향:79.6
16:11:46  후진판정:0
16:11:46  IMU요회전속도:0.00
16:11:46  방향가속도크기:6.48
16:11:46  방향자이로크기:53.20
16:11:46  방향자세cos:0.9851
16:11:46  자기모델잔차:21.97
16:11:46  자기모델반경:0.875
16:11:46  방향채택:7899
16:11:46  방향거부:66293
16:11:46  GPS원시속도:0.998
16:11:46  GPS원시방향유효:1
16:11:46  GPS원시방향:172.7
16:11:46  가속도:1.69,1.26,6.12
16:11:46  자이로:-48.6,21.1,4.7
16:11:46  자력계:23.550,-1.500,16.050
16:11:46  충격값:4.69
16:11:46  충격피크:17.66
16:11:46  마지막충격발생값:0.00
16:11:46  마지막충격발생ms:0
16:11:46  송신:5658
16:11:46  지팡이수신:5295
16:11:46  GPS위성:6
16:11:46  GPS_HDOP:1.27
16:11:46  원시위도:37.496482
16:11:46  원시경도:126.954581
16:11:46  GPS채택:178
16:11:46  GPS이상치거부:17
16:11:46  GPS품질거부:158
16:11:46  GPS재기준:0
16:11:46  계산거리:7.66
16:11:46  접근속도:0.92
16:11:46  TTC:999.00
16:11:46  방향오차:3.2
16:11:46  전방여부:0
16:11:46  위험음성횟수:0
16:11:46  충격음성횟수:0
16:11:46  마지막위험음성:0
16:11:46  RSSI원시:-67
16:11:46  RSSI평활:-73.1
16:11:46  RSSI샘플:5295
16:11:46  RSSI경과ms:21
16:11:46  RSSI구간:2
16:11:46  RSSI거리:7.66
16:11:46  상대보정:1
16:11:46  상대보정중:0
16:11:46  보정동쪽:-7.05
16:11:46  보정북쪽:10.80
16:11:46  위험송신:5295
16:11:46  시각ms:591694
16:11:46  IMU시각ms:591693
16:11:46  위험:0
16:11:46  원시위험:0
16:11:46  GPS유효:1
16:11:46  위도:37.496487
16:11:46  경도:126.954588
16:11:46  속도:0.92
16:11:46  방향:109.3
16:11:46  이동방향유효:1
16:11:46  GPS이동방향:109.3
16:11:46  차체방향유효:0
16:11:46  차체방향:79.6
16:11:46  후진판정:0
16:11:46  IMU요회전속도:0.00
16:11:46  방향가속도크기:9.97
16:11:46  방향자이로크기:65.77
16:11:46  방향자세cos:0.9851
16:11:46  자기모델잔차:21.97
16:11:46  자기모델반경:0.875
16:11:46  방향채택:7899
16:11:46  방향거부:66306
16:11:46  GPS원시속도:0.998
16:11:46  GPS원시방향유효:1
16:11:46  GPS원시방향:172.7
16:11:46  가속도:-9.50,-2.44,1.77
16:11:46  자이로:-35.8,20.5,51.2
16:11:46  자력계:21.900,-0.450,15.900
16:11:46  충격값:13.16
16:11:46  충격피크:15.42
16:11:46  마지막충격발생값:0.00
16:11:46  마지막충격발생ms:0
16:11:46  송신:5659
16:11:46  지팡이수신:5296
16:11:46  GPS위성:6
16:11:46  GPS_HDOP:1.27
16:11:46  원시위도:37.496482
16:11:46  원시경도:126.954581
16:11:46  GPS채택:178
16:11:46  GPS이상치거부:17
16:11:46  GPS품질거부:158
16:11:46  GPS재기준:0
16:11:46  계산거리:6.95
16:11:46  접근속도:0.92
16:11:46  TTC:999.00
16:11:46  방향오차:3.2
16:11:46  전방여부:0
16:11:46  위험음성횟수:0
16:11:46  충격음성횟수:0
16:11:46  마지막위험음성:0
16:11:46  RSSI원시:-68
16:11:46  RSSI평활:-72.1
16:11:46  RSSI샘플:5296
16:11:46  RSSI경과ms:25
16:11:46  RSSI구간:2
16:11:46  RSSI거리:6.95
16:11:46  상대보정:1
16:11:46  상대보정중:0
16:11:46  보정동쪽:-7.05
16:11:46  보정북쪽:10.80
16:11:46  위험송신:5296
16:11:46  시각ms:591800
16:11:46  IMU시각ms:591799
16:11:46  위험:0
16:11:46  원시위험:0
16:11:46  GPS유효:1
16:11:46  위도:37.496486
16:11:46  경도:126.954588
16:11:46  속도:0.92
16:11:46  방향:109.3
16:11:46  이동방향유효:1
16:11:46  GPS이동방향:109.3
16:11:46  차체방향유효:0
16:11:46  차체방향:79.6
16:11:46  후진판정:0
16:11:46  IMU요회전속도:0.00
16:11:46  방향가속도크기:17.03
16:11:46  방향자이로크기:50.50
16:11:46  방향자세cos:0.8454
16:11:46  자기모델잔차:19.21
16:11:46  자기모델반경:0.803
16:11:46  방향채택:7899
16:11:46  방향거부:66319
16:11:46  GPS원시속도:0.998
16:11:46  GPS원시방향유효:1
16:11:46  GPS원시방향:172.7
16:11:46  가속도:-2.07,5.20,16.09
16:11:46  자이로:-44.5,22.5,-8.0
16:11:46  자력계:19.350,-2.250,17.250
16:11:46  충격값:6.84
16:11:46  충격피크:14.54
16:11:46  마지막충격발생값:0.00
16:11:46  마지막충격발생ms:0
16:11:46  송신:5660
16:11:46  지팡이수신:5297
16:11:46  GPS위성:6
16:11:46  GPS_HDOP:1.27
16:11:46  원시위도:37.496482
16:11:46  원시경도:126.954581
16:11:46  GPS채택:178
16:11:46  GPS이상치거부:17
16:11:46  GPS품질거부:158
16:11:46  GPS재기준:0
16:11:46  계산거리:7.35
16:11:46  접근속도:0.92
16:11:46  TTC:999.00
16:11:46  방향오차:3.2
16:11:46  전방여부:0
16:11:46  위험음성횟수:0
16:11:46  충격음성횟수:0
16:11:46  마지막위험음성:0
16:11:46  RSSI원시:-75
16:11:46  RSSI평활:-72.7
16:11:46  RSSI샘플:5297
16:11:46  RSSI경과ms:26
16:11:46  RSSI구간:2
16:11:46  RSSI거리:7.35
16:11:46  상대보정:1
16:11:46  상대보정중:0
16:11:46  보정동쪽:-7.05
16:11:46  보정북쪽:10.80
16:11:46  위험송신:5297
16:11:46  시각ms:591901
16:11:46  IMU시각ms:591900
16:11:46  위험:0
16:11:46  원시위험:0
16:11:46  GPS유효:1
16:11:46  위도:37.496486
16:11:46  경도:126.954588
16:11:46  속도:0.92
16:11:46  방향:109.3
16:11:46  이동방향유효:1
16:11:46  GPS이동방향:109.3
16:11:46  차체방향유효:0
16:11:46  차체방향:79.6
16:11:46  후진판정:0
16:11:46  IMU요회전속도:0.00
16:11:46  방향가속도크기:3.08
16:11:46  방향자이로크기:49.39
16:11:46  방향자세cos:0.9562
16:11:46  자기모델잔차:19.21
16:11:46  자기모델반경:0.803
16:11:46  방향채택:7899
16:11:46  방향거부:66333
16:11:46  GPS원시속도:0.998
16:11:46  GPS원시방향유효:1
16:11:46  GPS원시방향:172.7
16:11:46  가속도:2.20,-0.48,2.11
16:11:46  자이로:-34.6,31.5,-15.7
16:11:46  자력계:18.600,-2.700,14.250
16:11:46  충격값:8.16
16:11:46  충격피크:17.09
16:11:46  마지막충격발생값:0.00
16:11:46  마지막충격발생ms:0
16:11:46  송신:5661
16:11:46  지팡이수신:5297
16:11:46  GPS위성:6
16:11:46  GPS_HDOP:1.27
16:11:46  원시위도:37.496482
16:11:46  원시경도:126.954581
16:11:46  GPS채택:178
16:11:46  GPS이상치거부:17
16:11:46  GPS품질거부:158
16:11:46  GPS재기준:0
16:11:46  계산거리:7.35
16:11:46  접근속도:0.92
16:11:46  TTC:999.00
16:11:46  방향오차:3.2
16:11:46  전방여부:0
16:11:46  위험음성횟수:0
16:11:46  충격음성횟수:0
16:11:46  마지막위험음성:0
16:11:46  RSSI원시:-75
16:11:46  RSSI평활:-72.7
16:11:46  RSSI샘플:5297
16:11:46  RSSI경과ms:127
16:11:46  RSSI구간:2
16:11:46  RSSI거리:7.35
16:11:46  상대보정:1
16:11:46  상대보정중:0
16:11:46  보정동쪽:-7.05
16:11:46  보정북쪽:10.80
16:11:46  위험송신:5297
16:11:47  시각ms:592851
16:11:47  IMU시각ms:592827
16:11:47  위험:0
16:11:47  원시위험:0
16:11:47  GPS유효:1
16:11:47  위도:37.496475
16:11:47  경도:126.954584
16:11:47  속도:0.97
16:11:47  방향:133.2
16:11:47  이동방향유효:1
16:11:47  GPS이동방향:133.2
16:11:47  차체방향유효:0
16:11:47  차체방향:79.6
16:11:47  후진판정:0
16:11:47  IMU요회전속도:0.00
16:11:47  방향가속도크기:9.42
16:11:47  방향자이로크기:41.60
16:11:47  방향자세cos:0.8970
16:11:47  자기모델잔차:22.10
16:11:47  자기모델반경:0.668
16:11:47  방향채택:7899
16:11:47  방향거부:66438
16:11:47  GPS원시속도:1.024
16:11:47  GPS원시방향유효:1
16:11:47  GPS원시방향:177.7
16:11:47  가속도:2.27,3.62,8.39
16:11:47  자이로:34.4,14.3,18.6
16:11:47  자력계:19.050,-5.850,17.250
16:11:47  충격값:3.99
16:11:47  충격피크:15.28
16:11:47  마지막충격발생값:0.00
16:11:47  마지막충격발생ms:0
16:11:47  송신:5670
16:11:47  지팡이수신:5305
16:11:47  GPS위성:7
16:11:47  GPS_HDOP:1.27
16:11:47  원시위도:37.496474
16:11:47  원시경도:126.954578
16:11:47  GPS채택:179
16:11:47  GPS이상치거부:17
16:11:47  GPS품질거부:158
16:11:47  GPS재기준:0
16:11:47  계산거리:7.22
16:11:47  접근속도:0.91
16:11:47  TTC:999.00
16:11:47  방향오차:-21.4
16:11:47  전방여부:0
16:11:47  위험음성횟수:0
16:11:47  충격음성횟수:0
16:11:47  마지막위험음성:0
16:11:47  RSSI원시:-73
16:11:47  RSSI평활:-72.5
16:11:47  RSSI샘플:5305
16:11:47  RSSI경과ms:30
16:11:47  RSSI구간:2
16:11:47  RSSI거리:7.22
16:11:47  상대보정:1
16:11:47  상대보정중:0
16:11:47  보정동쪽:-7.05
16:11:47  보정북쪽:10.80
16:11:47  위험송신:5305
16:11:47  시각ms:592943
16:11:47  IMU시각ms:592942
16:11:47  위험:0
16:11:47  원시위험:0
16:11:48  GPS유효:1
16:11:48  위도:37.496474
16:11:48  경도:126.954584
16:11:48  속도:0.97
16:11:48  방향:133.2
16:11:48  이동방향유효:1
16:11:48  GPS이동방향:133.2
16:11:48  차체방향유효:0
16:11:48  차체방향:79.6
16:11:48  후진판정:0
16:11:48  IMU요회전속도:0.00
16:11:48  방향가속도크기:10.19
16:11:48  방향자이로크기:107.57
16:11:48  방향자세cos:0.9052
16:11:48  자기모델잔차:22.10
16:11:48  자기모델반경:0.668
16:11:48  방향채택:7899
16:11:48  방향거부:66449
16:11:48  GPS원시속도:1.024
16:11:48  GPS원시방향유효:1
16:11:48  GPS원시방향:177.7
16:11:48  가속도:3.03,0.45,9.72
16:11:48  자이로:70.0,-4.2,-81.6
16:11:48  자력계:18.450,-6.450,19.200
16:11:48  충격값:3.07
16:11:48  충격피크:15.86
16:11:48  마지막충격발생값:0.00
16:11:48  마지막충격발생ms:0
16:11:48  송신:5671
16:11:48  지팡이수신:5306
16:11:48  GPS위성:7
16:11:48  GPS_HDOP:1.27
16:11:48  원시위도:37.496474
16:11:48  원시경도:126.954578
16:11:48  GPS채택:179
16:11:48  GPS이상치거부:17
16:11:48  GPS품질거부:158
16:11:48  GPS재기준:0
16:11:48  계산거리:6.89
16:11:48  접근속도:0.91
16:11:48  TTC:999.00
16:11:48  방향오차:-21.4
16:11:48  전방여부:0
16:11:48  위험음성횟수:0
16:11:48  충격음성횟수:0
16:11:48  마지막위험음성:0
16:11:48  RSSI원시:-70
16:11:48  RSSI평활:-72.0
16:11:48  RSSI샘플:5306
16:11:48  RSSI경과ms:23
16:11:48  RSSI구간:2
16:11:48  RSSI거리:6.89
16:11:48  상대보정:1
16:11:48  상대보정중:0
16:11:48  보정동쪽:-7.05
16:11:48  보정북쪽:10.80
16:11:48  위험송신:5306
16:11:48  시각ms:593049
16:11:48  IMU시각ms:593048
16:11:48  위험:0
16:11:48  원시위험:0
16:11:48  GPS유효:1
16:11:48  위도:37.496474
16:11:48  경도:126.954584
16:11:48  속도:0.97
16:11:48  방향:133.2
16:11:48  이동방향유효:1
16:11:48  GPS이동방향:133.2
16:11:48  차체방향유효:0
16:11:48  차체방향:79.6
16:11:48  후진판정:0
16:11:48  IMU요회전속도:0.00
16:11:48  방향가속도크기:7.79
16:11:48  방향자이로크기:89.60
16:11:48  방향자세cos:0.9052
16:11:48  자기모델잔차:22.10
16:11:48  자기모델반경:0.668
16:11:48  방향채택:7899
16:11:48  방향거부:66462
16:11:48  GPS원시속도:1.024
16:11:48  GPS원시방향유효:1
16:11:48  GPS원시방향:177.7
16:11:48  가속도:3.43,-1.25,6.89
16:11:48  자이로:-7.6,42.5,-78.5
16:11:48  자력계:20.100,-1.500,18.750
16:11:48  충격값:5.60
16:11:48  충격피크:11.41
16:11:48  마지막충격발생값:0.00
16:11:48  마지막충격발생ms:0
16:11:48  송신:5672
16:11:48  지팡이수신:5307
16:11:48  GPS위성:7
16:11:48  GPS_HDOP:1.27
16:11:48  원시위도:37.496474
16:11:48  원시경도:126.954578
16:11:48  GPS채택:179
16:11:48  GPS이상치거부:17
16:11:48  GPS품질거부:158
16:11:48  GPS재기준:0
16:11:48  계산거리:6.89
16:11:48  접근속도:0.91
16:11:48  TTC:999.00
16:11:48  방향오차:-21.4
16:11:48  전방여부:0
16:11:48  위험음성횟수:0
16:11:48  충격음성횟수:0
16:11:48  마지막위험음성:0
16:11:48  RSSI원시:-72
16:11:48  RSSI평활:-72.0
16:11:48  RSSI샘플:5307
16:11:48  RSSI경과ms:24
16:11:48  RSSI구간:2
16:11:48  RSSI거리:6.89
16:11:48  상대보정:1
16:11:48  상대보정중:0
16:11:48  보정동쪽:-7.05
16:11:48  보정북쪽:10.80
16:11:48  위험송신:5307
16:11:48  시각ms:593155
16:11:48  IMU시각ms:593154
16:11:48  위험:0
16:11:48  원시위험:0
16:11:48  GPS유효:1
16:11:48  위도:37.496474
16:11:48  경도:126.954584
16:11:48  속도:0.97
16:11:48  방향:133.2
16:11:48  이동방향유효:1
16:11:48  GPS이동방향:133.2
16:11:48  차체방향유효:0
16:11:48  차체방향:79.6
16:11:48  후진판정:0
16:11:48  IMU요회전속도:0.00
16:11:48  방향가속도크기:28.16
16:11:48  방향자이로크기:41.84
16:11:48  방향자세cos:0.9711
16:11:48  자기모델잔차:25.10
16:11:48  자기모델반경:0.820
16:11:48  방향채택:7899
16:11:48  방향거부:66475
16:11:48  GPS원시속도:1.024
16:11:48  GPS원시방향유효:1
16:11:48  GPS원시방향:177.7
16:11:48  가속도:-2.77,3.21,27.84
16:11:48  자이로:14.2,-36.2,-15.4
16:11:48  자력계:21.750,-1.950,19.050
16:11:48  충격값:17.56
16:11:48  충격피크:17.56
16:11:48  마지막충격발생값:0.00
16:11:48  마지막충격발생ms:0
16:11:48  송신:5673
16:11:48  지팡이수신:5308
16:11:48  GPS위성:7
16:11:48  GPS_HDOP:1.27
16:11:48  원시위도:37.496474
16:11:48  원시경도:126.954578
16:11:48  GPS채택:179
16:11:48  GPS이상치거부:17
16:11:48  GPS품질거부:158
16:11:48  GPS재기준:0
16:11:48  계산거리:6.89
16:11:48  접근속도:0.91
16:11:48  TTC:999.00
16:11:48  방향오차:-21.4
16:11:48  전방여부:0
16:11:48  위험음성횟수:0
16:11:48  충격음성횟수:0
16:11:48  마지막위험음성:0
16:11:48  RSSI원시:-72
16:11:48  RSSI평활:-72.0
16:11:48  RSSI샘플:5308
16:11:48  RSSI경과ms:26
16:11:48  RSSI구간:2
16:11:48  RSSI거리:6.89
16:11:48  상대보정:1
16:11:48  상대보정중:0
16:11:48  보정동쪽:-7.05
16:11:48  보정북쪽:10.80
16:11:48  위험송신:5308
16:11:48  시각ms:593259
16:11:48  IMU시각ms:593258
16:11:48  위험:0
16:11:48  원시위험:0
16:11:48  GPS유효:1
16:11:48  위도:37.496468
16:11:48  경도:126.954581
16:11:48  속도:0.94
16:11:48  방향:149.6
16:11:48  이동방향유효:1
16:11:48  GPS이동방향:149.6
16:11:48  차체방향유효:0
16:11:48  차체방향:79.6
16:11:48  후진판정:0
16:11:48  IMU요회전속도:0.00
16:11:48  방향가속도크기:34.53
16:11:48  방향자이로크기:38.07
16:11:48  방향자세cos:0.0598
16:11:48  자기모델잔차:22.90
16:11:48  자기모델반경:0.796
16:11:48  방향채택:7899
16:11:48  방향거부:66486
16:11:48  GPS원시속도:0.916
16:11:48  GPS원시방향유효:1
16:11:48  GPS원시방향:180.2
16:11:48  가속도:-1.11,16.47,30.32
16:11:48  자이로:-37.1,-1.8,-8.6
16:11:48  자력계:20.700,2.100,19.200
16:11:48  충격값:25.87
16:11:48  충격피크:25.87
16:11:48  마지막충격발생값:0.00
16:11:48  마지막충격발생ms:0
16:11:48  송신:5674
16:11:48  지팡이수신:5309
16:11:48  GPS위성:6
16:11:48  GPS_HDOP:1.27
16:11:48  원시위도:37.496465
16:11:48  원시경도:126.954578
16:11:48  GPS채택:180
16:11:48  GPS이상치거부:17
16:11:48  GPS품질거부:158
16:11:48  GPS재기준:0
16:11:48  계산거리:6.27
16:11:48  접근속도:0.74
16:11:48  TTC:999.00
16:11:48  방향오차:-38.3
16:11:48  전방여부:0
16:11:48  위험음성횟수:0
16:11:48  충격음성횟수:0
16:11:48  마지막위험음성:0
16:11:48  RSSI원시:-67
16:11:48  RSSI평활:-71.0
16:11:48  RSSI샘플:5309
16:11:48  RSSI경과ms:25
16:11:48  RSSI구간:2
16:11:48  RSSI거리:6.27
16:11:48  상대보정:1
16:11:48  상대보정중:0
16:11:48  보정동쪽:-7.05
16:11:48  보정북쪽:10.80
16:11:48  위험송신:5309
16:11:48  시각ms:593366
16:11:48  IMU시각ms:593365
16:11:48  위험:0
16:11:48  원시위험:0
16:11:48  GPS유효:1
16:11:48  위도:37.496467
16:11:48  경도:126.954581
16:11:48  속도:0.94
16:11:48  방향:149.6
16:11:48  이동방향유효:1
16:11:48  GPS이동방향:149.6
16:11:48  차체방향유효:0
16:11:48  차체방향:79.6
16:11:48  후진판정:0
16:11:48  IMU요회전속도:0.00
16:11:48  방향가속도크기:34.96
16:11:48  방향자이로크기:74.26
16:11:48  방향자세cos:0.9858
16:11:48  자기모델잔차:22.89
16:11:48  자기모델반경:0.871
16:11:48  방향채택:7899
16:11:48  방향거부:66499
16:11:48  GPS원시속도:0.916
16:11:48  GPS원시방향유효:1
16:11:48  GPS원시방향:180.2
16:11:48  가속도:-5.34,11.67,32.52
16:11:48  자이로:-50.0,-34.1,-43.1
16:11:48  자력계:21.000,0.300,15.300
16:11:48  충격값:25.73
16:11:48  충격피크:25.73
16:11:48  마지막충격발생값:0.00
16:11:48  마지막충격발생ms:0
16:11:48  송신:5675
16:11:48  지팡이수신:5310
16:11:48  GPS위성:6
16:11:48  GPS_HDOP:1.27
16:11:48  원시위도:37.496465
16:11:48  원시경도:126.954578
16:11:48  GPS채택:180
16:11:48  GPS이상치거부:17
16:11:48  GPS품질거부:158
16:11:48  GPS재기준:0
16:11:48  계산거리:6.04
16:11:48  접근속도:0.74
16:11:48  TTC:999.00
16:11:48  방향오차:-38.3
16:11:48  전방여부:0
16:11:48  위험음성횟수:0
16:11:48  충격음성횟수:0
16:11:48  마지막위험음성:0
16:11:48  RSSI원시:-69
16:11:48  RSSI평활:-70.6
16:11:48  RSSI샘플:5310
16:11:48  RSSI경과ms:28
16:11:48  RSSI구간:2
16:11:48  RSSI거리:6.04
16:11:48  상대보정:1
16:11:48  상대보정중:0
16:11:48  보정동쪽:-7.05
16:11:48  보정북쪽:10.80
16:11:48  위험송신:5310
16:11:48  시각ms:593466
16:11:48  IMU시각ms:593465
16:11:48  위험:0
16:11:48  원시위험:1
16:11:48  GPS유효:1
16:11:48  위도:37.496467
16:11:48  경도:126.954581
16:11:48  속도:0.94
16:11:48  방향:149.6
16:11:48  이동방향유효:1
16:11:48  GPS이동방향:149.6
16:11:48  차체방향유효:0
16:11:48  차체방향:79.6
16:11:48  후진판정:0
16:11:48  IMU요회전속도:0.00
16:11:48  방향가속도크기:8.48
16:11:48  방향자이로크기:27.24
16:11:48  방향자세cos:0.9907
16:11:48  자기모델잔차:20.74
16:11:48  자기모델반경:0.873
16:11:48  방향채택:7899
16:11:48  방향거부:66511
16:11:48  GPS원시속도:0.916
16:11:48  GPS원시방향유효:1
16:11:48  GPS원시방향:180.2
16:11:48  가속도:-0.29,-0.73,8.45
16:11:48  자이로:24.9,9.4,5.6
16:11:48  자력계:20.400,0.450,15.150
16:11:48  충격값:1.56
16:11:48  충격피크:18.28
16:11:48  마지막충격발생값:0.00
16:11:48  마지막충격발생ms:0
16:11:48  송신:5676
16:11:48  지팡이수신:5311
16:11:48  GPS위성:6
16:11:48  GPS_HDOP:1.27
16:11:48  원시위도:37.496465
16:11:48  원시경도:126.954578
16:11:48  GPS채택:180
16:11:48  GPS이상치거부:17
16:11:48  GPS품질거부:158
16:11:48  GPS재기준:0
16:11:48  계산거리:5.75
16:11:48  접근속도:0.74
16:11:48  TTC:4.78
16:11:48  방향오차:-38.1
16:11:48  전방여부:1
16:11:48  위험음성횟수:0
16:11:48  충격음성횟수:0
16:11:48  마지막위험음성:0
16:11:48  RSSI원시:-68
16:11:48  RSSI평활:-70.1
16:11:48  RSSI샘플:5311
16:11:48  RSSI경과ms:23
16:11:48  RSSI구간:2
16:11:48  RSSI거리:5.75
16:11:48  상대보정:1
16:11:48  상대보정중:0
16:11:48  보정동쪽:-7.05
16:11:48  보정북쪽:10.80
16:11:48  위험송신:5311
16:11:48  시각ms:593572
16:11:48  IMU시각ms:593571
16:11:48  위험:0
16:11:48  원시위험:0
16:11:48  GPS유효:1
16:11:48  위도:37.496466
16:11:48  경도:126.954581
16:11:48  속도:0.94
16:11:48  방향:149.6
16:11:48  이동방향유효:1
16:11:48  GPS이동방향:149.6
16:11:48  차체방향유효:0
16:11:48  차체방향:79.6
16:11:48  후진판정:0
16:11:48  IMU요회전속도:0.00
16:11:48  방향가속도크기:24.75
16:11:48  방향자이로크기:19.32
16:11:48  방향자세cos:0.9488
16:11:48  자기모델잔차:20.74
16:11:48  자기모델반경:0.873
16:11:48  방향채택:7899
16:11:48  방향거부:66524
16:11:48  GPS원시속도:0.916
16:11:48  GPS원시방향유효:1
16:11:48  GPS원시방향:180.2
16:11:48  가속도:2.75,7.58,23.40
16:11:48  자이로:-12.3,-11.0,-10.0
16:11:48  자력계:19.950,0.450,13.650
16:11:48  충격값:15.60
16:11:48  충격피크:16.24
16:11:48  마지막충격발생값:0.00
16:11:48  마지막충격발생ms:0
16:11:48  송신:5677
16:11:48  지팡이수신:5312
16:11:48  GPS위성:6
16:11:48  GPS_HDOP:1.27
16:11:48  원시위도:37.496465
16:11:48  원시경도:126.954578
16:11:48  GPS채택:180
16:11:48  GPS이상치거부:17
16:11:48  GPS품질거부:158
16:11:48  GPS재기준:0
16:11:48  계산거리:6.07
16:11:48  접근속도:0.74
16:11:48  TTC:999.00
16:11:48  방향오차:-38.1
16:11:48  전방여부:0
16:11:48  위험음성횟수:0
16:11:48  충격음성횟수:0
16:11:48  마지막위험음성:0
16:11:48  RSSI원시:-73
16:11:48  RSSI평활:-70.7
16:11:48  RSSI샘플:5312
16:11:48  RSSI경과ms:24
16:11:48  RSSI구간:2
16:11:48  RSSI거리:6.07
16:11:48  상대보정:1
16:11:48  상대보정중:0
16:11:48  보정동쪽:-7.05
16:11:48  보정북쪽:10.80
16:11:48  위험송신:5312
16:11:48  시각ms:593678
16:11:48  IMU시각ms:593677
16:11:48  위험:0
16:11:48  원시위험:1
16:11:48  GPS유효:1
16:11:48  위도:37.496465
16:11:48  경도:126.954581
16:11:48  속도:0.94
16:11:48  방향:149.6
16:11:48  이동방향유효:1
16:11:48  GPS이동방향:149.6
16:11:48  차체방향유효:0
16:11:48  차체방향:79.6
16:11:48  후진판정:0
16:11:48  IMU요회전속도:0.00
16:11:48  방향가속도크기:9.97
16:11:48  방향자이로크기:39.78
16:11:48  방향자세cos:-0.0258
16:11:48  자기모델잔차:20.72
16:11:48  자기모델반경:0.878
16:11:48  방향채택:7899
16:11:48  방향거부:66537
16:11:48  GPS원시속도:0.916
16:11:48  GPS원시방향유효:1
16:11:48  GPS원시방향:180.2
16:11:48  가속도:-5.80,-8.10,-0.12
16:11:48  자이로:-36.9,11.0,-9.8
16:11:48  자력계:21.450,-0.450,14.700
16:11:48  충격값:13.96
16:11:48  충격피크:22.53
16:11:48  마지막충격발생값:0.00
16:11:48  마지막충격발생ms:0
16:11:48  송신:5678
16:11:48  지팡이수신:5313
16:11:48  GPS위성:6
16:11:48  GPS_HDOP:1.27
16:11:48  원시위도:37.496465
16:11:48  원시경도:126.954578
16:11:48  GPS채택:180
16:11:48  GPS이상치거부:17
16:11:48  GPS품질거부:158
16:11:48  GPS재기준:0
16:11:48  계산거리:5.89
16:11:48  접근속도:0.74
16:11:48  TTC:4.89
16:11:48  방향오차:-38.3
16:11:48  전방여부:1
16:11:48  위험음성횟수:0
16:11:48  충격음성횟수:0
16:11:48  마지막위험음성:0
16:11:48  RSSI원시:-69
16:11:48  RSSI평활:-70.3
16:11:48  RSSI샘플:5313
16:11:48  RSSI경과ms:26
16:11:48  RSSI구간:2
16:11:48  RSSI거리:5.89
16:11:48  상대보정:1
16:11:48  상대보정중:0
16:11:48  보정동쪽:-7.05
16:11:48  보정북쪽:10.80
16:11:48  위험송신:5313
16:11:48  시각ms:593784
16:11:48  IMU시각ms:593783
16:11:48  위험:0
16:11:48  원시위험:1
16:11:48  GPS유효:1
16:11:48  위도:37.496464
16:11:48  경도:126.954581
16:11:48  속도:0.94
16:11:48  방향:149.6
16:11:48  이동방향유효:1
16:11:48  GPS이동방향:149.6
16:11:48  차체방향유효:0
16:11:48  차체방향:79.6
16:11:48  후진판정:0
16:11:48  IMU요회전속도:0.00
16:11:48  방향가속도크기:5.33
16:11:48  방향자이로크기:58.12
16:11:48  방향자세cos:0.7887
16:11:48  자기모델잔차:20.80
16:11:48  자기모델반경:0.823
16:11:48  방향채택:7899
16:11:48  방향거부:66550
16:11:48  GPS원시속도:0.916
16:11:48  GPS원시방향유효:1
16:11:48  GPS원시방향:180.2
16:11:48  가속도:-4.52,-0.50,2.79
16:11:48  자이로:-48.4,17.6,-26.8
16:11:48  자력계:22.650,-1.350,13.200
16:11:48  충격값:8.81
16:11:48  충격피크:17.90
16:11:48  마지막충격발생값:0.00
16:11:48  마지막충격발생ms:0
16:11:48  송신:5679
16:11:48  지팡이수신:5314
16:11:48  GPS위성:6
16:11:48  GPS_HDOP:1.27
16:11:48  원시위도:37.496465
16:11:48  원시경도:126.954578
16:11:48  GPS채택:180
16:11:48  GPS이상치거부:17
16:11:48  GPS품질거부:158
16:11:48  GPS재기준:0
16:11:48  계산거리:5.12
16:11:48  접근속도:0.74
16:11:48  TTC:4.25
16:11:48  방향오차:-38.3
16:11:48  전방여부:1
16:11:48  위험음성횟수:0
16:11:48  충격음성횟수:0
16:11:48  마지막위험음성:0
16:11:48  RSSI원시:-63
16:11:48  RSSI평활:-68.9
16:11:48  RSSI샘플:5314
16:11:48  RSSI경과ms:24
16:11:48  RSSI구간:2
16:11:48  RSSI거리:5.12
16:11:48  상대보정:1
16:11:48  상대보정중:0
16:11:48  보정동쪽:-7.05
16:11:48  보정북쪽:10.80
16:11:48  위험송신:5314
16:11:48  시각ms:593895
16:11:48  IMU시각ms:593883
16:11:48  위험:1
16:11:48  원시위험:1
16:11:48  GPS유효:1
16:11:48  위도:37.496464
16:11:48  경도:126.954581
16:11:48  속도:0.94
16:11:48  방향:149.6
16:11:48  이동방향유효:1
16:11:48  GPS이동방향:149.6
16:11:48  차체방향유효:0
16:11:48  차체방향:79.6
16:11:48  후진판정:0
16:11:48  IMU요회전속도:0.00
16:11:48  방향가속도크기:13.61
16:11:48  방향자이로크기:31.18
16:11:48  방향자세cos:0.9117
16:11:48  자기모델잔차:20.80
16:11:48  자기모델반경:0.823
16:11:48  방향채택:7899
16:11:48  방향거부:66562
16:11:48  GPS원시속도:0.916
16:11:48  GPS원시방향유효:1
16:11:48  GPS원시방향:180.2
16:11:48  가속도:2.31,6.51,11.73
16:11:48  자이로:24.5,-1.5,-19.2
16:11:48  자력계:21.300,-1.950,15.750
16:11:48  충격값:6.54
16:11:48  충격피크:16.88
16:11:48  마지막충격발생값:0.00
16:11:48  마지막충격발생ms:0
16:11:48  송신:5680
16:11:48  지팡이수신:5315
16:11:48  GPS위성:6
16:11:48  GPS_HDOP:1.27
16:11:48  원시위도:37.496465
16:11:48  원시경도:126.954578
16:11:48  GPS채택:180
16:11:48  GPS이상치거부:17
16:11:48  GPS품질거부:158
16:11:48  GPS재기준:0
16:11:48  계산거리:4.85
16:11:48  접근속도:0.74
16:11:48  TTC:4.02
16:11:48  방향오차:-38.3
16:11:48  전방여부:1
16:11:48  위험음성횟수:1
16:11:48  충격음성횟수:0
16:11:48  마지막위험음성:1
16:11:48  RSSI원시:-66
16:11:48  RSSI평활:-68.3
16:11:48  RSSI샘플:5315
16:11:48  RSSI경과ms:33
16:11:48  RSSI구간:2
16:11:48  RSSI거리:4.85
16:11:48  상대보정:1
16:11:48  상대보정중:0
16:11:48  보정동쪽:-7.05
16:11:48  보정북쪽:10.80
16:11:48  위험송신:5315
16:11:48  시각ms:593986
16:11:48  IMU시각ms:593985
16:11:48  위험:1
16:11:48  원시위험:1
16:11:48  GPS유효:1
16:11:48  위도:37.496463
16:11:48  경도:126.954581
16:11:48  속도:0.94
16:11:48  방향:149.6
16:11:48  이동방향유효:1
16:11:48  GPS이동방향:149.6
16:11:48  차체방향유효:0
16:11:48  차체방향:79.6
16:11:48  후진판정:0
16:11:48  IMU요회전속도:0.00
16:11:48  방향가속도크기:9.61
16:11:48  방향자이로크기:16.92
16:11:48  방향자세cos:0.8344
16:11:48  자기모델잔차:20.80
16:11:48  자기모델반경:0.823
16:11:48  방향채택:7899
16:11:48  방향거부:66573
16:11:48  GPS원시속도:0.916
16:11:48  GPS원시방향유효:1
16:11:48  GPS원시방향:180.2
16:11:48  가속도:0.15,-4.87,8.29
16:11:48  자이로:14.0,-7.6,5.8
16:11:48  자력계:20.400,-2.850,15.450
16:11:48  충격값:5.41
16:11:48  충격피크:24.11
16:11:48  마지막충격발생값:0.00
16:11:48  마지막충격발생ms:0
16:11:48  송신:5681
16:11:48  지팡이수신:5316
16:11:48  GPS위성:6
16:11:48  GPS_HDOP:1.27
16:11:48  원시위도:37.496465
16:11:48  원시경도:126.954578
16:11:48  GPS채택:180
16:11:48  GPS이상치거부:17
16:11:48  GPS품질거부:158
16:11:48  GPS재기준:0
16:11:48  계산거리:4.55
16:11:48  접근속도:0.74
16:11:48  TTC:3.78
16:11:48  방향오차:-38.3
16:11:48  전방여부:1
16:11:48  위험음성횟수:1
16:11:48  충격음성횟수:0
16:11:48  마지막위험음성:1
16:11:48  RSSI원시:-65
16:11:48  RSSI평활:-67.6
16:11:48  RSSI샘플:5316
16:11:48  RSSI경과ms:21
16:11:48  RSSI구간:2
16:11:48  RSSI거리:4.55
16:11:48  상대보정:1
16:11:48  상대보정중:0
16:11:48  보정동쪽:-7.05
16:11:48  보정북쪽:10.80
16:11:48  위험송신:5316
16:11:49  시각ms:594091
16:11:49  IMU시각ms:594090
16:11:49  위험:1
16:11:49  원시위험:1
16:11:49  GPS유효:1
16:11:49  위도:37.496463
16:11:49  경도:126.954581
16:11:49  속도:0.94
16:11:49  방향:149.6
16:11:49  이동방향유효:1
16:11:49  GPS이동방향:149.6
16:11:49  차체방향유효:0
16:11:49  차체방향:79.6
16:11:49  후진판정:0
16:11:49  IMU요회전속도:0.00
16:11:49  방향가속도크기:6.10
16:11:49  방향자이로크기:87.28
16:11:49  방향자세cos:0.9620
16:11:49  자기모델잔차:20.80
16:11:49  자기모델반경:0.823
16:11:49  방향채택:7899
16:11:49  방향거부:66586
16:11:49  GPS원시속도:0.916
16:11:49  GPS원시방향유효:1
16:11:49  GPS원시방향:180.2
16:11:49  가속도:-0.66,-0.08,6.07
16:11:49  자이로:63.5,-38.4,45.9
16:11:49  자력계:17.550,-10.500,13.050
16:11:49  충격값:3.19
16:11:49  충격피크:24.95
16:11:49  마지막충격발생값:0.00
16:11:49  마지막충격발생ms:0
16:11:49  송신:5682
16:11:49  지팡이수신:5317
16:11:49  GPS위성:6
16:11:49  GPS_HDOP:1.27
16:11:49  원시위도:37.496465
16:11:49  원시경도:126.954578
16:11:49  GPS채택:180
16:11:49  GPS이상치거부:17
16:11:49  GPS품질거부:158
16:11:49  GPS재기준:0
16:11:49  계산거리:4.67
16:11:49  접근속도:0.74
16:11:49  TTC:3.88
16:11:49  방향오차:-38.3
16:11:49  전방여부:1
16:11:49  위험음성횟수:1
16:11:49  충격음성횟수:0
16:11:49  마지막위험음성:1
16:11:49  RSSI원시:-69
16:11:49  RSSI평활:-67.9
16:11:49  RSSI샘플:5317
16:11:49  RSSI경과ms:21
16:11:49  RSSI구간:2
16:11:49  RSSI거리:4.67
16:11:49  상대보정:1
16:11:49  상대보정중:0
16:11:49  보정동쪽:-7.05
16:11:49  보정북쪽:10.80
16:11:49  위험송신:5317
16:11:49  시각ms:594213
16:11:49  IMU시각ms:594189
16:11:49  위험:1
16:11:49  원시위험:1
16:11:49  GPS유효:1
16:11:49  위도:37.496463
16:11:49  경도:126.954581
16:11:49  속도:0.94
16:11:49  방향:149.6
16:11:49  이동방향유효:1
16:11:49  GPS이동방향:149.6
16:11:49  차체방향유효:0
16:11:49  차체방향:79.6
16:11:49  후진판정:0
16:11:49  IMU요회전속도:0.00
16:11:49  방향가속도크기:22.22
16:11:49  방향자이로크기:78.22
16:11:49  방향자세cos:0.9620
16:11:49  자기모델잔차:20.80
16:11:49  자기모델반경:0.823
16:11:49  방향채택:7899
16:11:49  방향거부:66598
16:11:49  GPS원시속도:0.916
16:11:49  GPS원시방향유효:1
16:11:49  GPS원시방향:180.2
16:11:49  가속도:2.72,5.20,21.43
16:11:49  자이로:46.4,12.6,61.7
16:11:49  자력계:19.200,-4.050,13.950
16:11:49  충격값:12.87
16:11:49  충격피크:19.86
16:11:49  마지막충격발생값:0.00
16:11:49  마지막충격발생ms:0
16:11:49  송신:5683
16:11:49  지팡이수신:5318
16:11:49  GPS위성:6
16:11:49  GPS_HDOP:1.27
16:11:49  원시위도:37.496465
16:11:49  원시경도:126.954578
16:11:49  GPS채택:180
16:11:49  GPS이상치거부:17
16:11:49  GPS품질거부:158
16:11:49  GPS재기준:0
16:11:49  계산거리:4.59
16:11:49  접근속도:0.74
16:11:49  TTC:3.81
16:11:49  방향오차:-38.3
16:11:49  전방여부:1
16:11:49  위험음성횟수:1
16:11:49  충격음성횟수:0
16:11:49  마지막위험음성:1
16:11:49  RSSI원시:-67
16:11:49  RSSI평활:-67.7
16:11:49  RSSI샘플:5318
16:11:49  RSSI경과ms:37
16:11:49  RSSI구간:2
16:11:49  RSSI거리:4.59
16:11:49  상대보정:1
16:11:49  상대보정중:0
16:11:49  보정동쪽:-7.05
16:11:49  보정북쪽:10.80
16:11:49  위험송신:5318
16:11:49  시각ms:594411
16:11:49  IMU시각ms:594410
16:11:49  위험:1
16:11:49  원시위험:1
16:11:49  GPS유효:1
16:11:49  위도:37.496463
16:11:49  경도:126.954581
16:11:49  속도:0.94
16:11:49  방향:149.6
16:11:49  이동방향유효:1
16:11:49  GPS이동방향:149.6
16:11:49  차체방향유효:0
16:11:49  차체방향:79.6
16:11:49  후진판정:0
16:11:49  IMU요회전속도:0.00
16:11:49  방향가속도크기:7.18
16:11:49  방향자이로크기:32.66
16:11:49  방향자세cos:0.3010
16:11:49  자기모델잔차:20.80
16:11:49  자기모델반경:0.823
16:11:49  방향채택:7899
16:11:49  방향거부:66622
16:11:49  GPS원시속도:0.916
16:11:49  GPS원시방향유효:1
16:11:49  GPS원시방향:180.2
16:11:49  가속도:0.82,-6.67,2.53
16:11:49  자이로:-32.4,2.0,3.6
16:11:49  자력계:15.600,-14.550,18.000
16:11:49  충격값:10.69
16:11:49  충격피크:24.83
16:11:49  마지막충격발생값:0.00
16:11:49  마지막충격발생ms:0
16:11:49  송신:5685
16:11:49  지팡이수신:5320
16:11:49  GPS위성:6
16:11:49  GPS_HDOP:1.27
16:11:49  원시위도:37.496465
16:11:49  원시경도:126.954578
16:11:49  GPS채택:180
16:11:49  GPS이상치거부:17
16:11:49  GPS품질거부:158
16:11:49  GPS재기준:0
16:11:49  계산거리:3.83
16:11:49  접근속도:0.74
16:11:49  TTC:3.18
16:11:49  방향오차:-38.3
16:11:49  전방여부:1
16:11:49  위험음성횟수:1
16:11:49  충격음성횟수:0
16:11:49  마지막위험음성:1
16:11:49  RSSI원시:-62
16:11:49  RSSI평활:-65.8
16:11:49  RSSI샘플:5320
16:11:49  RSSI경과ms:26
16:11:49  RSSI구간:2
16:11:49  RSSI거리:3.83
16:11:49  상대보정:1
16:11:49  상대보정중:0
16:11:49  보정동쪽:-7.05
16:11:49  보정북쪽:10.80
16:11:49  위험송신:5320
16:11:49  시각ms:594516
16:11:49  IMU시각ms:594515
16:11:49  위험:1
16:11:49  원시위험:2
16:11:49  GPS유효:1
16:11:49  위도:37.496463
16:11:49  경도:126.954581
16:11:49  속도:0.94
16:11:49  방향:149.6
16:11:49  이동방향유효:1
16:11:49  GPS이동방향:149.6
16:11:49  차체방향유효:0
16:11:49  차체방향:79.6
16:11:49  후진판정:0
16:11:49  IMU요회전속도:0.00
16:11:49  방향가속도크기:32.83
16:11:49  방향자이로크기:63.05
16:11:49  방향자세cos:0.8551
16:11:49  자기모델잔차:20.80
16:11:49  자기모델반경:0.823
16:11:49  방향채택:7899
16:11:49  방향거부:66635
16:11:49  GPS원시속도:0.916
16:11:49  GPS원시방향유효:1
16:11:49  GPS원시방향:180.2
16:11:49  가속도:4.51,6.24,31.91
16:11:49  자이로:-5.5,-62.5,5.8
16:11:49  자력계:20.550,-7.050,19.800
16:11:49  충격값:22.82
16:11:49  충격피크:22.82
16:11:49  마지막충격발생값:0.00
16:11:49  마지막충격발생ms:0
16:11:49  송신:5686
16:11:49  지팡이수신:5321
16:11:49  GPS위성:6
16:11:49  GPS_HDOP:1.27
16:11:49  원시위도:37.496465
16:11:49  원시경도:126.954578
16:11:49  GPS채택:180
16:11:49  GPS이상치거부:17
16:11:49  GPS품질거부:158
16:11:49  GPS재기준:0
16:11:49  계산거리:3.56
16:11:49  접근속도:0.74
16:11:49  TTC:2.96
16:11:49  방향오차:-38.3
16:11:49  전방여부:1
16:11:49  위험음성횟수:1
16:11:49  충격음성횟수:0
16:11:49  마지막위험음성:1
16:11:49  RSSI원시:-62
16:11:49  RSSI평활:-65.1
16:11:49  RSSI샘플:5321
16:11:49  RSSI경과ms:26
16:11:49  RSSI구간:2
16:11:49  RSSI거리:3.56
16:11:49  상대보정:1
16:11:49  상대보정중:0
16:11:49  보정동쪽:-7.05
16:11:49  보정북쪽:10.80
16:11:49  위험송신:5321
