17:26:37  시각ms:1472303
17:26:37  IMU시각ms:1472303
17:26:37  위험:0
17:26:37  GPS유효:1
17:26:37  위도:37.496628
17:26:37  경도:126.957878
17:26:37  속도:0.017
17:26:37  방향:188.0
17:26:37  GPS원시속도:0.010
17:26:37  GPS원시방향유효:1
17:26:37  GPS원시방향:187.0
17:26:37  가속도:4.099,-5.928,6.642
17:26:37  자이로:-1.473,-3.359,2.168
17:26:37  자력계:-14.700,15.450,-2.700
17:26:37  송신:14369
17:26:37  GPS위성:7
17:26:37  GPS_HDOP:1.23
17:26:37  원시위도:37.496627
17:26:37  원시경도:126.957879
17:26:37  GPS채택:1856
17:26:37  GPS이상치거부:8
17:26:37  GPS품질거부:191
17:26:37  GPS재기준:1
17:26:37  RSSI원시:-83
17:26:37  RSSI평활:-82.7
17:26:37  RSSI샘플:28070
17:26:37  RSSI경과ms:3
17:26:37  차량수신:14021
17:26:37  시각ms:1472369
17:26:37  IMU시각ms:1472369
17:26:37  위험:0
17:26:37  GPS유효:1
17:26:37  위도:37.496628
17:26:37  경도:126.957878
17:26:37  속도:0.017
17:26:37  방향:188.0
17:26:37  GPS원시속도:0.010
17:26:37  GPS원시방향유효:1
17:26:37  GPS원시방향:187.0
17:26:37  가속도:4.051,-5.962,6.685
17:26:37  자이로:-1.160,-4.221,0.679
17:26:37  자력계:-14.550,14.850,-1.350
17:26:37  송신:14369
17:26:37  GPS위성:7
17:26:37  GPS_HDOP:1.23
17:26:37  원시위도:37.496627
17:26:37  원시경도:126.957879
17:26:37  GPS채택:1856
17:26:37  GPS이상치거부:8
17:26:37  GPS품질거부:191
17:26:37  GPS재기준:1
17:26:37  RSSI원시:-83
17:26:37  RSSI평활:-82.7
17:26:37  RSSI샘플:28070
17:26:37  RSSI경과ms:69
17:26:37  차량수신:14021
17:26:38  시각ms:1472533
17:26:38  IMU시각ms:1472533
17:26:38  위험:0
17:26:38  GPS유효:1
17:26:38  위도:37.496628
17:26:38  경도:126.957878
17:26:38  속도:0.016
17:26:38  방향:188.0
17:26:38  GPS원시속도:0.015
17:26:38  GPS원시방향유효:1
17:26:38  GPS원시방향:187.0
17:26:38  가속도:4.089,-5.933,6.785
17:26:38  자이로:-0.962,-1.603,-0.893
17:26:38  자력계:-12.900,16.200,-0.150
17:26:38  송신:14371
17:26:38  GPS위성:7
17:26:38  GPS_HDOP:1.23
17:26:38  원시위도:37.496627
17:26:38  원시경도:126.957877
17:26:38  GPS채택:1857
17:26:38  GPS이상치거부:8
17:26:38  GPS품질거부:191
17:26:38  GPS재기준:1
17:26:38  RSSI원시:-83
17:26:38  RSSI평활:-82.2
17:26:38  RSSI샘플:28073
17:26:38  RSSI경과ms:2
17:26:38  차량수신:14023
17:26:38  시각ms:1472577
17:26:38  IMU시각ms:1472577
17:26:38  위험:0
17:26:38  GPS유효:1
17:26:38  위도:37.496628
17:26:38  경도:126.957878
17:26:38  속도:0.016
17:26:38  방향:188.0
17:26:38  GPS원시속도:0.015
17:26:38  GPS원시방향유효:1
17:26:38  GPS원시방향:187.0
17:26:38  가속도:4.142,-6.009,6.560
17:26:38  자이로:-1.763,-0.412,-1.847
17:26:38  자력계:-13.800,14.550,-0.300
17:26:38  송신:14371
17:26:38  GPS위성:7
17:26:38  GPS_HDOP:1.23
17:26:38  원시위도:37.496627
17:26:38  원시경도:126.957877
17:26:38  GPS채택:1857
17:26:38  GPS이상치거부:8
17:26:38  GPS품질거부:191
17:26:38  GPS재기준:1
17:26:38  RSSI원시:-83
17:26:38  RSSI평활:-82.2
17:26:38  RSSI샘플:28073
17:26:38  RSSI경과ms:46
17:26:38  차량수신:14023
17:26:38  시각ms:1472735
17:26:38  IMU시각ms:1472735
17:26:38  위험:0
17:26:38  GPS유효:1
17:26:38  위도:37.496628
17:26:38  경도:126.957878
17:26:38  속도:0.016
17:26:38  방향:188.0
17:26:38  GPS원시속도:0.015
17:26:38  GPS원시방향유효:1
17:26:38  GPS원시방향:187.0
17:26:38  가속도:4.247,-6.019,6.694
17:26:38  자이로:-0.153,-3.305,1.206
17:26:38  자력계:-14.250,13.800,-1.350
17:26:38  송신:14373
17:26:38  GPS위성:7
17:26:38  GPS_HDOP:1.23
17:26:38  원시위도:37.496627
17:26:38  원시경도:126.957877
17:26:38  GPS채택:1858
17:26:38  GPS이상치거부:8
17:26:38  GPS품질거부:191
17:26:38  GPS재기준:1
17:26:38  RSSI원시:-83
17:26:38  RSSI평활:-82.7
17:26:38  RSSI샘플:28076
17:26:38  RSSI경과ms:28
17:26:38  차량수신:14024
17:26:38  시각ms:1472757
17:26:38  IMU시각ms:1472757
17:26:38  위험:0
17:26:38  GPS유효:1
17:26:38  위도:37.496628
17:26:38  경도:126.957878
17:26:38  속도:0.016
17:26:38  방향:188.0
17:26:38  GPS원시속도:0.015
17:26:38  GPS원시방향유효:1
17:26:38  GPS원시방향:187.0
17:26:38  가속도:4.185,-6.057,6.776
17:26:38  자이로:-1.412,-1.634,-0.931
17:26:38  자력계:-14.550,15.300,-1.350
17:26:38  송신:14373
17:26:38  GPS위성:7
17:26:38  GPS_HDOP:1.23
17:26:38  원시위도:37.496627
17:26:38  원시경도:126.957877
17:26:38  GPS채택:1858
17:26:38  GPS이상치거부:8
17:26:38  GPS품질거부:191
17:26:38  GPS재기준:1
17:26:38  RSSI원시:-82
17:26:38  RSSI평활:-82.6
17:26:38  RSSI샘플:28077
17:26:38  RSSI경과ms:21
17:26:38  차량수신:14025
17:26:38  시각ms:1472957
17:26:38  IMU시각ms:1472957
17:26:38  위험:0
17:26:38  GPS유효:1
17:26:38  위도:37.496628
17:26:38  경도:126.957878
17:26:38  속도:0.016
17:26:38  방향:188.0
17:26:38  GPS원시속도:0.015
17:26:38  GPS원시방향유효:1
17:26:38  GPS원시방향:187.0
17:26:38  가속도:4.094,-6.110,6.838
17:26:38  자이로:0.901,-1.969,0.084
17:26:38  자력계:-13.050,14.850,-0.600
17:26:38  송신:14375
17:26:38  GPS위성:7
17:26:38  GPS_HDOP:1.23
17:26:38  원시위도:37.496627
17:26:38  원시경도:126.957877
17:26:38  GPS채택:1858
17:26:38  GPS이상치거부:8
17:26:38  GPS품질거부:191
17:26:38  GPS재기준:1
17:26:38  RSSI원시:-82
17:26:38  RSSI평활:-82.2
17:26:38  RSSI샘플:28081
17:26:38  RSSI경과ms:5
17:26:38  차량수신:14027
17:26:38  시각ms:1473035
17:26:38  IMU시각ms:1473035
17:26:38  위험:0
17:26:38  GPS유효:1
17:26:38  위도:37.496628
17:26:38  경도:126.957878
17:26:38  속도:0.016
17:26:38  방향:188.0
17:26:38  GPS원시속도:0.015
17:26:38  GPS원시방향유효:1
17:26:38  GPS원시방향:187.0
17:26:38  가속도:4.171,-6.076,6.756
17:26:38  자이로:0.008,-0.374,-0.130
17:26:38  자력계:-13.500,15.300,-1.050
17:26:38  송신:14376
17:26:38  GPS위성:7
17:26:38  GPS_HDOP:1.23
17:26:38  원시위도:37.496627
17:26:38  원시경도:126.957877
17:26:38  GPS채택:1858
17:26:38  GPS이상치거부:8
17:26:38  GPS품질거부:191
17:26:38  GPS재기준:1
17:26:38  RSSI원시:-83
17:26:38  RSSI평활:-82.3
17:26:38  RSSI샘플:28082
17:26:38  RSSI경과ms:8
17:26:38  차량수신:14027
17:26:38  시각ms:1473112
17:26:38  IMU시각ms:1473112
17:26:38  위험:0
17:26:38  GPS유효:1
17:26:38  위도:37.496628
17:26:38  경도:126.957878
17:26:38  속도:0.016
17:26:38  방향:188.0
17:26:38  GPS원시속도:0.015
17:26:38  GPS원시방향유효:1
17:26:38  GPS원시방향:187.0
17:26:38  가속도:4.108,-5.909,6.675
17:26:38  자이로:-0.618,0.015,-1.527
17:26:38  자력계:-13.050,15.300,0.000
17:26:38  송신:14377
17:26:38  GPS위성:7
17:26:38  GPS_HDOP:1.23
17:26:38  원시위도:37.496627
17:26:38  원시경도:126.957877
17:26:38  GPS채택:1858
17:26:38  GPS이상치거부:8
17:26:38  GPS품질거부:191
17:26:38  GPS재기준:1
17:26:38  RSSI원시:-83
17:26:38  RSSI평활:-82.6
17:26:38  RSSI샘플:28084
17:26:38  RSSI경과ms:8
17:26:38  차량수신:14028
17:26:38  시각ms:1473156
17:26:38  IMU시각ms:1473156
17:26:38  위험:0
17:26:38  GPS유효:1
17:26:38  위도:37.496628
17:26:38  경도:126.957878
17:26:38  속도:0.016
17:26:38  방향:188.0
17:26:38  GPS원시속도:0.015
17:26:38  GPS원시방향유효:1
17:26:38  GPS원시방향:187.0
17:26:38  가속도:4.089,-6.048,6.694
17:26:38  자이로:-1.481,2.435,0.618
17:26:38  자력계:-13.500,14.100,0.300
17:26:38  송신:14377
17:26:38  GPS위성:7
17:26:38  GPS_HDOP:1.23
17:26:38  원시위도:37.496627
17:26:38  원시경도:126.957877
17:26:38  GPS채택:1858
17:26:38  GPS이상치거부:8
17:26:38  GPS품질거부:191
17:26:38  GPS재기준:1
17:26:38  RSSI원시:-83
17:26:38  RSSI평활:-82.6
17:26:38  RSSI샘플:28084
17:26:38  RSSI경과ms:52
17:26:38  차량수신:14028
17:26:39  시각ms:1473462
17:26:39  IMU시각ms:1473462
17:26:39  위험:0
17:26:39  GPS유효:1
17:26:39  위도:37.496628
17:26:39  경도:126.957878
17:26:39  속도:0.016
17:26:39  방향:188.0
17:26:39  GPS원시속도:0.015
17:26:39  GPS원시방향유효:1
17:26:39  GPS원시방향:187.0
17:26:39  가속도:4.056,-6.024,6.742
17:26:39  자이로:-2.565,-0.580,0.000
17:26:39  자력계:-13.200,13.950,-0.900
17:26:39  송신:14380
17:26:39  GPS위성:7
17:26:39  GPS_HDOP:1.23
17:26:39  원시위도:37.496627
17:26:39  원시경도:126.957877
17:26:39  GPS채택:1858
17:26:39  GPS이상치거부:8
17:26:39  GPS품질거부:191
17:26:39  GPS재기준:1
17:26:39  RSSI원시:-83
17:26:39  RSSI평활:-82.7
17:26:39  RSSI샘플:28090
17:26:39  RSSI경과ms:51
17:26:39  차량수신:14031
17:26:39  시각ms:1473549
17:26:39  IMU시각ms:1473549
17:26:39  위험:0
17:26:39  GPS유효:1
17:26:39  위도:37.496628
17:26:39  경도:126.957878
17:26:39  속도:0.018
17:26:39  방향:188.0
17:26:39  GPS원시속도:0.021
17:26:39  GPS원시방향유효:1
17:26:39  GPS원시방향:187.0
17:26:39  가속도:4.008,-6.120,6.728
17:26:39  자이로:-1.183,-0.160,-0.336
17:26:39  자력계:-14.550,13.050,-0.300
17:26:39  송신:14381
17:26:39  GPS위성:7
17:26:39  GPS_HDOP:1.23
17:26:39  원시위도:37.496628
17:26:39  원시경도:126.957876
17:26:39  GPS채택:1859
17:26:39  GPS이상치거부:8
17:26:39  GPS품질거부:191
17:26:39  GPS재기준:1
17:26:39  RSSI원시:-83
17:26:39  RSSI평활:-82.8
17:26:39  RSSI샘플:28092
17:26:39  RSSI경과ms:28
17:26:39  차량수신:14032
17:26:39  시각ms:1473571
17:26:39  IMU시각ms:1473571
17:26:39  위험:0
17:26:39  GPS유효:1
17:26:39  위도:37.496628
17:26:39  경도:126.957878
17:26:39  속도:0.018
17:26:39  방향:188.0
17:26:39  GPS원시속도:0.021
17:26:39  GPS원시방향유효:1
17:26:39  GPS원시방향:187.0
17:26:39  가속도:3.965,-5.880,6.747
17:26:39  자이로:-2.901,0.985,0.000
17:26:39  자력계:-13.800,13.350,-0.300
17:26:39  송신:14381
17:26:39  GPS위성:7
17:26:39  GPS_HDOP:1.23
17:26:39  원시위도:37.496628
17:26:39  원시경도:126.957876
17:26:39  GPS채택:1859
17:26:39  GPS이상치거부:8
17:26:39  GPS품질거부:191
17:26:39  GPS재기준:1
17:26:39  RSSI원시:-83
17:26:39  RSSI평활:-82.8
17:26:39  RSSI샘플:28092
17:26:39  RSSI경과ms:50
17:26:39  차량수신:14032
17:26:39  시각ms:1474097
17:26:39  IMU시각ms:1474097
17:26:39  위험:0
17:26:39  GPS유효:1
17:26:39  위도:37.496628
17:26:39  경도:126.957878
17:26:39  속도:0.019
17:26:39  방향:188.0
17:26:39  GPS원시속도:0.021
17:26:39  GPS원시방향유효:1
17:26:39  GPS원시방향:187.0
17:26:39  가속도:4.099,-6.014,6.871
17:26:39  자이로:-1.237,1.076,-1.557
17:26:39  자력계:-15.300,16.500,0.000
17:26:39  송신:14386
17:26:39  GPS위성:7
17:26:39  GPS_HDOP:1.23
17:26:39  원시위도:37.496628
17:26:39  원시경도:126.957876
17:26:39  GPS채택:1860
17:26:39  GPS이상치거부:8
17:26:39  GPS품질거부:191
17:26:39  GPS재기준:1
17:26:39  RSSI원시:-84
17:26:39  RSSI평활:-83.0
17:26:39  RSSI샘플:28102
17:26:39  RSSI경과ms:81
17:26:39  차량수신:14037
17:26:39  시각ms:1474130
17:26:39  IMU시각ms:1474130
17:26:39  위험:0
17:26:39  GPS유효:1
17:26:39  위도:37.496628
17:26:39  경도:126.957878
17:26:39  속도:0.019
17:26:39  방향:188.0
17:26:39  GPS원시속도:0.021
17:26:39  GPS원시방향유효:1
17:26:39  GPS원시방향:187.0
17:26:39  가속도:4.161,-6.120,6.785
17:26:39  자이로:-2.168,-2.435,2.282
17:26:39  자력계:-13.500,14.100,-0.600
17:26:39  송신:14387
17:26:39  GPS위성:7
17:26:39  GPS_HDOP:1.23
17:26:39  원시위도:37.496628
17:26:39  원시경도:126.957876
17:26:39  GPS채택:1860
17:26:39  GPS이상치거부:8
17:26:39  GPS품질거부:191
17:26:39  GPS재기준:1
17:26:39  RSSI원시:-83
17:26:39  RSSI평활:-83.0
17:26:39  RSSI샘플:28103
17:26:39  RSSI경과ms:32
17:26:39  차량수신:14038
17:26:40  시각ms:1475046
17:26:40  IMU시각ms:1475046
17:26:40  위험:0
17:26:40  GPS유효:1
17:26:40  위도:37.496628
17:26:40  경도:126.957878
17:26:40  속도:0.029
17:26:40  방향:188.0
17:26:40  GPS원시속도:0.036
17:26:40  GPS원시방향유효:1
17:26:40  GPS원시방향:187.0
17:26:40  가속도:3.965,-5.962,6.742
17:26:40  자이로:1.374,-2.221,1.137
17:26:40  자력계:-14.550,14.850,-0.300
17:26:40  송신:14396
17:26:40  GPS위성:7
17:26:40  GPS_HDOP:1.23
17:26:40  원시위도:37.496628
17:26:40  원시경도:126.957874
17:26:40  GPS채택:1862
17:26:40  GPS이상치거부:8
17:26:40  GPS품질거부:191
17:26:40  GPS재기준:1
17:26:40  RSSI원시:-82
17:26:40  RSSI평활:-82.0
17:26:40  RSSI샘플:28118
17:26:40  RSSI경과ms:4
17:26:40  차량수신:14045
17:26:40  시각ms:1475068
17:26:40  IMU시각ms:1475068
17:26:40  위험:0
17:26:40  GPS유효:1
17:26:40  위도:37.496628
17:26:40  경도:126.957878
17:26:40  속도:0.029
17:26:40  방향:188.0
17:26:40  GPS원시속도:0.036
17:26:40  GPS원시방향유효:1
17:26:40  GPS원시방향:187.0
17:26:40  가속도:3.994,-6.048,6.785
17:26:40  자이로:0.878,-0.740,-1.061
17:26:40  자력계:-13.050,15.750,0.600
17:26:40  송신:14396
17:26:40  GPS위성:7
17:26:40  GPS_HDOP:1.23
17:26:40  원시위도:37.496628
17:26:40  원시경도:126.957874
17:26:40  GPS채택:1862
17:26:40  GPS이상치거부:8
17:26:40  GPS품질거부:191
17:26:40  GPS재기준:1
17:26:40  RSSI원시:-82
17:26:40  RSSI평활:-82.0
17:26:40  RSSI샘플:28118
17:26:40  RSSI경과ms:26
17:26:40  차량수신:14045
17:26:40  시각ms:1475220
17:26:40  IMU시각ms:1475220
17:26:40  위험:0
17:26:40  GPS유효:1
17:26:40  위도:37.496628
17:26:40  경도:126.957878
17:26:40  속도:0.029
17:26:40  방향:188.0
17:26:40  GPS원시속도:0.036
17:26:40  GPS원시방향유효:1
17:26:40  GPS원시방향:187.0
17:26:40  가속도:3.965,-6.163,6.776
17:26:40  자이로:-2.038,0.450,-0.267
17:26:40  자력계:-13.650,15.450,-1.200
17:26:40  송신:14397
17:26:40  GPS위성:7
17:26:40  GPS_HDOP:1.23
17:26:40  원시위도:37.496628
17:26:40  원시경도:126.957874
17:26:40  GPS채택:1862
17:26:40  GPS이상치거부:8
17:26:40  GPS품질거부:191
17:26:40  GPS재기준:1
17:26:40  RSSI원시:-81
17:26:40  RSSI평활:-81.9
17:26:40  RSSI샘플:28120
17:26:40  RSSI경과ms:65
17:26:40  차량수신:14046
17:26:41  시각ms:1475460
17:26:41  IMU시각ms:1475460
17:26:41  위험:0
17:26:41  GPS유효:1
17:26:41  위도:37.496628
17:26:41  경도:126.957878
17:26:41  속도:0.029
17:26:41  방향:188.0
17:26:41  GPS원시속도:0.036
17:26:41  GPS원시방향유효:1
17:26:41  GPS원시방향:187.0
17:26:41  가속도:4.123,-6.067,6.752
17:26:41  자이로:-1.252,1.542,-2.908
17:26:41  자력계:-13.500,14.850,-2.850
17:26:41  송신:14400
17:26:41  GPS위성:7
17:26:41  GPS_HDOP:1.23
17:26:41  원시위도:37.496628
17:26:41  원시경도:126.957874
17:26:41  GPS채택:1862
17:26:41  GPS이상치거부:8
17:26:41  GPS품질거부:191
17:26:41  GPS재기준:1
17:26:41  RSSI원시:-84
17:26:41  RSSI평활:-83.1
17:26:41  RSSI샘플:28124
17:26:41  RSSI경과ms:8
17:26:41  차량수신:14047
17:26:41  시각ms:1475526
17:26:41  IMU시각ms:1475526
17:26:41  위험:0
17:26:41  GPS유효:1
17:26:41  위도:37.496628
17:26:41  경도:126.957870
17:26:41  속도:0.028
17:26:41  방향:188.0
17:26:41  GPS원시속도:0.026
17:26:41  GPS원시방향유효:1
17:26:41  GPS원시방향:187.0
17:26:41  가속도:4.118,-5.909,6.747
17:26:41  자이로:-0.366,1.176,-0.015
17:26:41  자력계:-13.950,15.900,-1.950
17:26:41  송신:14400
17:26:41  GPS위성:7
17:26:41  GPS_HDOP:1.23
17:26:41  원시위도:37.496629
17:26:41  원시경도:126.957872
17:26:41  GPS채택:1863
17:26:41  GPS이상치거부:8
17:26:41  GPS품질거부:191
17:26:41  GPS재기준:1
17:26:41  RSSI원시:-84
17:26:41  RSSI평활:-83.1
17:26:41  RSSI샘플:28124
17:26:41  RSSI경과ms:74
17:26:41  차량수신:14047
17:26:41  시각ms:1475591
17:26:41  IMU시각ms:1475591
17:26:41  위험:0
17:26:41  GPS유효:1
17:26:41  위도:37.496628
17:26:41  경도:126.957870
17:26:41  속도:0.028
17:26:41  방향:188.0
17:26:41  GPS원시속도:0.026
17:26:41  GPS원시방향유효:1
17:26:41  GPS원시방향:187.0
17:26:41  가속도:4.132,-5.981,6.742
17:26:41  자이로:-3.061,2.321,-0.679
17:26:41  자력계:-13.200,14.400,-0.900
17:26:41  송신:14401
17:26:41  GPS위성:7
17:26:41  GPS_HDOP:1.23
17:26:41  원시위도:37.496629
17:26:41  원시경도:126.957872
17:26:41  GPS채택:1863
17:26:41  GPS이상치거부:8
17:26:41  GPS품질거부:191
17:26:41  GPS재기준:1
17:26:41  RSSI원시:-78
17:26:41  RSSI평활:-81.9
17:26:41  RSSI샘플:28126
17:26:41  RSSI경과ms:20
17:26:41  차량수신:14048
17:26:41  시각ms:1475713
17:26:41  IMU시각ms:1475713
17:26:41  위험:0
17:26:41  GPS유효:1
17:26:41  위도:37.496628
17:26:41  경도:126.957870
17:26:41  속도:0.027
17:26:41  방향:188.0
17:26:41  GPS원시속도:0.026
17:26:41  GPS원시방향유효:1
17:26:41  GPS원시방향:187.0
17:26:41  가속도:4.085,-6.062,6.776
17:26:41  자이로:-0.977,1.931,0.458
17:26:41  자력계:-14.700,13.500,0.900
17:26:41  송신:14402
17:26:41  GPS위성:7
17:26:41  GPS_HDOP:1.23
17:26:41  원시위도:37.496629
17:26:41  원시경도:126.957872
17:26:41  GPS채택:1864
17:26:41  GPS이상치거부:8
17:26:41  GPS품질거부:191
17:26:41  GPS재기준:1
17:26:41  RSSI원시:-83
17:26:41  RSSI평활:-82.1
17:26:41  RSSI샘플:28127
17:26:41  RSSI경과ms:53
17:26:41  차량수신:14048
17:26:41  시각ms:1475735
17:26:41  IMU시각ms:1475735
17:26:41  위험:0
17:26:41  GPS유효:1
17:26:41  위도:37.496628
17:26:41  경도:126.957870
17:26:41  속도:0.027
17:26:41  방향:188.0
17:26:41  GPS원시속도:0.026
17:26:41  GPS원시방향유효:1
17:26:41  GPS원시방향:187.0
17:26:41  가속도:4.003,-6.014,6.670
17:26:41  자이로:-0.954,1.229,0.756
17:26:41  자력계:-12.900,13.950,-0.150
17:26:41  송신:14402
17:26:41  GPS위성:7
17:26:41  GPS_HDOP:1.23
17:26:41  원시위도:37.496629
17:26:41  원시경도:126.957872
17:26:41  GPS채택:1864
17:26:41  GPS이상치거부:8
17:26:41  GPS품질거부:191
17:26:41  GPS재기준:1
17:26:41  RSSI원시:-83
17:26:41  RSSI평활:-82.1
17:26:41  RSSI샘플:28127
17:26:41  RSSI경과ms:75
17:26:41  차량수신:14048
17:26:41  시각ms:1475770
17:26:41  IMU시각ms:1475770
17:26:41  위험:0
17:26:41  GPS유효:1
17:26:41  위도:37.496628
17:26:41  경도:126.957870
17:26:41  속도:0.027
17:26:41  방향:188.0
17:26:41  GPS원시속도:0.026
17:26:41  GPS원시방향유효:1
17:26:41  GPS원시방향:187.0
17:26:41  가속도:4.099,-5.952,6.742
17:26:41  자이로:-0.466,-2.779,0.679
17:26:41  자력계:-15.450,15.450,-1.500
17:26:41  송신:14403
17:26:41  GPS위성:7
17:26:41  GPS_HDOP:1.23
17:26:41  원시위도:37.496629
17:26:41  원시경도:126.957872
17:26:41  GPS채택:1864
17:26:41  GPS이상치거부:8
17:26:41  GPS품질거부:191
17:26:41  GPS재기준:1
17:26:41  RSSI원시:-82
17:26:41  RSSI평활:-82.1
17:26:41  RSSI샘플:28128
17:26:41  RSSI경과ms:14
17:26:41  차량수신:14048
17:26:41  시각ms:1476036
17:26:41  IMU시각ms:1476036
17:26:41  위험:0
17:26:41  GPS유효:1
17:26:41  위도:37.496628
17:26:41  경도:126.957870
17:26:41  속도:0.027
17:26:41  방향:188.0
17:26:41  GPS원시속도:0.026
17:26:41  GPS원시방향유효:1
17:26:41  GPS원시방향:187.0
17:26:41  가속도:4.056,-6.019,6.646
17:26:41  자이로:-0.863,-1.214,-1.771
17:26:41  자력계:-14.550,14.100,-1.050
17:26:41  송신:14405
17:26:41  GPS위성:7
17:26:41  GPS_HDOP:1.23
17:26:41  원시위도:37.496629
17:26:41  원시경도:126.957872
17:26:41  GPS채택:1864
17:26:41  GPS이상치거부:8
17:26:41  GPS품질거부:191
17:26:41  GPS재기준:1
17:26:41  RSSI원시:-83
17:26:41  RSSI평활:-82.1
17:26:41  RSSI샘플:28132
17:26:41  RSSI경과ms:45
17:26:41  차량수신:14050
17:26:41  시각ms:1476376
17:26:41  IMU시각ms:1476364
17:26:41  위험:0
17:26:41  GPS유효:1
17:26:41  위도:37.496628
17:26:41  경도:126.957870
17:26:41  속도:0.027
17:26:41  방향:188.0
17:26:41  GPS원시속도:0.026
17:26:41  GPS원시방향유효:1
17:26:41  GPS원시방향:187.0
17:26:41  가속도:4.085,-5.976,6.761
17:26:41  자이로:-1.573,1.496,-0.298
17:26:41  자력계:-13.200,15.150,-1.950
17:26:41  송신:14409
17:26:41  GPS위성:7
17:26:41  GPS_HDOP:1.23
17:26:41  원시위도:37.496629
17:26:41  원시경도:126.957872
17:26:41  GPS채택:1864
17:26:41  GPS이상치거부:8
17:26:41  GPS품질거부:191
17:26:41  GPS재기준:1
17:26:41  RSSI원시:-82
17:26:41  RSSI평활:-82.0
17:26:41  RSSI샘플:28136
17:26:41  RSSI경과ms:115
17:26:41  차량수신:14051
17:26:42  시각ms:1476551
17:26:42  IMU시각ms:1476551
17:26:42  위험:0
17:26:42  GPS유효:1
17:26:42  위도:37.496628
17:26:42  경도:126.957870
17:26:42  속도:0.030
17:26:42  방향:188.0
17:26:42  GPS원시속도:0.036
17:26:42  GPS원시방향유효:1
17:26:42  GPS원시방향:187.0
17:26:42  가속도:4.041,-6.033,6.709
17:26:42  자이로:-0.916,3.466,-0.031
17:26:42  자력계:-13.950,15.450,0.150
17:26:42  송신:14410
17:26:42  GPS위성:7
17:26:42  GPS_HDOP:1.23
17:26:42  원시위도:37.496630
17:26:42  원시경도:126.957871
17:26:42  GPS채택:1865
17:26:42  GPS이상치거부:8
17:26:42  GPS품질거부:191
17:26:42  GPS재기준:1
17:26:42  RSSI원시:-82
17:26:42  RSSI평활:-82.0
17:26:42  RSSI샘플:28137
17:26:42  RSSI경과ms:72
17:26:42  차량수신:14051
17:26:42  시각ms:1476607
17:26:42  IMU시각ms:1476607
17:26:42  위험:0
17:26:42  GPS유효:1
17:26:42  위도:37.496628
17:26:42  경도:126.957870
17:26:42  속도:0.030
17:26:42  방향:188.0
17:26:42  GPS원시속도:0.036
17:26:42  GPS원시방향유효:1
17:26:42  GPS원시방향:187.0
17:26:42  가속도:4.051,-5.995,6.656
17:26:42  자이로:-2.710,-0.427,0.672
17:26:42  자력계:-12.000,14.100,-2.100
17:26:42  송신:14411
17:26:42  GPS위성:7
17:26:42  GPS_HDOP:1.23
17:26:42  원시위도:37.496630
17:26:42  원시경도:126.957871
17:26:42  GPS채택:1865
17:26:42  GPS이상치거부:8
17:26:42  GPS품질거부:191
17:26:42  GPS재기준:1
17:26:42  RSSI원시:-81
17:26:42  RSSI평활:-82.5
17:26:42  RSSI샘플:28139
17:26:42  RSSI경과ms:1
17:26:42  차량수신:14052
17:26:42  시각ms:1477314
17:26:42  IMU시각ms:1477314
17:26:42  위험:0
17:26:42  GPS유효:1
17:26:42  위도:37.496628
17:26:42  경도:126.957870
17:26:42  속도:0.032
17:26:42  방향:188.0
17:26:42  GPS원시속도:0.036
17:26:42  GPS원시방향유효:1
17:26:42  GPS원시방향:187.0
17:26:42  가속도:4.104,-6.014,6.704
17:26:42  자이로:-1.405,-0.092,0.794
17:26:42  자력계:-14.400,15.150,-1.950
17:26:42  송신:14418
17:26:42  GPS위성:7
17:26:42  GPS_HDOP:1.23
17:26:42  원시위도:37.496630
17:26:42  원시경도:126.957871
17:26:42  GPS채택:1866
17:26:42  GPS이상치거부:8
17:26:42  GPS품질거부:191
17:26:42  GPS재기준:1
17:26:42  RSSI원시:-82
17:26:42  RSSI평활:-81.6
17:26:42  RSSI샘플:28151
17:26:42  RSSI경과ms:30
17:26:42  차량수신:14057
17:26:43  시각ms:1477501
17:26:43  IMU시각ms:1477501
17:26:43  위험:0
17:26:43  GPS유효:1
17:26:43  위도:37.496628
17:26:43  경도:126.957870
17:26:43  속도:0.032
17:26:43  방향:188.0
17:26:43  GPS원시속도:0.036
17:26:43  GPS원시방향유효:1
17:26:43  GPS원시방향:187.0
17:26:43  가속도:4.094,-6.057,6.661
17:26:43  자이로:-1.282,0.847,-0.985
17:26:43  자력계:-13.800,14.100,-0.300
17:26:43  송신:14420
17:26:43  GPS위성:7
17:26:43  GPS_HDOP:1.23
17:26:43  원시위도:37.496630
17:26:43  원시경도:126.957871
17:26:43  GPS채택:1866
17:26:43  GPS이상치거부:8
17:26:43  GPS품질거부:191
17:26:43  GPS재기준:1
17:26:43  RSSI원시:-82
17:26:43  RSSI평활:-81.5
17:26:43  RSSI샘플:28154
17:26:43  RSSI경과ms:49
17:26:43  차량수신:14059
17:26:43  시각ms:1477747
17:26:43  IMU시각ms:1477747
17:26:43  위험:0
17:26:43  GPS유효:1
17:26:43  위도:37.496632
17:26:43  경도:126.957870
17:26:43  속도:0.034
17:26:43  방향:188.0
17:26:43  GPS원시속도:0.036
17:26:43  GPS원시방향유효:1
17:26:43  GPS원시방향:187.0
17:26:43  가속도:4.175,-6.057,6.665
17:26:43  자이로:-1.954,-0.084,-0.435
17:26:43  자력계:-13.500,14.100,-1.050
17:26:43  송신:14422
17:26:43  GPS위성:7
17:26:43  GPS_HDOP:1.23
17:26:43  원시위도:37.496630
17:26:43  원시경도:126.957869
17:26:43  GPS채택:1868
17:26:43  GPS이상치거부:8
17:26:43  GPS품질거부:191
17:26:43  GPS재기준:1
17:26:43  RSSI원시:-82
17:26:43  RSSI평활:-81.7
17:26:43  RSSI샘플:28158
17:26:43  RSSI경과ms:43
17:26:43  차량수신:14061
17:26:43  시각ms:1477847
17:26:43  IMU시각ms:1477847
17:26:43  위험:0
17:26:43  GPS유효:1
17:26:43  위도:37.496632
17:26:43  경도:126.957870
17:26:43  속도:0.034
17:26:43  방향:188.0
17:26:43  GPS원시속도:0.036
17:26:43  GPS원시방향유효:1
17:26:43  GPS원시방향:187.0
17:26:43  가속도:4.233,-5.890,6.795
17:26:43  자이로:-1.168,2.565,-0.557
17:26:43  자력계:-13.500,15.750,-1.800
17:26:43  송신:14423
17:26:43  GPS위성:7
17:26:43  GPS_HDOP:1.23
17:26:43  원시위도:37.496630
17:26:43  원시경도:126.957869
17:26:43  GPS채택:1868
17:26:43  GPS이상치거부:8
17:26:43  GPS품질거부:191
17:26:43  GPS재기준:1
17:26:43  RSSI원시:-82
17:26:43  RSSI평활:-82.0
17:26:43  RSSI샘플:28160
17:26:43  RSSI경과ms:54
17:26:43  차량수신:14062
17:26:43  시각ms:1478069
17:26:43  IMU시각ms:1478069
17:26:43  위험:0
17:26:43  GPS유효:1
17:26:43  위도:37.496632
17:26:43  경도:126.957870
17:26:43  속도:0.034
17:26:43  방향:188.0
17:26:43  GPS원시속도:0.036
17:26:43  GPS원시방향유효:1
17:26:43  GPS원시방향:187.0
17:26:43  가속도:3.950,-5.933,6.704
17:26:43  자이로:-1.015,0.382,-0.893
17:26:43  자력계:-12.450,14.400,0.150
17:26:43  송신:14425
17:26:43  GPS위성:7
17:26:43  GPS_HDOP:1.23
17:26:43  원시위도:37.496630
17:26:43  원시경도:126.957869
17:26:43  GPS채택:1868
17:26:43  GPS이상치거부:8
17:26:43  GPS품질거부:191
17:26:43  GPS재기준:1
17:26:43  RSSI원시:-82
17:26:43  RSSI평활:-82.6
17:26:43  RSSI샘플:28164
17:26:43  RSSI경과ms:70
17:26:43  차량수신:14064
17:26:43  시각ms:1478103
17:26:43  IMU시각ms:1478103
17:26:43  위험:0
17:26:43  GPS유효:1
17:26:43  위도:37.496632
17:26:43  경도:126.957870
17:26:43  속도:0.034
17:26:43  방향:188.0
17:26:43  GPS원시속도:0.036
17:26:43  GPS원시방향유효:1
17:26:43  GPS원시방향:187.0
17:26:43  가속도:4.056,-5.981,6.814
17:26:43  자이로:-1.252,-1.267,0.420
17:26:43  자력계:-13.650,15.150,-0.450
17:26:43  송신:14426
17:26:43  GPS위성:7
17:26:43  GPS_HDOP:1.23
17:26:43  원시위도:37.496630
17:26:43  원시경도:126.957869
17:26:43  GPS채택:1868
17:26:43  GPS이상치거부:8
17:26:43  GPS품질거부:191
17:26:43  GPS재기준:1
17:26:43  RSSI원시:-82
17:26:43  RSSI평활:-82.5
17:26:43  RSSI샘플:28165
17:26:43  RSSI경과ms:22
17:26:43  차량수신:14065
17:26:43  시각ms:1478268
17:26:43  IMU시각ms:1478268
17:26:43  위험:0
17:26:43  GPS유효:1
17:26:43  위도:37.496632
17:26:43  경도:126.957870
17:26:43  속도:0.034
17:26:43  방향:188.0
17:26:43  GPS원시속도:0.036
17:26:43  GPS원시방향유효:1
17:26:43  GPS원시방향:187.0
17:26:43  가속도:4.118,-5.938,6.665
17:26:43  자이로:-1.450,-0.962,1.260
17:26:43  자력계:-14.400,15.900,-0.150
17:26:43  송신:14427
17:26:43  GPS위성:7
17:26:43  GPS_HDOP:1.23
17:26:43  원시위도:37.496630
17:26:43  원시경도:126.957869
17:26:43  GPS채택:1868
17:26:43  GPS이상치거부:8
17:26:43  GPS품질거부:191
17:26:43  GPS재기준:1
17:26:43  RSSI원시:-84
17:26:43  RSSI평활:-82.6
17:26:43  RSSI샘플:28167
17:26:43  RSSI경과ms:67
17:26:43  차량수신:14066
17:26:44  시각ms:1478584
17:26:44  IMU시각ms:1478584
17:26:44  위험:0
17:26:44  GPS유효:1
17:26:44  위도:37.496632
17:26:44  경도:126.957870
17:26:44  속도:0.031
17:26:44  방향:188.0
17:26:44  GPS원시속도:0.026
17:26:44  GPS원시방향유효:1
17:26:44  GPS원시방향:187.0
17:26:44  가속도:4.075,-6.120,6.752
17:26:44  자이로:-0.802,-0.252,-0.160
17:26:44  자력계:-13.500,13.350,-0.600
17:26:44  송신:14430
17:26:44  GPS위성:7
17:26:44  GPS_HDOP:1.23
17:26:44  원시위도:37.496631
17:26:44  원시경도:126.957868
17:26:44  GPS채택:1869
17:26:44  GPS이상치거부:8
17:26:44  GPS품질거부:191
17:26:44  GPS재기준:1
17:26:44  RSSI원시:-83
17:26:44  RSSI평활:-82.0
17:26:44  RSSI샘플:28172
17:26:44  RSSI경과ms:81
17:26:44  차량수신:14068
17:26:44  시각ms:1478842
17:26:44  IMU시각ms:1478842
17:26:44  위험:0
17:26:44  GPS유효:1
17:26:44  위도:37.496632
17:26:44  경도:126.957870
17:26:44  속도:0.029
17:26:44  방향:188.0
17:26:44  GPS원시속도:0.026
17:26:44  GPS원시방향유효:1
17:26:44  GPS원시방향:187.0
17:26:44  가속도:4.118,-6.009,6.656
17:26:44  자이로:0.534,-1.817,1.053
17:26:44  자력계:-13.500,15.300,-0.300
17:26:44  송신:14433
17:26:44  GPS위성:7
17:26:44  GPS_HDOP:1.23
17:26:44  원시위도:37.496631
17:26:44  원시경도:126.957868
17:26:44  GPS채택:1870
17:26:44  GPS이상치거부:8
17:26:44  GPS품질거부:191
17:26:44  GPS재기준:1
17:26:44  RSSI원시:-79
17:26:44  RSSI평활:-80.7
17:26:44  RSSI샘플:28177
17:26:44  RSSI경과ms:23
17:26:44  차량수신:14070
17:26:44  시각ms:1478864
17:26:44  IMU시각ms:1478864
17:26:44  위험:0
17:26:44  GPS유효:1
17:26:44  위도:37.496632
17:26:44  경도:126.957870
17:26:44  속도:0.029
17:26:44  방향:188.0
17:26:44  GPS원시속도:0.026
17:26:44  GPS원시방향유효:1
17:26:44  GPS원시방향:187.0
17:26:44  가속도:3.970,-5.981,6.728
17:26:44  자이로:-0.985,-0.740,0.519
17:26:44  자력계:-13.650,14.400,-0.450
17:26:44  송신:14433
17:26:44  GPS위성:7
17:26:44  GPS_HDOP:1.23
17:26:44  원시위도:37.496631
17:26:44  원시경도:126.957868
17:26:44  GPS채택:1870
17:26:44  GPS이상치거부:8
17:26:44  GPS품질거부:191
17:26:44  GPS재기준:1
17:26:44  RSSI원시:-79
17:26:44  RSSI평활:-80.7
17:26:44  RSSI샘플:28177
17:26:44  RSSI경과ms:45
17:26:44  차량수신:14070
17:26:44  시각ms:1478886
17:26:44  IMU시각ms:1478886
17:26:44  위험:0
17:26:44  GPS유효:1
17:26:44  위도:37.496632
17:26:44  경도:126.957870
17:26:44  속도:0.029
17:26:44  방향:188.0
17:26:44  GPS원시속도:0.026
17:26:44  GPS원시방향유효:1
17:26:44  GPS원시방향:187.0
17:26:44  가속도:4.219,-6.091,6.737
17:26:44  자이로:-2.847,-0.626,0.389
17:26:44  자력계:-13.950,14.700,-0.150
17:26:44  송신:14433
17:26:44  GPS위성:7
17:26:44  GPS_HDOP:1.23
17:26:44  원시위도:37.496631
17:26:44  원시경도:126.957868
17:26:44  GPS채택:1870
17:26:44  GPS이상치거부:8
17:26:44  GPS품질거부:191
17:26:44  GPS재기준:1
17:26:44  RSSI원시:-79
17:26:44  RSSI평활:-80.7
17:26:44  RSSI샘플:28177
17:26:44  RSSI경과ms:67
17:26:44  차량수신:14070
17:26:44  시각ms:1478921
17:26:44  IMU시각ms:1478921
17:26:44  위험:0
17:26:44  GPS유효:1
17:26:44  위도:37.496632
17:26:44  경도:126.957870
17:26:44  속도:0.029
17:26:44  방향:188.0
17:26:44  GPS원시속도:0.026
17:26:44  GPS원시방향유효:1
17:26:44  GPS원시방향:187.0
17:26:44  가속도:4.099,-6.038,6.790
17:26:44  자이로:-0.008,-0.954,1.534
17:26:44  자력계:-11.400,13.950,-1.500
17:26:44  송신:14434
17:26:44  GPS위성:7
17:26:44  GPS_HDOP:1.23
17:26:44  원시위도:37.496631
17:26:44  원시경도:126.957868
17:26:44  GPS채택:1870
17:26:44  GPS이상치거부:8
17:26:44  GPS품질거부:191
17:26:44  GPS재기준:1
17:26:44  RSSI원시:-80
17:26:44  RSSI평활:-80.5
17:26:44  RSSI샘플:28178
17:26:44  RSSI경과ms:10
17:26:44  차량수신:14070
17:26:44  시각ms:1479020
17:26:44  IMU시각ms:1479020
17:26:44  위험:0
17:26:44  GPS유효:1
17:26:44  위도:37.496632
17:26:44  경도:126.957870
17:26:44  속도:0.029
17:26:44  방향:188.0
17:26:44  GPS원시속도:0.026
17:26:44  GPS원시방향유효:1
17:26:44  GPS원시방향:187.0
17:26:44  가속도:4.085,-6.076,6.800
17:26:44  자이로:-1.389,-0.176,-0.718
17:26:44  자력계:-14.400,16.200,-0.150
17:26:44  송신:14435
17:26:44  GPS위성:7
17:26:44  GPS_HDOP:1.23
17:26:44  원시위도:37.496631
17:26:44  원시경도:126.957868
17:26:44  GPS채택:1870
17:26:44  GPS이상치거부:8
17:26:44  GPS품질거부:191
17:26:44  GPS재기준:1
17:26:44  RSSI원시:-81
17:26:44  RSSI평활:-80.7
17:26:44  RSSI샘플:28180
17:26:44  RSSI경과ms:9
17:26:44  차량수신:14071
17:26:44  시각ms:1479086
17:26:44  IMU시각ms:1479086
17:26:44  위험:0
17:26:44  GPS유효:1
17:26:44  위도:37.496632
17:26:44  경도:126.957870
17:26:44  속도:0.029
17:26:44  방향:188.0
17:26:44  GPS원시속도:0.026
17:26:44  GPS원시방향유효:1
17:26:44  GPS원시방향:187.0
17:26:44  가속도:3.979,-6.110,6.622
17:26:44  자이로:0.542,2.023,-0.038
17:26:44  자력계:-13.650,15.150,-0.900
17:26:44  송신:14435
17:26:44  GPS위성:7
17:26:44  GPS_HDOP:1.23
17:26:44  원시위도:37.496631
17:26:44  원시경도:126.957868
17:26:44  GPS채택:1870
17:26:44  GPS이상치거부:8
17:26:44  GPS품질거부:191
17:26:44  GPS재기준:1
17:26:44  RSSI원시:-80
17:26:44  RSSI평활:-80.6
17:26:44  RSSI샘플:28181
17:26:44  RSSI경과ms:63
17:26:44  차량수신:14072
17:26:44  시각ms:1479219
17:26:44  IMU시각ms:1479207
17:26:44  위험:0
17:26:44  GPS유효:1
17:26:44  위도:37.496632
17:26:44  경도:126.957870
17:26:44  속도:0.029
17:26:44  방향:188.0
17:26:44  GPS원시속도:0.026
17:26:44  GPS원시방향유효:1
17:26:44  GPS원시방향:187.0
17:26:44  가속도:3.989,-6.105,6.756
17:26:44  자이로:-0.702,-2.855,0.542
17:26:44  자력계:-13.800,13.350,-0.300
17:26:44  송신:14437
17:26:44  GPS위성:7
17:26:44  GPS_HDOP:1.23
17:26:44  원시위도:37.496631
17:26:44  원시경도:126.957868
17:26:44  GPS채택:1870
17:26:44  GPS이상치거부:8
17:26:44  GPS품질거부:191
17:26:44  GPS재기준:1
17:26:44  RSSI원시:-81
17:26:44  RSSI평활:-80.7
17:26:44  RSSI샘플:28183
17:26:44  RSSI경과ms:93
17:26:44  차량수신:14073
17:26:44  시각ms:1479271
17:26:44  IMU시각ms:1479271
17:26:44  위험:0
17:26:44  GPS유효:1
17:26:44  위도:37.496632
17:26:44  경도:126.957870
17:26:44  속도:0.029
17:26:44  방향:188.0
17:26:44  GPS원시속도:0.026
17:26:44  GPS원시방향유효:1
17:26:44  GPS원시방향:187.0
17:26:44  가속도:3.989,-6.067,6.876
17:26:44  자이로:0.412,-3.214,1.542
17:26:44  자력계:-14.250,16.050,-0.300
17:26:44  송신:14437
17:26:44  GPS위성:7
17:26:44  GPS_HDOP:1.23
17:26:44  원시위도:37.496631
17:26:44  원시경도:126.957868
17:26:44  GPS채택:1870
17:26:44  GPS이상치거부:8
17:26:44  GPS품질거부:191
17:26:44  GPS재기준:1
17:26:44  RSSI원시:-79
17:26:44  RSSI평활:-81.5
17:26:44  RSSI샘플:28185
17:26:44  RSSI경과ms:36
17:26:44  차량수신:14074
17:26:45  시각ms:1479737
17:26:45  IMU시각ms:1479737
17:26:45  위험:0
17:26:45  GPS유효:1
17:26:45  위도:37.496632
17:26:45  경도:126.957870
17:26:45  속도:0.027
17:26:45  방향:188.0
17:26:45  GPS원시속도:0.026
17:26:45  GPS원시방향유효:1
17:26:45  GPS원시방향:187.0
17:26:45  가속도:3.950,-6.043,6.804
17:26:45  자이로:-3.046,-1.908,-0.878
17:26:45  자력계:-13.650,15.150,-0.450
17:26:45  송신:14442
17:26:45  GPS위성:7
17:26:45  GPS_HDOP:1.23
17:26:45  원시위도:37.496631
17:26:45  원시경도:126.957867
17:26:45  GPS채택:1872
17:26:45  GPS이상치거부:8
17:26:45  GPS품질거부:191
17:26:45  GPS재기준:1
17:26:45  RSSI원시:-82
17:26:45  RSSI평활:-81.7
17:26:45  RSSI샘플:28192
17:26:45  RSSI경과ms:100
17:26:45  차량수신:14077
17:26:45  시각ms:1479759
17:26:45  IMU시각ms:1479759
17:26:45  위험:0
17:26:45  GPS유효:1
17:26:45  위도:37.496632
17:26:45  경도:126.957870
17:26:45  속도:0.027
17:26:45  방향:188.0
17:26:45  GPS원시속도:0.026
17:26:45  GPS원시방향유효:1
17:26:45  GPS원시방향:187.0
17:26:45  가속도:4.128,-6.124,6.728
17:26:45  자이로:-0.771,-2.802,2.740
17:26:45  자력계:-13.950,13.950,1.200
17:26:45  송신:14442
17:26:45  GPS위성:7
17:26:45  GPS_HDOP:1.23
17:26:45  원시위도:37.496631
17:26:45  원시경도:126.957867
17:26:45  GPS채택:1872
17:26:45  GPS이상치거부:8
17:26:45  GPS품질거부:191
17:26:45  GPS재기준:1
17:26:45  RSSI원시:-81
17:26:45  RSSI평활:-81.5
17:26:45  RSSI샘플:28193
17:26:45  RSSI경과ms:18
17:26:45  차량수신:14077
17:26:45  시각ms:1479838
17:26:45  IMU시각ms:1479838
17:26:45  위험:0
17:26:45  GPS유효:1
17:26:45  위도:37.496632
17:26:45  경도:126.957870
17:26:45  속도:0.027
17:26:45  방향:188.0
17:26:45  GPS원시속도:0.026
17:26:45  GPS원시방향유효:1
17:26:45  GPS원시방향:187.0
17:26:45  가속도:3.970,-6.081,6.766
17:26:45  자이로:0.664,-0.916,-0.962
17:26:45  자력계:-15.300,14.100,-0.300
17:26:45  송신:14443
17:26:45  GPS위성:7
17:26:45  GPS_HDOP:1.23
17:26:45  원시위도:37.496631
17:26:45  원시경도:126.957867
17:26:45  GPS채택:1872
17:26:45  GPS이상치거부:8
17:26:45  GPS품질거부:191
17:26:45  GPS재기준:1
17:26:45  RSSI원시:-81
17:26:45  RSSI평활:-81.4
17:26:45  RSSI샘플:28194
17:26:45  RSSI경과ms:72
17:26:45  차량수신:14078
17:26:45  시각ms:1479939
17:26:45  IMU시각ms:1479939
17:26:45  위험:0
17:26:45  GPS유효:1
17:26:45  위도:37.496632
17:26:45  경도:126.957870
17:26:45  속도:0.027
17:26:45  방향:188.0
17:26:45  GPS원시속도:0.026
17:26:45  GPS원시방향유효:1
17:26:45  GPS원시방향:187.0
17:26:45  가속도:4.161,-6.029,6.632
17:26:45  자이로:-0.618,-0.351,0.649
17:26:45  자력계:-13.500,14.850,-1.050
17:26:45  송신:14444
17:26:45  GPS위성:7
17:26:45  GPS_HDOP:1.23
17:26:45  원시위도:37.496631
17:26:45  원시경도:126.957867
17:26:45  GPS채택:1872
17:26:45  GPS이상치거부:8
17:26:45  GPS품질거부:191
17:26:45  GPS재기준:1
17:26:45  RSSI원시:-81
17:26:45  RSSI평활:-81.4
17:26:45  RSSI샘플:28194
17:26:45  RSSI경과ms:173
17:26:45  차량수신:14078
17:26:45  시각ms:1480060
17:26:45  IMU시각ms:1480060
17:26:45  위험:0
17:26:45  GPS유효:1
17:26:45  위도:37.496632
17:26:45  경도:126.957870
17:26:45  속도:0.027
17:26:45  방향:188.0
17:26:45  GPS원시속도:0.026
17:26:45  GPS원시방향유효:1
17:26:45  GPS원시방향:187.0
17:26:45  가속도:4.108,-6.019,6.752
17:26:45  자이로:0.519,-4.130,0.397
17:26:45  자력계:-12.900,16.200,-1.950
17:26:45  송신:14445
17:26:45  GPS위성:7
17:26:45  GPS_HDOP:1.23
17:26:45  원시위도:37.496631
17:26:45  원시경도:126.957867
17:26:45  GPS채택:1872
17:26:45  GPS이상치거부:8
17:26:45  GPS품질거부:191
17:26:45  GPS재기준:1
17:26:45  RSSI원시:-80
17:26:45  RSSI평활:-81.0
17:26:45  RSSI샘플:28197
17:26:45  RSSI경과ms:29
17:26:45  차량수신:14079
17:26:45  시각ms:1480138
17:26:45  IMU시각ms:1480126
17:26:45  위험:0
17:26:45  GPS유효:1
17:26:45  위도:37.496632
17:26:45  경도:126.957870
17:26:45  속도:0.027
17:26:45  방향:188.0
17:26:45  GPS원시속도:0.026
17:26:45  GPS원시방향유효:1
17:26:45  GPS원시방향:187.0
17:26:45  가속도:4.132,-6.000,6.656
17:26:45  자이로:-2.450,2.282,-3.229
17:26:45  자력계:-15.450,15.150,-1.200
17:26:45  송신:14446
17:26:45  GPS위성:7
17:26:45  GPS_HDOP:1.23
17:26:45  원시위도:37.496631
17:26:45  원시경도:126.957867
17:26:45  GPS채택:1872
17:26:45  GPS이상치거부:8
17:26:45  GPS품질거부:191
17:26:45  GPS재기준:1
17:26:45  RSSI원시:-82
17:26:45  RSSI평활:-81.2
17:26:45  RSSI샘플:28198
17:26:45  RSSI경과ms:58
17:26:45  차량수신:14080
17:26:46  시각ms:1480518
17:26:46  IMU시각ms:1480518
17:26:46  위험:0
17:26:46  GPS유효:1
17:26:46  위도:37.496632
17:26:46  경도:126.957870
17:26:46  속도:0.027
17:26:46  방향:188.0
17:26:46  GPS원시속도:0.026
17:26:46  GPS원시방향유효:1
17:26:46  GPS원시방향:187.0
17:26:46  가속도:4.037,-6.086,6.742
17:26:46  자이로:-0.496,-1.229,0.244
17:26:46  자력계:-13.800,13.800,-0.600
17:26:46  송신:14449
17:26:46  GPS위성:7
17:26:46  GPS_HDOP:1.23
17:26:46  원시위도:37.496631
17:26:46  원시경도:126.957867
17:26:46  GPS채택:1872
17:26:46  GPS이상치거부:8
17:26:46  GPS품질거부:191
17:26:46  GPS재기준:1
17:26:46  RSSI원시:-82
17:26:46  RSSI평활:-81.6
17:26:46  RSSI샘플:28205
17:26:46  RSSI경과ms:16
17:26:46  차량수신:14083
17:26:46  시각ms:1480583
17:26:46  IMU시각ms:1480583
17:26:46  위험:0
17:26:46  GPS유효:1
17:26:46  위도:37.496632
17:26:46  경도:126.957870
17:26:46  속도:0.027
17:26:46  방향:188.0
17:26:46  GPS원시속도:0.026
17:26:46  GPS원시방향유효:1
17:26:46  GPS원시방향:187.0
17:26:46  가속도:4.195,-6.019,6.847
17:26:46  자이로:-1.580,0.336,0.405
17:26:46  자력계:-15.000,15.750,-0.600
17:26:46  송신:14450
17:26:46  GPS위성:7
17:26:46  GPS_HDOP:1.23
17:26:46  원시위도:37.496632
17:26:46  원시경도:126.957866
17:26:46  GPS채택:1873
17:26:46  GPS이상치거부:8
17:26:46  GPS품질거부:191
17:26:46  GPS재기준:1
17:26:46  RSSI원시:-83
17:26:46  RSSI평활:-81.9
17:26:46  RSSI샘플:28206
17:26:46  RSSI경과ms:31
17:26:46  차량수신:14083
17:26:46  시각ms:1480662
17:26:46  IMU시각ms:1480662
17:26:46  위험:0
17:26:46  GPS유효:1
17:26:46  위도:37.496632
17:26:46  경도:126.957863
17:26:46  속도:0.026
17:26:46  방향:188.0
17:26:46  GPS원시속도:0.026
17:26:46  GPS원시방향유효:1
17:26:46  GPS원시방향:187.0
17:26:46  가속도:3.974,-6.091,6.646
17:26:46  자이로:-1.115,-0.870,1.397
17:26:46  자력계:-14.250,14.850,-1.350
17:26:46  송신:14451
17:26:46  GPS위성:7
17:26:46  GPS_HDOP:1.23
17:26:46  원시위도:37.496632
17:26:46  원시경도:126.957866
17:26:46  GPS채택:1874
17:26:46  GPS이상치거부:8
17:26:46  GPS품질거부:191
17:26:46  GPS재기준:1
17:26:46  RSSI원시:-83
17:26:46  RSSI평활:-82.1
17:26:46  RSSI샘플:28207
17:26:46  RSSI경과ms:58
17:26:46  차량수신:14084
17:26:46  시각ms:1480706
17:26:46  IMU시각ms:1480706
17:26:46  위험:0
17:26:46  GPS유효:1
17:26:46  위도:37.496632
17:26:46  경도:126.957863
17:26:46  속도:0.026
17:26:46  방향:188.0
17:26:46  GPS원시속도:0.026
17:26:46  GPS원시방향유효:1
17:26:46  GPS원시방향:187.0
17:26:46  가속도:4.128,-6.033,6.680
17:26:46  자이로:-1.435,0.756,0.252
17:26:46  자력계:-13.500,13.800,-1.800
17:26:46  송신:14451
17:26:46  GPS위성:7
17:26:46  GPS_HDOP:1.23
17:26:46  원시위도:37.496632
17:26:46  원시경도:126.957866
17:26:46  GPS채택:1874
17:26:46  GPS이상치거부:8
17:26:46  GPS품질거부:191
17:26:46  GPS재기준:1
17:26:46  RSSI원시:-83
17:26:46  RSSI평활:-82.3
17:26:46  RSSI샘플:28208
17:26:46  RSSI경과ms:0
17:26:46  차량수신:14085
17:26:46  시각ms:1480763
17:26:46  IMU시각ms:1480763
17:26:46  위험:0
17:26:46  GPS유효:1
17:26:46  위도:37.496632
17:26:46  경도:126.957863
17:26:46  속도:0.026
17:26:46  방향:188.0
17:26:46  GPS원시속도:0.026
17:26:46  GPS원시방향유효:1
17:26:46  GPS원시방향:187.0
17:26:46  가속도:4.152,-6.019,6.804
17:26:46  자이로:-0.809,1.115,1.695
17:26:46  자력계:-14.250,15.750,-1.800
17:26:46  송신:14452
17:26:46  GPS위성:7
17:26:46  GPS_HDOP:1.23
17:26:46  원시위도:37.496632
17:26:46  원시경도:126.957866
17:26:46  GPS채택:1874
17:26:46  GPS이상치거부:8
17:26:46  GPS품질거부:191
17:26:46  GPS재기준:1
17:26:46  RSSI원시:-83
17:26:46  RSSI평활:-82.4
17:26:46  RSSI샘플:28209
17:26:46  RSSI경과ms:13
17:26:46  차량수신:14085
17:26:46  시각ms:1480784
17:26:46  IMU시각ms:1480784
17:26:46  위험:0
17:26:46  GPS유효:1
17:26:46  위도:37.496632
17:26:46  경도:126.957863
17:26:46  속도:0.026
17:26:46  방향:188.0
17:26:46  GPS원시속도:0.026
17:26:46  GPS원시방향유효:1
17:26:46  GPS원시방향:187.0
17:26:46  가속도:3.994,-5.971,6.685
17:26:46  자이로:-1.901,-0.282,1.954
17:26:46  자력계:-15.150,14.700,0.450
17:26:46  송신:14452
17:26:46  GPS위성:7
17:26:46  GPS_HDOP:1.23
17:26:46  원시위도:37.496632
17:26:46  원시경도:126.957866
17:26:46  GPS채택:1874
17:26:46  GPS이상치거부:8
17:26:46  GPS품질거부:191
17:26:46  GPS재기준:1
17:26:46  RSSI원시:-83
17:26:46  RSSI평활:-82.4
17:26:46  RSSI샘플:28209
17:26:46  RSSI경과ms:34
17:26:46  차량수신:14085
17:26:46  시각ms:1480884
17:26:46  IMU시각ms:1480884
17:26:46  위험:0
17:26:46  GPS유효:1
17:26:46  위도:37.496632
17:26:46  경도:126.957863
17:26:46  속도:0.026
17:26:46  방향:188.0
17:26:46  GPS원시속도:0.026
17:26:46  GPS원시방향유효:1
17:26:46  GPS원시방향:187.0
17:26:46  가속도:4.046,-5.947,6.704
17:26:46  자이로:-1.466,-2.191,1.076
17:26:46  자력계:-14.700,15.900,-0.900
17:26:46  송신:14453
17:26:46  GPS위성:7
17:26:46  GPS_HDOP:1.23
17:26:46  원시위도:37.496632
17:26:46  원시경도:126.957866
17:26:46  GPS채택:1874
17:26:46  GPS이상치거부:8
17:26:46  GPS품질거부:191
17:26:46  GPS재기준:1
17:26:46  RSSI원시:-83
17:26:46  RSSI평활:-82.6
17:26:46  RSSI샘플:28211
17:26:46  RSSI경과ms:30
17:26:46  차량수신:14086
17:26:46  시각ms:1480984
17:26:46  IMU시각ms:1480984
17:26:46  위험:0
17:26:46  GPS유효:1
17:26:46  위도:37.496632
17:26:46  경도:126.957863
17:26:46  속도:0.026
17:26:46  방향:188.0
17:26:46  GPS원시속도:0.026
17:26:46  GPS원시방향유효:1
17:26:46  GPS원시방향:187.0
17:26:46  가속도:3.998,-5.995,6.723
17:26:46  자이로:1.397,-2.557,0.504
17:26:46  자력계:-13.650,15.450,-0.900
17:26:46  송신:14454
17:26:46  GPS위성:7
17:26:46  GPS_HDOP:1.23
17:26:46  원시위도:37.496632
17:26:46  원시경도:126.957866
17:26:46  GPS채택:1874
17:26:46  GPS이상치거부:8
17:26:46  GPS품질거부:191
17:26:46  GPS재기준:1
17:26:46  RSSI원시:-82
17:26:46  RSSI평활:-82.6
17:26:46  RSSI샘플:28213
17:26:46  RSSI경과ms:30
17:26:46  차량수신:14087
17:26:46  시각ms:1481061
17:26:46  IMU시각ms:1481061
17:26:46  위험:0
17:26:46  GPS유효:1
17:26:46  위도:37.496632
17:26:46  경도:126.957863
17:26:46  속도:0.026
17:26:46  방향:188.0
17:26:46  GPS원시속도:0.026
17:26:46  GPS원시방향유효:1
17:26:46  GPS원시방향:187.0
17:26:46  가속도:4.070,-6.081,6.618
17:26:46  자이로:-1.359,-1.817,-0.397
17:26:46  자력계:-14.550,13.800,0.600
17:26:46  송신:14455
17:26:46  GPS위성:7
17:26:46  GPS_HDOP:1.23
17:26:46  원시위도:37.496632
17:26:46  원시경도:126.957866
17:26:46  GPS채택:1874
17:26:46  GPS이상치거부:8
17:26:46  GPS품질거부:191
17:26:46  GPS재기준:1
17:26:46  RSSI원시:-88
17:26:46  RSSI평활:-83.7
17:26:46  RSSI샘플:28214
17:26:46  RSSI경과ms:40
17:26:46  차량수신:14088
17:26:46  시각ms:1481083
17:26:46  IMU시각ms:1481083
17:26:46  위험:0
17:26:46  GPS유효:1
17:26:46  위도:37.496632
17:26:46  경도:126.957863
17:26:46  속도:0.026
17:26:46  방향:188.0
17:26:46  GPS원시속도:0.026
17:26:46  GPS원시방향유효:1
17:26:46  GPS원시방향:187.0
17:26:46  가속도:4.013,-6.100,6.756
17:26:46  자이로:-2.359,0.794,-0.351
17:26:46  자력계:-13.650,13.500,-0.900
17:26:46  송신:14455
17:26:46  GPS위성:7
17:26:46  GPS_HDOP:1.23
17:26:46  원시위도:37.496632
17:26:46  원시경도:126.957866
17:26:46  GPS채택:1874
17:26:46  GPS이상치거부:8
17:26:46  GPS품질거부:191
17:26:46  GPS재기준:1
17:26:46  RSSI원시:-79
17:26:46  RSSI평활:-82.7
17:26:46  RSSI샘플:28215
17:26:46  RSSI경과ms:11
17:26:46  차량수신:14088
17:26:46  시각ms:1481367
17:26:46  IMU시각ms:1481367
17:26:46  위험:0
17:26:46  GPS유효:1
17:26:46  위도:37.496632
17:26:46  경도:126.957863
17:26:46  속도:0.026
17:26:46  방향:188.0
17:26:46  GPS원시속도:0.026
17:26:47  GPS원시방향유효:1
17:26:47  GPS원시방향:187.0
17:26:47  가속도:4.132,-6.009,6.680
17:26:47  자이로:-2.053,1.069,-0.489
17:26:47  자력계:-15.000,15.750,-1.800
17:26:47  송신:14458
17:26:47  GPS위성:7
17:26:47  GPS_HDOP:1.23
17:26:47  원시위도:37.496632
17:26:47  원시경도:126.957866
17:26:47  GPS채택:1874
17:26:47  GPS이상치거부:8
17:26:47  GPS품질거부:191
17:26:47  GPS재기준:1
17:26:47  RSSI원시:-82
17:26:47  RSSI평활:-82.0
17:26:47  RSSI샘플:28220
17:26:47  RSSI경과ms:31
17:26:47  차량수신:14091
17:26:47  시각ms:1481389
17:26:47  IMU시각ms:1481389
17:26:47  위험:0
17:26:47  GPS유효:1
17:26:47  위도:37.496632
17:26:47  경도:126.957863
17:26:47  속도:0.026
17:26:47  방향:188.0
17:26:47  GPS원시속도:0.026
17:26:47  GPS원시방향유효:1
17:26:47  GPS원시방향:187.0
17:26:47  가속도:4.123,-6.053,6.814
17:26:47  자이로:-0.977,-3.695,1.206
17:26:47  자력계:-13.950,15.450,-1.500
17:26:47  송신:14458
17:26:47  GPS위성:7
17:26:47  GPS_HDOP:1.23
17:26:47  원시위도:37.496632
17:26:47  원시경도:126.957866
17:26:47  GPS채택:1874
17:26:47  GPS이상치거부:8
17:26:47  GPS품질거부:191
17:26:47  GPS재기준:1
17:26:47  RSSI원시:-80
17:26:47  RSSI평활:-81.6
17:26:47  RSSI샘플:28221
17:26:47  RSSI경과ms:8
17:26:47  차량수신:14091
17:26:47  시각ms:1481433
17:26:47  IMU시각ms:1481433
17:26:47  위험:0
17:26:47  GPS유효:1
17:26:47  위도:37.496632
17:26:47  경도:126.957863
17:26:47  속도:0.026
17:26:47  방향:188.0
17:26:47  GPS원시속도:0.026
17:26:47  GPS원시방향유효:1
17:26:47  GPS원시방향:187.0
17:26:47  가속도:4.041,-5.995,6.699
17:26:47  자이로:-1.519,1.160,0.374
17:26:47  자력계:-13.950,14.400,-1.500
17:26:47  송신:14458
17:26:47  GPS위성:7
17:26:47  GPS_HDOP:1.23
17:26:47  원시위도:37.496632
17:26:47  원시경도:126.957866
17:26:47  GPS채택:1874
17:26:47  GPS이상치거부:8
17:26:47  GPS품질거부:191
17:26:47  GPS재기준:1
17:26:47  RSSI원시:-80
17:26:47  RSSI평활:-81.6
17:26:47  RSSI샘플:28221
17:26:47  RSSI경과ms:52
17:26:47  차량수신:14091
17:26:47  시각ms:1481577
17:26:47  IMU시각ms:1481577
17:26:47  위험:0
17:26:47  GPS유효:1
17:26:47  위도:37.496632
17:26:47  경도:126.957863
17:26:47  속도:0.028
17:26:47  방향:188.0
17:26:47  GPS원시속도:0.031
17:26:47  GPS원시방향유효:1
17:26:47  GPS원시방향:187.0
17:26:47  가속도:4.104,-6.076,6.670
17:26:47  자이로:-0.885,-0.992,-1.053
17:26:47  자력계:-14.700,15.150,-0.450
17:26:47  송신:14460
17:26:47  GPS위성:7
17:26:47  GPS_HDOP:1.23
17:26:47  원시위도:37.496633
17:26:47  원시경도:126.957865
17:26:47  GPS채택:1875
17:26:47  GPS이상치거부:8
17:26:47  GPS품질거부:191
17:26:47  GPS재기준:1
17:26:47  RSSI원시:-80
17:26:47  RSSI평활:-81.3
17:26:47  RSSI샘플:28222
17:26:47  RSSI경과ms:110
17:26:47  차량수신:14091
17:26:47  시각ms:1481820
17:26:47  IMU시각ms:1481820
17:26:47  위험:0
17:26:47  GPS유효:1
17:26:47  위도:37.496632
17:26:47  경도:126.957863
17:26:47  속도:0.029
17:26:47  방향:188.0
17:26:47  GPS원시속도:0.031
17:26:47  GPS원시방향유효:1
17:26:47  GPS원시방향:187.0
17:26:47  가속도:4.099,-6.019,6.742
17:26:47  자이로:-2.122,0.626,-1.061
17:26:47  자력계:-14.700,14.400,-0.150
17:26:47  송신:14462
17:26:47  GPS위성:7
17:26:47  GPS_HDOP:1.23
17:26:47  원시위도:37.496633
17:26:47  원시경도:126.957865
17:26:47  GPS채택:1876
17:26:47  GPS이상치거부:8
17:26:47  GPS품질거부:191
17:26:47  GPS재기준:1
17:26:47  RSSI원시:-80
17:26:47  RSSI평활:-81.0
17:26:47  RSSI샘플:28224
17:26:47  RSSI경과ms:53
17:26:47  차량수신:14091
17:26:47  시각ms:1481977
17:26:47  IMU시각ms:1481977
17:26:47  위험:0
17:26:47  GPS유효:1
17:26:47  위도:37.496632
17:26:47  경도:126.957863
17:26:47  속도:0.029
17:26:47  방향:188.0
17:26:47  GPS원시속도:0.031
17:26:47  GPS원시방향유효:1
17:26:47  GPS원시방향:187.0
17:26:47  가속도:4.075,-5.957,6.732
17:26:47  자이로:-1.000,2.038,0.359
17:26:47  자력계:-13.050,15.300,-1.050
17:26:47  송신:14464
17:26:47  GPS위성:7
17:26:47  GPS_HDOP:1.23
17:26:47  원시위도:37.496633
17:26:47  원시경도:126.957865
17:26:47  GPS채택:1876
17:26:47  GPS이상치거부:8
17:26:47  GPS품질거부:191
17:26:47  GPS재기준:1
17:26:47  RSSI원시:-81
17:26:47  RSSI평활:-81.6
17:26:47  RSSI샘플:28227
17:26:47  RSSI경과ms:4
17:26:47  차량수신:14092
17:26:47  시각ms:1482042
17:26:47  IMU시각ms:1482042
17:26:47  위험:0
17:26:47  GPS유효:1
17:26:47  위도:37.496632
17:26:47  경도:126.957863
17:26:47  속도:0.029
17:26:47  방향:188.0
17:26:47  GPS원시속도:0.031
17:26:47  GPS원시방향유효:1
17:26:47  GPS원시방향:187.0
17:26:47  가속도:4.123,-5.986,6.795
17:26:47  자이로:-2.542,-1.282,0.725
17:26:47  자력계:-13.200,14.700,-1.200
17:26:47  송신:14464
17:26:47  GPS위성:7
17:26:47  GPS_HDOP:1.23
17:26:47  원시위도:37.496633
17:26:47  원시경도:126.957865
17:26:47  GPS채택:1876
17:26:47  GPS이상치거부:8
17:26:47  GPS품질거부:191
17:26:47  GPS재기준:1
17:26:47  RSSI원시:-81
17:26:47  RSSI평활:-81.6
17:26:47  RSSI샘플:28227
17:26:47  RSSI경과ms:69
17:26:47  차량수신:14092
17:26:48  시각ms:1482556
17:26:48  IMU시각ms:1482556
17:26:48  위험:0
17:26:48  GPS유효:1
17:26:48  위도:37.496632
17:26:48  경도:126.957863
17:26:48  속도:0.031
17:26:48  방향:188.0
17:26:48  GPS원시속도:0.036
17:26:48  GPS원시방향유효:1
17:26:48  GPS원시방향:187.0
17:26:48  가속도:4.104,-6.019,6.689
17:26:48  자이로:-1.069,1.458,1.611
17:26:48  자력계:-13.800,14.100,-1.050
17:26:48  송신:14469
17:26:48  GPS위성:7
17:26:48  GPS_HDOP:1.23
17:26:48  원시위도:37.496633
17:26:48  원시경도:126.957864
17:26:48  GPS채택:1877
17:26:48  GPS이상치거부:8
17:26:48  GPS품질거부:191
17:26:48  GPS재기준:1
17:26:48  RSSI원시:-83
17:26:48  RSSI평활:-81.2
17:26:48  RSSI샘플:28234
17:26:48  RSSI경과ms:71
17:26:48  차량수신:14094
17:26:48  시각ms:1482635
17:26:48  IMU시각ms:1482635
17:26:48  위험:0
17:26:48  GPS유효:1
17:26:48  위도:37.496632
17:26:48  경도:126.957863
17:26:48  속도:0.033
17:26:48  방향:188.0
17:26:48  GPS원시속도:0.036
17:26:48  GPS원시방향유효:1
17:26:48  GPS원시방향:187.0
17:26:48  가속도:4.013,-6.105,6.732
17:26:48  자이로:-0.771,0.244,-0.756
17:26:48  자력계:-14.550,13.800,-1.050
17:26:48  송신:14470
17:26:48  GPS위성:7
17:26:48  GPS_HDOP:1.23
17:26:48  원시위도:37.496633
17:26:48  원시경도:126.957864
17:26:48  GPS채택:1878
17:26:48  GPS이상치거부:8
17:26:48  GPS품질거부:191
17:26:48  GPS재기준:1
17:26:48  RSSI원시:-82
17:26:48  RSSI평활:-81.3
17:26:48  RSSI샘플:28236
17:26:48  RSSI경과ms:21
17:26:48  차량수신:14095
17:26:48  시각ms:1482793
17:26:48  IMU시각ms:1482793
17:26:48  위험:0
17:26:48  GPS유효:1
17:26:48  위도:37.496632
17:26:48  경도:126.957863
17:26:48  속도:0.033
17:26:48  방향:188.0
17:26:48  GPS원시속도:0.036
17:26:48  GPS원시방향유효:1
17:26:48  GPS원시방향:187.0
17:26:48  가속도:3.994,-5.928,6.704
17:26:48  자이로:-0.115,0.137,-1.863
17:26:48  자력계:-12.750,14.850,0.300
17:26:48  송신:14472
17:26:48  GPS위성:7
17:26:48  GPS_HDOP:1.23
17:26:48  원시위도:37.496633
17:26:48  원시경도:126.957864
17:26:48  GPS채택:1878
17:26:48  GPS이상치거부:8
17:26:48  GPS품질거부:191
17:26:48  GPS재기준:1
17:26:48  RSSI원시:-82
17:26:48  RSSI평활:-81.7
17:26:48  RSSI샘플:28238
17:26:48  RSSI경과ms:12
17:26:48  차량수신:14095
17:26:48  시각ms:1482916
17:26:48  IMU시각ms:1482916
17:26:48  위험:0
17:26:48  GPS유효:1
17:26:48  위도:37.496632
17:26:48  경도:126.957863
17:26:48  속도:0.033
17:26:48  방향:188.0
17:26:48  GPS원시속도:0.036
17:26:48  GPS원시방향유효:1
17:26:48  GPS원시방향:187.0
17:26:48  가속도:4.080,-5.976,6.713
17:26:48  자이로:-0.763,2.237,0.435
17:26:48  자력계:-12.450,14.700,-0.450
17:26:48  송신:14473
17:26:48  GPS위성:7
17:26:48  GPS_HDOP:1.23
17:26:48  원시위도:37.496633
17:26:48  원시경도:126.957864
17:26:48  GPS채택:1878
17:26:48  GPS이상치거부:8
17:26:48  GPS품질거부:191
17:26:48  GPS재기준:1
17:26:48  RSSI원시:-82
17:26:48  RSSI평활:-81.8
17:26:48  RSSI샘플:28239
17:26:48  RSSI경과ms:28
17:26:48  차량수신:14095
17:26:48  시각ms:1482995
17:26:48  IMU시각ms:1482995
17:26:48  위험:0
17:26:48  GPS유효:1
17:26:48  위도:37.496632
17:26:48  경도:126.957863
17:26:48  속도:0.033
17:26:48  방향:188.0
17:26:48  GPS원시속도:0.036
17:26:48  GPS원시방향유효:1
17:26:48  GPS원시방향:187.0
17:26:48  가속도:4.128,-6.024,6.656
17:26:48  자이로:-0.870,0.519,0.718
17:26:48  자력계:-15.000,14.100,-1.050
17:26:48  송신:14474
17:26:48  GPS위성:7
17:26:48  GPS_HDOP:1.23
17:26:48  원시위도:37.496633
17:26:48  원시경도:126.957864
17:26:48  GPS채택:1878
17:26:48  GPS이상치거부:8
17:26:48  GPS품질거부:191
17:26:48  GPS재기준:1
17:26:48  RSSI원시:-83
17:26:48  RSSI평활:-82.0
17:26:48  RSSI샘플:28240
17:26:48  RSSI경과ms:73
17:26:48  차량수신:14096
17:26:49  시각ms:1483431
17:26:49  IMU시각ms:1483431
17:26:49  위험:0
17:26:49  GPS유효:1
17:26:49  위도:37.496632
17:26:49  경도:126.957863
17:26:49  속도:0.033
17:26:49  방향:188.0
17:26:49  GPS원시속도:0.036
17:26:49  GPS원시방향유효:1
17:26:49  GPS원시방향:187.0
17:26:49  가속도:4.022,-6.062,6.732
17:26:49  자이로:-1.435,-0.885,1.359
17:26:49  자력계:-13.650,16.650,-0.450
17:26:49  송신:14478
17:26:49  GPS위성:7
17:26:49  GPS_HDOP:1.23
17:26:49  원시위도:37.496633
17:26:49  원시경도:126.957864
17:26:49  GPS채택:1878
17:26:49  GPS이상치거부:8
17:26:49  GPS품질거부:191
17:26:49  GPS재기준:1
17:26:49  RSSI원시:-83
17:26:49  RSSI평활:-82.5
17:26:49  RSSI샘플:28248
17:26:49  RSSI경과ms:25
17:26:49  차량수신:14099
17:26:49  시각ms:1483475
17:26:49  IMU시각ms:1483475
17:26:49  위험:0
17:26:49  GPS유효:1
17:26:49  위도:37.496632
17:26:49  경도:126.957863
17:26:49  속도:0.033
17:26:49  방향:188.0
17:26:49  GPS원시속도:0.036
17:26:49  GPS원시방향유효:1
17:26:49  GPS원시방향:187.0
17:26:49  가속도:4.128,-6.091,6.795
17:26:49  자이로:-1.878,0.244,1.183
17:26:49  자력계:-13.500,14.850,0.000
17:26:49  송신:14478
17:26:49  GPS위성:7
17:26:49  GPS_HDOP:1.23
17:26:49  원시위도:37.496633
17:26:49  원시경도:126.957864
17:26:49  GPS채택:1878
17:26:49  GPS이상치거부:8
17:26:49  GPS품질거부:191
17:26:49  GPS재기준:1
17:26:49  RSSI원시:-82
17:26:49  RSSI평활:-82.4
17:26:49  RSSI샘플:28249
17:26:49  RSSI경과ms:28
17:26:49  차량수신:14100
17:26:49  시각ms:1483712
17:26:49  IMU시각ms:1483712
17:26:49  위험:0
17:26:49  GPS유효:1
17:26:49  위도:37.496632
17:26:49  경도:126.957863
17:26:49  속도:0.035
17:26:49  방향:188.0
17:26:49  GPS원시속도:0.036
17:26:49  GPS원시방향유효:1
17:26:49  GPS원시방향:187.0
17:26:49  가속도:4.065,-6.067,6.752
17:26:49  자이로:-1.763,-0.611,1.519
17:26:49  자력계:-13.950,12.450,-1.200
17:26:49  송신:14481
17:26:49  GPS위성:7
17:26:49  GPS_HDOP:1.23
17:26:49  원시위도:37.496634
17:26:49  원시경도:126.957864
17:26:49  GPS채택:1880
17:26:49  GPS이상치거부:8
17:26:49  GPS품질거부:191
17:26:49  GPS재기준:1
17:26:49  RSSI원시:-81
17:26:49  RSSI평활:-81.2
17:26:49  RSSI샘플:28253
17:26:49  RSSI경과ms:9
17:26:49  차량수신:14101
17:26:49  시각ms:1483835
17:26:49  IMU시각ms:1483835
17:26:49  위험:0
17:26:49  GPS유효:1
17:26:49  위도:37.496632
17:26:49  경도:126.957863
17:26:49  속도:0.035
17:26:49  방향:188.0
17:26:49  GPS원시속도:0.036
17:26:49  GPS원시방향유효:1
17:26:49  GPS원시방향:187.0
17:26:49  가속도:4.089,-6.048,6.732
17:26:49  자이로:-1.718,-3.634,-1.275
17:26:49  자력계:-13.650,14.400,0.150
17:26:49  송신:14482
17:26:49  GPS위성:7
17:26:49  GPS_HDOP:1.23
17:26:49  원시위도:37.496634
17:26:49  원시경도:126.957864
17:26:49  GPS채택:1880
17:26:49  GPS이상치거부:8
17:26:49  GPS품질거부:191
17:26:49  GPS재기준:1
17:26:49  RSSI원시:-82
17:26:49  RSSI평활:-81.5
17:26:49  RSSI샘플:28255
17:26:49  RSSI경과ms:32
17:26:49  차량수신:14102
17:26:49  시각ms:1483857
17:26:49  IMU시각ms:1483857
17:26:49  위험:0
17:26:49  GPS유효:1
17:26:49  위도:37.496632
17:26:49  경도:126.957863
17:26:49  속도:0.035
17:26:49  방향:188.0
17:26:49  GPS원시속도:0.036
17:26:49  GPS원시방향유효:1
17:26:49  GPS원시방향:187.0
17:26:49  가속도:4.094,-6.105,6.747
17:26:49  자이로:-1.321,0.733,-0.573
17:26:49  자력계:-13.650,15.900,-1.200
17:26:49  송신:14482
17:26:49  GPS위성:7
17:26:49  GPS_HDOP:1.23
17:26:49  원시위도:37.496634
17:26:49  원시경도:126.957864
17:26:49  GPS채택:1880
17:26:49  GPS이상치거부:8
17:26:49  GPS품질거부:191
17:26:49  GPS재기준:1
17:26:49  RSSI원시:-82
17:26:49  RSSI평활:-81.5
17:26:49  RSSI샘플:28255
17:26:49  RSSI경과ms:54
17:26:49  차량수신:14102
17:26:49  시각ms:1483936
17:26:49  IMU시각ms:1483936
17:26:49  위험:0
17:26:49  GPS유효:1
17:26:49  위도:37.496632
17:26:49  경도:126.957863
17:26:49  속도:0.035
17:26:49  방향:188.0
17:26:49  GPS원시속도:0.036
17:26:49  GPS원시방향유효:1
17:26:49  GPS원시방향:187.0
17:26:49  가속도:4.099,-6.096,6.785
17:26:49  자이로:-1.542,-0.275,-0.221
17:26:49  자력계:-15.150,14.400,-1.200
17:26:49  송신:14483
17:26:49  GPS위성:7
17:26:49  GPS_HDOP:1.23
17:26:49  원시위도:37.496634
17:26:49  원시경도:126.957864
17:26:49  GPS채택:1880
17:26:49  GPS이상치거부:8
17:26:49  GPS품질거부:191
17:26:49  GPS재기준:1
17:26:49  RSSI원시:-83
17:26:49  RSSI평활:-81.9
17:26:49  RSSI샘플:28257
17:26:49  RSSI경과ms:23
17:26:49  차량수신:14103
17:26:49  시각ms:1484015
17:26:49  IMU시각ms:1484015
17:26:49  위험:0
17:26:49  GPS유효:1
17:26:49  위도:37.496632
17:26:49  경도:126.957863
17:26:49  속도:0.035
17:26:49  방향:188.0
17:26:49  GPS원시속도:0.036
17:26:49  GPS원시방향유효:1
17:26:49  GPS원시방향:187.0
17:26:49  가속도:4.070,-6.043,6.780
17:26:49  자이로:-0.962,1.412,-1.229
17:26:49  자력계:-13.500,16.050,-1.800
17:26:49  송신:14484
17:26:49  GPS위성:7
17:26:49  GPS_HDOP:1.23
17:26:49  원시위도:37.496634
17:26:49  원시경도:126.957864
17:26:49  GPS채택:1880
17:26:49  GPS이상치거부:8
17:26:49  GPS품질거부:191
17:26:49  GPS재기준:1
17:26:49  RSSI원시:-81
17:26:49  RSSI평활:-81.7
17:26:49  RSSI샘플:28258
17:26:49  RSSI경과ms:9
17:26:49  차량수신:14103
17:26:49  시각ms:1484037
17:26:49  IMU시각ms:1484037
17:26:49  위험:0
17:26:49  GPS유효:1
17:26:49  위도:37.496632
17:26:49  경도:126.957863
17:26:49  속도:0.035
17:26:49  방향:188.0
17:26:49  GPS원시속도:0.036
17:26:49  GPS원시방향유효:1
17:26:49  GPS원시방향:187.0
17:26:49  가속도:4.108,-6.067,6.790
17:26:49  자이로:-1.618,1.634,0.191
17:26:49  자력계:-14.700,14.400,-0.900
17:26:49  송신:14484
17:26:49  GPS위성:7
17:26:49  GPS_HDOP:1.23
17:26:49  원시위도:37.496634
17:26:49  원시경도:126.957864
17:26:49  GPS채택:1880
17:26:49  GPS이상치거부:8
17:26:49  GPS품질거부:191
17:26:49  GPS재기준:1
17:26:49  RSSI원시:-81
17:26:49  RSSI평활:-81.7
17:26:49  RSSI샘플:28258
17:26:49  RSSI경과ms:31
17:26:49  차량수신:14103
17:26:49  시각ms:1484266
17:26:49  IMU시각ms:1484266
17:26:49  위험:0
17:26:49  GPS유효:1
17:26:49  위도:37.496632
17:26:49  경도:126.957863
17:26:49  속도:0.035
17:26:49  방향:188.0
17:26:49  GPS원시속도:0.036
17:26:49  GPS원시방향유효:1
17:26:49  GPS원시방향:187.0
17:26:49  가속도:4.061,-6.000,6.780
17:26:49  자이로:-1.099,-3.679,0.969
17:26:49  자력계:-13.950,14.700,-1.200
17:26:49  송신:14486
17:26:49  GPS위성:7
17:26:49  GPS_HDOP:1.23
17:26:49  원시위도:37.496634
17:26:49  원시경도:126.957864
17:26:49  GPS채택:1880
17:26:49  GPS이상치거부:8
17:26:49  GPS품질거부:191
17:26:49  GPS재기준:1
17:26:49  RSSI원시:-82
17:26:49  RSSI평활:-82.2
17:26:49  RSSI샘플:28262
17:26:49  RSSI경과ms:48
17:26:49  차량수신:14105
17:26:49  시각ms:1484343
17:26:49  IMU시각ms:1484343
17:26:49  위험:0
17:26:49  GPS유효:1
17:26:49  위도:37.496632
17:26:49  경도:126.957863
17:26:49  속도:0.035
17:26:49  방향:188.0
17:26:49  GPS원시속도:0.036
17:26:49  GPS원시방향유효:1
17:26:49  GPS원시방향:187.0
17:26:49  가속도:4.104,-6.081,6.713
17:26:49  자이로:-2.664,-2.046,-1.160
17:26:49  자력계:-14.250,14.100,1.350
17:26:49  송신:14487
17:26:49  GPS위성:7
17:26:49  GPS_HDOP:1.23
17:26:49  원시위도:37.496634
17:26:49  원시경도:126.957864
17:26:49  GPS채택:1880
17:26:49  GPS이상치거부:8
17:26:49  GPS품질거부:191
17:26:49  GPS재기준:1
17:26:49  RSSI원시:-81
17:26:49  RSSI평활:-81.9
17:26:49  RSSI샘플:28263
17:26:49  RSSI경과ms:26
17:26:49  차량수신:14105
17:26:49  시각ms:1484365
17:26:49  IMU시각ms:1484365
17:26:49  위험:0
17:26:49  GPS유효:1
17:26:49  위도:37.496632
17:26:49  경도:126.957863
17:26:49  속도:0.035
17:26:49  방향:188.0
17:26:49  GPS원시속도:0.036
17:26:49  GPS원시방향유효:1
17:26:49  GPS원시방향:187.0
17:26:49  가속도:4.046,-6.033,6.656
17:26:49  자이로:-2.389,0.580,-1.038
17:26:49  자력계:-15.450,14.400,-2.250
17:26:49  송신:14487
17:26:49  GPS위성:7
17:26:49  GPS_HDOP:1.23
17:26:49  원시위도:37.496634
17:26:49  원시경도:126.957864
17:26:49  GPS채택:1880
17:26:49  GPS이상치거부:8
17:26:49  GPS품질거부:191
17:26:49  GPS재기준:1
17:26:49  RSSI원시:-81
17:26:49  RSSI평활:-81.9
17:26:49  RSSI샘플:28263
17:26:49  RSSI경과ms:48
17:26:49  차량수신:14105
17:26:50  시각ms:1484631
17:26:50  IMU시각ms:1484631
17:26:50  위험:0
17:26:50  GPS유효:1
17:26:50  위도:37.496635
17:26:50  경도:126.957863
17:26:50  속도:0.035
17:26:50  방향:188.0
17:26:50  GPS원시속도:0.036
17:26:50  GPS원시방향유효:1
17:26:50  GPS원시방향:187.0
17:26:50  가속도:4.152,-5.981,6.642
17:26:50  자이로:-0.221,-1.244,-1.443
17:26:50  자력계:-14.250,15.300,-0.300
17:26:50  송신:14490
17:26:50  GPS위성:7
17:26:50  GPS_HDOP:1.23
17:26:50  원시위도:37.496634
17:26:50  원시경도:126.957864
17:26:50  GPS채택:1881
17:26:50  GPS이상치거부:8
17:26:50  GPS품질거부:191
17:26:50  GPS재기준:1
17:26:50  RSSI원시:-83
17:26:50  RSSI평활:-81.9
17:26:50  RSSI샘플:28268
17:26:50  RSSI경과ms:21
17:26:50  차량수신:14108
17:26:50  시각ms:1484653
17:26:50  IMU시각ms:1484653
17:26:50  위험:0
17:26:50  GPS유효:1
17:26:50  위도:37.496635
17:26:50  경도:126.957863
17:26:50  속도:0.035
17:26:50  방향:188.0
17:26:50  GPS원시속도:0.036
17:26:50  GPS원시방향유효:1
17:26:50  GPS원시방향:187.0
17:26:50  가속도:4.022,-6.057,6.709
17:26:50  자이로:0.595,-0.221,1.740
17:26:50  자력계:-14.400,13.950,-0.150
17:26:50  송신:14490
17:26:50  GPS위성:7
17:26:50  GPS_HDOP:1.23
17:26:50  원시위도:37.496634
17:26:50  원시경도:126.957864
17:26:50  GPS채택:1882
17:26:50  GPS이상치거부:8
17:26:50  GPS품질거부:191
17:26:50  GPS재기준:1
17:26:50  RSSI원시:-83
17:26:50  RSSI평활:-82.1
17:26:50  RSSI샘플:28269
17:26:50  RSSI경과ms:18
17:26:50  차량수신:14108
17:26:50  시각ms:1484675
17:26:50  IMU시각ms:1484675
17:26:50  위험:0
17:26:50  GPS유효:1
17:26:50  위도:37.496635
17:26:50  경도:126.957863
17:26:50  속도:0.035
17:26:50  방향:188.0
17:26:50  GPS원시속도:0.036
17:26:50  GPS원시방향유효:1
17:26:50  GPS원시방향:187.0
17:26:50  가속도:4.046,-6.033,6.795
17:26:50  자이로:0.931,-3.160,-0.908
17:26:50  자력계:-13.950,16.200,-1.200
17:26:50  송신:14490
17:26:50  GPS위성:7
17:26:50  GPS_HDOP:1.23
17:26:50  원시위도:37.496634
17:26:50  원시경도:126.957864
17:26:50  GPS채택:1882
17:26:50  GPS이상치거부:8
17:26:50  GPS품질거부:191
17:26:50  GPS재기준:1
17:26:50  RSSI원시:-83
17:26:50  RSSI평활:-82.1
17:26:50  RSSI샘플:28269
17:26:50  RSSI경과ms:40
17:26:50  차량수신:14108
17:26:50  시각ms:1484732
17:26:50  IMU시각ms:1484732
17:26:50  위험:0
17:26:50  GPS유효:1
17:26:50  위도:37.496635
17:26:50  경도:126.957863
17:26:50  속도:0.035
17:26:50  방향:188.0
17:26:50  GPS원시속도:0.036
17:26:50  GPS원시방향유효:1
17:26:50  GPS원시방향:187.0
17:26:50  가속도:4.180,-6.005,6.728
17:26:50  자이로:-0.740,-0.511,1.382
17:26:50  자력계:-12.900,15.150,-1.200
17:26:50  송신:14491
17:26:50  GPS위성:7
17:26:50  GPS_HDOP:1.23
17:26:50  원시위도:37.496634
17:26:50  원시경도:126.957864
17:26:50  GPS채택:1882
17:26:50  GPS이상치거부:8
17:26:50  GPS품질거부:191
17:26:50  GPS재기준:1
17:26:50  RSSI원시:-84
17:26:50  RSSI평활:-82.7
17:26:50  RSSI샘플:28271
17:26:50  RSSI경과ms:7
17:26:50  차량수신:14109
17:26:50  시각ms:1484956
17:26:50  IMU시각ms:1484956
17:26:50  위험:0
17:26:50  GPS유효:1
17:26:50  위도:37.496635
17:26:50  경도:126.957863
17:26:50  속도:0.035
17:26:50  방향:188.0
17:26:50  GPS원시속도:0.036
17:26:50  GPS원시방향유효:1
17:26:50  GPS원시방향:187.0
17:26:50  가속도:4.041,-6.139,6.737
17:26:50  자이로:-1.985,-3.122,1.038
17:26:50  자력계:-13.500,14.850,-2.550
17:26:50  송신:14493
17:26:50  GPS위성:7
17:26:50  GPS_HDOP:1.23
17:26:50  원시위도:37.496634
17:26:50  원시경도:126.957864
17:26:50  GPS채택:1882
17:26:50  GPS이상치거부:8
17:26:50  GPS품질거부:191
17:26:50  GPS재기준:1
17:26:50  RSSI원시:-83
17:26:50  RSSI평활:-82.4
17:26:50  RSSI샘플:28274
17:26:50  RSSI경과ms:34
17:26:50  차량수신:14110
17:26:50  시각ms:1485099
17:26:50  IMU시각ms:1485099
17:26:50  위험:0
17:26:50  GPS유효:1
17:26:50  위도:37.496635
17:26:50  경도:126.957863
17:26:50  속도:0.035
17:26:50  방향:188.0
17:26:50  GPS원시속도:0.036
17:26:50  GPS원시방향유효:1
17:26:50  GPS원시방향:187.0
17:26:50  가속도:4.137,-5.981,6.823
17:26:50  자이로:1.206,-1.198,1.878
17:26:50  자력계:-13.800,15.300,0.000
17:26:50  송신:14494
17:26:50  GPS위성:7
17:26:50  GPS_HDOP:1.23
17:26:50  원시위도:37.496634
17:26:50  원시경도:126.957864
17:26:50  GPS채택:1882
17:26:50  GPS이상치거부:8
17:26:50  GPS품질거부:191
17:26:50  GPS재기준:1
17:26:50  RSSI원시:-83
17:26:50  RSSI평활:-82.5
17:26:50  RSSI샘플:28275
17:26:50  RSSI경과ms:32
17:26:50  차량수신:14110
17:26:50  시각ms:1485163
17:26:50  IMU시각ms:1485163
17:26:50  위험:0
17:26:50  GPS유효:1
17:26:50  위도:37.496635
17:26:50  경도:126.957863
17:26:50  속도:0.035
17:26:50  방향:188.0
17:26:50  GPS원시속도:0.036
17:26:50  GPS원시방향유효:1
17:26:50  GPS원시방향:187.0
17:26:50  가속도:4.128,-6.076,6.800
17:26:50  자이로:-2.603,1.137,0.420
17:26:50  자력계:-13.050,14.550,-1.050
17:26:50  송신:14495
17:26:50  GPS위성:7
17:26:50  GPS_HDOP:1.23
17:26:50  원시위도:37.496634
17:26:50  원시경도:126.957864
17:26:50  GPS채택:1882
17:26:50  GPS이상치거부:8
17:26:50  GPS품질거부:191
17:26:50  GPS재기준:1
17:26:50  RSSI원시:-89
17:26:50  RSSI평활:-83.7
17:26:50  RSSI샘플:28277
17:26:50  RSSI경과ms:21
17:26:50  차량수신:14111
17:26:50  시각ms:1485207
17:26:50  IMU시각ms:1485207
17:26:50  위험:0
17:26:50  GPS유효:1
17:26:50  위도:37.496635
17:26:50  경도:126.957863
17:26:50  속도:0.035
17:26:50  방향:188.0
17:26:50  GPS원시속도:0.036
17:26:50  GPS원시방향유효:1
17:26:50  GPS원시방향:187.0
17:26:50  가속도:3.926,-5.995,6.819
17:26:50  자이로:-1.580,0.664,-1.397
17:26:50  자력계:-14.400,16.200,0.150
17:26:50  송신:14495
17:26:50  GPS위성:7
17:26:50  GPS_HDOP:1.23
17:26:50  원시위도:37.496634
17:26:50  원시경도:126.957864
17:26:50  GPS채택:1882
17:26:50  GPS이상치거부:8
17:26:50  GPS품질거부:191
17:26:50  GPS재기준:1
17:26:50  RSSI원시:-89
17:26:50  RSSI평활:-83.7
17:26:50  RSSI샘플:28277
17:26:50  RSSI경과ms:65
17:26:50  차량수신:14111
17:26:50  시각ms:1485240
17:26:50  IMU시각ms:1485240
17:26:50  위험:0
17:26:50  GPS유효:1
17:26:50  위도:37.496635
17:26:50  경도:126.957863
17:26:50  속도:0.035
17:26:50  방향:188.0
17:26:50  GPS원시속도:0.036
17:26:50  GPS원시방향유효:1
17:26:50  GPS원시방향:187.0
17:26:50  가속도:4.185,-6.009,6.795
17:26:50  자이로:-1.527,-3.115,-0.878
17:26:50  자력계:-14.400,15.450,-0.900
17:26:50  송신:14496
17:26:50  GPS위성:7
17:26:50  GPS_HDOP:1.23
17:26:50  원시위도:37.496634
17:26:50  원시경도:126.957864
17:26:50  GPS채택:1882
17:26:50  GPS이상치거부:8
17:26:50  GPS품질거부:191
17:26:50  GPS재기준:1
17:26:50  RSSI원시:-83
17:26:50  RSSI평활:-83.6
17:26:50  RSSI샘플:28278
17:26:50  RSSI경과ms:3
17:26:50  차량수신:14111
17:26:50  시각ms:1485340
17:26:50  IMU시각ms:1485328
17:26:50  위험:0
17:26:50  GPS유효:1
17:26:50  위도:37.496635
17:26:50  경도:126.957863
17:26:50  속도:0.035
17:26:50  방향:188.0
17:26:50  GPS원시속도:0.036
17:26:50  GPS원시방향유효:1
17:26:50  GPS원시방향:187.0
17:26:50  가속도:4.152,-6.053,6.862
17:26:50  자이로:-3.550,0.435,-1.580
17:26:50  자력계:-15.450,14.700,-0.900
17:26:50  송신:14497
17:26:50  GPS위성:7
17:26:50  GPS_HDOP:1.23
17:26:50  원시위도:37.496634
17:26:50  원시경도:126.957864
17:26:50  GPS채택:1882
17:26:50  GPS이상치거부:8
17:26:50  GPS품질거부:191
17:26:50  GPS재기준:1
17:26:50  RSSI원시:-83
17:26:50  RSSI평활:-83.5
17:26:50  RSSI샘플:28279
17:26:50  RSSI경과ms:91
17:26:50  차량수신:14112
17:26:50  시각ms:1485392
17:26:50  IMU시각ms:1485392
17:26:50  위험:0
17:26:50  GPS유효:1
17:26:50  위도:37.496635
17:26:50  경도:126.957863
17:26:50  속도:0.035
17:26:50  방향:188.0
17:26:50  GPS원시속도:0.036
17:26:50  GPS원시방향유효:1
17:26:50  GPS원시방향:187.0
17:26:50  가속도:3.998,-5.962,6.771
17:26:50  자이로:-1.550,-0.916,-2.740
17:26:50  자력계:-13.650,17.100,0.150
17:26:50  송신:14497
17:26:50  GPS위성:7
17:26:50  GPS_HDOP:1.23
17:26:50  원시위도:37.496634
17:26:50  원시경도:126.957864
17:26:50  GPS채택:1882
17:26:50  GPS이상치거부:8
17:26:50  GPS품질거부:191
17:26:50  GPS재기준:1
17:26:50  RSSI원시:-84
17:26:50  RSSI평활:-83.6
17:26:50  RSSI샘플:28280
17:26:50  RSSI경과ms:38
17:26:50  차량수신:14112
17:26:51  시각ms:1485469
17:26:51  IMU시각ms:1485469
17:26:51  위험:0
17:26:51  GPS유효:1
17:26:51  위도:37.496635
17:26:51  경도:126.957863
17:26:51  속도:0.035
17:26:51  방향:188.0
17:26:51  GPS원시속도:0.036
17:26:51  GPS원시방향유효:1
17:26:51  GPS원시방향:187.0
17:26:51  가속도:4.147,-6.081,6.771
17:26:51  자이로:0.634,-2.489,1.023
17:26:51  자력계:-13.800,14.550,-0.600
17:26:51  송신:14498
17:26:51  GPS위성:7
17:26:51  GPS_HDOP:1.23
17:26:51  원시위도:37.496634
17:26:51  원시경도:126.957864
17:26:51  GPS채택:1882
17:26:51  GPS이상치거부:8
17:26:51  GPS품질거부:191
17:26:51  GPS재기준:1
17:26:51  RSSI원시:-83
17:26:51  RSSI평활:-83.4
17:26:51  RSSI샘플:28282
17:26:51  RSSI경과ms:2
17:26:51  차량수신:14113
17:26:51  시각ms:1485701
17:26:51  IMU시각ms:1485701
17:26:51  위험:0
17:26:51  GPS유효:1
17:26:51  위도:37.496635
17:26:51  경도:126.957863
17:26:51  속도:0.027
17:26:51  방향:188.0
17:26:51  GPS원시속도:0.021
17:26:51  GPS원시방향유효:1
17:26:51  GPS원시방향:187.0
17:26:51  가속도:4.041,-6.096,6.776
17:26:51  자이로:-4.634,0.305,1.916
17:26:51  자력계:-12.750,16.500,-1.800
17:26:51  송신:14500
17:26:51  GPS위성:7
17:26:51  GPS_HDOP:1.23
17:26:51  원시위도:37.496635
17:26:51  원시경도:126.957864
17:26:51  GPS채택:1884
17:26:51  GPS이상치거부:8
17:26:51  GPS품질거부:191
17:26:51  GPS재기준:1
17:26:51  RSSI원시:-83
17:26:51  RSSI평활:-83.2
17:26:51  RSSI샘플:28285
17:26:51  RSSI경과ms:23
17:26:51  차량수신:14114
17:26:51  시각ms:1485723
17:26:51  IMU시각ms:1485723
17:26:51  위험:0
17:26:51  GPS유효:1
17:26:51  위도:37.496635
17:26:51  경도:126.957863
17:26:51  속도:0.027
17:26:51  방향:188.0
17:26:51  GPS원시속도:0.021
17:26:51  GPS원시방향유효:1
17:26:51  GPS원시방향:187.0
17:26:51  가속도:4.027,-5.976,6.785
17:26:51  자이로:-1.191,-1.435,0.382
17:26:51  자력계:-13.950,15.900,-0.150
17:26:51  송신:14500
17:26:51  GPS위성:7
17:26:51  GPS_HDOP:1.23
17:26:51  원시위도:37.496635
17:26:51  원시경도:126.957864
17:26:51  GPS채택:1884
17:26:51  GPS이상치거부:8
17:26:51  GPS품질거부:191
17:26:51  GPS재기준:1
17:26:51  RSSI원시:-83
17:26:51  RSSI평활:-83.2
17:26:51  RSSI샘플:28285
17:26:51  RSSI경과ms:45
17:26:51  차량수신:14114
17:26:51  시각ms:1485982
17:26:51  IMU시각ms:1485982
17:26:51  위험:0
17:26:51  GPS유효:1
17:26:51  위도:37.496635
17:26:51  경도:126.957863
17:26:51  속도:0.027
17:26:51  방향:188.0
17:26:51  GPS원시속도:0.021
17:26:51  GPS원시방향유효:1
17:26:51  GPS원시방향:187.0
17:26:51  가속도:4.070,-5.933,6.618
17:26:51  자이로:-1.489,-2.641,-0.221
17:26:51  자력계:-12.900,14.400,0.450
17:26:51  송신:14503
17:26:51  GPS위성:7
17:26:51  GPS_HDOP:1.23
17:26:51  원시위도:37.496635
17:26:51  원시경도:126.957864
17:26:51  GPS채택:1884
17:26:51  GPS이상치거부:8
17:26:51  GPS품질거부:191
17:26:51  GPS재기준:1
17:26:51  RSSI원시:-81
17:26:51  RSSI평활:-82.6
17:26:51  RSSI샘플:28290
17:26:51  RSSI경과ms:28
17:26:51  차량수신:14116
17:26:51  시각ms:1486004
17:26:51  IMU시각ms:1486004
17:26:51  위험:0
17:26:51  GPS유효:1
17:26:51  위도:37.496635
17:26:51  경도:126.957863
17:26:51  속도:0.027
17:26:51  방향:188.0
17:26:51  GPS원시속도:0.021
17:26:51  GPS원시방향유효:1
17:26:51  GPS원시방향:187.0
17:26:51  가속도:4.022,-5.942,6.675
17:26:51  자이로:1.206,-3.153,-1.206
17:26:51  자력계:-15.150,13.950,-0.900
17:26:51  송신:14503
17:26:51  GPS위성:7
17:26:51  GPS_HDOP:1.23
17:26:51  원시위도:37.496635
17:26:51  원시경도:126.957864
17:26:51  GPS채택:1884
17:26:51  GPS이상치거부:8
17:26:51  GPS품질거부:191
17:26:51  GPS재기준:1
17:26:51  RSSI원시:-81
17:26:51  RSSI평활:-82.6
17:26:51  RSSI샘플:28290
17:26:51  RSSI경과ms:50
17:26:51  차량수신:14116
17:26:51  시각ms:1486026
17:26:51  IMU시각ms:1486026
17:26:51  위험:0
17:26:51  GPS유효:1
17:26:51  위도:37.496635
17:26:51  경도:126.957863
17:26:51  속도:0.027
17:26:51  방향:188.0
17:26:51  GPS원시속도:0.021
17:26:51  GPS원시방향유효:1
17:26:51  GPS원시방향:187.0
17:26:51  가속도:4.017,-6.024,6.685
17:26:51  자이로:-1.305,0.649,-2.557
17:26:51  자력계:-15.150,15.450,-0.450
17:26:51  송신:14503
17:26:51  GPS위성:7
17:26:51  GPS_HDOP:1.23
17:26:51  원시위도:37.496635
17:26:51  원시경도:126.957864
17:26:51  GPS채택:1884
17:26:51  GPS이상치거부:8
17:26:51  GPS품질거부:191
17:26:51  GPS재기준:1
17:26:51  RSSI원시:-81
17:26:51  RSSI평활:-82.6
17:26:51  RSSI샘플:28290
17:26:51  RSSI경과ms:72
17:26:51  차량수신:14116
17:26:51  시각ms:1486060
17:26:51  IMU시각ms:1486060
17:26:51  위험:0
17:26:51  GPS유효:1
17:26:51  위도:37.496635
17:26:51  경도:126.957863
17:26:51  속도:0.027
17:26:51  방향:188.0
17:26:51  GPS원시속도:0.021
17:26:51  GPS원시방향유효:1
17:26:51  GPS원시방향:187.0
17:26:51  가속도:3.950,-6.043,6.843
17:26:51  자이로:-2.817,-1.015,0.954
17:26:51  자력계:-13.950,13.950,-0.450
17:26:51  송신:14504
17:26:51  GPS위성:7
17:26:51  GPS_HDOP:1.23
17:26:51  원시위도:37.496635
17:26:51  원시경도:126.957864
17:26:51  GPS채택:1884
17:26:51  GPS이상치거부:8
17:26:51  GPS품질거부:191
17:26:51  GPS재기준:1
17:26:51  RSSI원시:-82
17:26:51  RSSI평활:-82.5
17:26:51  RSSI샘플:28291
17:26:51  RSSI경과ms:10
17:26:51  차량수신:14116
17:26:51  시각ms:1486082
17:26:51  IMU시각ms:1486082
17:26:51  위험:0
17:26:51  GPS유효:1
17:26:51  위도:37.496635
17:26:51  경도:126.957863
17:26:51  속도:0.027
17:26:51  방향:188.0
17:26:51  GPS원시속도:0.021
17:26:51  GPS원시방향유효:1
17:26:51  GPS원시방향:187.0
17:26:51  가속도:4.032,-6.072,6.752
17:26:51  자이로:-0.641,-2.053,-1.137
17:26:51  자력계:-14.400,14.700,-2.700
17:26:51  송신:14504
17:26:51  GPS위성:7
17:26:51  GPS_HDOP:1.23
17:26:51  원시위도:37.496635
17:26:51  원시경도:126.957864
17:26:51  GPS채택:1884
17:26:51  GPS이상치거부:8
17:26:51  GPS품질거부:191
17:26:51  GPS재기준:1
17:26:51  RSSI원시:-82
17:26:51  RSSI평활:-82.5
17:26:51  RSSI샘플:28291
17:26:51  RSSI경과ms:32
17:26:51  차량수신:14116
17:26:51  시각ms:1486126
17:26:51  IMU시각ms:1486126
17:26:51  위험:0
17:26:51  GPS유효:1
17:26:51  위도:37.496635
17:26:51  경도:126.957863
17:26:51  속도:0.027
17:26:51  방향:188.0
17:26:51  GPS원시속도:0.021
17:26:51  GPS원시방향유효:1
17:26:51  GPS원시방향:187.0
17:26:51  가속도:4.185,-6.019,6.776
17:26:51  자이로:1.191,-0.496,0.527
17:26:51  자력계:-13.950,15.450,-0.450
17:26:51  송신:14504
17:26:51  GPS위성:7
17:26:51  GPS_HDOP:1.23
17:26:51  원시위도:37.496635
17:26:51  원시경도:126.957864
17:26:51  GPS채택:1884
17:26:51  GPS이상치거부:8
17:26:51  GPS품질거부:191
17:26:51  GPS재기준:1
17:26:51  RSSI원시:-80
17:26:51  RSSI평활:-82.0
17:26:51  RSSI샘플:28292
17:26:51  RSSI경과ms:28
17:26:51  차량수신:14117
17:26:51  시각ms:1486159
17:26:51  IMU시각ms:1486159
17:26:51  위험:0
17:26:51  GPS유효:1
17:26:51  위도:37.496635
17:26:51  경도:126.957863
17:26:51  속도:0.027
17:26:51  방향:188.0
17:26:51  GPS원시속도:0.021
17:26:51  GPS원시방향유효:1
17:26:51  GPS원시방향:187.0
17:26:51  가속도:4.070,-6.009,6.761
17:26:51  자이로:-0.374,-2.397,-0.733
17:26:51  자력계:-13.500,14.550,-0.300
17:26:51  송신:14505
17:26:51  GPS위성:7
17:26:51  GPS_HDOP:1.23
17:26:51  원시위도:37.496635
17:26:51  원시경도:126.957864
17:26:51  GPS채택:1884
17:26:51  GPS이상치거부:8
17:26:51  GPS품질거부:191
17:26:51  GPS재기준:1
17:26:51  RSSI원시:-80
17:26:51  RSSI평활:-81.6
17:26:51  RSSI샘플:28293
17:26:51  RSSI경과ms:4
17:26:51  차량수신:14117
17:26:51  시각ms:1486181
17:26:51  IMU시각ms:1486181
17:26:51  위험:0
17:26:51  GPS유효:1
17:26:51  위도:37.496635
17:26:51  경도:126.957863
17:26:51  속도:0.027
17:26:51  방향:188.0
17:26:51  GPS원시속도:0.021
17:26:51  GPS원시방향유효:1
17:26:51  GPS원시방향:187.0
17:26:51  가속도:3.903,-6.053,6.771
17:26:51  자이로:-0.313,0.061,1.473
17:26:51  자력계:-15.000,14.100,-0.300
17:26:51  송신:14505
17:26:51  GPS위성:7
17:26:51  GPS_HDOP:1.23
17:26:51  원시위도:37.496635
17:26:51  원시경도:126.957864
17:26:51  GPS채택:1884
17:26:51  GPS이상치거부:8
17:26:51  GPS품질거부:191
17:26:51  GPS재기준:1
17:26:51  RSSI원시:-80
17:26:51  RSSI평활:-81.6
17:26:51  RSSI샘플:28293
17:26:51  RSSI경과ms:26
17:26:51  차량수신:14117
17:26:51  시각ms:1486311
17:26:51  IMU시각ms:1486311
17:26:51  위험:0
17:26:51  GPS유효:1
17:26:51  위도:37.496635
17:26:51  경도:126.957863
17:26:51  속도:0.027
17:26:51  방향:188.0
17:26:51  GPS원시속도:0.021
17:26:51  GPS원시방향유효:1
17:26:51  GPS원시방향:187.0
17:26:51  가속도:3.994,-6.124,6.747
17:26:51  자이로:-2.275,-1.794,-0.649
17:26:51  자력계:-15.750,12.600,1.050
17:26:51  송신:14506
17:26:51  GPS위성:7
17:26:51  GPS_HDOP:1.23
17:26:51  원시위도:37.496635
17:26:51  원시경도:126.957864
17:26:51  GPS채택:1884
17:26:51  GPS이상치거부:8
17:26:51  GPS품질거부:191
17:26:51  GPS재기준:1
17:26:51  RSSI원시:-82
17:26:51  RSSI평활:-81.7
17:26:51  RSSI샘플:28296
17:26:51  RSSI경과ms:3
17:26:51  차량수신:14119
17:26:51  시각ms:1486388
17:26:51  IMU시각ms:1486388
17:26:51  위험:0
17:26:51  GPS유효:1
17:26:51  위도:37.496635
17:26:51  경도:126.957863
17:26:51  속도:0.027
17:26:51  방향:188.0
17:26:51  GPS원시속도:0.021
17:26:51  GPS원시방향유효:1
17:26:51  GPS원시방향:187.0
17:26:51  가속도:4.027,-6.115,6.694
17:26:51  자이로:-0.924,1.374,-0.931
17:26:51  자력계:-15.450,15.900,-0.450
17:26:51  송신:14507
17:26:51  GPS위성:7
17:26:51  GPS_HDOP:1.23
17:26:51  원시위도:37.496635
17:26:51  원시경도:126.957864
17:26:51  GPS채택:1884
17:26:51  GPS이상치거부:8
17:26:51  GPS품질거부:191
17:26:51  GPS재기준:1
17:26:51  RSSI원시:-82
17:26:51  RSSI평활:-81.7
17:26:51  RSSI샘플:28297
17:26:51  RSSI경과ms:25
17:26:51  차량수신:14119
17:26:52  시각ms:1486777
17:26:52  IMU시각ms:1486777
17:26:52  위험:0
17:26:52  GPS유효:1
17:26:52  위도:37.496635
17:26:52  경도:126.957863
17:26:52  속도:0.029
17:26:52  방향:188.0
17:26:52  GPS원시속도:0.031
17:26:52  GPS원시방향유효:1
17:26:52  GPS원시방향:187.0
17:26:52  가속도:4.185,-6.043,6.766
17:26:52  자이로:-0.427,-1.733,-3.527
17:26:52  자력계:-15.150,14.700,-1.950
17:26:52  송신:14511
17:26:52  GPS위성:7
17:26:52  GPS_HDOP:1.23
17:26:52  원시위도:37.496635
17:26:52  원시경도:126.957864
17:26:52  GPS채택:1886
17:26:52  GPS이상치거부:8
17:26:52  GPS품질거부:191
17:26:52  GPS재기준:1
17:26:52  RSSI원시:-82
17:26:52  RSSI평활:-81.6
17:26:52  RSSI샘플:28305
17:26:52  RSSI경과ms:12
17:26:52  차량수신:14123
17:26:53  시각ms:1487659
17:26:53  IMU시각ms:1487659
17:26:53  위험:0
17:26:53  GPS유효:1
17:26:53  위도:37.496635
17:26:53  경도:126.957863
17:26:53  속도:0.021
17:26:53  방향:188.0
17:26:53  GPS원시속도:0.015
17:26:53  GPS원시방향유효:1
17:26:53  GPS원시방향:187.0
17:26:53  가속도:4.046,-6.043,6.847
17:26:53  자이로:-1.244,-1.840,0.962
17:26:53  자력계:-14.550,14.850,0.000
17:26:53  송신:14519
17:26:53  GPS위성:7
17:26:53  GPS_HDOP:1.23
17:26:53  원시위도:37.496636
17:26:53  원시경도:126.957864
17:26:53  GPS채택:1888
17:26:53  GPS이상치거부:8
17:26:53  GPS품질거부:191
17:26:53  GPS재기준:1
17:26:53  RSSI원시:-83
17:26:53  RSSI평활:-81.3
17:26:53  RSSI샘플:28314
17:26:53  RSSI경과ms:53
17:26:53  차량수신:14125
17:26:53  시각ms:1487838
17:26:53  IMU시각ms:1487838
17:26:53  위험:0
17:26:53  GPS유효:1
17:26:53  위도:37.496635
17:26:53  경도:126.957863
17:26:53  속도:0.021
17:26:53  방향:188.0
17:26:53  GPS원시속도:0.015
17:26:53  GPS원시방향유효:1
17:26:53  GPS원시방향:187.0
17:26:53  가속도:4.051,-6.062,6.646
17:26:53  자이로:-0.802,3.969,-2.000
17:26:53  자력계:-13.800,15.300,0.000
17:26:53  송신:14521
17:26:53  GPS위성:7
17:26:53  GPS_HDOP:1.23
17:26:53  원시위도:37.496636
17:26:53  원시경도:126.957864
17:26:53  GPS채택:1888
17:26:53  GPS이상치거부:8
17:26:53  GPS품질거부:191
17:26:53  GPS재기준:1
17:26:53  RSSI원시:-84
17:26:53  RSSI평활:-82.1
17:26:53  RSSI샘플:28316
17:26:53  RSSI경과ms:51
17:26:53  차량수신:14125
