17:26:38  시각ms:1484197
17:26:38  IMU시각ms:1484197
17:26:38  위험:0
17:26:38  원시위험:0
17:26:38  GPS유효:1
17:26:38  위도:37.496520
17:26:38  경도:126.958071
17:26:38  속도:0.00
17:26:38  방향:178.0
17:26:38  GPS원시속도:0.000
17:26:38  GPS원시방향유효:1
17:26:38  GPS원시방향:182.8
17:26:38  가속도:-0.53,1.40,9.62
17:26:38  자이로:0.8,2.2,-0.3
17:26:38  자력계:5.250,3.450,-6.750
17:26:38  충격값:0.12
17:26:38  송신:14466
17:26:38  지팡이수신:14053
17:26:38  GPS위성:6
17:26:38  GPS_HDOP:1.40
17:26:38  원시위도:37.496523
17:26:38  원시경도:126.958072
17:26:38  GPS채택:359
17:26:38  GPS이상치거부:24
17:26:38  GPS품질거부:84
17:26:38  GPS재기준:6
17:26:38  계산거리:20.82
17:26:38  접근속도:-0.06
17:26:38  TTC:999.00
17:26:38  방향오차:127.9
17:26:38  전방여부:0
17:26:38  위험음성횟수:0
17:26:38  충격음성횟수:1
17:26:38  마지막위험음성:0
17:26:38  RSSI원시:-81
17:26:38  RSSI평활:-80.0
17:26:38  RSSI샘플:14053
17:26:38  RSSI경과ms:22
17:26:38  위험송신:14053
17:26:40  시각ms:1486493
17:26:40  IMU시각ms:1486493
17:26:40  위험:0
17:26:40  원시위험:0
17:26:40  GPS유효:1
17:26:40  위도:37.496522
17:26:40  경도:126.958072
17:26:40  속도:0.00
17:26:40  방향:178.0
17:26:40  GPS원시속도:0.000
17:26:40  GPS원시방향유효:1
17:26:40  GPS원시방향:182.8
17:26:40  가속도:-0.50,1.58,9.48
17:26:40  자이로:1.4,-0.4,1.2
17:26:40  자력계:6.000,5.400,-4.800
17:26:40  충격값:0.13
17:26:40  송신:14488
17:26:40  지팡이수신:14073
17:26:40  GPS위성:6
17:26:40  GPS_HDOP:1.40
17:26:40  원시위도:37.496525
17:26:40  원시경도:126.958073
17:26:40  GPS채택:364
17:26:40  GPS이상치거부:24
17:26:40  GPS품질거부:84
17:26:40  GPS재기준:6
17:26:40  계산거리:20.76
17:26:40  접근속도:0.01
17:26:40  TTC:999.00
17:26:40  방향오차:127.8
17:26:40  전방여부:0
17:26:40  위험음성횟수:0
17:26:40  충격음성횟수:1
17:26:40  마지막위험음성:0
17:26:40  RSSI원시:-79
17:26:40  RSSI평활:-79.4
17:26:40  RSSI샘플:14073
17:26:40  RSSI경과ms:92
17:26:40  위험송신:14073
17:26:41  시각ms:1486848
17:26:41  IMU시각ms:1486847
17:26:41  위험:0
17:26:41  원시위험:0
17:26:41  GPS유효:1
17:26:41  위도:37.496522
17:26:41  경도:126.958072
17:26:41  속도:0.00
17:26:41  방향:178.0
17:26:41  GPS원시속도:0.000
17:26:41  GPS원시방향유효:1
17:26:41  GPS원시방향:182.8
17:26:41  가속도:-0.45,1.53,9.66
17:26:41  자이로:-0.7,1.4,-2.3
17:26:41  자력계:6.000,3.450,-7.050
17:26:41  충격값:0.13
17:26:41  송신:14492
17:26:41  지팡이수신:14077
17:26:41  GPS위성:6
17:26:41  GPS_HDOP:1.40
17:26:41  원시위도:37.496525
17:26:41  원시경도:126.958073
17:26:41  GPS채택:364
17:26:41  GPS이상치거부:24
17:26:41  GPS품질거부:84
17:26:41  GPS재기준:6
17:26:41  계산거리:20.76
17:26:41  접근속도:0.01
17:26:41  TTC:999.00
17:26:41  방향오차:127.8
17:26:41  전방여부:0
17:26:41  위험음성횟수:0
17:26:41  충격음성횟수:1
17:26:41  마지막위험음성:0
17:26:41  RSSI원시:-79
17:26:41  RSSI평활:-78.8
17:26:41  RSSI샘플:14077
17:26:41  RSSI경과ms:34
17:26:41  위험송신:14077
17:26:41  시각ms:1487055
17:26:41  IMU시각ms:1487055
17:26:41  위험:0
17:26:41  원시위험:0
17:26:41  GPS유효:1
17:26:41  위도:37.496522
17:26:41  경도:126.958072
17:26:41  속도:0.00
17:26:41  방향:178.0
17:26:41  GPS원시속도:0.000
17:26:41  GPS원시방향유효:1
17:26:41  GPS원시방향:182.8
17:26:41  가속도:-0.56,1.42,9.66
17:26:41  자이로:-0.3,-2.1,1.7
17:26:41  자력계:6.450,4.200,-6.750
17:26:41  충격값:0.12
17:26:41  송신:14494
17:26:41  지팡이수신:14079
17:26:41  GPS위성:6
17:26:41  GPS_HDOP:1.40
17:26:41  원시위도:37.496525
17:26:41  원시경도:126.958073
17:26:41  GPS채택:366
17:26:41  GPS이상치거부:24
17:26:41  GPS품질거부:84
17:26:41  GPS재기준:6
17:26:41  계산거리:21.31
17:26:41  접근속도:0.01
17:26:41  TTC:999.00
17:26:41  방향오차:126.7
17:26:41  전방여부:0
17:26:41  위험음성횟수:0
17:26:41  충격음성횟수:1
17:26:41  마지막위험음성:0
17:26:41  RSSI원시:-79
17:26:41  RSSI평활:-79.0
17:26:41  RSSI샘플:14079
17:26:41  RSSI경과ms:38
17:26:41  위험송신:14079
17:26:41  시각ms:1487693
17:26:41  IMU시각ms:1487693
17:26:41  위험:0
17:26:41  원시위험:0
17:26:41  GPS유효:1
17:26:41  위도:37.496522
17:26:41  경도:126.958072
17:26:41  속도:0.00
17:26:41  방향:178.0
17:26:41  GPS원시속도:0.000
17:26:41  GPS원시방향유효:1
17:26:41  GPS원시방향:182.8
17:26:41  가속도:-0.48,1.53,9.53
17:26:41  자이로:0.0,0.1,0.7
17:26:41  자력계:6.750,1.950,-6.750
17:26:41  충격값:0.08
17:26:41  송신:14500
17:26:41  지팡이수신:14085
17:26:41  GPS위성:6
17:26:41  GPS_HDOP:1.40
17:26:41  원시위도:37.496525
17:26:41  원시경도:126.958073
17:26:41  GPS채택:366
17:26:41  GPS이상치거부:24
17:26:41  GPS품질거부:84
17:26:41  GPS재기준:6
17:26:41  계산거리:21.31
17:26:41  접근속도:-0.22
17:26:41  TTC:999.00
17:26:41  방향오차:126.7
17:26:41  전방여부:0
17:26:41  위험음성횟수:0
17:26:41  충격음성횟수:1
17:26:41  마지막위험음성:0
17:26:41  RSSI원시:-79
17:26:41  RSSI평활:-78.3
17:26:41  RSSI샘플:14085
17:26:41  RSSI경과ms:68
17:26:41  위험송신:14085
17:26:42  시각ms:1487793
17:26:42  IMU시각ms:1487793
17:26:42  위험:0
17:26:42  원시위험:0
17:26:42  GPS유효:1
17:26:42  위도:37.496522
17:26:42  경도:126.958072
17:26:42  속도:0.00
17:26:42  방향:178.0
17:26:42  GPS원시속도:0.000
17:26:42  GPS원시방향유효:1
17:26:42  GPS원시방향:182.8
17:26:42  가속도:-0.59,1.49,9.58
17:26:42  자이로:1.1,0.5,-1.0
17:26:42  자력계:5.700,3.450,-5.250
17:26:42  충격값:0.04
17:26:42  송신:14501
17:26:42  지팡이수신:14085
17:26:42  GPS위성:6
17:26:42  GPS_HDOP:1.40
17:26:42  원시위도:37.496525
17:26:42  원시경도:126.958073
17:26:42  GPS채택:366
17:26:42  GPS이상치거부:24
17:26:42  GPS품질거부:84
17:26:42  GPS재기준:6
17:26:42  계산거리:21.31
17:26:42  접근속도:-0.22
17:26:42  TTC:999.00
17:26:42  방향오차:126.7
17:26:42  전방여부:0
17:26:42  위험음성횟수:0
17:26:42  충격음성횟수:1
17:26:42  마지막위험음성:0
17:26:42  RSSI원시:-79
17:26:42  RSSI평활:-78.3
17:26:42  RSSI샘플:14085
17:26:42  RSSI경과ms:168
17:26:42  위험송신:14085
17:26:43  시각ms:1489353
17:26:43  IMU시각ms:1489353
17:26:43  위험:0
17:26:43  원시위험:0
17:26:43  GPS유효:1
17:26:43  위도:37.496523
17:26:43  경도:126.958072
17:26:43  속도:0.00
17:26:43  방향:178.0
17:26:43  GPS원시속도:0.000
17:26:43  GPS원시방향유효:1
17:26:43  GPS원시방향:182.8
17:26:43  가속도:-0.47,1.60,9.63
17:26:43  자이로:-0.0,-0.8,-2.2
17:26:43  자력계:5.700,2.250,-6.000
17:26:43  충격값:0.12
17:26:43  송신:14516
17:26:43  지팡이수신:14099
17:26:43  GPS위성:6
17:26:43  GPS_HDOP:1.40
17:26:43  원시위도:37.496525
17:26:43  원시경도:126.958073
17:26:43  GPS채택:370
17:26:43  GPS이상치거부:24
17:26:43  GPS품질거부:84
17:26:43  GPS재기준:6
17:26:43  계산거리:21.52
17:26:43  접근속도:-0.21
17:26:43  TTC:999.00
17:26:43  방향오차:125.9
17:26:43  전방여부:0
17:26:43  위험음성횟수:0
17:26:43  충격음성횟수:1
17:26:43  마지막위험음성:0
17:26:43  RSSI원시:-79
17:26:43  RSSI평활:-79.5
17:26:43  RSSI샘플:14099
17:26:43  RSSI경과ms:101
17:26:43  위험송신:14099
17:26:45  시각ms:1491648
17:26:45  IMU시각ms:1491648
17:26:45  위험:0
17:26:45  원시위험:0
17:26:45  GPS유효:1
17:26:45  위도:37.496524
17:26:45  경도:126.958073
17:26:45  속도:0.00
17:26:45  방향:178.0
17:26:45  GPS원시속도:0.000
17:26:45  GPS원시방향유효:1
17:26:45  GPS원시방향:182.8
17:26:45  가속도:-0.61,1.48,9.46
17:26:45  자이로:1.8,-0.1,0.3
17:26:45  자력계:5.700,4.650,-6.000
17:26:45  충격값:0.14
17:26:45  송신:14537
17:26:45  지팡이수신:14120
17:26:45  GPS위성:6
17:26:45  GPS_HDOP:1.40
17:26:45  원시위도:37.496527
17:26:45  원시경도:126.958073
17:26:45  GPS채택:374
17:26:45  GPS이상치거부:24
17:26:45  GPS품질거부:84
17:26:45  GPS재기준:6
17:26:45  계산거리:21.47
17:26:45  접근속도:-0.03
17:26:45  TTC:999.00
17:26:45  방향오차:125.8
17:26:45  전방여부:0
17:26:45  위험음성횟수:0
17:26:45  충격음성횟수:1
17:26:45  마지막위험음성:0
17:26:45  RSSI원시:-79
17:26:45  RSSI평활:-78.5
17:26:45  RSSI샘플:14120
17:26:45  RSSI경과ms:54
17:26:45  위험송신:14120
17:26:47  시각ms:1493159
17:26:47  IMU시각ms:1493159
17:26:47  위험:0
17:26:47  원시위험:0
17:26:47  GPS유효:1
17:26:47  위도:37.496525
17:26:47  경도:126.958073
17:26:47  속도:0.00
17:26:47  방향:178.0
17:26:47  GPS원시속도:0.000
17:26:47  GPS원시방향유효:1
17:26:47  GPS원시방향:182.8
17:26:47  가속도:-0.51,1.48,9.54
17:26:47  자이로:0.8,-0.9,2.7
17:26:47  자력계:7.350,4.800,-6.150
17:26:47  충격값:0.05
17:26:47  송신:14552
17:26:47  지팡이수신:14133
17:26:47  GPS위성:6
17:26:47  GPS_HDOP:1.40
17:26:47  원시위도:37.496528
17:26:47  원시경도:126.958073
17:26:47  GPS채택:378
17:26:47  GPS이상치거부:24
17:26:47  GPS품질거부:84
17:26:47  GPS재기준:6
17:26:47  계산거리:21.99
17:26:47  접근속도:-0.19
17:26:47  TTC:999.00
17:26:47  방향오차:124.8
17:26:47  전방여부:0
17:26:47  위험음성횟수:0
17:26:47  충격음성횟수:1
17:26:47  마지막위험음성:0
17:26:47  RSSI원시:-79
17:26:47  RSSI평활:-78.7
17:26:47  RSSI샘플:14133
17:26:47  RSSI경과ms:34
17:26:47  위험송신:14133
17:26:48  시각ms:1494427
17:26:48  IMU시각ms:1494427
17:26:48  위험:0
17:26:48  원시위험:0
17:26:48  GPS유효:1
17:26:48  위도:37.496526
17:26:48  경도:126.958073
17:26:48  속도:0.00
17:26:48  방향:178.0
17:26:48  GPS원시속도:0.000
17:26:48  GPS원시방향유효:1
17:26:48  GPS원시방향:182.8
17:26:48  가속도:-0.46,1.53,9.55
17:26:48  자이로:-0.2,-0.9,0.1
17:26:48  자력계:7.350,2.550,-6.150
17:26:48  충격값:0.08
17:26:48  송신:14564
17:26:48  지팡이수신:14145
17:26:48  GPS위성:6
17:26:48  GPS_HDOP:1.40
17:26:48  원시위도:37.496528
17:26:48  원시경도:126.958073
17:26:48  GPS채택:380
17:26:48  GPS이상치거부:24
17:26:48  GPS품질거부:84
17:26:48  GPS재기준:6
17:26:48  계산거리:21.96
17:26:48  접근속도:-0.08
17:26:48  TTC:999.00
17:26:48  방향오차:124.8
17:26:48  전방여부:0
17:26:48  위험음성횟수:0
17:26:48  충격음성횟수:1
17:26:48  마지막위험음성:0
17:26:48  RSSI원시:-80
17:26:48  RSSI평활:-79.7
17:26:48  RSSI샘플:14145
17:26:48  RSSI경과ms:69
17:26:48  위험송신:14145
17:26:49  시각ms:1494854
17:26:49  IMU시각ms:1494854
17:26:49  위험:0
17:26:49  원시위험:0
17:26:49  GPS유효:1
17:26:49  위도:37.496526
17:26:49  경도:126.958073
17:26:49  속도:0.00
17:26:49  방향:178.0
17:26:49  GPS원시속도:0.000
17:26:49  GPS원시방향유효:1
17:26:49  GPS원시방향:182.8
17:26:49  가속도:-0.59,1.64,9.61
17:26:49  자이로:-0.7,-1.1,-1.5
17:26:49  자력계:5.250,2.700,-4.800
17:26:49  충격값:0.12
17:26:49  송신:14568
17:26:49  지팡이수신:14149
17:26:49  GPS위성:6
17:26:49  GPS_HDOP:1.40
17:26:49  원시위도:37.496528
17:26:49  원시경도:126.958073
17:26:49  GPS채택:380
17:26:49  GPS이상치거부:24
17:26:49  GPS품질거부:84
17:26:49  GPS재기준:6
17:26:49  계산거리:21.96
17:26:49  접근속도:-0.05
17:26:49  TTC:999.00
17:26:49  방향오차:124.8
17:26:49  전방여부:0
17:26:49  위험음성횟수:0
17:26:49  충격음성횟수:1
17:26:49  마지막위험음성:0
17:26:49  RSSI원시:-80
17:26:49  RSSI평활:-80.9
17:26:49  RSSI샘플:14149
17:26:49  RSSI경과ms:92
17:26:49  위험송신:14149
17:26:50  시각ms:1495870
17:26:50  IMU시각ms:1495869
17:26:50  위험:0
17:26:50  원시위험:0
17:26:50  GPS유효:1
17:26:50  위도:37.496526
17:26:50  경도:126.958073
17:26:50  속도:0.00
17:26:50  방향:178.0
17:26:50  GPS원시속도:0.000
17:26:50  GPS원시방향유효:1
17:26:50  GPS원시방향:182.8
17:26:50  가속도:-0.69,1.48,9.63
17:26:50  자이로:0.8,-1.1,1.5
17:26:50  자력계:5.700,4.200,-6.000
17:26:50  충격값:0.16
17:26:50  송신:14578
17:26:50  지팡이수신:14159
17:26:50  GPS위성:6
17:26:50  GPS_HDOP:1.40
17:26:50  원시위도:37.496528
17:26:50  원시경도:126.958073
17:26:50  GPS채택:382
17:26:50  GPS이상치거부:24
17:26:50  GPS품질거부:84
17:26:50  GPS재기준:6
17:26:50  계산거리:21.94
17:26:50  접근속도:-0.02
17:26:50  TTC:999.00
17:26:50  방향오차:124.8
17:26:50  전방여부:0
17:26:50  위험음성횟수:0
17:26:50  충격음성횟수:1
17:26:50  마지막위험음성:0
17:26:50  RSSI원시:-81
17:26:50  RSSI평활:-80.1
17:26:50  RSSI샘플:14159
17:26:50  RSSI경과ms:91
17:26:50  위험송신:14159
17:26:50  시각ms:1495976
17:26:50  IMU시각ms:1495975
17:26:50  위험:0
17:26:50  원시위험:0
17:26:50  GPS유효:1
17:26:50  위도:37.496526
17:26:50  경도:126.958073
17:26:50  속도:0.00
17:26:50  방향:178.0
17:26:50  GPS원시속도:0.000
17:26:50  GPS원시방향유효:1
17:26:50  GPS원시방향:182.8
17:26:50  가속도:-0.58,1.48,9.57
17:26:50  자이로:0.6,-3.1,0.6
17:26:50  자력계:6.600,4.050,-4.950
17:26:50  충격값:0.05
17:26:50  송신:14579
17:26:50  지팡이수신:14160
17:26:50  GPS위성:6
17:26:50  GPS_HDOP:1.40
17:26:50  원시위도:37.496530
17:26:50  원시경도:126.958073
17:26:50  GPS채택:383
17:26:50  GPS이상치거부:24
17:26:50  GPS품질거부:84
17:26:50  GPS재기준:6
17:26:50  계산거리:21.93
17:26:50  접근속도:-0.02
17:26:50  TTC:999.00
17:26:50  방향오차:124.8
17:26:50  전방여부:0
17:26:50  위험음성횟수:0
17:26:50  충격음성횟수:1
17:26:50  마지막위험음성:0
17:26:50  RSSI원시:-80
17:26:50  RSSI평활:-80.0
17:26:50  RSSI샘플:14160
17:26:50  RSSI경과ms:87
17:26:50  위험송신:14160
17:26:51  시각ms:1496853
17:26:51  IMU시각ms:1496853
17:26:51  위험:0
17:26:51  원시위험:0
17:26:51  GPS유효:1
17:26:51  위도:37.496527
17:26:51  경도:126.958073
17:26:51  속도:0.00
17:26:51  방향:178.0
17:26:51  GPS원시속도:0.000
17:26:51  GPS원시방향유효:1
17:26:51  GPS원시방향:182.8
17:26:51  가속도:-0.55,1.42,9.51
17:26:51  자이로:-0.4,0.8,2.3
17:26:51  자력계:5.850,4.050,-6.150
17:26:51  충격값:0.12
17:26:51  송신:14587
17:26:51  지팡이수신:14169
17:26:51  GPS위성:6
17:26:51  GPS_HDOP:1.40
17:26:51  원시위도:37.496530
17:26:51  원시경도:126.958073
17:26:51  GPS채택:384
17:26:51  GPS이상치거부:24
17:26:51  GPS품질거부:84
17:26:51  GPS재기준:6
17:26:51  계산거리:22.14
17:26:51  접근속도:-0.09
17:26:51  TTC:999.00
17:26:51  방향오차:125.2
17:26:51  전방여부:0
17:26:51  위험음성횟수:0
17:26:51  충격음성횟수:1
17:26:51  마지막위험음성:0
17:26:51  RSSI원시:-80
17:26:51  RSSI평활:-80.4
17:26:51  RSSI샘플:14169
17:26:51  RSSI경과ms:54
17:26:51  위험송신:14169
17:26:51  시각ms:1497071
17:26:51  IMU시각ms:1497071
17:26:51  위험:0
17:26:51  원시위험:0
17:26:51  GPS유효:1
17:26:51  위도:37.496527
17:26:51  경도:126.958073
17:26:51  속도:0.00
17:26:51  방향:178.0
17:26:51  GPS원시속도:0.000
17:26:51  GPS원시방향유효:1
17:26:51  GPS원시방향:182.8
17:26:51  가속도:-0.58,1.69,9.56
17:26:51  자이로:-0.9,-0.4,-1.5
17:26:51  자력계:7.200,3.900,-6.000
17:26:51  충격값:0.16
17:26:51  송신:14589
17:26:51  지팡이수신:14171
17:26:51  GPS위성:6
17:26:51  GPS_HDOP:1.40
17:26:51  원시위도:37.496530
17:26:51  원시경도:126.958073
17:26:51  GPS채택:386
17:26:51  GPS이상치거부:24
17:26:51  GPS품질거부:84
17:26:51  GPS재기준:6
17:26:51  계산거리:22.12
17:26:51  접근속도:-0.09
17:26:51  TTC:999.00
17:26:51  방향오차:123.5
17:26:51  전방여부:0
17:26:51  위험음성횟수:0
17:26:51  충격음성횟수:1
17:26:51  마지막위험음성:0
17:26:51  RSSI원시:-79
17:26:51  RSSI평활:-80.0
17:26:51  RSSI샘플:14171
17:26:51  RSSI경과ms:63
17:26:51  위험송신:14171
17:26:52  시각ms:1497819
17:26:52  IMU시각ms:1497819
17:26:52  위험:0
17:26:52  원시위험:0
17:26:52  GPS유효:1
17:26:52  위도:37.496527
17:26:52  경도:126.958073
17:26:52  속도:0.00
17:26:52  방향:178.0
17:26:52  GPS원시속도:0.000
17:26:52  GPS원시방향유효:1
17:26:52  GPS원시방향:182.8
17:26:52  가속도:-0.65,1.51,9.51
17:26:52  자이로:-0.5,-0.2,-2.5
17:26:52  자력계:5.100,3.300,-6.900
17:26:52  충격값:0.12
17:26:52  송신:14596
17:26:52  지팡이수신:14178
17:26:52  GPS위성:6
17:26:52  GPS_HDOP:1.40
17:26:52  원시위도:37.496530
17:26:52  원시경도:126.958073
17:26:52  GPS채택:386
17:26:52  GPS이상치거부:24
17:26:52  GPS품질거부:84
17:26:52  GPS재기준:6
17:26:52  계산거리:22.11
17:26:52  접근속도:-0.03
17:26:52  TTC:999.00
17:26:52  방향오차:123.5
17:26:52  전방여부:0
17:26:52  위험음성횟수:0
17:26:52  충격음성횟수:1
17:26:52  마지막위험음성:0
17:26:52  RSSI원시:-80
17:26:52  RSSI평활:-79.8
17:26:52  RSSI샘플:14178
17:26:52  RSSI경과ms:98
17:26:52  위험송신:14178
