17:29:11  시각ms:1626383
17:29:11  IMU시각ms:1626383
17:29:11  위험:0
17:29:11  GPS유효:1
17:29:11  위도:37.496605
17:29:11  경도:126.957870
17:29:11  속도:0.004
17:29:11  방향:188.0
17:29:11  GPS원시속도:0.000
17:29:11  GPS원시방향유효:1
17:29:11  GPS원시방향:187.0
17:29:11  가속도:4.013,-6.191,6.790
17:29:11  자이로:-1.092,-1.397,-2.221
17:29:11  자력계:-14.400,12.000,-2.250
17:29:11  송신:15883
17:29:11  GPS위성:8
17:29:11  GPS_HDOP:1.23
17:29:11  원시위도:37.496605
17:29:11  원시경도:126.957871
17:29:11  GPS채택:2164
17:29:11  GPS이상치거부:8
17:29:11  GPS품질거부:191
17:29:11  GPS재기준:1
17:29:11  RSSI원시:-76
17:29:11  RSSI평활:-75.5
17:29:11  RSSI샘플:30471
17:29:11  RSSI경과ms:12
17:29:11  차량수신:15097
17:29:12  시각ms:1626449
17:29:12  IMU시각ms:1626449
17:29:12  위험:0
17:29:12  GPS유효:1
17:29:12  위도:37.496605
17:29:12  경도:126.957870
17:29:12  속도:0.004
17:29:12  방향:188.0
17:29:12  GPS원시속도:0.000
17:29:12  GPS원시방향유효:1
17:29:12  GPS원시방향:187.0
17:29:12  가속도:4.128,-6.129,6.651
17:29:12  자이로:-0.053,-1.656,0.969
17:29:12  자력계:-13.950,13.200,-0.900
17:29:12  송신:15883
17:29:12  GPS위성:8
17:29:12  GPS_HDOP:1.23
17:29:12  원시위도:37.496605
17:29:12  원시경도:126.957871
17:29:12  GPS채택:2164
17:29:12  GPS이상치거부:8
17:29:12  GPS품질거부:191
17:29:12  GPS재기준:1
17:29:12  RSSI원시:-75
17:29:12  RSSI평활:-75.4
17:29:12  RSSI샘플:30472
17:29:12  RSSI경과ms:59
17:29:12  차량수신:15098
17:29:12  시각ms:1626706
17:29:12  IMU시각ms:1626706
17:29:12  위험:0
17:29:12  GPS유효:1
17:29:12  위도:37.496605
17:29:12  경도:126.957870
17:29:12  속도:0.014
17:29:12  방향:188.0
17:29:12  GPS원시속도:0.021
17:29:12  GPS원시방향유효:1
17:29:12  GPS원시방향:187.0
17:29:12  가속도:4.013,-5.976,6.637
17:29:12  자이로:-0.519,-0.992,2.588
17:29:12  자력계:-13.200,13.500,0.450
17:29:12  송신:15886
17:29:12  GPS위성:8
17:29:12  GPS_HDOP:1.23
17:29:12  원시위도:37.496607
17:29:12  원시경도:126.957872
17:29:12  GPS채택:2166
17:29:12  GPS이상치거부:8
17:29:12  GPS품질거부:191
17:29:12  GPS재기준:1
17:29:12  RSSI원시:-76
17:29:12  RSSI평활:-76.2
17:29:12  RSSI샘플:30478
17:29:12  RSSI경과ms:10
17:29:12  차량수신:15101
17:29:13  시각ms:1627543
17:29:13  IMU시각ms:1627543
17:29:13  위험:0
17:29:13  GPS유효:1
17:29:13  위도:37.496609
17:29:13  경도:126.957870
17:29:13  속도:0.012
17:29:13  방향:188.0
17:29:13  GPS원시속도:0.010
17:29:13  GPS원시방향유효:1
17:29:13  GPS원시방향:187.0
17:29:13  가속도:4.085,-6.057,6.795
17:29:13  자이로:0.206,0.191,1.099
17:29:13  자력계:-13.500,13.350,-1.050
17:29:13  송신:15894
17:29:13  GPS위성:8
17:29:13  GPS_HDOP:1.23
17:29:13  원시위도:37.496609
17:29:13  원시경도:126.957872
17:29:13  GPS채택:2167
17:29:13  GPS이상치거부:8
17:29:13  GPS품질거부:191
17:29:13  GPS재기준:1
17:29:13  RSSI원시:-75
17:29:13  RSSI평활:-74.5
17:29:13  RSSI샘플:30492
17:29:13  RSSI경과ms:40
17:29:13  차량수신:15107
17:29:13  시각ms:1627600
17:29:13  IMU시각ms:1627600
17:29:13  위험:0
17:29:13  GPS유효:1
17:29:13  위도:37.496609
17:29:13  경도:126.957870
17:29:13  속도:0.012
17:29:13  방향:188.0
17:29:13  GPS원시속도:0.010
17:29:13  GPS원시방향유효:1
17:29:13  GPS원시방향:187.0
17:29:13  가속도:3.955,-5.938,6.689
17:29:13  자이로:0.115,-3.786,0.473
17:29:13  자력계:-12.300,13.050,0.600
17:29:13  송신:15895
17:29:13  GPS위성:8
17:29:13  GPS_HDOP:1.23
17:29:13  원시위도:37.496609
17:29:13  원시경도:126.957872
17:29:13  GPS채택:2167
17:29:13  GPS이상치거부:8
17:29:13  GPS품질거부:191
17:29:13  GPS재기준:1
17:29:13  RSSI원시:-75
17:29:13  RSSI평활:-74.6
17:29:13  RSSI샘플:30493
17:29:13  RSSI경과ms:11
17:29:13  차량수신:15107
17:29:13  시각ms:1627644
17:29:13  IMU시각ms:1627644
17:29:13  위험:0
17:29:13  GPS유효:1
17:29:13  위도:37.496609
17:29:13  경도:126.957870
17:29:13  속도:0.012
17:29:13  방향:188.0
17:29:13  GPS원시속도:0.010
17:29:13  GPS원시방향유효:1
17:29:13  GPS원시방향:187.0
17:29:13  가속도:4.147,-5.928,6.642
17:29:13  자이로:-0.389,0.260,-2.008
17:29:13  자력계:-13.650,13.950,-0.450
17:29:13  송신:15895
17:29:13  GPS위성:8
17:29:13  GPS_HDOP:1.23
17:29:13  원시위도:37.496609
17:29:13  원시경도:126.957872
17:29:13  GPS채택:2167
17:29:13  GPS이상치거부:8
17:29:13  GPS품질거부:191
17:29:13  GPS재기준:1
17:29:13  RSSI원시:-75
17:29:13  RSSI평활:-74.6
17:29:13  RSSI샘플:30493
17:29:13  RSSI경과ms:55
17:29:13  차량수신:15107
17:29:13  시각ms:1627722
17:29:13  IMU시각ms:1627722
17:29:13  위험:0
17:29:13  GPS유효:1
17:29:13  위도:37.496609
17:29:13  경도:126.957870
17:29:13  속도:0.012
17:29:13  방향:188.0
17:29:13  GPS원시속도:0.010
17:29:13  GPS원시방향유효:1
17:29:13  GPS원시방향:187.0
17:29:13  가속도:4.104,-6.096,6.895
17:29:13  자이로:-2.527,-1.557,0.885
17:29:13  자력계:-13.950,10.500,0.150
17:29:13  송신:15896
17:29:13  GPS위성:8
17:29:13  GPS_HDOP:1.23
17:29:13  원시위도:37.496609
17:29:13  원시경도:126.957872
17:29:13  GPS채택:2168
17:29:13  GPS이상치거부:8
17:29:13  GPS품질거부:191
17:29:13  GPS재기준:1
17:29:13  RSSI원시:-76
17:29:13  RSSI평활:-74.9
17:29:13  RSSI샘플:30494
17:29:13  RSSI경과ms:34
17:29:13  차량수신:15107
17:29:13  시각ms:1627945
17:29:13  IMU시각ms:1627945
17:29:13  위험:0
17:29:13  GPS유효:1
17:29:13  위도:37.496609
17:29:13  경도:126.957870
17:29:13  속도:0.012
17:29:13  방향:188.0
17:29:13  GPS원시속도:0.010
17:29:13  GPS원시방향유효:1
17:29:13  GPS원시방향:187.0
17:29:13  가속도:4.022,-6.124,6.761
17:29:13  자이로:0.038,-0.779,-1.702
17:29:13  자력계:-13.500,12.300,0.300
17:29:13  송신:15898
17:29:13  GPS위성:8
17:29:13  GPS_HDOP:1.23
17:29:13  원시위도:37.496609
17:29:13  원시경도:126.957872
17:29:13  GPS채택:2168
17:29:13  GPS이상치거부:8
17:29:13  GPS품질거부:191
17:29:13  GPS재기준:1
17:29:13  RSSI원시:-76
17:29:13  RSSI평활:-74.7
17:29:13  RSSI샘플:30498
17:29:13  RSSI경과ms:51
17:29:13  차량수신:15109
17:29:13  시각ms:1628023
17:29:13  IMU시각ms:1628023
17:29:13  위험:0
17:29:13  GPS유효:1
17:29:13  위도:37.496609
17:29:13  경도:126.957870
17:29:13  속도:0.012
17:29:13  방향:188.0
17:29:13  GPS원시속도:0.010
17:29:13  GPS원시방향유효:1
17:29:13  GPS원시방향:187.0
17:29:13  가속도:4.108,-5.904,6.632
17:29:13  자이로:0.015,-0.771,1.015
17:29:13  자력계:-13.200,12.450,-0.150
17:29:13  송신:15899
17:29:13  GPS위성:8
17:29:13  GPS_HDOP:1.23
17:29:13  원시위도:37.496609
17:29:13  원시경도:126.957872
17:29:13  GPS채택:2168
17:29:13  GPS이상치거부:8
17:29:13  GPS품질거부:191
17:29:13  GPS재기준:1
17:29:13  RSSI원시:-75
17:29:13  RSSI평활:-74.6
17:29:13  RSSI샘플:30500
17:29:13  RSSI경과ms:35
17:29:13  차량수신:15110
17:29:13  시각ms:1628322
17:29:13  IMU시각ms:1628322
17:29:13  위험:0
17:29:13  GPS유효:1
17:29:13  위도:37.496609
17:29:13  경도:126.957870
17:29:13  속도:0.012
17:29:13  방향:188.0
17:29:13  GPS원시속도:0.010
17:29:13  GPS원시방향유효:1
17:29:13  GPS원시방향:187.0
17:29:13  가속도:3.898,-6.053,6.718
17:29:13  자이로:-2.153,0.863,-1.718
17:29:13  자력계:-14.250,13.050,0.300
17:29:13  송신:15902
17:29:13  GPS위성:8
17:29:13  GPS_HDOP:1.23
17:29:13  원시위도:37.496609
17:29:13  원시경도:126.957872
17:29:13  GPS채택:2168
17:29:13  GPS이상치거부:8
17:29:13  GPS품질거부:191
17:29:13  GPS재기준:1
17:29:13  RSSI원시:-75
17:29:13  RSSI평활:-74.7
17:29:13  RSSI샘플:30506
17:29:13  RSSI경과ms:28
17:29:13  차량수신:15113
17:29:13  시각ms:1628344
17:29:13  IMU시각ms:1628344
17:29:13  위험:0
17:29:13  GPS유효:1
17:29:13  위도:37.496609
17:29:13  경도:126.957870
17:29:13  속도:0.012
17:29:13  방향:188.0
17:29:13  GPS원시속도:0.010
17:29:13  GPS원시방향유효:1
17:29:13  GPS원시방향:187.0
17:29:13  가속도:3.989,-5.971,6.747
17:29:13  자이로:0.290,1.687,-1.008
17:29:13  자력계:-12.450,14.400,0.150
17:29:13  송신:15902
17:29:13  GPS위성:8
17:29:13  GPS_HDOP:1.23
17:29:13  원시위도:37.496609
17:29:13  원시경도:126.957872
17:29:13  GPS채택:2168
17:29:13  GPS이상치거부:8
17:29:13  GPS품질거부:191
17:29:13  GPS재기준:1
17:29:13  RSSI원시:-75
17:29:13  RSSI평활:-74.7
17:29:13  RSSI샘플:30506
17:29:13  RSSI경과ms:50
17:29:13  차량수신:15113
17:29:13  시각ms:1628366
17:29:13  IMU시각ms:1628366
17:29:13  위험:0
17:29:13  GPS유효:1
17:29:13  위도:37.496609
17:29:13  경도:126.957870
17:29:13  속도:0.012
17:29:13  방향:188.0
17:29:13  GPS원시속도:0.010
17:29:13  GPS원시방향유효:1
17:29:13  GPS원시방향:187.0
17:29:13  가속도:4.041,-6.019,6.622
17:29:13  자이로:-0.702,1.244,-1.145
17:29:13  자력계:-13.800,13.050,0.300
17:29:13  송신:15902
17:29:13  GPS위성:8
17:29:13  GPS_HDOP:1.23
17:29:13  원시위도:37.496609
17:29:13  원시경도:126.957872
17:29:13  GPS채택:2168
17:29:13  GPS이상치거부:8
17:29:13  GPS품질거부:191
17:29:13  GPS재기준:1
17:29:13  RSSI원시:-75
17:29:13  RSSI평활:-74.7
17:29:13  RSSI샘플:30506
17:29:13  RSSI경과ms:72
17:29:13  차량수신:15113
17:29:14  시각ms:1628408
17:29:14  IMU시각ms:1628408
17:29:14  위험:0
17:29:14  GPS유효:1
17:29:14  위도:37.496609
17:29:14  경도:126.957870
17:29:14  속도:0.012
17:29:14  방향:188.0
17:29:14  GPS원시속도:0.010
17:29:14  GPS원시방향유효:1
17:29:14  GPS원시방향:187.0
17:29:14  가속도:4.003,-6.062,6.732
17:29:14  자이로:0.260,-1.107,3.672
17:29:14  자력계:-12.300,12.300,-0.300
17:29:14  송신:15903
17:29:14  GPS위성:8
17:29:14  GPS_HDOP:1.23
17:29:14  원시위도:37.496609
17:29:14  원시경도:126.957872
17:29:14  GPS채택:2168
17:29:14  GPS이상치거부:8
17:29:14  GPS품질거부:191
17:29:14  GPS재기준:1
17:29:14  RSSI원시:-75
17:29:14  RSSI평활:-74.8
17:29:14  RSSI샘플:30508
17:29:14  RSSI경과ms:0
17:29:14  차량수신:15114
17:29:14  시각ms:1628430
17:29:14  IMU시각ms:1628430
17:29:14  위험:0
17:29:14  GPS유효:1
17:29:14  위도:37.496609
17:29:14  경도:126.957870
17:29:14  속도:0.012
17:29:14  방향:188.0
17:29:14  GPS원시속도:0.010
17:29:14  GPS원시방향유효:1
17:29:14  GPS원시방향:187.0
17:29:14  가속도:4.022,-6.053,6.780
17:29:14  자이로:-0.115,-0.916,1.084
17:29:14  자력계:-13.650,13.950,-1.200
17:29:14  송신:15903
17:29:14  GPS위성:8
17:29:14  GPS_HDOP:1.23
17:29:14  원시위도:37.496609
17:29:14  원시경도:126.957872
17:29:14  GPS채택:2168
17:29:14  GPS이상치거부:8
17:29:14  GPS품질거부:191
17:29:14  GPS재기준:1
17:29:14  RSSI원시:-75
17:29:14  RSSI평활:-74.8
17:29:14  RSSI샘플:30508
17:29:14  RSSI경과ms:22
17:29:14  차량수신:15114
17:29:14  시각ms:1628474
17:29:14  IMU시각ms:1628474
17:29:14  위험:0
17:29:14  GPS유효:1
17:29:14  위도:37.496609
17:29:14  경도:126.957870
17:29:14  속도:0.012
17:29:14  방향:188.0
17:29:14  GPS원시속도:0.010
17:29:14  GPS원시방향유효:1
17:29:14  GPS원시방향:187.0
17:29:14  가속도:4.104,-5.986,6.809
17:29:14  자이로:-2.069,1.237,-0.137
17:29:14  자력계:-13.950,13.500,-0.150
17:29:14  송신:15903
17:29:14  GPS위성:8
17:29:14  GPS_HDOP:1.23
17:29:14  원시위도:37.496609
17:29:14  원시경도:126.957872
17:29:14  GPS채택:2168
17:29:14  GPS이상치거부:8
17:29:14  GPS품질거부:191
17:29:14  GPS재기준:1
17:29:14  RSSI원시:-75
17:29:14  RSSI평활:-74.8
17:29:14  RSSI샘플:30508
17:29:14  RSSI경과ms:66
17:29:14  차량수신:15114
17:29:14  시각ms:1628733
17:29:14  IMU시각ms:1628733
17:29:14  위험:0
17:29:14  GPS유효:1
17:29:14  위도:37.496609
17:29:14  경도:126.957870
17:29:14  속도:0.014
17:29:14  방향:188.0
17:29:14  GPS원시속도:0.015
17:29:14  GPS원시방향유효:1
17:29:14  GPS원시방향:187.0
17:29:14  가속도:4.099,-6.024,6.795
17:29:14  자이로:-1.962,-1.420,0.794
17:29:14  자력계:-12.900,12.000,-1.500
17:29:14  송신:15906
17:29:14  GPS위성:8
17:29:14  GPS_HDOP:1.23
17:29:14  원시위도:37.496612
17:29:14  원시경도:126.957872
17:29:14  GPS채택:2170
17:29:14  GPS이상치거부:8
17:29:14  GPS품질거부:191
17:29:14  GPS재기준:1
17:29:14  RSSI원시:-77
17:29:14  RSSI평활:-76.6
17:29:14  RSSI샘플:30514
17:29:14  RSSI경과ms:23
17:29:14  차량수신:15117
17:29:14  시각ms:1628812
17:29:14  IMU시각ms:1628812
17:29:14  위험:0
17:29:14  GPS유효:1
17:29:14  위도:37.496609
17:29:14  경도:126.957870
17:29:14  속도:0.014
17:29:14  방향:188.0
17:29:14  GPS원시속도:0.015
17:29:14  GPS원시방향유효:1
17:29:14  GPS원시방향:187.0
17:29:14  가속도:4.022,-6.120,6.780
17:29:14  자이로:0.153,-1.618,1.061
17:29:14  자력계:-14.700,13.200,0.900
17:29:14  송신:15907
17:29:14  GPS위성:8
17:29:14  GPS_HDOP:1.23
17:29:14  원시위도:37.496612
17:29:14  원시경도:126.957872
17:29:14  GPS채택:2170
17:29:14  GPS이상치거부:8
17:29:14  GPS품질거부:191
17:29:14  GPS재기준:1
17:29:14  RSSI원시:-75
17:29:14  RSSI평활:-76.2
17:29:14  RSSI샘플:30515
17:29:14  RSSI경과ms:2
17:29:14  차량수신:15117
17:29:14  시각ms:1629058
17:29:14  IMU시각ms:1629058
17:29:14  위험:0
17:29:14  GPS유효:1
17:29:14  위도:37.496609
17:29:14  경도:126.957870
17:29:14  속도:0.014
17:29:14  방향:188.0
17:29:14  GPS원시속도:0.015
17:29:14  GPS원시방향유효:1
17:29:14  GPS원시방향:187.0
17:29:14  가속도:4.180,-5.933,6.814
17:29:14  자이로:-2.260,-2.389,0.084
17:29:14  자력계:-14.550,13.800,0.600
17:29:14  송신:15909
17:29:14  GPS위성:8
17:29:14  GPS_HDOP:1.23
17:29:14  원시위도:37.496612
17:29:14  원시경도:126.957872
17:29:14  GPS채택:2170
17:29:14  GPS이상치거부:8
17:29:14  GPS품질거부:191
17:29:14  GPS재기준:1
17:29:14  RSSI원시:-74
17:29:14  RSSI평활:-75.0
17:29:14  RSSI샘플:30520
17:29:14  RSSI경과ms:9
17:29:14  차량수신:15120
17:29:14  시각ms:1629080
17:29:14  IMU시각ms:1629080
17:29:14  위험:0
17:29:14  GPS유효:1
17:29:14  위도:37.496609
17:29:14  경도:126.957870
17:29:14  속도:0.014
17:29:14  방향:188.0
17:29:14  GPS원시속도:0.015
17:29:14  GPS원시방향유효:1
17:29:14  GPS원시방향:187.0
17:29:14  가속도:3.960,-5.938,6.665
17:29:14  자이로:-1.634,-1.802,0.153
17:29:14  자력계:-13.950,13.500,0.900
17:29:14  송신:15909
17:29:14  GPS위성:8
17:29:14  GPS_HDOP:1.23
17:29:14  원시위도:37.496612
17:29:14  원시경도:126.957872
17:29:14  GPS채택:2170
17:29:14  GPS이상치거부:8
17:29:14  GPS품질거부:191
17:29:14  GPS재기준:1
17:29:14  RSSI원시:-74
17:29:14  RSSI평활:-75.0
17:29:14  RSSI샘플:30520
17:29:14  RSSI경과ms:31
17:29:14  차량수신:15120
17:29:14  시각ms:1629135
17:29:14  IMU시각ms:1629135
17:29:14  위험:0
17:29:14  GPS유효:1
17:29:14  위도:37.496609
17:29:14  경도:126.957870
17:29:14  속도:0.014
17:29:14  방향:188.0
17:29:14  GPS원시속도:0.015
17:29:14  GPS원시방향유효:1
17:29:14  GPS원시방향:187.0
17:29:14  가속도:4.075,-6.009,6.704
17:29:14  자이로:-0.168,2.740,-2.008
17:29:14  자력계:-12.900,13.950,-0.450
17:29:14  송신:15910
17:29:14  GPS위성:8
17:29:14  GPS_HDOP:1.23
17:29:14  원시위도:37.496612
17:29:14  원시경도:126.957872
17:29:14  GPS채택:2170
17:29:14  GPS이상치거부:8
17:29:14  GPS품질거부:191
17:29:14  GPS재기준:1
17:29:14  RSSI원시:-75
17:29:14  RSSI평활:-75.0
17:29:14  RSSI샘플:30521
17:29:14  RSSI경과ms:27
17:29:14  차량수신:15120
17:29:14  시각ms:1629243
17:29:14  IMU시각ms:1629243
17:29:14  위험:0
17:29:14  GPS유효:1
17:29:14  위도:37.496609
17:29:14  경도:126.957870
17:29:14  속도:0.014
17:29:14  방향:188.0
17:29:14  GPS원시속도:0.015
17:29:14  GPS원시방향유효:1
17:29:14  GPS원시방향:187.0
17:29:14  가속도:4.065,-6.120,6.675
17:29:14  자이로:-1.107,-0.977,-1.191
17:29:14  자력계:-13.950,14.400,-0.450
17:29:14  송신:15911
17:29:14  GPS위성:8
17:29:14  GPS_HDOP:1.23
17:29:14  원시위도:37.496612
17:29:14  원시경도:126.957872
17:29:14  GPS채택:2170
17:29:14  GPS이상치거부:8
17:29:14  GPS품질거부:191
17:29:14  GPS재기준:1
17:29:14  RSSI원시:-77
17:29:14  RSSI평활:-75.5
17:29:14  RSSI샘플:30523
17:29:14  RSSI경과ms:26
17:29:14  차량수신:15121
17:29:15  시각ms:1629674
17:29:15  IMU시각ms:1629674
17:29:15  위험:0
17:29:15  GPS유효:1
17:29:15  위도:37.496613
17:29:15  경도:126.957870
17:29:15  속도:0.030
17:29:15  방향:188.0
17:29:15  GPS원시속도:0.041
17:29:15  GPS원시방향유효:1
17:29:15  GPS원시방향:187.0
17:29:15  가속도:4.056,-6.086,6.637
17:29:15  자이로:0.000,-2.405,0.550
17:29:15  자력계:-12.750,10.350,-1.050
17:29:15  송신:15915
17:29:15  GPS위성:8
17:29:15  GPS_HDOP:1.23
17:29:15  원시위도:37.496614
17:29:15  원시경도:126.957871
17:29:15  GPS채택:2172
17:29:15  GPS이상치거부:8
17:29:15  GPS품질거부:191
17:29:15  GPS재기준:1
17:29:15  RSSI원시:-79
17:29:15  RSSI평활:-77.5
17:29:15  RSSI샘플:30531
17:29:15  RSSI경과ms:6
17:29:15  차량수신:15125
17:29:15  시각ms:1629696
17:29:15  IMU시각ms:1629696
17:29:15  위험:0
17:29:15  GPS유효:1
17:29:15  위도:37.496613
17:29:15  경도:126.957870
17:29:15  속도:0.030
17:29:15  방향:188.0
17:29:15  GPS원시속도:0.041
17:29:15  GPS원시방향유효:1
17:29:15  GPS원시방향:187.0
17:29:15  가속도:4.051,-6.062,6.771
17:29:15  자이로:-1.664,-0.252,-1.664
17:29:15  자력계:-13.500,12.600,0.000
17:29:15  송신:15915
17:29:15  GPS위성:8
17:29:15  GPS_HDOP:1.23
17:29:15  원시위도:37.496614
17:29:15  원시경도:126.957871
17:29:15  GPS채택:2172
17:29:15  GPS이상치거부:8
17:29:15  GPS품질거부:191
17:29:15  GPS재기준:1
17:29:15  RSSI원시:-79
17:29:15  RSSI평활:-77.5
17:29:15  RSSI샘플:30531
17:29:15  RSSI경과ms:28
17:29:15  차량수신:15125
17:29:15  시각ms:1629933
17:29:15  IMU시각ms:1629933
17:29:15  위험:0
17:29:15  GPS유효:1
17:29:15  위도:37.496613
17:29:15  경도:126.957870
17:29:15  속도:0.030
17:29:15  방향:188.0
17:29:15  GPS원시속도:0.041
17:29:15  GPS원시방향유효:1
17:29:15  GPS원시방향:187.0
17:29:15  가속도:3.912,-6.067,6.780
17:29:15  자이로:-1.466,-0.321,0.038
17:29:15  자력계:-13.800,13.350,0.300
17:29:15  송신:15918
17:29:15  GPS위성:8
17:29:15  GPS_HDOP:1.23
17:29:15  원시위도:37.496614
17:29:15  원시경도:126.957871
17:29:15  GPS채택:2172
17:29:15  GPS이상치거부:8
17:29:15  GPS품질거부:191
17:29:15  GPS재기준:1
17:29:15  RSSI원시:-77
17:29:15  RSSI평활:-77.2
17:29:15  RSSI샘플:30535
17:29:15  RSSI경과ms:60
17:29:15  차량수신:15127
17:29:15  시각ms:1629955
17:29:15  IMU시각ms:1629955
17:29:15  위험:0
17:29:15  GPS유효:1
17:29:15  위도:37.496613
17:29:15  경도:126.957870
17:29:15  속도:0.030
17:29:15  방향:188.0
17:29:15  GPS원시속도:0.041
17:29:15  GPS원시방향유효:1
17:29:15  GPS원시방향:187.0
17:29:15  가속도:4.099,-5.952,6.718
17:29:15  자이로:-1.008,1.389,0.450
17:29:15  자력계:-13.200,12.000,-0.450
17:29:15  송신:15918
17:29:15  GPS위성:8
17:29:15  GPS_HDOP:1.23
17:29:15  원시위도:37.496614
17:29:15  원시경도:126.957871
17:29:15  GPS채택:2172
17:29:15  GPS이상치거부:8
17:29:15  GPS품질거부:191
17:29:15  GPS재기준:1
17:29:15  RSSI원시:-77
17:29:15  RSSI평활:-77.2
17:29:15  RSSI샘플:30536
17:29:15  RSSI경과ms:21
17:29:15  차량수신:15127
17:29:15  시각ms:1630034
17:29:15  IMU시각ms:1630034
17:29:15  위험:0
17:29:15  GPS유효:1
17:29:15  위도:37.496613
17:29:15  경도:126.957870
17:29:15  속도:0.030
17:29:15  방향:188.0
17:29:15  GPS원시속도:0.041
17:29:15  GPS원시방향유효:1
17:29:15  GPS원시방향:187.0
17:29:15  가속도:4.027,-6.120,6.642
17:29:15  자이로:-2.916,1.412,2.076
17:29:15  자력계:-12.750,12.300,-1.050
17:29:15  송신:15919
17:29:15  GPS위성:8
17:29:15  GPS_HDOP:1.23
17:29:15  원시위도:37.496614
17:29:15  원시경도:126.957871
17:29:15  GPS채택:2172
17:29:15  GPS이상치거부:8
17:29:15  GPS품질거부:191
17:29:15  GPS재기준:1
17:29:15  RSSI원시:-77
17:29:15  RSSI평활:-77.4
17:29:15  RSSI샘플:30538
17:29:15  RSSI경과ms:7
17:29:15  차량수신:15128
17:29:15  시각ms:1630156
17:29:15  IMU시각ms:1630156
17:29:15  위험:0
17:29:15  GPS유효:1
17:29:15  위도:37.496613
17:29:15  경도:126.957870
17:29:15  속도:0.030
17:29:15  방향:188.0
17:29:15  GPS원시속도:0.041
17:29:15  GPS원시방향유효:1
17:29:15  GPS원시방향:187.0
17:29:15  가속도:4.051,-6.139,6.728
17:29:15  자이로:0.046,0.305,-0.832
17:29:15  자력계:-12.150,13.500,-1.500
17:29:15  송신:15920
17:29:15  GPS위성:8
17:29:15  GPS_HDOP:1.23
17:29:15  원시위도:37.496614
17:29:15  원시경도:126.957871
17:29:15  GPS채택:2172
17:29:15  GPS이상치거부:8
17:29:15  GPS품질거부:191
17:29:15  GPS재기준:1
17:29:15  RSSI원시:-78
17:29:15  RSSI평활:-77.3
17:29:15  RSSI샘플:30540
17:29:15  RSSI경과ms:31
17:29:15  차량수신:15129
17:29:15  시각ms:1630200
17:29:15  IMU시각ms:1630200
17:29:15  위험:0
17:29:15  GPS유효:1
17:29:15  위도:37.496613
17:29:15  경도:126.957870
17:29:15  속도:0.030
17:29:15  방향:188.0
17:29:15  GPS원시속도:0.041
17:29:15  GPS원시방향유효:1
17:29:15  GPS원시방향:187.0
17:29:15  가속도:4.046,-5.986,6.680
17:29:15  자이로:-1.130,-0.779,0.053
17:29:15  자력계:-11.250,13.350,-1.800
17:29:15  송신:15920
17:29:15  GPS위성:8
17:29:15  GPS_HDOP:1.23
17:29:15  원시위도:37.496614
17:29:15  원시경도:126.957871
17:29:15  GPS채택:2172
17:29:15  GPS이상치거부:8
17:29:15  GPS품질거부:191
17:29:15  GPS재기준:1
17:29:15  RSSI원시:-78
17:29:15  RSSI평활:-77.3
17:29:15  RSSI샘플:30540
17:29:15  RSSI경과ms:75
17:29:15  차량수신:15129
17:29:16  시각ms:1630484
17:29:16  IMU시각ms:1630484
17:29:16  위험:0
17:29:16  GPS유효:1
17:29:16  위도:37.496613
17:29:16  경도:126.957870
17:29:16  속도:0.030
17:29:16  방향:188.0
17:29:16  GPS원시속도:0.041
17:29:16  GPS원시방향유효:1
17:29:16  GPS원시방향:187.0
17:29:16  가속도:4.056,-6.105,6.790
17:29:16  자이로:-1.153,1.573,-0.466
17:29:16  자력계:-13.650,11.700,1.200
17:29:16  송신:15923
17:29:16  GPS위성:8
17:29:16  GPS_HDOP:1.23
17:29:16  원시위도:37.496614
17:29:16  원시경도:126.957871
17:29:16  GPS채택:2172
17:29:16  GPS이상치거부:8
17:29:16  GPS품질거부:191
17:29:16  GPS재기준:1
17:29:16  RSSI원시:-74
17:29:16  RSSI평활:-75.3
17:29:16  RSSI샘플:30545
17:29:16  RSSI경과ms:41
17:29:16  차량수신:15131
17:29:16  시각ms:1630795
17:29:16  IMU시각ms:1630795
17:29:16  위험:0
17:29:16  GPS유효:1
17:29:16  위도:37.496616
17:29:16  경도:126.957870
17:29:16  속도:0.018
17:29:16  방향:188.0
17:29:16  GPS원시속도:0.010
17:29:16  GPS원시방향유효:1
17:29:16  GPS원시방향:187.0
17:29:16  가속도:4.219,-6.062,6.670
17:29:16  자이로:-0.168,2.450,-1.534
17:29:16  자력계:-12.750,12.600,-0.600
17:29:16  송신:15926
17:29:16  GPS위성:7
17:29:16  GPS_HDOP:1.42
17:29:16  원시위도:37.496617
17:29:16  원시경도:126.957871
17:29:16  GPS채택:2174
17:29:16  GPS이상치거부:8
17:29:16  GPS품질거부:191
17:29:16  GPS재기준:1
17:29:16  RSSI원시:-78
17:29:16  RSSI평활:-75.6
17:29:16  RSSI샘플:30551
17:29:16  RSSI경과ms:47
17:29:16  차량수신:15134
17:29:17  시각ms:1631490
17:29:17  IMU시각ms:1631490
17:29:17  위험:0
17:29:17  GPS유효:1
17:29:17  위도:37.496616
17:29:17  경도:126.957870
17:29:17  속도:0.018
17:29:17  방향:188.0
17:29:17  GPS원시속도:0.010
17:29:17  GPS원시방향유효:1
17:29:17  GPS원시방향:187.0
17:29:17  가속도:4.037,-5.952,6.637
17:29:17  자이로:-1.855,-1.809,-0.061
17:29:17  자력계:-12.750,13.050,-0.300
17:29:17  송신:15933
17:29:17  GPS위성:7
17:29:17  GPS_HDOP:1.42
17:29:17  원시위도:37.496617
17:29:17  원시경도:126.957871
17:29:17  GPS채택:2174
17:29:17  GPS이상치거부:8
17:29:17  GPS품질거부:191
17:29:17  GPS재기준:1
17:29:17  RSSI원시:-77
17:29:17  RSSI평활:-75.7
17:29:17  RSSI샘플:30563
17:29:17  RSSI경과ms:17
17:29:17  차량수신:15139
17:29:17  시각ms:1631835
17:29:17  IMU시각ms:1631835
17:29:17  위험:0
17:29:17  GPS유효:1
17:29:17  위도:37.496616
17:29:17  경도:126.957870
17:29:17  속도:0.017
17:29:17  방향:188.0
17:29:17  GPS원시속도:0.015
17:29:17  GPS원시방향유효:1
17:29:17  GPS원시방향:187.0
17:29:17  가속도:3.955,-5.986,6.713
17:29:17  자이로:-0.221,-1.756,0.809
17:29:17  자력계:-13.050,13.350,-0.300
17:29:17  송신:15936
17:29:17  GPS위성:7
17:29:17  GPS_HDOP:1.42
17:29:17  원시위도:37.496619
17:29:17  원시경도:126.957871
17:29:17  GPS채택:2176
17:29:17  GPS이상치거부:8
17:29:17  GPS품질거부:191
17:29:17  GPS재기준:1
17:29:17  RSSI원시:-76
17:29:17  RSSI평활:-75.5
17:29:17  RSSI샘플:30568
17:29:17  RSSI경과ms:77
17:29:17  차량수신:15141
17:29:17  시각ms:1631870
17:29:17  IMU시각ms:1631870
17:29:17  위험:0
17:29:17  GPS유효:1
17:29:17  위도:37.496616
17:29:17  경도:126.957870
17:29:17  속도:0.017
17:29:17  방향:188.0
17:29:17  GPS원시속도:0.015
17:29:17  GPS원시방향유효:1
17:29:17  GPS원시방향:187.0
17:29:17  가속도:4.147,-5.942,6.776
17:29:17  자이로:-1.863,-0.382,-0.947
17:29:17  자력계:-12.900,11.250,0.150
17:29:17  송신:15937
17:29:17  GPS위성:7
17:29:17  GPS_HDOP:1.42
17:29:17  원시위도:37.496619
17:29:17  원시경도:126.957871
17:29:17  GPS채택:2176
17:29:17  GPS이상치거부:8
17:29:17  GPS품질거부:191
17:29:17  GPS재기준:1
17:29:17  RSSI원시:-76
17:29:17  RSSI평활:-75.5
17:29:17  RSSI샘플:30568
17:29:17  RSSI경과ms:112
17:29:17  차량수신:15141
17:29:17  시각ms:1632135
17:29:17  IMU시각ms:1632135
17:29:17  위험:0
17:29:17  GPS유효:1
17:29:17  위도:37.496616
17:29:17  경도:126.957870
17:29:17  속도:0.017
17:29:17  방향:188.0
17:29:17  GPS원시속도:0.015
17:29:17  GPS원시방향유효:1
17:29:17  GPS원시방향:187.0
17:29:17  가속도:4.142,-6.096,6.709
17:29:17  자이로:0.527,0.550,-2.809
17:29:17  자력계:-13.650,12.750,1.200
17:29:17  송신:15939
17:29:17  GPS위성:7
17:29:17  GPS_HDOP:1.42
17:29:17  원시위도:37.496619
17:29:17  원시경도:126.957871
17:29:17  GPS채택:2176
17:29:17  GPS이상치거부:8
17:29:17  GPS품질거부:191
17:29:17  GPS재기준:1
17:29:17  RSSI원시:-76
17:29:17  RSSI평활:-75.7
17:29:17  RSSI샘플:30574
17:29:17  RSSI경과ms:33
17:29:17  차량수신:15144
17:29:17  시각ms:1632298
17:29:17  IMU시각ms:1632298
17:29:17  위험:0
17:29:17  GPS유효:1
17:29:17  위도:37.496616
17:29:17  경도:126.957870
17:29:17  속도:0.017
17:29:17  방향:188.0
17:29:17  GPS원시속도:0.015
17:29:17  GPS원시방향유효:1
17:29:17  GPS원시방향:187.0
17:29:17  가속도:4.132,-6.072,6.761
17:29:17  자이로:-0.687,-1.046,1.634
17:29:17  자력계:-13.500,12.600,-0.300
17:29:17  송신:15941
17:29:17  GPS위성:7
17:29:17  GPS_HDOP:1.42
17:29:17  원시위도:37.496619
17:29:17  원시경도:126.957871
17:29:17  GPS채택:2176
17:29:17  GPS이상치거부:8
17:29:17  GPS품질거부:191
17:29:17  GPS재기준:1
17:29:17  RSSI원시:-76
17:29:17  RSSI평활:-75.6
17:29:17  RSSI샘플:30577
17:29:17  RSSI경과ms:24
17:29:17  차량수신:15145
17:29:18  시각ms:1632485
17:29:18  IMU시각ms:1632485
17:29:18  위험:0
17:29:18  GPS유효:1
17:29:18  위도:37.496616
17:29:18  경도:126.957870
17:29:18  속도:0.017
17:29:18  방향:188.0
17:29:18  GPS원시속도:0.015
17:29:18  GPS원시방향유효:1
17:29:18  GPS원시방향:187.0
17:29:18  가속도:4.161,-6.005,6.632
17:29:18  자이로:-0.504,-1.794,-1.069
17:29:18  자력계:-15.300,13.050,-0.600
17:29:18  송신:15943
17:29:18  GPS위성:7
17:29:18  GPS_HDOP:1.42
17:29:18  원시위도:37.496619
17:29:18  원시경도:126.957871
17:29:18  GPS채택:2176
17:29:18  GPS이상치거부:8
17:29:18  GPS품질거부:191
17:29:18  GPS재기준:1
17:29:18  RSSI원시:-72
17:29:18  RSSI평활:-74.7
17:29:18  RSSI샘플:30581
17:29:18  RSSI경과ms:10
17:29:18  차량수신:15147
17:29:18  시각ms:1632507
17:29:18  IMU시각ms:1632507
17:29:18  위험:0
17:29:18  GPS유효:1
17:29:18  위도:37.496616
17:29:18  경도:126.957870
17:29:18  속도:0.017
17:29:18  방향:188.0
17:29:18  GPS원시속도:0.015
17:29:18  GPS원시방향유효:1
17:29:18  GPS원시방향:187.0
17:29:18  가속도:4.032,-6.167,6.560
17:29:18  자이로:-0.802,-1.260,2.137
17:29:18  자력계:-13.050,13.800,-0.600
17:29:18  송신:15943
17:29:18  GPS위성:7
17:29:18  GPS_HDOP:1.42
17:29:18  원시위도:37.496619
17:29:18  원시경도:126.957871
17:29:18  GPS채택:2176
17:29:18  GPS이상치거부:8
17:29:18  GPS품질거부:191
17:29:18  GPS재기준:1
17:29:18  RSSI원시:-72
17:29:18  RSSI평활:-74.7
17:29:18  RSSI샘플:30581
17:29:18  RSSI경과ms:32
17:29:18  차량수신:15147
17:29:18  시각ms:1632586
17:29:18  IMU시각ms:1632586
17:29:18  위험:0
17:29:18  GPS유효:1
17:29:18  위도:37.496620
17:29:18  경도:126.957870
17:29:18  속도:0.016
17:29:18  방향:188.0
17:29:18  GPS원시속도:0.015
17:29:18  GPS원시방향유효:1
17:29:18  GPS원시방향:187.0
17:29:18  가속도:4.041,-6.009,6.809
17:29:18  자이로:-1.611,0.183,-0.565
17:29:18  자력계:-12.750,14.850,-2.100
17:29:18  송신:15944
17:29:18  GPS위성:7
17:29:18  GPS_HDOP:1.42
17:29:18  원시위도:37.496622
17:29:18  원시경도:126.957871
17:29:18  GPS채택:2177
17:29:18  GPS이상치거부:8
17:29:18  GPS품질거부:191
17:29:18  GPS재기준:1
17:29:18  RSSI원시:-74
17:29:18  RSSI평활:-74.5
17:29:18  RSSI샘플:30583
17:29:18  RSSI경과ms:10
17:29:18  차량수신:15148
17:29:18  시각ms:1632730
17:29:18  IMU시각ms:1632730
17:29:18  위험:0
17:29:18  GPS유효:1
17:29:18  위도:37.496620
17:29:18  경도:126.957870
17:29:18  속도:0.016
17:29:18  방향:188.0
17:29:18  GPS원시속도:0.015
17:29:18  GPS원시방향유효:1
17:29:18  GPS원시방향:187.0
17:29:18  가속도:4.003,-6.057,6.790
17:29:18  자이로:2.672,-1.107,1.397
17:29:18  자력계:-13.800,14.100,0.300
17:29:18  송신:15945
17:29:18  GPS위성:7
17:29:18  GPS_HDOP:1.42
17:29:18  원시위도:37.496622
17:29:18  원시경도:126.957871
17:29:18  GPS채택:2178
17:29:18  GPS이상치거부:8
17:29:18  GPS품질거부:191
17:29:18  GPS재기준:1
17:29:18  RSSI원시:-76
17:29:18  RSSI평활:-75.1
17:29:18  RSSI샘플:30586
17:29:18  RSSI경과ms:1
17:29:18  차량수신:15150
17:29:18  시각ms:1632909
17:29:18  IMU시각ms:1632909
17:29:18  위험:0
17:29:18  GPS유효:1
17:29:18  위도:37.496620
17:29:18  경도:126.957870
17:29:18  속도:0.016
17:29:18  방향:188.0
17:29:18  GPS원시속도:0.015
17:29:18  GPS원시방향유효:1
17:29:18  GPS원시방향:187.0
17:29:18  가속도:4.233,-5.899,6.742
17:29:18  자이로:-1.351,0.061,-0.389
17:29:18  자력계:-14.700,13.500,0.450
17:29:18  송신:15947
17:29:18  GPS위성:7
17:29:18  GPS_HDOP:1.42
17:29:18  원시위도:37.496622
17:29:18  원시경도:126.957871
17:29:18  GPS채택:2178
17:29:18  GPS이상치거부:8
17:29:18  GPS품질거부:191
17:29:18  GPS재기준:1
17:29:18  RSSI원시:-74
17:29:18  RSSI평활:-74.8
17:29:18  RSSI샘플:30589
17:29:18  RSSI경과ms:30
17:29:18  차량수신:15151
17:29:18  시각ms:1633316
17:29:18  IMU시각ms:1633316
17:29:18  위험:0
17:29:18  GPS유효:1
17:29:18  위도:37.496620
17:29:18  경도:126.957870
17:29:18  속도:0.016
17:29:18  방향:188.0
17:29:18  GPS원시속도:0.015
17:29:18  GPS원시방향유효:1
17:29:18  GPS원시방향:187.0
17:29:18  가속도:3.931,-6.076,6.656
17:29:18  자이로:-2.817,1.168,-1.160
17:29:18  자력계:-12.450,13.950,0.150
17:29:18  송신:15951
17:29:18  GPS위성:7
17:29:18  GPS_HDOP:1.42
17:29:18  원시위도:37.496622
17:29:18  원시경도:126.957871
17:29:18  GPS채택:2178
17:29:18  GPS이상치거부:8
17:29:18  GPS품질거부:191
17:29:18  GPS재기준:1
17:29:18  RSSI원시:-75
17:29:18  RSSI평활:-75.2
17:29:18  RSSI샘플:30596
17:29:18  RSSI경과ms:17
17:29:18  차량수신:15154
17:29:19  시각ms:1633493
17:29:19  IMU시각ms:1633481
17:29:19  위험:0
17:29:19  GPS유효:1
17:29:19  위도:37.496620
17:29:19  경도:126.957870
17:29:19  속도:0.016
17:29:19  방향:188.0
17:29:19  GPS원시속도:0.015
17:29:19  GPS원시방향유효:1
17:29:19  GPS원시방향:187.0
17:29:19  가속도:4.132,-5.890,6.723
17:29:19  자이로:-2.061,-0.550,-0.046
17:29:19  자력계:-15.150,13.950,-0.450
17:29:19  송신:15953
17:29:19  GPS위성:7
17:29:19  GPS_HDOP:1.42
17:29:19  원시위도:37.496622
17:29:19  원시경도:126.957871
17:29:19  GPS채택:2178
17:29:19  GPS이상치거부:8
17:29:19  GPS품질거부:191
17:29:19  GPS재기준:1
17:29:19  RSSI원시:-75
17:29:19  RSSI평활:-74.3
17:29:19  RSSI샘플:30599
17:29:19  RSSI경과ms:19
17:29:19  차량수신:15156
17:29:19  시각ms:1633568
17:29:19  IMU시각ms:1633568
17:29:19  위험:0
17:29:19  GPS유효:1
17:29:19  위도:37.496624
17:29:19  경도:126.957870
17:29:19  속도:0.018
17:29:19  방향:188.0
17:29:19  GPS원시속도:0.021
17:29:19  GPS원시방향유효:1
17:29:19  GPS원시방향:187.0
17:29:19  가속도:4.051,-6.062,6.656
17:29:19  자이로:-2.000,-0.924,-3.000
17:29:19  자력계:-12.300,11.850,-0.600
17:29:19  송신:15953
17:29:19  GPS위성:7
17:29:19  GPS_HDOP:1.42
17:29:19  원시위도:37.496625
17:29:19  원시경도:126.957870
17:29:19  GPS채택:2179
17:29:19  GPS이상치거부:8
17:29:19  GPS품질거부:191
17:29:19  GPS재기준:1
17:29:19  RSSI원시:-75
17:29:19  RSSI평활:-74.5
17:29:19  RSSI샘플:30600
17:29:19  RSSI경과ms:61
17:29:19  차량수신:15156
17:29:19  시각ms:1633704
17:29:19  IMU시각ms:1633704
17:29:19  위험:0
17:29:19  GPS유효:1
17:29:19  위도:37.496624
17:29:19  경도:126.957870
17:29:19  속도:0.019
17:29:19  방향:188.0
17:29:19  GPS원시속도:0.021
17:29:19  GPS원시방향유효:1
17:29:19  GPS원시방향:187.0
17:29:19  가속도:3.850,-6.215,6.689
17:29:19  자이로:-0.244,-1.038,-1.069
17:29:19  자력계:-12.150,13.500,0.900
17:29:19  송신:15955
17:29:19  GPS위성:7
17:29:19  GPS_HDOP:1.42
17:29:19  원시위도:37.496625
17:29:19  원시경도:126.957870
17:29:19  GPS채택:2180
17:29:19  GPS이상치거부:8
17:29:19  GPS품질거부:191
17:29:19  GPS재기준:1
17:29:19  RSSI원시:-75
17:29:19  RSSI평활:-74.5
17:29:19  RSSI샘플:30604
17:29:19  RSSI경과ms:4
17:29:19  차량수신:15158
17:29:19  시각ms:1633770
17:29:19  IMU시각ms:1633770
17:29:19  위험:0
17:29:19  GPS유효:1
17:29:19  위도:37.496624
17:29:19  경도:126.957870
17:29:19  속도:0.019
17:29:19  방향:188.0
17:29:19  GPS원시속도:0.021
17:29:19  GPS원시방향유효:1
17:29:19  GPS원시방향:187.0
17:29:19  가속도:4.041,-6.062,6.723
17:29:19  자이로:0.183,-2.908,-0.115
17:29:19  자력계:-13.500,13.350,-0.600
17:29:19  송신:15955
17:29:19  GPS위성:7
17:29:19  GPS_HDOP:1.42
17:29:19  원시위도:37.496625
17:29:19  원시경도:126.957870
17:29:19  GPS채택:2180
17:29:19  GPS이상치거부:8
17:29:19  GPS품질거부:191
17:29:19  GPS재기준:1
17:29:19  RSSI원시:-75
17:29:19  RSSI평활:-74.5
17:29:19  RSSI샘플:30604
17:29:19  RSSI경과ms:70
17:29:19  차량수신:15158
17:29:19  시각ms:1633827
17:29:19  IMU시각ms:1633827
17:29:19  위험:0
17:29:19  GPS유효:1
17:29:19  위도:37.496624
17:29:19  경도:126.957870
17:29:19  속도:0.019
17:29:19  방향:188.0
17:29:19  GPS원시속도:0.021
17:29:19  GPS원시방향유효:1
17:29:19  GPS원시방향:187.0
17:29:19  가속도:4.027,-6.191,6.632
17:29:19  자이로:-2.427,-0.931,-1.504
17:29:19  자력계:-15.150,13.500,1.200
17:29:19  송신:15956
17:29:19  GPS위성:7
17:29:19  GPS_HDOP:1.42
17:29:19  원시위도:37.496625
17:29:19  원시경도:126.957870
17:29:19  GPS채택:2180
17:29:19  GPS이상치거부:8
17:29:19  GPS품질거부:191
17:29:19  GPS재기준:1
17:29:19  RSSI원시:-72
17:29:19  RSSI평활:-73.6
17:29:19  RSSI샘플:30606
17:29:19  RSSI경과ms:30
17:29:19  차량수신:15159
17:29:19  시각ms:1633871
17:29:19  IMU시각ms:1633871
17:29:19  위험:0
17:29:19  GPS유효:1
17:29:19  위도:37.496624
17:29:19  경도:126.957870
17:29:19  속도:0.019
17:29:19  방향:188.0
17:29:19  GPS원시속도:0.021
17:29:19  GPS원시방향유효:1
17:29:19  GPS원시방향:187.0
17:29:19  가속도:4.175,-6.057,6.747
17:29:19  자이로:-1.458,-2.603,-0.321
17:29:19  자력계:-14.250,13.050,0.300
17:29:19  송신:15956
17:29:19  GPS위성:7
17:29:19  GPS_HDOP:1.42
17:29:19  원시위도:37.496625
17:29:19  원시경도:126.957870
17:29:19  GPS채택:2180
17:29:19  GPS이상치거부:8
17:29:19  GPS품질거부:191
17:29:19  GPS재기준:1
17:29:19  RSSI원시:-72
17:29:19  RSSI평활:-73.6
17:29:19  RSSI샘플:30606
17:29:19  RSSI경과ms:74
17:29:19  차량수신:15159
17:29:19  시각ms:1633972
17:29:19  IMU시각ms:1633972
17:29:19  위험:0
17:29:19  GPS유효:1
17:29:19  위도:37.496624
17:29:19  경도:126.957870
17:29:19  속도:0.019
17:29:19  방향:188.0
17:29:19  GPS원시속도:0.021
17:29:19  GPS원시방향유효:1
17:29:19  GPS원시방향:187.0
17:29:19  가속도:4.056,-6.033,6.646
17:29:19  자이로:-0.214,-4.267,-1.053
17:29:19  자력계:-13.800,13.350,0.300
17:29:19  송신:15957
17:29:19  GPS위성:7
17:29:19  GPS_HDOP:1.42
17:29:19  원시위도:37.496625
17:29:19  원시경도:126.957870
17:29:19  GPS채택:2180
17:29:19  GPS이상치거부:8
17:29:19  GPS품질거부:191
17:29:19  GPS재기준:1
17:29:19  RSSI원시:-73
17:29:19  RSSI평활:-73.6
17:29:19  RSSI샘플:30608
17:29:19  RSSI경과ms:69
17:29:19  차량수신:15160
17:29:19  시각ms:1634051
17:29:19  IMU시각ms:1634051
17:29:19  위험:0
17:29:19  GPS유효:1
17:29:19  위도:37.496624
17:29:19  경도:126.957870
17:29:19  속도:0.019
17:29:19  방향:188.0
17:29:19  GPS원시속도:0.021
17:29:19  GPS원시방향유효:1
17:29:19  GPS원시방향:187.0
17:29:19  가속도:4.041,-6.024,6.838
17:29:19  자이로:-1.870,0.206,-0.260
17:29:19  자력계:-13.950,11.700,-1.500
17:29:19  송신:15958
17:29:19  GPS위성:7
17:29:19  GPS_HDOP:1.42
17:29:19  원시위도:37.496625
17:29:19  원시경도:126.957870
17:29:19  GPS채택:2180
17:29:19  GPS이상치거부:8
17:29:19  GPS품질거부:191
17:29:19  GPS재기준:1
17:29:19  RSSI원시:-75
17:29:19  RSSI평활:-74.1
17:29:19  RSSI샘플:30610
17:29:19  RSSI경과ms:41
17:29:19  차량수신:15161
17:29:19  시각ms:1634073
17:29:19  IMU시각ms:1634073
17:29:19  위험:0
17:29:19  GPS유효:1
17:29:19  위도:37.496624
17:29:19  경도:126.957870
17:29:19  속도:0.019
17:29:19  방향:188.0
17:29:19  GPS원시속도:0.021
17:29:19  GPS원시방향유효:1
17:29:19  GPS원시방향:187.0
17:29:19  가속도:3.984,-6.005,6.776
17:29:19  자이로:0.496,-3.176,-0.534
17:29:19  자력계:-12.750,12.600,-1.050
17:29:19  송신:15958
17:29:19  GPS위성:7
17:29:19  GPS_HDOP:1.42
17:29:19  원시위도:37.496625
17:29:19  원시경도:126.957870
17:29:19  GPS채택:2180
17:29:19  GPS이상치거부:8
17:29:19  GPS품질거부:191
17:29:19  GPS재기준:1
17:29:19  RSSI원시:-75
17:29:19  RSSI평활:-74.1
17:29:19  RSSI샘플:30610
17:29:19  RSSI경과ms:63
17:29:19  차량수신:15161
17:29:20  시각ms:1634544
17:29:20  IMU시각ms:1634544
17:29:20  위험:0
17:29:20  GPS유효:1
17:29:20  위도:37.496624
17:29:20  경도:126.957870
17:29:20  속도:0.018
17:29:20  방향:188.0
17:29:20  GPS원시속도:0.015
17:29:20  GPS원시방향유효:1
17:29:20  GPS원시방향:187.0
17:29:20  가속도:4.161,-6.139,6.709
17:29:20  자이로:-2.290,1.122,-1.351
17:29:20  자력계:-13.950,12.000,0.450
17:29:20  송신:15963
17:29:20  GPS위성:7
17:29:20  GPS_HDOP:1.42
17:29:20  원시위도:37.496627
17:29:20  원시경도:126.957870
17:29:20  GPS채택:2181
17:29:20  GPS이상치거부:8
17:29:20  GPS품질거부:191
17:29:20  GPS재기준:1
17:29:20  RSSI원시:-76
17:29:20  RSSI평활:-74.6
17:29:20  RSSI샘플:30618
17:29:20  RSSI경과ms:15
17:29:20  차량수신:15164
17:29:20  시각ms:1634890
17:29:20  IMU시각ms:1634890
17:29:20  위험:0
17:29:20  GPS유효:1
17:29:20  위도:37.496628
17:29:20  경도:126.957870
17:29:20  속도:0.017
17:29:20  방향:188.0
17:29:20  GPS원시속도:0.015
17:29:20  GPS원시방향유효:1
17:29:20  GPS원시방향:187.0
17:29:20  가속도:4.108,-5.976,6.809
17:29:20  자이로:-0.855,2.244,0.962
17:29:20  자력계:-13.200,12.000,-0.450
17:29:20  송신:15966
17:29:20  GPS위성:7
17:29:20  GPS_HDOP:1.42
17:29:20  원시위도:37.496627
17:29:20  원시경도:126.957870
17:29:20  GPS채택:2182
17:29:20  GPS이상치거부:8
17:29:20  GPS품질거부:191
17:29:20  GPS재기준:1
17:29:20  RSSI원시:-75
17:29:20  RSSI평활:-74.7
17:29:20  RSSI샘플:30625
17:29:20  RSSI경과ms:26
17:29:20  차량수신:15168
17:29:20  시각ms:1634969
17:29:20  IMU시각ms:1634969
17:29:20  위험:0
17:29:20  GPS유효:1
17:29:20  위도:37.496628
17:29:20  경도:126.957870
17:29:20  속도:0.017
17:29:20  방향:188.0
17:29:20  GPS원시속도:0.015
17:29:20  GPS원시방향유효:1
17:29:20  GPS원시방향:187.0
17:29:20  가속도:4.065,-6.158,6.680
17:29:20  자이로:0.176,-0.809,1.740
17:29:20  자력계:-13.050,13.050,0.000
17:29:20  송신:15967
17:29:20  GPS위성:7
17:29:20  GPS_HDOP:1.42
17:29:20  원시위도:37.496627
17:29:20  원시경도:126.957870
17:29:20  GPS채택:2182
17:29:20  GPS이상치거부:8
17:29:20  GPS품질거부:191
17:29:20  GPS재기준:1
17:29:20  RSSI원시:-75
17:29:20  RSSI평활:-74.8
17:29:20  RSSI샘플:30626
17:29:20  RSSI경과ms:3
17:29:20  차량수신:15169
17:29:20  시각ms:1635026
17:29:20  IMU시각ms:1635026
17:29:20  위험:0
17:29:20  GPS유효:1
17:29:20  위도:37.496628
17:29:20  경도:126.957870
17:29:20  속도:0.017
17:29:20  방향:188.0
17:29:20  GPS원시속도:0.015
17:29:20  GPS원시방향유효:1
17:29:20  GPS원시방향:187.0
17:29:20  가속도:4.204,-6.148,6.694
17:29:20  자이로:-0.420,0.115,2.626
17:29:20  자력계:-13.950,12.000,0.900
17:29:20  송신:15968
17:29:20  GPS위성:7
17:29:20  GPS_HDOP:1.42
17:29:20  원시위도:37.496627
17:29:20  원시경도:126.957870
17:29:20  GPS채택:2182
17:29:20  GPS이상치거부:8
17:29:20  GPS품질거부:191
17:29:20  GPS재기준:1
17:29:20  RSSI원시:-75
17:29:20  RSSI평활:-74.8
17:29:20  RSSI샘플:30627
17:29:20  RSSI경과ms:6
17:29:20  차량수신:15169
17:29:20  시각ms:1635168
17:29:20  IMU시각ms:1635168
17:29:20  위험:0
17:29:20  GPS유효:1
17:29:20  위도:37.496628
17:29:20  경도:126.957870
17:29:20  속도:0.017
17:29:20  방향:188.0
17:29:20  GPS원시속도:0.015
17:29:20  GPS원시방향유효:1
17:29:20  GPS원시방향:187.0
17:29:20  가속도:4.046,-6.029,6.665
17:29:20  자이로:-2.420,-1.863,0.351
17:29:20  자력계:-13.500,12.300,-0.300
17:29:20  송신:15969
17:29:20  GPS위성:7
17:29:20  GPS_HDOP:1.42
17:29:20  원시위도:37.496627
17:29:20  원시경도:126.957870
17:29:20  GPS채택:2182
17:29:20  GPS이상치거부:8
17:29:20  GPS품질거부:191
17:29:20  GPS재기준:1
17:29:20  RSSI원시:-84
17:29:20  RSSI평활:-77.0
17:29:20  RSSI샘플:30629
17:29:20  RSSI경과ms:51
17:29:20  차량수신:15170
17:29:20  시각ms:1635276
17:29:20  IMU시각ms:1635276
17:29:20  위험:0
17:29:20  GPS유효:1
17:29:20  위도:37.496628
17:29:20  경도:126.957870
17:29:20  속도:0.017
17:29:20  방향:188.0
17:29:20  GPS원시속도:0.015
17:29:20  GPS원시방향유효:1
17:29:20  GPS원시방향:187.0
17:29:20  가속도:4.118,-5.938,6.694
17:29:20  자이로:0.565,-2.809,0.863
17:29:20  자력계:-14.250,14.100,-1.050
17:29:20  송신:15970
17:29:20  GPS위성:7
17:29:20  GPS_HDOP:1.42
17:29:20  원시위도:37.496627
17:29:20  원시경도:126.957870
17:29:20  GPS채택:2182
17:29:20  GPS이상치거부:8
17:29:20  GPS품질거부:191
17:29:20  GPS재기준:1
17:29:20  RSSI원시:-79
17:29:20  RSSI평활:-77.4
17:29:20  RSSI샘플:30631
17:29:20  RSSI경과ms:57
17:29:20  차량수신:15171
17:29:21  시각ms:1635908
17:29:21  IMU시각ms:1635908
17:29:21  위험:0
17:29:21  GPS유효:1
17:29:21  위도:37.496628
17:29:21  경도:126.957870
17:29:21  속도:0.016
17:29:21  방향:188.0
17:29:21  GPS원시속도:0.015
17:29:21  GPS원시방향유효:1
17:29:21  GPS원시방향:187.0
17:29:21  가속도:4.085,-5.957,6.886
17:29:21  자이로:2.191,-2.000,0.534
17:29:21  자력계:-11.700,13.950,0.450
17:29:21  송신:15976
17:29:21  GPS위성:7
17:29:21  GPS_HDOP:1.42
17:29:21  원시위도:37.496630
17:29:21  원시경도:126.957870
17:29:21  GPS채택:2184
17:29:21  GPS이상치거부:8
17:29:21  GPS품질거부:191
17:29:21  GPS재기준:1
17:29:21  RSSI원시:-80
17:29:21  RSSI평활:-79.0
17:29:21  RSSI샘플:30642
17:29:21  RSSI경과ms:75
17:29:21  차량수신:15177
17:29:21  시각ms:1636164
17:29:21  IMU시각ms:1636164
17:29:21  위험:0
17:29:21  GPS유효:1
17:29:21  위도:37.496628
17:29:21  경도:126.957870
17:29:21  속도:0.016
17:29:21  방향:188.0
17:29:21  GPS원시속도:0.015
17:29:21  GPS원시방향유효:1
17:29:21  GPS원시방향:187.0
17:29:21  가속도:4.104,-6.076,6.752
17:29:21  자이로:0.061,-0.137,0.153
17:29:21  자력계:-12.450,12.750,-1.500
17:29:21  송신:15979
17:29:21  GPS위성:7
17:29:21  GPS_HDOP:1.42
17:29:21  원시위도:37.496630
17:29:21  원시경도:126.957870
17:29:21  GPS채택:2184
17:29:21  GPS이상치거부:8
17:29:21  GPS품질거부:191
17:29:21  GPS재기준:1
17:29:21  RSSI원시:-79
17:29:21  RSSI평활:-79.5
17:29:21  RSSI샘플:30648
17:29:21  RSSI경과ms:33
17:29:21  차량수신:15180
17:29:21  시각ms:1636286
17:29:21  IMU시각ms:1636286
17:29:21  위험:0
17:29:21  GPS유효:1
17:29:21  위도:37.496628
17:29:21  경도:126.957870
17:29:21  속도:0.016
17:29:21  방향:188.0
17:29:21  GPS원시속도:0.015
17:29:21  GPS원시방향유효:1
17:29:21  GPS원시방향:187.0
17:29:21  가속도:4.142,-6.029,6.704
17:29:21  자이로:-1.847,-0.115,0.519
17:29:21  자력계:-14.250,12.300,-0.300
17:29:21  송신:15980
17:29:21  GPS위성:7
17:29:21  GPS_HDOP:1.42
17:29:21  원시위도:37.496630
17:29:21  원시경도:126.957870
17:29:21  GPS채택:2184
17:29:21  GPS이상치거부:8
17:29:21  GPS품질거부:191
17:29:21  GPS재기준:1
17:29:21  RSSI원시:-80
17:29:21  RSSI평활:-79.5
17:29:21  RSSI샘플:30650
17:29:21  RSSI경과ms:57
17:29:21  차량수신:15181
17:29:22  시각ms:1636795
17:29:22  IMU시각ms:1636795
17:29:22  위험:0
17:29:22  GPS유효:1
17:29:22  위도:37.496632
17:29:22  경도:126.957870
17:29:22  속도:0.010
17:29:22  방향:188.0
17:29:22  GPS원시속도:0.005
17:29:22  GPS원시방향유효:1
17:29:22  GPS원시방향:187.0
17:29:22  가속도:3.917,-6.067,6.761
17:29:22  자이로:-0.962,-1.893,0.580
17:29:22  자력계:-10.950,14.400,0.450
17:29:22  송신:15985
17:29:22  GPS위성:7
17:29:22  GPS_HDOP:1.42
17:29:22  원시위도:37.496632
17:29:22  원시경도:126.957870
17:29:22  GPS채택:2186
17:29:22  GPS이상치거부:8
17:29:22  GPS품질거부:191
17:29:22  GPS재기준:1
17:29:22  RSSI원시:-80
17:29:22  RSSI평활:-79.6
17:29:22  RSSI샘플:30658
17:29:22  RSSI경과ms:32
17:29:22  차량수신:15184
17:29:22  시각ms:1636874
17:29:22  IMU시각ms:1636874
17:29:22  위험:0
17:29:22  GPS유효:1
17:29:22  위도:37.496632
17:29:22  경도:126.957870
17:29:22  속도:0.010
17:29:22  방향:188.0
17:29:22  GPS원시속도:0.005
17:29:22  GPS원시방향유효:1
17:29:22  GPS원시방향:187.0
17:29:22  가속도:4.008,-5.842,6.867
17:29:22  자이로:-1.969,-2.786,1.656
17:29:22  자력계:-12.750,12.600,0.000
17:29:22  송신:15986
17:29:22  GPS위성:7
17:29:22  GPS_HDOP:1.42
17:29:22  원시위도:37.496632
17:29:22  원시경도:126.957870
17:29:22  GPS채택:2186
17:29:22  GPS이상치거부:8
17:29:22  GPS품질거부:191
17:29:22  GPS재기준:1
17:29:22  RSSI원시:-82
17:29:22  RSSI평활:-80.3
17:29:22  RSSI샘플:30660
17:29:22  RSSI경과ms:8
17:29:22  차량수신:15185
17:29:22  시각ms:1636953
17:29:22  IMU시각ms:1636953
17:29:22  위험:0
17:29:22  GPS유효:1
17:29:22  위도:37.496632
17:29:22  경도:126.957870
17:29:22  속도:0.010
17:29:22  방향:188.0
17:29:22  GPS원시속도:0.005
17:29:22  GPS원시방향유효:1
17:29:22  GPS원시방향:187.0
17:29:22  가속도:4.027,-6.048,6.685
17:29:22  자이로:0.702,-0.481,1.366
17:29:22  자력계:-13.950,12.750,-0.900
17:29:22  송신:15987
17:29:22  GPS위성:7
17:29:22  GPS_HDOP:1.42
17:29:22  원시위도:37.496632
17:29:22  원시경도:126.957870
17:29:22  GPS채택:2186
17:29:22  GPS이상치거부:8
17:29:22  GPS품질거부:191
17:29:22  GPS재기준:1
17:29:22  RSSI원시:-81
17:29:22  RSSI평활:-80.5
17:29:22  RSSI샘플:30661
17:29:22  RSSI경과ms:2
17:29:22  차량수신:15185
17:29:22  시각ms:1637204
17:29:22  IMU시각ms:1637204
17:29:22  위험:0
17:29:22  GPS유효:1
17:29:22  위도:37.496632
17:29:22  경도:126.957870
17:29:22  속도:0.010
17:29:22  방향:188.0
17:29:22  GPS원시속도:0.005
17:29:22  GPS원시방향유효:1
17:29:22  GPS원시방향:187.0
17:29:22  가속도:3.989,-5.942,6.718
17:29:22  자이로:-2.145,-1.931,-0.489
17:29:22  자력계:-12.750,14.850,-0.300
17:29:22  송신:15989
17:29:22  GPS위성:7
17:29:22  GPS_HDOP:1.42
17:29:22  원시위도:37.496632
17:29:22  원시경도:126.957870
17:29:22  GPS채택:2186
17:29:22  GPS이상치거부:8
17:29:22  GPS품질거부:191
17:29:22  GPS재기준:1
17:29:22  RSSI원시:-80
17:29:22  RSSI평활:-80.3
17:29:22  RSSI샘플:30666
17:29:22  RSSI경과ms:24
17:29:22  차량수신:15188
17:29:22  시각ms:1637281
17:29:22  IMU시각ms:1637281
17:29:22  위험:0
17:29:22  GPS유효:1
17:29:22  위도:37.496632
17:29:22  경도:126.957870
17:29:22  속도:0.010
17:29:22  방향:188.0
17:29:22  GPS원시속도:0.005
17:29:22  GPS원시방향유효:1
17:29:22  GPS원시방향:187.0
17:29:22  가속도:4.094,-6.033,6.795
17:29:22  자이로:-2.397,0.397,-1.832
17:29:22  자력계:-12.300,13.050,0.300
17:29:22  송신:15990
17:29:22  GPS위성:7
17:29:22  GPS_HDOP:1.42
17:29:22  원시위도:37.496632
17:29:22  원시경도:126.957870
17:29:22  GPS채택:2186
17:29:22  GPS이상치거부:8
17:29:22  GPS품질거부:191
17:29:22  GPS재기준:1
17:29:22  RSSI원시:-81
17:29:22  RSSI평활:-80.5
17:29:22  RSSI샘플:30667
17:29:22  RSSI경과ms:30
17:29:22  차량수신:15188
17:29:23  시각ms:1637488
17:29:23  IMU시각ms:1637488
17:29:23  위험:0
17:29:23  GPS유효:1
17:29:23  위도:37.496632
17:29:23  경도:126.957870
17:29:23  속도:0.010
17:29:23  방향:188.0
17:29:23  GPS원시속도:0.005
17:29:23  GPS원시방향유효:1
17:29:23  GPS원시방향:187.0
17:29:23  가속도:4.032,-6.014,6.732
17:29:23  자이로:-2.634,0.000,1.298
17:29:23  자력계:-13.200,12.750,0.450
17:29:23  송신:15992
17:29:23  GPS위성:7
17:29:23  GPS_HDOP:1.42
17:29:23  원시위도:37.496632
17:29:23  원시경도:126.957870
17:29:23  GPS채택:2186
17:29:23  GPS이상치거부:8
17:29:23  GPS품질거부:191
17:29:23  GPS재기준:1
17:29:23  RSSI원시:-79
17:29:23  RSSI평활:-80.0
17:29:23  RSSI샘플:30671
17:29:23  RSSI경과ms:33
17:29:23  차량수신:15190
17:29:23  시각ms:1637597
17:29:23  IMU시각ms:1637597
17:29:23  위험:0
17:29:23  GPS유효:1
17:29:23  위도:37.496632
17:29:23  경도:126.957870
17:29:23  속도:0.012
17:29:23  방향:188.0
17:29:23  GPS원시속도:0.015
17:29:23  GPS원시방향유효:1
17:29:23  GPS원시방향:187.0
17:29:23  가속도:3.994,-6.062,6.675
17:29:23  자이로:1.649,-1.328,-0.718
17:29:23  자력계:-14.250,13.350,0.600
17:29:23  송신:15993
17:29:23  GPS위성:7
17:29:23  GPS_HDOP:1.42
17:29:23  원시위도:37.496635
17:29:23  원시경도:126.957869
17:29:23  GPS채택:2187
17:29:23  GPS이상치거부:8
17:29:23  GPS품질거부:191
17:29:23  GPS재기준:1
17:29:23  RSSI원시:-81
17:29:23  RSSI평활:-80.2
17:29:23  RSSI샘플:30673
17:29:23  RSSI경과ms:35
17:29:23  차량수신:15191
17:29:23  시각ms:1637797
17:29:23  IMU시각ms:1637797
17:29:23  위험:0
17:29:23  GPS유효:1
17:29:23  위도:37.496635
17:29:23  경도:126.957870
17:29:23  속도:0.013
17:29:23  방향:188.0
17:29:23  GPS원시속도:0.015
17:29:23  GPS원시방향유효:1
17:29:23  GPS원시방향:187.0
17:29:23  가속도:4.152,-6.096,6.718
17:29:23  자이로:-2.481,-1.458,-0.931
17:29:23  자력계:-10.950,13.200,0.450
17:29:23  송신:15995
17:29:23  GPS위성:7
17:29:23  GPS_HDOP:1.42
17:29:23  원시위도:37.496635
17:29:23  원시경도:126.957869
17:29:23  GPS채택:2188
17:29:23  GPS이상치거부:8
17:29:23  GPS품질거부:191
17:29:23  GPS재기준:1
17:29:23  RSSI원시:-79
17:29:23  RSSI평활:-80.1
17:29:23  RSSI샘플:30675
17:29:23  RSSI경과ms:29
17:29:23  차량수신:15191
17:29:23  시각ms:1637841
17:29:23  IMU시각ms:1637841
17:29:23  위험:0
17:29:23  GPS유효:1
17:29:23  위도:37.496635
17:29:23  경도:126.957870
17:29:23  속도:0.013
17:29:23  방향:188.0
17:29:23  GPS원시속도:0.015
17:29:23  GPS원시방향유효:1
17:29:23  GPS원시방향:187.0
17:29:23  가속도:3.998,-6.072,6.737
17:29:23  자이로:-0.229,-1.725,1.298
17:29:23  자력계:-13.950,12.450,0.150
17:29:23  송신:15995
17:29:23  GPS위성:7
17:29:23  GPS_HDOP:1.42
17:29:23  원시위도:37.496635
17:29:23  원시경도:126.957869
17:29:23  GPS채택:2188
17:29:23  GPS이상치거부:8
17:29:23  GPS품질거부:191
17:29:23  GPS재기준:1
17:29:23  RSSI원시:-80
17:29:23  RSSI평활:-80.1
17:29:23  RSSI샘플:30676
17:29:23  RSSI경과ms:26
17:29:23  차량수신:15192
17:29:23  시각ms:1638204
17:29:23  IMU시각ms:1638204
17:29:23  위험:0
17:29:23  GPS유효:1
17:29:23  위도:37.496635
17:29:23  경도:126.957870
17:29:23  속도:0.013
17:29:23  방향:188.0
17:29:23  GPS원시속도:0.015
17:29:23  GPS원시방향유효:1
17:29:23  GPS원시방향:187.0
17:29:23  가속도:4.142,-6.062,6.809
17:29:23  자이로:-0.405,-2.878,-0.366
17:29:23  자력계:-14.250,13.350,0.300
17:29:23  송신:15999
17:29:23  GPS위성:7
17:29:23  GPS_HDOP:1.42
17:29:23  원시위도:37.496635
17:29:23  원시경도:126.957869
17:29:23  GPS채택:2188
17:29:23  GPS이상치거부:8
17:29:23  GPS품질거부:191
17:29:23  GPS재기준:1
17:29:23  RSSI원시:-79
17:29:23  RSSI평활:-79.4
17:29:23  RSSI샘플:30683
17:29:23  RSSI경과ms:31
17:29:23  차량수신:15195
17:29:23  시각ms:1638347
17:29:23  IMU시각ms:1638347
17:29:23  위험:0
17:29:23  GPS유효:1
17:29:24  위도:37.496635
17:29:24  경도:126.957870
17:29:24  속도:0.013
17:29:24  방향:188.0
17:29:24  GPS원시속도:0.015
17:29:24  GPS원시방향유효:1
17:29:24  GPS원시방향:187.0
17:29:24  가속도:3.931,-5.918,6.622
17:29:24  자이로:-0.008,-2.336,-0.397
17:29:24  자력계:-13.950,12.750,-0.150
17:29:24  송신:16000
17:29:24  GPS위성:7
17:29:24  GPS_HDOP:1.42
17:29:24  원시위도:37.496635
17:29:24  원시경도:126.957869
17:29:24  GPS채택:2188
17:29:24  GPS이상치거부:8
17:29:24  GPS품질거부:191
17:29:24  GPS재기준:1
17:29:24  RSSI원시:-78
17:29:24  RSSI평활:-79.1
17:29:24  RSSI샘플:30685
17:29:24  RSSI경과ms:2
17:29:24  차량수신:15197
17:29:24  시각ms:1638534
17:29:24  IMU시각ms:1638534
17:29:24  위험:0
17:29:24  GPS유효:1
17:29:24  위도:37.496635
17:29:24  경도:126.957870
17:29:24  속도:0.016
17:29:24  방향:188.0
17:29:24  GPS원시속도:0.021
17:29:24  GPS원시방향유효:1
17:29:24  GPS원시방향:187.0
17:29:24  가속도:4.128,-6.110,6.723
17:29:24  자이로:-1.779,2.084,0.206
17:29:24  자력계:-14.400,13.200,0.900
17:29:24  송신:16002
17:29:24  GPS위성:7
17:29:24  GPS_HDOP:1.42
17:29:24  원시위도:37.496637
17:29:24  원시경도:126.957869
17:29:24  GPS채택:2189
17:29:24  GPS이상치거부:8
17:29:24  GPS품질거부:191
17:29:24  GPS재기준:1
17:29:24  RSSI원시:-79
17:29:24  RSSI평활:-78.9
17:29:24  RSSI샘플:30688
17:29:24  RSSI경과ms:56
17:29:24  차량수신:15198
17:29:24  시각ms:1638657
17:29:24  IMU시각ms:1638657
17:29:24  위험:0
17:29:24  GPS유효:1
17:29:24  위도:37.496635
17:29:24  경도:126.957870
17:29:24  속도:0.017
17:29:24  방향:188.0
17:29:24  GPS원시속도:0.021
17:29:24  GPS원시방향유효:1
17:29:24  GPS원시방향:187.0
17:29:24  가속도:4.008,-6.062,6.742
17:29:24  자이로:-0.069,-2.389,-0.542
17:29:24  자력계:-14.400,12.750,1.200
17:29:24  송신:16003
17:29:24  GPS위성:6
17:29:24  GPS_HDOP:1.42
17:29:24  원시위도:37.496637
17:29:24  원시경도:126.957869
17:29:24  GPS채택:2190
17:29:24  GPS이상치거부:8
17:29:24  GPS품질거부:191
17:29:24  GPS재기준:1
17:29:24  RSSI원시:-81
17:29:24  RSSI평활:-79.2
17:29:24  RSSI샘플:30691
17:29:24  RSSI경과ms:7
17:29:24  차량수신:15200
17:29:24  시각ms:1638736
17:29:24  IMU시각ms:1638736
17:29:24  위험:0
17:29:24  GPS유효:1
17:29:24  위도:37.496635
17:29:24  경도:126.957870
17:29:24  속도:0.017
17:29:24  방향:188.0
17:29:24  GPS원시속도:0.021
17:29:24  GPS원시방향유효:1
17:29:24  GPS원시방향:187.0
17:29:24  가속도:3.950,-5.933,6.804
17:29:24  자이로:-2.099,-0.397,-1.237
17:29:24  자력계:-15.150,13.500,-0.150
17:29:24  송신:16004
17:29:24  GPS위성:6
17:29:24  GPS_HDOP:1.42
17:29:24  원시위도:37.496637
17:29:24  원시경도:126.957869
17:29:24  GPS채택:2190
17:29:24  GPS이상치거부:8
17:29:24  GPS품질거부:191
17:29:24  GPS재기준:1
17:29:24  RSSI원시:-79
17:29:24  RSSI평활:-79.2
17:29:24  RSSI샘플:30692
17:29:24  RSSI경과ms:60
17:29:24  차량수신:15200
17:29:24  시각ms:1638837
17:29:24  IMU시각ms:1638837
17:29:24  위험:0
17:29:24  GPS유효:1
17:29:24  위도:37.496635
17:29:24  경도:126.957870
17:29:24  속도:0.017
17:29:24  방향:188.0
17:29:24  GPS원시속도:0.021
17:29:24  GPS원시방향유효:1
17:29:24  GPS원시방향:187.0
17:29:24  가속도:4.070,-6.019,6.656
17:29:24  자이로:0.206,-2.702,-1.046
17:29:24  자력계:-12.450,13.500,0.150
17:29:24  송신:16005
17:29:24  GPS위성:6
17:29:24  GPS_HDOP:1.42
17:29:24  원시위도:37.496637
17:29:24  원시경도:126.957869
17:29:24  GPS채택:2190
17:29:24  GPS이상치거부:8
17:29:24  GPS품질거부:191
17:29:24  GPS재기준:1
17:29:24  RSSI원시:-79
17:29:24  RSSI평활:-79.3
17:29:24  RSSI샘플:30694
17:29:24  RSSI경과ms:49
17:29:24  차량수신:15201
17:29:24  시각ms:1638938
17:29:24  IMU시각ms:1638938
17:29:24  위험:0
17:29:24  GPS유효:1
17:29:24  위도:37.496635
17:29:24  경도:126.957870
17:29:24  속도:0.017
17:29:24  방향:188.0
17:29:24  GPS원시속도:0.021
17:29:24  GPS원시방향유효:1
17:29:24  GPS원시방향:187.0
17:29:24  가속도:4.099,-6.187,6.766
17:29:24  자이로:-2.328,-0.405,-0.061
17:29:24  자력계:-13.500,14.100,-2.100
17:29:24  송신:16006
17:29:24  GPS위성:6
17:29:24  GPS_HDOP:1.42
17:29:24  원시위도:37.496637
17:29:24  원시경도:126.957869
17:29:24  GPS채택:2190
17:29:24  GPS이상치거부:8
17:29:24  GPS품질거부:191
17:29:24  GPS재기준:1
17:29:24  RSSI원시:-79
17:29:24  RSSI평활:-79.3
17:29:24  RSSI샘플:30696
17:29:24  RSSI경과ms:58
17:29:24  차량수신:15202
17:29:24  시각ms:1639017
17:29:24  IMU시각ms:1639017
17:29:24  위험:0
17:29:24  GPS유효:1
17:29:24  위도:37.496635
17:29:24  경도:126.957870
17:29:24  속도:0.017
17:29:24  방향:188.0
17:29:24  GPS원시속도:0.021
17:29:24  GPS원시방향유효:1
17:29:24  GPS원시방향:187.0
17:29:24  가속도:4.070,-6.038,6.685
17:29:24  자이로:1.809,-2.115,2.366
17:29:24  자력계:-12.900,14.400,0.450
17:29:24  송신:16007
17:29:24  GPS위성:6
17:29:24  GPS_HDOP:1.42
17:29:24  원시위도:37.496637
17:29:24  원시경도:126.957869
17:29:24  GPS채택:2190
17:29:24  GPS이상치거부:8
17:29:24  GPS품질거부:191
17:29:24  GPS재기준:1
17:29:24  RSSI원시:-79
17:29:24  RSSI평활:-79.1
17:29:24  RSSI샘플:30698
17:29:24  RSSI경과ms:36
17:29:24  차량수신:15203
17:29:24  시각ms:1639194
17:29:24  IMU시각ms:1639182
17:29:24  위험:0
17:29:24  GPS유효:1
17:29:24  위도:37.496635
17:29:24  경도:126.957870
17:29:24  속도:0.017
17:29:24  방향:188.0
17:29:24  GPS원시속도:0.021
17:29:24  GPS원시방향유효:1
17:29:24  GPS원시방향:187.0
17:29:24  가속도:4.156,-6.187,6.665
17:29:24  자이로:-1.382,2.061,-0.244
17:29:24  자력계:-13.500,13.350,1.050
17:29:24  송신:16009
17:29:24  GPS위성:6
17:29:24  GPS_HDOP:1.42
17:29:24  원시위도:37.496637
17:29:24  원시경도:126.957869
17:29:24  GPS채택:2190
17:29:24  GPS이상치거부:8
17:29:24  GPS품질거부:191
17:29:24  GPS재기준:1
17:29:24  RSSI원시:-78
17:29:24  RSSI평활:-79.1
17:29:24  RSSI샘플:30702
17:29:24  RSSI경과ms:3
17:29:24  차량수신:15205
17:29:24  시각ms:1639246
17:29:24  IMU시각ms:1639246
17:29:24  위험:0
17:29:24  GPS유효:1
17:29:24  위도:37.496635
17:29:24  경도:126.957870
17:29:24  속도:0.017
17:29:24  방향:188.0
17:29:24  GPS원시속도:0.021
17:29:24  GPS원시방향유효:1
17:29:24  GPS원시방향:187.0
17:29:24  가속도:4.094,-6.134,6.594
17:29:24  자이로:0.679,-1.962,0.382
17:29:24  자력계:-12.750,13.350,0.000
17:29:24  송신:16009
17:29:24  GPS위성:6
17:29:24  GPS_HDOP:1.42
17:29:24  원시위도:37.496637
17:29:24  원시경도:126.957869
17:29:24  GPS채택:2190
17:29:24  GPS이상치거부:8
17:29:24  GPS품질거부:191
17:29:24  GPS재기준:1
17:29:24  RSSI원시:-78
17:29:24  RSSI평활:-79.1
17:29:24  RSSI샘플:30702
17:29:24  RSSI경과ms:55
17:29:24  차량수신:15205
17:29:24  시각ms:1639323
17:29:24  IMU시각ms:1639323
17:29:24  위험:0
17:29:24  GPS유효:1
17:29:24  위도:37.496635
17:29:24  경도:126.957870
17:29:24  속도:0.017
17:29:24  방향:188.0
17:29:24  GPS원시속도:0.021
17:29:24  GPS원시방향유효:1
17:29:24  GPS원시방향:187.0
17:29:24  가속도:4.065,-5.909,6.699
17:29:24  자이로:-3.137,0.069,1.779
17:29:24  자력계:-13.650,13.200,-1.200
17:29:24  송신:16010
17:29:24  GPS위성:6
17:29:24  GPS_HDOP:1.42
17:29:24  원시위도:37.496637
17:29:24  원시경도:126.957869
17:29:24  GPS채택:2190
17:29:24  GPS이상치거부:8
17:29:24  GPS품질거부:191
17:29:24  GPS재기준:1
17:29:24  RSSI원시:-78
17:29:24  RSSI평활:-79.0
17:29:24  RSSI샘플:30704
17:29:24  RSSI경과ms:33
17:29:24  차량수신:15206
17:29:25  시각ms:1639711
17:29:25  IMU시각ms:1639711
17:29:25  위험:0
17:29:25  GPS유효:1
17:29:25  위도:37.496639
17:29:25  경도:126.957870
17:29:25  속도:0.010
17:29:25  방향:188.0
17:29:25  GPS원시속도:0.005
17:29:25  GPS원시방향유효:1
17:29:25  GPS원시방향:187.0
17:29:25  가속도:3.946,-6.019,6.637
17:29:25  자이로:-0.573,-1.046,0.145
17:29:25  자력계:-13.050,14.550,0.000
17:29:25  송신:16014
17:29:25  GPS위성:6
17:29:25  GPS_HDOP:1.42
17:29:25  원시위도:37.496640
17:29:25  원시경도:126.957868
17:29:25  GPS채택:2192
17:29:25  GPS이상치거부:8
17:29:25  GPS품질거부:191
17:29:25  GPS재기준:1
17:29:25  RSSI원시:-78
17:29:25  RSSI평활:-79.0
17:29:25  RSSI샘플:30711
17:29:25  RSSI경과ms:14
17:29:25  차량수신:15209
17:29:25  시각ms:1639854
17:29:25  IMU시각ms:1639854
17:29:25  위험:0
17:29:25  GPS유효:1
17:29:25  위도:37.496639
17:29:25  경도:126.957870
17:29:25  속도:0.010
17:29:25  방향:188.0
17:29:25  GPS원시속도:0.005
17:29:25  GPS원시방향유효:1
17:29:25  GPS원시방향:187.0
17:29:25  가속도:4.017,-6.067,6.646
17:29:25  자이로:-0.985,-0.183,0.397
17:29:25  자력계:-13.500,13.050,0.000
17:29:25  송신:16015
17:29:25  GPS위성:6
17:29:25  GPS_HDOP:1.42
17:29:25  원시위도:37.496640
17:29:25  원시경도:126.957868
17:29:25  GPS채택:2192
17:29:25  GPS이상치거부:8
17:29:25  GPS품질거부:191
17:29:25  GPS재기준:1
17:29:25  RSSI원시:-78
17:29:25  RSSI평활:-78.8
17:29:25  RSSI샘플:30712
17:29:25  RSSI경과ms:51
17:29:25  차량수신:15209
17:29:25  시각ms:1639955
17:29:25  IMU시각ms:1639955
17:29:25  위험:0
17:29:25  GPS유효:1
17:29:25  위도:37.496639
17:29:25  경도:126.957870
17:29:25  속도:0.010
17:29:25  방향:188.0
17:29:25  GPS원시속도:0.005
17:29:25  GPS원시방향유효:1
17:29:25  GPS원시방향:187.0
17:29:25  가속도:4.108,-6.048,6.709
17:29:25  자이로:-2.023,-1.450,0.588
17:29:25  자력계:-13.650,15.150,0.150
17:29:25  송신:16016
17:29:25  GPS위성:6
17:29:25  GPS_HDOP:1.42
17:29:25  원시위도:37.496640
17:29:25  원시경도:126.957868
17:29:25  GPS채택:2192
17:29:25  GPS이상치거부:8
17:29:25  GPS품질거부:191
17:29:25  GPS재기준:1
17:29:25  RSSI원시:-79
17:29:25  RSSI평활:-78.9
17:29:25  RSSI샘플:30714
17:29:25  RSSI경과ms:44
17:29:25  차량수신:15210
17:29:25  시각ms:1640110
17:29:25  IMU시각ms:1640110
17:29:25  위험:0
17:29:25  GPS유효:1
17:29:25  위도:37.496639
17:29:25  경도:126.957870
17:29:25  속도:0.010
17:29:25  방향:188.0
17:29:25  GPS원시속도:0.005
17:29:25  GPS원시방향유효:1
17:29:25  GPS원시방향:187.0
17:29:25  가속도:4.046,-6.014,6.747
17:29:25  자이로:0.176,-1.023,-0.198
17:29:25  자력계:-14.550,12.300,0.300
17:29:25  송신:16018
17:29:25  GPS위성:6
17:29:25  GPS_HDOP:1.42
17:29:25  원시위도:37.496640
17:29:25  원시경도:126.957868
17:29:25  GPS채택:2192
17:29:25  GPS이상치거부:8
17:29:25  GPS품질거부:191
17:29:25  GPS재기준:1
17:29:25  RSSI원시:-79
17:29:25  RSSI평활:-79.2
17:29:25  RSSI샘플:30717
17:29:25  RSSI경과ms:8
17:29:25  차량수신:15211
17:29:25  시각ms:1640132
17:29:25  IMU시각ms:1640132
17:29:25  위험:0
17:29:25  GPS유효:1
17:29:25  위도:37.496639
17:29:25  경도:126.957870
17:29:25  속도:0.010
17:29:25  방향:188.0
17:29:25  GPS원시속도:0.005
17:29:25  GPS원시방향유효:1
17:29:25  GPS원시방향:187.0
17:29:25  가속도:3.974,-6.076,6.656
17:29:25  자이로:-2.298,-1.481,0.275
17:29:25  자력계:-14.250,12.600,0.300
17:29:25  송신:16018
17:29:25  GPS위성:6
17:29:25  GPS_HDOP:1.42
17:29:25  원시위도:37.496640
17:29:25  원시경도:126.957868
17:29:25  GPS채택:2192
17:29:25  GPS이상치거부:8
17:29:25  GPS품질거부:191
17:29:25  GPS재기준:1
17:29:25  RSSI원시:-81
17:29:25  RSSI평활:-79.6
17:29:25  RSSI샘플:30718
17:29:25  RSSI경과ms:15
17:29:25  차량수신:15212
17:29:25  시각ms:1640218
17:29:25  IMU시각ms:1640218
17:29:25  위험:0
17:29:25  GPS유효:1
17:29:25  위도:37.496639
17:29:25  경도:126.957870
17:29:25  속도:0.010
17:29:25  방향:188.0
17:29:25  GPS원시속도:0.005
17:29:25  GPS원시방향유효:1
17:29:25  GPS원시방향:187.0
17:29:25  가속도:4.022,-6.076,6.694
17:29:25  자이로:-1.496,-2.779,2.618
17:29:25  자력계:-12.150,14.700,0.150
17:29:25  송신:16019
17:29:25  GPS위성:6
17:29:25  GPS_HDOP:1.42
17:29:25  원시위도:37.496640
17:29:25  원시경도:126.957868
17:29:25  GPS채택:2192
17:29:25  GPS이상치거부:8
17:29:25  GPS품질거부:191
17:29:25  GPS재기준:1
17:29:25  RSSI원시:-79
17:29:25  RSSI평활:-79.5
17:29:25  RSSI샘플:30719
17:29:25  RSSI경과ms:11
17:29:25  차량수신:15212
17:29:25  시각ms:1640240
17:29:25  IMU시각ms:1640240
17:29:25  위험:0
17:29:25  GPS유효:1
17:29:25  위도:37.496639
17:29:25  경도:126.957870
17:29:25  속도:0.010
17:29:25  방향:188.0
17:29:25  GPS원시속도:0.005
17:29:25  GPS원시방향유효:1
17:29:25  GPS원시방향:187.0
17:29:25  가속도:4.008,-5.952,6.689
17:29:25  자이로:-0.336,-1.214,-0.290
17:29:25  자력계:-13.200,13.500,1.500
17:29:25  송신:16019
17:29:25  GPS위성:6
17:29:25  GPS_HDOP:1.42
17:29:25  원시위도:37.496640
17:29:25  원시경도:126.957868
17:29:25  GPS채택:2192
17:29:25  GPS이상치거부:8
17:29:25  GPS품질거부:191
17:29:25  GPS재기준:1
17:29:25  RSSI원시:-78
17:29:25  RSSI평활:-79.2
17:29:25  RSSI샘플:30720
17:29:25  RSSI경과ms:21
17:29:25  차량수신:15213
17:29:25  시각ms:1640339
17:29:25  IMU시각ms:1640339
17:29:25  위험:0
17:29:25  GPS유효:1
17:29:25  위도:37.496639
17:29:25  경도:126.957870
17:29:25  속도:0.010
17:29:25  방향:188.0
17:29:25  GPS원시속도:0.005
17:29:25  GPS원시방향유효:1
17:29:25  GPS원시방향:187.0
17:29:25  가속도:3.955,-6.211,6.670
17:29:25  자이로:-0.412,-2.611,1.802
17:29:25  자력계:-13.950,13.500,1.500
17:29:25  송신:16020
17:29:25  GPS위성:6
17:29:25  GPS_HDOP:1.42
17:29:25  원시위도:37.496640
17:29:25  원시경도:126.957868
17:29:25  GPS채택:2192
17:29:25  GPS이상치거부:8
17:29:25  GPS품질거부:191
17:29:25  GPS재기준:1
17:29:25  RSSI원시:-78
17:29:25  RSSI평활:-78.9
17:29:25  RSSI샘플:30722
17:29:25  RSSI경과ms:21
17:29:25  차량수신:15214
17:29:26  시각ms:1640592
17:29:26  IMU시각ms:1640592
17:29:26  위험:0
17:29:26  GPS유효:1
17:29:26  위도:37.496639
17:29:26  경도:126.957870
17:29:26  속도:0.009
17:29:26  방향:188.0
17:29:26  GPS원시속도:0.005
17:29:26  GPS원시방향유효:1
17:29:26  GPS원시방향:187.0
17:29:26  가속도:3.826,-6.139,6.618
17:29:26  자이로:-1.237,1.305,2.565
17:29:26  자력계:-12.750,11.400,0.600
17:29:26  송신:16022
17:29:26  GPS위성:6
17:29:26  GPS_HDOP:1.42
17:29:26  원시위도:37.496642
17:29:26  원시경도:126.957869
17:29:26  GPS채택:2193
17:29:26  GPS이상치거부:8
17:29:26  GPS품질거부:191
17:29:26  GPS재기준:1
17:29:26  RSSI원시:-80
17:29:26  RSSI평활:-79.0
17:29:26  RSSI샘플:30726
17:29:26  RSSI경과ms:68
17:29:26  차량수신:15216
17:29:26  시각ms:1640794
17:29:26  IMU시각ms:1640794
17:29:26  위험:0
17:29:26  GPS유효:1
17:29:26  위도:37.496643
17:29:26  경도:126.957870
17:29:26  속도:0.007
17:29:26  방향:188.0
17:29:26  GPS원시속도:0.005
17:29:26  GPS원시방향유효:1
17:29:26  GPS원시방향:187.0
17:29:26  가속도:4.199,-6.091,6.723
17:29:26  자이로:-1.519,-0.389,0.382
17:29:26  자력계:-15.000,13.350,0.300
17:29:26  송신:16024
17:29:26  GPS위성:6
17:29:26  GPS_HDOP:1.42
17:29:26  원시위도:37.496642
17:29:26  원시경도:126.957869
17:29:26  GPS채택:2194
17:29:26  GPS이상치거부:8
17:29:26  GPS품질거부:191
17:29:26  GPS재기준:1
17:29:26  RSSI원시:-78
17:29:26  RSSI평활:-78.6
17:29:26  RSSI샘플:30730
17:29:26  RSSI경과ms:59
17:29:26  차량수신:15218
17:29:26  시각ms:1641030
17:29:26  IMU시각ms:1641030
17:29:26  위험:0
17:29:26  GPS유효:1
17:29:26  위도:37.496643
17:29:26  경도:126.957870
17:29:26  속도:0.007
17:29:26  방향:188.0
17:29:26  GPS원시속도:0.005
17:29:26  GPS원시방향유효:1
17:29:26  GPS원시방향:187.0
17:29:26  가속도:4.123,-6.019,6.780
17:29:26  자이로:-1.122,-0.427,1.084
17:29:26  자력계:-13.050,13.800,-0.300
17:29:26  송신:16027
17:29:26  GPS위성:6
17:29:26  GPS_HDOP:1.42
17:29:26  원시위도:37.496642
17:29:26  원시경도:126.957869
17:29:26  GPS채택:2194
17:29:26  GPS이상치거부:8
17:29:26  GPS품질거부:191
17:29:26  GPS재기준:1
17:29:26  RSSI원시:-79
17:29:26  RSSI평활:-78.7
17:29:26  RSSI샘플:30735
17:29:26  RSSI경과ms:7
17:29:26  차량수신:15220
17:29:26  시각ms:1641096
17:29:26  IMU시각ms:1641096
17:29:26  위험:0
17:29:26  GPS유효:1
17:29:26  위도:37.496643
17:29:26  경도:126.957870
17:29:26  속도:0.007
17:29:26  방향:188.0
17:29:26  GPS원시속도:0.005
17:29:26  GPS원시방향유효:1
17:29:26  GPS원시방향:187.0
17:29:26  가속도:4.104,-6.057,6.713
17:29:26  자이로:-0.443,-1.221,-0.046
17:29:26  자력계:-15.300,13.350,1.350
17:29:26  송신:16027
17:29:26  GPS위성:6
17:29:26  GPS_HDOP:1.42
17:29:26  원시위도:37.496642
17:29:26  원시경도:126.957869
17:29:26  GPS채택:2194
17:29:26  GPS이상치거부:8
17:29:26  GPS품질거부:191
17:29:26  GPS재기준:1
17:29:26  RSSI원시:-79
17:29:26  RSSI평활:-78.7
17:29:26  RSSI샘플:30735
17:29:26  RSSI경과ms:73
17:29:26  차량수신:15220
17:29:26  시각ms:1641303
17:29:26  IMU시각ms:1641303
17:29:26  위험:0
17:29:26  GPS유효:1
17:29:26  위도:37.496643
17:29:26  경도:126.957870
17:29:26  속도:0.007
17:29:26  방향:188.0
17:29:26  GPS원시속도:0.005
17:29:26  GPS원시방향유효:1
17:29:26  GPS원시방향:187.0
17:29:26  가속도:4.166,-6.029,6.814
17:29:26  자이로:-2.290,0.115,0.420
17:29:26  자력계:-14.400,14.400,-0.150
17:29:26  송신:16029
17:29:26  GPS위성:6
17:29:26  GPS_HDOP:1.42
17:29:26  원시위도:37.496642
17:29:26  원시경도:126.957869
17:29:26  GPS채택:2194
17:29:26  GPS이상치거부:8
17:29:26  GPS품질거부:191
17:29:26  GPS재기준:1
17:29:26  RSSI원시:-78
17:29:26  RSSI평활:-78.3
17:29:26  RSSI샘플:30739
17:29:26  RSSI경과ms:35
17:29:26  차량수신:15222
17:29:27  시각ms:1641646
17:29:27  IMU시각ms:1641646
17:29:27  위험:0
17:29:27  GPS유효:1
17:29:27  위도:37.496643
17:29:27  경도:126.957870
17:29:27  속도:0.009
17:29:27  방향:188.0
17:29:27  GPS원시속도:0.010
17:29:27  GPS원시방향유효:1
17:29:27  GPS원시방향:187.0
17:29:27  가속도:4.013,-6.153,6.670
17:29:27  자이로:-3.496,1.466,-0.595
17:29:27  자력계:-16.050,14.550,0.300
17:29:27  송신:16033
17:29:27  GPS위성:6
17:29:27  GPS_HDOP:1.42
17:29:27  원시위도:37.496644
17:29:27  원시경도:126.957869
17:29:27  GPS채택:2196
17:29:27  GPS이상치거부:8
17:29:27  GPS품질거부:191
17:29:27  GPS재기준:1
17:29:27  RSSI원시:-79
17:29:27  RSSI평활:-78.7
17:29:27  RSSI샘플:30744
17:29:27  RSSI경과ms:62
17:29:27  차량수신:15225
17:29:27  시각ms:1641747
17:29:27  IMU시각ms:1641747
17:29:27  위험:0
17:29:27  GPS유효:1
17:29:27  위도:37.496643
17:29:27  경도:126.957870
17:29:27  속도:0.009
17:29:27  방향:188.0
17:29:27  GPS원시속도:0.010
17:29:27  GPS원시방향유효:1
17:29:27  GPS원시방향:187.0
17:29:27  가속도:4.022,-6.067,6.728
17:29:27  자이로:-0.916,0.145,-0.595
17:29:27  자력계:-13.650,13.500,-0.900
17:29:27  송신:16034
17:29:27  GPS위성:6
17:29:27  GPS_HDOP:1.42
17:29:27  원시위도:37.496644
17:29:27  원시경도:126.957869
17:29:27  GPS채택:2196
17:29:27  GPS이상치거부:8
17:29:27  GPS품질거부:191
17:29:27  GPS재기준:1
17:29:27  RSSI원시:-79
17:29:27  RSSI평활:-78.7
17:29:27  RSSI샘플:30746
17:29:27  RSSI경과ms:59
17:29:27  차량수신:15226
17:29:27  시각ms:1641868
17:29:27  IMU시각ms:1641868
17:29:27  위험:0
17:29:27  GPS유효:1
17:29:27  위도:37.496643
17:29:27  경도:126.957870
17:29:27  속도:0.009
17:29:27  방향:188.0
17:29:27  GPS원시속도:0.010
17:29:27  GPS원시방향유효:1
17:29:27  GPS원시방향:187.0
17:29:27  가속도:3.984,-6.014,6.737
17:29:27  자이로:-1.863,-0.626,-0.870
17:29:27  자력계:-13.050,13.050,0.600
17:29:27  송신:16035
17:29:27  GPS위성:6
17:29:27  GPS_HDOP:1.42
17:29:27  원시위도:37.496644
17:29:27  원시경도:126.957869
17:29:27  GPS채택:2196
17:29:27  GPS이상치거부:8
17:29:27  GPS품질거부:191
17:29:27  GPS재기준:1
17:29:27  RSSI원시:-79
17:29:27  RSSI평활:-78.8
17:29:27  RSSI샘플:30749
17:29:27  RSSI경과ms:26
17:29:27  차량수신:15227
17:29:27  시각ms:1641890
17:29:27  IMU시각ms:1641890
17:29:27  위험:0
17:29:27  GPS유효:1
17:29:27  위도:37.496643
17:29:27  경도:126.957870
17:29:27  속도:0.009
17:29:27  방향:188.0
17:29:27  GPS원시속도:0.010
17:29:27  GPS원시방향유효:1
17:29:27  GPS원시방향:187.0
17:29:27  가속도:3.979,-6.124,6.675
17:29:27  자이로:-0.985,-1.496,0.740
17:29:27  자력계:-14.250,12.600,0.600
17:29:27  송신:16035
17:29:27  GPS위성:6
17:29:27  GPS_HDOP:1.42
17:29:27  원시위도:37.496644
17:29:27  원시경도:126.957869
17:29:27  GPS채택:2196
17:29:27  GPS이상치거부:8
17:29:27  GPS품질거부:191
17:29:27  GPS재기준:1
17:29:27  RSSI원시:-79
17:29:27  RSSI평활:-78.8
17:29:27  RSSI샘플:30749
17:29:27  RSSI경과ms:48
17:29:27  차량수신:15227
