17:29:13  시각ms:1639366
17:29:13  IMU시각ms:1639354
17:29:13  위험:0
17:29:13  원시위험:0
17:29:13  GPS유효:1
17:29:13  위도:37.496569
17:29:13  경도:126.958056
17:29:13  속도:0.05
17:29:13  방향:178.0
17:29:13  GPS원시속도:0.103
17:29:13  GPS원시방향유효:1
17:29:13  GPS원시방향:182.8
17:29:13  가속도:-0.06,1.49,9.60
17:29:13  자이로:-1.0,-2.2,-0.5
17:29:13  자력계:-21.000,-31.500,-3.000
17:29:13  충격값:0.06
17:29:13  송신:15944
17:29:13  지팡이수신:15390
17:29:13  GPS위성:5
17:29:13  GPS_HDOP:1.80
17:29:13  원시위도:37.496550
17:29:13  원시경도:126.958050
17:29:13  GPS채택:670
17:29:13  GPS이상치거부:24
17:29:13  GPS품질거부:84
17:29:13  GPS재기준:6
17:29:13  계산거리:16.99
17:29:13  접근속도:-0.06
17:29:13  TTC:999.00
17:29:13  방향오차:106.9
17:29:13  전방여부:0
17:29:13  위험음성횟수:0
17:29:13  충격음성횟수:1
17:29:13  마지막위험음성:0
17:29:13  RSSI원시:-71
17:29:13  RSSI평활:-71.1
17:29:13  RSSI샘플:15390
17:29:13  RSSI경과ms:13
17:29:13  위험송신:15390
17:29:14  시각ms:1640361
17:29:14  IMU시각ms:1640361
17:29:14  위험:0
17:29:14  원시위험:0
17:29:14  GPS유효:1
17:29:14  위도:37.496566
17:29:14  경도:126.958055
17:29:14  속도:0.04
17:29:14  방향:178.0
17:29:14  GPS원시속도:0.005
17:29:14  GPS원시방향유효:1
17:29:14  GPS원시방향:182.8
17:29:14  가속도:0.01,1.51,9.49
17:29:14  자이로:1.6,-1.1,1.0
17:29:14  자력계:-20.550,-31.800,-1.050
17:29:14  충격값:0.13
17:29:14  송신:15953
17:29:14  지팡이수신:15399
17:29:14  GPS위성:5
17:29:14  GPS_HDOP:1.80
17:29:14  원시위도:37.496550
17:29:14  원시경도:126.958050
17:29:14  GPS채택:672
17:29:14  GPS이상치거부:24
17:29:14  GPS품질거부:84
17:29:14  GPS재기준:6
17:29:14  계산거리:16.99
17:29:14  접근속도:-0.03
17:29:14  TTC:999.00
17:29:14  방향오차:108.2
17:29:14  전방여부:0
17:29:14  위험음성횟수:0
17:29:14  충격음성횟수:1
17:29:14  마지막위험음성:0
17:29:14  RSSI원시:-70
17:29:14  RSSI평활:-71.1
17:29:14  RSSI샘플:15399
17:29:14  RSSI경과ms:96
17:29:14  위험송신:15399
17:29:14  시각ms:1640416
17:29:14  IMU시각ms:1640416
17:29:14  위험:0
17:29:14  원시위험:0
17:29:14  GPS유효:1
17:29:14  위도:37.496566
17:29:14  경도:126.958055
17:29:14  속도:0.04
17:29:14  방향:178.0
17:29:14  GPS원시속도:0.005
17:29:14  GPS원시방향유효:1
17:29:14  GPS원시방향:182.8
17:29:14  가속도:-0.05,1.43,9.65
17:29:14  자이로:0.2,-1.1,1.6
17:29:14  자력계:-20.550,-35.400,-1.500
17:29:14  충격값:0.15
17:29:14  송신:15954
17:29:14  지팡이수신:15400
17:29:14  GPS위성:5
17:29:14  GPS_HDOP:1.80
17:29:14  원시위도:37.496550
17:29:14  원시경도:126.958050
17:29:14  GPS채택:672
17:29:14  GPS이상치거부:24
17:29:14  GPS품질거부:84
17:29:14  GPS재기준:6
17:29:14  계산거리:16.99
17:29:14  접근속도:-0.03
17:29:14  TTC:999.00
17:29:14  방향오차:108.2
17:29:14  전방여부:0
17:29:14  위험음성횟수:0
17:29:14  충격음성횟수:1
17:29:14  마지막위험음성:0
17:29:14  RSSI원시:-70
17:29:14  RSSI평활:-70.9
17:29:14  RSSI샘플:15400
17:29:14  RSSI경과ms:47
17:29:14  위험송신:15400
17:29:15  시각ms:1641536
17:29:15  IMU시각ms:1641536
17:29:15  위험:0
17:29:15  원시위험:0
17:29:15  GPS유효:1
17:29:15  위도:37.496563
17:29:15  경도:126.958055
17:29:15  속도:0.01
17:29:15  방향:178.0
17:29:15  GPS원시속도:0.000
17:29:15  GPS원시방향유효:1
17:29:15  GPS원시방향:182.8
17:29:15  가속도:-0.14,1.48,9.58
17:29:15  자이로:0.4,-3.2,1.2
17:29:15  자력계:-22.050,-32.550,0.000
17:29:15  충격값:0.08
17:29:15  송신:15964
17:29:15  지팡이수신:15411
17:29:15  GPS위성:5
17:29:15  GPS_HDOP:1.80
17:29:15  원시위도:37.496550
17:29:15  원시경도:126.958050
17:29:15  GPS채택:674
17:29:15  GPS이상치거부:24
17:29:15  GPS품질거부:84
17:29:15  GPS재기준:6
17:29:15  계산거리:17.13
17:29:15  접근속도:-0.10
17:29:15  TTC:999.00
17:29:15  방향오차:110.1
17:29:15  전방여부:0
17:29:15  위험음성횟수:0
17:29:15  충격음성횟수:1
17:29:15  마지막위험음성:0
17:29:15  RSSI원시:-74
17:29:15  RSSI평활:-73.5
17:29:15  RSSI샘플:15411
17:29:15  RSSI경과ms:50
17:29:15  위험송신:15411
17:29:17  시각ms:1642905
17:29:17  IMU시각ms:1642905
17:29:17  위험:0
17:29:17  원시위험:0
17:29:17  GPS유효:1
17:29:17  위도:37.496560
17:29:17  경도:126.958054
17:29:17  속도:0.00
17:29:17  방향:178.0
17:29:17  GPS원시속도:0.000
17:29:17  GPS원시방향유효:1
17:29:17  GPS원시방향:182.8
17:29:17  가속도:-0.06,1.58,9.56
17:29:17  자이로:-0.8,-0.6,0.6
17:29:17  자력계:-22.050,-33.000,-1.500
17:29:17  충격값:0.04
17:29:17  송신:15977
17:29:17  지팡이수신:15424
17:29:17  GPS위성:6
17:29:17  GPS_HDOP:1.40
17:29:17  원시위도:37.496550
17:29:17  원시경도:126.958050
17:29:17  GPS채택:677
17:29:17  GPS이상치거부:24
17:29:17  GPS품질거부:84
17:29:17  GPS재기준:6
17:29:17  계산거리:17.30
17:29:17  접근속도:-0.10
17:29:17  TTC:999.00
17:29:17  방향오차:111.4
17:29:17  전방여부:0
17:29:17  위험음성횟수:0
17:29:17  충격음성횟수:1
17:29:17  마지막위험음성:0
17:29:17  RSSI원시:-71
17:29:17  RSSI평활:-71.6
17:29:17  RSSI샘플:15424
17:29:17  RSSI경과ms:84
17:29:17  위험송신:15424
17:29:17  시각ms:1643115
17:29:17  IMU시각ms:1643115
17:29:17  위험:0
17:29:17  원시위험:0
17:29:17  GPS유효:1
17:29:17  위도:37.496559
17:29:17  경도:126.958053
17:29:17  속도:0.00
17:29:17  방향:178.0
17:29:17  GPS원시속도:0.000
17:29:17  GPS원시방향유효:1
17:29:17  GPS원시방향:182.8
17:29:17  가속도:-0.07,1.56,9.62
17:29:17  자이로:1.7,-1.4,1.6
17:29:17  자력계:-21.900,-34.050,-2.400
17:29:17  충격값:0.05
17:29:17  송신:15979
17:29:17  지팡이수신:15426
17:29:17  GPS위성:6
17:29:17  GPS_HDOP:1.40
17:29:17  원시위도:37.496550
17:29:17  원시경도:126.958050
17:29:17  GPS채택:678
17:29:17  GPS이상치거부:24
17:29:17  GPS품질거부:84
17:29:17  GPS재기준:6
17:29:17  계산거리:17.31
17:29:17  접근속도:-0.10
17:29:17  TTC:999.00
17:29:17  방향오차:112.6
17:29:17  전방여부:0
17:29:17  위험음성횟수:0
17:29:17  충격음성횟수:1
17:29:17  마지막위험음성:0
17:29:17  RSSI원시:-73
17:29:17  RSSI평활:-72.1
17:29:17  RSSI샘플:15426
17:29:17  RSSI경과ms:96
17:29:17  위험송신:15426
17:29:19  시각ms:1644934
17:29:19  IMU시각ms:1644934
17:29:19  위험:0
17:29:19  원시위험:0
17:29:19  GPS유효:1
17:29:19  위도:37.496557
17:29:19  경도:126.958052
17:29:19  속도:0.00
17:29:19  방향:178.0
17:29:19  GPS원시속도:0.000
17:29:19  GPS원시방향유효:1
17:29:19  GPS원시방향:182.8
17:29:19  가속도:-0.20,1.64,9.51
17:29:19  자이로:-0.7,0.1,1.1
17:29:19  자력계:-21.750,-32.550,-2.250
17:29:19  충격값:0.15
17:29:19  송신:15996
17:29:19  지팡이수신:15444
17:29:19  GPS위성:6
17:29:19  GPS_HDOP:1.40
17:29:19  원시위도:37.496550
17:29:19  원시경도:126.958050
17:29:19  GPS채택:681
17:29:19  GPS이상치거부:24
17:29:19  GPS품질거부:84
17:29:19  GPS재기준:6
17:29:19  계산거리:17.50
17:29:19  접근속도:-0.14
17:29:19  TTC:999.00
17:29:19  방향오차:114.4
17:29:19  전방여부:0
17:29:19  위험음성횟수:0
17:29:19  충격음성횟수:1
17:29:19  마지막위험음성:0
17:29:19  RSSI원시:-71
17:29:19  RSSI평활:-71.4
17:29:19  RSSI샘플:15444
17:29:19  RSSI경과ms:70
17:29:19  위험송신:15444
17:29:21  시각ms:1646829
17:29:21  IMU시각ms:1646829
17:29:21  위험:0
17:29:21  원시위험:0
17:29:21  GPS유효:1
17:29:21  위도:37.496556
17:29:21  경도:126.958052
17:29:21  속도:0.00
17:29:21  방향:178.0
17:29:21  GPS원시속도:0.000
17:29:21  GPS원시방향유효:1
17:29:21  GPS원시방향:182.8
17:29:21  가속도:-0.11,1.52,9.64
17:29:21  자이로:0.8,-3.2,-0.4
17:29:21  자력계:-20.550,-32.550,-1.050
17:29:21  충격값:0.07
17:29:21  송신:16014
17:29:21  지팡이수신:15462
17:29:21  GPS위성:6
17:29:21  GPS_HDOP:1.40
17:29:21  원시위도:37.496550
17:29:21  원시경도:126.958048
17:29:21  GPS채택:684
17:29:21  GPS이상치거부:24
17:29:21  GPS품질거부:84
17:29:21  GPS재기준:6
17:29:21  계산거리:17.88
17:29:21  접근속도:-0.17
17:29:21  TTC:999.00
17:29:21  방향오차:119.0
17:29:21  전방여부:0
17:29:21  위험음성횟수:0
17:29:21  충격음성횟수:1
17:29:21  마지막위험음성:0
17:29:21  RSSI원시:-74
17:29:21  RSSI평활:-72.7
17:29:21  RSSI샘플:15462
17:29:21  RSSI경과ms:41
17:29:21  위험송신:15462
17:29:22  시각ms:1648308
17:29:22  IMU시각ms:1648297
17:29:22  위험:0
17:29:22  원시위험:0
17:29:22  GPS유효:1
17:29:22  위도:37.496554
17:29:22  경도:126.958051
17:29:22  속도:0.00
17:29:22  방향:178.0
17:29:22  GPS원시속도:0.000
17:29:22  GPS원시방향유효:1
17:29:22  GPS원시방향:182.8
17:29:22  가속도:-0.11,1.64,9.60
17:29:22  자이로:1.8,-3.0,-1.1
17:29:22  자력계:-23.100,-33.150,-1.650
17:29:22  충격값:0.08
17:29:22  송신:16028
17:29:22  지팡이수신:15476
17:29:22  GPS위성:6
17:29:22  GPS_HDOP:1.40
17:29:22  원시위도:37.496550
17:29:22  원시경도:126.958048
17:29:22  GPS채택:688
17:29:22  GPS이상치거부:24
17:29:22  GPS품질거부:84
17:29:22  GPS재기준:6
17:29:22  계산거리:18.09
17:29:22  접근속도:-0.18
17:29:22  TTC:999.00
17:29:22  방향오차:120.2
17:29:22  전방여부:0
17:29:22  위험음성횟수:0
17:29:22  충격음성횟수:1
17:29:22  마지막위험음성:0
17:29:22  RSSI원시:-76
17:29:22  RSSI평활:-75.6
17:29:22  RSSI샘플:15476
17:29:22  RSSI경과ms:6
17:29:22  위험송신:15475
17:29:24  시각ms:1649807
17:29:24  IMU시각ms:1649806
17:29:24  위험:0
17:29:24  원시위험:0
17:29:24  GPS유효:1
17:29:24  위도:37.496553
17:29:24  경도:126.958050
17:29:24  속도:0.00
17:29:24  방향:178.0
17:29:24  GPS원시속도:0.000
17:29:24  GPS원시방향유효:1
17:29:24  GPS원시방향:182.8
17:29:24  가속도:-0.14,1.46,9.63
17:29:24  자이로:-0.1,-0.7,2.1
17:29:24  자력계:-20.550,-33.750,-1.050
17:29:24  충격값:0.11
17:29:24  송신:16043
17:29:24  지팡이수신:15489
17:29:24  GPS위성:6
17:29:24  GPS_HDOP:1.40
17:29:24  원시위도:37.496550
17:29:24  원시경도:126.958048
17:29:24  GPS채택:690
17:29:24  GPS이상치거부:24
17:29:24  GPS품질거부:84
17:29:24  GPS재기준:6
17:29:24  계산거리:18.30
17:29:24  접근속도:-0.15
17:29:24  TTC:999.00
17:29:24  방향오차:122.4
17:29:24  전방여부:0
17:29:24  위험음성횟수:0
17:29:24  충격음성횟수:1
17:29:24  마지막위험음성:0
17:29:24  RSSI원시:-75
17:29:24  RSSI평활:-75.7
17:29:24  RSSI샘플:15489
17:29:24  RSSI경과ms:69
17:29:24  위험송신:15489
17:29:25  시각ms:1651555
17:29:25  IMU시각ms:1651555
17:29:25  위험:0
17:29:25  원시위험:0
17:29:25  GPS유효:1
17:29:25  위도:37.496552
17:29:25  경도:126.958050
17:29:25  속도:0.00
17:29:25  방향:178.0
17:29:25  GPS원시속도:0.000
17:29:25  GPS원시방향유효:1
17:29:25  GPS원시방향:182.8
17:29:25  가속도:-0.01,1.50,9.54
17:29:25  자이로:1.3,-0.7,-2.8
17:29:25  자력계:-21.000,-33.000,-2.250
17:29:25  충격값:0.09
17:29:25  송신:16059
17:29:25  지팡이수신:15506
17:29:25  GPS위성:6
17:29:25  GPS_HDOP:1.40
17:29:25  원시위도:37.496550
17:29:25  원시경도:126.958048
17:29:25  GPS채택:694
17:29:25  GPS이상치거부:24
17:29:25  GPS품질거부:84
17:29:25  GPS재기준:6
17:29:25  계산거리:18.53
17:29:25  접근속도:-0.18
17:29:25  TTC:999.00
17:29:25  방향오차:123.5
17:29:25  전방여부:0
17:29:25  위험음성횟수:0
17:29:25  충격음성횟수:1
17:29:25  마지막위험음성:0
17:29:25  RSSI원시:-76
17:29:25  RSSI평활:-76.2
17:29:25  RSSI샘플:15506
17:29:25  RSSI경과ms:94
17:29:25  위험송신:15506
