15:03:42  위험:0
15:03:42  GPS유효:1
15:03:42  위도:37.496540
15:03:42  경도:126.957832
15:03:42  속도:0.25
15:03:42  방향:278.3
15:03:42  가속도:-1.72,3.07,9.05
15:03:42  송신:23400
15:03:42  GPS위성:7
15:03:42  GPS_HDOP:1.25
15:03:42  원시위도:37.496539
15:03:42  원시경도:126.957828
15:03:42  GPS채택:3902
15:03:42  GPS이상치거부:3
15:03:42  GPS품질거부:28
15:03:42  GPS재기준:1
15:03:42  차량수신:22142
15:03:44  위험:1
15:03:44  GPS유효:1
15:03:44  위도:37.496540
15:03:44  경도:126.957817
15:03:44  속도:0.37
15:03:44  방향:278.3
15:03:44  가속도:16.75,-8.94,16.45
15:03:44  송신:23420
15:03:44  GPS위성:8
15:03:44  GPS_HDOP:1.25
15:03:44  원시위도:37.496542
15:03:44  원시경도:126.957815
15:03:44  GPS채택:3906
15:03:44  GPS이상치거부:3
15:03:44  GPS품질거부:28
15:03:44  GPS재기준:1
15:03:44  차량수신:22158
15:03:45  위험:1
15:03:45  GPS유효:1
15:03:45  위도:37.496548
15:03:45  경도:126.957817
15:03:45  속도:0.21
15:03:45  방향:278.3
15:03:45  가속도:-1.63,3.21,9.00
15:03:45  송신:23429
15:03:45  GPS위성:9
15:03:45  GPS_HDOP:1.25
15:03:45  원시위도:37.496549
15:03:45  원시경도:126.957823
15:03:45  GPS채택:3908
15:03:45  GPS이상치거부:3
15:03:45  GPS품질거부:28
15:03:45  GPS재기준:1
15:03:45  차량수신:22167
15:03:49  위험:1
15:03:49  GPS유효:1
15:03:49  위도:37.496555
15:03:49  경도:126.957840
15:03:49  속도:0.19
15:03:49  방향:278.3
15:03:49  가속도:-1.74,3.22,8.94
15:03:49  송신:23469
15:03:49  GPS위성:8
15:03:49  GPS_HDOP:1.03
15:03:49  원시위도:37.496558
15:03:49  원시경도:126.957847
15:03:49  GPS채택:3916
15:03:49  GPS이상치거부:3
15:03:49  GPS품질거부:28
15:03:49  GPS재기준:1
15:03:49  차량수신:22204
15:03:50  위험:1
15:03:50  GPS유효:1
15:03:50  위도:37.496559
15:03:50  경도:126.957848
15:03:50  속도:0.16
15:03:50  방향:278.3
15:03:50  가속도:9.46,2.66,18.63
15:03:50  송신:23478
15:03:50  GPS위성:9
15:03:50  GPS_HDOP:1.07
15:03:50  원시위도:37.496560
15:03:50  원시경도:126.957853
15:03:50  GPS채택:3918
15:03:50  GPS이상치거부:3
15:03:50  GPS품질거부:28
15:03:50  GPS재기준:1
15:03:50  차량수신:22214
15:03:52  위험:0
15:03:52  GPS유효:1
15:03:52  위도:37.496563
15:03:52  경도:126.957863
15:03:52  속도:0.11
15:03:52  방향:278.3
15:03:52  가속도:-1.51,3.27,9.05
15:03:52  송신:23498
15:03:52  GPS위성:8
15:03:52  GPS_HDOP:1.07
15:03:52  원시위도:37.496566
15:03:52  원시경도:126.957867
15:03:52  GPS채택:3922
15:03:52  GPS이상치거부:3
15:03:52  GPS품질거부:28
15:03:52  GPS재기준:1
15:03:52  차량수신:22233
15:03:53  위험:0
15:03:53  GPS유효:1
15:03:53  위도:37.496571
15:03:53  경도:126.957870
15:03:53  속도:0.07
15:03:53  방향:278.3
15:03:53  가속도:-1.62,3.23,9.10
15:03:53  송신:23508
15:03:53  GPS위성:9
15:03:53  GPS_HDOP:1.13
15:03:53  원시위도:37.496571
15:03:53  원시경도:126.957872
15:03:53  GPS채택:3924
15:03:53  GPS이상치거부:3
15:03:53  GPS품질거부:28
15:03:53  GPS재기준:1
15:03:53  차량수신:22243
15:03:54  위험:0
15:03:54  GPS유효:1
15:03:54  위도:37.496574
15:03:54  경도:126.957878
15:03:54  속도:0.13
15:03:54  방향:278.3
15:03:54  가속도:-1.79,3.13,9.01
15:03:54  송신:23518
15:03:54  GPS위성:9
15:03:54  GPS_HDOP:1.05
15:03:54  원시위도:37.496574
15:03:54  원시경도:126.957879
15:03:54  GPS채택:3926
15:03:54  GPS이상치거부:3
15:03:54  GPS품질거부:28
15:03:54  GPS재기준:1
15:03:54  차량수신:22253
15:03:56  위험:0
15:03:56  GPS유효:1
15:03:56  위도:37.496578
15:03:56  경도:126.957886
15:03:56  속도:0.21
15:03:56  방향:278.3
15:03:56  가속도:-1.81,3.19,8.97
15:03:56  송신:23537
15:03:56  GPS위성:9
15:03:56  GPS_HDOP:1.03
15:03:56  원시위도:37.496581
15:03:56  원시경도:126.957886
15:03:56  GPS채택:3930
15:03:56  GPS이상치거부:3
15:03:56  GPS품질거부:28
15:03:56  GPS재기준:1
15:03:56  차량수신:22271
