15:03:42  위험:0
15:03:42  GPS유효:1
15:03:42  위도:37.496482
15:03:42  경도:126.958016
15:03:42  속도:0.41
15:03:42  방향:183.3
15:03:42  가속도:-2.12,4.02,7.97
15:03:42  자이로:31.7,7.8,6.6
15:03:42  충격값:3.28
15:03:42  송신:26587
15:03:42  지팡이수신:25905
15:03:42  GPS위성:5
15:03:42  GPS_HDOP:1.60
15:03:42  원시위도:37.496480
15:03:42  원시경도:126.958017
15:03:42  GPS채택:3340
15:03:42  GPS이상치거부:4
15:03:42  GPS품질거부:350
15:03:42  GPS재기준:1
15:03:42  위험송신:25905
15:03:46  위험:0
15:03:46  GPS유효:1
15:03:46  위도:37.496575
15:03:46  경도:126.958039
15:03:46  속도:1.25
15:03:46  방향:44.0
15:03:46  가속도:8.98,7.17,19.61
15:03:46  자이로:-78.9,-10.8,15.0
15:03:46  충격값:15.28
15:03:46  송신:26626
15:03:46  지팡이수신:25937
15:03:46  GPS위성:5
15:03:46  GPS_HDOP:1.60
15:03:46  원시위도:37.496567
15:03:46  원시경도:126.958035
15:03:46  GPS채택:3348
15:03:46  GPS이상치거부:4
15:03:46  GPS품질거부:350
15:03:46  GPS재기준:1
15:03:46  위험송신:25937
15:03:47  위험:0
15:03:47  GPS유효:1
15:03:47  위도:37.496588
15:03:47  경도:126.958047
15:03:47  속도:1.18
15:03:47  방향:34.9
15:03:47  가속도:-8.29,-8.10,3.49
15:03:47  자이로:-19.6,4.5,-12.5
15:03:47  충격값:13.96
15:03:47  송신:26636
15:03:47  지팡이수신:25945
15:03:47  GPS위성:5
15:03:47  GPS_HDOP:1.60
15:03:47  원시위도:37.496582
15:03:47  원시경도:126.958043
15:03:47  GPS채택:3350
15:03:47  GPS이상치거부:4
15:03:47  GPS품질거부:350
15:03:47  GPS재기준:1
15:03:47  위험송신:25945
15:03:49  위험:0
15:03:49  GPS유효:1
15:03:49  위도:37.496604
15:03:49  경도:126.958057
15:03:49  속도:1.04
15:03:49  방향:30.5
15:03:49  가속도:-7.50,-14.03,-2.40
15:03:49  자이로:5.3,8.2,-3.3
15:03:49  충격값:19.75
15:03:49  송신:26655
15:03:49  지팡이수신:25964
15:03:49  GPS위성:5
15:03:49  GPS_HDOP:1.60
15:03:49  원시위도:37.496600
15:03:50  원시경도:126.958055
15:03:50  GPS채택:3354
15:03:50  GPS이상치거부:4
15:03:50  GPS품질거부:350
15:03:50  GPS재기준:1
15:03:50  위험송신:25964
15:03:51  위험:0
15:03:52  GPS유효:1
15:03:52  위도:37.496619
15:03:52  경도:126.958060
15:03:52  속도:0.78
15:03:52  방향:30.5
15:03:52  가속도:8.46,16.34,13.70
15:03:52  자이로:-5.2,-16.2,77.8
15:03:52  충격값:18.48
15:03:52  송신:26675
15:03:52  지팡이수신:25982
15:03:52  GPS위성:5
15:03:52  GPS_HDOP:1.60
15:03:52  원시위도:37.496615
15:03:52  원시경도:126.958058
15:03:52  GPS채택:3358
15:03:52  GPS이상치거부:4
15:03:52  GPS품질거부:350
15:03:52  GPS재기준:1
15:03:52  위험송신:25982
15:03:53  위험:1
15:03:53  GPS유효:1
15:03:53  위도:37.496624
15:03:53  경도:126.958055
15:03:53  속도:0.46
15:03:53  방향:30.5
15:03:53  가속도:-0.23,0.79,11.06
15:03:53  자이로:6.5,-1.7,-0.9
15:03:53  충격값:1.70
15:03:53  송신:26694
15:03:53  지팡이수신:26002
15:03:53  GPS위성:5
15:03:53  GPS_HDOP:1.60
15:03:53  원시위도:37.496622
15:03:53  원시경도:126.958055
15:03:53  GPS채택:3362
15:03:53  GPS이상치거부:4
15:03:53  GPS품질거부:350
15:03:53  GPS재기준:1
15:03:54  위험송신:26002
