19:13:31  시각ms:692433
19:13:31  IMU시각ms:692421
19:13:31  위험:0
19:13:31  GPS유효:1
19:13:31  위도:37.496777
19:13:31  경도:126.957710
19:13:31  속도:0.291
19:13:31  방향:0.0
19:13:31  GPS원시속도:0.262
19:13:31  GPS원시방향유효:1
19:13:31  GPS원시방향:340.5
19:13:31  가속도:5.550,6.335,4.128
19:13:31  자이로:8.618,35.496,-8.748
19:13:31  자력계:-49.050,53.400,9.750
19:13:31  IMU방향유효:0
19:13:31  IMU방향:194.2
19:13:31  방향가속도크기:9.38
19:13:31  방향자이로크기:37.56
19:13:31  방향자세cos:0.9671
19:13:31  자기모델잔차:0.47
19:13:31  자기모델반경:1.034
19:13:31  방향채택:19591
19:13:31  방향거부:66411
19:13:31  송신:6623
19:13:31  GPS위성:6
19:13:31  GPS_HDOP:1.59
19:13:31  원시위도:37.496774
19:13:31  원시경도:126.957716
19:13:31  GPS채택:671
19:13:31  GPS이상치거부:0
19:13:31  GPS품질거부:411
19:13:31  GPS재기준:0
19:13:31  RSSI원시:-69
19:13:31  RSSI평활:-71.1
19:13:31  RSSI샘플:13146
19:13:31  RSSI경과ms:3
19:13:31  차량수신:6578
19:13:32  시각ms:693265
19:13:32  IMU시각ms:693253
19:13:32  위험:0
19:13:32  GPS유효:1
19:13:32  위도:37.496769
19:13:32  경도:126.957710
19:13:32  속도:0.370
19:13:32  방향:196.8
19:13:32  GPS원시속도:0.427
19:13:32  GPS원시방향유효:1
19:13:32  GPS원시방향:340.5
19:13:32  가속도:5.090,6.096,4.156
19:13:32  자이로:-40.771,-23.107,-0.656
19:13:32  자력계:-30.000,67.200,14.850
19:13:32  IMU방향유효:1
19:13:32  IMU방향:196.8
19:13:32  방향가속도크기:8.96
19:13:32  방향자이로크기:46.87
19:13:32  방향자세cos:0.8817
19:13:32  자기모델잔차:4.29
19:13:32  자기모델반경:0.826
19:13:32  방향채택:19604
19:13:32  방향거부:66502
19:13:32  송신:6631
19:13:32  GPS위성:6
19:13:32  GPS_HDOP:1.59
19:13:32  원시위도:37.496767
19:13:32  원시경도:126.957709
19:13:32  GPS채택:673
19:13:32  GPS이상치거부:0
19:13:32  GPS품질거부:411
19:13:32  GPS재기준:0
19:13:32  RSSI원시:-69
19:13:32  RSSI평활:-70.2
19:13:32  RSSI샘플:13162
19:13:32  RSSI경과ms:1
19:13:32  차량수신:6586
19:13:33  시각ms:693577
19:13:33  IMU시각ms:693565
19:13:33  위험:0
19:13:33  GPS유효:1
19:13:33  위도:37.496769
19:13:33  경도:126.957710
19:13:33  속도:0.370
19:13:33  방향:177.9
19:13:33  GPS원시속도:0.427
19:13:33  GPS원시방향유효:1
19:13:33  GPS원시방향:340.5
19:13:33  가속도:4.999,6.115,5.478
19:13:33  자이로:-8.733,-3.878,1.885
19:13:33  자력계:-29.700,60.900,14.700
19:13:33  IMU방향유효:1
19:13:33  IMU방향:177.9
19:13:33  방향가속도크기:9.61
19:13:33  방향자이로크기:9.74
19:13:33  방향자세cos:0.9879
19:13:33  자기모델잔차:0.44
19:13:33  자기모델반경:1.084
19:13:33  방향채택:19611
19:13:33  방향거부:66534
19:13:33  송신:6634
19:13:33  GPS위성:6
19:13:33  GPS_HDOP:1.59
19:13:33  원시위도:37.496767
19:13:33  원시경도:126.957709
19:13:33  GPS채택:673
19:13:33  GPS이상치거부:0
19:13:33  GPS품질거부:411
19:13:33  GPS재기준:0
19:13:33  RSSI원시:-69
19:13:33  RSSI평활:-68.6
19:13:33  RSSI샘플:13167
19:13:33  RSSI경과ms:59
19:13:33  차량수신:6589
19:13:33  시각ms:693682
19:13:33  IMU시각ms:693670
19:13:33  위험:0
19:13:33  GPS유효:1
19:13:33  위도:37.496765
19:13:33  경도:126.957710
19:13:33  속도:0.282
19:13:33  방향:177.9
19:13:33  GPS원시속도:0.118
19:13:33  GPS원시방향유효:1
19:13:33  GPS원시방향:340.5
19:13:33  가속도:5.080,5.885,4.942
19:13:33  자이로:-62.985,-59.168,1.740
19:13:33  자력계:-31.650,60.150,15.150
19:13:33  IMU방향유효:1
19:13:33  IMU방향:177.9
19:13:33  방향가속도크기:9.21
19:13:33  방향자이로크기:86.43
19:13:33  방향자세cos:0.9695
19:13:33  자기모델잔차:0.44
19:13:33  자기모델반경:1.084
19:13:33  방향채택:19611
19:13:33  방향거부:66547
19:13:33  송신:6635
19:13:33  GPS위성:6
19:13:33  GPS_HDOP:1.59
19:13:33  원시위도:37.496761
19:13:33  원시경도:126.957712
19:13:33  GPS채택:674
19:13:33  GPS이상치거부:0
19:13:33  GPS품질거부:411
19:13:33  GPS재기준:0
19:13:33  RSSI원시:-68
19:13:33  RSSI평활:-68.4
19:13:33  RSSI샘플:13169
19:13:33  RSSI경과ms:57
19:13:33  차량수신:6590
19:13:33  시각ms:693787
19:13:33  IMU시각ms:693775
19:13:33  위험:0
19:13:33  GPS유효:1
19:13:33  위도:37.496765
19:13:33  경도:126.957710
19:13:33  속도:0.224
19:13:33  방향:177.8
19:13:33  GPS원시속도:0.118
19:13:33  GPS원시방향유효:1
19:13:33  GPS원시방향:340.5
19:13:33  가속도:5.765,5.071,6.646
19:13:33  자이로:-27.802,-31.023,-2.725
19:13:33  자력계:-38.250,54.450,14.850
19:13:33  IMU방향유효:1
19:13:33  IMU방향:177.8
19:13:33  방향가속도크기:10.16
19:13:33  방향자이로크기:41.75
19:13:33  방향자세cos:0.9997
19:13:33  자기모델잔차:1.45
19:13:33  자기모델반경:1.020
19:13:33  방향채택:19613
19:13:33  방향거부:66558
19:13:33  송신:6636
19:13:33  GPS위성:6
19:13:33  GPS_HDOP:1.59
19:13:33  원시위도:37.496761
19:13:33  원시경도:126.957712
19:13:33  GPS채택:675
19:13:33  GPS이상치거부:0
19:13:33  GPS품질거부:411
19:13:33  GPS재기준:0
19:13:33  RSSI원시:-68
19:13:33  RSSI평활:-68.1
19:13:33  RSSI샘플:13171
19:13:33  RSSI경과ms:54
19:13:33  차량수신:6591
19:13:33  시각ms:693892
19:13:33  IMU시각ms:693880
19:13:33  위험:0
19:13:33  GPS유효:1
19:13:33  위도:37.496765
19:13:33  경도:126.957710
19:13:33  속도:0.224
19:13:33  방향:178.1
19:13:33  GPS원시속도:0.118
19:13:33  GPS원시방향유효:1
19:13:33  GPS원시방향:340.5
19:13:33  가속도:5.301,5.454,5.703
19:13:33  자이로:18.634,16.038,-3.405
19:13:33  자력계:-39.450,53.100,15.450
19:13:33  IMU방향유효:1
19:13:33  IMU방향:178.1
19:13:33  방향가속도크기:9.51
19:13:33  방향자이로크기:24.82
19:13:33  방향자세cos:0.9970
19:13:33  자기모델잔차:1.87
19:13:33  자기모델반경:1.044
19:13:33  방향채택:19626
19:13:33  방향거부:66558
19:13:33  송신:6637
19:13:33  GPS위성:6
19:13:33  GPS_HDOP:1.59
19:13:33  원시위도:37.496761
19:13:33  원시경도:126.957712
19:13:33  GPS채택:675
19:13:33  GPS이상치거부:0
19:13:33  GPS품질거부:411
19:13:33  GPS재기준:0
19:13:33  RSSI원시:-66
19:13:33  RSSI평활:-67.8
19:13:33  RSSI샘플:13173
19:13:33  RSSI경과ms:56
19:13:33  차량수신:6592
19:13:33  시각ms:694206
19:13:33  IMU시각ms:694194
19:13:33  위험:0
19:13:33  GPS유효:1
19:13:33  위도:37.496765
19:13:33  경도:126.957710
19:13:33  속도:0.224
19:13:33  방향:179.1
19:13:33  GPS원시속도:0.118
19:13:33  GPS원시방향유효:1
19:13:33  GPS원시방향:340.5
19:13:33  가속도:5.928,5.080,6.120
19:13:33  자이로:-0.985,-4.573,-1.672
19:13:33  자력계:-42.750,48.750,14.550
19:13:33  IMU방향유효:1
19:13:33  IMU방향:179.1
19:13:33  방향가속도크기:9.92
19:13:33  방향자이로크기:4.97
19:13:33  방향자세cos:0.9997
19:13:33  자기모델잔차:1.06
19:13:33  자기모델반경:1.072
19:13:33  방향채택:19654
19:13:33  방향거부:66569
19:13:33  송신:6640
19:13:33  GPS위성:6
19:13:33  GPS_HDOP:1.59
19:13:33  원시위도:37.496761
19:13:33  원시경도:126.957712
19:13:33  GPS채택:675
19:13:33  GPS이상치거부:0
19:13:33  GPS품질거부:411
19:13:33  GPS재기준:0
19:13:33  RSSI원시:-64
19:13:33  RSSI평활:-65.2
19:13:33  RSSI샘플:13179
19:13:33  RSSI경과ms:2
19:13:33  차량수신:6594
19:13:34  시각ms:694518
19:13:34  IMU시각ms:694506
19:13:34  위험:0
19:13:34  GPS유효:1
19:13:34  위도:37.496765
19:13:34  경도:126.957710
19:13:34  속도:0.224
19:13:34  방향:182.0
19:13:34  GPS원시속도:0.118
19:13:34  GPS원시방향유효:1
19:13:34  GPS원시방향:340.5
19:13:34  가속도:5.679,4.511,3.443
19:13:34  자이로:-7.321,-8.519,-1.969
19:13:34  자력계:-41.550,48.000,13.500
19:13:34  IMU방향유효:1
19:13:34  IMU방향:182.0
19:13:34  방향가속도크기:8.03
19:13:34  방향자이로크기:11.40
19:13:34  방향자세cos:0.9696
19:13:34  자기모델잔차:0.68
19:13:34  자기모델반경:1.074
19:13:34  방향채택:19692
19:13:34  방향거부:66570
19:13:34  송신:6643
19:13:34  GPS위성:6
19:13:34  GPS_HDOP:1.59
19:13:34  원시위도:37.496761
19:13:34  원시경도:126.957712
19:13:34  GPS채택:675
19:13:34  GPS이상치거부:0
19:13:34  GPS품질거부:411
19:13:34  GPS재기준:0
19:13:34  RSSI원시:-63
19:13:34  RSSI평활:-64.0
19:13:34  RSSI샘플:13185
19:13:34  RSSI경과ms:8
19:13:34  차량수신:6597
19:13:34  시각ms:694936
19:13:34  IMU시각ms:694924
19:13:34  위험:0
19:13:34  GPS유효:1
19:13:34  위도:37.496769
19:13:34  경도:126.957710
19:13:34  속도:0.139
19:13:34  방향:187.0
19:13:34  GPS원시속도:0.077
19:13:34  GPS원시방향유효:1
19:13:34  GPS원시방향:340.5
19:13:34  가속도:5.990,4.884,5.665
19:13:34  자이로:6.008,3.863,0.794
19:13:34  자력계:-43.950,46.950,12.600
19:13:34  IMU방향유효:1
19:13:34  IMU방향:187.0
19:13:34  방향가속도크기:9.58
19:13:34  방향자이로크기:7.19
19:13:34  방향자세cos:0.9981
19:13:34  자기모델잔차:0.40
19:13:34  자기모델반경:1.056
19:13:34  방향채택:19744
19:13:34  방향거부:66570
19:13:34  송신:6647
19:13:34  GPS위성:6
19:13:34  GPS_HDOP:1.59
19:13:34  원시위도:37.496769
19:13:34  원시경도:126.957715
19:13:34  GPS채택:677
19:13:34  GPS이상치거부:0
19:13:34  GPS품질거부:411
19:13:34  GPS재기준:0
19:13:34  RSSI원시:-63
19:13:34  RSSI평활:-63.3
19:13:34  RSSI샘플:13191
19:13:34  RSSI경과ms:51
19:13:34  차량수신:6600
19:13:34  시각ms:695249
19:13:34  IMU시각ms:695237
19:13:34  위험:0
19:13:34  GPS유효:1
19:13:34  위도:37.496769
19:13:34  경도:126.957710
19:13:34  속도:0.139
19:13:34  방향:189.6
19:13:34  GPS원시속도:0.077
19:13:34  GPS원시방향유효:1
19:13:34  GPS원시방향:340.5
19:13:34  가속도:6.407,4.496,5.061
19:13:34  자이로:0.359,-1.137,-2.702
19:13:34  자력계:-46.050,46.500,12.300
19:13:34  IMU방향유효:1
19:13:34  IMU방향:189.6
19:13:34  방향가속도크기:9.32
19:13:34  방향자이로크기:2.95
19:13:34  방향자세cos:0.9899
19:13:34  자기모델잔차:0.40
19:13:34  자기모델반경:1.047
19:13:34  방향채택:19782
19:13:34  방향거부:66571
19:13:34  송신:6650
19:13:34  GPS위성:6
19:13:34  GPS_HDOP:1.59
19:13:34  원시위도:37.496769
19:13:34  원시경도:126.957715
19:13:34  GPS채택:677
19:13:34  GPS이상치거부:0
19:13:34  GPS품질거부:411
19:13:34  GPS재기준:0
19:13:34  RSSI원시:-63
19:13:34  RSSI평활:-63.6
19:13:34  RSSI샘플:13197
19:13:34  RSSI경과ms:48
19:13:34  차량수신:6603
19:13:35  시각ms:695665
19:13:35  IMU시각ms:695653
19:13:35  위험:0
19:13:35  GPS유효:1
19:13:35  위도:37.496769
19:13:35  경도:126.957718
19:13:35  속도:0.119
19:13:35  방향:190.6
19:13:35  GPS원시속도:0.082
19:13:35  GPS원시방향유효:1
19:13:35  GPS원시방향:340.5
19:13:35  가속도:7.590,2.677,1.058
19:13:35  자이로:-210.183,-220.214,-4.565
19:13:35  자력계:-64.800,28.350,-5.400
19:13:35  IMU방향유효:1
19:13:35  IMU방향:190.6
19:13:35  방향가속도크기:8.12
19:13:35  방향자이로크기:304.45
19:13:35  방향자세cos:0.9996
19:13:35  자기모델잔차:0.73
19:13:35  자기모델반경:1.061
19:13:35  방향채택:19806
19:13:35  방향거부:66599
19:13:35  송신:6654
19:13:35  GPS위성:6
19:13:35  GPS_HDOP:1.59
19:13:35  원시위도:37.496774
19:13:35  원시경도:126.957717
19:13:35  GPS채택:678
19:13:35  GPS이상치거부:0
19:13:35  GPS품질거부:411
19:13:35  GPS재기준:0
19:13:35  RSSI원시:-64
19:13:35  RSSI평활:-64.3
19:13:35  RSSI샘플:13206
19:13:35  RSSI경과ms:6
19:13:35  차량수신:6607
19:13:35  시각ms:695769
19:13:35  IMU시각ms:695757
19:13:35  위험:0
19:13:35  GPS유효:1
19:13:35  위도:37.496773
19:13:35  경도:126.957718
19:13:35  속도:0.106
19:13:35  방향:190.6
19:13:35  GPS원시속도:0.082
19:13:35  GPS원시방향유효:1
19:13:35  GPS원시방향:340.5
19:13:35  가속도:10.549,0.651,-0.622
19:13:35  자이로:3.351,4.443,-2.252
19:13:35  자력계:-69.900,19.350,-23.100
19:13:35  IMU방향유효:1
19:13:35  IMU방향:190.6
19:13:35  방향가속도크기:10.59
19:13:35  방향자이로크기:6.00
19:13:35  방향자세cos:0.5739
19:13:35  자기모델잔차:0.73
19:13:35  자기모델반경:1.061
19:13:35  방향채택:19806
19:13:35  방향거부:66612
19:13:35  송신:6655
19:13:35  GPS위성:6
19:13:35  GPS_HDOP:1.59
19:13:35  원시위도:37.496774
19:13:35  원시경도:126.957717
19:13:35  GPS채택:679
19:13:35  GPS이상치거부:0
19:13:35  GPS품질거부:411
19:13:35  GPS재기준:0
19:13:35  RSSI원시:-59
19:13:35  RSSI평활:-62.6
19:13:35  RSSI샘플:13208
19:13:35  RSSI경과ms:8
19:13:35  차량수신:6608
19:13:35  시각ms:696081
19:13:35  IMU시각ms:696069
19:13:35  위험:0
19:13:35  GPS유효:1
19:13:35  위도:37.496773
19:13:35  경도:126.957718
19:13:35  속도:0.106
19:13:35  방향:190.6
19:13:35  GPS원시속도:0.082
19:13:35  GPS원시방향유효:1
19:13:35  GPS원시방향:340.5
19:13:35  가속도:6.124,5.061,4.132
19:13:35  자이로:126.412,133.557,0.565
19:13:35  자력계:-46.800,46.050,12.000
19:13:35  IMU방향유효:1
19:13:35  IMU방향:190.6
19:13:35  방향가속도크기:8.96
19:13:35  방향자이로크기:183.90
19:13:35  방향자세cos:0.5739
19:13:35  자기모델잔차:0.73
19:13:35  자기모델반경:1.061
19:13:35  방향채택:19806
19:13:35  방향거부:66651
19:13:35  송신:6658
19:13:35  GPS위성:6
19:13:35  GPS_HDOP:1.59
19:13:35  원시위도:37.496774
19:13:35  원시경도:126.957717
19:13:35  GPS채택:679
19:13:35  GPS이상치거부:0
19:13:35  GPS품질거부:411
19:13:35  GPS재기준:0
19:13:35  RSSI원시:-66
19:13:35  RSSI평활:-63.8
19:13:35  RSSI샘플:13214
19:13:35  RSSI경과ms:1
19:13:35  차량수신:6611
19:13:35  시각ms:696185
19:13:35  IMU시각ms:696173
19:13:35  위험:0
19:13:35  GPS유효:1
19:13:35  위도:37.496773
19:13:35  경도:126.957718
19:13:35  속도:0.106
19:13:35  방향:185.9
19:13:35  GPS원시속도:0.082
19:13:35  GPS원시방향유효:1
19:13:35  GPS원시방향:340.5
19:13:35  가속도:5.401,5.588,5.717
19:13:35  자이로:1.519,7.748,-1.947
19:13:35  자력계:-39.750,52.650,13.800
19:13:35  IMU방향유효:1
19:13:35  IMU방향:185.9
19:13:35  방향가속도크기:9.65
19:13:35  방향자이로크기:8.13
19:13:35  방향자세cos:0.9964
19:13:35  자기모델잔차:0.75
19:13:35  자기모델반경:1.006
19:13:35  방향채택:19809
19:13:35  방향거부:66661
19:13:35  송신:6659
19:13:35  GPS위성:6
19:13:35  GPS_HDOP:1.59
19:13:35  원시위도:37.496774
19:13:35  원시경도:126.957717
19:13:35  GPS채택:679
19:13:35  GPS이상치거부:0
19:13:35  GPS품질거부:411
19:13:35  GPS재기준:0
19:13:35  RSSI원시:-67
19:13:35  RSSI평활:-64.5
19:13:35  RSSI샘플:13215
19:13:35  RSSI경과ms:41
19:13:35  차량수신:6612
19:13:35  시각ms:696393
19:13:35  IMU시각ms:696381
19:13:35  위험:0
19:13:35  GPS유효:1
19:13:35  위도:37.496773
19:13:35  경도:126.957718
19:13:35  속도:0.106
19:13:35  방향:184.6
19:13:35  GPS원시속도:0.082
19:13:35  GPS원시방향유효:1
19:13:35  GPS원시방향:340.5
19:13:35  가속도:5.253,5.502,5.320
19:13:35  자이로:6.947,8.000,-1.214
19:13:35  자력계:-36.300,54.900,14.850
19:13:35  IMU방향유효:1
19:13:35  IMU방향:184.6
19:13:35  방향가속도크기:9.28
19:13:35  방향자이로크기:10.66
19:13:35  방향자세cos:0.9944
19:13:35  자기모델잔차:0.54
19:13:35  자기모델반경:1.043
19:13:35  방향채택:19833
19:13:35  방향거부:66663
19:13:35  송신:6661
19:13:35  GPS위성:6
19:13:35  GPS_HDOP:1.59
19:13:35  원시위도:37.496774
19:13:35  원시경도:126.957717
19:13:35  GPS채택:679
19:13:35  GPS이상치거부:0
19:13:35  GPS품질거부:411
19:13:35  GPS재기준:0
19:13:35  RSSI원시:-67
19:13:35  RSSI평활:-66.2
19:13:35  RSSI샘플:13219
19:13:35  RSSI경과ms:38
19:13:35  차량수신:6614
19:13:36  시각ms:696916
19:13:36  IMU시각ms:696904
19:13:36  위험:0
19:13:36  GPS유효:1
19:13:36  위도:37.496773
19:13:36  경도:126.957718
19:13:36  속도:0.110
19:13:36  방향:181.3
19:13:36  GPS원시속도:0.113
19:13:36  GPS원시방향유효:1
19:13:36  GPS원시방향:340.5
19:13:36  가속도:4.822,6.589,4.046
19:13:36  자이로:37.023,45.687,-0.786
19:13:36  자력계:-34.800,54.900,14.850
19:13:36  IMU방향유효:1
19:13:36  IMU방향:181.3
19:13:36  방향가속도크기:9.11
19:13:36  방향자이로크기:58.81
19:13:36  방향자세cos:0.9909
19:13:36  자기모델잔차:1.85
19:13:36  자기모델반경:1.036
19:13:36  방향채택:19871
19:13:36  방향거부:66690
19:13:36  송신:6666
19:13:36  GPS위성:6
19:13:36  GPS_HDOP:1.59
19:13:36  원시위도:37.496775
19:13:36  원시경도:126.957722
19:13:36  GPS채택:681
19:13:36  GPS이상치거부:0
19:13:36  GPS품질거부:411
19:13:36  GPS재기준:0
19:13:36  RSSI원시:-68
19:13:36  RSSI평활:-67.2
19:13:36  RSSI샘플:13229
19:13:36  RSSI경과ms:38
19:13:36  차량수신:6619
19:13:36  시각ms:697333
19:13:36  IMU시각ms:697321
19:13:36  위험:0
19:13:36  GPS유효:1
19:13:36  위도:37.496777
19:13:36  경도:126.957718
19:13:36  속도:0.110
19:13:36  방향:176.7
19:13:36  GPS원시속도:0.113
19:13:36  GPS원시방향유효:1
19:13:36  GPS원시방향:340.5
19:13:36  가속도:4.444,6.177,5.780
19:13:36  자이로:7.527,5.626,-0.878
19:13:36  자력계:-33.000,56.400,14.550
19:13:36  IMU방향유효:1
19:13:36  IMU방향:176.7
19:13:36  방향가속도크기:9.56
19:13:36  방향자이로크기:9.44
19:13:36  방향자세cos:0.9832
19:13:36  자기모델잔차:1.49
19:13:36  자기모델반경:1.062
19:13:36  방향채택:19899
19:13:36  방향거부:66714
19:13:36  송신:6670
19:13:36  GPS위성:6
19:13:36  GPS_HDOP:1.59
19:13:36  원시위도:37.496775
19:13:36  원시경도:126.957722
19:13:36  GPS채택:681
19:13:36  GPS이상치거부:0
19:13:36  GPS품질거부:411
19:13:36  GPS재기준:0
19:13:36  RSSI원시:-65
19:13:36  RSSI평활:-66.0
19:13:36  RSSI샘플:13238
19:13:36  RSSI경과ms:7
19:13:36  차량수신:6623
19:13:37  시각ms:697645
19:13:37  IMU시각ms:697633
19:13:37  위험:0
19:13:37  GPS유효:1
19:13:37  위도:37.496777
19:13:37  경도:126.957726
19:13:37  속도:0.102
19:13:37  방향:175.8
19:13:37  GPS원시속도:0.087
19:13:37  GPS원시방향유효:1
19:13:37  GPS원시방향:340.5
19:13:37  가속도:4.793,5.756,5.756
19:13:37  자이로:-2.229,-3.099,2.107
19:13:37  자력계:-35.550,52.950,14.550
19:13:37  IMU방향유효:1
19:13:37  IMU방향:175.8
19:13:37  방향가속도크기:9.45
19:13:37  방향자이로크기:4.36
19:13:37  방향자세cos:0.9918
19:13:37  자기모델잔차:1.04
19:13:37  자기모델반경:1.079
19:13:37  방향채택:19935
19:13:37  방향거부:66717
19:13:37  송신:6673
19:13:37  GPS위성:6
19:13:37  GPS_HDOP:1.59
19:13:37  원시위도:37.496775
19:13:37  원시경도:126.957729
19:13:37  GPS채택:682
19:13:37  GPS이상치거부:0
19:13:37  GPS품질거부:411
19:13:37  GPS재기준:0
19:13:37  RSSI원시:-66
19:13:37  RSSI평활:-65.9
19:13:37  RSSI샘플:13244
19:13:37  RSSI경과ms:3
19:13:37  차량수신:6626
19:13:37  시각ms:698377
19:13:37  IMU시각ms:698365
19:13:37  위험:0
19:13:37  GPS유효:1
19:13:37  위도:37.496777
19:13:37  경도:126.957726
19:13:37  속도:0.097
19:13:37  방향:175.7
19:13:37  GPS원시속도:0.087
19:13:37  GPS원시방향유효:1
19:13:37  GPS원시방향:340.5
19:13:37  가속도:4.750,5.732,6.053
19:13:37  자이로:1.321,1.458,-0.557
19:13:37  자력계:-35.700,53.100,16.500
19:13:37  IMU방향유효:1
19:13:37  IMU방향:175.7
19:13:37  방향가속도크기:9.59
19:13:37  방향자이로크기:2.04
19:13:37  방향자세cos:0.9923
19:13:37  자기모델잔차:0.39
19:13:37  자기모델반경:1.125
19:13:37  방향채택:20026
19:13:37  방향거부:66717
19:13:37  송신:6680
19:13:37  GPS위성:6
19:13:37  GPS_HDOP:1.59
19:13:37  원시위도:37.496775
19:13:37  원시경도:126.957729
19:13:37  GPS채택:683
19:13:37  GPS이상치거부:0
19:13:37  GPS품질거부:411
19:13:37  GPS재기준:0
19:13:37  RSSI원시:-67
19:13:37  RSSI평활:-66.3
19:13:37  RSSI샘플:13257
19:13:37  RSSI경과ms:32
19:13:37  차량수신:6633
19:13:38  시각ms:698690
19:13:38  IMU시각ms:698678
19:13:38  위험:0
19:13:38  GPS유효:1
19:13:38  위도:37.496777
19:13:38  경도:126.957733
19:13:38  속도:0.087
19:13:38  방향:175.5
19:13:38  GPS원시속도:0.067
19:13:38  GPS원시방향유효:1
19:13:38  GPS원시방향:340.5
19:13:38  가속도:4.961,5.631,5.732
19:13:38  자이로:-1.313,-3.389,-2.382
19:13:38  자력계:-36.900,53.550,14.700
19:13:38  IMU방향유효:1
19:13:38  IMU방향:175.5
19:13:38  방향가속도크기:9.44
19:13:38  방향자이로크기:4.35
19:13:38  방향자세cos:0.9942
19:13:38  자기모델잔차:0.13
19:13:38  자기모델반경:1.052
19:13:38  방향채택:20065
19:13:38  방향거부:66717
19:13:38  송신:6683
19:13:38  GPS위성:6
19:13:38  GPS_HDOP:1.59
19:13:38  원시위도:37.496776
19:13:38  원시경도:126.957737
19:13:38  GPS채택:684
19:13:38  GPS이상치거부:0
19:13:38  GPS품질거부:411
19:13:38  GPS재기준:0
19:13:38  RSSI원시:-67
19:13:38  RSSI평활:-66.6
19:13:38  RSSI샘플:13263
19:13:38  RSSI경과ms:30
19:13:38  차량수신:6636
19:13:38  시각ms:699214
19:13:38  IMU시각ms:699202
19:13:38  위험:0
19:13:38  GPS유효:1
19:13:38  위도:37.496777
19:13:38  경도:126.957733
19:13:38  속도:0.080
19:13:38  방향:175.3
19:13:38  GPS원시속도:0.067
19:13:38  GPS원시방향유효:1
19:13:38  GPS원시방향:340.5
19:13:38  가속도:5.085,5.684,5.995
19:13:38  자이로:-1.466,-0.290,2.611
19:13:38  자력계:-35.400,54.750,14.700
19:13:38  IMU방향유효:1
19:13:38  IMU방향:175.3
19:13:38  방향가속도크기:9.70
19:13:38  방향자이로크기:3.01
19:13:38  방향자세cos:0.9952
19:13:38  자기모델잔차:0.15
19:13:38  자기모델반경:1.056
19:13:38  방향채택:20130
19:13:38  방향거부:66717
19:13:38  송신:6688
19:13:38  GPS위성:6
19:13:38  GPS_HDOP:1.59
19:13:38  원시위도:37.496776
19:13:38  원시경도:126.957737
19:13:38  GPS채택:685
19:13:38  GPS이상치거부:0
19:13:38  GPS품질거부:411
19:13:38  GPS재기준:0
19:13:38  RSSI원시:-67
19:13:38  RSSI평활:-66.9
19:13:38  RSSI샘플:13273
19:13:38  RSSI경과ms:26
19:13:38  차량수신:6641
19:13:38  시각ms:699318
19:13:38  IMU시각ms:699306
19:13:38  위험:0
19:13:38  GPS유효:1
19:13:38  위도:37.496777
19:13:38  경도:126.957733
19:13:38  속도:0.080
19:13:38  방향:175.1
19:13:38  GPS원시속도:0.067
19:13:38  GPS원시방향유효:1
19:13:38  GPS원시방향:340.5
19:13:38  가속도:4.942,5.770,5.918
19:13:38  자이로:-0.641,-0.603,-1.298
19:13:38  자력계:-35.550,53.400,14.550
19:13:38  IMU방향유효:1
19:13:38  IMU방향:175.1
19:13:38  방향가속도크기:9.63
19:13:38  방향자이로크기:1.57
19:13:38  방향자세cos:0.9933
19:13:38  자기모델잔차:0.82
19:13:38  자기모델반경:1.071
19:13:38  방향채택:20143
19:13:38  방향거부:66717
19:13:38  송신:6689
19:13:38  GPS위성:6
19:13:38  GPS_HDOP:1.59
19:13:38  원시위도:37.496776
19:13:38  원시경도:126.957737
19:13:38  GPS채택:685
19:13:38  GPS이상치거부:0
19:13:38  GPS품질거부:411
19:13:38  GPS재기준:0
19:13:38  RSSI원시:-66
19:13:38  RSSI평활:-66.6
19:13:38  RSSI샘플:13276
19:13:38  RSSI경과ms:2
19:13:38  차량수신:6642
19:13:39  시각ms:699946
19:13:39  IMU시각ms:699934
19:13:39  위험:0
19:13:39  GPS유효:1
19:13:39  위도:37.496777
19:13:39  경도:126.957741
19:13:39  속도:0.051
19:13:39  방향:174.7
19:13:39  GPS원시속도:0.031
19:13:39  GPS원시방향유효:1
19:13:39  GPS원시방향:340.5
19:13:39  가속도:5.061,5.521,6.215
19:13:39  자이로:-3.366,-1.504,-1.450
19:13:39  자력계:-37.800,54.150,16.350
19:13:39  IMU방향유효:1
19:13:39  IMU방향:174.7
19:13:39  방향가속도크기:9.73
19:13:39  방향자이로크기:3.96
19:13:39  방향자세cos:0.9963
19:13:39  자기모델잔차:2.02
19:13:39  자기모델반경:1.071
19:13:39  방향채택:20221
19:13:39  방향거부:66717
19:13:39  송신:6695
19:13:39  GPS위성:6
19:13:39  GPS_HDOP:1.59
19:13:39  원시위도:37.496776
19:13:39  원시경도:126.957742
19:13:39  GPS채택:687
19:13:39  GPS이상치거부:0
19:13:39  GPS품질거부:411
19:13:39  GPS재기준:0
19:13:39  RSSI원시:-66
19:13:39  RSSI평활:-66.0
19:13:39  RSSI샘플:13288
19:13:39  RSSI경과ms:0
19:13:39  차량수신:6648
19:13:40  시각ms:701304
19:13:40  IMU시각ms:701292
19:13:40  위험:0
19:13:40  GPS유효:1
19:13:40  위도:37.496777
19:13:40  경도:126.957748
19:13:40  속도:0.034
19:13:40  방향:175.3
19:13:40  GPS원시속도:0.021
19:13:40  GPS원시방향유효:1
19:13:40  GPS원시방향:340.5
19:13:40  가속도:4.726,5.923,6.689
19:13:40  자이로:-3.183,-3.527,-1.649
19:13:40  자력계:-36.900,53.550,12.900
19:13:40  IMU방향유효:1
19:13:40  IMU방향:175.3
19:13:40  방향가속도크기:10.11
19:13:40  방향자이로크기:5.03
19:13:40  방향자세cos:0.9901
19:13:40  자기모델잔차:1.05
19:13:40  자기모델반경:1.005
19:13:40  방향채택:20360
19:13:40  방향거부:66747
19:13:40  송신:6708
19:13:40  GPS위성:6
19:13:40  GPS_HDOP:1.59
19:13:40  원시위도:37.496776
19:13:40  원시경도:126.957749
19:13:40  GPS채택:689
19:13:40  GPS이상치거부:0
19:13:40  GPS품질거부:411
19:13:40  GPS재기준:0
19:13:40  RSSI원시:-66
19:13:40  RSSI평활:-65.7
19:13:40  RSSI샘플:13313
19:13:40  RSSI경과ms:20
19:13:40  차량수신:6661
19:13:41  시각ms:701929
19:13:41  IMU시각ms:701917
19:13:41  위험:0
19:13:41  GPS유효:1
19:13:41  위도:37.496773
19:13:41  경도:126.957748
19:13:41  속도:0.047
19:13:41  방향:174.8
19:13:41  GPS원시속도:0.057
19:13:41  GPS원시방향유효:1
19:13:41  GPS원시방향:340.5
19:13:41  가속도:4.860,5.780,5.578
19:13:41  자이로:4.168,4.206,0.214
19:13:41  자력계:-36.000,54.150,13.650
19:13:41  IMU방향유효:1
19:13:41  IMU방향:174.8
19:13:41  방향가속도크기:9.39
19:13:41  방향자이로크기:5.93
19:13:41  방향자세cos:0.9914
19:13:41  자기모델잔차:0.79
19:13:41  자기모델반경:1.028
19:13:41  방향채택:20405
19:13:41  방향거부:66780
19:13:41  송신:6714
19:13:41  GPS위성:6
19:13:41  GPS_HDOP:1.59
19:13:41  원시위도:37.496773
19:13:41  원시경도:126.957751
19:13:41  GPS채택:691
19:13:41  GPS이상치거부:0
19:13:41  GPS품질거부:411
19:13:41  GPS재기준:0
19:13:41  RSSI원시:-68
19:13:41  RSSI평활:-65.6
19:13:41  RSSI샘플:13325
19:13:41  RSSI경과ms:17
19:13:41  차량수신:6667
19:13:41  시각ms:702138
19:13:41  IMU시각ms:702126
19:13:41  위험:0
19:13:41  GPS유효:1
19:13:41  위도:37.496773
19:13:41  경도:126.957748
19:13:41  속도:0.047
19:13:41  방향:174.7
19:13:41  GPS원시속도:0.057
19:13:41  GPS원시방향유효:1
19:13:41  GPS원시방향:340.5
19:13:41  가속도:4.664,5.904,6.096
19:13:41  자이로:-1.695,1.908,0.710
19:13:41  자력계:-36.450,54.750,15.150
19:13:41  IMU방향유효:1
19:13:41  IMU방향:174.7
19:13:41  방향가속도크기:9.68
19:13:41  방향자이로크기:2.65
19:13:41  방향자세cos:0.9898
19:13:41  자기모델잔차:0.75
19:13:41  자기모델반경:1.051
19:13:41  방향채택:20424
19:13:41  방향거부:66787
19:13:41  송신:6716
19:13:41  GPS위성:6
19:13:41  GPS_HDOP:1.59
19:13:41  원시위도:37.496773
19:13:41  원시경도:126.957751
19:13:41  GPS채택:691
19:13:41  GPS이상치거부:0
19:13:41  GPS품질거부:411
19:13:41  GPS재기준:0
19:13:41  RSSI원시:-68
19:13:41  RSSI평활:-67.7
19:13:41  RSSI샘플:13330
19:13:41  RSSI경과ms:5
19:13:41  차량수신:6669
19:13:41  시각ms:702242
19:13:41  IMU시각ms:702230
19:13:41  위험:0
19:13:41  GPS유효:1
19:13:41  위도:37.496773
19:13:41  경도:126.957748
19:13:41  속도:0.047
19:13:41  방향:174.8
19:13:41  GPS원시속도:0.057
19:13:41  GPS원시방향유효:1
19:13:41  GPS원시방향:340.5
19:13:41  가속도:4.956,5.756,5.698
19:13:41  자이로:-0.008,-2.008,-0.420
19:13:41  자력계:-36.750,55.650,16.350
19:13:41  IMU방향유효:1
19:13:41  IMU방향:174.8
19:13:41  방향가속도크기:9.50
19:13:41  방향자이로크기:2.05
19:13:41  방향자세cos:0.9928
19:13:41  자기모델잔차:2.15
19:13:41  자기모델반경:1.063
19:13:41  방향채택:20437
19:13:41  방향거부:66787
19:13:41  송신:6717
19:13:41  GPS위성:6
19:13:41  GPS_HDOP:1.59
19:13:41  원시위도:37.496773
19:13:41  원시경도:126.957751
19:13:41  GPS채택:691
19:13:41  GPS이상치거부:0
19:13:41  GPS품질거부:411
19:13:41  GPS재기준:0
19:13:41  RSSI원시:-68
19:13:41  RSSI평활:-67.7
19:13:41  RSSI샘플:13331
19:13:41  RSSI경과ms:15
19:13:41  차량수신:6670
19:13:41  시각ms:702346
19:13:41  IMU시각ms:702334
19:13:41  위험:0
19:13:41  GPS유효:1
19:13:41  위도:37.496773
19:13:41  경도:126.957748
19:13:41  속도:0.047
19:13:41  방향:174.8
19:13:41  GPS원시속도:0.057
19:13:41  GPS원시방향유효:1
19:13:41  GPS원시방향:340.5
19:13:41  가속도:4.855,5.866,5.784
19:13:41  자이로:1.023,-4.458,-0.260
19:13:41  자력계:-37.050,54.150,14.850
19:13:41  IMU방향유효:1
19:13:41  IMU방향:174.8
19:13:41  방향가속도크기:9.56
19:13:41  방향자이로크기:4.58
19:13:41  방향자세cos:0.9913
19:13:41  자기모델잔차:0.61
19:13:41  자기모델반경:1.043
19:13:41  방향채택:20450
19:13:41  방향거부:66787
19:13:41  송신:6718
19:13:41  GPS위성:6
19:13:41  GPS_HDOP:1.59
19:13:41  원시위도:37.496773
19:13:41  원시경도:126.957751
19:13:41  GPS채택:691
19:13:41  GPS이상치거부:0
19:13:41  GPS품질거부:411
19:13:41  GPS재기준:0
19:13:41  RSSI원시:-68
19:13:41  RSSI평활:-68.0
19:13:41  RSSI샘플:13333
19:13:41  RSSI경과ms:14
19:13:41  차량수신:6671
19:13:42  시각ms:702554
19:13:42  IMU시각ms:702542
19:13:42  위험:0
19:13:42  GPS유효:1
19:13:42  위도:37.496773
19:13:42  경도:126.957748
19:13:42  속도:0.047
19:13:42  방향:174.9
19:13:42  GPS원시속도:0.057
19:13:42  GPS원시방향유효:1
19:13:42  GPS원시방향:340.5
19:13:42  가속도:4.788,5.952,5.765
19:13:42  자이로:3.519,0.458,-4.008
19:13:42  자력계:-37.800,54.450,14.550
19:13:42  IMU방향유효:1
19:13:42  IMU방향:174.9
19:13:42  방향가속도크기:9.57
19:13:42  방향자이로크기:5.35
19:13:42  방향자세cos:0.9897
19:13:42  자기모델잔차:0.99
19:13:42  자기모델반경:1.019
19:13:42  방향채택:20476
19:13:42  방향거부:66787
19:13:42  송신:6720
19:13:42  GPS위성:6
19:13:42  GPS_HDOP:1.59
19:13:42  원시위도:37.496773
19:13:42  원시경도:126.957751
19:13:42  GPS채택:691
19:13:42  GPS이상치거부:0
19:13:42  GPS품질거부:411
19:13:42  GPS재기준:0
19:13:42  RSSI원시:-68
19:13:42  RSSI평활:-67.6
19:13:42  RSSI샘플:13338
19:13:42  RSSI경과ms:3
19:13:42  차량수신:6673
19:13:42  시각ms:702973
19:13:42  IMU시각ms:702961
19:13:42  위험:0
19:13:42  GPS유효:1
19:13:42  위도:37.496773
19:13:42  경도:126.957748
19:13:42  속도:0.041
19:13:42  방향:174.5
19:13:42  GPS원시속도:0.036
19:13:42  GPS원시방향유효:1
19:13:42  GPS원시방향:340.5
19:13:42  가속도:4.276,6.263,5.286
19:13:42  자이로:2.878,5.099,-2.176
19:13:42  자력계:-34.950,56.550,15.150
19:13:42  IMU방향유효:1
19:13:42  IMU방향:174.5
19:13:42  방향가속도크기:9.24
19:13:42  방향자이로크기:6.25
19:13:42  방향자세cos:0.9766
19:13:42  자기모델잔차:0.37
19:13:42  자기모델반경:1.047
19:13:42  방향채택:20514
19:13:42  방향거부:66801
19:13:42  송신:6724
19:13:42  GPS위성:6
19:13:42  GPS_HDOP:1.59
19:13:42  원시위도:37.496771
19:13:42  원시경도:126.957753
19:13:42  GPS채택:693
19:13:42  GPS이상치거부:0
19:13:42  GPS품질거부:411
19:13:42  GPS재기준:0
19:13:42  RSSI원시:-66
19:13:42  RSSI평활:-67.0
19:13:42  RSSI샘플:13345
19:13:42  RSSI경과ms:7
19:13:42  차량수신:6677
19:13:44  시각ms:704956
19:13:44  IMU시각ms:704944
19:13:44  위험:0
19:13:44  GPS유효:1
19:13:44  위도:37.496765
19:13:44  경도:126.957756
19:13:44  속도:0.045
19:13:44  방향:173.8
19:13:44  GPS원시속도:0.046
19:13:44  GPS원시방향유효:1
19:13:44  GPS원시방향:340.5
19:13:44  가속도:4.549,6.167,5.698
19:13:44  자이로:-0.710,-3.061,1.282
19:13:44  자력계:-36.300,56.100,14.850
19:13:44  IMU방향유효:1
19:13:44  IMU방향:173.8
19:13:44  방향가속도크기:9.55
19:13:44  방향자이로크기:3.39
19:13:44  방향자세cos:0.9843
19:13:44  자기모델잔차:1.13
19:13:44  자기모델반경:1.023
19:13:44  방향채택:20668
19:13:44  방향거부:66894
19:13:44  송신:6743
19:13:44  GPS위성:6
19:13:44  GPS_HDOP:1.59
19:13:44  원시위도:37.496766
19:13:44  원시경도:126.957752
19:13:44  GPS채택:697
19:13:44  GPS이상치거부:0
19:13:44  GPS품질거부:411
19:13:44  GPS재기준:0
19:13:44  RSSI원시:-64
19:13:44  RSSI평활:-64.6
19:13:44  RSSI샘플:13383
19:13:44  RSSI경과ms:0
19:13:44  차량수신:6695
19:13:44  시각ms:705060
19:13:44  IMU시각ms:705048
19:13:44  위험:0
19:13:44  GPS유효:1
19:13:44  위도:37.496765
19:13:44  경도:126.957756
19:13:44  속도:0.045
19:13:44  방향:173.9
19:13:44  GPS원시속도:0.046
19:13:44  GPS원시방향유효:1
19:13:44  GPS원시방향:340.5
19:13:44  가속도:4.726,6.120,5.732
19:13:44  자이로:0.198,-3.282,1.366
19:13:44  자력계:-35.400,55.050,14.400
19:13:44  IMU방향유효:1
19:13:44  IMU방향:173.9
19:13:44  방향가속도크기:9.62
19:13:44  방향자이로크기:3.56
19:13:44  방향자세cos:0.9870
19:13:44  자기모델잔차:0.20
19:13:44  자기모델반경:1.043
19:13:44  방향채택:20678
19:13:44  방향거부:66897
19:13:44  송신:6744
19:13:44  GPS위성:6
19:13:44  GPS_HDOP:1.59
19:13:44  원시위도:37.496766
19:13:44  원시경도:126.957752
19:13:44  GPS채택:697
19:13:44  GPS이상치거부:0
19:13:44  GPS품질거부:411
19:13:44  GPS재기준:0
19:13:44  RSSI원시:-65
19:13:44  RSSI평활:-64.8
19:13:44  RSSI샘플:13385
19:13:44  RSSI경과ms:4
19:13:44  차량수신:6696
19:13:45  시각ms:705685
19:13:45  IMU시각ms:705673
19:13:45  위험:0
19:13:45  GPS유효:1
19:13:45  위도:37.496765
19:13:45  경도:126.957748
19:13:45  속도:0.035
19:13:45  방향:173.7
19:13:45  GPS원시속도:0.015
19:13:45  GPS원시방향유효:1
19:13:45  GPS원시방향:340.5
19:13:45  가속도:4.741,6.014,5.837
19:13:45  자이로:-4.985,-5.389,-0.542
19:13:45  자력계:-36.900,54.750,16.200
19:13:45  IMU방향유효:1
19:13:45  IMU방향:173.7
19:13:45  방향가속도크기:9.63
19:13:45  방향자이로크기:7.36
19:13:45  방향자세cos:0.9888
19:13:45  자기모델잔차:1.69
19:13:45  자기모델반경:1.071
19:13:45  방향채택:20736
19:13:45  방향거부:66917
19:13:45  송신:6750
19:13:45  GPS위성:6
19:13:45  GPS_HDOP:1.59
19:13:45  원시위도:37.496764
19:13:45  원시경도:126.957751
19:13:45  GPS채택:698
19:13:45  GPS이상치거부:0
19:13:45  GPS품질거부:411
19:13:45  GPS재기준:0
19:13:45  RSSI원시:-64
19:13:45  RSSI평활:-64.8
19:13:45  RSSI샘플:13396
19:13:45  RSSI경과ms:5
19:13:45  차량수신:6701
19:13:45  시각ms:706000
19:13:45  IMU시각ms:705988
19:13:45  위험:0
19:13:45  GPS유효:1
19:13:45  위도:37.496765
19:13:45  경도:126.957748
19:13:45  속도:0.028
19:13:45  방향:174.2
19:13:45  GPS원시속도:0.015
19:13:45  GPS원시방향유효:1
19:13:45  GPS원시방향:340.5
19:13:45  가속도:4.812,5.957,5.861
19:13:45  자이로:-1.580,-1.267,-0.779
19:13:45  자력계:-36.150,54.300,16.200
19:13:45  IMU방향유효:1
19:13:45  IMU방향:174.2
19:13:45  방향가속도크기:9.64
19:13:45  방향자이로크기:2.17
19:13:45  방향자세cos:0.9902
19:13:45  자기모델잔차:1.04
19:13:45  자기모델반경:1.090
19:13:45  방향채택:20775
19:13:45  방향거부:66917
19:13:45  송신:6753
19:13:45  GPS위성:6
19:13:45  GPS_HDOP:1.59
19:13:45  원시위도:37.496764
19:13:45  원시경도:126.957751
19:13:45  GPS채택:699
19:13:45  GPS이상치거부:0
19:13:45  GPS품질거부:411
19:13:45  GPS재기준:0
19:13:45  RSSI원시:-65
19:13:45  RSSI평활:-64.8
19:13:45  RSSI샘플:13402
19:13:45  RSSI경과ms:0
19:13:45  차량수신:6704
19:13:45  시각ms:706105
19:13:45  IMU시각ms:706093
19:13:45  위험:0
19:13:45  GPS유효:1
19:13:45  위도:37.496765
19:13:45  경도:126.957748
19:13:45  속도:0.028
19:13:45  방향:174.3
19:13:45  GPS원시속도:0.015
19:13:45  GPS원시방향유효:1
19:13:45  GPS원시방향:340.5
19:13:45  가속도:4.774,5.928,5.708
19:13:45  자이로:3.046,0.763,-1.176
19:13:45  자력계:-36.000,55.650,14.250
19:13:45  IMU방향유효:1
19:13:45  IMU방향:174.3
19:13:45  방향가속도크기:9.51
19:13:45  방향자이로크기:3.35
19:13:45  방향자세cos:0.9896
19:13:45  자기모델잔차:0.34
19:13:45  자기모델반경:1.019
19:13:45  방향채택:20788
19:13:45  방향거부:66917
19:13:45  송신:6754
19:13:45  GPS위성:6
19:13:45  GPS_HDOP:1.59
19:13:45  원시위도:37.496764
19:13:45  원시경도:126.957751
19:13:45  GPS채택:699
19:13:45  GPS이상치거부:0
19:13:45  GPS품질거부:411
19:13:45  GPS재기준:0
19:13:45  RSSI원시:-65
19:13:45  RSSI평활:-64.7
19:13:45  RSSI샘플:13404
19:13:45  RSSI경과ms:7
19:13:45  차량수신:6705
19:13:45  시각ms:706313
19:13:45  IMU시각ms:706301
19:13:45  위험:0
19:13:45  GPS유효:1
19:13:45  위도:37.496765
19:13:45  경도:126.957748
19:13:45  속도:0.028
19:13:45  방향:174.3
19:13:45  GPS원시속도:0.015
19:13:45  GPS원시방향유효:1
19:13:45  GPS원시방향:340.5
19:13:45  가속도:4.717,6.005,5.665
19:13:45  자이로:0.534,-0.015,-2.107
19:13:45  자력계:-37.950,56.250,15.450
19:13:45  IMU방향유효:1
19:13:45  IMU방향:174.3
19:13:45  방향가속도크기:9.51
19:13:45  방향자이로크기:2.17
19:13:45  방향자세cos:0.9880
19:13:45  자기모델잔차:2.54
19:13:45  자기모델반경:1.010
19:13:45  방향채택:20801
19:13:45  방향거부:66930
19:13:45  송신:6756
19:13:45  GPS위성:6
19:13:45  GPS_HDOP:1.59
19:13:45  원시위도:37.496764
19:13:45  원시경도:126.957751
19:13:45  GPS채택:699
19:13:45  GPS이상치거부:0
19:13:45  GPS품질거부:411
19:13:45  GPS재기준:0
19:13:45  RSSI원시:-63
19:13:45  RSSI평활:-64.3
19:13:45  RSSI샘플:13407
19:13:45  RSSI경과ms:4
19:13:45  차량수신:6706
19:13:47  시각ms:708087
19:13:47  IMU시각ms:708075
19:13:47  위험:0
19:13:47  GPS유효:1
19:13:47  위도:37.496761
19:13:47  경도:126.957748
19:13:47  속도:0.059
19:13:47  방향:175.1
19:13:47  GPS원시속도:0.082
19:13:47  GPS원시방향유효:1
19:13:47  GPS원시방향:340.5
19:13:47  가속도:4.712,6.153,5.674
19:13:47  자이로:-0.466,-2.473,-0.038
19:13:47  자력계:-38.400,53.100,15.900
19:13:47  IMU방향유효:1
19:13:47  IMU방향:175.1
19:13:47  방향가속도크기:9.61
19:13:47  방향자이로크기:2.52
19:13:47  방향자세cos:0.9861
19:13:47  자기모델잔차:1.56
19:13:47  자기모델반경:1.070
19:13:47  방향채택:20993
19:13:47  방향거부:66959
19:13:47  송신:6773
19:13:47  GPS위성:6
19:13:47  GPS_HDOP:1.59
19:13:47  원시위도:37.496760
19:13:47  원시경도:126.957746
19:13:47  GPS채택:703
19:13:47  GPS이상치거부:0
19:13:47  GPS품질거부:411
19:13:47  GPS재기준:0
19:13:47  RSSI원시:-62
19:13:47  RSSI평활:-62.3
19:13:47  RSSI샘플:13440
19:13:47  RSSI경과ms:65
19:13:47  차량수신:6723
19:13:48  시각ms:708712
19:13:48  IMU시각ms:708700
19:13:48  위험:0
19:13:48  GPS유효:1
19:13:48  위도:37.496761
19:13:48  경도:126.957748
19:13:48  속도:0.042
19:13:48  방향:175.1
19:13:48  GPS원시속도:0.010
19:13:48  GPS원시방향유효:1
19:13:48  GPS원시방향:340.5
19:13:48  가속도:4.731,6.191,5.622
19:13:48  자이로:1.969,-0.786,-1.641
19:13:48  자력계:-39.000,54.150,13.800
19:13:48  IMU방향유효:1
19:13:48  IMU방향:175.1
19:13:48  방향가속도크기:9.61
19:13:48  방향자이로크기:2.68
19:13:48  방향자세cos:0.9855
19:13:48  자기모델잔차:1.05
19:13:48  자기모델반경:0.988
19:13:48  방향채택:21068
19:13:48  방향거부:66962
19:13:48  송신:6779
19:13:48  GPS위성:6
19:13:48  GPS_HDOP:1.59
19:13:48  원시위도:37.496758
19:13:48  원시경도:126.957744
19:13:48  GPS채택:704
19:13:48  GPS이상치거부:0
19:13:48  GPS품질거부:411
19:13:48  GPS재기준:0
19:13:48  RSSI원시:-64
19:13:48  RSSI평활:-63.8
19:13:48  RSSI샘플:13453
19:13:48  RSSI경과ms:2
19:13:48  차량수신:6729
19:13:48  시각ms:708816
19:13:48  IMU시각ms:708804
19:13:48  위험:0
19:13:48  GPS유효:1
19:13:48  위도:37.496758
19:13:48  경도:126.957741
19:13:48  속도:0.031
19:13:48  방향:175.0
19:13:48  GPS원시속도:0.010
19:13:48  GPS원시방향유효:1
19:13:48  GPS원시방향:340.5
19:13:48  가속도:4.664,6.096,5.650
19:13:48  자이로:0.519,-0.664,0.565
19:13:48  자력계:-36.750,54.900,14.550
19:13:48  IMU방향유효:1
19:13:48  IMU방향:175.0
19:13:48  방향가속도크기:9.53
19:13:48  방향자이로크기:1.01
19:13:48  방향자세cos:0.9863
19:13:48  자기모델잔차:0.60
19:13:48  자기모델반경:1.028
19:13:48  방향채택:21079
19:13:48  방향거부:66964
19:13:48  송신:6780
19:13:48  GPS위성:6
19:13:48  GPS_HDOP:1.59
19:13:48  원시위도:37.496758
19:13:48  원시경도:126.957744
19:13:48  GPS채택:705
19:13:48  GPS이상치거부:0
19:13:48  GPS품질거부:411
19:13:48  GPS재기준:0
19:13:48  RSSI원시:-64
19:13:48  RSSI평활:-63.8
19:13:48  RSSI샘플:13455
19:13:48  RSSI경과ms:8
19:13:48  차량수신:6730
19:13:48  시각ms:708921
19:13:48  IMU시각ms:708909
19:13:48  위험:0
19:13:48  GPS유효:1
19:13:48  위도:37.496758
19:13:48  경도:126.957741
19:13:48  속도:0.031
19:13:48  방향:175.1
19:13:48  GPS원시속도:0.010
19:13:48  GPS원시방향유효:1
19:13:48  GPS원시방향:340.5
19:13:48  가속도:4.678,6.244,5.655
19:13:48  자이로:-1.847,-1.038,-2.779
19:13:48  자력계:-37.800,56.400,15.600
19:13:48  IMU방향유효:1
19:13:48  IMU방향:175.1
19:13:48  방향가속도크기:9.64
19:13:48  방향자이로크기:3.49
19:13:48  방향자세cos:0.9845
19:13:48  자기모델잔차:1.13
19:13:48  자기모델반경:0.976
19:13:48  방향채택:21089
19:13:48  방향거부:66967
19:13:48  송신:6781
19:13:48  GPS위성:6
19:13:48  GPS_HDOP:1.59
19:13:48  원시위도:37.496758
19:13:48  원시경도:126.957744
19:13:48  GPS채택:705
19:13:48  GPS이상치거부:0
19:13:48  GPS품질거부:411
19:13:48  GPS재기준:0
19:13:48  RSSI원시:-64
19:13:48  RSSI평활:-63.9
19:13:48  RSSI샘플:13457
19:13:48  RSSI경과ms:2
19:13:48  차량수신:6731
19:13:48  시각ms:709131
19:13:48  IMU시각ms:709119
19:13:48  위험:0
19:13:48  GPS유효:1
19:13:48  위도:37.496758
19:13:48  경도:126.957741
19:13:48  속도:0.031
19:13:48  방향:175.3
19:13:48  GPS원시속도:0.010
19:13:48  GPS원시방향유효:1
19:13:48  GPS원시방향:340.5
19:13:48  가속도:4.621,6.134,5.602
19:13:48  자이로:-1.115,0.389,-1.557
19:13:48  자력계:-36.900,55.050,14.400
19:13:48  IMU방향유효:1
19:13:48  IMU방향:175.3
19:13:48  방향가속도크기:9.51
19:13:48  방향자이로크기:1.95
19:13:48  방향자세cos:0.9850
19:13:48  자기모델잔차:0.67
19:13:48  자기모델반경:1.019
19:13:48  방향채택:21110
19:13:48  방향거부:66972
19:13:48  송신:6783
19:13:48  GPS위성:6
19:13:48  GPS_HDOP:1.59
19:13:48  원시위도:37.496758
19:13:48  원시경도:126.957744
19:13:48  GPS채택:705
19:13:48  GPS이상치거부:0
19:13:48  GPS품질거부:411
19:13:48  GPS재기준:0
19:13:48  RSSI원시:-63
19:13:48  RSSI평활:-63.7
19:13:48  RSSI샘플:13461
19:13:48  RSSI경과ms:1
19:13:48  차량수신:6733
19:13:48  시각ms:709235
19:13:48  IMU시각ms:709223
19:13:48  위험:0
19:13:48  GPS유효:1
19:13:48  위도:37.496758
19:13:48  경도:126.957741
19:13:48  속도:0.031
19:13:48  방향:175.2
19:13:48  GPS원시속도:0.010
19:13:48  GPS원시방향유효:1
19:13:48  GPS원시방향:340.5
19:13:48  가속도:4.688,6.110,5.646
19:13:48  자이로:-0.664,-1.023,-1.099
19:13:48  자력계:-36.450,54.300,15.900
19:13:48  IMU방향유효:1
19:13:48  IMU방향:175.2
19:13:48  방향가속도크기:9.55
19:13:48  방향자이로크기:1.64
19:13:48  방향자세cos:0.9863
19:13:48  자기모델잔차:1.02
19:13:48  자기모델반경:1.078
19:13:48  방향채택:21121
19:13:48  방향거부:66974
19:13:48  송신:6784
19:13:48  GPS위성:6
19:13:48  GPS_HDOP:1.59
19:13:48  원시위도:37.496758
19:13:48  원시경도:126.957744
19:13:48  GPS채택:705
19:13:48  GPS이상치거부:0
19:13:48  GPS품질거부:411
19:13:48  GPS재기준:0
19:13:48  RSSI원시:-63
19:13:48  RSSI평활:-63.4
19:13:48  RSSI샘플:13463
19:13:48  RSSI경과ms:8
19:13:48  차량수신:6734
19:13:49  시각ms:709547
19:13:49  IMU시각ms:709535
19:13:49  위험:0
19:13:49  GPS유효:1
19:13:49  위도:37.496758
19:13:49  경도:126.957741
19:13:49  속도:0.031
19:13:49  방향:174.9
19:13:49  GPS원시속도:0.010
19:13:49  GPS원시방향유효:1
19:13:49  GPS원시방향:340.5
19:13:49  가속도:4.731,6.172,5.636
19:13:49  자이로:-2.527,-0.908,0.405
19:13:49  자력계:-37.050,55.350,14.850
19:13:49  IMU방향유효:1
19:13:49  IMU방향:174.9
19:13:49  방향가속도크기:9.60
19:13:49  방향자이로크기:2.72
19:13:49  방향자세cos:0.9859
19:13:49  자기모델잔차:1.19
19:13:49  자기모델반경:1.023
19:13:49  방향채택:21155
19:13:49  방향거부:66979
19:13:49  송신:6787
19:13:49  GPS위성:6
19:13:49  GPS_HDOP:1.59
19:13:49  원시위도:37.496758
19:13:49  원시경도:126.957744
19:13:49  GPS채택:705
19:13:49  GPS이상치거부:0
19:13:49  GPS품질거부:411
19:13:49  GPS재기준:0
19:13:49  RSSI원시:-64
19:13:49  RSSI평활:-63.8
19:13:49  RSSI샘플:13469
19:13:49  RSSI경과ms:3
19:13:49  차량수신:6737
19:13:49  시각ms:709861
19:13:49  IMU시각ms:709849
19:13:49  위험:0
19:13:49  GPS유효:1
19:13:49  위도:37.496758
19:13:49  경도:126.957741
19:13:49  속도:0.028
19:13:49  방향:174.7
19:13:49  GPS원시속도:0.026
19:13:49  GPS원시방향유효:1
19:13:49  GPS원시방향:340.5
19:13:49  가속도:4.563,6.172,5.559
19:13:49  자이로:-0.397,0.382,-0.412
19:13:49  자력계:-36.450,55.050,15.150
19:13:49  IMU방향유효:1
19:13:49  IMU방향:174.7
19:13:49  방향가속도크기:9.48
19:13:49  방향자이로크기:0.69
19:13:49  방향자세cos:0.9836
19:13:49  자기모델잔차:0.90
19:13:49  자기모델반경:1.046
19:13:49  방향채택:21190
19:13:49  방향거부:66983
19:13:49  송신:6790
19:13:49  GPS위성:6
19:13:49  GPS_HDOP:1.59
19:13:49  원시위도:37.496756
19:13:49  원시경도:126.957742
19:13:49  GPS채택:707
19:13:49  GPS이상치거부:0
19:13:49  GPS품질거부:411
19:13:49  GPS재기준:0
19:13:49  RSSI원시:-63
19:13:49  RSSI평활:-63.8
19:13:49  RSSI샘플:13474
19:13:49  RSSI경과ms:55
19:13:49  차량수신:6740
19:13:49  시각ms:710173
19:13:49  IMU시각ms:710161
19:13:49  위험:0
19:13:49  GPS유효:1
19:13:49  위도:37.496758
19:13:49  경도:126.957741
19:13:49  속도:0.028
19:13:49  방향:174.6
19:13:49  GPS원시속도:0.026
19:13:49  GPS원시방향유효:1
19:13:49  GPS원시방향:340.5
19:13:49  가속도:4.688,6.167,5.622
19:13:49  자이로:-1.786,0.168,-0.580
19:13:49  자력계:-37.200,54.000,15.150
19:13:49  IMU방향유효:1
19:13:49  IMU방향:174.6
19:13:49  방향가속도크기:9.57
19:13:49  방향자이로크기:1.89
19:13:49  방향자세cos:0.9854
19:13:49  자기모델잔차:0.82
19:13:49  자기모델반경:1.052
19:13:49  방향채택:21222
19:13:49  방향거부:66990
19:13:49  송신:6793
19:13:49  GPS위성:6
19:13:49  GPS_HDOP:1.59
19:13:49  원시위도:37.496756
19:13:49  원시경도:126.957742
19:13:49  GPS채택:707
19:13:49  GPS이상치거부:0
19:13:49  GPS품질거부:411
19:13:49  GPS재기준:0
19:13:49  RSSI원시:-64
19:13:49  RSSI평활:-63.8
19:13:49  RSSI샘플:13481
19:13:49  RSSI경과ms:3
19:13:49  차량수신:6743
19:13:49  시각ms:710381
19:13:49  IMU시각ms:710369
19:13:49  위험:0
19:13:49  GPS유효:1
19:13:49  위도:37.496758
19:13:49  경도:126.957741
19:13:49  속도:0.028
19:13:49  방향:174.7
19:13:49  GPS원시속도:0.026
19:13:49  GPS원시방향유효:1
19:13:49  GPS원시방향:340.5
19:13:49  가속도:4.693,6.100,5.569
19:13:49  자이로:-2.511,0.481,-1.237
19:13:49  자력계:-38.250,54.450,13.500
19:13:49  IMU방향유효:1
19:13:49  IMU방향:174.7
19:13:49  방향가속도크기:9.50
19:13:49  방향자이로크기:2.84
19:13:49  방향자세cos:0.9860
19:13:49  자기모델잔차:0.56
19:13:49  자기모델반경:0.985
19:13:49  방향채택:21245
19:13:49  방향거부:66993
19:13:49  송신:6795
19:13:49  GPS위성:6
19:13:49  GPS_HDOP:1.59
19:13:49  원시위도:37.496756
19:13:49  원시경도:126.957742
19:13:49  GPS채택:707
19:13:49  GPS이상치거부:0
19:13:49  GPS품질거부:411
19:13:49  GPS재기준:0
19:13:49  RSSI원시:-64
19:13:49  RSSI평활:-63.9
19:13:49  RSSI샘플:13485
19:13:49  RSSI경과ms:7
19:13:49  차량수신:6745
19:13:49  시각ms:710485
19:13:49  IMU시각ms:710473
19:13:49  위험:0
19:13:49  GPS유효:1
19:13:49  위도:37.496758
19:13:49  경도:126.957741
19:13:49  속도:0.028
19:13:49  방향:174.8
19:13:49  GPS원시속도:0.026
19:13:49  GPS원시방향유효:1
19:13:49  GPS원시방향:340.5
19:13:49  가속도:4.760,6.067,5.535
19:13:49  자이로:-0.664,-3.427,-1.092
19:13:49  자력계:-37.200,55.500,14.400
19:13:49  IMU방향유효:1
19:13:49  IMU방향:174.8
19:13:49  방향가속도크기:9.49
19:13:49  방향자이로크기:3.66
19:13:49  방향자세cos:0.9869
19:13:49  자기모델잔차:1.06
19:13:49  자기모델반경:1.007
19:13:49  방향채택:21257
19:13:49  방향거부:66994
19:13:49  송신:6796
19:13:49  GPS위성:6
19:13:49  GPS_HDOP:1.59
19:13:49  원시위도:37.496756
19:13:49  원시경도:126.957742
19:13:49  GPS채택:707
19:13:49  GPS이상치거부:0
19:13:49  GPS품질거부:411
19:13:49  GPS재기준:0
19:13:49  RSSI원시:-64
19:13:49  RSSI평활:-64.0
19:13:49  RSSI샘플:13487
19:13:49  RSSI경과ms:7
19:13:49  차량수신:6746
19:13:50  시각ms:710589
19:13:50  IMU시각ms:710577
19:13:50  위험:0
19:13:50  GPS유효:1
19:13:50  위도:37.496758
19:13:50  경도:126.957741
19:13:50  속도:0.028
19:13:50  방향:174.8
19:13:50  GPS원시속도:0.026
19:13:50  GPS원시방향유효:1
19:13:50  GPS원시방향:340.5
19:13:50  가속도:4.626,6.163,5.550
19:13:50  자이로:-0.191,-1.931,-1.695
19:13:50  자력계:-37.650,54.750,16.500
19:13:50  IMU방향유효:1
19:13:50  IMU방향:174.8
19:13:50  방향가속도크기:9.50
19:13:50  방향자이로크기:2.58
19:13:50  방향자세cos:0.9844
19:13:50  자기모델잔차:1.38
19:13:50  자기모델반경:1.047
19:13:50  방향채택:21269
19:13:50  방향거부:66995
19:13:50  송신:6797
19:13:50  GPS위성:6
19:13:50  GPS_HDOP:1.59
19:13:50  원시위도:37.496756
19:13:50  원시경도:126.957742
19:13:50  GPS채택:707
19:13:50  GPS이상치거부:0
19:13:50  GPS품질거부:411
19:13:50  GPS재기준:0
19:13:50  RSSI원시:-64
19:13:50  RSSI평활:-64.0
19:13:50  RSSI샘플:13489
19:13:50  RSSI경과ms:3
19:13:50  차량수신:6747
19:13:50  시각ms:710904
19:13:50  IMU시각ms:710892
19:13:50  위험:0
19:13:50  GPS유효:1
19:13:50  위도:37.496754
19:13:50  경도:126.957741
19:13:50  속도:0.018
19:13:50  방향:174.7
19:13:50  GPS원시속도:0.010
19:13:50  GPS원시방향유효:1
19:13:50  GPS원시방향:340.5
19:13:50  가속도:4.741,6.029,5.550
19:13:50  자이로:0.924,-0.885,0.908
19:13:50  자력계:-36.450,54.300,13.650
19:13:50  IMU방향유효:1
19:13:50  IMU방향:174.7
19:13:50  방향가속도크기:9.47
19:13:50  방향자이로크기:1.57
19:13:50  방향자세cos:0.9873
19:13:50  자기모델잔차:0.45
19:13:50  자기모델반경:1.019
19:13:50  방향채택:21306
19:13:50  방향거부:66997
19:13:50  송신:6800
19:13:50  GPS위성:6
19:13:50  GPS_HDOP:1.59
19:13:50  원시위도:37.496754
19:13:50  원시경도:126.957740
19:13:50  GPS채택:709
19:13:50  GPS이상치거부:0
19:13:50  GPS품질거부:411
19:13:50  GPS재기준:0
19:13:50  RSSI원시:-64
19:13:50  RSSI평활:-63.7
19:13:50  RSSI샘플:13495
19:13:50  RSSI경과ms:1
19:13:50  차량수신:6750
19:13:50  시각ms:711114
19:13:50  IMU시각ms:711102
19:13:50  위험:0
19:13:50  GPS유효:1
19:13:50  위도:37.496754
19:13:50  경도:126.957741
19:13:50  속도:0.018
19:13:50  방향:174.8
19:13:50  GPS원시속도:0.010
19:13:50  GPS원시방향유효:1
19:13:50  GPS원시방향:340.5
19:13:50  가속도:4.683,6.038,5.636
19:13:50  자이로:-3.191,3.244,-0.817
19:13:50  자력계:-37.650,55.050,14.700
19:13:50  IMU방향유효:1
19:13:50  IMU방향:174.8
19:13:50  방향가속도크기:9.49
19:13:50  방향자이로크기:4.62
19:13:50  방향자세cos:0.9871
19:13:50  자기모델잔차:1.29
19:13:50  자기모델반경:1.015
19:13:50  방향채택:21331
19:13:50  방향거부:66998
19:13:50  송신:6802
19:13:50  GPS위성:6
19:13:50  GPS_HDOP:1.59
19:13:50  원시위도:37.496754
19:13:50  원시경도:126.957740
19:13:50  GPS채택:709
19:13:50  GPS이상치거부:0
19:13:50  GPS품질거부:411
19:13:50  GPS재기준:0
19:13:50  RSSI원시:-63
19:13:50  RSSI평활:-63.4
19:13:50  RSSI샘플:13498
19:13:50  RSSI경과ms:6
19:13:50  차량수신:6751
19:13:52  시각ms:713096
19:13:52  IMU시각ms:713084
19:13:52  위험:0
19:13:52  GPS유효:1
19:13:52  위도:37.496750
19:13:52  경도:126.957741
19:13:52  속도:0.026
19:13:52  방향:175.5
19:13:52  GPS원시속도:0.031
19:13:52  GPS원시방향유효:1
19:13:52  GPS원시방향:340.5
19:13:52  가속도:4.793,6.120,5.689
19:13:52  자이로:-1.328,-2.504,-2.244
19:13:52  자력계:-37.200,54.750,15.150
19:13:52  IMU방향유효:1
19:13:52  IMU방향:175.5
19:13:52  방향가속도크기:9.63
19:13:52  방향자이로크기:3.62
19:13:52  방향자세cos:0.9874
19:13:52  자기모델잔차:1.18
19:13:52  자기모델반경:1.039
19:13:52  방향채택:21566
19:13:52  방향거부:67010
19:13:52  송신:6821
19:13:52  GPS위성:6
19:13:52  GPS_HDOP:1.59
19:13:52  원시위도:37.496750
19:13:52  원시경도:126.957738
19:13:52  GPS채택:713
19:13:52  GPS이상치거부:0
19:13:52  GPS품질거부:411
19:13:52  GPS재기준:0
19:13:52  RSSI원시:-63
19:13:52  RSSI평활:-63.4
19:13:52  RSSI샘플:13535
19:13:52  RSSI경과ms:1
19:13:52  차량수신:6769
