19:13:32  시각ms:723148
19:13:32  IMU시각ms:723148
19:13:32  위험:0
19:13:32  원시위험:0
19:13:32  GPS유효:1
19:13:32  위도:37.497146
19:13:32  경도:126.957192
19:13:32  속도:0.21
19:13:32  방향:0.0
19:13:32  이동방향유효:0
19:13:32  GPS이동방향:111.8
19:13:32  차체방향유효:0
19:13:32  차체방향:57.5
19:13:32  후진판정:0
19:13:32  IMU요회전속도:0.00
19:13:32  방향가속도크기:9.71
19:13:32  방향자이로크기:2.64
19:13:32  방향자세cos:0.9992
19:13:32  자기모델잔차:1.05
19:13:32  자기모델반경:1.529
19:13:32  방향채택:8953
19:13:32  방향거부:82481
19:13:32  GPS원시속도:0.206
19:13:32  GPS원시방향유효:1
19:13:32  GPS원시방향:131.4
19:13:32  가속도:-0.15,0.23,9.71
19:13:32  자이로:0.5,2.6,0.4
19:13:32  자력계:0.150,-75.000,4.200
19:13:32  충격값:0.07
19:13:32  충격피크:0.19
19:13:32  마지막충격발생값:44.27
19:13:32  마지막충격발생ms:70226
19:13:32  송신:6961
19:13:32  지팡이수신:6790
19:13:32  GPS위성:4
19:13:32  GPS_HDOP:2.90
19:13:32  원시위도:37.497152
19:13:32  원시경도:126.957180
19:13:32  GPS채택:645
19:13:32  GPS이상치거부:97
19:13:32  GPS품질거부:359
19:13:32  GPS재기준:12
19:13:32  계산거리:62.14
19:13:32  접근속도:0.00
19:13:32  TTC:999.00
19:13:32  방향오차:132.7
19:13:32  전방여부:0
19:13:32  위험음성횟수:40
19:13:32  충격음성횟수:1
19:13:32  마지막위험음성:1
19:13:32  RSSI원시:-65
19:13:32  RSSI평활:-67.2
19:13:32  RSSI샘플:6790
19:13:32  RSSI경과ms:51
19:13:32  위험송신:6790
19:13:33  시각ms:723253
19:13:33  IMU시각ms:723253
19:13:33  위험:0
19:13:33  원시위험:0
19:13:33  GPS유효:1
19:13:33  위도:37.497146
19:13:33  경도:126.957192
19:13:33  속도:0.21
19:13:33  방향:0.0
19:13:33  이동방향유효:0
19:13:33  GPS이동방향:111.8
19:13:33  차체방향유효:0
19:13:33  차체방향:57.5
19:13:33  후진판정:0
19:13:33  IMU요회전속도:0.00
19:13:33  방향가속도크기:9.71
19:13:33  방향자이로크기:3.61
19:13:33  방향자세cos:0.9995
19:13:33  자기모델잔차:0.59
19:13:33  자기모델반경:1.567
19:13:33  방향채택:8953
19:13:33  방향거부:82494
19:13:33  GPS원시속도:0.206
19:13:33  GPS원시방향유효:1
19:13:33  GPS원시방향:131.4
19:13:33  가속도:-0.21,0.28,9.71
19:13:33  자이로:0.5,-2.3,2.8
19:13:33  자력계:2.100,-76.500,3.900
19:13:33  충격값:0.05
19:13:33  충격피크:0.16
19:13:33  마지막충격발생값:44.27
19:13:33  마지막충격발생ms:70226
19:13:33  송신:6962
19:13:33  지팡이수신:6791
19:13:33  GPS위성:4
19:13:33  GPS_HDOP:2.90
19:13:33  원시위도:37.497152
19:13:33  원시경도:126.957180
19:13:33  GPS채택:645
19:13:33  GPS이상치거부:97
19:13:33  GPS품질거부:359
19:13:33  GPS재기준:12
19:13:33  계산거리:62.14
19:13:33  접근속도:0.00
19:13:33  TTC:999.00
19:13:33  방향오차:132.7
19:13:33  전방여부:0
19:13:33  위험음성횟수:40
19:13:33  충격음성횟수:1
19:13:33  마지막위험음성:1
19:13:33  RSSI원시:-67
19:13:33  RSSI평활:-67.2
19:13:33  RSSI샘플:6791
19:13:33  RSSI경과ms:53
19:13:33  위험송신:6791
19:13:33  시각ms:723359
19:13:33  IMU시각ms:723358
19:13:33  위험:0
19:13:33  원시위험:0
19:13:33  GPS유효:1
19:13:33  위도:37.497146
19:13:33  경도:126.957192
19:13:33  속도:0.21
19:13:33  방향:0.0
19:13:33  이동방향유효:0
19:13:33  GPS이동방향:111.8
19:13:33  차체방향유효:0
19:13:33  차체방향:57.5
19:13:33  후진판정:0
19:13:33  IMU요회전속도:0.00
19:13:33  방향가속도크기:9.66
19:13:33  방향자이로크기:3.58
19:13:33  방향자세cos:0.9993
19:13:33  자기모델잔차:0.02
19:13:33  자기모델반경:1.558
19:13:33  방향채택:8953
19:13:33  방향거부:82507
19:13:33  GPS원시속도:0.206
19:13:33  GPS원시방향유효:1
19:13:33  GPS원시방향:131.4
19:13:33  가속도:-0.15,0.24,9.65
19:13:33  자이로:2.8,1.4,1.8
19:13:33  자력계:3.000,-76.350,3.300
19:13:33  충격값:0.07
19:13:33  충격피크:0.16
19:13:33  마지막충격발생값:44.27
19:13:33  마지막충격발생ms:70226
19:13:33  송신:6963
19:13:33  지팡이수신:6792
19:13:33  GPS위성:4
19:13:33  GPS_HDOP:2.90
19:13:33  원시위도:37.497152
19:13:33  원시경도:126.957180
19:13:33  GPS채택:645
19:13:33  GPS이상치거부:97
19:13:33  GPS품질거부:359
19:13:33  GPS재기준:12
19:13:33  계산거리:62.14
19:13:33  접근속도:0.00
19:13:33  TTC:999.00
19:13:33  방향오차:132.7
19:13:33  전방여부:0
19:13:33  위험음성횟수:40
19:13:33  충격음성횟수:1
19:13:33  마지막위험음성:1
19:13:33  RSSI원시:-66
19:13:33  RSSI평활:-67.0
19:13:33  RSSI샘플:6792
19:13:33  RSSI경과ms:48
19:13:33  위험송신:6792
19:13:33  시각ms:723782
19:13:33  IMU시각ms:723781
19:13:33  위험:0
19:13:33  원시위험:0
19:13:33  GPS유효:1
19:13:33  위도:37.497146
19:13:33  경도:126.957191
19:13:33  속도:0.21
19:13:33  방향:0.0
19:13:33  이동방향유효:0
19:13:33  GPS이동방향:111.8
19:13:33  차체방향유효:0
19:13:33  차체방향:57.5
19:13:33  후진판정:0
19:13:33  IMU요회전속도:0.00
19:13:33  방향가속도크기:9.70
19:13:33  방향자이로크기:1.14
19:13:33  방향자세cos:0.9993
19:13:33  자기모델잔차:0.53
19:13:33  자기모델반경:1.585
19:13:33  방향채택:8953
19:13:33  방향거부:82556
19:13:33  GPS원시속도:0.206
19:13:33  GPS원시방향유효:1
19:13:33  GPS원시방향:131.4
19:13:33  가속도:-0.17,0.25,9.69
19:13:33  자이로:1.1,-0.4,0.1
19:13:33  자력계:0.900,-76.950,3.900
19:13:33  충격값:0.04
19:13:33  충격피크:0.18
19:13:33  마지막충격발생값:44.27
19:13:33  마지막충격발생ms:70226
19:13:33  송신:6967
19:13:33  지팡이수신:6796
19:13:33  GPS위성:4
19:13:33  GPS_HDOP:2.90
19:13:33  원시위도:37.497152
19:13:33  원시경도:126.957178
19:13:33  GPS채택:646
19:13:33  GPS이상치거부:97
19:13:33  GPS품질거부:359
19:13:33  GPS재기준:12
19:13:33  계산거리:62.42
19:13:33  접근속도:0.00
19:13:33  TTC:999.00
19:13:33  방향오차:133.0
19:13:33  전방여부:0
19:13:33  위험음성횟수:40
19:13:33  충격음성횟수:1
19:13:33  마지막위험음성:1
19:13:33  RSSI원시:-64
19:13:33  RSSI평활:-65.7
19:13:33  RSSI샘플:6796
19:13:33  RSSI경과ms:55
19:13:33  위험송신:6796
19:13:34  시각ms:724412
19:13:34  IMU시각ms:724411
19:13:34  위험:0
19:13:34  원시위험:0
19:13:34  GPS유효:1
19:13:34  위도:37.497147
19:13:34  경도:126.957190
19:13:34  속도:0.19
19:13:34  방향:0.0
19:13:34  이동방향유효:0
19:13:34  GPS이동방향:111.8
19:13:34  차체방향유효:0
19:13:34  차체방향:57.5
19:13:34  후진판정:0
19:13:34  IMU요회전속도:0.00
19:13:34  방향가속도크기:9.73
19:13:34  방향자이로크기:4.31
19:13:34  방향자세cos:0.9994
19:13:34  자기모델잔차:0.31
19:13:34  자기모델반경:1.645
19:13:34  방향채택:8953
19:13:34  방향거부:82634
19:13:34  GPS원시속도:0.170
19:13:34  GPS원시방향유효:1
19:13:34  GPS원시방향:131.4
19:13:34  가속도:-0.12,0.40,9.73
19:13:34  자이로:-0.9,2.0,-3.7
19:13:34  자력계:1.200,-78.900,3.900
19:13:34  충격값:0.11
19:13:34  충격피크:0.17
19:13:34  마지막충격발생값:44.27
19:13:34  마지막충격발생ms:70226
19:13:34  송신:6973
19:13:34  지팡이수신:6802
19:13:34  GPS위성:4
19:13:34  GPS_HDOP:2.90
19:13:34  원시위도:37.497152
19:13:34  원시경도:126.957178
19:13:34  GPS채택:647
19:13:34  GPS이상치거부:97
19:13:34  GPS품질거부:359
19:13:34  GPS재기준:12
19:13:34  계산거리:62.42
19:13:34  접근속도:0.00
19:13:34  TTC:999.00
19:13:34  방향오차:132.9
19:13:34  전방여부:0
19:13:34  위험음성횟수:40
19:13:34  충격음성횟수:1
19:13:34  마지막위험음성:1
19:13:34  RSSI원시:-62
19:13:34  RSSI평활:-63.2
19:13:34  RSSI샘플:6802
19:13:34  RSSI경과ms:64
19:13:34  위험송신:6802
19:13:34  시각ms:724516
19:13:34  IMU시각ms:724515
19:13:34  위험:0
19:13:34  원시위험:0
19:13:34  GPS유효:1
19:13:34  위도:37.497147
19:13:34  경도:126.957189
19:13:34  속도:0.18
19:13:34  방향:0.0
19:13:34  이동방향유효:0
19:13:34  GPS이동방향:111.8
19:13:34  차체방향유효:0
19:13:34  차체방향:57.5
19:13:34  후진판정:0
19:13:34  IMU요회전속도:0.00
19:13:34  방향가속도크기:9.77
19:13:34  방향자이로크기:2.89
19:13:34  방향자세cos:0.9990
19:13:34  자기모델잔차:0.22
19:13:34  자기모델반경:1.584
19:13:34  방향채택:8953
19:13:34  방향거부:82645
19:13:34  GPS원시속도:0.170
19:13:34  GPS원시방향유효:1
19:13:34  GPS원시방향:131.4
19:13:34  가속도:-0.11,0.20,9.76
19:13:34  자이로:1.9,-1.7,1.3
19:13:34  자력계:0.450,-76.950,3.150
19:13:34  충격값:0.11
19:13:34  충격피크:0.12
19:13:34  마지막충격발생값:44.27
19:13:34  마지막충격발생ms:70226
19:13:34  송신:6974
19:13:34  지팡이수신:6803
19:13:34  GPS위성:4
19:13:34  GPS_HDOP:2.90
19:13:34  원시위도:37.497150
19:13:34  원시경도:126.957175
19:13:34  GPS채택:648
19:13:34  GPS이상치거부:97
19:13:34  GPS품질거부:359
19:13:34  GPS재기준:12
19:13:34  계산거리:62.42
19:13:34  접근속도:0.00
19:13:34  TTC:999.00
19:13:34  방향오차:132.9
19:13:34  전방여부:0
19:13:34  위험음성횟수:40
19:13:34  충격음성횟수:1
19:13:34  마지막위험음성:1
19:13:34  RSSI원시:-62
19:13:34  RSSI평활:-63.0
19:13:34  RSSI샘플:6803
19:13:34  RSSI경과ms:57
19:13:34  위험송신:6803
19:13:34  시각ms:724725
19:13:34  IMU시각ms:724725
19:13:34  위험:0
19:13:34  원시위험:0
19:13:34  GPS유효:1
19:13:34  위도:37.497147
19:13:34  경도:126.957188
19:13:34  속도:0.16
19:13:34  방향:0.0
19:13:34  이동방향유효:0
19:13:34  GPS이동방향:111.8
19:13:34  차체방향유효:0
19:13:34  차체방향:57.5
19:13:34  후진판정:0
19:13:34  IMU요회전속도:0.00
19:13:34  방향가속도크기:9.64
19:13:34  방향자이로크기:1.75
19:13:34  방향자세cos:0.9997
19:13:34  자기모델잔차:0.11
19:13:34  자기모델반경:1.556
19:13:34  방향채택:8953
19:13:34  방향거부:82671
19:13:34  GPS원시속도:0.149
19:13:34  GPS원시방향유효:1
19:13:34  GPS원시방향:131.4
19:13:34  가속도:-0.24,0.31,9.63
19:13:34  자이로:0.6,-1.1,1.2
19:13:34  자력계:0.450,-76.050,3.150
19:13:34  충격값:0.13
19:13:34  충격피크:0.17
19:13:34  마지막충격발생값:44.27
19:13:34  마지막충격발생ms:70226
19:13:34  송신:6976
19:13:34  지팡이수신:6805
19:13:34  GPS위성:4
19:13:34  GPS_HDOP:2.90
19:13:34  원시위도:37.497150
19:13:34  원시경도:126.957175
19:13:34  GPS채택:649
19:13:34  GPS이상치거부:97
19:13:34  GPS품질거부:359
19:13:34  GPS재기준:12
19:13:34  계산거리:62.14
19:13:34  접근속도:0.00
19:13:34  TTC:999.00
19:13:34  방향오차:132.4
19:13:34  전방여부:0
19:13:34  위험음성횟수:40
19:13:34  충격음성횟수:1
19:13:34  마지막위험음성:1
19:13:34  RSSI원시:-62
19:13:34  RSSI평활:-62.8
19:13:34  RSSI샘플:6805
19:13:34  RSSI경과ms:61
19:13:34  위험송신:6805
19:13:34  시각ms:724935
19:13:34  IMU시각ms:724935
19:13:34  위험:0
19:13:34  원시위험:0
19:13:34  GPS유효:1
19:13:34  위도:37.497147
19:13:34  경도:126.957188
19:13:34  속도:0.16
19:13:34  방향:0.0
19:13:34  이동방향유효:0
19:13:34  GPS이동방향:111.8
19:13:34  차체방향유효:0
19:13:34  차체방향:57.5
19:13:34  후진판정:0
19:13:34  IMU요회전속도:0.00
19:13:34  방향가속도크기:9.68
19:13:34  방향자이로크기:0.78
19:13:34  방향자세cos:0.9991
19:13:34  자기모델잔차:0.32
19:13:34  자기모델반경:1.601
19:13:34  방향채택:8953
19:13:34  방향거부:82697
19:13:34  GPS원시속도:0.149
19:13:34  GPS원시방향유효:1
19:13:34  GPS원시방향:131.4
19:13:34  가속도:-0.07,0.28,9.68
19:13:34  자이로:0.5,-0.4,0.4
19:13:34  자력계:1.500,-77.550,3.750
19:13:34  충격값:0.08
19:13:34  충격피크:0.18
19:13:34  마지막충격발생값:44.27
19:13:34  마지막충격발생ms:70226
19:13:34  송신:6978
19:13:34  지팡이수신:6807
19:13:34  GPS위성:4
19:13:34  GPS_HDOP:2.90
19:13:34  원시위도:37.497150
19:13:34  원시경도:126.957175
19:13:34  GPS채택:649
19:13:34  GPS이상치거부:97
19:13:34  GPS품질거부:359
19:13:34  GPS재기준:12
19:13:34  계산거리:62.14
19:13:34  접근속도:0.00
19:13:34  TTC:999.00
19:13:34  방향오차:132.4
19:13:34  전방여부:0
19:13:34  위험음성횟수:40
19:13:34  충격음성횟수:1
19:13:34  마지막위험음성:1
19:13:34  RSSI원시:-62
19:13:34  RSSI평활:-62.5
19:13:34  RSSI샘플:6807
19:13:34  RSSI경과ms:59
19:13:34  위험송신:6807
19:13:36  시각ms:726298
19:13:36  IMU시각ms:726298
19:13:36  위험:0
19:13:36  원시위험:0
19:13:36  GPS유효:1
19:13:36  위도:37.497147
19:13:36  경도:126.957185
19:13:36  속도:0.19
19:13:36  방향:0.0
19:13:36  이동방향유효:0
19:13:36  GPS이동방향:111.8
19:13:36  차체방향유효:0
19:13:36  차체방향:57.5
19:13:36  후진판정:0
19:13:36  IMU요회전속도:0.00
19:13:36  방향가속도크기:9.65
19:13:36  방향자이로크기:1.50
19:13:36  방향자세cos:0.9990
19:13:36  자기모델잔차:1.91
19:13:36  자기모델반경:1.580
19:13:36  방향채택:8953
19:13:36  방향거부:82864
19:13:36  GPS원시속도:0.231
19:13:36  GPS원시방향유효:1
19:13:36  GPS원시방향:131.4
19:13:36  가속도:-0.13,0.16,9.65
19:13:36  자이로:0.9,-0.1,-1.2
19:13:36  자력계:1.050,-76.650,5.250
19:13:36  충격값:0.15
19:13:36  충격피크:0.20
19:13:36  마지막충격발생값:44.27
19:13:36  마지막충격발생ms:70226
19:13:36  송신:6991
19:13:36  지팡이수신:6820
19:13:36  GPS위성:4
19:13:36  GPS_HDOP:2.90
19:13:36  원시위도:37.497150
19:13:36  원시경도:126.957173
19:13:36  GPS채택:651
19:13:36  GPS이상치거부:97
19:13:36  GPS품질거부:359
19:13:36  GPS재기준:12
19:13:36  계산거리:62.86
19:13:36  접근속도:0.00
19:13:36  TTC:999.00
19:13:36  방향오차:131.8
19:13:36  전방여부:0
19:13:36  위험음성횟수:40
19:13:36  충격음성횟수:1
19:13:36  마지막위험음성:1
19:13:36  RSSI원시:-68
19:13:36  RSSI평활:-64.7
19:13:36  RSSI샘플:6820
19:13:36  RSSI경과ms:75
19:13:36  위험송신:6820
19:13:37  시각ms:727346
19:13:37  IMU시각ms:727346
19:13:37  위험:0
19:13:37  원시위험:0
19:13:37  GPS유효:1
19:13:37  위도:37.497148
19:13:37  경도:126.957183
19:13:37  속도:0.19
19:13:37  방향:0.0
19:13:37  이동방향유효:0
19:13:37  GPS이동방향:111.8
19:13:37  차체방향유효:0
19:13:37  차체방향:57.5
19:13:37  후진판정:0
19:13:37  IMU요회전속도:0.00
19:13:37  방향가속도크기:9.77
19:13:37  방향자이로크기:3.13
19:13:37  방향자세cos:0.9992
19:13:37  자기모델잔차:0.59
19:13:37  자기모델반경:1.527
19:13:37  방향채택:8953
19:13:37  방향거부:82992
19:13:37  GPS원시속도:0.159
19:13:37  GPS원시방향유효:1
19:13:37  GPS원시방향:131.4
19:13:37  가속도:-0.07,0.34,9.76
19:13:37  자이로:-2.9,-0.3,-1.2
19:13:37  자력계:1.500,-75.150,3.750
19:13:37  충격값:0.10
19:13:37  충격피크:0.16
19:13:37  마지막충격발생값:44.27
19:13:37  마지막충격발생ms:70226
19:13:37  송신:7001
19:13:37  지팡이수신:6830
19:13:37  GPS위성:4
19:13:37  GPS_HDOP:2.90
19:13:37  원시위도:37.497150
19:13:37  원시경도:126.957170
19:13:37  GPS채택:653
19:13:37  GPS이상치거부:97
19:13:37  GPS품질거부:359
19:13:37  GPS재기준:12
19:13:37  계산거리:62.58
19:13:37  접근속도:0.00
19:13:37  TTC:999.00
19:13:37  방향오차:131.3
19:13:37  전방여부:0
19:13:37  위험음성횟수:40
19:13:37  충격음성횟수:1
19:13:37  마지막위험음성:1
19:13:37  RSSI원시:-64
19:13:37  RSSI평활:-64.8
19:13:37  RSSI샘플:6830
19:13:37  RSSI경과ms:79
19:13:37  위험송신:6830
19:13:37  시각ms:727452
19:13:37  IMU시각ms:727451
19:13:37  위험:0
19:13:37  원시위험:0
19:13:37  GPS유효:1
19:13:37  위도:37.497148
19:13:37  경도:126.957182
19:13:37  속도:0.17
19:13:37  방향:0.0
19:13:37  이동방향유효:0
19:13:37  GPS이동방향:111.8
19:13:37  차체방향유효:0
19:13:37  차체방향:57.5
19:13:37  후진판정:0
19:13:37  IMU요회전속도:0.00
19:13:37  방향가속도크기:9.74
19:13:37  방향자이로크기:3.12
19:13:37  방향자세cos:0.9995
19:13:37  자기모델잔차:1.69
19:13:37  자기모델반경:1.555
19:13:37  방향채택:8953
19:13:37  방향거부:83005
19:13:37  GPS원시속도:0.159
19:13:37  GPS원시방향유효:1
19:13:37  GPS원시방향:131.4
19:13:37  가속도:-0.19,0.29,9.73
19:13:37  자이로:0.9,-0.4,3.0
19:13:37  자력계:3.150,-76.050,4.950
19:13:37  충격값:0.04
19:13:37  충격피크:0.23
19:13:37  마지막충격발생값:44.27
19:13:37  마지막충격발생ms:70226
19:13:37  송신:7002
19:13:37  지팡이수신:6831
19:13:37  GPS위성:4
19:13:37  GPS_HDOP:2.90
19:13:37  원시위도:37.497148
19:13:37  원시경도:126.957170
19:13:37  GPS채택:654
19:13:37  GPS이상치거부:97
19:13:37  GPS품질거부:359
19:13:37  GPS재기준:12
19:13:37  계산거리:63.09
19:13:37  접근속도:0.00
19:13:37  TTC:999.00
19:13:37  방향오차:130.9
19:13:37  전방여부:0
19:13:37  위험음성횟수:40
19:13:37  충격음성횟수:1
19:13:37  마지막위험음성:1
19:13:37  RSSI원시:-65
19:13:37  RSSI평활:-64.8
19:13:37  RSSI샘플:6831
19:13:37  RSSI경과ms:81
19:13:37  위험송신:6831
19:13:37  시각ms:727765
19:13:37  IMU시각ms:727765
19:13:37  위험:0
19:13:37  원시위험:0
19:13:37  GPS유효:1
19:13:37  위도:37.497148
19:13:37  경도:126.957181
19:13:37  속도:0.19
19:13:37  방향:0.0
19:13:37  이동방향유효:0
19:13:37  GPS이동방향:111.8
19:13:37  차체방향유효:0
19:13:37  차체방향:57.5
19:13:37  후진판정:0
19:13:37  IMU요회전속도:0.00
19:13:37  방향가속도크기:9.79
19:13:37  방향자이로크기:2.08
19:13:37  방향자세cos:0.9991
19:13:37  자기모델잔차:0.68
19:13:37  자기모델반경:1.543
19:13:37  방향채택:8953
19:13:37  방향거부:83042
19:13:37  GPS원시속도:0.211
19:13:37  GPS원시방향유효:1
19:13:37  GPS원시방향:131.4
19:13:37  가속도:-0.13,0.20,9.79
19:13:37  자이로:-0.5,0.6,-1.9
19:13:37  자력계:2.250,-75.900,2.550
19:13:37  충격값:0.12
19:13:37  충격피크:0.17
19:13:37  마지막충격발생값:44.27
19:13:37  마지막충격발생ms:70226
19:13:37  송신:7005
19:13:37  지팡이수신:6834
19:13:37  GPS위성:4
19:13:37  GPS_HDOP:2.90
19:13:37  원시위도:37.497148
19:13:37  원시경도:126.957170
19:13:37  GPS채택:655
19:13:37  GPS이상치거부:97
19:13:37  GPS품질거부:359
19:13:37  GPS재기준:12
19:13:37  계산거리:63.09
19:13:37  접근속도:0.00
19:13:37  TTC:999.00
19:13:37  방향오차:130.7
19:13:37  전방여부:0
19:13:37  위험음성횟수:40
19:13:37  충격음성횟수:1
19:13:37  마지막위험음성:1
19:13:37  RSSI원시:-64
19:13:37  RSSI평활:-64.7
19:13:37  RSSI샘플:6834
19:13:37  RSSI경과ms:74
19:13:37  위험송신:6834
19:13:38  시각ms:728714
19:13:38  IMU시각ms:728713
19:13:38  위험:0
19:13:38  원시위험:0
19:13:38  GPS유효:1
19:13:38  위도:37.497148
19:13:38  경도:126.957180
19:13:38  속도:0.20
19:13:38  방향:0.0
19:13:38  이동방향유효:0
19:13:38  GPS이동방향:111.8
19:13:38  차체방향유효:0
19:13:38  차체방향:57.5
19:13:38  후진판정:0
19:13:38  IMU요회전속도:0.00
19:13:38  방향가속도크기:9.71
19:13:38  방향자이로크기:4.07
19:13:38  방향자세cos:0.9991
19:13:38  자기모델잔차:1.11
19:13:38  자기모델반경:1.589
19:13:38  방향채택:8953
19:13:38  방향거부:83156
19:13:38  GPS원시속도:0.211
19:13:38  GPS원시방향유효:1
19:13:38  GPS원시방향:131.4
19:13:38  가속도:-0.10,0.24,9.71
19:13:38  자이로:3.0,-1.3,-2.4
19:13:38  자력계:1.800,-77.100,4.500
19:13:38  충격값:0.07
19:13:38  충격피크:0.18
19:13:38  마지막충격발생값:44.27
19:13:38  마지막충격발생ms:70226
19:13:38  송신:7014
19:13:38  지팡이수신:6843
19:13:38  GPS위성:4
19:13:38  GPS_HDOP:2.90
19:13:38  원시위도:37.497150
19:13:38  원시경도:126.957167
19:13:38  GPS채택:656
19:13:38  GPS이상치거부:97
19:13:38  GPS품질거부:359
19:13:38  GPS재기준:12
19:13:38  계산거리:64.11
19:13:38  접근속도:0.00
19:13:38  TTC:999.00
19:13:38  방향오차:130.3
19:13:38  전방여부:0
19:13:38  위험음성횟수:40
19:13:38  충격음성횟수:1
19:13:38  마지막위험음성:1
19:13:38  RSSI원시:-65
19:13:38  RSSI평활:-65.3
19:13:38  RSSI샘플:6843
19:13:38  RSSI경과ms:68
19:13:38  위험송신:6843
19:13:39  시각ms:729449
19:13:39  IMU시각ms:729448
19:13:39  위험:0
19:13:39  원시위험:0
19:13:39  GPS유효:1
19:13:39  위도:37.497149
19:13:39  경도:126.957178
19:13:39  속도:0.16
19:13:39  방향:0.0
19:13:39  이동방향유효:0
19:13:39  GPS이동방향:111.8
19:13:39  차체방향유효:0
19:13:39  차체방향:57.5
19:13:39  후진판정:0
19:13:39  IMU요회전속도:0.00
19:13:39  방향가속도크기:9.61
19:13:39  방향자이로크기:2.25
19:13:39  방향자세cos:0.9990
19:13:39  자기모델잔차:1.50
19:13:39  자기모델반경:1.527
19:13:39  방향채택:8953
19:13:39  방향거부:83247
19:13:39  GPS원시속도:0.144
19:13:39  GPS원시방향유효:1
19:13:39  GPS원시방향:131.4
19:13:39  가속도:-0.11,0.21,9.61
19:13:39  자이로:0.5,0.3,-2.2
19:13:39  자력계:0.900,-75.000,4.650
19:13:39  충격값:0.14
19:13:39  충격피크:0.18
19:13:39  마지막충격발생값:44.27
19:13:39  마지막충격발생ms:70226
19:13:39  송신:7021
19:13:39  지팡이수신:6850
19:13:39  GPS위성:4
19:13:39  GPS_HDOP:2.90
19:13:39  원시위도:37.497153
19:13:39  원시경도:126.957165
19:13:39  GPS채택:658
19:13:39  GPS이상치거부:97
19:13:39  GPS품질거부:359
19:13:39  GPS재기준:12
19:13:39  계산거리:64.63
19:13:39  접근속도:0.00
19:13:39  TTC:999.00
19:13:39  방향오차:129.9
19:13:39  전방여부:0
19:13:39  위험음성횟수:40
19:13:39  충격음성횟수:1
19:13:39  마지막위험음성:1
19:13:39  RSSI원시:-65
19:13:39  RSSI평활:-65.2
19:13:39  RSSI샘플:6850
19:13:39  RSSI경과ms:90
19:13:39  위험송신:6850
19:13:39  시각ms:729971
19:13:39  IMU시각ms:729971
19:13:39  위험:0
19:13:39  원시위험:0
19:13:39  GPS유효:1
19:13:39  위도:37.497149
19:13:39  경도:126.957177
19:13:39  속도:0.14
19:13:39  방향:0.0
19:13:39  이동방향유효:0
19:13:39  GPS이동방향:111.8
19:13:39  차체방향유효:0
19:13:39  차체방향:57.5
19:13:39  후진판정:0
19:13:39  IMU요회전속도:0.00
19:13:39  방향가속도크기:9.82
19:13:39  방향자이로크기:3.51
19:13:39  방향자세cos:0.9996
19:13:39  자기모델잔차:0.28
19:13:39  자기모델반경:1.530
19:13:39  방향채택:8953
19:13:39  방향거부:83310
19:13:39  GPS원시속도:0.129
19:13:39  GPS원시방향유효:1
19:13:39  GPS원시방향:131.4
19:13:39  가속도:-0.24,0.32,9.81
19:13:39  자이로:2.5,0.8,2.3
19:13:39  자력계:1.650,-75.300,3.450
19:13:39  충격값:0.12
19:13:39  충격피크:0.17
19:13:39  마지막충격발생값:44.27
19:13:39  마지막충격발생ms:70226
19:13:39  송신:7026
19:13:39  지팡이수신:6855
19:13:39  GPS위성:4
19:13:39  GPS_HDOP:2.90
19:13:39  원시위도:37.497153
19:13:39  원시경도:126.957165
19:13:39  GPS채택:659
19:13:39  GPS이상치거부:97
19:13:39  GPS품질거부:359
19:13:39  GPS재기준:12
19:13:39  계산거리:64.90
19:13:39  접근속도:0.00
19:13:39  TTC:999.00
19:13:39  방향오차:129.9
19:13:39  전방여부:0
19:13:39  위험음성횟수:40
19:13:39  충격음성횟수:1
19:13:39  마지막위험음성:1
19:13:39  RSSI원시:-64
19:13:39  RSSI평활:-64.3
19:13:39  RSSI샘플:6855
19:13:39  RSSI경과ms:89
19:13:39  위험송신:6855
19:13:39  시각ms:730181
19:13:39  IMU시각ms:730181
19:13:39  위험:0
19:13:39  원시위험:0
19:13:39  GPS유효:1
19:13:39  위도:37.497149
19:13:39  경도:126.957177
19:13:39  속도:0.14
19:13:39  방향:0.0
19:13:39  이동방향유효:0
19:13:39  GPS이동방향:111.8
19:13:39  차체방향유효:0
19:13:39  차체방향:57.5
19:13:39  후진판정:0
19:13:39  IMU요회전속도:0.00
19:13:39  방향가속도크기:9.77
19:13:39  방향자이로크기:2.33
19:13:39  방향자세cos:0.9995
19:13:39  자기모델잔차:0.05
19:13:39  자기모델반경:1.618
19:13:39  방향채택:8953
19:13:39  방향거부:83336
19:13:39  GPS원시속도:0.129
19:13:39  GPS원시방향유효:1
19:13:39  GPS원시방향:131.4
19:13:39  가속도:-0.15,0.41,9.76
19:13:39  자이로:0.3,0.2,-2.3
19:13:39  자력계:1.650,-78.150,3.450
19:13:39  충격값:0.12
19:13:39  충격피크:0.20
19:13:39  마지막충격발생값:44.27
19:13:39  마지막충격발생ms:70226
19:13:39  송신:7028
19:13:39  지팡이수신:6857
19:13:39  GPS위성:4
19:13:39  GPS_HDOP:2.90
19:13:39  원시위도:37.497153
19:13:39  원시경도:126.957165
19:13:39  GPS채택:659
19:13:39  GPS이상치거부:97
19:13:39  GPS품질거부:359
19:13:39  GPS재기준:12
19:13:39  계산거리:64.90
19:13:39  접근속도:0.00
19:13:39  TTC:999.00
19:13:39  방향오차:129.9
19:13:39  전방여부:0
19:13:39  위험음성횟수:40
19:13:39  충격음성횟수:1
19:13:39  마지막위험음성:1
19:13:39  RSSI원시:-63
19:13:39  RSSI평활:-64.2
19:13:39  RSSI샘플:6857
19:13:39  RSSI경과ms:86
19:13:39  위험송신:6857
19:13:41  시각ms:731647
19:13:41  IMU시각ms:731647
19:13:41  위험:0
19:13:41  원시위험:0
19:13:41  GPS유효:1
19:13:41  위도:37.497150
19:13:41  경도:126.957172
19:13:41  속도:0.08
19:13:41  방향:0.0
19:13:41  이동방향유효:0
19:13:41  GPS이동방향:111.8
19:13:41  차체방향유효:0
19:13:41  차체방향:57.5
19:13:41  후진판정:0
19:13:41  IMU요회전속도:0.00
19:13:41  방향가속도크기:9.76
19:13:41  방향자이로크기:1.91
19:13:41  방향자세cos:0.9991
19:13:41  자기모델잔차:0.08
19:13:41  자기모델반경:1.626
19:13:41  방향채택:8953
19:13:41  방향거부:83514
19:13:41  GPS원시속도:0.046
19:13:41  GPS원시방향유효:1
19:13:41  GPS원시방향:131.4
19:13:41  가속도:-0.16,0.17,9.76
19:13:41  자이로:-0.2,-1.9,0.2
19:13:41  자력계:2.400,-78.450,3.450
19:13:41  충격값:0.12
19:13:41  충격피크:0.19
19:13:41  마지막충격발생값:44.27
19:13:41  마지막충격발생ms:70226
19:13:41  송신:7042
19:13:41  지팡이수신:6871
19:13:41  GPS위성:4
19:13:41  GPS_HDOP:2.90
19:13:41  원시위도:37.497155
19:13:41  원시경도:126.957158
19:13:41  GPS채택:663
19:13:41  GPS이상치거부:97
19:13:41  GPS품질거부:359
19:13:41  GPS재기준:12
19:13:41  계산거리:65.69
19:13:41  접근속도:0.00
19:13:41  TTC:999.00
19:13:41  방향오차:129.8
19:13:41  전방여부:0
19:13:41  위험음성횟수:40
19:13:41  충격음성횟수:1
19:13:41  마지막위험음성:1
19:13:41  RSSI원시:-62
19:13:41  RSSI평활:-63.3
19:13:41  RSSI샘플:6871
19:13:41  RSSI경과ms:94
19:13:41  위험송신:6871
19:13:43  시각ms:733566
19:13:43  IMU시각ms:733542
19:13:43  위험:0
19:13:43  원시위험:0
19:13:43  GPS유효:1
19:13:43  위도:37.497151
19:13:43  경도:126.957169
19:13:43  속도:0.12
19:13:43  방향:0.0
19:13:43  이동방향유효:0
19:13:43  GPS이동방향:111.8
19:13:43  차체방향유효:0
19:13:43  차체방향:57.5
19:13:43  후진판정:0
19:13:43  IMU요회전속도:0.00
19:13:43  방향가속도크기:9.67
19:13:43  방향자이로크기:4.46
19:13:43  방향자세cos:0.9990
19:13:43  자기모델잔차:1.33
19:13:43  자기모델반경:1.612
19:13:43  방향채택:8953
19:13:43  방향거부:83742
19:13:43  GPS원시속도:0.134
19:13:43  GPS원시방향유효:1
19:13:43  GPS원시방향:131.4
19:13:43  가속도:-0.04,0.34,9.66
19:13:43  자이로:2.8,-3.3,1.2
19:13:43  자력계:2.250,-77.850,4.800
19:13:43  충격값:0.13
19:13:43  충격피크:0.18
19:13:43  마지막충격발생값:44.27
19:13:43  마지막충격발생ms:70226
19:13:43  송신:7060
19:13:43  지팡이수신:6890
19:13:43  GPS위성:4
19:13:43  GPS_HDOP:2.90
19:13:43  원시위도:37.497153
19:13:43  원시경도:126.957158
19:13:43  GPS채택:666
19:13:43  GPS이상치거부:97
19:13:43  GPS품질거부:359
19:13:43  GPS재기준:12
19:13:43  계산거리:66.48
19:13:43  접근속도:0.00
19:13:43  TTC:999.00
19:13:43  방향오차:129.8
19:13:43  전방여부:0
19:13:43  위험음성횟수:40
19:13:43  충격음성횟수:1
19:13:43  마지막위험음성:1
19:13:43  RSSI원시:-65
19:13:43  RSSI평활:-64.4
19:13:43  RSSI샘플:6890
19:13:43  RSSI경과ms:29
19:13:43  위험송신:6890
19:13:43  시각ms:734189
19:13:43  IMU시각ms:734189
19:13:43  위험:0
19:13:43  원시위험:0
19:13:43  GPS유효:1
19:13:43  위도:37.497151
19:13:43  경도:126.957168
19:13:43  속도:0.14
19:13:43  방향:0.0
19:13:43  이동방향유효:0
19:13:43  GPS이동방향:111.8
19:13:43  차체방향유효:0
19:13:43  차체방향:57.5
19:13:44  후진판정:0
19:13:44  IMU요회전속도:0.00
19:13:44  방향가속도크기:9.65
19:13:44  방향자이로크기:3.14
19:13:44  방향자세cos:0.9989
19:13:44  자기모델잔차:1.15
19:13:44  자기모델반경:1.581
19:13:44  방향채택:8953
19:13:44  방향거부:83814
19:13:44  GPS원시속도:0.159
19:13:44  GPS원시방향유효:1
19:13:44  GPS원시방향:131.4
19:13:44  가속도:-0.02,0.32,9.64
19:13:44  자이로:2.7,-0.6,1.4
19:13:44  자력계:0.000,-76.650,4.500
19:13:44  충격값:0.15
19:13:44  충격피크:0.16
19:13:44  마지막충격발생값:44.27
19:13:44  마지막충격발생ms:70226
19:13:44  송신:7066
19:13:44  지팡이수신:6896
19:13:44  GPS위성:4
19:13:44  GPS_HDOP:2.90
19:13:44  원시위도:37.497153
19:13:44  원시경도:126.957158
19:13:44  GPS채택:667
19:13:44  GPS이상치거부:97
19:13:44  GPS품질거부:359
19:13:44  GPS재기준:12
19:13:44  계산거리:66.48
19:13:44  접근속도:0.00
19:13:44  TTC:999.00
19:13:44  방향오차:129.7
19:13:44  전방여부:0
19:13:44  위험음성횟수:40
19:13:44  충격음성횟수:1
19:13:44  마지막위험음성:1
19:13:44  RSSI원시:-65
19:13:44  RSSI평활:-63.9
19:13:44  RSSI샘플:6896
19:13:44  RSSI경과ms:30
19:13:44  위험송신:6896
19:13:44  시각ms:734294
19:13:44  IMU시각ms:734294
19:13:44  위험:0
19:13:44  원시위험:0
19:13:44  GPS유효:1
19:13:44  위도:37.497151
19:13:44  경도:126.957168
19:13:44  속도:0.14
19:13:44  방향:0.0
19:13:44  이동방향유효:0
19:13:44  GPS이동방향:111.8
19:13:44  차체방향유효:0
19:13:44  차체방향:57.5
19:13:44  후진판정:0
19:13:44  IMU요회전속도:0.00
19:13:44  방향가속도크기:9.61
19:13:44  방향자이로크기:3.02
19:13:44  방향자세cos:0.9993
19:13:44  자기모델잔차:1.72
19:13:44  자기모델반경:1.548
19:13:44  방향채택:8953
19:13:44  방향거부:83827
19:13:44  GPS원시속도:0.159
19:13:44  GPS원시방향유효:1
19:13:44  GPS원시방향:131.4
19:13:44  가속도:-0.21,0.21,9.61
19:13:44  자이로:-0.1,1.9,-2.4
19:13:44  자력계:2.100,-75.750,4.950
19:13:44  충격값:0.15
19:13:44  충격피크:0.25
19:13:44  마지막충격발생값:44.27
19:13:44  마지막충격발생ms:70226
19:13:44  송신:7067
19:13:44  지팡이수신:6897
19:13:44  GPS위성:4
19:13:44  GPS_HDOP:2.90
19:13:44  원시위도:37.497153
19:13:44  원시경도:126.957158
19:13:44  GPS채택:667
19:13:44  GPS이상치거부:97
19:13:44  GPS품질거부:359
19:13:44  GPS재기준:12
19:13:44  계산거리:66.48
19:13:44  접근속도:0.00
19:13:44  TTC:999.00
19:13:44  방향오차:129.7
19:13:44  전방여부:0
19:13:44  위험음성횟수:40
19:13:44  충격음성횟수:1
19:13:44  마지막위험음성:1
19:13:44  RSSI원시:-63
19:13:44  RSSI평활:-63.7
19:13:44  RSSI샘플:6897
19:13:44  RSSI경과ms:26
19:13:44  위험송신:6897
19:13:44  시각ms:734505
19:13:44  IMU시각ms:734504
19:13:44  위험:0
19:13:44  원시위험:0
19:13:44  GPS유효:1
19:13:44  위도:37.497152
19:13:44  경도:126.957167
19:13:44  속도:0.15
19:13:44  방향:0.0
19:13:44  이동방향유효:0
19:13:44  GPS이동방향:111.8
19:13:44  차체방향유효:0
19:13:44  차체방향:57.5
19:13:44  후진판정:0
19:13:44  IMU요회전속도:0.00
19:13:44  방향가속도크기:9.78
19:13:44  방향자이로크기:1.97
19:13:44  방향자세cos:0.9996
19:13:44  자기모델잔차:0.74
19:13:44  자기모델반경:1.602
19:13:44  방향채택:8953
19:13:44  방향거부:83853
19:13:44  GPS원시속도:0.159
19:13:44  GPS원시방향유효:1
19:13:44  GPS원시방향:131.4
19:13:44  가속도:-0.23,0.29,9.77
19:13:44  자이로:-1.0,0.4,1.6
19:13:44  자력계:1.650,-77.700,2.700
19:13:44  충격값:0.09
19:13:44  충격피크:0.20
19:13:44  마지막충격발생값:44.27
19:13:44  마지막충격발생ms:70226
19:13:44  송신:7069
19:13:44  지팡이수신:6899
19:13:44  GPS위성:4
19:13:44  GPS_HDOP:2.90
19:13:44  원시위도:37.497155
19:13:44  원시경도:126.957157
19:13:44  GPS채택:668
19:13:44  GPS이상치거부:97
19:13:44  GPS품질거부:359
19:13:44  GPS재기준:12
19:13:44  계산거리:67.27
19:13:44  접근속도:0.00
19:13:44  TTC:999.00
19:13:44  방향오차:129.7
19:13:44  전방여부:0
19:13:44  위험음성횟수:40
19:13:44  충격음성횟수:1
19:13:44  마지막위험음성:1
19:13:44  RSSI원시:-64
19:13:44  RSSI평활:-63.7
19:13:44  RSSI샘플:6899
19:13:44  RSSI경과ms:29
19:13:44  위험송신:6899
19:13:44  시각ms:734607
19:13:44  IMU시각ms:734607
19:13:44  위험:0
19:13:44  원시위험:0
19:13:44  GPS유효:1
19:13:44  위도:37.497152
19:13:44  경도:126.957166
19:13:44  속도:0.11
19:13:44  방향:0.0
19:13:44  이동방향유효:0
19:13:44  GPS이동방향:111.8
19:13:44  차체방향유효:0
19:13:44  차체방향:57.5
19:13:44  후진판정:0
19:13:44  IMU요회전속도:0.00
19:13:44  방향가속도크기:9.67
19:13:44  방향자이로크기:1.92
19:13:44  방향자세cos:0.9997
19:13:44  자기모델잔차:1.86
19:13:44  자기모델반경:1.510
19:13:44  방향채택:8953
19:13:44  방향거부:83864
19:13:44  GPS원시속도:0.062
19:13:44  GPS원시방향유효:1
19:13:44  GPS원시방향:131.4
19:13:44  가속도:-0.24,0.32,9.66
19:13:44  자이로:-0.9,0.8,-1.5
19:13:44  자력계:2.100,-74.550,4.950
19:13:44  충격값:0.09
19:13:44  충격피크:0.21
19:13:44  마지막충격발생값:44.27
19:13:44  마지막충격발생ms:70226
19:13:44  송신:7070
19:13:44  지팡이수신:6900
19:13:44  GPS위성:4
19:13:44  GPS_HDOP:2.90
19:13:44  원시위도:37.497155
19:13:44  원시경도:126.957157
19:13:44  GPS채택:669
19:13:44  GPS이상치거부:97
19:13:44  GPS품질거부:359
19:13:44  GPS재기준:12
19:13:44  계산거리:67.27
19:13:44  접근속도:0.00
19:13:44  TTC:999.00
19:13:44  방향오차:129.6
19:13:44  전방여부:0
19:13:44  위험음성횟수:40
19:13:44  충격음성횟수:1
19:13:44  마지막위험음성:1
19:13:44  RSSI원시:-63
19:13:44  RSSI평활:-63.5
19:13:44  RSSI샘플:6900
19:13:44  RSSI경과ms:28
19:13:44  위험송신:6900
19:13:45  시각ms:735761
19:13:45  IMU시각ms:735761
19:13:45  위험:0
19:13:45  원시위험:0
19:13:45  GPS유효:1
19:13:45  위도:37.497152
19:13:45  경도:126.957165
19:13:45  속도:0.13
19:13:45  방향:0.0
19:13:45  이동방향유효:0
19:13:45  GPS이동방향:111.8
19:13:45  차체방향유효:0
19:13:45  차체방향:57.5
19:13:45  후진판정:0
19:13:45  IMU요회전속도:0.00
19:13:45  방향가속도크기:9.61
19:13:45  방향자이로크기:3.51
19:13:45  방향자세cos:0.9991
19:13:45  자기모델잔차:2.52
19:13:45  자기모델반경:1.619
19:13:45  방향채택:8953
19:13:45  방향거부:84005
19:13:45  GPS원시속도:0.185
19:13:45  GPS원시방향유효:1
19:13:45  GPS원시방향:131.4
19:13:45  가속도:-0.11,0.22,9.61
19:13:45  자이로:2.9,-1.9,0.4
19:13:45  자력계:1.500,-77.850,6.000
19:13:45  충격값:0.13
19:13:45  충격피크:0.15
19:13:45  마지막충격발생값:44.27
19:13:45  마지막충격발생ms:70226
19:13:45  송신:7081
19:13:45  지팡이수신:6911
19:13:45  GPS위성:4
19:13:45  GPS_HDOP:2.90
19:13:45  원시위도:37.497155
19:13:45  원시경도:126.957157
19:13:45  GPS채택:671
19:13:45  GPS이상치거부:97
19:13:45  GPS품질거부:359
19:13:45  GPS재기준:12
19:13:45  계산거리:67.27
19:13:45  접근속도:0.00
19:13:45  TTC:999.00
19:13:45  방향오차:129.9
19:13:45  전방여부:0
19:13:45  위험음성횟수:40
19:13:45  충격음성횟수:1
19:13:45  마지막위험음성:1
19:13:45  RSSI원시:-65
19:13:45  RSSI평활:-63.3
19:13:45  RSSI샘플:6911
19:13:45  RSSI경과ms:29
19:13:45  위험송신:6911
19:13:46  시각ms:736392
19:13:46  IMU시각ms:736391
19:13:46  위험:0
19:13:46  원시위험:0
19:13:46  GPS유효:1
19:13:46  위도:37.497152
19:13:46  경도:126.957165
19:13:46  속도:0.13
19:13:46  방향:0.0
19:13:46  이동방향유효:0
19:13:46  GPS이동방향:111.8
19:13:46  차체방향유효:0
19:13:46  차체방향:57.5
19:13:46  후진판정:0
19:13:46  IMU요회전속도:0.00
19:13:46  방향가속도크기:9.77
19:13:46  방향자이로크기:2.97
19:13:46  방향자세cos:0.9993
19:13:46  자기모델잔차:1.49
19:13:46  자기모델반경:1.570
19:13:46  방향채택:8953
19:13:46  방향거부:84083
19:13:46  GPS원시속도:0.185
19:13:46  GPS원시방향유효:1
19:13:46  GPS원시방향:131.4
19:13:46  가속도:-0.17,0.23,9.76
19:13:46  자이로:2.5,-0.1,-1.6
19:13:46  자력계:0.750,-76.350,4.800
19:13:46  충격값:0.09
19:13:46  충격피크:0.19
19:13:46  마지막충격발생값:44.27
19:13:46  마지막충격발생ms:70226
19:13:46  송신:7087
19:13:46  지팡이수신:6917
19:13:46  GPS위성:4
19:13:46  GPS_HDOP:2.90
19:13:46  원시위도:37.497155
19:13:46  원시경도:126.957157
19:13:46  GPS채택:671
19:13:46  GPS이상치거부:97
19:13:46  GPS품질거부:359
19:13:46  GPS재기준:12
19:13:46  계산거리:67.27
19:13:46  접근속도:0.00
19:13:46  TTC:999.00
19:13:46  방향오차:129.9
19:13:46  전방여부:0
19:13:46  위험음성횟수:40
19:13:46  충격음성횟수:1
19:13:46  마지막위험음성:1
19:13:46  RSSI원시:-62
19:13:46  RSSI평활:-62.7
19:13:46  RSSI샘플:6917
19:13:46  RSSI경과ms:39
19:13:46  위험송신:6917
19:13:46  시각ms:736599
19:13:46  IMU시각ms:736599
19:13:46  위험:0
19:13:46  원시위험:0
19:13:46  GPS유효:1
19:13:46  위도:37.497153
19:13:46  경도:126.957163
19:13:46  속도:0.14
19:13:46  방향:0.0
19:13:46  이동방향유효:0
19:13:46  GPS이동방향:111.8
19:13:46  차체방향유효:0
19:13:46  차체방향:57.5
19:13:46  후진판정:0
19:13:46  IMU요회전속도:0.00
19:13:46  방향가속도크기:9.63
19:13:46  방향자이로크기:4.15
19:13:46  방향자세cos:0.9991
19:13:46  자기모델잔차:0.03
19:13:46  자기모델반경:1.574
19:13:46  방향채택:8953
19:13:46  방향거부:84107
19:13:46  GPS원시속도:0.118
19:13:46  GPS원시방향유효:1
19:13:46  GPS원시방향:131.4
19:13:46  가속도:-0.10,0.25,9.63
19:13:46  자이로:1.7,-2.8,2.6
19:13:46  자력계:0.750,-76.650,3.300
19:13:46  충격값:0.10
19:13:46  충격피크:0.20
19:13:46  마지막충격발생값:44.27
19:13:46  마지막충격발생ms:70226
19:13:46  송신:7089
19:13:46  지팡이수신:6919
19:13:46  GPS위성:4
19:13:46  GPS_HDOP:2.90
19:13:46  원시위도:37.497157
19:13:46  원시경도:126.957155
19:13:46  GPS채택:673
19:13:46  GPS이상치거부:97
19:13:46  GPS품질거부:359
19:13:46  GPS재기준:12
19:13:46  계산거리:67.81
19:13:46  접근속도:0.00
19:13:46  TTC:999.00
19:13:46  방향오차:130.3
19:13:46  전방여부:0
19:13:46  위험음성횟수:40
19:13:46  충격음성횟수:1
19:13:46  마지막위험음성:1
19:13:46  RSSI원시:-62
19:13:46  RSSI평활:-62.6
19:13:46  RSSI샘플:6919
19:13:46  RSSI경과ms:37
19:13:46  위험송신:6919
19:13:48  시각ms:738388
19:13:48  IMU시각ms:738387
19:13:48  위험:0
19:13:48  원시위험:0
19:13:48  GPS유효:1
19:13:48  위도:37.497154
19:13:48  경도:126.957162
19:13:48  속도:0.15
19:13:48  방향:0.0
19:13:48  이동방향유효:0
19:13:48  GPS이동방향:111.8
19:13:48  차체방향유효:0
19:13:48  차체방향:57.5
19:13:48  후진판정:0
19:13:48  IMU요회전속도:0.00
19:13:48  방향가속도크기:9.66
19:13:48  방향자이로크기:5.07
19:13:48  방향자세cos:0.9994
19:13:48  자기모델잔차:2.88
19:13:48  자기모델반경:1.522
19:13:48  방향채택:8953
19:13:48  방향거부:84325
19:13:48  GPS원시속도:0.170
19:13:48  GPS원시방향유효:1
19:13:48  GPS원시방향:131.4
19:13:48  가속도:-0.19,0.26,9.65
19:13:48  자이로:2.5,-4.1,-1.6
19:13:48  자력계:1.050,-74.700,6.000
19:13:48  충격값:0.08
19:13:48  충격피크:0.22
19:13:48  마지막충격발생값:44.27
19:13:48  마지막충격발생ms:70226
19:13:48  송신:7106
19:13:48  지팡이수신:6936
19:13:48  GPS위성:4
19:13:48  GPS_HDOP:2.90
19:13:48  원시위도:37.497157
19:13:48  원시경도:126.957153
19:13:48  GPS채택:675
19:13:48  GPS이상치거부:97
19:13:48  GPS품질거부:359
19:13:48  GPS재기준:12
19:13:48  계산거리:67.81
19:13:48  접근속도:0.00
19:13:48  TTC:999.00
19:13:48  방향오차:130.2
19:13:48  전방여부:0
19:13:48  위험음성횟수:40
19:13:48  충격음성횟수:1
19:13:48  마지막위험음성:1
19:13:48  RSSI원시:-62
19:13:48  RSSI평활:-62.4
19:13:48  RSSI샘플:6936
19:13:48  RSSI경과ms:55
19:13:48  위험송신:6936
19:13:48  시각ms:738493
19:13:48  IMU시각ms:738492
19:13:48  위험:0
19:13:48  원시위험:0
19:13:48  GPS유효:1
19:13:48  위도:37.497154
19:13:48  경도:126.957161
19:13:48  속도:0.16
19:13:48  방향:0.0
19:13:48  이동방향유효:0
19:13:48  GPS이동방향:111.8
19:13:48  차체방향유효:0
19:13:48  차체방향:57.5
19:13:48  후진판정:0
19:13:48  IMU요회전속도:0.00
19:13:48  방향가속도크기:9.79
19:13:48  방향자이로크기:1.43
19:13:48  방향자세cos:0.9993
19:13:48  자기모델잔차:0.83
19:13:48  자기모델반경:1.586
19:13:48  방향채택:8953
19:13:48  방향거부:84338
19:13:48  GPS원시속도:0.170
19:13:48  GPS원시방향유효:1
19:13:48  GPS원시방향:131.4
19:13:48  가속도:-0.18,0.22,9.79
19:13:48  자이로:0.2,1.4,-0.3
19:13:48  자력계:0.900,-76.950,4.200
19:13:48  충격값:0.11
19:13:48  충격피크:0.24
19:13:48  마지막충격발생값:44.27
19:13:48  마지막충격발생ms:70226
19:13:48  송신:7107
19:13:48  지팡이수신:6937
19:13:48  GPS위성:5
19:13:48  GPS_HDOP:1.60
19:13:48  원시위도:37.497155
19:13:48  원시경도:126.957157
19:13:48  GPS채택:676
19:13:48  GPS이상치거부:97
19:13:48  GPS품질거부:359
19:13:48  GPS재기준:12
19:13:48  계산거리:67.81
19:13:48  접근속도:0.00
19:13:48  TTC:999.00
19:13:48  방향오차:130.2
19:13:48  전방여부:0
19:13:48  위험음성횟수:40
19:13:48  충격음성횟수:1
19:13:48  마지막위험음성:1
19:13:48  RSSI원시:-62
19:13:48  RSSI평활:-62.3
19:13:48  RSSI샘플:6937
19:13:48  RSSI경과ms:55
19:13:48  위험송신:6937
19:13:48  시각ms:738597
19:13:48  IMU시각ms:738596
19:13:48  위험:0
19:13:48  원시위험:0
19:13:48  GPS유효:1
19:13:48  위도:37.497154
19:13:48  경도:126.957161
19:13:48  속도:0.16
19:13:48  방향:0.0
19:13:48  이동방향유효:0
19:13:48  GPS이동방향:111.8
19:13:48  차체방향유효:0
19:13:48  차체방향:57.5
19:13:48  후진판정:0
19:13:48  IMU요회전속도:0.00
19:13:48  방향가속도크기:9.73
19:13:48  방향자이로크기:3.20
19:13:48  방향자세cos:0.9991
19:13:48  자기모델잔차:0.23
19:13:48  자기모델반경:1.624
19:13:48  방향채택:8953
19:13:48  방향거부:84349
19:13:48  GPS원시속도:0.170
19:13:48  GPS원시방향유효:1
19:13:48  GPS원시방향:131.4
19:13:48  가속도:-0.07,0.30,9.73
19:13:48  자이로:1.5,-2.8,-0.0
19:13:48  자력계:1.800,-78.300,3.750
19:13:48  충격값:0.08
19:13:48  충격피크:0.16
19:13:48  마지막충격발생값:44.27
19:13:48  마지막충격발생ms:70226
19:13:48  송신:7108
19:13:48  지팡이수신:6938
19:13:48  GPS위성:5
19:13:48  GPS_HDOP:1.60
19:13:48  원시위도:37.497155
19:13:48  원시경도:126.957157
19:13:48  GPS채택:676
19:13:48  GPS이상치거부:97
19:13:48  GPS품질거부:359
19:13:48  GPS재기준:12
19:13:48  계산거리:67.58
19:13:48  접근속도:0.00
19:13:48  TTC:999.00
19:13:48  방향오차:130.7
19:13:48  전방여부:0
19:13:48  위험음성횟수:40
19:13:48  충격음성횟수:1
19:13:48  마지막위험음성:1
19:13:48  RSSI원시:-63
19:13:48  RSSI평활:-62.5
19:13:48  RSSI샘플:6938
19:13:48  RSSI경과ms:55
19:13:48  위험송신:6938
19:13:49  시각ms:739959
19:13:49  IMU시각ms:739959
19:13:49  위험:0
19:13:49  원시위험:0
19:13:49  GPS유효:1
19:13:49  위도:37.497154
19:13:49  경도:126.957160
19:13:49  속도:0.27
19:13:49  방향:0.0
19:13:49  이동방향유효:0
19:13:49  GPS이동방향:111.8
19:13:49  차체방향유효:1
19:13:49  차체방향:279.7
19:13:49  후진판정:0
19:13:49  IMU요회전속도:0.00
19:13:49  방향가속도크기:9.69
19:13:49  방향자이로크기:1.43
19:13:49  방향자세cos:0.9991
19:13:49  자기모델잔차:2.24
19:13:49  자기모델반경:1.569
19:13:49  방향채택:8955
19:13:49  방향거부:84514
19:13:49  GPS원시속도:0.268
19:13:49  GPS원시방향유효:1
19:13:49  GPS원시방향:131.4
19:13:49  가속도:-0.10,0.27,9.69
19:13:49  자이로:1.3,0.5,0.1
19:13:49  자력계:1.800,-76.350,5.550
19:13:49  충격값:0.06
19:13:49  충격피크:0.28
19:13:49  마지막충격발생값:44.27
19:13:49  마지막충격발생ms:70226
19:13:49  송신:7121
19:13:49  지팡이수신:6951
19:13:49  GPS위성:5
19:13:49  GPS_HDOP:1.60
19:13:49  원시위도:37.497153
19:13:49  원시경도:126.957157
19:13:49  GPS채택:679
19:13:49  GPS이상치거부:97
19:13:49  GPS품질거부:359
19:13:49  GPS재기준:12
19:13:49  계산거리:67.58
19:13:49  접근속도:0.00
19:13:49  TTC:999.00
19:13:49  방향오차:130.7
19:13:49  전방여부:0
19:13:49  위험음성횟수:40
19:13:49  충격음성횟수:1
19:13:49  마지막위험음성:1
19:13:49  RSSI원시:-62
19:13:49  RSSI평활:-62.1
19:13:49  RSSI샘플:6951
19:13:49  RSSI경과ms:60
19:13:49  위험송신:6951
19:13:50  시각ms:740485
19:13:50  IMU시각ms:740484
19:13:50  위험:0
19:13:50  원시위험:0
19:13:50  GPS유효:1
19:13:50  위도:37.497153
19:13:50  경도:126.957160
19:13:50  속도:0.27
19:13:50  방향:0.0
19:13:50  이동방향유효:0
19:13:50  GPS이동방향:111.8
19:13:50  차체방향유효:1
19:13:50  차체방향:279.7
19:13:50  후진판정:0
19:13:50  IMU요회전속도:0.00
19:13:50  방향가속도크기:9.73
19:13:50  방향자이로크기:2.73
19:13:50  방향자세cos:0.9991
19:13:50  자기모델잔차:1.63
19:13:50  자기모델반경:1.572
19:13:50  방향채택:8955
19:13:50  방향거부:84579
19:13:50  GPS원시속도:0.268
19:13:50  GPS원시방향유효:1
19:13:50  GPS원시방향:131.4
19:13:50  가속도:-0.07,0.29,9.72
19:13:50  자이로:1.2,0.9,-2.3
19:13:50  자력계:1.650,-76.500,4.950
19:13:50  충격값:0.08
19:13:50  충격피크:0.19
19:13:50  마지막충격발생값:44.27
19:13:50  마지막충격발생ms:70226
19:13:50  송신:7126
19:13:50  지팡이수신:6956
19:13:50  GPS위성:5
19:13:50  GPS_HDOP:1.60
19:13:50  원시위도:37.497152
19:13:50  원시경도:126.957158
19:13:50  GPS채택:680
19:13:50  GPS이상치거부:97
19:13:50  GPS품질거부:359
19:13:50  GPS재기준:12
19:13:50  계산거리:67.58
19:13:50  접근속도:0.00
19:13:50  TTC:999.00
19:13:50  방향오차:130.7
19:13:50  전방여부:0
19:13:50  위험음성횟수:40
19:13:50  충격음성횟수:1
19:13:50  마지막위험음성:1
19:13:50  RSSI원시:-62
19:13:50  RSSI평활:-62.2
19:13:50  RSSI샘플:6956
19:13:50  RSSI경과ms:65
19:13:50  위험송신:6956
19:13:50  시각ms:740797
19:13:50  IMU시각ms:740797
19:13:50  위험:0
19:13:50  원시위험:0
19:13:50  GPS유효:1
19:13:50  위도:37.497153
19:13:50  경도:126.957160
19:13:50  속도:0.25
19:13:50  방향:0.0
19:13:50  이동방향유효:0
19:13:50  GPS이동방향:111.8
19:13:50  차체방향유효:1
19:13:50  차체방향:279.6
19:13:50  후진판정:0
19:13:50  IMU요회전속도:0.00
19:13:50  방향가속도크기:9.69
19:13:50  방향자이로크기:2.20
19:13:50  방향자세cos:0.9991
19:13:50  자기모델잔차:1.69
19:13:50  자기모델반경:1.516
19:13:50  방향채택:8956
19:13:50  방향거부:84615
19:13:50  GPS원시속도:0.231
19:13:50  GPS원시방향유효:1
19:13:50  GPS원시방향:131.4
19:13:50  가속도:-0.09,0.26,9.68
19:13:50  자이로:0.8,-0.7,1.9
19:13:50  자력계:1.500,-74.700,4.800
19:13:50  충격값:0.08
19:13:50  충격피크:0.13
19:13:50  마지막충격발생값:44.27
19:13:50  마지막충격발생ms:70226
19:13:50  송신:7129
19:13:50  지팡이수신:6959
19:13:50  GPS위성:5
19:13:50  GPS_HDOP:1.60
19:13:50  원시위도:37.497152
19:13:50  원시경도:126.957158
19:13:50  GPS채택:681
19:13:50  GPS이상치거부:97
19:13:50  GPS품질거부:359
19:13:50  GPS재기준:12
19:13:50  계산거리:67.85
19:13:50  접근속도:0.00
19:13:50  TTC:999.00
19:13:50  방향오차:130.9
19:13:50  전방여부:0
19:13:50  위험음성횟수:40
19:13:50  충격음성횟수:1
19:13:50  마지막위험음성:1
19:13:50  RSSI원시:-62
19:13:50  RSSI평활:-62.2
19:13:50  RSSI샘플:6959
19:13:50  RSSI경과ms:59
19:13:50  위험송신:6959
19:13:52  시각ms:742786
19:13:52  IMU시각ms:742786
19:13:52  위험:0
19:13:52  원시위험:0
19:13:52  GPS유효:1
19:13:52  위도:37.497150
19:13:52  경도:126.957163
19:13:52  속도:0.19
19:13:52  방향:0.0
19:13:52  이동방향유효:0
19:13:52  GPS이동방향:111.8
19:13:52  차체방향유효:1
19:13:52  차체방향:280.8
19:13:52  후진판정:0
19:13:52  IMU요회전속도:0.00
19:13:52  방향가속도크기:9.71
19:13:52  방향자이로크기:4.97
19:13:52  방향자세cos:0.9996
19:13:52  자기모델잔차:1.33
19:13:52  자기모델반경:1.573
19:13:52  방향채택:8957
19:13:52  방향거부:84855
19:13:52  GPS원시속도:0.231
19:13:52  GPS원시방향유효:1
19:13:52  GPS원시방향:131.4
19:13:52  가속도:-0.23,0.28,9.71
19:13:52  자이로:2.3,-4.4,0.5
19:13:52  자력계:1.200,-76.500,4.650
19:13:52  충격값:0.09
19:13:52  충격피크:0.21
19:13:52  마지막충격발생값:44.27
19:13:52  마지막충격발생ms:70226
19:13:52  송신:7148
19:13:52  지팡이수신:6978
19:13:52  GPS위성:5
19:13:52  GPS_HDOP:1.60
19:13:52  원시위도:37.497132
19:13:52  원시경도:126.957180
19:13:52  GPS채택:685
19:13:52  GPS이상치거부:97
19:13:52  GPS품질거부:359
19:13:52  GPS재기준:12
19:13:52  계산거리:67.85
19:13:52  접근속도:0.00
19:13:52  TTC:999.00
19:13:52  방향오차:131.1
19:13:52  전방여부:0
19:13:52  위험음성횟수:40
19:13:52  충격음성횟수:1
19:13:52  마지막위험음성:1
19:13:52  RSSI원시:-62
19:13:52  RSSI평활:-62.0
19:13:52  RSSI샘플:6978
19:13:52  RSSI경과ms:68
19:13:52  위험송신:6978
19:13:52  시각ms:742891
19:13:52  IMU시각ms:742891
19:13:52  위험:0
19:13:52  원시위험:0
19:13:52  GPS유효:1
19:13:52  위도:37.497150
19:13:52  경도:126.957163
19:13:52  속도:0.19
19:13:52  방향:0.0
19:13:52  이동방향유효:0
19:13:52  GPS이동방향:111.8
19:13:52  차체방향유효:1
19:13:52  차체방향:280.8
19:13:52  후진판정:0
19:13:52  IMU요회전속도:0.00
19:13:52  방향가속도크기:9.76
19:13:52  방향자이로크기:1.94
19:13:52  방향자세cos:0.9994
19:13:52  자기모델잔차:1.26
19:13:52  자기모델반경:1.550
19:13:52  방향채택:8957
19:13:52  방향거부:84868
19:13:52  GPS원시속도:0.231
19:13:52  GPS원시방향유효:1
19:13:52  GPS원시방향:131.4
19:13:52  가속도:-0.12,0.44,9.75
19:13:52  자이로:0.4,-1.3,1.4
19:13:52  자력계:2.250,-75.900,4.500
19:13:52  충격값:0.15
19:13:52  충격피크:0.24
19:13:52  마지막충격발생값:44.27
19:13:52  마지막충격발생ms:70226
19:13:52  송신:7149
19:13:52  지팡이수신:6979
19:13:52  GPS위성:5
19:13:52  GPS_HDOP:1.60
19:13:52  원시위도:37.497132
19:13:52  원시경도:126.957180
19:13:52  GPS채택:685
19:13:52  GPS이상치거부:97
19:13:52  GPS품질거부:359
19:13:52  GPS재기준:12
19:13:52  계산거리:67.85
19:13:52  접근속도:0.00
19:13:52  TTC:999.00
19:13:52  방향오차:131.1
19:13:52  전방여부:0
19:13:52  위험음성횟수:40
19:13:52  충격음성횟수:1
19:13:52  마지막위험음성:1
19:13:52  RSSI원시:-62
19:13:52  RSSI평활:-62.0
19:13:52  RSSI샘플:6979
19:13:52  RSSI경과ms:66
19:13:52  위험송신:6979
