17:35:11  시각ms:1985307
17:35:11  IMU시각ms:1985307
17:35:11  위험:0
17:35:11  GPS유효:1
17:35:11  위도:37.496647
17:35:11  경도:126.957878
17:35:11  속도:0.009
17:35:11  방향:188.0
17:35:11  GPS원시속도:0.010
17:35:11  GPS원시방향유효:1
17:35:11  GPS원시방향:187.0
17:35:11  가속도:3.979,-6.009,6.704
17:35:11  자이로:-2.099,-0.053,-1.550
17:35:11  자력계:-13.950,12.750,-0.150
17:35:11  송신:19410
17:35:11  GPS위성:7
17:35:11  GPS_HDOP:1.39
17:35:11  원시위도:37.496647
17:35:11  원시경도:126.957878
17:35:11  GPS채택:2882
17:35:11  GPS이상치거부:8
17:35:11  GPS품질거부:191
17:35:11  GPS재기준:1
17:35:11  RSSI원시:-86
17:35:11  RSSI평활:-87.3
17:35:11  RSSI샘플:35802
17:35:11  RSSI경과ms:50
17:35:11  차량수신:17436
17:35:11  시각ms:1985334
17:35:11  IMU시각ms:1985334
17:35:11  위험:0
17:35:11  GPS유효:1
17:35:11  위도:37.496647
17:35:11  경도:126.957878
17:35:11  속도:0.009
17:35:11  방향:188.0
17:35:11  GPS원시속도:0.010
17:35:11  GPS원시방향유효:1
17:35:11  GPS원시방향:187.0
17:35:11  가속도:4.104,-6.057,6.737
17:35:11  자이로:-2.870,1.779,0.840
17:35:11  자력계:-12.150,10.950,-1.200
17:35:11  송신:19411
17:35:11  GPS위성:7
17:35:11  GPS_HDOP:1.39
17:35:11  원시위도:37.496647
17:35:11  원시경도:126.957878
17:35:11  GPS채택:2882
17:35:11  GPS이상치거부:8
17:35:11  GPS품질거부:191
17:35:11  GPS재기준:1
17:35:11  RSSI원시:-86
17:35:11  RSSI평활:-87.3
17:35:11  RSSI샘플:35802
17:35:11  RSSI경과ms:77
17:35:11  차량수신:17436
17:35:11  시각ms:1985356
17:35:11  IMU시각ms:1985356
17:35:11  위험:0
17:35:11  GPS유효:1
17:35:11  위도:37.496647
17:35:11  경도:126.957878
17:35:11  속도:0.009
17:35:11  방향:188.0
17:35:11  GPS원시속도:0.010
17:35:11  GPS원시방향유효:1
17:35:11  GPS원시방향:187.0
17:35:11  가속도:4.075,-6.096,6.761
17:35:11  자이로:0.275,-2.534,2.595
17:35:11  자력계:-14.400,12.750,-1.200
17:35:11  송신:19411
17:35:11  GPS위성:7
17:35:11  GPS_HDOP:1.39
17:35:11  원시위도:37.496647
17:35:11  원시경도:126.957878
17:35:11  GPS채택:2882
17:35:11  GPS이상치거부:8
17:35:11  GPS품질거부:191
17:35:11  GPS재기준:1
17:35:11  RSSI원시:-86
17:35:11  RSSI평활:-87.3
17:35:11  RSSI샘플:35802
17:35:11  RSSI경과ms:99
17:35:11  차량수신:17436
17:35:11  시각ms:1985378
17:35:11  IMU시각ms:1985378
17:35:11  위험:0
17:35:11  GPS유효:1
17:35:11  위도:37.496647
17:35:11  경도:126.957878
17:35:11  속도:0.009
17:35:11  방향:188.0
17:35:11  GPS원시속도:0.010
17:35:11  GPS원시방향유효:1
17:35:11  GPS원시방향:187.0
17:35:11  가속도:4.108,-6.024,6.771
17:35:11  자이로:1.153,0.992,-1.260
17:35:11  자력계:-13.200,12.450,0.150
17:35:11  송신:19411
17:35:11  GPS위성:7
17:35:11  GPS_HDOP:1.39
17:35:11  원시위도:37.496647
17:35:11  원시경도:126.957878
17:35:11  GPS채택:2882
17:35:11  GPS이상치거부:8
17:35:11  GPS품질거부:191
17:35:11  GPS재기준:1
17:35:11  RSSI원시:-86
17:35:11  RSSI평활:-87.3
17:35:11  RSSI샘플:35802
17:35:11  RSSI경과ms:121
17:35:11  차량수신:17436
17:35:11  시각ms:1985586
17:35:11  IMU시각ms:1985586
17:35:11  위험:0
17:35:11  GPS유효:1
17:35:11  위도:37.496647
17:35:11  경도:126.957878
17:35:11  속도:0.008
17:35:11  방향:188.0
17:35:11  GPS원시속도:0.005
17:35:11  GPS원시방향유효:1
17:35:11  GPS원시방향:187.0
17:35:11  가속도:4.108,-6.043,6.800
17:35:11  자이로:-0.252,-0.099,-0.473
17:35:11  자력계:-15.000,11.850,1.350
17:35:11  송신:19413
17:35:11  GPS위성:7
17:35:11  GPS_HDOP:1.39
17:35:11  원시위도:37.496648
17:35:11  원시경도:126.957878
17:35:11  GPS채택:2883
17:35:11  GPS이상치거부:8
17:35:11  GPS품질거부:191
17:35:11  GPS재기준:1
17:35:11  RSSI원시:-86
17:35:11  RSSI평활:-87.3
17:35:11  RSSI샘플:35802
17:35:11  RSSI경과ms:329
17:35:11  차량수신:17436
17:35:12  시각ms:1985665
17:35:12  IMU시각ms:1985665
17:35:12  위험:0
17:35:12  GPS유효:1
17:35:12  위도:37.496647
17:35:12  경도:126.957878
17:35:12  속도:0.007
17:35:12  방향:188.0
17:35:12  GPS원시속도:0.005
17:35:12  GPS원시방향유효:1
17:35:12  GPS원시방향:187.0
17:35:12  가속도:3.989,-6.100,6.771
17:35:12  자이로:-0.573,0.053,0.802
17:35:12  자력계:-14.550,12.300,1.050
17:35:12  송신:19414
17:35:12  GPS위성:7
17:35:12  GPS_HDOP:1.39
17:35:12  원시위도:37.496648
17:35:12  원시경도:126.957878
17:35:12  GPS채택:2884
17:35:12  GPS이상치거부:8
17:35:12  GPS품질거부:191
17:35:12  GPS재기준:1
17:35:12  RSSI원시:-86
17:35:12  RSSI평활:-87.3
17:35:12  RSSI샘플:35802
17:35:12  RSSI경과ms:408
17:35:12  차량수신:17436
17:35:12  시각ms:1985844
17:35:12  IMU시각ms:1985844
17:35:12  위험:0
17:35:12  GPS유효:1
17:35:12  위도:37.496647
17:35:12  경도:126.957878
17:35:12  속도:0.007
17:35:12  방향:188.0
17:35:12  GPS원시속도:0.005
17:35:12  GPS원시방향유효:1
17:35:12  GPS원시방향:187.0
17:35:12  가속도:4.013,-6.053,6.704
17:35:12  자이로:-2.344,0.435,1.321
17:35:12  자력계:-13.800,11.850,1.350
17:35:12  송신:19416
17:35:12  GPS위성:7
17:35:12  GPS_HDOP:1.39
17:35:12  원시위도:37.496648
17:35:12  원시경도:126.957878
17:35:12  GPS채택:2884
17:35:12  GPS이상치거부:8
17:35:12  GPS품질거부:191
17:35:12  GPS재기준:1
17:35:12  RSSI원시:-86
17:35:12  RSSI평활:-87.0
17:35:12  RSSI샘플:35804
17:35:12  RSSI경과ms:70
17:35:12  차량수신:17437
17:35:12  시각ms:1985866
17:35:12  IMU시각ms:1985866
17:35:12  위험:0
17:35:12  GPS유효:1
17:35:12  위도:37.496647
17:35:12  경도:126.957878
17:35:12  속도:0.007
17:35:12  방향:188.0
17:35:12  GPS원시속도:0.005
17:35:12  GPS원시방향유효:1
17:35:12  GPS원시방향:187.0
17:35:12  가속도:4.017,-5.986,6.732
17:35:12  자이로:-1.504,-1.664,-0.359
17:35:12  자력계:-12.300,12.600,1.350
17:35:12  송신:19416
17:35:12  GPS위성:7
17:35:12  GPS_HDOP:1.39
17:35:12  원시위도:37.496648
17:35:12  원시경도:126.957878
17:35:12  GPS채택:2884
17:35:12  GPS이상치거부:8
17:35:12  GPS품질거부:191
17:35:12  GPS재기준:1
17:35:12  RSSI원시:-86
17:35:12  RSSI평활:-87.0
17:35:12  RSSI샘플:35804
17:35:12  RSSI경과ms:92
17:35:12  차량수신:17437
17:35:12  시각ms:1985888
17:35:12  IMU시각ms:1985888
17:35:12  위험:0
17:35:12  GPS유효:1
17:35:12  위도:37.496647
17:35:12  경도:126.957878
17:35:12  속도:0.007
17:35:12  방향:188.0
17:35:12  GPS원시속도:0.005
17:35:12  GPS원시방향유효:1
17:35:12  GPS원시방향:187.0
17:35:12  가속도:4.123,-6.053,6.737
17:35:12  자이로:-1.221,-0.641,4.000
17:35:12  자력계:-14.250,13.050,0.000
17:35:12  송신:19416
17:35:12  GPS위성:7
17:35:12  GPS_HDOP:1.39
17:35:12  원시위도:37.496648
17:35:12  원시경도:126.957878
17:35:12  GPS채택:2884
17:35:12  GPS이상치거부:8
17:35:12  GPS품질거부:191
17:35:12  GPS재기준:1
17:35:12  RSSI원시:-86
17:35:12  RSSI평활:-86.8
17:35:12  RSSI샘플:35805
17:35:12  RSSI경과ms:2
17:35:12  차량수신:17438
17:35:12  시각ms:1985945
17:35:12  IMU시각ms:1985945
17:35:12  위험:0
17:35:12  GPS유효:1
17:35:12  위도:37.496647
17:35:12  경도:126.957878
17:35:12  속도:0.007
17:35:12  방향:188.0
17:35:12  GPS원시속도:0.005
17:35:12  GPS원시방향유효:1
17:35:12  GPS원시방향:187.0
17:35:12  가속도:3.922,-6.019,6.809
17:35:12  자이로:0.252,-4.069,0.229
17:35:12  자력계:-13.500,12.300,0.600
17:35:12  송신:19417
17:35:12  GPS위성:7
17:35:12  GPS_HDOP:1.39
17:35:12  원시위도:37.496648
17:35:12  원시경도:126.957878
17:35:12  GPS채택:2884
17:35:12  GPS이상치거부:8
17:35:12  GPS품질거부:191
17:35:12  GPS재기준:1
17:35:12  RSSI원시:-86
17:35:12  RSSI평활:-86.8
17:35:12  RSSI샘플:35805
17:35:12  RSSI경과ms:59
17:35:12  차량수신:17438
17:35:12  시각ms:1985967
17:35:12  IMU시각ms:1985967
17:35:12  위험:0
17:35:12  GPS유효:1
17:35:12  위도:37.496647
17:35:12  경도:126.957878
17:35:12  속도:0.007
17:35:12  방향:188.0
17:35:12  GPS원시속도:0.005
17:35:12  GPS원시방향유효:1
17:35:12  GPS원시방향:187.0
17:35:12  가속도:4.061,-5.990,6.795
17:35:12  자이로:-2.191,0.107,-0.458
17:35:12  자력계:-14.700,12.000,0.450
17:35:12  송신:19417
17:35:12  GPS위성:7
17:35:12  GPS_HDOP:1.39
17:35:12  원시위도:37.496648
17:35:12  원시경도:126.957878
17:35:12  GPS채택:2884
17:35:12  GPS이상치거부:8
17:35:12  GPS품질거부:191
17:35:12  GPS재기준:1
17:35:12  RSSI원시:-86
17:35:12  RSSI평활:-86.8
17:35:12  RSSI샘플:35805
17:35:12  RSSI경과ms:81
17:35:12  차량수신:17438
17:35:12  시각ms:1986011
17:35:12  IMU시각ms:1986011
17:35:12  위험:0
17:35:12  GPS유효:1
17:35:12  위도:37.496647
17:35:12  경도:126.957878
17:35:12  속도:0.007
17:35:12  방향:188.0
17:35:12  GPS원시속도:0.005
17:35:12  GPS원시방향유효:1
17:35:12  GPS원시방향:187.0
17:35:12  가속도:4.113,-5.947,6.680
17:35:12  자이로:-0.473,-0.817,0.382
17:35:12  자력계:-10.800,10.650,1.050
17:35:12  송신:19417
17:35:12  GPS위성:7
17:35:12  GPS_HDOP:1.39
17:35:12  원시위도:37.496648
17:35:12  원시경도:126.957878
17:35:12  GPS채택:2884
17:35:12  GPS이상치거부:8
17:35:12  GPS품질거부:191
17:35:12  GPS재기준:1
17:35:12  RSSI원시:-86
17:35:12  RSSI평활:-86.6
17:35:12  RSSI샘플:35806
17:35:12  RSSI경과ms:32
17:35:12  차량수신:17439
17:35:12  시각ms:1986166
17:35:12  IMU시각ms:1986166
17:35:12  위험:0
17:35:12  GPS유효:1
17:35:12  위도:37.496647
17:35:12  경도:126.957878
17:35:12  속도:0.007
17:35:12  방향:188.0
17:35:12  GPS원시속도:0.005
17:35:12  GPS원시방향유효:1
17:35:12  GPS원시방향:187.0
17:35:12  가속도:3.974,-6.148,6.800
17:35:12  자이로:-0.275,-1.450,0.847
17:35:12  자력계:-13.800,13.800,-0.300
17:35:12  송신:19419
17:35:12  GPS위성:7
17:35:12  GPS_HDOP:1.39
17:35:12  원시위도:37.496648
17:35:12  원시경도:126.957878
17:35:12  GPS채택:2884
17:35:12  GPS이상치거부:8
17:35:12  GPS품질거부:191
17:35:12  GPS재기준:1
17:35:12  RSSI원시:-86
17:35:12  RSSI평활:-86.5
17:35:12  RSSI샘플:35807
17:35:12  RSSI경과ms:91
17:35:12  차량수신:17440
17:35:12  시각ms:1986188
17:35:12  IMU시각ms:1986188
17:35:12  위험:0
17:35:12  GPS유효:1
17:35:12  위도:37.496647
17:35:12  경도:126.957878
17:35:12  속도:0.007
17:35:12  방향:188.0
17:35:12  GPS원시속도:0.005
17:35:12  GPS원시방향유효:1
17:35:12  GPS원시방향:187.0
17:35:12  가속도:4.017,-6.091,6.694
17:35:12  자이로:0.252,0.992,0.145
17:35:12  자력계:-13.500,11.100,-1.350
17:35:12  송신:19419
17:35:12  GPS위성:7
17:35:12  GPS_HDOP:1.39
17:35:12  원시위도:37.496648
17:35:12  원시경도:126.957878
17:35:12  GPS채택:2884
17:35:12  GPS이상치거부:8
17:35:12  GPS품질거부:191
17:35:12  GPS재기준:1
17:35:12  RSSI원시:-86
17:35:12  RSSI평활:-86.5
17:35:12  RSSI샘플:35807
17:35:12  RSSI경과ms:113
17:35:12  차량수신:17440
17:35:12  시각ms:1986210
17:35:12  IMU시각ms:1986210
17:35:12  위험:0
17:35:12  GPS유효:1
17:35:12  위도:37.496647
17:35:12  경도:126.957878
17:35:12  속도:0.007
17:35:12  방향:188.0
17:35:12  GPS원시속도:0.005
17:35:12  GPS원시방향유효:1
17:35:12  GPS원시방향:187.0
17:35:12  가속도:4.118,-6.076,6.761
17:35:12  자이로:-3.069,-0.405,1.153
17:35:12  자력계:-13.800,11.100,2.550
17:35:12  송신:19419
17:35:12  GPS위성:7
17:35:12  GPS_HDOP:1.39
17:35:12  원시위도:37.496648
17:35:12  원시경도:126.957878
17:35:12  GPS채택:2884
17:35:12  GPS이상치거부:8
17:35:12  GPS품질거부:191
17:35:12  GPS재기준:1
17:35:12  RSSI원시:-86
17:35:12  RSSI평활:-86.5
17:35:12  RSSI샘플:35807
17:35:12  RSSI경과ms:135
17:35:12  차량수신:17440
17:35:12  시각ms:1986244
17:35:12  IMU시각ms:1986232
17:35:12  위험:0
17:35:12  GPS유효:1
17:35:12  위도:37.496647
17:35:12  경도:126.957878
17:35:12  속도:0.007
17:35:12  방향:188.0
17:35:12  GPS원시속도:0.005
17:35:12  GPS원시방향유효:1
17:35:12  GPS원시방향:187.0
17:35:12  가속도:4.027,-6.038,6.670
17:35:12  자이로:-2.282,-1.183,-0.916
17:35:12  자력계:-12.300,11.850,1.800
17:35:12  송신:19420
17:35:12  GPS위성:7
17:35:12  GPS_HDOP:1.39
17:35:12  원시위도:37.496648
17:35:12  원시경도:126.957878
17:35:12  GPS채택:2884
17:35:12  GPS이상치거부:8
17:35:12  GPS품질거부:191
17:35:12  GPS재기준:1
17:35:12  RSSI원시:-86
17:35:12  RSSI평활:-86.5
17:35:12  RSSI샘플:35807
17:35:12  RSSI경과ms:169
17:35:12  차량수신:17440
17:35:12  시각ms:1986350
17:35:12  IMU시각ms:1986350
17:35:12  위험:0
17:35:12  GPS유효:1
17:35:12  위도:37.496647
17:35:12  경도:126.957878
17:35:12  속도:0.007
17:35:12  방향:188.0
17:35:12  GPS원시속도:0.005
17:35:12  GPS원시방향유효:1
17:35:12  GPS원시방향:187.0
17:35:12  가속도:4.075,-6.196,6.637
17:35:12  자이로:-1.809,-2.511,-0.305
17:35:12  자력계:-13.500,13.350,0.300
17:35:12  송신:19421
17:35:12  GPS위성:7
17:35:12  GPS_HDOP:1.39
17:35:12  원시위도:37.496648
17:35:12  원시경도:126.957878
17:35:12  GPS채택:2884
17:35:12  GPS이상치거부:8
17:35:12  GPS품질거부:191
17:35:12  GPS재기준:1
17:35:12  RSSI원시:-86
17:35:12  RSSI평활:-86.5
17:35:12  RSSI샘플:35807
17:35:12  RSSI경과ms:275
17:35:12  차량수신:17440
17:35:12  시각ms:1986416
17:35:12  IMU시각ms:1986416
17:35:12  위험:0
17:35:12  GPS유효:1
17:35:12  위도:37.496647
17:35:12  경도:126.957878
17:35:12  속도:0.007
17:35:12  방향:188.0
17:35:12  GPS원시속도:0.005
17:35:12  GPS원시방향유효:1
17:35:12  GPS원시방향:187.0
17:35:12  가속도:3.998,-6.009,6.747
17:35:12  자이로:-1.885,-1.458,0.198
17:35:12  자력계:-12.750,11.850,0.600
17:35:12  송신:19421
17:35:12  GPS위성:7
17:35:12  GPS_HDOP:1.39
17:35:12  원시위도:37.496648
17:35:12  원시경도:126.957878
17:35:12  GPS채택:2884
17:35:12  GPS이상치거부:8
17:35:12  GPS품질거부:191
17:35:12  GPS재기준:1
17:35:12  RSSI원시:-88
17:35:12  RSSI평활:-86.8
17:35:12  RSSI샘플:35808
17:35:12  RSSI경과ms:33
17:35:12  차량수신:17441
17:35:12  시각ms:1986450
17:35:12  IMU시각ms:1986438
17:35:12  위험:0
17:35:12  GPS유효:1
17:35:12  위도:37.496647
17:35:12  경도:126.957878
17:35:12  속도:0.007
17:35:12  방향:188.0
17:35:12  GPS원시속도:0.005
17:35:12  GPS원시방향유효:1
17:35:12  GPS원시방향:187.0
17:35:12  가속도:4.175,-6.081,6.685
17:35:12  자이로:0.260,-3.565,0.115
17:35:12  자력계:-13.950,12.750,1.500
17:35:12  송신:19422
17:35:12  GPS위성:7
17:35:12  GPS_HDOP:1.39
17:35:12  원시위도:37.496648
17:35:12  원시경도:126.957878
17:35:12  GPS채택:2884
17:35:12  GPS이상치거부:8
17:35:12  GPS품질거부:191
17:35:12  GPS재기준:1
17:35:12  RSSI원시:-88
17:35:12  RSSI평활:-86.8
17:35:12  RSSI샘플:35808
17:35:12  RSSI경과ms:67
17:35:12  차량수신:17441
17:35:12  시각ms:1986760
17:35:12  IMU시각ms:1986760
17:35:12  위험:0
17:35:12  GPS유효:1
17:35:12  위도:37.496647
17:35:12  경도:126.957878
17:35:12  속도:0.006
17:35:13  방향:188.0
17:35:13  GPS원시속도:0.005
17:35:13  GPS원시방향유효:1
17:35:13  GPS원시방향:187.0
17:35:13  가속도:4.080,-6.038,6.776
17:35:13  자이로:-1.275,-1.656,-0.771
17:35:13  자력계:-12.900,12.750,0.150
17:35:13  송신:19425
17:35:13  GPS위성:7
17:35:13  GPS_HDOP:1.39
17:35:13  원시위도:37.496649
17:35:13  원시경도:126.957879
17:35:13  GPS채택:2886
17:35:13  GPS이상치거부:8
17:35:13  GPS품질거부:191
17:35:13  GPS재기준:1
17:35:13  RSSI원시:-89
17:35:13  RSSI평활:-87.3
17:35:13  RSSI샘플:35811
17:35:13  RSSI경과ms:81
17:35:13  차량수신:17442
17:35:13  시각ms:1986826
17:35:13  IMU시각ms:1986826
17:35:13  위험:0
17:35:13  GPS유효:1
17:35:13  위도:37.496647
17:35:13  경도:126.957878
17:35:13  속도:0.006
17:35:13  방향:188.0
17:35:13  GPS원시속도:0.005
17:35:13  GPS원시방향유효:1
17:35:13  GPS원시방향:187.0
17:35:13  가속도:4.156,-6.167,6.761
17:35:13  자이로:-1.496,-0.244,0.954
17:35:13  자력계:-13.500,13.050,0.600
17:35:13  송신:19425
17:35:13  GPS위성:7
17:35:13  GPS_HDOP:1.39
17:35:13  원시위도:37.496649
17:35:13  원시경도:126.957879
17:35:13  GPS채택:2886
17:35:13  GPS이상치거부:8
17:35:13  GPS품질거부:191
17:35:13  GPS재기준:1
17:35:13  RSSI원시:-84
17:35:13  RSSI평활:-86.8
17:35:13  RSSI샘플:35813
17:35:13  RSSI경과ms:36
17:35:13  차량수신:17443
17:35:13  시각ms:1986861
17:35:13  IMU시각ms:1986861
17:35:13  위험:0
17:35:13  GPS유효:1
17:35:13  위도:37.496647
17:35:13  경도:126.957878
17:35:13  속도:0.006
17:35:13  방향:188.0
17:35:13  GPS원시속도:0.005
17:35:13  GPS원시방향유효:1
17:35:13  GPS원시방향:187.0
17:35:13  가속도:3.970,-6.072,6.790
17:35:13  자이로:-2.023,-1.580,-1.443
17:35:13  자력계:-15.750,11.400,1.050
17:35:13  송신:19426
17:35:13  GPS위성:7
17:35:13  GPS_HDOP:1.39
17:35:13  원시위도:37.496649
17:35:13  원시경도:126.957879
17:35:13  GPS채택:2886
17:35:13  GPS이상치거부:8
17:35:13  GPS품질거부:191
17:35:13  GPS재기준:1
17:35:13  RSSI원시:-84
17:35:13  RSSI평활:-86.8
17:35:13  RSSI샘플:35813
17:35:13  RSSI경과ms:71
17:35:13  차량수신:17443
17:35:13  시각ms:1986883
17:35:13  IMU시각ms:1986883
17:35:13  위험:0
17:35:13  GPS유효:1
17:35:13  위도:37.496647
17:35:13  경도:126.957878
17:35:13  속도:0.006
17:35:13  방향:188.0
17:35:13  GPS원시속도:0.005
17:35:13  GPS원시방향유효:1
17:35:13  GPS원시방향:187.0
17:35:13  가속도:4.089,-6.120,6.756
17:35:13  자이로:-0.076,-1.420,0.695
17:35:13  자력계:-13.800,13.050,0.000
17:35:13  송신:19426
17:35:13  GPS위성:7
17:35:13  GPS_HDOP:1.39
17:35:13  원시위도:37.496649
17:35:13  원시경도:126.957879
17:35:13  GPS채택:2886
17:35:13  GPS이상치거부:8
17:35:13  GPS품질거부:191
17:35:13  GPS재기준:1
17:35:13  RSSI원시:-84
17:35:13  RSSI평활:-86.8
17:35:13  RSSI샘플:35813
17:35:13  RSSI경과ms:93
17:35:13  차량수신:17443
17:35:13  시각ms:1986927
17:35:13  IMU시각ms:1986927
17:35:13  위험:0
17:35:13  GPS유효:1
17:35:13  위도:37.496647
17:35:13  경도:126.957878
17:35:13  속도:0.006
17:35:13  방향:188.0
17:35:13  GPS원시속도:0.005
17:35:13  GPS원시방향유효:1
17:35:13  GPS원시방향:187.0
17:35:13  가속도:4.056,-6.110,6.847
17:35:13  자이로:1.542,-1.298,1.542
17:35:13  자력계:-13.950,12.450,0.150
17:35:13  송신:19426
17:35:13  GPS위성:7
17:35:13  GPS_HDOP:1.39
17:35:13  원시위도:37.496649
17:35:13  원시경도:126.957879
17:35:13  GPS채택:2886
17:35:13  GPS이상치거부:8
17:35:13  GPS품질거부:191
17:35:13  GPS재기준:1
17:35:13  RSSI원시:-84
17:35:13  RSSI평활:-86.8
17:35:13  RSSI샘플:35813
17:35:13  RSSI경과ms:137
17:35:13  차량수신:17443
17:35:13  시각ms:1986962
17:35:13  IMU시각ms:1986962
17:35:13  위험:0
17:35:13  GPS유효:1
17:35:13  위도:37.496647
17:35:13  경도:126.957878
17:35:13  속도:0.006
17:35:13  방향:188.0
17:35:13  GPS원시속도:0.005
17:35:13  GPS원시방향유효:1
17:35:13  GPS원시방향:187.0
17:35:13  가속도:4.046,-5.986,6.732
17:35:13  자이로:0.382,-1.053,-0.321
17:35:13  자력계:-13.950,13.950,0.150
17:35:13  송신:19427
17:35:13  GPS위성:7
17:35:13  GPS_HDOP:1.39
17:35:13  원시위도:37.496649
17:35:13  원시경도:126.957879
17:35:13  GPS채택:2886
17:35:13  GPS이상치거부:8
17:35:13  GPS품질거부:191
17:35:13  GPS재기준:1
17:35:13  RSSI원시:-84
17:35:13  RSSI평활:-86.8
17:35:13  RSSI샘플:35813
17:35:13  RSSI경과ms:172
17:35:13  차량수신:17443
17:35:13  시각ms:1986984
17:35:13  IMU시각ms:1986984
17:35:13  위험:0
17:35:13  GPS유효:1
17:35:13  위도:37.496647
17:35:13  경도:126.957878
17:35:13  속도:0.006
17:35:13  방향:188.0
17:35:13  GPS원시속도:0.005
17:35:13  GPS원시방향유효:1
17:35:13  GPS원시방향:187.0
17:35:13  가속도:4.017,-5.995,6.723
17:35:13  자이로:-2.649,0.557,0.015
17:35:13  자력계:-13.650,13.500,0.150
17:35:13  송신:19427
17:35:13  GPS위성:7
17:35:13  GPS_HDOP:1.39
17:35:13  원시위도:37.496649
17:35:13  원시경도:126.957879
17:35:13  GPS채택:2886
17:35:13  GPS이상치거부:8
17:35:13  GPS품질거부:191
17:35:13  GPS재기준:1
17:35:13  RSSI원시:-84
17:35:13  RSSI평활:-86.8
17:35:13  RSSI샘플:35813
17:35:13  RSSI경과ms:194
17:35:13  차량수신:17443
17:35:13  시각ms:1987006
17:35:13  IMU시각ms:1987006
17:35:13  위험:0
17:35:13  GPS유효:1
17:35:13  위도:37.496647
17:35:13  경도:126.957878
17:35:13  속도:0.006
17:35:13  방향:188.0
17:35:13  GPS원시속도:0.005
17:35:13  GPS원시방향유효:1
17:35:13  GPS원시방향:187.0
17:35:13  가속도:4.089,-6.053,6.718
17:35:13  자이로:-0.351,1.412,-0.191
17:35:13  자력계:-14.250,13.050,1.050
17:35:13  송신:19427
17:35:13  GPS위성:7
17:35:13  GPS_HDOP:1.39
17:35:13  원시위도:37.496649
17:35:13  원시경도:126.957879
17:35:13  GPS채택:2886
17:35:13  GPS이상치거부:8
17:35:13  GPS품질거부:191
17:35:13  GPS재기준:1
17:35:13  RSSI원시:-89
17:35:13  RSSI평활:-87.2
17:35:13  RSSI샘플:35814
17:35:13  RSSI경과ms:17
17:35:13  차량수신:17444
17:35:13  시각ms:1987061
17:35:13  IMU시각ms:1987061
17:35:13  위험:0
17:35:13  GPS유효:1
17:35:13  위도:37.496647
17:35:13  경도:126.957878
17:35:13  속도:0.006
17:35:13  방향:188.0
17:35:13  GPS원시속도:0.005
17:35:13  GPS원시방향유효:1
17:35:13  GPS원시방향:187.0
17:35:13  가속도:4.080,-6.014,6.828
17:35:13  자이로:-1.206,-1.046,-2.092
17:35:13  자력계:-13.950,11.700,-0.150
17:35:13  송신:19428
17:35:13  GPS위성:7
17:35:13  GPS_HDOP:1.39
17:35:13  원시위도:37.496649
17:35:13  원시경도:126.957879
17:35:13  GPS채택:2886
17:35:13  GPS이상치거부:8
17:35:13  GPS품질거부:191
17:35:13  GPS재기준:1
17:35:13  RSSI원시:-89
17:35:13  RSSI평활:-87.6
17:35:13  RSSI샘플:35815
17:35:13  RSSI경과ms:0
17:35:13  차량수신:17444
17:35:13  시각ms:1987127
17:35:13  IMU시각ms:1987127
17:35:13  위험:0
17:35:13  GPS유효:1
17:35:13  위도:37.496647
17:35:13  경도:126.957878
17:35:13  속도:0.006
17:35:13  방향:188.0
17:35:13  GPS원시속도:0.005
17:35:13  GPS원시방향유효:1
17:35:13  GPS원시방향:187.0
17:35:13  가속도:4.051,-6.014,6.771
17:35:13  자이로:-2.206,-1.496,-2.817
17:35:13  자력계:-12.900,12.000,0.900
17:35:13  송신:19428
17:35:13  GPS위성:7
17:35:13  GPS_HDOP:1.39
17:35:13  원시위도:37.496649
17:35:13  원시경도:126.957879
17:35:13  GPS채택:2886
17:35:13  GPS이상치거부:8
17:35:13  GPS품질거부:191
17:35:13  GPS재기준:1
17:35:13  RSSI원시:-84
17:35:13  RSSI평활:-86.9
17:35:13  RSSI샘플:35816
17:35:13  RSSI경과ms:25
17:35:13  차량수신:17445
17:35:13  시각ms:1987169
17:35:13  IMU시각ms:1987169
17:35:13  위험:0
17:35:13  GPS유효:1
17:35:13  위도:37.496647
17:35:13  경도:126.957878
17:35:13  속도:0.006
17:35:13  방향:188.0
17:35:13  GPS원시속도:0.005
17:35:13  GPS원시방향유효:1
17:35:13  GPS원시방향:187.0
17:35:13  가속도:4.017,-6.048,6.800
17:35:13  자이로:0.901,-1.931,1.527
17:35:13  자력계:-13.650,14.400,-0.450
17:35:13  송신:19429
17:35:13  GPS위성:7
17:35:13  GPS_HDOP:1.39
17:35:13  원시위도:37.496649
17:35:13  원시경도:126.957879
17:35:13  GPS채택:2886
17:35:13  GPS이상치거부:8
17:35:13  GPS품질거부:191
17:35:13  GPS재기준:1
17:35:13  RSSI원시:-88
17:35:13  RSSI평활:-87.1
17:35:13  RSSI샘플:35817
17:35:13  RSSI경과ms:11
17:35:13  차량수신:17445
17:35:13  시각ms:1987191
17:35:13  IMU시각ms:1987191
17:35:13  위험:0
17:35:13  GPS유효:1
17:35:13  위도:37.496647
17:35:13  경도:126.957878
17:35:13  속도:0.006
17:35:13  방향:188.0
17:35:13  GPS원시속도:0.005
17:35:13  GPS원시방향유효:1
17:35:13  GPS원시방향:187.0
17:35:13  가속도:4.051,-5.962,6.718
17:35:13  자이로:-0.481,-0.679,0.015
17:35:13  자력계:-14.250,14.850,0.000
17:35:13  송신:19429
17:35:13  GPS위성:7
17:35:13  GPS_HDOP:1.39
17:35:13  원시위도:37.496649
17:35:13  원시경도:126.957879
17:35:13  GPS채택:2886
17:35:13  GPS이상치거부:8
17:35:13  GPS품질거부:191
17:35:13  GPS재기준:1
17:35:13  RSSI원시:-88
17:35:13  RSSI평활:-87.1
17:35:13  RSSI샘플:35817
17:35:13  RSSI경과ms:33
17:35:13  차량수신:17445
17:35:13  시각ms:1987268
17:35:13  IMU시각ms:1987268
17:35:13  위험:0
17:35:13  GPS유효:1
17:35:13  위도:37.496647
17:35:13  경도:126.957878
17:35:13  속도:0.006
17:35:13  방향:188.0
17:35:13  GPS원시속도:0.005
17:35:13  GPS원시방향유효:1
17:35:13  GPS원시방향:187.0
17:35:13  가속도:4.113,-6.096,6.766
17:35:13  자이로:-1.817,-1.771,1.496
17:35:13  자력계:-13.200,13.200,0.150
17:35:13  송신:19430
17:35:13  GPS위성:7
17:35:13  GPS_HDOP:1.39
17:35:13  원시위도:37.496649
17:35:13  원시경도:126.957879
17:35:13  GPS채택:2886
17:35:13  GPS이상치거부:8
17:35:13  GPS품질거부:191
17:35:13  GPS재기준:1
17:35:13  RSSI원시:-88
17:35:13  RSSI평활:-87.1
17:35:13  RSSI샘플:35817
17:35:13  RSSI경과ms:110
17:35:13  차량수신:17445
17:35:13  시각ms:1987290
17:35:13  IMU시각ms:1987290
17:35:13  위험:0
17:35:13  GPS유효:1
17:35:13  위도:37.496647
17:35:13  경도:126.957878
17:35:13  속도:0.006
17:35:13  방향:188.0
17:35:13  GPS원시속도:0.005
17:35:13  GPS원시방향유효:1
17:35:13  GPS원시방향:187.0
17:35:13  가속도:4.046,-5.966,6.809
17:35:13  자이로:-1.489,-0.092,0.420
17:35:13  자력계:-13.950,12.750,-0.150
17:35:13  송신:19430
17:35:13  GPS위성:7
17:35:13  GPS_HDOP:1.39
17:35:13  원시위도:37.496649
17:35:13  원시경도:126.957879
17:35:13  GPS채택:2886
17:35:13  GPS이상치거부:8
17:35:13  GPS품질거부:191
17:35:13  GPS재기준:1
17:35:13  RSSI원시:-88
17:35:13  RSSI평활:-87.1
17:35:13  RSSI샘플:35817
17:35:13  RSSI경과ms:132
17:35:13  차량수신:17445
17:35:13  시각ms:1987312
17:35:13  IMU시각ms:1987312
17:35:13  위험:0
17:35:13  GPS유효:1
17:35:13  위도:37.496647
17:35:13  경도:126.957878
17:35:13  속도:0.006
17:35:13  방향:188.0
17:35:13  GPS원시속도:0.005
17:35:13  GPS원시방향유효:1
17:35:13  GPS원시방향:187.0
17:35:13  가속도:4.118,-6.081,6.766
17:35:13  자이로:-1.931,-0.153,0.588
17:35:13  자력계:-12.750,12.600,-0.300
17:35:13  송신:19430
17:35:13  GPS위성:7
17:35:13  GPS_HDOP:1.39
17:35:13  원시위도:37.496649
17:35:13  원시경도:126.957879
17:35:13  GPS채택:2886
17:35:13  GPS이상치거부:8
17:35:13  GPS품질거부:191
17:35:13  GPS재기준:1
17:35:13  RSSI원시:-88
17:35:13  RSSI평활:-87.1
17:35:13  RSSI샘플:35817
17:35:13  RSSI경과ms:154
17:35:13  차량수신:17445
17:35:13  시각ms:1987368
17:35:13  IMU시각ms:1987356
17:35:13  위험:0
17:35:13  GPS유효:1
17:35:13  위도:37.496647
17:35:13  경도:126.957878
17:35:13  속도:0.006
17:35:13  방향:188.0
17:35:13  GPS원시속도:0.005
17:35:13  GPS원시방향유효:1
17:35:13  GPS원시방향:187.0
17:35:13  가속도:3.965,-5.986,6.675
17:35:13  자이로:-1.000,-2.137,0.336
17:35:13  자력계:-13.050,13.350,0.000
17:35:13  송신:19431
17:35:13  GPS위성:7
17:35:13  GPS_HDOP:1.39
17:35:13  원시위도:37.496649
17:35:13  원시경도:126.957879
17:35:13  GPS채택:2886
17:35:13  GPS이상치거부:8
17:35:13  GPS품질거부:191
17:35:13  GPS재기준:1
17:35:13  RSSI원시:-88
17:35:13  RSSI평활:-87.1
17:35:13  RSSI샘플:35817
17:35:13  RSSI경과ms:210
17:35:13  차량수신:17445
17:35:13  시각ms:1987376
17:35:13  IMU시각ms:1987376
17:35:13  위험:0
17:35:13  GPS유효:1
17:35:13  위도:37.496647
17:35:13  경도:126.957878
17:35:13  속도:0.006
17:35:13  방향:188.0
17:35:13  GPS원시속도:0.005
17:35:13  GPS원시방향유효:1
17:35:13  GPS원시방향:187.0
17:35:13  가속도:3.946,-6.067,6.661
17:35:13  자이로:0.885,-2.183,2.122
17:35:13  자력계:-13.950,13.950,0.900
17:35:13  송신:19431
17:35:13  GPS위성:7
17:35:13  GPS_HDOP:1.39
17:35:13  원시위도:37.496649
17:35:13  원시경도:126.957879
17:35:13  GPS채택:2886
17:35:13  GPS이상치거부:8
17:35:13  GPS품질거부:191
17:35:13  GPS재기준:1
17:35:13  RSSI원시:-88
17:35:13  RSSI평활:-87.1
17:35:13  RSSI샘플:35817
17:35:13  RSSI경과ms:218
17:35:13  차량수신:17445
17:35:14  시각ms:1987519
17:35:14  IMU시각ms:1987519
17:35:14  위험:0
17:35:14  GPS유효:1
17:35:14  위도:37.496647
17:35:14  경도:126.957878
17:35:14  속도:0.006
17:35:14  방향:188.0
17:35:14  GPS원시속도:0.005
17:35:14  GPS원시방향유효:1
17:35:14  GPS원시방향:187.0
17:35:14  가속도:4.065,-6.100,6.776
17:35:14  자이로:-1.817,-3.244,1.809
17:35:14  자력계:-12.150,10.500,0.900
17:35:14  송신:19432
17:35:14  GPS위성:7
17:35:14  GPS_HDOP:1.39
17:35:14  원시위도:37.496649
17:35:14  원시경도:126.957879
17:35:14  GPS채택:2886
17:35:14  GPS이상치거부:8
17:35:14  GPS품질거부:191
17:35:14  GPS재기준:1
17:35:14  RSSI원시:-88
17:35:14  RSSI평활:-87.1
17:35:14  RSSI샘플:35817
17:35:14  RSSI경과ms:361
17:35:14  차량수신:17445
17:35:14  시각ms:1987685
17:35:14  IMU시각ms:1987685
17:35:14  위험:0
17:35:14  GPS유효:1
17:35:14  위도:37.496651
17:35:14  경도:126.957878
17:35:14  속도:0.002
17:35:14  방향:188.0
17:35:14  GPS원시속도:0.000
17:35:14  GPS원시방향유효:1
17:35:14  GPS원시방향:187.0
17:35:14  가속도:3.965,-6.081,6.737
17:35:14  자이로:-0.924,-2.740,-0.771
17:35:14  자력계:-13.500,13.350,0.300
17:35:14  송신:19434
17:35:14  GPS위성:7
17:35:14  GPS_HDOP:1.39
17:35:14  원시위도:37.496649
17:35:14  원시경도:126.957880
17:35:14  GPS채택:2888
17:35:14  GPS이상치거부:8
17:35:14  GPS품질거부:191
17:35:14  GPS재기준:1
17:35:14  RSSI원시:-87
17:35:14  RSSI평활:-87.7
17:35:14  RSSI샘플:35819
17:35:14  RSSI경과ms:74
17:35:14  차량수신:17445
17:35:14  시각ms:1987750
17:35:14  IMU시각ms:1987750
17:35:14  위험:0
17:35:14  GPS유효:1
17:35:14  위도:37.496651
17:35:14  경도:126.957878
17:35:14  속도:0.002
17:35:14  방향:188.0
17:35:14  GPS원시속도:0.000
17:35:14  GPS원시방향유효:1
17:35:14  GPS원시방향:187.0
17:35:14  가속도:3.965,-5.971,6.852
17:35:14  자이로:-3.794,-0.427,1.321
17:35:14  자력계:-13.500,11.850,0.300
17:35:14  송신:19434
17:35:14  GPS위성:7
17:35:14  GPS_HDOP:1.39
17:35:14  원시위도:37.496649
17:35:14  원시경도:126.957880
17:35:14  GPS채택:2888
17:35:14  GPS이상치거부:8
17:35:14  GPS품질거부:191
17:35:14  GPS재기준:1
17:35:14  RSSI원시:-86
17:35:14  RSSI평활:-87.4
17:35:14  RSSI샘플:35820
17:35:14  RSSI경과ms:9
17:35:14  차량수신:17445
17:35:14  시각ms:1987806
17:35:14  IMU시각ms:1987806
17:35:14  위험:0
17:35:14  GPS유효:1
17:35:14  위도:37.496651
17:35:14  경도:126.957878
17:35:14  속도:0.002
17:35:14  방향:188.0
17:35:14  GPS원시속도:0.000
17:35:14  GPS원시방향유효:1
17:35:14  GPS원시방향:187.0
17:35:14  가속도:4.056,-6.014,6.718
17:35:14  자이로:0.061,-2.076,0.649
17:35:14  자력계:-12.300,13.350,0.000
17:35:14  송신:19435
17:35:14  GPS위성:7
17:35:14  GPS_HDOP:1.39
17:35:14  원시위도:37.496649
17:35:14  원시경도:126.957880
17:35:14  GPS채택:2888
17:35:14  GPS이상치거부:8
17:35:14  GPS품질거부:191
17:35:14  GPS재기준:1
17:35:14  RSSI원시:-86
17:35:14  RSSI평활:-87.4
17:35:14  RSSI샘플:35820
17:35:14  RSSI경과ms:65
17:35:14  차량수신:17445
17:35:14  시각ms:1987828
17:35:14  IMU시각ms:1987828
17:35:14  위험:0
17:35:14  GPS유효:1
17:35:14  위도:37.496651
17:35:14  경도:126.957878
17:35:14  속도:0.002
17:35:14  방향:188.0
17:35:14  GPS원시속도:0.000
17:35:14  GPS원시방향유효:1
17:35:14  GPS원시방향:187.0
17:35:14  가속도:4.037,-6.038,6.651
17:35:14  자이로:-0.221,1.282,1.328
17:35:14  자력계:-13.800,13.350,1.350
17:35:14  송신:19435
17:35:14  GPS위성:7
17:35:14  GPS_HDOP:1.39
17:35:14  원시위도:37.496649
17:35:14  원시경도:126.957880
17:35:14  GPS채택:2888
17:35:14  GPS이상치거부:8
17:35:14  GPS품질거부:191
17:35:14  GPS재기준:1
17:35:14  RSSI원시:-88
17:35:14  RSSI평활:-87.5
17:35:14  RSSI샘플:35821
17:35:14  RSSI경과ms:6
17:35:14  차량수신:17446
17:35:14  시각ms:1988105
17:35:14  IMU시각ms:1988105
17:35:14  위험:0
17:35:14  GPS유효:1
17:35:14  위도:37.496651
17:35:14  경도:126.957878
17:35:14  속도:0.002
17:35:14  방향:188.0
17:35:14  GPS원시속도:0.000
17:35:14  GPS원시방향유효:1
17:35:14  GPS원시방향:187.0
17:35:14  가속도:4.027,-6.091,6.766
17:35:14  자이로:-2.626,-0.733,-1.763
17:35:14  자력계:-13.950,11.250,1.500
17:35:14  송신:19438
17:35:14  GPS위성:7
17:35:14  GPS_HDOP:1.39
17:35:14  원시위도:37.496649
17:35:14  원시경도:126.957880
17:35:14  GPS채택:2888
17:35:14  GPS이상치거부:8
17:35:14  GPS품질거부:191
17:35:14  GPS재기준:1
17:35:14  RSSI원시:-88
17:35:14  RSSI평활:-87.5
17:35:14  RSSI샘플:35821
17:35:14  RSSI경과ms:283
17:35:14  차량수신:17446
17:35:15  시각ms:1988599
17:35:15  IMU시각ms:1988599
17:35:15  위험:0
17:35:15  GPS유효:1
17:35:15  위도:37.496651
17:35:15  경도:126.957878
17:35:15  속도:0.003
17:35:15  방향:188.0
17:35:15  GPS원시속도:0.005
17:35:15  GPS원시방향유효:1
17:35:15  GPS원시방향:187.0
17:35:15  가속도:4.080,-6.043,6.618
17:35:15  자이로:-0.023,-1.542,-1.443
17:35:15  자력계:-13.050,11.100,0.300
17:35:15  송신:19443
17:35:15  GPS위성:7
17:35:15  GPS_HDOP:1.39
17:35:15  원시위도:37.496650
17:35:15  원시경도:126.957881
17:35:15  GPS채택:2889
17:35:15  GPS이상치거부:8
17:35:15  GPS품질거부:191
17:35:15  GPS재기준:1
17:35:15  RSSI원시:-88
17:35:15  RSSI평활:-87.5
17:35:15  RSSI샘플:35825
17:35:15  RSSI경과ms:91
17:35:15  차량수신:17446
17:35:15  시각ms:1988621
17:35:15  IMU시각ms:1988621
17:35:15  위험:0
17:35:15  GPS유효:1
17:35:15  위도:37.496651
17:35:15  경도:126.957878
17:35:15  속도:0.003
17:35:15  방향:188.0
17:35:15  GPS원시속도:0.005
17:35:15  GPS원시방향유효:1
17:35:15  GPS원시방향:187.0
17:35:15  가속도:4.041,-6.091,6.804
17:35:15  자이로:-0.885,-2.618,-0.137
17:35:15  자력계:-15.000,12.300,0.000
17:35:15  송신:19443
17:35:15  GPS위성:7
17:35:15  GPS_HDOP:1.39
17:35:15  원시위도:37.496650
17:35:15  원시경도:126.957881
17:35:15  GPS채택:2889
17:35:15  GPS이상치거부:8
17:35:15  GPS품질거부:191
17:35:15  GPS재기준:1
17:35:15  RSSI원시:-88
17:35:15  RSSI평활:-87.5
17:35:15  RSSI샘플:35825
17:35:15  RSSI경과ms:113
17:35:15  차량수신:17446
17:35:15  시각ms:1988700
17:35:15  IMU시각ms:1988699
17:35:15  위험:0
17:35:15  GPS유효:1
17:35:15  위도:37.496651
17:35:15  경도:126.957878
17:35:15  속도:0.004
17:35:15  방향:188.0
17:35:15  GPS원시속도:0.005
17:35:15  GPS원시방향유효:1
17:35:15  GPS원시방향:187.0
17:35:15  가속도:4.061,-6.014,6.718
17:35:15  자이로:-1.542,1.679,-1.618
17:35:15  자력계:-16.650,11.250,1.200
17:35:15  송신:19444
17:35:15  GPS위성:8
17:35:15  GPS_HDOP:1.39
17:35:15  원시위도:37.496650
17:35:15  원시경도:126.957881
17:35:15  GPS채택:2890
17:35:15  GPS이상치거부:8
17:35:15  GPS품질거부:191
17:35:15  GPS재기준:1
17:35:15  RSSI원시:-88
17:35:15  RSSI평활:-87.5
17:35:15  RSSI샘플:35825
17:35:15  RSSI경과ms:192
17:35:15  차량수신:17446
17:35:15  시각ms:1988765
17:35:15  IMU시각ms:1988765
17:35:15  위험:0
17:35:15  GPS유효:1
17:35:15  위도:37.496651
17:35:15  경도:126.957878
17:35:15  속도:0.004
17:35:15  방향:188.0
17:35:15  GPS원시속도:0.005
17:35:15  GPS원시방향유효:1
17:35:15  GPS원시방향:187.0
17:35:15  가속도:4.017,-6.033,6.689
17:35:15  자이로:-2.374,-1.817,1.351
17:35:15  자력계:-13.500,11.100,0.300
17:35:15  송신:19444
17:35:15  GPS위성:8
17:35:15  GPS_HDOP:1.39
17:35:15  원시위도:37.496650
17:35:15  원시경도:126.957881
17:35:15  GPS채택:2890
17:35:15  GPS이상치거부:8
17:35:15  GPS품질거부:191
17:35:15  GPS재기준:1
17:35:15  RSSI원시:-88
17:35:15  RSSI평활:-87.5
17:35:15  RSSI샘플:35825
17:35:15  RSSI경과ms:257
17:35:15  차량수신:17446
17:35:15  시각ms:1988821
17:35:15  IMU시각ms:1988821
17:35:15  위험:0
17:35:15  GPS유효:1
17:35:15  위도:37.496651
17:35:15  경도:126.957878
17:35:15  속도:0.004
17:35:15  방향:188.0
17:35:15  GPS원시속도:0.005
17:35:15  GPS원시방향유효:1
17:35:15  GPS원시방향:187.0
17:35:15  가속도:3.950,-6.053,6.732
17:35:15  자이로:-1.534,-1.550,-2.099
17:35:15  자력계:-13.500,12.600,0.300
17:35:15  송신:19445
17:35:15  GPS위성:8
17:35:15  GPS_HDOP:1.39
17:35:15  원시위도:37.496650
17:35:15  원시경도:126.957881
17:35:15  GPS채택:2890
17:35:15  GPS이상치거부:8
17:35:15  GPS품질거부:191
17:35:15  GPS재기준:1
17:35:15  RSSI원시:-88
17:35:15  RSSI평활:-87.5
17:35:15  RSSI샘플:35825
17:35:15  RSSI경과ms:313
17:35:15  차량수신:17446
17:35:15  시각ms:1988865
17:35:15  IMU시각ms:1988865
17:35:15  위험:0
17:35:15  GPS유효:1
17:35:15  위도:37.496651
17:35:15  경도:126.957878
17:35:15  속도:0.004
17:35:15  방향:188.0
17:35:15  GPS원시속도:0.005
17:35:15  GPS원시방향유효:1
17:35:15  GPS원시방향:187.0
17:35:15  가속도:4.017,-6.000,6.838
17:35:15  자이로:-0.832,-1.244,-0.977
17:35:15  자력계:-13.500,12.300,2.550
17:35:15  송신:19445
17:35:15  GPS위성:8
17:35:15  GPS_HDOP:1.39
17:35:15  원시위도:37.496650
17:35:15  원시경도:126.957881
17:35:15  GPS채택:2890
17:35:15  GPS이상치거부:8
17:35:15  GPS품질거부:191
17:35:15  GPS재기준:1
17:35:15  RSSI원시:-86
17:35:15  RSSI평활:-87.0
17:35:15  RSSI샘플:35827
17:35:15  RSSI경과ms:20
17:35:15  차량수신:17447
17:35:15  시각ms:1988900
17:35:15  IMU시각ms:1988900
17:35:15  위험:0
17:35:15  GPS유효:1
17:35:15  위도:37.496651
17:35:15  경도:126.957878
17:35:15  속도:0.004
17:35:15  방향:188.0
17:35:15  GPS원시속도:0.005
17:35:15  GPS원시방향유효:1
17:35:15  GPS원시방향:187.0
17:35:15  가속도:4.080,-6.043,6.709
17:35:15  자이로:0.122,-1.321,-1.405
17:35:15  자력계:-13.050,12.600,0.300
17:35:15  송신:19446
17:35:15  GPS위성:8
17:35:15  GPS_HDOP:1.39
17:35:15  원시위도:37.496650
17:35:15  원시경도:126.957881
17:35:15  GPS채택:2890
17:35:15  GPS이상치거부:8
17:35:15  GPS품질거부:191
17:35:15  GPS재기준:1
17:35:15  RSSI원시:-86
17:35:15  RSSI평활:-87.0
17:35:15  RSSI샘플:35827
17:35:15  RSSI경과ms:55
17:35:15  차량수신:17447
17:35:15  시각ms:1988944
17:35:15  IMU시각ms:1988944
17:35:15  위험:0
17:35:15  GPS유효:1
17:35:15  위도:37.496651
17:35:15  경도:126.957878
17:35:15  속도:0.004
17:35:15  방향:188.0
17:35:15  GPS원시속도:0.005
17:35:15  GPS원시방향유효:1
17:35:15  GPS원시방향:187.0
17:35:15  가속도:4.041,-6.043,6.709
17:35:15  자이로:-2.053,-1.366,1.916
17:35:15  자력계:-13.800,12.600,1.050
17:35:15  송신:19446
17:35:15  GPS위성:8
17:35:15  GPS_HDOP:1.39
17:35:15  원시위도:37.496650
17:35:15  원시경도:126.957881
17:35:15  GPS채택:2890
17:35:15  GPS이상치거부:8
17:35:15  GPS품질거부:191
17:35:15  GPS재기준:1
17:35:15  RSSI원시:-86
17:35:15  RSSI평활:-87.0
17:35:15  RSSI샘플:35827
17:35:15  RSSI경과ms:99
17:35:15  차량수신:17447
17:35:15  시각ms:1989044
17:35:15  IMU시각ms:1989044
17:35:15  위험:0
17:35:15  GPS유효:1
17:35:15  위도:37.496651
17:35:15  경도:126.957878
17:35:15  속도:0.004
17:35:15  방향:188.0
17:35:15  GPS원시속도:0.005
17:35:15  GPS원시방향유효:1
17:35:15  GPS원시방향:187.0
17:35:15  가속도:4.108,-6.043,6.766
17:35:15  자이로:-1.641,-1.687,-1.611
17:35:15  자력계:-13.800,12.300,-0.600
17:35:15  송신:19447
17:35:15  GPS위성:8
17:35:15  GPS_HDOP:1.39
17:35:15  원시위도:37.496650
17:35:15  원시경도:126.957881
17:35:15  GPS채택:2890
17:35:15  GPS이상치거부:8
17:35:15  GPS품질거부:191
17:35:15  GPS재기준:1
17:35:15  RSSI원시:-89
17:35:15  RSSI평활:-87.4
17:35:15  RSSI샘플:35828
17:35:15  RSSI경과ms:21
17:35:15  차량수신:17447
17:35:15  시각ms:1989066
17:35:15  IMU시각ms:1989066
17:35:15  위험:0
17:35:15  GPS유효:1
17:35:15  위도:37.496651
17:35:15  경도:126.957878
17:35:15  속도:0.004
17:35:15  방향:188.0
17:35:15  GPS원시속도:0.005
17:35:15  GPS원시방향유효:1
17:35:15  GPS원시방향:187.0
17:35:15  가속도:4.113,-6.067,6.637
17:35:15  자이로:1.023,-0.061,2.031
17:35:15  자력계:-12.900,13.200,0.900
17:35:15  송신:19447
17:35:15  GPS위성:8
17:35:15  GPS_HDOP:1.39
17:35:15  원시위도:37.496650
17:35:15  원시경도:126.957881
17:35:15  GPS채택:2890
17:35:15  GPS이상치거부:8
17:35:15  GPS품질거부:191
17:35:15  GPS재기준:1
17:35:15  RSSI원시:-87
17:35:15  RSSI평활:-87.3
17:35:15  RSSI샘플:35829
17:35:15  RSSI경과ms:16
17:35:15  차량수신:17448
17:35:15  시각ms:1989121
17:35:15  IMU시각ms:1989121
17:35:15  위험:0
17:35:15  GPS유효:1
17:35:15  위도:37.496651
17:35:15  경도:126.957878
17:35:15  속도:0.004
17:35:15  방향:188.0
17:35:15  GPS원시속도:0.005
17:35:15  GPS원시방향유효:1
17:35:15  GPS원시방향:187.0
17:35:15  가속도:3.955,-6.038,6.766
17:35:15  자이로:-1.450,-0.779,1.221
17:35:15  자력계:-16.650,13.200,-0.150
17:35:15  송신:19448
17:35:15  GPS위성:8
17:35:15  GPS_HDOP:1.39
17:35:15  원시위도:37.496650
17:35:15  원시경도:126.957881
17:35:15  GPS채택:2890
17:35:15  GPS이상치거부:8
17:35:15  GPS품질거부:191
17:35:15  GPS재기준:1
17:35:15  RSSI원시:-87
17:35:15  RSSI평활:-87.3
17:35:15  RSSI샘플:35829
17:35:15  RSSI경과ms:71
17:35:15  차량수신:17448
17:35:15  시각ms:1989207
17:35:15  IMU시각ms:1989207
17:35:15  위험:0
17:35:15  GPS유효:1
17:35:15  위도:37.496651
17:35:15  경도:126.957878
17:35:15  속도:0.004
17:35:15  방향:188.0
17:35:15  GPS원시속도:0.005
17:35:15  GPS원시방향유효:1
17:35:15  GPS원시방향:187.0
17:35:15  가속도:4.080,-6.067,6.704
17:35:15  자이로:0.137,-2.588,2.252
17:35:15  자력계:-13.050,13.050,0.000
17:35:15  송신:19449
17:35:15  GPS위성:8
17:35:15  GPS_HDOP:1.39
17:35:15  원시위도:37.496650
17:35:15  원시경도:126.957881
17:35:15  GPS채택:2890
17:35:15  GPS이상치거부:8
17:35:15  GPS품질거부:191
17:35:15  GPS재기준:1
17:35:15  RSSI원시:-87
17:35:15  RSSI평활:-86.7
17:35:15  RSSI샘플:35831
17:35:15  RSSI경과ms:51
17:35:15  차량수신:17449
17:35:15  시각ms:1989229
17:35:15  IMU시각ms:1989229
17:35:15  위험:0
17:35:15  GPS유효:1
17:35:15  위도:37.496651
17:35:15  경도:126.957878
17:35:15  속도:0.004
17:35:15  방향:188.0
17:35:15  GPS원시속도:0.005
17:35:15  GPS원시방향유효:1
17:35:15  GPS원시방향:187.0
17:35:15  가속도:4.032,-5.899,6.843
17:35:15  자이로:-1.313,-2.664,1.786
17:35:15  자력계:-12.750,12.300,0.300
17:35:15  송신:19449
17:35:15  GPS위성:8
17:35:15  GPS_HDOP:1.39
17:35:15  원시위도:37.496650
17:35:15  원시경도:126.957881
17:35:15  GPS채택:2890
17:35:15  GPS이상치거부:8
17:35:15  GPS품질거부:191
17:35:15  GPS재기준:1
17:35:15  RSSI원시:-87
17:35:15  RSSI평활:-86.7
17:35:15  RSSI샘플:35831
17:35:15  RSSI경과ms:73
17:35:15  차량수신:17449
17:35:15  시각ms:1989273
17:35:15  IMU시각ms:1989273
17:35:15  위험:0
17:35:15  GPS유효:1
17:35:15  위도:37.496651
17:35:15  경도:126.957878
17:35:15  속도:0.004
17:35:15  방향:188.0
17:35:15  GPS원시속도:0.005
17:35:15  GPS원시방향유효:1
17:35:15  GPS원시방향:187.0
17:35:15  가속도:4.137,-6.014,6.862
17:35:15  자이로:-0.328,-3.359,1.527
17:35:15  자력계:-15.450,12.000,0.150
17:35:15  송신:19449
17:35:15  GPS위성:8
17:35:15  GPS_HDOP:1.39
17:35:15  원시위도:37.496650
17:35:15  원시경도:126.957881
17:35:15  GPS채택:2890
17:35:15  GPS이상치거부:8
17:35:15  GPS품질거부:191
17:35:15  GPS재기준:1
17:35:15  RSSI원시:-86
17:35:15  RSSI평활:-86.6
17:35:15  RSSI샘플:35832
17:35:15  RSSI경과ms:32
17:35:15  차량수신:17449
17:35:15  시각ms:1989328
17:35:15  IMU시각ms:1989328
17:35:15  위험:0
17:35:15  GPS유효:1
17:35:15  위도:37.496651
17:35:15  경도:126.957878
17:35:15  속도:0.004
17:35:15  방향:188.0
17:35:15  GPS원시속도:0.005
17:35:15  GPS원시방향유효:1
17:35:15  GPS원시방향:187.0
17:35:15  가속도:4.065,-6.009,6.752
17:35:15  자이로:-0.595,1.794,-0.519
17:35:15  자력계:-15.000,13.350,0.600
17:35:15  송신:19450
17:35:15  GPS위성:8
17:35:15  GPS_HDOP:1.39
17:35:15  원시위도:37.496650
17:35:15  원시경도:126.957881
17:35:15  GPS채택:2890
17:35:15  GPS이상치거부:8
17:35:15  GPS품질거부:191
17:35:15  GPS재기준:1
17:35:15  RSSI원시:-85
17:35:15  RSSI평활:-86.3
17:35:15  RSSI샘플:35833
17:35:15  RSSI경과ms:47
17:35:15  차량수신:17450
17:35:15  시각ms:1989464
17:35:15  IMU시각ms:1989464
17:35:15  위험:0
17:35:15  GPS유효:1
17:35:15  위도:37.496651
17:35:15  경도:126.957878
17:35:15  속도:0.004
17:35:15  방향:188.0
17:35:15  GPS원시속도:0.005
17:35:15  GPS원시방향유효:1
17:35:15  GPS원시방향:187.0
17:35:15  가속도:4.075,-6.081,6.627
17:35:15  자이로:0.511,-1.634,-0.847
17:35:15  자력계:-13.500,13.350,0.300
17:35:15  송신:19451
17:35:15  GPS위성:8
17:35:15  GPS_HDOP:1.39
17:35:15  원시위도:37.496650
17:35:15  원시경도:126.957881
17:35:15  GPS채택:2890
17:35:15  GPS이상치거부:8
17:35:15  GPS품질거부:191
17:35:15  GPS재기준:1
17:35:15  RSSI원시:-88
17:35:15  RSSI평활:-86.6
17:35:15  RSSI샘플:35834
17:35:15  RSSI경과ms:120
17:35:15  차량수신:17450
17:35:15  시각ms:1989486
17:35:15  IMU시각ms:1989486
17:35:15  위험:0
17:35:15  GPS유효:1
17:35:15  위도:37.496651
17:35:15  경도:126.957878
17:35:15  속도:0.004
17:35:15  방향:188.0
17:35:15  GPS원시속도:0.005
17:35:15  GPS원시방향유효:1
17:35:15  GPS원시방향:187.0
17:35:15  가속도:4.075,-6.120,6.737
17:35:15  자이로:-1.595,-3.641,1.275
17:35:15  자력계:-12.750,13.050,0.600
17:35:15  송신:19451
17:35:15  GPS위성:8
17:35:15  GPS_HDOP:1.39
17:35:15  원시위도:37.496650
17:35:15  원시경도:126.957881
17:35:15  GPS채택:2890
17:35:15  GPS이상치거부:8
17:35:15  GPS품질거부:191
17:35:15  GPS재기준:1
17:35:15  RSSI원시:-88
17:35:15  RSSI평활:-86.6
17:35:15  RSSI샘플:35834
17:35:15  RSSI경과ms:142
17:35:15  차량수신:17450
17:35:15  시각ms:1989514
17:35:15  IMU시각ms:1989514
17:35:15  위험:0
17:35:15  GPS유효:1
17:35:15  위도:37.496651
17:35:15  경도:126.957878
17:35:15  속도:0.004
17:35:15  방향:188.0
17:35:15  GPS원시속도:0.005
17:35:15  GPS원시방향유효:1
17:35:15  GPS원시방향:187.0
17:35:15  가속도:4.089,-5.990,6.685
17:35:15  자이로:-1.115,-0.504,-1.420
17:35:15  자력계:-15.000,12.600,1.050
17:35:15  송신:19452
17:35:15  GPS위성:8
17:35:15  GPS_HDOP:1.39
17:35:15  원시위도:37.496650
17:35:15  원시경도:126.957881
17:35:15  GPS채택:2890
17:35:15  GPS이상치거부:8
17:35:15  GPS품질거부:191
17:35:15  GPS재기준:1
17:35:15  RSSI원시:-88
17:35:15  RSSI평활:-86.6
17:35:15  RSSI샘플:35834
17:35:15  RSSI경과ms:170
17:35:15  차량수신:17450
17:35:16  시각ms:1989781
17:35:16  IMU시각ms:1989781
17:35:16  위험:0
17:35:16  GPS유효:1
17:35:16  위도:37.496651
17:35:16  경도:126.957878
17:35:16  속도:0.005
17:35:16  방향:188.0
17:35:16  GPS원시속도:0.005
17:35:16  GPS원시방향유효:1
17:35:16  GPS원시방향:187.0
17:35:16  가속도:4.013,-6.024,6.747
17:35:16  자이로:0.160,-1.565,1.725
17:35:16  자력계:-13.800,14.850,0.600
17:35:16  송신:19454
17:35:16  GPS위성:8
17:35:16  GPS_HDOP:1.39
17:35:16  원시위도:37.496651
17:35:16  원시경도:126.957882
17:35:16  GPS채택:2892
17:35:16  GPS이상치거부:8
17:35:16  GPS품질거부:191
17:35:16  GPS재기준:1
17:35:16  RSSI원시:-85
17:35:16  RSSI평활:-86.3
17:35:16  RSSI샘플:35835
17:35:16  RSSI경과ms:206
17:35:16  차량수신:17451
17:35:16  시각ms:1990136
17:35:16  IMU시각ms:1990136
17:35:16  위험:0
17:35:16  GPS유효:1
17:35:16  위도:37.496651
17:35:16  경도:126.957878
17:35:16  속도:0.005
17:35:16  방향:188.0
17:35:16  GPS원시속도:0.005
17:35:16  GPS원시방향유효:1
17:35:16  GPS원시방향:187.0
17:35:16  가속도:3.970,-6.048,6.713
17:35:16  자이로:-2.229,0.885,-0.137
17:35:16  자력계:-14.250,12.600,1.050
17:35:16  송신:19458
17:35:16  GPS위성:8
17:35:16  GPS_HDOP:1.39
17:35:16  원시위도:37.496651
17:35:16  원시경도:126.957882
17:35:16  GPS채택:2892
17:35:16  GPS이상치거부:8
17:35:16  GPS품질거부:191
17:35:16  GPS재기준:1
17:35:16  RSSI원시:-88
17:35:16  RSSI평활:-87.7
17:35:16  RSSI샘플:35839
17:35:16  RSSI경과ms:46
17:35:16  차량수신:17453
17:35:16  시각ms:1990158
17:35:16  IMU시각ms:1990158
17:35:16  위험:0
17:35:16  GPS유효:1
17:35:16  위도:37.496651
17:35:16  경도:126.957878
17:35:16  속도:0.005
17:35:16  방향:188.0
17:35:16  GPS원시속도:0.005
17:35:16  GPS원시방향유효:1
17:35:16  GPS원시방향:187.0
17:35:16  가속도:4.065,-6.043,6.785
17:35:16  자이로:-1.145,-0.046,0.542
17:35:16  자력계:-12.300,11.850,0.000
17:35:16  송신:19458
17:35:16  GPS위성:8
17:35:16  GPS_HDOP:1.39
17:35:16  원시위도:37.496651
17:35:16  원시경도:126.957882
17:35:16  GPS채택:2892
17:35:16  GPS이상치거부:8
17:35:16  GPS품질거부:191
17:35:16  GPS재기준:1
17:35:16  RSSI원시:-88
17:35:16  RSSI평활:-87.7
17:35:16  RSSI샘플:35839
17:35:16  RSSI경과ms:68
17:35:16  차량수신:17453
17:35:16  시각ms:1990214
17:35:16  IMU시각ms:1990202
17:35:16  위험:0
17:35:16  GPS유효:1
17:35:16  위도:37.496651
17:35:16  경도:126.957878
17:35:16  속도:0.005
17:35:16  방향:188.0
17:35:16  GPS원시속도:0.005
17:35:16  GPS원시방향유효:1
17:35:16  GPS원시방향:187.0
17:35:16  가속도:4.056,-6.057,6.646
17:35:16  자이로:-0.366,-2.389,-1.107
17:35:16  자력계:-13.050,13.350,1.800
17:35:16  송신:19459
17:35:16  GPS위성:8
17:35:16  GPS_HDOP:1.39
17:35:16  원시위도:37.496651
17:35:16  원시경도:126.957882
17:35:16  GPS채택:2892
17:35:16  GPS이상치거부:8
17:35:16  GPS품질거부:191
17:35:16  GPS재기준:1
17:35:16  RSSI원시:-84
17:35:16  RSSI평활:-87.0
17:35:16  RSSI샘플:35840
17:35:16  RSSI경과ms:20
17:35:16  차량수신:17454
17:35:16  시각ms:1990222
17:35:16  IMU시각ms:1990222
17:35:16  위험:0
17:35:16  GPS유효:1
17:35:16  위도:37.496651
17:35:16  경도:126.957878
17:35:16  속도:0.005
17:35:16  방향:188.0
17:35:16  GPS원시속도:0.005
17:35:16  GPS원시방향유효:1
17:35:16  GPS원시방향:187.0
17:35:16  가속도:4.104,-6.086,6.699
17:35:16  자이로:-2.351,-3.130,-2.160
17:35:16  자력계:-14.250,12.300,0.600
17:35:16  송신:19459
17:35:16  GPS위성:8
17:35:16  GPS_HDOP:1.39
17:35:16  원시위도:37.496651
17:35:16  원시경도:126.957882
17:35:16  GPS채택:2892
17:35:16  GPS이상치거부:8
17:35:16  GPS품질거부:191
17:35:16  GPS재기준:1
17:35:16  RSSI원시:-85
17:35:16  RSSI평활:-86.6
17:35:16  RSSI샘플:35841
17:35:16  RSSI경과ms:1
17:35:16  차량수신:17454
17:35:16  시각ms:1990244
17:35:16  IMU시각ms:1990244
17:35:16  위험:0
17:35:16  GPS유효:1
17:35:16  위도:37.496651
17:35:16  경도:126.957878
17:35:16  속도:0.005
17:35:16  방향:188.0
17:35:16  GPS원시속도:0.005
17:35:16  GPS원시방향유효:1
17:35:16  GPS원시방향:187.0
17:35:16  가속도:3.950,-5.981,6.737
17:35:16  자이로:-0.015,-4.260,0.885
17:35:16  자력계:-14.250,12.300,0.600
17:35:16  송신:19459
17:35:16  GPS위성:8
17:35:16  GPS_HDOP:1.39
17:35:16  원시위도:37.496651
17:35:16  원시경도:126.957882
17:35:16  GPS채택:2892
17:35:16  GPS이상치거부:8
17:35:16  GPS품질거부:191
17:35:16  GPS재기준:1
17:35:16  RSSI원시:-85
17:35:16  RSSI평활:-86.6
17:35:16  RSSI샘플:35841
17:35:16  RSSI경과ms:23
17:35:16  차량수신:17454
17:35:16  시각ms:1990266
17:35:16  IMU시각ms:1990266
17:35:16  위험:0
17:35:16  GPS유효:1
17:35:16  위도:37.496651
17:35:16  경도:126.957878
17:35:16  속도:0.005
17:35:16  방향:188.0
17:35:16  GPS원시속도:0.005
17:35:16  GPS원시방향유효:1
17:35:16  GPS원시방향:187.0
17:35:16  가속도:4.061,-6.024,6.742
17:35:16  자이로:-1.489,-1.779,-2.214
17:35:16  자력계:-13.050,12.600,1.050
17:35:16  송신:19459
17:35:16  GPS위성:8
17:35:16  GPS_HDOP:1.39
17:35:16  원시위도:37.496651
17:35:16  원시경도:126.957882
17:35:16  GPS채택:2892
17:35:16  GPS이상치거부:8
17:35:16  GPS품질거부:191
17:35:16  GPS재기준:1
17:35:16  RSSI원시:-85
17:35:16  RSSI평활:-86.6
17:35:16  RSSI샘플:35841
17:35:16  RSSI경과ms:45
17:35:16  차량수신:17454
17:35:16  시각ms:1990288
17:35:16  IMU시각ms:1990288
17:35:16  위험:0
17:35:16  GPS유효:1
17:35:16  위도:37.496651
17:35:16  경도:126.957878
17:35:16  속도:0.005
17:35:16  방향:188.0
17:35:16  GPS원시속도:0.005
17:35:16  GPS원시방향유효:1
17:35:16  GPS원시방향:187.0
17:35:16  가속도:4.132,-5.976,6.771
17:35:16  자이로:-0.244,-0.595,-0.092
17:35:16  자력계:-15.750,11.400,0.300
17:35:16  송신:19459
17:35:16  GPS위성:8
17:35:16  GPS_HDOP:1.39
17:35:16  원시위도:37.496651
17:35:16  원시경도:126.957882
17:35:16  GPS채택:2892
17:35:16  GPS이상치거부:8
17:35:16  GPS품질거부:191
17:35:16  GPS재기준:1
17:35:16  RSSI원시:-85
17:35:16  RSSI평활:-86.6
17:35:16  RSSI샘플:35841
17:35:16  RSSI경과ms:67
17:35:16  차량수신:17454
17:35:16  시각ms:1990321
17:35:16  IMU시각ms:1990321
17:35:16  위험:0
17:35:16  GPS유효:1
17:35:16  위도:37.496651
17:35:16  경도:126.957878
17:35:16  속도:0.005
17:35:16  방향:188.0
17:35:16  GPS원시속도:0.005
17:35:16  GPS원시방향유효:1
17:35:16  GPS원시방향:187.0
17:35:16  가속도:4.108,-6.115,6.742
17:35:16  자이로:0.336,1.550,-0.382
17:35:16  자력계:-12.300,13.350,-0.600
17:35:16  송신:19460
17:35:16  GPS위성:8
17:35:16  GPS_HDOP:1.39
17:35:16  원시위도:37.496651
17:35:16  원시경도:126.957882
17:35:16  GPS채택:2892
17:35:16  GPS이상치거부:8
17:35:16  GPS품질거부:191
17:35:16  GPS재기준:1
17:35:16  RSSI원시:-85
17:35:16  RSSI평활:-86.6
17:35:16  RSSI샘플:35841
17:35:16  RSSI경과ms:100
17:35:16  차량수신:17454
17:35:16  시각ms:1990343
17:35:16  IMU시각ms:1990343
17:35:16  위험:0
17:35:16  GPS유효:1
17:35:16  위도:37.496651
17:35:16  경도:126.957878
17:35:16  속도:0.005
17:35:16  방향:188.0
17:35:16  GPS원시속도:0.005
17:35:16  GPS원시방향유효:1
17:35:16  GPS원시방향:187.0
17:35:16  가속도:4.070,-6.115,6.723
17:35:16  자이로:-1.687,2.679,0.924
17:35:16  자력계:-12.750,13.800,1.800
17:35:16  송신:19460
17:35:16  GPS위성:8
17:35:16  GPS_HDOP:1.39
17:35:16  원시위도:37.496651
17:35:16  원시경도:126.957882
17:35:16  GPS채택:2892
17:35:16  GPS이상치거부:8
17:35:16  GPS품질거부:191
17:35:16  GPS재기준:1
17:35:16  RSSI원시:-88
17:35:16  RSSI평활:-86.9
17:35:16  RSSI샘플:35842
17:35:16  RSSI경과ms:20
17:35:16  차량수신:17455
17:35:16  시각ms:1990365
17:35:16  IMU시각ms:1990365
17:35:16  위험:0
17:35:16  GPS유효:1
17:35:16  위도:37.496651
17:35:16  경도:126.957878
17:35:16  속도:0.005
17:35:16  방향:188.0
17:35:16  GPS원시속도:0.005
17:35:16  GPS원시방향유효:1
17:35:16  GPS원시방향:187.0
17:35:16  가속도:4.118,-6.038,6.785
17:35:16  자이로:0.046,-1.878,2.595
17:35:16  자력계:-15.750,13.800,-0.300
17:35:16  송신:19460
17:35:16  GPS위성:8
17:35:16  GPS_HDOP:1.39
17:35:16  원시위도:37.496651
17:35:16  원시경도:126.957882
17:35:16  GPS채택:2892
17:35:16  GPS이상치거부:8
17:35:16  GPS품질거부:191
17:35:16  GPS재기준:1
17:35:16  RSSI원시:-85
17:35:16  RSSI평활:-86.5
17:35:16  RSSI샘플:35843
17:35:16  RSSI경과ms:12
17:35:16  차량수신:17455
17:35:16  시각ms:1990387
17:35:16  IMU시각ms:1990387
17:35:16  위험:0
17:35:16  GPS유효:1
17:35:16  위도:37.496651
17:35:16  경도:126.957878
17:35:16  속도:0.005
17:35:16  방향:188.0
17:35:16  GPS원시속도:0.005
17:35:16  GPS원시방향유효:1
17:35:16  GPS원시방향:187.0
17:35:16  가속도:4.152,-5.990,6.723
17:35:16  자이로:1.893,-1.443,1.466
17:35:16  자력계:-12.750,12.300,-0.300
17:35:16  송신:19460
17:35:16  GPS위성:8
17:35:16  GPS_HDOP:1.39
17:35:16  원시위도:37.496651
17:35:16  원시경도:126.957882
17:35:16  GPS채택:2892
17:35:16  GPS이상치거부:8
17:35:16  GPS품질거부:191
17:35:16  GPS재기준:1
17:35:16  RSSI원시:-85
17:35:16  RSSI평활:-86.5
17:35:16  RSSI샘플:35843
17:35:16  RSSI경과ms:34
17:35:16  차량수신:17455
17:35:16  시각ms:1990421
17:35:16  IMU시각ms:1990409
17:35:16  위험:0
17:35:16  GPS유효:1
17:35:16  위도:37.496651
17:35:16  경도:126.957878
17:35:16  속도:0.005
17:35:16  방향:188.0
17:35:16  GPS원시속도:0.005
17:35:16  GPS원시방향유효:1
17:35:16  GPS원시방향:187.0
17:35:16  가속도:4.247,-5.971,6.699
17:35:16  자이로:-0.427,-0.878,1.252
17:35:16  자력계:-12.300,12.300,0.300
17:35:16  송신:19461
17:35:16  GPS위성:8
17:35:16  GPS_HDOP:1.39
17:35:16  원시위도:37.496651
17:35:16  원시경도:126.957882
17:35:16  GPS채택:2892
17:35:16  GPS이상치거부:8
17:35:16  GPS품질거부:191
17:35:16  GPS재기준:1
17:35:16  RSSI원시:-90
17:35:16  RSSI평활:-87.2
17:35:16  RSSI샘플:35844
17:35:16  RSSI경과ms:5
17:35:16  차량수신:17456
17:35:16  시각ms:1990495
17:35:16  IMU시각ms:1990495
17:35:16  위험:0
17:35:16  GPS유효:1
17:35:16  위도:37.496651
17:35:16  경도:126.957878
17:35:16  속도:0.005
17:35:16  방향:188.0
17:35:16  GPS원시속도:0.005
17:35:16  GPS원시방향유효:1
17:35:16  GPS원시방향:187.0
17:35:16  가속도:3.874,-6.005,6.699
17:35:16  자이로:0.145,-2.267,2.153
17:35:16  자력계:-13.950,14.400,0.150
17:35:16  송신:19461
17:35:16  GPS위성:8
17:35:16  GPS_HDOP:1.39
17:35:16  원시위도:37.496651
17:35:16  원시경도:126.957882
17:35:16  GPS채택:2892
17:35:16  GPS이상치거부:8
17:35:16  GPS품질거부:191
17:35:16  GPS재기준:1
17:35:16  RSSI원시:-87
17:35:16  RSSI평활:-87.2
17:35:16  RSSI샘플:35845
17:35:16  RSSI경과ms:23
17:35:16  차량수신:17456
17:35:16  시각ms:1990530
17:35:16  IMU시각ms:1990530
17:35:16  위험:0
17:35:16  GPS유효:1
17:35:16  위도:37.496651
17:35:16  경도:126.957878
17:35:16  속도:0.005
17:35:16  방향:188.0
17:35:16  GPS원시속도:0.005
17:35:16  GPS원시방향유효:1
17:35:16  GPS원시방향:187.0
17:35:16  가속도:4.022,-5.957,6.699
17:35:16  자이로:-2.389,0.046,1.008
17:35:16  자력계:-13.050,13.800,0.300
17:35:16  송신:19462
17:35:16  GPS위성:8
17:35:16  GPS_HDOP:1.39
17:35:16  원시위도:37.496651
17:35:16  원시경도:126.957882
17:35:16  GPS채택:2892
17:35:16  GPS이상치거부:8
17:35:16  GPS품질거부:191
17:35:16  GPS재기준:1
17:35:16  RSSI원시:-87
17:35:16  RSSI평활:-87.2
17:35:16  RSSI샘플:35845
17:35:16  RSSI경과ms:58
17:35:16  차량수신:17456
17:35:16  시각ms:1990552
17:35:16  IMU시각ms:1990552
17:35:16  위험:0
17:35:16  GPS유효:1
17:35:16  위도:37.496651
17:35:16  경도:126.957886
17:35:16  속도:0.003
17:35:16  방향:188.0
17:35:16  GPS원시속도:0.000
17:35:16  GPS원시방향유효:1
17:35:16  GPS원시방향:187.0
17:35:16  가속도:4.061,-6.144,6.756
17:35:16  자이로:-1.290,-0.725,0.458
17:35:16  자력계:-14.250,14.550,-0.600
17:35:16  송신:19462
17:35:16  GPS위성:8
17:35:16  GPS_HDOP:1.39
17:35:16  원시위도:37.496651
17:35:16  원시경도:126.957883
17:35:16  GPS채택:2893
17:35:16  GPS이상치거부:8
17:35:16  GPS품질거부:191
17:35:16  GPS재기준:1
17:35:16  RSSI원시:-83
17:35:16  RSSI평활:-86.3
17:35:16  RSSI샘플:35846
17:35:16  RSSI경과ms:15
17:35:16  차량수신:17456
17:35:16  시각ms:1990631
17:35:16  IMU시각ms:1990631
17:35:16  위험:0
17:35:16  GPS유효:1
17:35:16  위도:37.496651
17:35:16  경도:126.957886
17:35:16  속도:0.003
17:35:16  방향:188.0
17:35:16  GPS원시속도:0.000
17:35:16  GPS원시방향유효:1
17:35:16  GPS원시방향:187.0
17:35:16  가속도:3.989,-6.005,6.780
17:35:16  자이로:-1.565,-2.313,0.649
17:35:16  자력계:-15.000,11.850,0.300
17:35:16  송신:19463
17:35:16  GPS위성:8
17:35:16  GPS_HDOP:1.39
17:35:16  원시위도:37.496651
17:35:16  원시경도:126.957883
17:35:16  GPS채택:2893
17:35:16  GPS이상치거부:8
17:35:16  GPS품질거부:191
17:35:16  GPS재기준:1
17:35:16  RSSI원시:-83
17:35:16  RSSI평활:-86.3
17:35:16  RSSI샘플:35846
17:35:16  RSSI경과ms:94
17:35:16  차량수신:17456
17:35:16  시각ms:1990675
17:35:16  IMU시각ms:1990675
17:35:16  위험:0
17:35:16  GPS유효:1
17:35:16  위도:37.496651
17:35:16  경도:126.957886
17:35:16  속도:0.002
17:35:16  방향:188.0
17:35:16  GPS원시속도:0.000
17:35:16  GPS원시방향유효:1
17:35:16  GPS원시방향:187.0
17:35:16  가속도:4.046,-6.100,6.718
17:35:16  자이로:-2.015,0.000,-0.847
17:35:16  자력계:-13.650,12.450,-0.900
17:35:16  송신:19463
17:35:16  GPS위성:8
17:35:16  GPS_HDOP:1.39
17:35:16  원시위도:37.496651
17:35:16  원시경도:126.957883
17:35:16  GPS채택:2894
17:35:16  GPS이상치거부:8
17:35:16  GPS품질거부:191
17:35:16  GPS재기준:1
17:35:16  RSSI원시:-88
17:35:16  RSSI평활:-86.7
17:35:16  RSSI샘플:35847
17:35:16  RSSI경과ms:38
17:35:16  차량수신:17456
17:35:16  시각ms:1990697
17:35:16  IMU시각ms:1990697
17:35:16  위험:0
17:35:16  GPS유효:1
17:35:16  위도:37.496651
17:35:16  경도:126.957886
17:35:16  속도:0.002
17:35:16  방향:188.0
17:35:16  GPS원시속도:0.000
17:35:16  GPS원시방향유효:1
17:35:16  GPS원시방향:187.0
17:35:16  가속도:4.089,-6.081,6.704
17:35:16  자이로:-1.885,-1.702,0.267
17:35:16  자력계:-13.200,12.450,0.150
17:35:16  송신:19463
17:35:16  GPS위성:8
17:35:16  GPS_HDOP:1.39
17:35:16  원시위도:37.496651
17:35:16  원시경도:126.957883
17:35:16  GPS채택:2894
17:35:16  GPS이상치거부:8
17:35:16  GPS품질거부:191
17:35:16  GPS재기준:1
17:35:16  RSSI원시:-88
17:35:16  RSSI평활:-86.7
17:35:16  RSSI샘플:35847
17:35:16  RSSI경과ms:60
17:35:16  차량수신:17456
17:35:16  시각ms:1990732
17:35:16  IMU시각ms:1990732
17:35:16  위험:0
17:35:16  GPS유효:1
17:35:16  위도:37.496651
17:35:16  경도:126.957886
17:35:16  속도:0.002
17:35:16  방향:188.0
17:35:16  GPS원시속도:0.000
17:35:16  GPS원시방향유효:1
17:35:16  GPS원시방향:187.0
17:35:16  가속도:4.046,-6.053,6.905
17:35:16  자이로:-2.573,0.061,-3.718
17:35:16  자력계:-13.200,12.450,1.500
17:35:16  송신:19464
17:35:16  GPS위성:8
17:35:16  GPS_HDOP:1.39
17:35:16  원시위도:37.496651
17:35:16  원시경도:126.957883
17:35:16  GPS채택:2894
17:35:16  GPS이상치거부:8
17:35:16  GPS품질거부:191
17:35:16  GPS재기준:1
17:35:16  RSSI원시:-88
17:35:16  RSSI평활:-86.7
17:35:16  RSSI샘플:35847
17:35:16  RSSI경과ms:95
17:35:16  차량수신:17456
17:35:16  시각ms:1990754
17:35:16  IMU시각ms:1990754
17:35:16  위험:0
17:35:16  GPS유효:1
17:35:16  위도:37.496651
17:35:16  경도:126.957886
17:35:16  속도:0.002
17:35:16  방향:188.0
17:35:16  GPS원시속도:0.000
17:35:16  GPS원시방향유효:1
17:35:16  GPS원시방향:187.0
17:35:16  가속도:4.056,-6.038,6.766
17:35:16  자이로:1.397,-4.015,1.756
17:35:16  자력계:-13.050,11.850,0.600
17:35:16  송신:19464
17:35:16  GPS위성:8
17:35:16  GPS_HDOP:1.39
17:35:16  원시위도:37.496651
17:35:16  원시경도:126.957883
17:35:16  GPS채택:2894
17:35:16  GPS이상치거부:8
17:35:16  GPS품질거부:191
17:35:16  GPS재기준:1
17:35:16  RSSI원시:-88
17:35:16  RSSI평활:-86.7
17:35:16  RSSI샘플:35847
17:35:16  RSSI경과ms:117
17:35:16  차량수신:17456
17:35:16  시각ms:1990776
17:35:16  IMU시각ms:1990776
17:35:16  위험:0
17:35:16  GPS유효:1
17:35:16  위도:37.496651
17:35:16  경도:126.957886
17:35:16  속도:0.002
17:35:16  방향:188.0
17:35:16  GPS원시속도:0.000
17:35:16  GPS원시방향유효:1
17:35:16  GPS원시방향:187.0
17:35:16  가속도:4.108,-6.115,6.704
17:35:16  자이로:-0.771,-1.092,1.771
17:35:16  자력계:-13.050,12.600,0.300
17:35:16  송신:19464
17:35:16  GPS위성:8
17:35:16  GPS_HDOP:1.39
17:35:16  원시위도:37.496651
17:35:16  원시경도:126.957883
17:35:16  GPS채택:2894
17:35:16  GPS이상치거부:8
17:35:16  GPS품질거부:191
17:35:16  GPS재기준:1
17:35:16  RSSI원시:-88
17:35:16  RSSI평활:-86.7
17:35:16  RSSI샘플:35847
17:35:16  RSSI경과ms:139
17:35:16  차량수신:17456
17:35:16  시각ms:1990833
17:35:16  IMU시각ms:1990833
17:35:16  위험:0
17:35:16  GPS유효:1
17:35:16  위도:37.496651
17:35:16  경도:126.957886
17:35:16  속도:0.002
17:35:16  방향:188.0
17:35:16  GPS원시속도:0.000
17:35:16  GPS원시방향유효:1
17:35:16  GPS원시방향:187.0
17:35:16  가속도:3.836,-6.096,6.785
17:35:16  자이로:-1.504,-2.794,-0.832
17:35:16  자력계:-13.500,11.850,0.600
17:35:16  송신:19465
17:35:16  GPS위성:8
17:35:16  GPS_HDOP:1.39
17:35:16  원시위도:37.496651
17:35:16  원시경도:126.957883
17:35:16  GPS채택:2894
17:35:16  GPS이상치거부:8
17:35:16  GPS품질거부:191
17:35:16  GPS재기준:1
17:35:16  RSSI원시:-88
17:35:16  RSSI평활:-86.7
17:35:16  RSSI샘플:35847
17:35:16  RSSI경과ms:196
17:35:16  차량수신:17456
17:35:17  시각ms:1991233
17:35:17  IMU시각ms:1991221
17:35:17  위험:0
17:35:17  GPS유효:1
17:35:17  위도:37.496651
17:35:17  경도:126.957886
17:35:17  속도:0.002
17:35:17  방향:188.0
17:35:17  GPS원시속도:0.000
17:35:17  GPS원시방향유효:1
17:35:17  GPS원시방향:187.0
17:35:17  가속도:4.041,-6.100,6.718
17:35:17  자이로:0.679,0.145,1.328
17:35:17  자력계:-14.250,11.850,0.300
17:35:17  송신:19469
17:35:17  GPS위성:8
17:35:17  GPS_HDOP:1.39
17:35:17  원시위도:37.496651
17:35:17  원시경도:126.957883
17:35:17  GPS채택:2894
17:35:17  GPS이상치거부:8
17:35:17  GPS품질거부:191
17:35:17  GPS재기준:1
17:35:17  RSSI원시:-87
17:35:17  RSSI평활:-87.4
17:35:17  RSSI샘플:35851
17:35:17  RSSI경과ms:149
17:35:17  차량수신:17457
17:35:17  시각ms:1991263
17:35:17  IMU시각ms:1991263
17:35:17  위험:0
17:35:17  GPS유효:1
17:35:17  위도:37.496651
17:35:17  경도:126.957886
17:35:17  속도:0.002
17:35:17  방향:188.0
17:35:17  GPS원시속도:0.000
17:35:17  GPS원시방향유효:1
17:35:17  GPS원시방향:187.0
17:35:17  가속도:4.104,-6.206,6.622
17:35:17  자이로:-0.176,-2.550,0.824
17:35:17  자력계:-12.750,12.300,-1.350
17:35:17  송신:19469
17:35:17  GPS위성:8
17:35:17  GPS_HDOP:1.39
17:35:17  원시위도:37.496651
17:35:17  원시경도:126.957883
17:35:17  GPS채택:2894
17:35:17  GPS이상치거부:8
17:35:17  GPS품질거부:191
17:35:17  GPS재기준:1
17:35:17  RSSI원시:-88
17:35:17  RSSI평활:-87.5
17:35:17  RSSI샘플:35852
17:35:17  RSSI경과ms:17
17:35:17  차량수신:17457
17:35:17  시각ms:1991285
17:35:17  IMU시각ms:1991285
17:35:17  위험:0
17:35:17  GPS유효:1
17:35:17  위도:37.496651
17:35:17  경도:126.957886
17:35:17  속도:0.002
17:35:17  방향:188.0
17:35:17  GPS원시속도:0.000
17:35:17  GPS원시방향유효:1
17:35:17  GPS원시방향:187.0
17:35:17  가속도:4.099,-6.048,6.670
17:35:17  자이로:-0.550,1.740,-1.977
17:35:17  자력계:-12.000,13.350,0.300
17:35:17  송신:19469
17:35:17  GPS위성:8
17:35:17  GPS_HDOP:1.39
17:35:17  원시위도:37.496651
17:35:17  원시경도:126.957883
17:35:17  GPS채택:2894
17:35:17  GPS이상치거부:8
17:35:17  GPS품질거부:191
17:35:17  GPS재기준:1
17:35:17  RSSI원시:-88
17:35:17  RSSI평활:-87.5
17:35:17  RSSI샘플:35852
17:35:17  RSSI경과ms:39
17:35:17  차량수신:17457
17:35:17  시각ms:1991307
17:35:17  IMU시각ms:1991307
17:35:17  위험:0
17:35:17  GPS유효:1
17:35:17  위도:37.496651
17:35:17  경도:126.957886
17:35:17  속도:0.002
17:35:17  방향:188.0
17:35:17  GPS원시속도:0.000
17:35:17  GPS원시방향유효:1
17:35:17  GPS원시방향:187.0
17:35:17  가속도:3.974,-6.091,6.747
17:35:17  자이로:-0.496,0.397,-0.771
17:35:17  자력계:-14.250,12.300,0.600
17:35:17  송신:19469
17:35:17  GPS위성:8
17:35:17  GPS_HDOP:1.39
17:35:17  원시위도:37.496651
17:35:17  원시경도:126.957883
17:35:17  GPS채택:2894
17:35:17  GPS이상치거부:8
17:35:17  GPS품질거부:191
17:35:17  GPS재기준:1
17:35:17  RSSI원시:-88
17:35:17  RSSI평활:-87.5
17:35:17  RSSI샘플:35852
17:35:17  RSSI경과ms:61
17:35:17  차량수신:17457
17:35:17  시각ms:1991384
17:35:17  IMU시각ms:1991384
17:35:17  위험:0
17:35:17  GPS유효:1
17:35:17  위도:37.496651
17:35:17  경도:126.957886
17:35:17  속도:0.002
17:35:17  방향:188.0
17:35:17  GPS원시속도:0.000
17:35:17  GPS원시방향유효:1
17:35:17  GPS원시방향:187.0
17:35:17  가속도:4.128,-6.019,6.728
17:35:17  자이로:-0.611,-2.031,-0.779
17:35:17  자력계:-13.050,14.100,-0.300
17:35:17  송신:19470
17:35:17  GPS위성:8
17:35:17  GPS_HDOP:1.39
17:35:17  원시위도:37.496651
17:35:17  원시경도:126.957883
17:35:17  GPS채택:2894
17:35:17  GPS이상치거부:8
17:35:17  GPS품질거부:191
17:35:17  GPS재기준:1
17:35:17  RSSI원시:-85
17:35:17  RSSI평활:-86.9
17:35:17  RSSI샘플:35854
17:35:17  RSSI경과ms:39
17:35:17  차량수신:17458
17:35:17  시각ms:1991406
17:35:17  IMU시각ms:1991406
17:35:17  위험:0
17:35:17  GPS유효:1
17:35:17  위도:37.496651
17:35:17  경도:126.957886
17:35:17  속도:0.002
17:35:17  방향:188.0
17:35:17  GPS원시속도:0.000
17:35:17  GPS원시방향유효:1
17:35:17  GPS원시방향:187.0
17:35:17  가속도:3.946,-6.115,6.747
17:35:17  자이로:0.580,0.695,0.313
17:35:17  자력계:-13.800,13.050,1.050
17:35:17  송신:19470
17:35:17  GPS위성:8
17:35:17  GPS_HDOP:1.39
17:35:17  원시위도:37.496651
17:35:17  원시경도:126.957883
17:35:17  GPS채택:2894
17:35:17  GPS이상치거부:8
17:35:17  GPS품질거부:191
17:35:17  GPS재기준:1
17:35:17  RSSI원시:-85
17:35:17  RSSI평활:-86.9
17:35:17  RSSI샘플:35854
17:35:17  RSSI경과ms:61
17:35:17  차량수신:17458
17:35:17  시각ms:1991440
17:35:17  IMU시각ms:1991428
17:35:17  위험:0
17:35:17  GPS유효:1
17:35:17  위도:37.496651
17:35:17  경도:126.957886
17:35:17  속도:0.002
17:35:17  방향:188.0
17:35:17  GPS원시속도:0.000
17:35:17  GPS원시방향유효:1
17:35:17  GPS원시방향:187.0
17:35:17  가속도:4.070,-6.158,6.704
17:35:17  자이로:-3.641,0.321,-0.931
17:35:17  자력계:-12.000,11.850,0.300
17:35:17  송신:19471
17:35:17  GPS위성:8
17:35:17  GPS_HDOP:1.39
17:35:17  원시위도:37.496651
17:35:17  원시경도:126.957883
17:35:17  GPS채택:2894
17:35:17  GPS이상치거부:8
17:35:17  GPS품질거부:191
17:35:17  GPS재기준:1
17:35:17  RSSI원시:-85
17:35:17  RSSI평활:-86.9
17:35:17  RSSI샘플:35854
17:35:17  RSSI경과ms:95
17:35:17  차량수신:17458
17:35:17  시각ms:1991476
17:35:17  IMU시각ms:1991476
17:35:17  위험:0
17:35:17  GPS유효:1
17:35:17  위도:37.496651
17:35:17  경도:126.957886
17:35:17  속도:0.002
17:35:17  방향:188.0
17:35:17  GPS원시속도:0.000
17:35:17  GPS원시방향유효:1
17:35:17  GPS원시방향:187.0
17:35:17  가속도:4.065,-6.153,6.756
17:35:17  자이로:-1.069,-1.840,1.267
17:35:17  자력계:-13.200,12.750,-0.150
17:35:17  송신:19471
17:35:17  GPS위성:8
17:35:17  GPS_HDOP:1.39
17:35:17  원시위도:37.496651
17:35:17  원시경도:126.957883
17:35:17  GPS채택:2894
17:35:17  GPS이상치거부:8
17:35:17  GPS품질거부:191
17:35:17  GPS재기준:1
17:35:17  RSSI원시:-86
17:35:17  RSSI평활:-86.6
17:35:17  RSSI샘플:35856
17:35:17  RSSI경과ms:6
17:35:17  차량수신:17459
17:35:17  시각ms:1991498
17:35:17  IMU시각ms:1991498
17:35:17  위험:0
17:35:17  GPS유효:1
17:35:17  위도:37.496651
17:35:17  경도:126.957886
17:35:17  속도:0.002
17:35:17  방향:188.0
17:35:17  GPS원시속도:0.000
17:35:17  GPS원시방향유효:1
17:35:17  GPS원시방향:187.0
17:35:17  가속도:4.104,-6.220,6.598
17:35:17  자이로:-0.939,-0.305,-0.687
17:35:17  자력계:-14.250,13.350,1.350
17:35:17  송신:19471
17:35:17  GPS위성:8
17:35:17  GPS_HDOP:1.39
17:35:17  원시위도:37.496651
17:35:17  원시경도:126.957883
17:35:17  GPS채택:2894
17:35:17  GPS이상치거부:8
17:35:17  GPS품질거부:191
17:35:17  GPS재기준:1
17:35:17  RSSI원시:-86
17:35:17  RSSI평활:-86.6
17:35:17  RSSI샘플:35856
17:35:17  RSSI경과ms:28
17:35:17  차량수신:17459
17:35:17  시각ms:1991520
17:35:17  IMU시각ms:1991520
17:35:17  위험:0
17:35:17  GPS유효:1
17:35:17  위도:37.496651
17:35:17  경도:126.957886
17:35:17  속도:0.002
17:35:17  방향:188.0
17:35:17  GPS원시속도:0.000
17:35:17  GPS원시방향유효:1
17:35:17  GPS원시방향:187.0
17:35:17  가속도:3.855,-6.096,6.857
17:35:17  자이로:-2.618,-0.122,-1.092
17:35:17  자력계:-12.750,12.600,0.300
17:35:17  송신:19471
17:35:17  GPS위성:8
17:35:17  GPS_HDOP:1.39
17:35:17  원시위도:37.496651
17:35:17  원시경도:126.957883
17:35:17  GPS채택:2894
17:35:17  GPS이상치거부:8
17:35:17  GPS품질거부:191
17:35:17  GPS재기준:1
17:35:17  RSSI원시:-86
17:35:17  RSSI평활:-86.6
17:35:17  RSSI샘플:35856
17:35:17  RSSI경과ms:50
17:35:17  차량수신:17459
17:35:17  시각ms:1991548
17:35:17  IMU시각ms:1991548
17:35:17  위험:0
17:35:17  GPS유효:1
17:35:17  위도:37.496651
17:35:17  경도:126.957886
17:35:17  속도:0.003
17:35:17  방향:188.0
17:35:17  GPS원시속도:0.005
17:35:17  GPS원시방향유효:1
17:35:17  GPS원시방향:187.0
17:35:17  가속도:4.061,-5.928,6.689
17:35:17  자이로:0.046,0.466,0.870
17:35:17  자력계:-14.400,13.950,0.900
17:35:17  송신:19472
17:35:17  GPS위성:8
17:35:17  GPS_HDOP:1.39
17:35:17  원시위도:37.496651
17:35:17  원시경도:126.957884
17:35:17  GPS채택:2895
17:35:17  GPS이상치거부:8
17:35:17  GPS품질거부:191
17:35:17  GPS재기준:1
17:35:17  RSSI원시:-86
17:35:17  RSSI평활:-86.6
17:35:17  RSSI샘플:35856
17:35:17  RSSI경과ms:78
17:35:17  차량수신:17459
17:35:17  시각ms:1991614
17:35:17  IMU시각ms:1991614
17:35:17  위험:0
17:35:17  GPS유효:1
17:35:17  위도:37.496651
17:35:17  경도:126.957886
17:35:17  속도:0.003
17:35:17  방향:188.0
17:35:17  GPS원시속도:0.005
17:35:17  GPS원시방향유효:1
17:35:17  GPS원시방향:187.0
17:35:17  가속도:4.113,-6.115,6.814
17:35:17  자이로:-0.168,-0.450,1.275
17:35:17  자력계:-15.000,12.300,0.300
17:35:17  송신:19472
17:35:17  GPS위성:8
17:35:17  GPS_HDOP:1.39
17:35:17  원시위도:37.496651
17:35:17  원시경도:126.957884
17:35:17  GPS채택:2895
17:35:17  GPS이상치거부:8
17:35:17  GPS품질거부:191
17:35:17  GPS재기준:1
17:35:17  RSSI원시:-86
17:35:17  RSSI평활:-86.5
17:35:17  RSSI샘플:35857
17:35:17  RSSI경과ms:62
17:35:17  차량수신:17460
17:35:17  시각ms:1991649
17:35:17  IMU시각ms:1991649
17:35:17  위험:0
17:35:17  GPS유효:1
17:35:17  위도:37.496651
17:35:17  경도:126.957886
17:35:17  속도:0.003
17:35:17  방향:188.0
17:35:17  GPS원시속도:0.005
17:35:17  GPS원시방향유효:1
17:35:17  GPS원시방향:187.0
17:35:17  가속도:4.108,-6.105,6.838
17:35:17  자이로:-0.756,-0.748,-1.015
17:35:17  자력계:-15.450,11.250,0.450
17:35:17  송신:19473
17:35:17  GPS위성:8
17:35:17  GPS_HDOP:1.39
17:35:17  원시위도:37.496651
17:35:17  원시경도:126.957884
17:35:17  GPS채택:2895
17:35:17  GPS이상치거부:8
17:35:17  GPS품질거부:191
17:35:17  GPS재기준:1
17:35:17  RSSI원시:-86
17:35:17  RSSI평활:-86.5
17:35:17  RSSI샘플:35857
17:35:17  RSSI경과ms:97
17:35:17  차량수신:17460
17:35:17  시각ms:1991671
17:35:17  IMU시각ms:1991671
17:35:17  위험:0
17:35:17  GPS유효:1
17:35:17  위도:37.496651
17:35:17  경도:126.957886
17:35:17  속도:0.004
17:35:17  방향:188.0
17:35:17  GPS원시속도:0.005
17:35:17  GPS원시방향유효:1
17:35:17  GPS원시방향:187.0
17:35:17  가속도:4.013,-6.057,6.809
17:35:17  자이로:-2.985,-3.710,0.107
17:35:17  자력계:-12.450,13.200,1.200
17:35:17  송신:19473
17:35:17  GPS위성:8
17:35:17  GPS_HDOP:1.39
17:35:17  원시위도:37.496651
17:35:17  원시경도:126.957884
17:35:17  GPS채택:2896
17:35:17  GPS이상치거부:8
17:35:17  GPS품질거부:191
17:35:17  GPS재기준:1
17:35:17  RSSI원시:-89
17:35:17  RSSI평활:-87.0
17:35:17  RSSI샘플:35858
17:35:17  RSSI경과ms:4
17:35:17  차량수신:17461
17:35:17  시각ms:1991693
17:35:17  IMU시각ms:1991693
17:35:17  위험:0
17:35:17  GPS유효:1
17:35:17  위도:37.496651
17:35:17  경도:126.957886
17:35:17  속도:0.004
17:35:17  방향:188.0
17:35:17  GPS원시속도:0.005
17:35:17  GPS원시방향유효:1
17:35:17  GPS원시방향:187.0
17:35:17  가속도:3.931,-5.995,6.709
17:35:17  자이로:-1.313,-3.458,-0.023
17:35:17  자력계:-15.150,13.500,0.150
17:35:17  송신:19473
17:35:17  GPS위성:8
17:35:17  GPS_HDOP:1.39
17:35:17  원시위도:37.496651
17:35:17  원시경도:126.957884
17:35:17  GPS채택:2896
17:35:17  GPS이상치거부:8
17:35:17  GPS품질거부:191
17:35:17  GPS재기준:1
17:35:17  RSSI원시:-89
17:35:17  RSSI평활:-87.0
17:35:17  RSSI샘플:35858
17:35:17  RSSI경과ms:26
17:35:17  차량수신:17461
17:35:17  시각ms:1991715
17:35:17  IMU시각ms:1991715
17:35:17  위험:0
17:35:17  GPS유효:1
17:35:17  위도:37.496651
17:35:17  경도:126.957886
17:35:17  속도:0.004
17:35:17  방향:188.0
17:35:17  GPS원시속도:0.005
17:35:17  GPS원시방향유효:1
17:35:17  GPS원시방향:187.0
17:35:17  가속도:4.013,-6.091,6.685
17:35:17  자이로:-4.115,0.351,-0.641
17:35:17  자력계:-13.950,11.700,0.150
17:35:17  송신:19473
17:35:17  GPS위성:8
17:35:17  GPS_HDOP:1.39
17:35:17  원시위도:37.496651
17:35:17  원시경도:126.957884
17:35:17  GPS채택:2896
17:35:17  GPS이상치거부:8
17:35:17  GPS품질거부:191
17:35:17  GPS재기준:1
17:35:17  RSSI원시:-87
17:35:17  RSSI평활:-87.0
17:35:17  RSSI샘플:35859
17:35:17  RSSI경과ms:19
17:35:17  차량수신:17461
17:35:17  시각ms:1991750
17:35:17  IMU시각ms:1991750
17:35:17  위험:0
17:35:17  GPS유효:1
17:35:17  위도:37.496651
17:35:17  경도:126.957886
17:35:17  속도:0.004
17:35:17  방향:188.0
17:35:17  GPS원시속도:0.005
17:35:17  GPS원시방향유효:1
17:35:17  GPS원시방향:187.0
17:35:17  가속도:3.984,-6.057,6.713
17:35:17  자이로:-0.321,-1.328,0.511
17:35:17  자력계:-14.400,15.450,-0.150
17:35:17  송신:19474
17:35:17  GPS위성:8
17:35:17  GPS_HDOP:1.39
17:35:17  원시위도:37.496651
17:35:17  원시경도:126.957884
17:35:17  GPS채택:2896
17:35:17  GPS이상치거부:8
17:35:17  GPS품질거부:191
17:35:17  GPS재기준:1
17:35:17  RSSI원시:-87
17:35:17  RSSI평활:-87.0
17:35:17  RSSI샘플:35859
17:35:17  RSSI경과ms:54
17:35:17  차량수신:17461
17:35:17  시각ms:1991771
17:35:17  IMU시각ms:1991771
17:35:17  위험:0
17:35:17  GPS유효:1
17:35:17  위도:37.496651
17:35:17  경도:126.957886
17:35:17  속도:0.004
17:35:17  방향:188.0
17:35:17  GPS원시속도:0.005
17:35:17  GPS원시방향유효:1
17:35:17  GPS원시방향:187.0
17:35:17  가속도:4.027,-6.067,6.737
17:35:17  자이로:0.550,-0.229,1.977
17:35:17  자력계:-14.400,11.700,-0.150
17:35:17  송신:19474
17:35:17  GPS위성:8
17:35:17  GPS_HDOP:1.39
17:35:17  원시위도:37.496651
17:35:17  원시경도:126.957884
17:35:17  GPS채택:2896
17:35:17  GPS이상치거부:8
17:35:17  GPS품질거부:191
17:35:17  GPS재기준:1
17:35:17  RSSI원시:-84
17:35:17  RSSI평활:-86.4
17:35:17  RSSI샘플:35860
17:35:17  RSSI경과ms:11
17:35:17  차량수신:17462
17:35:17  시각ms:1991793
17:35:17  IMU시각ms:1991793
17:35:17  위험:0
17:35:17  GPS유효:1
17:35:17  위도:37.496651
17:35:17  경도:126.957886
17:35:17  속도:0.004
17:35:17  방향:188.0
17:35:17  GPS원시속도:0.005
17:35:17  GPS원시방향유효:1
17:35:17  GPS원시방향:187.0
17:35:17  가속도:4.051,-6.014,6.819
17:35:17  자이로:-0.679,-2.252,-1.863
17:35:17  자력계:-12.900,12.450,0.150
17:35:17  송신:19474
17:35:17  GPS위성:8
17:35:17  GPS_HDOP:1.39
17:35:17  원시위도:37.496651
17:35:17  원시경도:126.957884
17:35:17  GPS채택:2896
17:35:17  GPS이상치거부:8
17:35:17  GPS품질거부:191
17:35:17  GPS재기준:1
17:35:17  RSSI원시:-84
17:35:17  RSSI평활:-86.4
17:35:17  RSSI샘플:35860
17:35:17  RSSI경과ms:33
17:35:17  차량수신:17462
17:35:17  시각ms:1991815
17:35:17  IMU시각ms:1991815
17:35:17  위험:0
17:35:17  GPS유효:1
17:35:17  위도:37.496651
17:35:17  경도:126.957886
17:35:17  속도:0.004
17:35:17  방향:188.0
17:35:17  GPS원시속도:0.005
17:35:17  GPS원시방향유효:1
17:35:17  GPS원시방향:187.0
17:35:17  가속도:3.955,-6.062,6.756
17:35:17  자이로:-4.153,-0.542,-0.160
17:35:17  자력계:-13.200,13.500,0.450
17:35:17  송신:19474
17:35:17  GPS위성:8
17:35:17  GPS_HDOP:1.39
17:35:17  원시위도:37.496651
17:35:17  원시경도:126.957884
17:35:17  GPS채택:2896
17:35:17  GPS이상치거부:8
17:35:17  GPS품질거부:191
17:35:17  GPS재기준:1
17:35:17  RSSI원시:-84
17:35:17  RSSI평활:-86.4
17:35:17  RSSI샘플:35860
17:35:17  RSSI경과ms:55
17:35:17  차량수신:17462
17:35:17  시각ms:1991850
17:35:17  IMU시각ms:1991850
17:35:17  위험:0
17:35:17  GPS유효:1
17:35:17  위도:37.496651
17:35:17  경도:126.957886
17:35:17  속도:0.004
17:35:17  방향:188.0
17:35:17  GPS원시속도:0.005
17:35:17  GPS원시방향유효:1
17:35:17  GPS원시방향:187.0
17:35:17  가속도:4.013,-6.091,6.642
17:35:17  자이로:-1.267,-0.458,-2.725
17:35:17  자력계:-15.300,12.600,2.550
17:35:17  송신:19475
17:35:17  GPS위성:8
17:35:17  GPS_HDOP:1.39
17:35:17  원시위도:37.496651
17:35:17  원시경도:126.957884
17:35:17  GPS채택:2896
17:35:17  GPS이상치거부:8
17:35:17  GPS품질거부:191
17:35:17  GPS재기준:1
17:35:17  RSSI원시:-86
17:35:17  RSSI평활:-86.3
17:35:17  RSSI샘플:35861
17:35:17  RSSI경과ms:28
17:35:17  차량수신:17462
17:35:18  시각ms:1991871
17:35:18  IMU시각ms:1991871
17:35:18  위험:0
17:35:18  GPS유효:1
17:35:18  위도:37.496651
17:35:18  경도:126.957886
17:35:18  속도:0.004
17:35:18  방향:188.0
17:35:18  GPS원시속도:0.005
17:35:18  GPS원시방향유효:1
17:35:18  GPS원시방향:187.0
17:35:18  가속도:4.161,-6.048,6.804
17:35:18  자이로:-1.969,-2.595,-1.710
17:35:18  자력계:-14.250,12.600,1.350
17:35:18  송신:19475
17:35:18  GPS위성:8
17:35:18  GPS_HDOP:1.39
17:35:18  원시위도:37.496651
17:35:18  원시경도:126.957884
17:35:18  GPS채택:2896
17:35:18  GPS이상치거부:8
17:35:18  GPS품질거부:191
17:35:18  GPS재기준:1
17:35:18  RSSI원시:-86
17:35:18  RSSI평활:-86.3
17:35:18  RSSI샘플:35861
17:35:18  RSSI경과ms:49
17:35:18  차량수신:17462
17:35:18  시각ms:1991893
17:35:18  IMU시각ms:1991893
17:35:18  위험:0
17:35:18  GPS유효:1
17:35:18  위도:37.496651
17:35:18  경도:126.957886
17:35:18  속도:0.004
17:35:18  방향:188.0
17:35:18  GPS원시속도:0.005
17:35:18  GPS원시방향유효:1
17:35:18  GPS원시방향:187.0
17:35:18  가속도:3.979,-6.043,6.642
17:35:18  자이로:-2.122,-2.901,-0.366
17:35:18  자력계:-14.550,11.100,0.300
17:35:18  송신:19475
17:35:18  GPS위성:8
17:35:18  GPS_HDOP:1.39
17:35:18  원시위도:37.496651
17:35:18  원시경도:126.957884
17:35:18  GPS채택:2896
17:35:18  GPS이상치거부:8
17:35:18  GPS품질거부:191
17:35:18  GPS재기준:1
17:35:18  RSSI원시:-86
17:35:18  RSSI평활:-86.2
17:35:18  RSSI샘플:35862
17:35:18  RSSI경과ms:21
17:35:18  차량수신:17462
17:35:18  시각ms:1991915
17:35:18  IMU시각ms:1991915
17:35:18  위험:0
17:35:18  GPS유효:1
17:35:18  위도:37.496651
17:35:18  경도:126.957886
17:35:18  속도:0.004
17:35:18  방향:188.0
17:35:18  GPS원시속도:0.005
17:35:18  GPS원시방향유효:1
17:35:18  GPS원시방향:187.0
17:35:18  가속도:3.965,-6.033,6.728
17:35:18  자이로:-2.008,-2.046,-0.725
17:35:18  자력계:-14.400,12.450,-0.450
17:35:18  송신:19475
17:35:18  GPS위성:8
17:35:18  GPS_HDOP:1.39
17:35:18  원시위도:37.496651
17:35:18  원시경도:126.957884
17:35:18  GPS채택:2896
17:35:18  GPS이상치거부:8
17:35:18  GPS품질거부:191
17:35:18  GPS재기준:1
17:35:18  RSSI원시:-86
17:35:18  RSSI평활:-86.2
17:35:18  RSSI샘플:35862
17:35:18  RSSI경과ms:43
17:35:18  차량수신:17462
17:35:18  시각ms:1991993
17:35:18  IMU시각ms:1991993
17:35:18  위험:0
17:35:18  GPS유효:1
17:35:18  위도:37.496651
17:35:18  경도:126.957886
17:35:18  속도:0.004
17:35:18  방향:188.0
17:35:18  GPS원시속도:0.005
17:35:18  GPS원시방향유효:1
17:35:18  GPS원시방향:187.0
17:35:18  가속도:4.070,-5.990,6.642
17:35:18  자이로:-1.656,-0.954,2.023
17:35:18  자력계:-14.400,13.950,0.900
17:35:18  송신:19476
17:35:18  GPS위성:8
17:35:18  GPS_HDOP:1.39
17:35:18  원시위도:37.496651
17:35:18  원시경도:126.957884
17:35:18  GPS채택:2896
17:35:18  GPS이상치거부:8
17:35:18  GPS품질거부:191
17:35:18  GPS재기준:1
17:35:18  RSSI원시:-86
17:35:18  RSSI평활:-86.2
17:35:18  RSSI샘플:35862
17:35:18  RSSI경과ms:121
17:35:18  차량수신:17462
17:35:18  시각ms:1992015
17:35:18  IMU시각ms:1992015
17:35:18  위험:0
17:35:18  GPS유효:1
17:35:18  위도:37.496651
17:35:18  경도:126.957886
17:35:18  속도:0.004
17:35:18  방향:188.0
17:35:18  GPS원시속도:0.005
17:35:18  GPS원시방향유효:1
17:35:18  GPS원시방향:187.0
17:35:18  가속도:4.070,-6.206,6.718
17:35:18  자이로:-1.557,-1.122,-0.786
17:35:18  자력계:-13.500,12.300,0.600
17:35:18  송신:19476
17:35:18  GPS위성:8
17:35:18  GPS_HDOP:1.39
17:35:18  원시위도:37.496651
17:35:18  원시경도:126.957884
17:35:18  GPS채택:2896
17:35:18  GPS이상치거부:8
17:35:18  GPS품질거부:191
17:35:18  GPS재기준:1
17:35:18  RSSI원시:-87
17:35:18  RSSI평활:-86.4
17:35:18  RSSI샘플:35863
17:35:18  RSSI경과ms:16
17:35:18  차량수신:17462
17:35:18  시각ms:1992049
17:35:18  IMU시각ms:1992049
17:35:18  위험:0
17:35:18  GPS유효:1
17:35:18  위도:37.496651
17:35:18  경도:126.957886
17:35:18  속도:0.004
17:35:18  방향:188.0
17:35:18  GPS원시속도:0.005
17:35:18  GPS원시방향유효:1
17:35:18  GPS원시방향:187.0
17:35:18  가속도:4.065,-6.062,6.704
17:35:18  자이로:-1.313,-1.878,-1.595
17:35:18  자력계:-12.900,12.000,-1.500
17:35:18  송신:19477
17:35:18  GPS위성:8
17:35:18  GPS_HDOP:1.39
17:35:18  원시위도:37.496651
17:35:18  원시경도:126.957884
17:35:18  GPS채택:2896
17:35:18  GPS이상치거부:8
17:35:18  GPS품질거부:191
17:35:18  GPS재기준:1
17:35:18  RSSI원시:-87
17:35:18  RSSI평활:-86.4
17:35:18  RSSI샘플:35863
17:35:18  RSSI경과ms:50
17:35:18  차량수신:17462
17:35:18  시각ms:1992071
17:35:18  IMU시각ms:1992071
17:35:18  위험:0
17:35:18  GPS유효:1
17:35:18  위도:37.496651
17:35:18  경도:126.957886
17:35:18  속도:0.004
17:35:18  방향:188.0
17:35:18  GPS원시속도:0.005
17:35:18  GPS원시방향유효:1
17:35:18  GPS원시방향:187.0
17:35:18  가속도:4.085,-6.100,6.665
17:35:18  자이로:1.053,-3.023,-3.756
17:35:18  자력계:-13.500,13.350,0.600
17:35:18  송신:19477
17:35:18  GPS위성:8
17:35:18  GPS_HDOP:1.39
17:35:18  원시위도:37.496651
17:35:18  원시경도:126.957884
17:35:18  GPS채택:2896
17:35:18  GPS이상치거부:8
17:35:18  GPS품질거부:191
17:35:18  GPS재기준:1
17:35:18  RSSI원시:-84
17:35:18  RSSI평활:-85.9
17:35:18  RSSI샘플:35864
17:35:18  RSSI경과ms:11
17:35:18  차량수신:17462
17:35:18  시각ms:1992093
17:35:18  IMU시각ms:1992093
17:35:18  위험:0
17:35:18  GPS유효:1
17:35:18  위도:37.496651
17:35:18  경도:126.957886
17:35:18  속도:0.004
17:35:18  방향:188.0
17:35:18  GPS원시속도:0.005
17:35:18  GPS원시방향유효:1
17:35:18  GPS원시방향:187.0
17:35:18  가속도:4.089,-6.014,6.742
17:35:18  자이로:-1.916,-2.069,0.695
17:35:18  자력계:-14.250,13.050,-1.350
17:35:18  송신:19477
17:35:18  GPS위성:8
17:35:18  GPS_HDOP:1.39
17:35:18  원시위도:37.496651
17:35:18  원시경도:126.957884
17:35:18  GPS채택:2896
17:35:18  GPS이상치거부:8
17:35:18  GPS품질거부:191
17:35:18  GPS재기준:1
17:35:18  RSSI원시:-87
17:35:18  RSSI평활:-86.1
17:35:18  RSSI샘플:35865
17:35:18  RSSI경과ms:12
17:35:18  차량수신:17463
17:35:18  시각ms:1992192
17:35:18  IMU시각ms:1992192
17:35:18  위험:0
17:35:18  GPS유효:1
17:35:18  위도:37.496651
17:35:18  경도:126.957886
17:35:18  속도:0.004
17:35:18  방향:188.0
17:35:18  GPS원시속도:0.005
17:35:18  GPS원시방향유효:1
17:35:18  GPS원시방향:187.0
17:35:18  가속도:4.099,-6.009,6.776
17:35:18  자이로:-0.015,-1.687,-1.634
17:35:18  자력계:-12.450,12.750,1.500
17:35:18  송신:19478
17:35:18  GPS위성:8
17:35:18  GPS_HDOP:1.39
17:35:18  원시위도:37.496651
17:35:18  원시경도:126.957884
17:35:18  GPS채택:2896
17:35:18  GPS이상치거부:8
17:35:18  GPS품질거부:191
17:35:18  GPS재기준:1
17:35:18  RSSI원시:-86
17:35:18  RSSI평활:-86.1
17:35:18  RSSI샘플:35866
17:35:18  RSSI경과ms:25
17:35:18  차량수신:17463
17:35:18  시각ms:1992214
17:35:18  IMU시각ms:1992214
17:35:18  위험:0
17:35:18  GPS유효:1
17:35:18  위도:37.496651
17:35:18  경도:126.957886
17:35:18  속도:0.004
17:35:18  방향:188.0
17:35:18  GPS원시속도:0.005
17:35:18  GPS원시방향유효:1
17:35:18  GPS원시방향:187.0
17:35:18  가속도:4.027,-6.081,6.699
17:35:18  자이로:-1.779,-2.214,0.687
17:35:18  자력계:-15.300,13.050,0.000
17:35:18  송신:19478
17:35:18  GPS위성:8
17:35:18  GPS_HDOP:1.39
17:35:18  원시위도:37.496651
17:35:18  원시경도:126.957884
17:35:18  GPS채택:2896
17:35:18  GPS이상치거부:8
17:35:18  GPS품질거부:191
17:35:18  GPS재기준:1
17:35:18  RSSI원시:-86
17:35:18  RSSI평활:-86.1
17:35:18  RSSI샘플:35866
17:35:18  RSSI경과ms:47
17:35:18  차량수신:17463
17:35:18  시각ms:1992248
17:35:18  IMU시각ms:1992236
17:35:18  위험:0
17:35:18  GPS유효:1
17:35:18  위도:37.496651
17:35:18  경도:126.957886
17:35:18  속도:0.004
17:35:18  방향:188.0
17:35:18  GPS원시속도:0.005
17:35:18  GPS원시방향유효:1
17:35:18  GPS원시방향:187.0
17:35:18  가속도:3.998,-6.081,6.752
17:35:18  자이로:-1.603,-0.794,0.695
17:35:18  자력계:-13.500,12.600,-0.300
17:35:18  송신:19479
17:35:18  GPS위성:8
17:35:18  GPS_HDOP:1.39
17:35:18  원시위도:37.496651
17:35:18  원시경도:126.957884
17:35:18  GPS채택:2896
17:35:18  GPS이상치거부:8
17:35:18  GPS품질거부:191
17:35:18  GPS재기준:1
17:35:18  RSSI원시:-86
17:35:18  RSSI평활:-86.1
17:35:18  RSSI샘플:35866
17:35:18  RSSI경과ms:81
17:35:18  차량수신:17463
17:35:18  시각ms:1992262
17:35:18  IMU시각ms:1992262
17:35:18  위험:0
17:35:18  GPS유효:1
17:35:18  위도:37.496651
17:35:18  경도:126.957886
17:35:18  속도:0.004
17:35:18  방향:188.0
17:35:18  GPS원시속도:0.005
17:35:18  GPS원시방향유효:1
17:35:18  GPS원시방향:187.0
17:35:18  가속도:4.238,-6.057,6.675
17:35:18  자이로:2.130,-2.328,-0.191
17:35:18  자력계:-12.900,12.450,0.900
17:35:18  송신:19479
17:35:18  GPS위성:8
17:35:18  GPS_HDOP:1.39
17:35:18  원시위도:37.496651
17:35:18  원시경도:126.957884
17:35:18  GPS채택:2896
17:35:18  GPS이상치거부:8
17:35:18  GPS품질거부:191
17:35:18  GPS재기준:1
17:35:18  RSSI원시:-86
17:35:18  RSSI평활:-86.1
17:35:18  RSSI샘플:35866
17:35:18  RSSI경과ms:95
17:35:18  차량수신:17463
17:35:18  시각ms:1992284
17:35:18  IMU시각ms:1992284
17:35:18  위험:0
17:35:18  GPS유효:1
17:35:18  위도:37.496651
17:35:18  경도:126.957886
17:35:18  속도:0.004
17:35:18  방향:188.0
17:35:18  GPS원시속도:0.005
17:35:18  GPS원시방향유효:1
17:35:18  GPS원시방향:187.0
17:35:18  가속도:4.080,-6.067,6.828
17:35:18  자이로:0.481,-0.565,-0.244
17:35:18  자력계:-13.050,13.050,0.300
17:35:18  송신:19479
17:35:18  GPS위성:8
17:35:18  GPS_HDOP:1.39
17:35:18  원시위도:37.496651
17:35:18  원시경도:126.957884
17:35:18  GPS채택:2896
17:35:18  GPS이상치거부:8
17:35:18  GPS품질거부:191
17:35:18  GPS재기준:1
17:35:18  RSSI원시:-84
17:35:18  RSSI평활:-85.7
17:35:18  RSSI샘플:35867
17:35:18  RSSI경과ms:5
17:35:18  차량수신:17463
17:35:18  시각ms:1992306
17:35:18  IMU시각ms:1992306
17:35:18  위험:0
17:35:18  GPS유효:1
17:35:18  위도:37.496651
17:35:18  경도:126.957886
17:35:18  속도:0.004
17:35:18  방향:188.0
17:35:18  GPS원시속도:0.005
17:35:18  GPS원시방향유효:1
17:35:18  GPS원시방향:187.0
17:35:18  가속도:3.926,-6.009,6.795
17:35:18  자이로:-0.832,0.947,1.214
17:35:18  자력계:-11.550,12.300,0.600
17:35:18  송신:19479
17:35:18  GPS위성:8
17:35:18  GPS_HDOP:1.39
17:35:18  원시위도:37.496651
17:35:18  원시경도:126.957884
17:35:18  GPS채택:2896
17:35:18  GPS이상치거부:8
17:35:18  GPS품질거부:191
17:35:18  GPS재기준:1
17:35:18  RSSI원시:-83
17:35:18  RSSI평활:-85.1
17:35:18  RSSI샘플:35868
17:35:18  RSSI경과ms:21
17:35:18  차량수신:17464
17:35:18  시각ms:1992585
17:35:18  IMU시각ms:1992585
17:35:18  위험:0
17:35:18  GPS유효:1
17:35:18  위도:37.496651
17:35:18  경도:126.957886
17:35:18  속도:0.008
17:35:18  방향:188.0
17:35:18  GPS원시속도:0.015
17:35:18  GPS원시방향유효:1
17:35:18  GPS원시방향:187.0
17:35:18  가속도:4.123,-5.981,6.709
17:35:18  자이로:0.504,-3.412,0.298
17:35:18  자력계:-13.050,12.600,-0.300
17:35:18  송신:19482
17:35:18  GPS위성:8
17:35:18  GPS_HDOP:1.39
17:35:18  원시위도:37.496651
17:35:18  원시경도:126.957885
17:35:18  GPS채택:2897
17:35:18  GPS이상치거부:8
17:35:18  GPS품질거부:191
17:35:18  GPS재기준:1
17:35:18  RSSI원시:-78
17:35:18  RSSI평활:-83.4
17:35:18  RSSI샘플:35870
17:35:18  RSSI경과ms:185
17:35:18  차량수신:17465
17:35:18  시각ms:1992607
17:35:18  IMU시각ms:1992607
17:35:18  위험:0
17:35:18  GPS유효:1
17:35:18  위도:37.496651
17:35:18  경도:126.957886
17:35:18  속도:0.008
17:35:18  방향:188.0
17:35:18  GPS원시속도:0.015
17:35:18  GPS원시방향유효:1
17:35:18  GPS원시방향:187.0
17:35:18  가속도:3.998,-6.019,6.646
17:35:18  자이로:0.550,-1.267,-1.244
17:35:18  자력계:-13.050,11.850,1.050
17:35:18  송신:19482
17:35:18  GPS위성:8
17:35:18  GPS_HDOP:1.39
17:35:18  원시위도:37.496651
17:35:18  원시경도:126.957885
17:35:18  GPS채택:2897
17:35:18  GPS이상치거부:8
17:35:18  GPS품질거부:191
17:35:18  GPS재기준:1
17:35:18  RSSI원시:-78
17:35:18  RSSI평활:-83.4
17:35:18  RSSI샘플:35870
17:35:18  RSSI경과ms:207
17:35:18  차량수신:17465
17:35:18  시각ms:1992629
17:35:18  IMU시각ms:1992629
17:35:18  위험:0
17:35:18  GPS유효:1
17:35:18  위도:37.496651
17:35:18  경도:126.957886
17:35:18  속도:0.008
17:35:18  방향:188.0
17:35:18  GPS원시속도:0.015
17:35:18  GPS원시방향유효:1
17:35:18  GPS원시방향:187.0
17:35:18  가속도:4.085,-6.072,6.776
17:35:18  자이로:-1.656,-3.176,2.038
17:35:18  자력계:-12.450,13.500,0.150
17:35:18  송신:19482
17:35:18  GPS위성:8
17:35:18  GPS_HDOP:1.39
17:35:18  원시위도:37.496651
17:35:18  원시경도:126.957885
17:35:18  GPS채택:2897
17:35:18  GPS이상치거부:8
17:35:18  GPS품질거부:191
17:35:18  GPS재기준:1
17:35:18  RSSI원시:-85
17:35:18  RSSI평활:-83.7
17:35:18  RSSI샘플:35871
17:35:18  RSSI경과ms:12
17:35:18  차량수신:17465
17:35:18  시각ms:1992664
17:35:18  IMU시각ms:1992664
17:35:18  위험:0
17:35:18  GPS유효:1
17:35:18  위도:37.496651
17:35:18  경도:126.957886
17:35:18  속도:0.011
17:35:18  방향:188.0
17:35:18  GPS원시속도:0.015
17:35:18  GPS원시방향유효:1
17:35:18  GPS원시방향:187.0
17:35:18  가속도:4.080,-6.062,6.713
17:35:18  자이로:-2.389,-0.794,0.145
17:35:18  자력계:-14.700,11.700,0.150
17:35:18  송신:19483
17:35:18  GPS위성:8
17:35:18  GPS_HDOP:1.39
17:35:18  원시위도:37.496651
17:35:18  원시경도:126.957885
17:35:18  GPS채택:2898
17:35:18  GPS이상치거부:8
17:35:18  GPS품질거부:191
17:35:18  GPS재기준:1
17:35:18  RSSI원시:-85
17:35:18  RSSI평활:-83.7
17:35:18  RSSI샘플:35871
17:35:18  RSSI경과ms:47
17:35:18  차량수신:17465
17:35:18  시각ms:1992686
17:35:18  IMU시각ms:1992686
17:35:18  위험:0
17:35:18  GPS유효:1
17:35:18  위도:37.496651
17:35:18  경도:126.957886
17:35:18  속도:0.011
17:35:18  방향:188.0
17:35:18  GPS원시속도:0.015
17:35:18  GPS원시방향유효:1
17:35:18  GPS원시방향:187.0
17:35:18  가속도:4.013,-6.139,6.771
17:35:18  자이로:-1.580,-1.214,-1.626
17:35:18  자력계:-12.750,13.800,1.050
17:35:18  송신:19483
17:35:18  GPS위성:8
17:35:18  GPS_HDOP:1.39
17:35:18  원시위도:37.496651
17:35:18  원시경도:126.957885
17:35:18  GPS채택:2898
17:35:18  GPS이상치거부:8
17:35:18  GPS품질거부:191
17:35:18  GPS재기준:1
17:35:18  RSSI원시:-86
17:35:18  RSSI평활:-84.2
17:35:18  RSSI샘플:35872
17:35:18  RSSI경과ms:3
17:35:18  차량수신:17465
17:35:18  시각ms:1992708
17:35:18  IMU시각ms:1992708
17:35:18  위험:0
17:35:18  GPS유효:1
17:35:18  위도:37.496651
17:35:18  경도:126.957886
17:35:18  속도:0.011
17:35:18  방향:188.0
17:35:18  GPS원시속도:0.015
17:35:18  GPS원시방향유효:1
17:35:18  GPS원시방향:187.0
17:35:18  가속도:4.041,-6.144,6.771
17:35:18  자이로:-1.550,-2.221,-0.550
17:35:18  자력계:-13.950,12.750,-0.150
17:35:18  송신:19483
17:35:18  GPS위성:8
17:35:18  GPS_HDOP:1.39
17:35:18  원시위도:37.496651
17:35:18  원시경도:126.957885
17:35:18  GPS채택:2898
17:35:18  GPS이상치거부:8
17:35:18  GPS품질거부:191
17:35:18  GPS재기준:1
17:35:18  RSSI원시:-86
17:35:18  RSSI평활:-84.2
17:35:18  RSSI샘플:35872
17:35:18  RSSI경과ms:25
17:35:18  차량수신:17465
17:35:18  시각ms:1992786
17:35:18  IMU시각ms:1992786
17:35:18  위험:0
17:35:18  GPS유효:1
17:35:18  위도:37.496651
17:35:18  경도:126.957886
17:35:18  속도:0.011
17:35:18  방향:188.0
17:35:18  GPS원시속도:0.015
17:35:18  GPS원시방향유효:1
17:35:18  GPS원시방향:187.0
17:35:18  가속도:4.195,-6.096,6.670
17:35:18  자이로:0.130,-0.893,-2.198
17:35:18  자력계:-13.500,14.550,0.000
17:35:18  송신:19484
17:35:18  GPS위성:8
17:35:18  GPS_HDOP:1.39
17:35:18  원시위도:37.496651
17:35:18  원시경도:126.957885
17:35:18  GPS채택:2898
17:35:18  GPS이상치거부:8
17:35:18  GPS품질거부:191
17:35:18  GPS재기준:1
17:35:18  RSSI원시:-90
17:35:18  RSSI평활:-85.3
17:35:18  RSSI샘플:35873
17:35:18  RSSI경과ms:13
17:35:18  차량수신:17465
17:35:18  시각ms:1992808
17:35:18  IMU시각ms:1992808
17:35:18  위험:0
17:35:18  GPS유효:1
17:35:18  위도:37.496651
17:35:18  경도:126.957886
17:35:18  속도:0.011
17:35:18  방향:188.0
17:35:18  GPS원시속도:0.015
17:35:18  GPS원시방향유효:1
17:35:18  GPS원시방향:187.0
17:35:18  가속도:4.041,-6.115,6.680
17:35:18  자이로:-2.420,-0.939,0.198
17:35:18  자력계:-14.400,12.000,-0.900
17:35:18  송신:19484
17:35:18  GPS위성:8
17:35:18  GPS_HDOP:1.39
17:35:18  원시위도:37.496651
17:35:18  원시경도:126.957885
17:35:18  GPS채택:2898
17:35:18  GPS이상치거부:8
17:35:18  GPS품질거부:191
17:35:18  GPS재기준:1
17:35:18  RSSI원시:-90
17:35:18  RSSI평활:-85.3
17:35:18  RSSI샘플:35873
17:35:18  RSSI경과ms:35
17:35:18  차량수신:17465
17:35:18  시각ms:1992830
17:35:18  IMU시각ms:1992830
17:35:18  위험:0
17:35:18  GPS유효:1
17:35:18  위도:37.496651
17:35:18  경도:126.957886
17:35:18  속도:0.011
17:35:18  방향:188.0
17:35:18  GPS원시속도:0.015
17:35:18  GPS원시방향유효:1
17:35:18  GPS원시방향:187.0
17:35:18  가속도:4.037,-6.014,6.780
17:35:18  자이로:-2.298,0.756,-2.061
17:35:18  자력계:-13.500,13.050,-0.300
17:35:18  송신:19484
17:35:18  GPS위성:8
17:35:18  GPS_HDOP:1.39
17:35:18  원시위도:37.496651
17:35:18  원시경도:126.957885
17:35:18  GPS채택:2898
17:35:18  GPS이상치거부:8
17:35:18  GPS품질거부:191
17:35:18  GPS재기준:1
17:35:18  RSSI원시:-90
17:35:18  RSSI평활:-85.3
17:35:18  RSSI샘플:35873
17:35:18  RSSI경과ms:57
17:35:18  차량수신:17465
17:35:18  시각ms:1992865
17:35:18  IMU시각ms:1992865
17:35:18  위험:0
17:35:18  GPS유효:1
17:35:18  위도:37.496651
17:35:18  경도:126.957886
17:35:18  속도:0.011
17:35:18  방향:188.0
17:35:18  GPS원시속도:0.015
17:35:18  GPS원시방향유효:1
17:35:18  GPS원시방향:187.0
17:35:18  가속도:4.175,-6.024,6.776
17:35:18  자이로:-1.595,0.015,-0.618
17:35:18  자력계:-13.650,11.700,0.900
17:35:18  송신:19485
17:35:18  GPS위성:8
17:35:18  GPS_HDOP:1.39
17:35:18  원시위도:37.496651
17:35:18  원시경도:126.957885
17:35:18  GPS채택:2898
17:35:18  GPS이상치거부:8
17:35:18  GPS품질거부:191
17:35:18  GPS재기준:1
17:35:18  RSSI원시:-90
17:35:18  RSSI평활:-85.3
17:35:18  RSSI샘플:35873
17:35:18  RSSI경과ms:92
17:35:18  차량수신:17465
17:35:19  시각ms:1993178
17:35:19  IMU시각ms:1993178
17:35:19  위험:0
17:35:19  GPS유효:1
17:35:19  위도:37.496651
17:35:19  경도:126.957886
17:35:19  속도:0.011
17:35:19  방향:188.0
17:35:19  GPS원시속도:0.015
17:35:19  GPS원시방향유효:1
17:35:19  GPS원시방향:187.0
17:35:19  가속도:3.974,-6.038,6.675
17:35:19  자이로:-1.740,0.237,-0.466
17:35:19  자력계:-12.750,12.300,0.300
17:35:19  송신:19488
17:35:19  GPS위성:8
17:35:19  GPS_HDOP:1.39
17:35:19  원시위도:37.496651
17:35:19  원시경도:126.957885
17:35:19  GPS채택:2898
17:35:19  GPS이상치거부:8
17:35:19  GPS품질거부:191
17:35:19  GPS재기준:1
17:35:19  RSSI원시:-87
17:35:19  RSSI평활:-85.7
17:35:19  RSSI샘플:35874
17:35:19  RSSI경과ms:185
17:35:19  차량수신:17465
17:35:19  시각ms:1993315
17:35:19  IMU시각ms:1993315
17:35:19  위험:0
17:35:19  GPS유효:1
17:35:19  위도:37.496651
17:35:19  경도:126.957886
17:35:19  속도:0.011
17:35:19  방향:188.0
17:35:19  GPS원시속도:0.015
17:35:19  GPS원시방향유효:1
17:35:19  GPS원시방향:187.0
17:35:19  가속도:4.108,-6.062,6.646
17:35:19  자이로:0.290,-2.802,-0.496
17:35:19  자력계:-13.800,12.600,-0.600
17:35:19  송신:19489
17:35:19  GPS위성:8
17:35:19  GPS_HDOP:1.39
17:35:19  원시위도:37.496651
17:35:19  원시경도:126.957885
17:35:19  GPS채택:2898
17:35:19  GPS이상치거부:8
17:35:19  GPS품질거부:191
17:35:19  GPS재기준:1
17:35:19  RSSI원시:-87
17:35:19  RSSI평활:-85.7
17:35:19  RSSI샘플:35874
17:35:19  RSSI경과ms:322
17:35:19  차량수신:17465
17:35:19  시각ms:1993337
17:35:19  IMU시각ms:1993337
17:35:19  위험:0
17:35:19  GPS유효:1
17:35:19  위도:37.496651
17:35:19  경도:126.957886
17:35:19  속도:0.011
17:35:19  방향:188.0
17:35:19  GPS원시속도:0.015
17:35:19  GPS원시방향유효:1
17:35:19  GPS원시방향:187.0
17:35:19  가속도:3.974,-6.086,6.795
17:35:19  자이로:0.695,-2.939,-0.038
17:35:19  자력계:-14.550,13.050,0.000
17:35:19  송신:19489
17:35:19  GPS위성:8
17:35:19  GPS_HDOP:1.39
17:35:19  원시위도:37.496651
17:35:19  원시경도:126.957885
17:35:19  GPS채택:2898
17:35:19  GPS이상치거부:8
17:35:19  GPS품질거부:191
17:35:19  GPS재기준:1
17:35:19  RSSI원시:-85
17:35:19  RSSI평활:-85.5
17:35:19  RSSI샘플:35875
17:35:19  RSSI경과ms:21
17:35:19  차량수신:17466
17:35:19  시각ms:1993500
17:35:19  IMU시각ms:1993500
17:35:19  위험:0
17:35:19  GPS유효:1
17:35:19  위도:37.496651
17:35:19  경도:126.957886
17:35:19  속도:0.011
17:35:19  방향:188.0
17:35:19  GPS원시속도:0.015
17:35:19  GPS원시방향유효:1
17:35:19  GPS원시방향:187.0
17:35:19  가속도:4.037,-6.005,6.665
17:35:19  자이로:0.107,-2.557,-0.626
17:35:19  자력계:-14.700,12.000,-0.450
17:35:19  송신:19491
17:35:19  GPS위성:8
17:35:19  GPS_HDOP:1.39
17:35:19  원시위도:37.496651
17:35:19  원시경도:126.957885
17:35:19  GPS채택:2898
17:35:19  GPS이상치거부:8
17:35:19  GPS품질거부:191
17:35:19  GPS재기준:1
17:35:19  RSSI원시:-83
17:35:19  RSSI평활:-85.0
17:35:19  RSSI샘플:35876
17:35:19  RSSI경과ms:32
17:35:19  차량수신:17466
17:35:19  시각ms:1993623
17:35:19  IMU시각ms:1993623
17:35:19  위험:0
17:35:19  GPS유효:1
17:35:19  위도:37.496651
17:35:19  경도:126.957886
17:35:19  속도:0.012
17:35:19  방향:188.0
17:35:19  GPS원시속도:0.015
17:35:19  GPS원시방향유효:1
17:35:19  GPS원시방향:187.0
17:35:19  가속도:4.161,-5.995,6.737
17:35:19  자이로:-1.824,-1.168,-2.763
17:35:19  자력계:-12.300,12.300,1.050
17:35:19  송신:19492
17:35:19  GPS위성:8
17:35:19  GPS_HDOP:1.39
17:35:19  원시위도:37.496651
17:35:19  원시경도:126.957885
17:35:19  GPS채택:2899
17:35:19  GPS이상치거부:8
17:35:19  GPS품질거부:191
17:35:19  GPS재기준:1
17:35:19  RSSI원시:-82
17:35:19  RSSI평활:-84.4
17:35:19  RSSI샘플:35877
17:35:19  RSSI경과ms:18
17:35:19  차량수신:17466
17:35:19  시각ms:1993645
17:35:19  IMU시각ms:1993645
17:35:19  위험:0
17:35:19  GPS유효:1
17:35:19  위도:37.496651
17:35:19  경도:126.957886
17:35:19  속도:0.012
17:35:19  방향:188.0
17:35:19  GPS원시속도:0.015
17:35:19  GPS원시방향유효:1
17:35:19  GPS원시방향:187.0
17:35:19  가속도:3.984,-5.971,6.713
17:35:19  자이로:-0.557,0.916,0.870
17:35:19  자력계:-13.800,13.050,1.350
17:35:19  송신:19492
17:35:19  GPS위성:8
17:35:19  GPS_HDOP:1.39
17:35:19  원시위도:37.496651
17:35:19  원시경도:126.957885
17:35:19  GPS채택:2899
17:35:19  GPS이상치거부:8
17:35:19  GPS품질거부:191
17:35:19  GPS재기준:1
17:35:19  RSSI원시:-82
17:35:19  RSSI평활:-84.4
17:35:19  RSSI샘플:35877
17:35:19  RSSI경과ms:40
17:35:19  차량수신:17466
17:35:19  시각ms:1993702
17:35:19  IMU시각ms:1993702
17:35:19  위험:0
17:35:19  GPS유효:1
17:35:19  위도:37.496651
17:35:19  경도:126.957886
17:35:19  속도:0.013
17:35:19  방향:188.0
17:35:19  GPS원시속도:0.015
17:35:19  GPS원시방향유효:1
17:35:19  GPS원시방향:187.0
17:35:19  가속도:4.104,-6.187,6.718
17:35:19  자이로:0.344,-1.779,1.802
17:35:19  자력계:-12.450,11.700,-0.150
17:35:19  송신:19493
17:35:19  GPS위성:8
17:35:19  GPS_HDOP:1.39
17:35:19  원시위도:37.496651
17:35:19  원시경도:126.957885
17:35:19  GPS채택:2900
17:35:19  GPS이상치거부:8
17:35:19  GPS품질거부:191
17:35:19  GPS재기준:1
17:35:19  RSSI원시:-84
17:35:19  RSSI평활:-84.3
17:35:19  RSSI샘플:35878
17:35:19  RSSI경과ms:43
17:35:19  차량수신:17467
17:35:19  시각ms:1993724
17:35:19  IMU시각ms:1993724
17:35:19  위험:0
17:35:19  GPS유효:1
17:35:19  위도:37.496651
17:35:19  경도:126.957886
17:35:19  속도:0.013
17:35:19  방향:188.0
17:35:19  GPS원시속도:0.015
17:35:19  GPS원시방향유효:1
17:35:19  GPS원시방향:187.0
17:35:19  가속도:3.998,-6.033,6.747
17:35:19  자이로:-1.275,-0.863,1.450
17:35:19  자력계:-13.200,13.500,-1.200
17:35:19  송신:19493
17:35:19  GPS위성:8
17:35:19  GPS_HDOP:1.39
17:35:19  원시위도:37.496651
17:35:19  원시경도:126.957885
17:35:19  GPS채택:2900
17:35:19  GPS이상치거부:8
17:35:19  GPS품질거부:191
17:35:19  GPS재기준:1
17:35:19  RSSI원시:-84
17:35:19  RSSI평활:-84.3
17:35:19  RSSI샘플:35878
17:35:19  RSSI경과ms:65
17:35:19  차량수신:17467
17:35:20  시각ms:1994082
17:35:20  IMU시각ms:1994082
17:35:20  위험:0
17:35:20  GPS유효:1
17:35:20  위도:37.496651
17:35:20  경도:126.957886
17:35:20  속도:0.013
17:35:20  방향:188.0
17:35:20  GPS원시속도:0.015
17:35:20  GPS원시방향유효:1
17:35:20  GPS원시방향:187.0
17:35:20  가속도:4.041,-6.038,6.790
17:35:20  자이로:-0.313,-1.534,-0.710
17:35:20  자력계:-13.650,13.500,0.450
17:35:20  송신:19497
17:35:20  GPS위성:8
17:35:20  GPS_HDOP:1.39
17:35:20  원시위도:37.496651
17:35:20  원시경도:126.957885
17:35:20  GPS채택:2900
17:35:20  GPS이상치거부:8
17:35:20  GPS품질거부:191
17:35:20  GPS재기준:1
17:35:20  RSSI원시:-83
17:35:20  RSSI평활:-83.0
17:35:20  RSSI샘플:35881
17:35:20  RSSI경과ms:71
17:35:20  차량수신:17468
17:35:20  시각ms:1994311
17:35:20  IMU시각ms:1994311
17:35:20  위험:0
17:35:20  GPS유효:1
17:35:20  위도:37.496651
17:35:20  경도:126.957886
17:35:20  속도:0.013
17:35:20  방향:188.0
17:35:20  GPS원시속도:0.015
17:35:20  GPS원시방향유효:1
17:35:20  GPS원시방향:187.0
17:35:20  가속도:3.946,-6.086,6.756
17:35:20  자이로:-0.176,0.183,-0.565
17:35:20  자력계:-13.200,13.500,1.200
17:35:20  송신:19499
17:35:20  GPS위성:8
17:35:20  GPS_HDOP:1.39
17:35:20  원시위도:37.496651
17:35:20  원시경도:126.957885
17:35:20  GPS채택:2900
17:35:20  GPS이상치거부:8
17:35:20  GPS품질거부:191
17:35:20  GPS재기준:1
17:35:20  RSSI원시:-79
17:35:20  RSSI평활:-81.5
17:35:20  RSSI샘플:35884
17:35:20  RSSI경과ms:103
17:35:20  차량수신:17469
17:35:20  시각ms:1994333
17:35:20  IMU시각ms:1994333
17:35:20  위험:0
17:35:20  GPS유효:1
17:35:20  위도:37.496651
17:35:20  경도:126.957886
17:35:20  속도:0.013
17:35:20  방향:188.0
17:35:20  GPS원시속도:0.015
17:35:20  GPS원시방향유효:1
17:35:20  GPS원시방향:187.0
17:35:20  가속도:3.989,-6.172,6.847
17:35:20  자이로:-2.504,-1.168,-0.198
17:35:20  자력계:-13.950,11.250,0.900
17:35:20  송신:19499
17:35:20  GPS위성:8
17:35:20  GPS_HDOP:1.39
17:35:20  원시위도:37.496651
17:35:20  원시경도:126.957885
17:35:20  GPS채택:2900
17:35:20  GPS이상치거부:8
17:35:20  GPS품질거부:191
17:35:20  GPS재기준:1
17:35:20  RSSI원시:-79
17:35:20  RSSI평활:-81.5
17:35:20  RSSI샘플:35884
17:35:20  RSSI경과ms:125
17:35:20  차량수신:17469
17:35:20  시각ms:1994389
17:35:20  IMU시각ms:1994377
17:35:20  위험:0
17:35:20  GPS유효:1
17:35:20  위도:37.496651
17:35:20  경도:126.957886
17:35:20  속도:0.013
17:35:20  방향:188.0
17:35:20  GPS원시속도:0.015
17:35:20  GPS원시방향유효:1
17:35:20  GPS원시방향:187.0
17:35:20  가속도:4.113,-5.962,6.752
17:35:20  자이로:-0.038,1.427,-1.023
17:35:20  자력계:-13.500,13.050,0.000
17:35:20  송신:19500
17:35:20  GPS위성:8
17:35:20  GPS_HDOP:1.39
17:35:20  원시위도:37.496651
17:35:20  원시경도:126.957885
17:35:20  GPS채택:2900
17:35:20  GPS이상치거부:8
17:35:20  GPS품질거부:191
17:35:20  GPS재기준:1
17:35:20  RSSI원시:-80
17:35:20  RSSI평활:-81.2
17:35:20  RSSI샘플:35885
17:35:20  RSSI경과ms:9
17:35:20  차량수신:17470
17:35:21  시각ms:1994520
17:35:21  IMU시각ms:1994520
17:35:21  위험:0
17:35:21  GPS유효:1
17:35:21  위도:37.496651
17:35:21  경도:126.957886
17:35:21  속도:0.013
17:35:21  방향:188.0
17:35:21  GPS원시속도:0.015
17:35:21  GPS원시방향유효:1
17:35:21  GPS원시방향:187.0
17:35:21  가속도:4.070,-6.024,6.862
17:35:21  자이로:-2.710,-1.824,-1.969
17:35:21  자력계:-13.050,11.400,1.050
17:35:21  송신:19501
17:35:21  GPS위성:8
17:35:21  GPS_HDOP:1.39
17:35:21  원시위도:37.496651
17:35:21  원시경도:126.957885
17:35:21  GPS채택:2900
17:35:21  GPS이상치거부:8
17:35:21  GPS품질거부:191
17:35:21  GPS재기준:1
17:35:21  RSSI원시:-80
17:35:21  RSSI평활:-80.8
17:35:21  RSSI샘플:35888
17:35:21  RSSI경과ms:29
17:35:21  차량수신:17471
17:35:21  시각ms:1994564
17:35:21  IMU시각ms:1994564
17:35:21  위험:0
17:35:21  GPS유효:1
17:35:21  위도:37.496651
17:35:21  경도:126.957886
17:35:21  속도:0.010
17:35:21  방향:188.0
17:35:21  GPS원시속도:0.005
17:35:21  GPS원시방향유효:1
17:35:21  GPS원시방향:187.0
17:35:21  가속도:4.013,-6.076,6.843
17:35:21  자이로:-1.573,-1.924,-0.160
17:35:21  자력계:-13.650,12.450,-1.500
17:35:21  송신:19501
17:35:21  GPS위성:8
17:35:21  GPS_HDOP:1.39
17:35:21  원시위도:37.496652
17:35:21  원시경도:126.957886
17:35:21  GPS채택:2901
17:35:21  GPS이상치거부:8
17:35:21  GPS품질거부:191
17:35:21  GPS재기준:1
17:35:21  RSSI원시:-80
17:35:21  RSSI평활:-80.8
17:35:21  RSSI샘플:35888
17:35:21  RSSI경과ms:73
17:35:21  차량수신:17471
17:35:21  시각ms:1994700
17:35:21  IMU시각ms:1994700
17:35:21  위험:0
17:35:21  GPS유효:1
17:35:21  위도:37.496651
17:35:21  경도:126.957886
17:35:21  속도:0.009
17:35:21  방향:188.0
17:35:21  GPS원시속도:0.005
17:35:21  GPS원시방향유효:1
17:35:21  GPS원시방향:187.0
17:35:21  가속도:3.950,-6.091,6.766
17:35:21  자이로:-1.260,-0.687,2.626
17:35:21  자력계:-13.800,12.300,0.300
17:35:21  송신:19503
17:35:21  GPS위성:8
17:35:21  GPS_HDOP:1.39
17:35:21  원시위도:37.496652
17:35:21  원시경도:126.957886
17:35:21  GPS채택:2902
17:35:21  GPS이상치거부:8
17:35:21  GPS품질거부:191
17:35:21  GPS재기준:1
17:35:21  RSSI원시:-79
17:35:21  RSSI평활:-80.3
17:35:21  RSSI샘플:35890
17:35:21  RSSI경과ms:12
17:35:21  차량수신:17472
17:35:21  시각ms:1994821
17:35:21  IMU시각ms:1994821
17:35:21  위험:0
17:35:21  GPS유효:1
17:35:21  위도:37.496651
17:35:21  경도:126.957886
17:35:21  속도:0.009
17:35:21  방향:188.0
17:35:21  GPS원시속도:0.005
17:35:21  GPS원시방향유효:1
17:35:21  GPS원시방향:187.0
17:35:21  가속도:3.960,-6.038,6.737
17:35:21  자이로:-0.695,-2.740,-0.321
17:35:21  자력계:-13.500,13.050,2.100
17:35:21  송신:19504
17:35:21  GPS위성:8
17:35:21  GPS_HDOP:1.39
17:35:21  원시위도:37.496652
17:35:21  원시경도:126.957886
17:35:21  GPS채택:2902
17:35:21  GPS이상치거부:8
17:35:21  GPS품질거부:191
17:35:21  GPS재기준:1
17:35:21  RSSI원시:-79
17:35:21  RSSI평활:-80.3
17:35:21  RSSI샘플:35890
17:35:21  RSSI경과ms:133
17:35:21  차량수신:17472
17:35:21  시각ms:1995065
17:35:21  IMU시각ms:1995065
17:35:21  위험:0
17:35:21  GPS유효:1
17:35:21  위도:37.496651
17:35:21  경도:126.957886
17:35:21  속도:0.009
17:35:21  방향:188.0
17:35:21  GPS원시속도:0.005
17:35:21  GPS원시방향유효:1
17:35:21  GPS원시방향:187.0
17:35:21  가속도:4.046,-6.124,6.718
17:35:21  자이로:-0.924,-2.015,-1.145
17:35:21  자력계:-12.900,14.400,-0.450
17:35:21  송신:19506
17:35:21  GPS위성:8
17:35:21  GPS_HDOP:1.39
17:35:21  원시위도:37.496652
17:35:21  원시경도:126.957886
17:35:21  GPS채택:2902
17:35:21  GPS이상치거부:8
17:35:21  GPS품질거부:191
17:35:21  GPS재기준:1
17:35:21  RSSI원시:-87
17:35:21  RSSI평활:-83.5
17:35:21  RSSI샘플:35893
17:35:21  RSSI경과ms:60
17:35:21  차량수신:17473
17:35:22  시각ms:1995164
17:35:22  IMU시각ms:1995164
17:35:22  위험:0
17:35:22  GPS유효:1
17:35:22  위도:37.496651
17:35:22  경도:126.957886
17:35:22  속도:0.009
17:35:22  방향:188.0
17:35:22  GPS원시속도:0.005
17:35:22  GPS원시방향유효:1
17:35:22  GPS원시방향:187.0
17:35:22  가속도:3.979,-6.182,6.637
17:35:22  자이로:0.618,-3.672,-1.282
17:35:22  자력계:-12.000,12.600,0.000
17:35:22  송신:19507
17:35:22  GPS위성:8
17:35:22  GPS_HDOP:1.39
17:35:22  원시위도:37.496652
17:35:22  원시경도:126.957886
17:35:22  GPS채택:2902
17:35:22  GPS이상치거부:8
17:35:22  GPS품질거부:191
17:35:22  GPS재기준:1
17:35:22  RSSI원시:-85
17:35:22  RSSI평활:-83.8
17:35:22  RSSI샘플:35894
17:35:22  RSSI경과ms:72
17:35:22  차량수신:17474
17:35:22  시각ms:1995212
17:35:22  IMU시각ms:1995212
17:35:22  위험:0
17:35:22  GPS유효:1
17:35:22  위도:37.496651
17:35:22  경도:126.957886
17:35:22  속도:0.009
17:35:22  방향:188.0
17:35:22  GPS원시속도:0.005
17:35:22  GPS원시방향유효:1
17:35:22  GPS원시방향:187.0
17:35:22  가속도:4.003,-6.115,6.646
17:35:22  자이로:-0.656,-3.504,1.321
17:35:22  자력계:-13.050,12.600,-0.300
17:35:22  송신:19508
17:35:22  GPS위성:8
17:35:22  GPS_HDOP:1.39
17:35:22  원시위도:37.496652
17:35:22  원시경도:126.957886
17:35:22  GPS채택:2902
17:35:22  GPS이상치거부:8
17:35:22  GPS품질거부:191
17:35:22  GPS재기준:1
17:35:22  RSSI원시:-84
17:35:22  RSSI평활:-83.9
17:35:22  RSSI샘플:35895
17:35:22  RSSI경과ms:23
17:35:22  차량수신:17475
17:35:22  시각ms:1995256
17:35:22  IMU시각ms:1995256
17:35:22  위험:0
17:35:22  GPS유효:1
17:35:22  위도:37.496651
17:35:22  경도:126.957886
17:35:22  속도:0.009
17:35:22  방향:188.0
17:35:22  GPS원시속도:0.005
17:35:22  GPS원시방향유효:1
17:35:22  GPS원시방향:187.0
17:35:22  가속도:4.161,-6.287,6.737
17:35:22  자이로:-1.710,0.962,0.260
17:35:22  자력계:-12.750,11.400,0.000
17:35:22  송신:19508
17:35:22  GPS위성:8
17:35:22  GPS_HDOP:1.39
17:35:22  원시위도:37.496652
17:35:22  원시경도:126.957886
17:35:22  GPS채택:2902
17:35:22  GPS이상치거부:8
17:35:22  GPS품질거부:191
17:35:22  GPS재기준:1
17:35:22  RSSI원시:-84
17:35:22  RSSI평활:-83.9
17:35:22  RSSI샘플:35895
17:35:22  RSSI경과ms:67
17:35:22  차량수신:17475
17:35:22  시각ms:1995348
17:35:22  IMU시각ms:1995348
17:35:22  위험:0
17:35:22  GPS유효:1
17:35:22  위도:37.496651
17:35:22  경도:126.957886
17:35:22  속도:0.009
17:35:22  방향:188.0
17:35:22  GPS원시속도:0.005
17:35:22  GPS원시방향유효:1
17:35:22  GPS원시방향:187.0
17:35:22  가속도:3.974,-6.005,6.809
17:35:22  자이로:-1.779,0.198,-1.115
17:35:22  자력계:-14.700,14.400,1.200
17:35:22  송신:19509
17:35:22  GPS위성:8
17:35:22  GPS_HDOP:1.39
17:35:22  원시위도:37.496652
17:35:22  원시경도:126.957886
17:35:22  GPS채택:2902
17:35:22  GPS이상치거부:8
17:35:22  GPS품질거부:191
17:35:22  GPS재기준:1
17:35:22  RSSI원시:-84
17:35:22  RSSI평활:-83.9
17:35:22  RSSI샘플:35896
17:35:22  RSSI경과ms:39
17:35:22  차량수신:17476
17:35:23  시각ms:1995557
17:35:23  IMU시각ms:1995557
17:35:23  위험:0
17:35:23  GPS유효:1
17:35:23  위도:37.496651
17:35:23  경도:126.957886
17:35:23  속도:0.007
17:35:23  방향:188.0
17:35:23  GPS원시속도:0.005
17:35:23  GPS원시방향유효:1
17:35:23  GPS원시방향:187.0
17:35:23  가속도:4.065,-6.091,6.685
17:35:23  자이로:-0.924,-1.244,1.069
17:35:23  자력계:-12.000,13.350,1.800
17:35:23  송신:19511
17:35:23  GPS위성:8
17:35:23  GPS_HDOP:1.39
17:35:23  원시위도:37.496652
17:35:23  원시경도:126.957887
17:35:23  GPS채택:2903
17:35:23  GPS이상치거부:8
17:35:23  GPS품질거부:191
17:35:23  GPS재기준:1
17:35:23  RSSI원시:-84
17:35:23  RSSI평활:-83.9
17:35:23  RSSI샘플:35896
17:35:23  RSSI경과ms:248
17:35:23  차량수신:17476
17:35:23  시각ms:1995579
17:35:23  IMU시각ms:1995579
17:35:23  위험:0
17:35:23  GPS유효:1
17:35:23  위도:37.496651
17:35:23  경도:126.957886
17:35:23  속도:0.007
17:35:23  방향:188.0
17:35:23  GPS원시속도:0.005
17:35:23  GPS원시방향유효:1
17:35:23  GPS원시방향:187.0
17:35:23  가속도:3.960,-6.024,6.756
17:35:23  자이로:1.328,0.191,-0.275
17:35:23  자력계:-12.300,12.300,-0.600
17:35:23  송신:19511
17:35:23  GPS위성:8
17:35:23  GPS_HDOP:1.39
17:35:23  원시위도:37.496652
17:35:23  원시경도:126.957887
17:35:23  GPS채택:2903
17:35:23  GPS이상치거부:8
17:35:23  GPS품질거부:191
17:35:23  GPS재기준:1
17:35:23  RSSI원시:-84
17:35:23  RSSI평활:-83.9
17:35:23  RSSI샘플:35896
17:35:23  RSSI경과ms:270
17:35:23  차량수신:17476
17:35:24  시각ms:1995857
17:35:24  IMU시각ms:1995857
17:35:24  위험:0
17:35:24  GPS유효:1
17:35:24  위도:37.496651
17:35:24  경도:126.957886
17:35:24  속도:0.007
17:35:24  방향:188.0
17:35:24  GPS원시속도:0.005
17:35:24  GPS원시방향유효:1
17:35:24  GPS원시방향:187.0
17:35:24  가속도:3.917,-5.952,6.723
17:35:24  자이로:-1.115,-2.397,-1.260
17:35:24  자력계:-14.550,13.050,-1.050
17:35:24  송신:19514
17:35:24  GPS위성:8
17:35:24  GPS_HDOP:1.39
17:35:24  원시위도:37.496652
17:35:24  원시경도:126.957887
17:35:24  GPS채택:2904
17:35:24  GPS이상치거부:8
17:35:24  GPS품질거부:191
17:35:24  GPS재기준:1
17:35:24  RSSI원시:-80
17:35:24  RSSI평활:-82.4
17:35:24  RSSI샘플:35900
17:35:24  RSSI경과ms:34
17:35:24  차량수신:17478
17:35:24  시각ms:1996057
17:35:24  IMU시각ms:1996057
17:35:24  위험:0
17:35:24  GPS유효:1
17:35:24  위도:37.496651
17:35:24  경도:126.957886
17:35:24  속도:0.007
17:35:24  방향:188.0
17:35:24  GPS원시속도:0.005
17:35:24  GPS원시방향유효:1
17:35:24  GPS원시방향:187.0
17:35:24  가속도:4.046,-6.167,6.809
17:35:24  자이로:-1.969,-2.366,2.229
17:35:24  자력계:-12.300,12.300,2.100
17:35:24  송신:19516
17:35:24  GPS위성:8
17:35:24  GPS_HDOP:1.39
17:35:24  원시위도:37.496652
17:35:24  원시경도:126.957887
17:35:24  GPS채택:2904
17:35:24  GPS이상치거부:8
17:35:24  GPS품질거부:191
17:35:24  GPS재기준:1
17:35:24  RSSI원시:-85
17:35:24  RSSI평활:-84.8
17:35:24  RSSI샘플:35903
17:35:24  RSSI경과ms:42
17:35:24  차량수신:17480
17:35:24  시각ms:1996248
17:35:24  IMU시각ms:1996248
17:35:24  위험:0
17:35:24  GPS유효:1
17:35:24  위도:37.496651
17:35:24  경도:126.957886
17:35:24  속도:0.007
17:35:24  방향:188.0
17:35:24  GPS원시속도:0.005
17:35:24  GPS원시방향유효:1
17:35:24  GPS원시방향:187.0
17:35:24  가속도:4.051,-6.072,6.823
17:35:24  자이로:0.382,-1.817,-2.206
17:35:24  자력계:-12.450,12.000,1.500
17:35:24  송신:19518
17:35:24  GPS위성:8
17:35:24  GPS_HDOP:1.39
17:35:24  원시위도:37.496652
17:35:24  원시경도:126.957887
17:35:24  GPS채택:2904
17:35:24  GPS이상치거부:8
17:35:24  GPS품질거부:191
17:35:24  GPS재기준:1
17:35:24  RSSI원시:-88
17:35:24  RSSI평활:-85.7
17:35:24  RSSI샘플:35905
17:35:24  RSSI경과ms:21
17:35:24  차량수신:17480
17:35:25  시각ms:1996692
17:35:25  IMU시각ms:1996692
17:35:25  위험:0
17:35:25  GPS유효:1
17:35:25  위도:37.496651
17:35:25  경도:126.957886
17:35:25  속도:0.009
17:35:25  방향:188.0
17:35:25  GPS원시속도:0.010
17:35:25  GPS원시방향유효:1
17:35:25  GPS원시방향:187.0
17:35:25  가속도:4.037,-6.115,6.689
17:35:25  자이로:0.519,-0.435,0.053
17:35:25  자력계:-12.150,11.700,2.250
17:35:25  송신:19522
17:35:25  GPS위성:8
17:35:25  GPS_HDOP:1.39
17:35:25  원시위도:37.496653
17:35:25  원시경도:126.957887
17:35:25  GPS채택:2906
17:35:25  GPS이상치거부:8
17:35:25  GPS품질거부:191
17:35:25  GPS재기준:1
17:35:25  RSSI원시:-92
17:35:25  RSSI평활:-86.9
17:35:25  RSSI샘플:35906
17:35:25  RSSI경과ms:2
17:35:25  차량수신:17480
