17:35:11  시각ms:1997813
17:35:11  IMU시각ms:1997813
17:35:11  위험:0
17:35:11  원시위험:0
17:35:11  GPS유효:1
17:35:11  위도:37.496441
17:35:11  경도:126.958162
17:35:11  속도:0.01
17:35:11  방향:12.0
17:35:11  GPS원시속도:0.000
17:35:11  GPS원시방향유효:1
17:35:11  GPS원시방향:11.3
17:35:11  가속도:-0.50,1.40,9.52
17:35:12  자이로:-0.5,-2.9,0.7
17:35:12  자력계:6.600,3.600,-4.200
17:35:12  충격값:0.15
17:35:12  송신:19359
17:35:12  지팡이수신:18370
17:35:12  GPS위성:6
17:35:12  GPS_HDOP:1.40
17:35:12  원시위도:37.496440
17:35:12  원시경도:126.958162
17:35:12  GPS채택:1374
17:35:12  GPS이상치거부:35
17:35:12  GPS품질거부:84
17:35:12  GPS재기준:8
17:35:12  계산거리:33.92
17:35:12  접근속도:0.06
17:35:12  TTC:999.00
17:35:12  방향오차:-59.5
17:35:12  전방여부:0
17:35:12  위험음성횟수:0
17:35:12  충격음성횟수:1
17:35:12  마지막위험음성:0
17:35:12  RSSI원시:-85
17:35:12  RSSI평활:-83.7
17:35:12  RSSI샘플:18370
17:35:12  RSSI경과ms:715
17:35:12  위험송신:18367
17:35:12  시각ms:1997987
17:35:12  IMU시각ms:1997987
17:35:12  위험:0
17:35:12  원시위험:0
17:35:12  GPS유효:1
17:35:12  위도:37.496441
17:35:12  경도:126.958162
17:35:12  속도:0.01
17:35:12  방향:12.0
17:35:12  GPS원시속도:0.000
17:35:12  GPS원시방향유효:1
17:35:12  GPS원시방향:11.3
17:35:12  가속도:-0.70,1.24,9.64
17:35:12  자이로:2.2,-2.8,-0.6
17:35:12  자력계:5.850,2.550,-3.150
17:35:12  충격값:0.15
17:35:12  송신:19361
17:35:12  지팡이수신:18372
17:35:12  GPS위성:6
17:35:12  GPS_HDOP:1.40
17:35:12  원시위도:37.496440
17:35:12  원시경도:126.958162
17:35:12  GPS채택:1375
17:35:12  GPS이상치거부:35
17:35:12  GPS품질거부:84
17:35:12  GPS재기준:8
17:35:12  계산거리:33.92
17:35:12  접근속도:0.04
17:35:12  TTC:999.00
17:35:12  방향오차:-59.5
17:35:12  전방여부:0
17:35:12  위험음성횟수:0
17:35:12  충격음성횟수:1
17:35:12  마지막위험음성:0
17:35:12  RSSI원시:-85
17:35:12  RSSI평활:-83.8
17:35:12  RSSI샘플:18372
17:35:12  RSSI경과ms:66
17:35:12  위험송신:18369
17:35:12  시각ms:1998306
17:35:12  IMU시각ms:1998306
17:35:12  위험:0
17:35:12  원시위험:0
17:35:12  GPS유효:1
17:35:12  위도:37.496441
17:35:12  경도:126.958162
17:35:12  속도:0.00
17:35:12  방향:12.0
17:35:12  GPS원시속도:0.000
17:35:12  GPS원시방향유효:1
17:35:12  GPS원시방향:11.3
17:35:12  가속도:-0.68,1.31,9.60
17:35:12  자이로:0.5,0.4,-0.3
17:35:12  자력계:6.000,3.450,-2.550
17:35:12  충격값:0.08
17:35:12  송신:19364
17:35:12  지팡이수신:18373
17:35:12  GPS위성:6
17:35:12  GPS_HDOP:1.40
17:35:12  원시위도:37.496440
17:35:12  원시경도:126.958162
17:35:12  GPS채택:1376
17:35:12  GPS이상치거부:35
17:35:12  GPS품질거부:84
17:35:12  GPS재기준:8
17:35:12  계산거리:33.93
17:35:12  접근속도:0.04
17:35:12  TTC:999.00
17:35:12  방향오차:-59.5
17:35:12  전방여부:0
17:35:12  위험음성횟수:0
17:35:12  충격음성횟수:1
17:35:12  마지막위험음성:0
17:35:12  RSSI원시:-86
17:35:12  RSSI평활:-84.3
17:35:12  RSSI샘플:18373
17:35:12  RSSI경과ms:168
17:35:12  위험송신:18370
17:35:12  시각ms:1998511
17:35:12  IMU시각ms:1998511
17:35:12  위험:0
17:35:12  원시위험:0
17:35:12  GPS유효:1
17:35:12  위도:37.496441
17:35:12  경도:126.958162
17:35:12  속도:0.00
17:35:12  방향:12.0
17:35:12  GPS원시속도:0.000
17:35:12  GPS원시방향유효:1
17:35:12  GPS원시방향:11.3
17:35:12  가속도:-0.57,1.36,9.55
17:35:12  자이로:-0.2,0.7,-1.1
17:35:12  자력계:6.450,3.150,-4.500
17:35:12  충격값:0.07
17:35:12  송신:19366
17:35:12  지팡이수신:18374
17:35:12  GPS위성:6
17:35:12  GPS_HDOP:1.40
17:35:12  원시위도:37.496440
17:35:12  원시경도:126.958162
17:35:12  GPS채택:1376
17:35:12  GPS이상치거부:35
17:35:12  GPS품질거부:84
17:35:12  GPS재기준:8
17:35:12  계산거리:33.93
17:35:12  접근속도:0.02
17:35:12  TTC:999.00
17:35:12  방향오차:-59.5
17:35:12  전방여부:0
17:35:12  위험음성횟수:0
17:35:12  충격음성횟수:1
17:35:12  마지막위험음성:0
17:35:12  RSSI원시:-86
17:35:12  RSSI평활:-84.6
17:35:12  RSSI샘플:18374
17:35:12  RSSI경과ms:94
17:35:12  위험송신:18371
17:35:12  시각ms:1998666
17:35:12  IMU시각ms:1998666
17:35:12  위험:0
17:35:12  원시위험:0
17:35:12  GPS유효:1
17:35:12  위도:37.496441
17:35:12  경도:126.958162
17:35:12  속도:0.00
17:35:12  방향:12.0
17:35:12  GPS원시속도:0.000
17:35:12  GPS원시방향유효:1
17:35:12  GPS원시방향:11.3
17:35:12  가속도:-0.47,1.29,9.65
17:35:12  자이로:1.0,1.8,-2.4
17:35:12  자력계:5.700,3.450,-3.000
17:35:12  충격값:0.14
17:35:12  송신:19368
17:35:12  지팡이수신:18375
17:35:12  GPS위성:6
17:35:12  GPS_HDOP:1.40
17:35:12  원시위도:37.496440
17:35:12  원시경도:126.958162
17:35:12  GPS채택:1376
17:35:12  GPS이상치거부:35
17:35:12  GPS품질거부:84
17:35:12  GPS재기준:8
17:35:12  계산거리:33.93
17:35:12  접근속도:0.02
17:35:12  TTC:999.00
17:35:12  방향오차:-59.5
17:35:12  전방여부:0
17:35:12  위험음성횟수:0
17:35:12  충격음성횟수:1
17:35:12  마지막위험음성:0
17:35:12  RSSI원시:-84
17:35:12  RSSI평활:-84.5
17:35:12  RSSI샘플:18375
17:35:12  RSSI경과ms:143
17:35:12  위험송신:18372
17:35:12  시각ms:1998818
17:35:12  IMU시각ms:1998818
17:35:12  위험:0
17:35:12  원시위험:0
17:35:12  GPS유효:1
17:35:12  위도:37.496441
17:35:12  경도:126.958162
17:35:12  속도:0.00
17:35:12  방향:12.0
17:35:12  GPS원시속도:0.000
17:35:12  GPS원시방향유효:1
17:35:12  GPS원시방향:11.3
17:35:12  가속도:-0.57,1.31,9.60
17:35:12  자이로:1.0,-0.5,-0.9
17:35:12  자력계:5.700,1.500,-4.500
17:35:12  충격값:0.03
17:35:12  송신:19369
17:35:12  지팡이수신:18375
17:35:12  GPS위성:6
17:35:12  GPS_HDOP:1.40
17:35:12  원시위도:37.496440
17:35:12  원시경도:126.958162
17:35:12  GPS채택:1376
17:35:12  GPS이상치거부:35
17:35:12  GPS품질거부:84
17:35:12  GPS재기준:8
17:35:12  계산거리:33.93
17:35:12  접근속도:0.02
17:35:12  TTC:999.00
17:35:12  방향오차:-59.5
17:35:12  전방여부:0
17:35:12  위험음성횟수:0
17:35:12  충격음성횟수:1
17:35:12  마지막위험음성:0
17:35:12  RSSI원시:-84
17:35:12  RSSI평활:-84.5
17:35:12  RSSI샘플:18375
17:35:12  RSSI경과ms:295
17:35:12  위험송신:18372
17:35:13  시각ms:1998880
17:35:13  IMU시각ms:1998868
17:35:13  위험:0
17:35:13  원시위험:0
17:35:13  GPS유효:1
17:35:13  위도:37.496441
17:35:13  경도:126.958162
17:35:13  속도:0.00
17:35:13  방향:12.0
17:35:13  GPS원시속도:0.000
17:35:13  GPS원시방향유효:1
17:35:13  GPS원시방향:11.3
17:35:13  가속도:-0.51,1.34,9.62
17:35:13  자이로:1.8,-2.0,1.1
17:35:13  자력계:5.400,4.500,-3.150
17:35:13  충격값:0.08
17:35:13  송신:19370
17:35:13  지팡이수신:18376
17:35:13  GPS위성:6
17:35:13  GPS_HDOP:1.40
17:35:13  원시위도:37.496440
17:35:13  원시경도:126.958162
17:35:13  GPS채택:1376
17:35:13  GPS이상치거부:35
17:35:13  GPS품질거부:84
17:35:13  GPS재기준:8
17:35:13  계산거리:33.93
17:35:13  접근속도:0.02
17:35:13  TTC:999.00
17:35:13  방향오차:-59.5
17:35:13  전방여부:0
17:35:13  위험음성횟수:0
17:35:13  충격음성횟수:1
17:35:13  마지막위험음성:0
17:35:13  RSSI원시:-84
17:35:13  RSSI평활:-84.4
17:35:13  RSSI샘플:18376
17:35:13  RSSI경과ms:6
17:35:13  위험송신:18372
17:35:13  시각ms:1998992
17:35:13  IMU시각ms:1998992
17:35:13  위험:0
17:35:13  원시위험:0
17:35:13  GPS유효:1
17:35:13  위도:37.496441
17:35:13  경도:126.958162
17:35:13  속도:0.00
17:35:13  방향:12.0
17:35:13  GPS원시속도:0.000
17:35:13  GPS원시방향유효:1
17:35:13  GPS원시방향:11.3
17:35:13  가속도:-0.49,1.38,9.58
17:35:13  자이로:-0.2,2.0,-0.9
17:35:13  자력계:6.450,3.900,-3.750
17:35:13  충격값:0.10
17:35:13  송신:19371
17:35:13  지팡이수신:18377
17:35:13  GPS위성:6
17:35:13  GPS_HDOP:1.40
17:35:13  원시위도:37.496440
17:35:13  원시경도:126.958162
17:35:13  GPS채택:1377
17:35:13  GPS이상치거부:35
17:35:13  GPS품질거부:84
17:35:13  GPS재기준:8
17:35:13  계산거리:34.22
17:35:13  접근속도:-0.15
17:35:13  TTC:999.00
17:35:13  방향오차:-59.5
17:35:13  전방여부:0
17:35:13  위험음성횟수:0
17:35:13  충격음성횟수:1
17:35:13  마지막위험음성:0
17:35:13  RSSI원시:-85
17:35:13  RSSI평활:-84.5
17:35:13  RSSI샘플:18377
17:35:13  RSSI경과ms:28
17:35:13  위험송신:18374
17:35:13  시각ms:1999042
17:35:13  IMU시각ms:1999042
17:35:13  위험:0
17:35:13  원시위험:0
17:35:13  GPS유효:1
17:35:13  위도:37.496441
17:35:13  경도:126.958162
17:35:13  속도:0.00
17:35:13  방향:12.0
17:35:13  GPS원시속도:0.000
17:35:13  GPS원시방향유효:1
17:35:13  GPS원시방향:11.3
17:35:13  가속도:-0.64,1.26,9.72
17:35:13  자이로:-0.3,-4.5,-1.1
17:35:13  자력계:5.850,3.600,-3.150
17:35:13  충격값:0.15
17:35:13  송신:19371
17:35:13  지팡이수신:18377
17:35:13  GPS위성:6
17:35:13  GPS_HDOP:1.40
17:35:13  원시위도:37.496440
17:35:13  원시경도:126.958162
17:35:13  GPS채택:1377
17:35:13  GPS이상치거부:35
17:35:13  GPS품질거부:84
17:35:13  GPS재기준:8
17:35:13  계산거리:34.22
17:35:13  접근속도:-0.15
17:35:13  TTC:999.00
17:35:13  방향오차:-59.5
17:35:13  전방여부:0
17:35:13  위험음성횟수:0
17:35:13  충격음성횟수:1
17:35:13  마지막위험음성:0
17:35:13  RSSI원시:-85
17:35:13  RSSI평활:-84.5
17:35:13  RSSI샘플:18377
17:35:13  RSSI경과ms:78
17:35:13  위험송신:18374
17:35:13  시각ms:1999447
17:35:13  IMU시각ms:1999447
17:35:13  위험:0
17:35:13  원시위험:0
17:35:13  GPS유효:1
17:35:13  위도:37.496441
17:35:13  경도:126.958162
17:35:13  속도:0.00
17:35:13  방향:12.0
17:35:13  GPS원시속도:0.000
17:35:13  GPS원시방향유효:1
17:35:13  GPS원시방향:11.3
17:35:13  가속도:-0.57,1.31,9.53
17:35:13  자이로:0.9,-1.4,-1.2
17:35:13  자력계:6.300,2.850,-1.950
17:35:13  충격값:0.07
17:35:13  송신:19375
17:35:13  지팡이수신:18378
17:35:13  GPS위성:6
17:35:13  GPS_HDOP:1.40
17:35:13  원시위도:37.496440
17:35:13  원시경도:126.958162
17:35:13  GPS채택:1378
17:35:13  GPS이상치거부:35
17:35:13  GPS품질거부:84
17:35:13  GPS재기준:8
17:35:13  계산거리:34.22
17:35:13  접근속도:-0.15
17:35:13  TTC:999.00
17:35:13  방향오차:-59.5
17:35:13  전방여부:0
17:35:13  위험음성횟수:0
17:35:13  충격음성횟수:1
17:35:13  마지막위험음성:0
17:35:13  RSSI원시:-85
17:35:13  RSSI평활:-84.6
17:35:13  RSSI샘플:18378
17:35:13  RSSI경과ms:398
17:35:13  위험송신:18375
17:35:13  시각ms:1999503
17:35:13  IMU시각ms:1999503
17:35:13  위험:0
17:35:13  원시위험:0
17:35:13  GPS유효:1
17:35:13  위도:37.496441
17:35:13  경도:126.958162
17:35:13  속도:0.00
17:35:13  방향:12.0
17:35:13  GPS원시속도:0.000
17:35:13  GPS원시방향유효:1
17:35:13  GPS원시방향:11.3
17:35:13  가속도:-0.53,1.31,9.56
17:35:13  자이로:0.6,-2.2,1.0
17:35:13  자력계:6.750,3.900,-4.050
17:35:13  충격값:0.08
17:35:13  송신:19376
17:35:13  지팡이수신:18379
17:35:13  GPS위성:6
17:35:13  GPS_HDOP:1.40
17:35:13  원시위도:37.496440
17:35:13  원시경도:126.958162
17:35:13  GPS채택:1378
17:35:13  GPS이상치거부:35
17:35:13  GPS품질거부:84
17:35:13  GPS재기준:8
17:35:13  계산거리:34.23
17:35:13  접근속도:-0.10
17:35:13  TTC:999.00
17:35:13  방향오차:-59.5
17:35:13  전방여부:0
17:35:13  위험음성횟수:0
17:35:13  충격음성횟수:1
17:35:13  마지막위험음성:0
17:35:13  RSSI원시:-84
17:35:13  RSSI평활:-84.5
17:35:13  RSSI샘플:18379
17:35:13  RSSI경과ms:34
17:35:13  위험송신:18376
17:35:13  시각ms:1999713
17:35:13  IMU시각ms:1999713
17:35:13  위험:0
17:35:13  원시위험:0
17:35:13  GPS유효:1
17:35:13  위도:37.496441
17:35:13  경도:126.958162
17:35:13  속도:0.00
17:35:13  방향:12.0
17:35:13  GPS원시속도:0.000
17:35:13  GPS원시방향유효:1
17:35:13  GPS원시방향:11.3
17:35:13  가속도:-0.69,1.31,9.50
17:35:13  자이로:0.5,-0.9,-2.4
17:35:13  자력계:7.800,4.050,-3.450
17:35:13  충격값:0.15
17:35:13  송신:19378
17:35:13  지팡이수신:18381
17:35:13  GPS위성:6
17:35:13  GPS_HDOP:1.40
17:35:13  원시위도:37.496440
17:35:13  원시경도:126.958162
17:35:13  GPS채택:1378
17:35:13  GPS이상치거부:35
17:35:13  GPS품질거부:84
17:35:13  GPS재기준:8
17:35:13  계산거리:34.23
17:35:13  접근속도:-0.10
17:35:13  TTC:999.00
17:35:13  방향오차:-59.5
17:35:13  전방여부:0
17:35:13  위험음성횟수:0
17:35:13  충격음성횟수:1
17:35:13  마지막위험음성:0
17:35:13  RSSI원시:-86
17:35:13  RSSI평활:-84.6
17:35:13  RSSI샘플:18381
17:35:13  RSSI경과ms:36
17:35:13  위험송신:18378
17:35:14  시각ms:1999813
17:35:14  IMU시각ms:1999813
17:35:14  위험:0
17:35:14  원시위험:0
17:35:14  GPS유효:1
17:35:14  위도:37.496441
17:35:14  경도:126.958162
17:35:14  속도:0.00
17:35:14  방향:12.0
17:35:14  GPS원시속도:0.000
17:35:14  GPS원시방향유효:1
17:35:14  GPS원시방향:11.3
17:35:14  가속도:-0.60,1.41,9.52
17:35:14  자이로:1.0,2.3,-1.2
17:35:14  자력계:5.400,3.600,-3.900
17:35:14  충격값:0.11
17:35:14  송신:19379
17:35:14  지팡이수신:18381
17:35:14  GPS위성:6
17:35:14  GPS_HDOP:1.40
17:35:14  원시위도:37.496440
17:35:14  원시경도:126.958162
17:35:14  GPS채택:1378
17:35:14  GPS이상치거부:35
17:35:14  GPS품질거부:84
17:35:14  GPS재기준:8
17:35:14  계산거리:34.23
17:35:14  접근속도:-0.10
17:35:14  TTC:999.00
17:35:14  방향오차:-59.5
17:35:14  전방여부:0
17:35:14  위험음성횟수:0
17:35:14  충격음성횟수:1
17:35:14  마지막위험음성:0
17:35:14  RSSI원시:-86
17:35:14  RSSI평활:-84.6
17:35:14  RSSI샘플:18381
17:35:14  RSSI경과ms:136
17:35:14  위험송신:18378
17:35:14  시각ms:2000040
17:35:14  IMU시각ms:2000040
17:35:14  위험:0
17:35:14  원시위험:0
17:35:14  GPS유효:1
17:35:14  위도:37.496441
17:35:14  경도:126.958162
17:35:14  속도:0.00
17:35:14  방향:12.0
17:35:14  GPS원시속도:0.000
17:35:14  GPS원시방향유효:1
17:35:14  GPS원시방향:11.3
17:35:14  가속도:-0.58,1.36,9.57
17:35:14  자이로:0.7,0.6,-1.3
17:35:14  자력계:7.200,3.900,-5.250
17:35:14  충격값:0.04
17:35:14  송신:19381
17:35:14  지팡이수신:18382
17:35:14  GPS위성:6
17:35:14  GPS_HDOP:1.40
17:35:14  원시위도:37.496440
17:35:14  원시경도:126.958162
17:35:14  GPS채택:1379
17:35:14  GPS이상치거부:35
17:35:14  GPS품질거부:84
17:35:14  GPS재기준:8
17:35:14  계산거리:34.23
17:35:14  접근속도:-0.10
17:35:14  TTC:999.00
17:35:14  방향오차:-59.5
17:35:14  전방여부:0
17:35:14  위험음성횟수:0
17:35:14  충격음성횟수:1
17:35:14  마지막위험음성:0
17:35:14  RSSI원시:-86
17:35:14  RSSI평활:-84.8
17:35:14  RSSI샘플:18382
17:35:14  RSSI경과ms:183
17:35:14  위험송신:18379
17:35:14  시각ms:2000090
17:35:14  IMU시각ms:2000090
17:35:14  위험:0
17:35:14  원시위험:0
17:35:14  GPS유효:1
17:35:14  위도:37.496441
17:35:14  경도:126.958162
17:35:14  속도:0.00
17:35:14  방향:12.0
17:35:14  GPS원시속도:0.000
17:35:14  GPS원시방향유효:1
17:35:14  GPS원시방향:11.3
17:35:14  가속도:-0.59,1.36,9.62
17:35:14  자이로:-1.7,-0.9,1.7
17:35:14  자력계:5.850,1.650,-4.200
17:35:14  충격값:0.03
17:35:14  송신:19381
17:35:14  지팡이수신:18382
17:35:14  GPS위성:6
17:35:14  GPS_HDOP:1.40
17:35:14  원시위도:37.496440
17:35:14  원시경도:126.958162
17:35:14  GPS채택:1380
17:35:14  GPS이상치거부:35
17:35:14  GPS품질거부:84
17:35:14  GPS재기준:8
17:35:14  계산거리:34.23
17:35:14  접근속도:-0.10
17:35:14  TTC:999.00
17:35:14  방향오차:-59.5
17:35:14  전방여부:0
17:35:14  위험음성횟수:0
17:35:14  충격음성횟수:1
17:35:14  마지막위험음성:0
17:35:14  RSSI원시:-86
17:35:14  RSSI평활:-84.8
17:35:14  RSSI샘플:18382
17:35:14  RSSI경과ms:233
17:35:14  위험송신:18379
17:35:14  시각ms:2000202
17:35:14  IMU시각ms:2000190
17:35:14  위험:0
17:35:14  원시위험:0
17:35:14  GPS유효:1
17:35:14  위도:37.496441
17:35:14  경도:126.958162
17:35:14  속도:0.00
17:35:14  방향:12.0
17:35:14  GPS원시속도:0.000
17:35:14  GPS원시방향유효:1
17:35:14  GPS원시방향:11.3
17:35:14  가속도:-0.72,1.35,9.56
17:35:14  자이로:1.2,3.3,-3.4
17:35:14  자력계:6.450,2.250,-3.750
17:35:14  충격값:0.12
17:35:14  송신:19382
17:35:14  지팡이수신:18383
17:35:14  GPS위성:6
17:35:14  GPS_HDOP:1.40
17:35:14  원시위도:37.496440
17:35:14  원시경도:126.958162
17:35:14  GPS채택:1380
17:35:14  GPS이상치거부:35
17:35:14  GPS품질거부:84
17:35:14  GPS재기준:8
17:35:14  계산거리:34.24
17:35:14  접근속도:-0.08
17:35:14  TTC:999.00
17:35:14  방향오차:-59.5
17:35:14  전방여부:0
17:35:14  위험음성횟수:0
17:35:14  충격음성횟수:1
17:35:14  마지막위험음성:0
17:35:14  RSSI원시:-84
17:35:14  RSSI평활:-84.7
17:35:14  RSSI샘플:18383
17:35:14  RSSI경과ms:16
17:35:14  위험송신:18380
17:35:14  시각ms:2000354
17:35:14  IMU시각ms:2000354
17:35:14  위험:0
17:35:14  원시위험:0
17:35:14  GPS유효:1
17:35:14  위도:37.496441
17:35:14  경도:126.958162
17:35:14  속도:0.00
17:35:14  방향:12.0
17:35:14  GPS원시속도:0.000
17:35:14  GPS원시방향유효:1
17:35:14  GPS원시방향:11.3
17:35:14  가속도:-0.65,1.25,9.61
17:35:14  자이로:2.9,1.7,-1.5
17:35:14  자력계:7.200,3.900,-3.750
17:35:14  충격값:0.10
17:35:14  송신:19384
17:35:14  지팡이수신:18383
17:35:14  GPS위성:6
17:35:14  GPS_HDOP:1.40
17:35:14  원시위도:37.496440
17:35:14  원시경도:126.958162
17:35:14  GPS채택:1380
17:35:14  GPS이상치거부:35
17:35:14  GPS품질거부:84
17:35:14  GPS재기준:8
17:35:14  계산거리:34.24
17:35:14  접근속도:-0.08
17:35:14  TTC:999.00
17:35:14  방향오차:-59.5
17:35:14  전방여부:0
17:35:14  위험음성횟수:0
17:35:14  충격음성횟수:1
17:35:14  마지막위험음성:0
17:35:14  RSSI원시:-84
17:35:14  RSSI평활:-84.7
17:35:14  RSSI샘플:18383
17:35:14  RSSI경과ms:168
17:35:14  위험송신:18380
17:35:15  시각ms:2000828
17:35:15  IMU시각ms:2000828
17:35:15  위험:0
17:35:15  원시위험:0
17:35:15  GPS유효:1
17:35:15  위도:37.496441
17:35:15  경도:126.958162
17:35:15  속도:0.00
17:35:15  방향:12.0
17:35:15  GPS원시속도:0.000
17:35:15  GPS원시방향유효:1
17:35:15  GPS원시방향:11.3
17:35:15  가속도:-0.56,1.37,9.74
17:35:15  자이로:1.5,-1.1,-2.1
17:35:15  자력계:5.700,5.100,-3.750
17:35:15  충격값:0.15
17:35:15  송신:19388
17:35:15  지팡이수신:18387
17:35:15  GPS위성:6
17:35:15  GPS_HDOP:1.40
17:35:15  원시위도:37.496440
17:35:15  원시경도:126.958162
17:35:15  GPS채택:1380
17:35:15  GPS이상치거부:35
17:35:15  GPS품질거부:84
17:35:15  GPS재기준:8
17:35:15  계산거리:34.24
17:35:15  접근속도:-0.05
17:35:15  TTC:999.00
17:35:15  방향오차:-59.5
17:35:15  전방여부:0
17:35:15  위험음성횟수:0
17:35:15  충격음성횟수:1
17:35:15  마지막위험음성:0
17:35:15  RSSI원시:-84
17:35:15  RSSI평활:-84.6
17:35:15  RSSI샘플:18387
17:35:15  RSSI경과ms:137
17:35:15  위험송신:18384
17:35:15  시각ms:2000891
17:35:15  IMU시각ms:2000879
17:35:15  위험:0
17:35:15  원시위험:0
17:35:15  GPS유효:1
17:35:15  위도:37.496441
17:35:15  경도:126.958162
17:35:15  속도:0.00
17:35:15  방향:12.0
17:35:15  GPS원시속도:0.000
17:35:15  GPS원시방향유효:1
17:35:15  GPS원시방향:11.3
17:35:15  가속도:-0.67,1.24,9.63
17:35:15  자이로:-0.7,-3.3,-0.6
17:35:15  자력계:6.000,3.450,-3.750
17:35:15  충격값:0.13
17:35:15  송신:19389
17:35:15  지팡이수신:18387
17:35:15  GPS위성:6
17:35:15  GPS_HDOP:1.40
17:35:15  원시위도:37.496440
17:35:15  원시경도:126.958162
17:35:15  GPS채택:1380
17:35:15  GPS이상치거부:35
17:35:15  GPS품질거부:84
17:35:15  GPS재기준:8
17:35:15  계산거리:34.24
17:35:15  접근속도:-0.05
17:35:15  TTC:999.00
17:35:15  방향오차:-59.5
17:35:15  전방여부:0
17:35:15  위험음성횟수:0
17:35:15  충격음성횟수:1
17:35:15  마지막위험음성:0
17:35:15  RSSI원시:-84
17:35:15  RSSI평활:-84.6
17:35:15  RSSI샘플:18387
17:35:15  RSSI경과ms:200
17:35:15  위험송신:18384
17:35:15  시각ms:2000942
17:35:15  IMU시각ms:2000941
17:35:15  위험:0
17:35:15  원시위험:0
17:35:15  GPS유효:1
17:35:15  위도:37.496441
17:35:15  경도:126.958162
17:35:15  속도:0.00
17:35:15  방향:12.0
17:35:15  GPS원시속도:0.000
17:35:15  GPS원시방향유효:1
17:35:15  GPS원시방향:11.3
17:35:15  가속도:-0.62,1.25,9.61
17:35:15  자이로:-0.6,0.5,-3.5
17:35:15  자력계:4.500,0.750,-2.250
17:35:15  충격값:0.08
17:35:15  송신:19390
17:35:15  지팡이수신:18387
17:35:15  GPS위성:6
17:35:15  GPS_HDOP:1.40
17:35:15  원시위도:37.496440
17:35:15  원시경도:126.958162
17:35:15  GPS채택:1381
17:35:15  GPS이상치거부:35
17:35:15  GPS품질거부:84
17:35:15  GPS재기준:8
17:35:15  계산거리:34.24
17:35:15  접근속도:-0.05
17:35:15  TTC:999.00
17:35:15  방향오차:-59.5
17:35:15  전방여부:0
17:35:15  위험음성횟수:0
17:35:15  충격음성횟수:1
17:35:15  마지막위험음성:0
17:35:15  RSSI원시:-84
17:35:15  RSSI평활:-84.6
17:35:15  RSSI샘플:18387
17:35:15  RSSI경과ms:251
17:35:15  위험송신:18384
17:35:15  시각ms:2000992
17:35:15  IMU시각ms:2000992
17:35:15  위험:0
17:35:15  원시위험:0
17:35:15  GPS유효:1
17:35:15  위도:37.496441
17:35:15  경도:126.958162
17:35:15  속도:0.00
17:35:15  방향:12.0
17:35:15  GPS원시속도:0.000
17:35:15  GPS원시방향유효:1
17:35:15  GPS원시방향:11.3
17:35:15  가속도:-0.57,1.34,9.56
17:35:15  자이로:1.3,0.1,-1.1
17:35:15  자력계:7.350,3.600,-3.150
17:35:15  충격값:0.05
17:35:15  송신:19390
17:35:15  지팡이수신:18387
17:35:15  GPS위성:6
17:35:15  GPS_HDOP:1.40
17:35:15  원시위도:37.496440
17:35:15  원시경도:126.958162
17:35:15  GPS채택:1381
17:35:15  GPS이상치거부:35
17:35:15  GPS품질거부:84
17:35:15  GPS재기준:8
17:35:15  계산거리:34.24
17:35:15  접근속도:-0.05
17:35:15  TTC:999.00
17:35:15  방향오차:-59.5
17:35:15  전방여부:0
17:35:15  위험음성횟수:0
17:35:15  충격음성횟수:1
17:35:15  마지막위험음성:0
17:35:15  RSSI원시:-84
17:35:15  RSSI평활:-84.6
17:35:15  RSSI샘플:18387
17:35:15  RSSI경과ms:301
17:35:15  위험송신:18384
17:35:15  시각ms:2001043
17:35:15  IMU시각ms:2001042
17:35:15  위험:0
17:35:15  원시위험:0
17:35:15  GPS유효:1
17:35:15  위도:37.496441
17:35:15  경도:126.958162
17:35:15  속도:0.00
17:35:15  방향:12.0
17:35:15  GPS원시속도:0.000
17:35:15  GPS원시방향유효:1
17:35:15  GPS원시방향:11.3
17:35:15  가속도:-0.58,1.28,9.60
17:35:15  자이로:-2.3,1.2,-0.4
17:35:15  자력계:5.100,1.350,-4.200
17:35:15  충격값:0.05
17:35:15  송신:19391
17:35:15  지팡이수신:18387
17:35:15  GPS위성:6
17:35:15  GPS_HDOP:1.40
17:35:15  원시위도:37.496440
17:35:15  원시경도:126.958162
17:35:15  GPS채택:1381
17:35:15  GPS이상치거부:35
17:35:15  GPS품질거부:84
17:35:15  GPS재기준:8
17:35:15  계산거리:34.24
17:35:15  접근속도:-0.05
17:35:15  TTC:999.00
17:35:15  방향오차:-59.5
17:35:15  전방여부:0
17:35:15  위험음성횟수:0
17:35:15  충격음성횟수:1
17:35:15  마지막위험음성:0
17:35:15  RSSI원시:-84
17:35:15  RSSI평활:-84.6
17:35:15  RSSI샘플:18387
17:35:15  RSSI경과ms:352
17:35:15  위험송신:18384
17:35:15  시각ms:2001093
17:35:15  IMU시각ms:2001093
17:35:15  위험:0
17:35:15  원시위험:0
17:35:15  GPS유효:1
17:35:15  위도:37.496441
17:35:15  경도:126.958162
17:35:15  속도:0.00
17:35:15  방향:12.0
17:35:15  GPS원시속도:0.000
17:35:15  GPS원시방향유효:1
17:35:15  GPS원시방향:11.3
17:35:15  가속도:-0.60,1.38,9.59
17:35:15  자이로:1.9,-1.0,0.1
17:35:15  자력계:6.600,3.600,-3.150
17:35:15  충격값:0.05
17:35:15  송신:19391
17:35:15  지팡이수신:18387
17:35:15  GPS위성:6
17:35:15  GPS_HDOP:1.40
17:35:15  원시위도:37.496440
17:35:15  원시경도:126.958162
17:35:15  GPS채택:1382
17:35:15  GPS이상치거부:35
17:35:15  GPS품질거부:84
17:35:15  GPS재기준:8
17:35:15  계산거리:34.24
17:35:15  접근속도:-0.05
17:35:15  TTC:999.00
17:35:15  방향오차:-59.5
17:35:15  전방여부:0
17:35:15  위험음성횟수:0
17:35:15  충격음성횟수:1
17:35:15  마지막위험음성:0
17:35:15  RSSI원시:-84
17:35:15  RSSI평활:-84.6
17:35:15  RSSI샘플:18387
17:35:15  RSSI경과ms:402
17:35:15  위험송신:18384
17:35:15  시각ms:2001199
17:35:15  IMU시각ms:2001187
17:35:15  위험:0
17:35:15  원시위험:0
17:35:15  GPS유효:1
17:35:15  위도:37.496441
17:35:15  경도:126.958162
17:35:15  속도:0.00
17:35:15  방향:12.0
17:35:15  GPS원시속도:0.000
17:35:15  GPS원시방향유효:1
17:35:15  GPS원시방향:11.3
17:35:15  가속도:0.57,0.22,9.49
17:35:15  자이로:-3.7,-0.9,4.3
17:35:15  자력계:7.200,2.250,-4.050
17:35:15  충격값:1.61
17:35:15  송신:19392
17:35:15  지팡이수신:18388
17:35:15  GPS위성:6
17:35:15  GPS_HDOP:1.40
17:35:15  원시위도:37.496440
17:35:15  원시경도:126.958162
17:35:15  GPS채택:1382
17:35:15  GPS이상치거부:35
17:35:15  GPS품질거부:84
17:35:15  GPS재기준:8
17:35:15  계산거리:34.24
17:35:15  접근속도:-0.05
17:35:15  TTC:999.00
17:35:15  방향오차:-59.5
17:35:15  전방여부:0
17:35:15  위험음성횟수:0
17:35:15  충격음성횟수:1
17:35:15  마지막위험음성:0
17:35:15  RSSI원시:-83
17:35:15  RSSI평활:-84.3
17:35:15  RSSI샘플:18388
17:35:15  RSSI경과ms:16
17:35:15  위험송신:18385
17:35:15  시각ms:2001456
17:35:15  IMU시각ms:2001456
17:35:15  위험:0
17:35:15  원시위험:0
17:35:15  GPS유효:1
17:35:15  위도:37.496441
17:35:15  경도:126.958162
17:35:15  속도:0.00
17:35:15  방향:12.0
17:35:15  GPS원시속도:0.000
17:35:15  GPS원시방향유효:1
17:35:15  GPS원시방향:11.3
17:35:15  가속도:-0.54,1.28,9.58
17:35:15  자이로:2.5,1.4,0.3
17:35:15  자력계:6.750,2.250,-4.050
17:35:15  충격값:0.06
17:35:15  송신:19395
17:35:15  지팡이수신:18389
17:35:15  GPS위성:6
17:35:15  GPS_HDOP:1.40
17:35:15  원시위도:37.496440
17:35:15  원시경도:126.958162
17:35:15  GPS채택:1382
17:35:15  GPS이상치거부:35
17:35:15  GPS품질거부:84
17:35:15  GPS재기준:8
17:35:15  계산거리:34.24
17:35:15  접근속도:-0.04
17:35:15  TTC:999.00
17:35:15  방향오차:-59.5
17:35:15  전방여부:0
17:35:15  위험음성횟수:0
17:35:15  충격음성횟수:1
17:35:15  마지막위험음성:0
17:35:15  RSSI원시:-85
17:35:15  RSSI평활:-84.4
17:35:15  RSSI샘플:18389
17:35:15  RSSI경과ms:48
17:35:15  위험송신:18386
17:35:15  시각ms:2001507
17:35:15  IMU시각ms:2001507
17:35:15  위험:0
17:35:15  원시위험:0
17:35:15  GPS유효:1
17:35:15  위도:37.496441
17:35:15  경도:126.958162
17:35:15  속도:0.00
17:35:15  방향:12.0
17:35:15  GPS원시속도:0.000
17:35:15  GPS원시방향유효:1
17:35:15  GPS원시방향:11.3
17:35:15  가속도:-0.51,1.13,9.58
17:35:15  자이로:-0.4,-1.9,1.1
17:35:15  자력계:7.200,1.950,-1.500
17:35:15  충격값:0.21
17:35:15  송신:19395
17:35:15  지팡이수신:18389
17:35:15  GPS위성:6
17:35:15  GPS_HDOP:1.40
17:35:15  원시위도:37.496440
17:35:15  원시경도:126.958162
17:35:15  GPS채택:1382
17:35:15  GPS이상치거부:35
17:35:15  GPS품질거부:84
17:35:15  GPS재기준:8
17:35:15  계산거리:34.24
17:35:15  접근속도:-0.04
17:35:15  TTC:999.00
17:35:15  방향오차:-59.5
17:35:15  전방여부:0
17:35:15  위험음성횟수:0
17:35:15  충격음성횟수:1
17:35:15  마지막위험음성:0
17:35:15  RSSI원시:-85
17:35:15  RSSI평활:-84.4
17:35:15  RSSI샘플:18389
17:35:15  RSSI경과ms:99
17:35:15  위험송신:18386
17:35:15  시각ms:2001663
17:35:15  IMU시각ms:2001663
17:35:15  위험:0
17:35:15  원시위험:0
17:35:15  GPS유효:1
17:35:15  위도:37.496441
17:35:15  경도:126.958162
17:35:15  속도:0.00
17:35:15  방향:12.0
17:35:15  GPS원시속도:0.000
17:35:15  GPS원시방향유효:1
17:35:15  GPS원시방향:11.3
17:35:15  가속도:-0.45,1.28,9.50
17:35:15  자이로:2.9,1.2,1.6
17:35:15  자력계:6.000,3.900,-1.500
17:35:15  충격값:0.16
17:35:15  송신:19397
17:35:15  지팡이수신:18390
17:35:15  GPS위성:6
17:35:15  GPS_HDOP:1.40
17:35:15  원시위도:37.496440
17:35:15  원시경도:126.958162
17:35:15  GPS채택:1382
17:35:15  GPS이상치거부:35
17:35:15  GPS품질거부:84
17:35:15  GPS재기준:8
17:35:15  계산거리:34.24
17:35:15  접근속도:-0.04
17:35:15  TTC:999.00
17:35:15  방향오차:-59.5
17:35:15  전방여부:0
17:35:15  위험음성횟수:0
17:35:15  충격음성횟수:1
17:35:15  마지막위험음성:0
17:35:15  RSSI원시:-81
17:35:15  RSSI평활:-83.8
17:35:15  RSSI샘플:18390
17:35:15  RSSI경과ms:77
17:35:15  위험송신:18387
17:35:15  시각ms:2001714
17:35:15  IMU시각ms:2001714
17:35:15  위험:0
17:35:15  원시위험:0
17:35:15  GPS유효:1
17:35:15  위도:37.496441
17:35:15  경도:126.958162
17:35:15  속도:0.00
17:35:15  방향:12.0
17:35:15  GPS원시속도:0.000
17:35:15  GPS원시방향유효:1
17:35:15  GPS원시방향:11.3
17:35:15  가속도:-0.56,1.28,9.53
17:35:15  자이로:0.5,-2.1,-2.0
17:35:15  자력계:6.000,2.250,-3.000
17:35:15  충격값:0.07
17:35:15  송신:19397
17:35:15  지팡이수신:18390
17:35:15  GPS위성:6
17:35:15  GPS_HDOP:1.40
17:35:15  원시위도:37.496440
17:35:15  원시경도:126.958162
17:35:15  GPS채택:1382
17:35:15  GPS이상치거부:35
17:35:15  GPS품질거부:84
17:35:15  GPS재기준:8
17:35:15  계산거리:34.24
17:35:15  접근속도:-0.04
17:35:15  TTC:999.00
17:35:15  방향오차:-59.5
17:35:15  전방여부:0
17:35:15  위험음성횟수:0
17:35:15  충격음성횟수:1
17:35:15  마지막위험음성:0
17:35:15  RSSI원시:-81
17:35:15  RSSI평활:-83.8
17:35:15  RSSI샘플:18390
17:35:15  RSSI경과ms:128
17:35:15  위험송신:18387
17:35:16  시각ms:2002064
17:35:16  IMU시각ms:2002064
17:35:16  위험:0
17:35:16  원시위험:0
17:35:16  GPS유효:1
17:35:16  위도:37.496440
17:35:16  경도:126.958162
17:35:16  속도:0.00
17:35:16  방향:12.0
17:35:16  GPS원시속도:0.000
17:35:16  GPS원시방향유효:1
17:35:16  GPS원시방향:11.3
17:35:16  가속도:-0.58,1.42,9.51
17:35:16  자이로:-2.2,3.4,-2.9
17:35:16  자력계:5.250,3.150,-2.550
17:35:16  충격값:0.14
17:35:16  송신:19400
17:35:16  지팡이수신:18394
17:35:16  GPS위성:6
17:35:16  GPS_HDOP:1.40
17:35:16  원시위도:37.496440
17:35:16  원시경도:126.958162
17:35:16  GPS채택:1383
17:35:16  GPS이상치거부:35
17:35:16  GPS품질거부:84
17:35:16  GPS재기준:8
17:35:16  계산거리:33.76
17:35:16  접근속도:0.22
17:35:16  TTC:999.00
17:35:16  방향오차:-58.7
17:35:16  전방여부:0
17:35:16  위험음성횟수:0
17:35:16  충격음성횟수:1
17:35:16  마지막위험음성:0
17:35:16  RSSI원시:-86
17:35:16  RSSI평활:-83.0
17:35:16  RSSI샘플:18394
17:35:16  RSSI경과ms:67
17:35:16  위험송신:18391
17:35:16  시각ms:2002165
17:35:16  IMU시각ms:2002165
17:35:16  위험:0
17:35:16  원시위험:0
17:35:16  GPS유효:1
17:35:16  위도:37.496440
17:35:16  경도:126.958162
17:35:16  속도:0.00
17:35:16  방향:12.0
17:35:16  GPS원시속도:0.000
17:35:16  GPS원시방향유효:1
17:35:16  GPS원시방향:11.3
17:35:16  가속도:-0.56,1.16,9.58
17:35:16  자이로:-1.0,-0.8,2.4
17:35:16  자력계:6.300,2.100,-2.400
17:35:16  충격값:0.15
17:35:16  송신:19401
17:35:16  지팡이수신:18394
17:35:16  GPS위성:6
17:35:16  GPS_HDOP:1.40
17:35:16  원시위도:37.496440
17:35:16  원시경도:126.958162
17:35:16  GPS채택:1383
17:35:16  GPS이상치거부:35
17:35:16  GPS품질거부:84
17:35:16  GPS재기준:8
17:35:16  계산거리:33.76
17:35:16  접근속도:0.22
17:35:16  TTC:999.00
17:35:16  방향오차:-58.7
17:35:16  전방여부:0
17:35:16  위험음성횟수:0
17:35:16  충격음성횟수:1
17:35:16  마지막위험음성:0
17:35:16  RSSI원시:-86
17:35:16  RSSI평활:-83.0
17:35:16  RSSI샘플:18394
17:35:16  RSSI경과ms:168
17:35:16  위험송신:18391
17:35:16  시각ms:2002328
17:35:16  IMU시각ms:2002316
17:35:16  위험:0
17:35:16  원시위험:0
17:35:16  GPS유효:1
17:35:16  위도:37.496440
17:35:16  경도:126.958162
17:35:16  속도:0.00
17:35:16  방향:12.0
17:35:16  GPS원시속도:0.000
17:35:16  GPS원시방향유효:1
17:35:16  GPS원시방향:11.3
17:35:16  가속도:-0.47,0.71,9.20
17:35:16  자이로:0.4,4.1,-3.3
17:35:16  자력계:5.700,1.050,-2.250
17:35:16  충격값:0.70
17:35:16  송신:19403
17:35:16  지팡이수신:18396
17:35:16  GPS위성:6
17:35:16  GPS_HDOP:1.40
17:35:16  원시위도:37.496440
17:35:16  원시경도:126.958162
17:35:16  GPS채택:1384
17:35:16  GPS이상치거부:35
17:35:16  GPS품질거부:84
17:35:16  GPS재기준:8
17:35:16  계산거리:33.76
17:35:16  접근속도:0.22
17:35:16  TTC:999.00
17:35:16  방향오차:-58.7
17:35:16  전방여부:0
17:35:16  위험음성횟수:0
17:35:16  충격음성횟수:1
17:35:16  마지막위험음성:0
17:35:16  RSSI원시:-83
17:35:16  RSSI평활:-83.0
17:35:16  RSSI샘플:18396
17:35:16  RSSI경과ms:18
17:35:16  위험송신:18393
17:35:16  시각ms:2002378
17:35:16  IMU시각ms:2002378
17:35:16  위험:0
17:35:16  원시위험:0
17:35:16  GPS유효:1
17:35:16  위도:37.496440
17:35:16  경도:126.958162
17:35:16  속도:0.00
17:35:16  방향:12.0
17:35:16  GPS원시속도:0.000
17:35:16  GPS원시방향유효:1
17:35:16  GPS원시방향:11.3
17:35:16  가속도:0.08,1.84,9.66
17:35:16  자이로:6.6,0.6,-2.0
17:35:16  자력계:3.900,2.100,-2.700
17:35:16  충격값:0.90
17:35:16  송신:19403
17:35:16  지팡이수신:18396
17:35:16  GPS위성:6
17:35:16  GPS_HDOP:1.40
17:35:16  원시위도:37.496440
17:35:16  원시경도:126.958162
17:35:16  GPS채택:1384
17:35:16  GPS이상치거부:35
17:35:16  GPS품질거부:84
17:35:16  GPS재기준:8
17:35:16  계산거리:33.76
17:35:16  접근속도:0.22
17:35:16  TTC:999.00
17:35:16  방향오차:-58.7
17:35:16  전방여부:0
17:35:16  위험음성횟수:0
17:35:16  충격음성횟수:1
17:35:16  마지막위험음성:0
17:35:16  RSSI원시:-83
17:35:16  RSSI평활:-83.0
17:35:16  RSSI샘플:18396
17:35:16  RSSI경과ms:68
17:35:16  위험송신:18393
17:35:16  시각ms:2002428
17:35:16  IMU시각ms:2002428
17:35:16  위험:0
17:35:16  원시위험:0
17:35:16  GPS유효:1
17:35:16  위도:37.496440
17:35:16  경도:126.958162
17:35:16  속도:0.00
17:35:16  방향:12.0
17:35:16  GPS원시속도:0.000
17:35:16  GPS원시방향유효:1
17:35:16  GPS원시방향:11.3
17:35:16  가속도:-0.60,1.77,9.25
17:35:16  자이로:1.1,-4.5,1.1
17:35:16  자력계:4.650,3.600,-3.150
17:35:16  충격값:0.51
17:35:16  송신:19404
17:35:16  지팡이수신:18396
17:35:16  GPS위성:6
17:35:16  GPS_HDOP:1.40
17:35:16  원시위도:37.496440
17:35:16  원시경도:126.958162
17:35:16  GPS채택:1384
17:35:16  GPS이상치거부:35
17:35:16  GPS품질거부:84
17:35:16  GPS재기준:8
17:35:16  계산거리:33.76
17:35:16  접근속도:0.22
17:35:16  TTC:999.00
17:35:16  방향오차:-58.7
17:35:16  전방여부:0
17:35:16  위험음성횟수:0
17:35:16  충격음성횟수:1
17:35:16  마지막위험음성:0
17:35:16  RSSI원시:-83
17:35:16  RSSI평활:-83.0
17:35:16  RSSI샘플:18396
17:35:16  RSSI경과ms:118
17:35:16  위험송신:18393
17:35:16  시각ms:2002483
17:35:16  IMU시각ms:2002483
17:35:16  위험:0
17:35:16  원시위험:0
17:35:16  GPS유효:1
17:35:16  위도:37.496440
17:35:16  경도:126.958162
17:35:16  속도:0.00
17:35:16  방향:12.0
17:35:16  GPS원시속도:0.000
17:35:16  GPS원시방향유효:1
17:35:16  GPS원시방향:11.3
17:35:16  가속도:-1.45,1.57,10.40
17:35:16  자이로:0.2,-3.4,1.4
17:35:16  자력계:5.250,3.150,-4.800
17:35:16  충격값:1.20
17:35:16  송신:19404
17:35:16  지팡이수신:18397
17:35:16  GPS위성:6
17:35:16  GPS_HDOP:1.40
17:35:16  원시위도:37.496440
17:35:16  원시경도:126.958162
17:35:16  GPS채택:1384
17:35:16  GPS이상치거부:35
17:35:16  GPS품질거부:84
17:35:16  GPS재기준:8
17:35:16  계산거리:33.76
17:35:16  접근속도:0.22
17:35:16  TTC:999.00
17:35:16  방향오차:-58.7
17:35:16  전방여부:0
17:35:16  위험음성횟수:0
17:35:16  충격음성횟수:1
17:35:16  마지막위험음성:0
17:35:16  RSSI원시:-81
17:35:16  RSSI평활:-82.6
17:35:16  RSSI샘플:18397
17:35:16  RSSI경과ms:39
17:35:16  위험송신:18394
17:35:16  시각ms:2002533
17:35:16  IMU시각ms:2002533
17:35:16  위험:0
17:35:16  원시위험:0
17:35:16  GPS유효:1
17:35:16  위도:37.496440
17:35:16  경도:126.958162
17:35:16  속도:0.00
17:35:16  방향:12.0
17:35:16  GPS원시속도:0.000
17:35:16  GPS원시방향유효:1
17:35:16  GPS원시방향:11.3
17:35:16  가속도:-0.03,0.46,9.36
17:35:16  자이로:-2.4,0.8,-0.4
17:35:16  자력계:7.200,2.700,-4.050
17:35:16  충격값:1.09
17:35:16  송신:19405
17:35:16  지팡이수신:18397
17:35:16  GPS위성:6
17:35:16  GPS_HDOP:1.40
17:35:16  원시위도:37.496440
17:35:16  원시경도:126.958162
17:35:16  GPS채택:1384
17:35:16  GPS이상치거부:35
17:35:16  GPS품질거부:84
17:35:16  GPS재기준:8
17:35:16  계산거리:33.76
17:35:16  접근속도:0.22
17:35:16  TTC:999.00
17:35:16  방향오차:-58.7
17:35:16  전방여부:0
17:35:16  위험음성횟수:0
17:35:16  충격음성횟수:1
17:35:16  마지막위험음성:0
17:35:16  RSSI원시:-81
17:35:16  RSSI평활:-82.6
17:35:16  RSSI샘플:18397
17:35:16  RSSI경과ms:89
17:35:16  위험송신:18394
17:35:16  시각ms:2002583
17:35:16  IMU시각ms:2002583
17:35:16  위험:0
17:35:16  원시위험:0
17:35:16  GPS유효:1
17:35:16  위도:37.496440
17:35:16  경도:126.958162
17:35:16  속도:0.00
17:35:16  방향:12.0
17:35:16  GPS원시속도:0.000
17:35:16  GPS원시방향유효:1
17:35:16  GPS원시방향:11.3
17:35:16  가속도:-0.62,1.34,9.77
17:35:16  자이로:-1.2,-3.5,-1.5
17:35:16  자력계:7.500,1.950,-2.250
17:35:16  충격값:0.18
17:35:16  송신:19405
17:35:16  지팡이수신:18397
17:35:16  GPS위성:6
17:35:16  GPS_HDOP:1.40
17:35:16  원시위도:37.496440
17:35:16  원시경도:126.958162
17:35:16  GPS채택:1384
17:35:16  GPS이상치거부:35
17:35:16  GPS품질거부:84
17:35:16  GPS재기준:8
17:35:16  계산거리:33.76
17:35:16  접근속도:0.22
17:35:16  TTC:999.00
17:35:16  방향오차:-58.7
17:35:16  전방여부:0
17:35:16  위험음성횟수:0
17:35:16  충격음성횟수:1
17:35:16  마지막위험음성:0
17:35:16  RSSI원시:-81
17:35:16  RSSI평활:-82.6
17:35:16  RSSI샘플:18397
17:35:16  RSSI경과ms:139
17:35:16  위험송신:18394
17:35:16  시각ms:2002638
17:35:16  IMU시각ms:2002638
17:35:16  위험:0
17:35:16  원시위험:0
17:35:16  GPS유효:1
17:35:16  위도:37.496440
17:35:16  경도:126.958162
17:35:16  속도:0.00
17:35:16  방향:12.0
17:35:16  GPS원시속도:0.000
17:35:16  GPS원시방향유효:1
17:35:16  GPS원시방향:11.3
17:35:16  가속도:-0.66,1.36,9.73
17:35:16  자이로:0.9,-1.7,0.1
17:35:16  자력계:7.050,4.050,-2.400
17:35:16  충격값:0.16
17:35:16  송신:19406
17:35:16  지팡이수신:18398
17:35:16  GPS위성:6
17:35:16  GPS_HDOP:1.40
17:35:16  원시위도:37.496440
17:35:16  원시경도:126.958162
17:35:16  GPS채택:1384
17:35:16  GPS이상치거부:35
17:35:16  GPS품질거부:84
17:35:16  GPS재기준:8
17:35:16  계산거리:33.76
17:35:16  접근속도:0.15
17:35:16  TTC:999.00
17:35:16  방향오차:-58.7
17:35:16  전방여부:0
17:35:16  위험음성횟수:0
17:35:16  충격음성횟수:1
17:35:16  마지막위험음성:0
17:35:16  RSSI원시:-85
17:35:16  RSSI평활:-83.1
17:35:16  RSSI샘플:18398
17:35:16  RSSI경과ms:30
17:35:16  위험송신:18395
17:35:16  시각ms:2002688
17:35:16  IMU시각ms:2002688
17:35:16  위험:0
17:35:16  원시위험:0
17:35:16  GPS유효:1
17:35:16  위도:37.496440
17:35:16  경도:126.958162
17:35:16  속도:0.00
17:35:16  방향:12.0
17:35:16  GPS원시속도:0.000
17:35:16  GPS원시방향유효:1
17:35:16  GPS원시방향:11.3
17:35:16  가속도:-0.77,1.54,9.68
17:35:16  자이로:4.5,-0.5,2.6
17:35:16  자력계:6.450,2.700,-1.500
17:35:16  충격값:0.30
17:35:16  송신:19406
17:35:16  지팡이수신:18398
17:35:16  GPS위성:6
17:35:16  GPS_HDOP:1.40
17:35:16  원시위도:37.496440
17:35:16  원시경도:126.958162
17:35:16  GPS채택:1384
17:35:16  GPS이상치거부:35
17:35:16  GPS품질거부:84
17:35:16  GPS재기준:8
17:35:16  계산거리:33.76
17:35:16  접근속도:0.15
17:35:16  TTC:999.00
17:35:16  방향오차:-58.7
17:35:16  전방여부:0
17:35:16  위험음성횟수:0
17:35:16  충격음성횟수:1
17:35:16  마지막위험음성:0
17:35:16  RSSI원시:-85
17:35:16  RSSI평활:-83.1
17:35:16  RSSI샘플:18398
17:35:16  RSSI경과ms:80
17:35:16  위험송신:18395
17:35:16  시각ms:2002741
17:35:16  IMU시각ms:2002741
17:35:16  위험:0
17:35:16  원시위험:0
17:35:16  GPS유효:1
17:35:16  위도:37.496440
17:35:16  경도:126.958162
17:35:16  속도:0.00
17:35:16  방향:12.0
17:35:16  GPS원시속도:0.000
17:35:16  GPS원시방향유효:1
17:35:16  GPS원시방향:11.3
17:35:16  가속도:-0.69,1.21,9.64
17:35:16  자이로:2.7,-0.8,-1.0
17:35:16  자력계:7.050,2.850,-1.200
17:35:16  충격값:0.17
17:35:16  송신:19407
17:35:16  지팡이수신:18399
17:35:16  GPS위성:6
17:35:16  GPS_HDOP:1.40
17:35:16  원시위도:37.496440
17:35:16  원시경도:126.958162
17:35:16  GPS채택:1384
17:35:16  GPS이상치거부:35
17:35:16  GPS품질거부:84
17:35:16  GPS재기준:8
17:35:16  계산거리:33.76
17:35:16  접근속도:0.15
17:35:16  TTC:999.00
17:35:16  방향오차:-58.7
17:35:16  전방여부:0
17:35:16  위험음성횟수:0
17:35:16  충격음성횟수:1
17:35:16  마지막위험음성:0
17:35:16  RSSI원시:-84
17:35:16  RSSI평활:-83.3
17:35:16  RSSI샘플:18399
17:35:16  RSSI경과ms:43
17:35:16  위험송신:18396
17:35:17  시각ms:2003164
17:35:17  IMU시각ms:2003164
17:35:17  위험:0
17:35:17  원시위험:0
17:35:17  GPS유효:1
17:35:17  위도:37.496440
17:35:17  경도:126.958162
17:35:17  속도:0.00
17:35:17  방향:12.0
17:35:17  GPS원시속도:0.000
17:35:17  GPS원시방향유효:1
17:35:17  GPS원시방향:11.3
17:35:17  가속도:-0.56,1.28,9.53
17:35:17  자이로:-0.7,-1.6,-1.4
17:35:17  자력계:6.300,2.850,-2.700
17:35:17  충격값:0.07
17:35:17  송신:19411
17:35:17  지팡이수신:18403
17:35:17  GPS위성:6
17:35:17  GPS_HDOP:1.40
17:35:17  원시위도:37.496440
17:35:17  원시경도:126.958162
17:35:17  GPS채택:1386
17:35:17  GPS이상치거부:35
17:35:17  GPS품질거부:84
17:35:17  GPS재기준:8
17:35:17  계산거리:33.76
17:35:17  접근속도:0.10
17:35:17  TTC:999.00
17:35:17  방향오차:-58.7
17:35:17  전방여부:0
17:35:17  위험음성횟수:0
17:35:17  충격음성횟수:1
17:35:17  마지막위험음성:0
17:35:17  RSSI원시:-80
17:35:17  RSSI평활:-82.3
17:35:17  RSSI샘플:18403
17:35:17  RSSI경과ms:32
17:35:17  위험송신:18399
17:35:17  시각ms:2003214
17:35:17  IMU시각ms:2003214
17:35:17  위험:0
17:35:17  원시위험:0
17:35:17  GPS유효:1
17:35:17  위도:37.496440
17:35:17  경도:126.958162
17:35:17  속도:0.00
17:35:17  방향:12.0
17:35:17  GPS원시속도:0.000
17:35:17  GPS원시방향유효:1
17:35:17  GPS원시방향:11.3
17:35:17  가속도:-0.49,1.23,9.65
17:35:17  자이로:2.2,1.3,-3.7
17:35:17  자력계:6.000,3.150,-3.000
17:35:17  충격값:0.11
17:35:17  송신:19411
17:35:17  지팡이수신:18403
17:35:17  GPS위성:6
17:35:17  GPS_HDOP:1.40
17:35:17  원시위도:37.496440
17:35:17  원시경도:126.958162
17:35:17  GPS채택:1386
17:35:17  GPS이상치거부:35
17:35:17  GPS품질거부:84
17:35:17  GPS재기준:8
17:35:17  계산거리:33.76
17:35:17  접근속도:0.10
17:35:17  TTC:999.00
17:35:17  방향오차:-58.7
17:35:17  전방여부:0
17:35:17  위험음성횟수:0
17:35:17  충격음성횟수:1
17:35:17  마지막위험음성:0
17:35:17  RSSI원시:-80
17:35:17  RSSI평활:-82.3
17:35:17  RSSI샘플:18403
17:35:17  RSSI경과ms:82
17:35:17  위험송신:18399
17:35:17  시각ms:2003267
17:35:17  IMU시각ms:2003267
17:35:17  위험:0
17:35:17  원시위험:0
17:35:17  GPS유효:1
17:35:17  위도:37.496440
17:35:17  경도:126.958162
17:35:17  속도:0.00
17:35:17  방향:12.0
17:35:17  GPS원시속도:0.000
17:35:17  GPS원시방향유효:1
17:35:17  GPS원시방향:11.3
17:35:17  가속도:-0.54,1.15,9.51
17:35:17  자이로:-0.5,1.1,-1.6
17:35:17  자력계:6.450,3.450,-1.050
17:35:17  충격값:0.16
17:35:17  송신:19412
17:35:17  지팡이수신:18404
17:35:17  GPS위성:6
17:35:17  GPS_HDOP:1.40
17:35:17  원시위도:37.496440
17:35:17  원시경도:126.958162
17:35:17  GPS채택:1386
17:35:17  GPS이상치거부:35
17:35:17  GPS품질거부:84
17:35:17  GPS재기준:8
17:35:17  계산거리:33.76
17:35:17  접근속도:0.10
17:35:17  TTC:999.00
17:35:17  방향오차:-58.7
17:35:17  전방여부:0
17:35:17  위험음성횟수:0
17:35:17  충격음성횟수:1
17:35:17  마지막위험음성:0
17:35:17  RSSI원시:-84
17:35:17  RSSI평활:-82.6
17:35:17  RSSI샘플:18404
17:35:17  RSSI경과ms:47
17:35:17  위험송신:18400
17:35:17  시각ms:2003379
17:35:17  IMU시각ms:2003367
17:35:17  위험:0
17:35:17  원시위험:0
17:35:17  GPS유효:1
17:35:17  위도:37.496440
17:35:17  경도:126.958162
17:35:17  속도:0.00
17:35:17  방향:12.0
17:35:17  GPS원시속도:0.000
17:35:17  GPS원시방향유효:1
17:35:17  GPS원시방향:11.3
17:35:17  가속도:-0.54,1.25,9.55
17:35:17  자이로:-0.6,-0.6,-1.0
17:35:17  자력계:6.600,1.350,-3.450
17:35:17  충격값:0.07
17:35:17  송신:19413
17:35:17  지팡이수신:18405
17:35:17  GPS위성:6
17:35:17  GPS_HDOP:1.40
17:35:17  원시위도:37.496440
17:35:17  원시경도:126.958162
17:35:17  GPS채택:1386
17:35:17  GPS이상치거부:35
17:35:17  GPS품질거부:84
17:35:17  GPS재기준:8
17:35:17  계산거리:33.76
17:35:17  접근속도:0.10
17:35:17  TTC:999.00
17:35:17  방향오차:-58.7
17:35:17  전방여부:0
17:35:17  위험음성횟수:0
17:35:17  충격음성횟수:1
17:35:17  마지막위험음성:0
17:35:17  RSSI원시:-83
17:35:17  RSSI평활:-82.7
17:35:17  RSSI샘플:18405
17:35:17  RSSI경과ms:17
17:35:17  위험송신:18401
17:35:17  시각ms:2003434
17:35:17  IMU시각ms:2003422
17:35:17  위험:0
17:35:17  원시위험:0
17:35:17  GPS유효:1
17:35:17  위도:37.496440
17:35:17  경도:126.958162
17:35:17  속도:0.00
17:35:17  방향:12.0
17:35:17  GPS원시속도:0.000
17:35:17  GPS원시방향유효:1
17:35:17  GPS원시방향:11.3
17:35:17  가속도:-0.51,1.27,9.65
17:35:17  자이로:0.3,0.3,-1.6
17:35:17  자력계:4.500,1.950,-3.300
17:35:17  충격값:0.07
17:35:17  송신:19413
17:35:17  지팡이수신:18406
17:35:17  GPS위성:6
17:35:17  GPS_HDOP:1.40
17:35:17  원시위도:37.496440
17:35:17  원시경도:126.958162
17:35:17  GPS채택:1386
17:35:17  GPS이상치거부:35
17:35:17  GPS품질거부:84
17:35:17  GPS재기준:8
17:35:17  계산거리:33.76
17:35:17  접근속도:0.10
17:35:17  TTC:999.00
17:35:17  방향오차:-58.7
17:35:17  전방여부:0
17:35:17  위험음성횟수:0
17:35:17  충격음성횟수:1
17:35:17  마지막위험음성:0
17:35:17  RSSI원시:-84
17:35:17  RSSI평활:-83.0
17:35:17  RSSI샘플:18406
17:35:17  RSSI경과ms:13
17:35:17  위험송신:18402
17:35:17  시각ms:2003591
17:35:17  IMU시각ms:2003591
17:35:17  위험:0
17:35:17  원시위험:0
17:35:17  GPS유효:1
17:35:17  위도:37.496440
17:35:17  경도:126.958162
17:35:17  속도:0.00
17:35:17  방향:12.0
17:35:17  GPS원시속도:0.000
17:35:17  GPS원시방향유효:1
17:35:17  GPS원시방향:11.3
17:35:17  가속도:-0.53,1.21,9.72
17:35:17  자이로:1.6,-1.7,-1.1
17:35:17  자력계:7.350,2.850,-4.200
17:35:17  충격값:0.14
17:35:17  송신:19415
17:35:17  지팡이수신:18407
17:35:17  GPS위성:6
17:35:17  GPS_HDOP:1.40
17:35:17  원시위도:37.496440
17:35:17  원시경도:126.958162
17:35:17  GPS채택:1386
17:35:17  GPS이상치거부:35
17:35:17  GPS품질거부:84
17:35:17  GPS재기준:8
17:35:17  계산거리:33.76
17:35:17  접근속도:0.10
17:35:17  TTC:999.00
17:35:17  방향오차:-58.7
17:35:17  전방여부:0
17:35:17  위험음성횟수:0
17:35:17  충격음성횟수:1
17:35:17  마지막위험음성:0
17:35:17  RSSI원시:-83
17:35:17  RSSI평활:-83.0
17:35:17  RSSI샘플:18407
17:35:17  RSSI경과ms:72
17:35:17  위험송신:18403
17:35:17  시각ms:2003697
17:35:17  IMU시각ms:2003697
17:35:17  위험:0
17:35:17  원시위험:0
17:35:17  GPS유효:1
17:35:17  위도:37.496440
17:35:17  경도:126.958162
17:35:17  속도:0.00
17:35:17  방향:12.0
17:35:17  GPS원시속도:0.000
17:35:17  GPS원시방향유효:1
17:35:17  GPS원시방향:11.3
17:35:17  가속도:-0.76,0.42,9.93
17:35:17  자이로:1.0,7.0,-2.8
17:35:17  자력계:6.450,2.250,-3.750
17:35:17  충격값:0.88
17:35:17  송신:19416
17:35:17  지팡이수신:18408
17:35:17  GPS위성:6
17:35:17  GPS_HDOP:1.40
17:35:17  원시위도:37.496440
17:35:17  원시경도:126.958162
17:35:17  GPS채택:1386
17:35:17  GPS이상치거부:35
17:35:17  GPS품질거부:84
17:35:17  GPS재기준:8
17:35:17  계산거리:33.76
17:35:17  접근속도:0.10
17:35:17  TTC:999.00
17:35:17  방향오차:-58.7
17:35:17  전방여부:0
17:35:17  위험음성횟수:0
17:35:17  충격음성횟수:1
17:35:17  마지막위험음성:0
17:35:17  RSSI원시:-79
17:35:17  RSSI평활:-82.2
17:35:17  RSSI샘플:18408
17:35:17  RSSI경과ms:77
17:35:17  위험송신:18404
17:35:17  시각ms:2003752
17:35:17  IMU시각ms:2003752
17:35:17  위험:0
17:35:17  원시위험:0
17:35:17  GPS유효:1
17:35:17  위도:37.496440
17:35:17  경도:126.958162
17:35:17  속도:0.00
17:35:17  방향:12.0
17:35:17  GPS원시속도:0.000
17:35:17  GPS원시방향유효:1
17:35:17  GPS원시방향:11.3
17:35:17  가속도:0.03,2.67,8.79
17:35:17  자이로:-4.0,-4.7,4.9
17:35:17  자력계:5.850,3.300,-4.200
17:35:17  충격값:1.68
17:35:17  송신:19416
17:35:17  지팡이수신:18409
17:35:17  GPS위성:6
17:35:17  GPS_HDOP:1.40
17:35:17  원시위도:37.496440
17:35:17  원시경도:126.958162
17:35:17  GPS채택:1386
17:35:17  GPS이상치거부:35
17:35:17  GPS품질거부:84
17:35:17  GPS재기준:8
17:35:17  계산거리:33.76
17:35:17  접근속도:0.07
17:35:17  TTC:999.00
17:35:17  방향오차:-58.7
17:35:17  전방여부:0
17:35:17  위험음성횟수:0
17:35:17  충격음성횟수:1
17:35:17  마지막위험음성:0
17:35:17  RSSI원시:-80
17:35:17  RSSI평활:-81.7
17:35:17  RSSI샘플:18409
17:35:17  RSSI경과ms:28
17:35:17  위험송신:18405
17:35:18  시각ms:2003803
17:35:18  IMU시각ms:2003803
17:35:18  위험:0
17:35:18  원시위험:0
17:35:18  GPS유효:1
17:35:18  위도:37.496440
17:35:18  경도:126.958162
17:35:18  속도:0.00
17:35:18  방향:12.0
17:35:18  GPS원시속도:0.000
17:35:18  GPS원시방향유효:1
17:35:18  GPS원시방향:11.3
17:35:18  가속도:-0.09,0.76,9.47
17:35:18  자이로:-3.6,-1.1,2.1
17:35:18  자력계:7.500,1.500,-3.300
17:35:18  충격값:0.76
17:35:18  송신:19417
17:35:18  지팡이수신:18409
17:35:18  GPS위성:6
17:35:18  GPS_HDOP:1.40
17:35:18  원시위도:37.496440
17:35:18  원시경도:126.958162
17:35:18  GPS채택:1386
17:35:18  GPS이상치거부:35
17:35:18  GPS품질거부:84
17:35:18  GPS재기준:8
17:35:18  계산거리:33.76
17:35:18  접근속도:0.07
17:35:18  TTC:999.00
17:35:18  방향오차:-58.7
17:35:18  전방여부:0
17:35:18  위험음성횟수:0
17:35:18  충격음성횟수:1
17:35:18  마지막위험음성:0
17:35:18  RSSI원시:-80
17:35:18  RSSI평활:-81.7
17:35:18  RSSI샘플:18409
17:35:18  RSSI경과ms:79
17:35:18  위험송신:18405
17:35:18  시각ms:2003853
17:35:18  IMU시각ms:2003853
17:35:18  위험:0
17:35:18  원시위험:0
17:35:18  GPS유효:1
17:35:18  위도:37.496440
17:35:18  경도:126.958162
17:35:18  속도:0.00
17:35:18  방향:12.0
17:35:18  GPS원시속도:0.000
17:35:18  GPS원시방향유효:1
17:35:18  GPS원시방향:11.3
17:35:18  가속도:-1.07,0.68,9.50
17:35:18  자이로:4.2,0.8,0.4
17:35:18  자력계:5.850,1.650,-2.700
17:35:18  충격값:0.80
17:35:18  송신:19417
17:35:18  지팡이수신:18409
17:35:18  GPS위성:6
17:35:18  GPS_HDOP:1.40
17:35:18  원시위도:37.496440
17:35:18  원시경도:126.958162
17:35:18  GPS채택:1386
17:35:18  GPS이상치거부:35
17:35:18  GPS품질거부:84
17:35:18  GPS재기준:8
17:35:18  계산거리:33.76
17:35:18  접근속도:0.07
17:35:18  TTC:999.00
17:35:18  방향오차:-58.7
17:35:18  전방여부:0
17:35:18  위험음성횟수:0
17:35:18  충격음성횟수:1
17:35:18  마지막위험음성:0
17:35:18  RSSI원시:-80
17:35:18  RSSI평활:-81.7
17:35:18  RSSI샘플:18409
17:35:18  RSSI경과ms:129
17:35:18  위험송신:18405
17:35:18  시각ms:2003909
17:35:18  IMU시각ms:2003909
17:35:18  위험:0
17:35:18  원시위험:0
17:35:18  GPS유효:1
17:35:18  위도:37.496440
17:35:18  경도:126.958162
17:35:18  속도:0.00
17:35:18  방향:12.0
17:35:18  GPS원시속도:0.000
17:35:18  GPS원시방향유효:1
17:35:18  GPS원시방향:11.3
17:35:18  가속도:-0.68,1.68,9.51
17:35:18  자이로:-0.1,-3.7,-2.6
17:35:18  자력계:7.200,3.450,-1.500
17:35:18  충격값:0.44
17:35:18  송신:19418
17:35:18  지팡이수신:18409
17:35:18  GPS위성:6
17:35:18  GPS_HDOP:1.40
17:35:18  원시위도:37.496440
17:35:18  원시경도:126.958162
17:35:18  GPS채택:1386
17:35:18  GPS이상치거부:35
17:35:18  GPS품질거부:84
17:35:18  GPS재기준:8
17:35:18  계산거리:33.76
17:35:18  접근속도:0.07
17:35:18  TTC:999.00
17:35:18  방향오차:-58.7
17:35:18  전방여부:0
17:35:18  위험음성횟수:0
17:35:18  충격음성횟수:1
17:35:18  마지막위험음성:0
17:35:18  RSSI원시:-80
17:35:18  RSSI평활:-81.7
17:35:18  RSSI샘플:18409
17:35:18  RSSI경과ms:185
17:35:18  위험송신:18405
17:35:18  시각ms:2003960
17:35:18  IMU시각ms:2003960
17:35:18  위험:0
17:35:18  원시위험:0
17:35:18  GPS유효:1
17:35:18  위도:37.496440
17:35:18  경도:126.958162
17:35:18  속도:0.00
17:35:18  방향:12.0
17:35:18  GPS원시속도:0.000
17:35:18  GPS원시방향유효:1
17:35:18  GPS원시방향:11.3
17:35:18  가속도:-0.59,1.11,9.46
17:35:18  자이로:2.0,-1.5,3.0
17:35:18  자력계:5.700,3.150,-4.050
17:35:18  충격값:0.23
17:35:18  송신:19418
17:35:18  지팡이수신:18409
17:35:18  GPS위성:6
17:35:18  GPS_HDOP:1.40
17:35:18  원시위도:37.496440
17:35:18  원시경도:126.958162
17:35:18  GPS채택:1387
17:35:18  GPS이상치거부:35
17:35:18  GPS품질거부:84
17:35:18  GPS재기준:8
17:35:18  계산거리:33.76
17:35:18  접근속도:0.07
17:35:18  TTC:999.00
17:35:18  방향오차:-58.7
17:35:18  전방여부:0
17:35:18  위험음성횟수:0
17:35:18  충격음성횟수:1
17:35:18  마지막위험음성:0
17:35:18  RSSI원시:-80
17:35:18  RSSI평활:-81.7
17:35:18  RSSI샘플:18409
17:35:18  RSSI경과ms:236
17:35:18  위험송신:18405
17:35:18  시각ms:2004016
17:35:18  IMU시각ms:2004016
17:35:18  위험:0
17:35:18  원시위험:0
17:35:18  GPS유효:1
17:35:18  위도:37.496440
17:35:18  경도:126.958162
17:35:18  속도:0.00
17:35:18  방향:12.0
17:35:18  GPS원시속도:0.000
17:35:18  GPS원시방향유효:1
17:35:18  GPS원시방향:11.3
17:35:18  가속도:-0.46,1.32,9.61
17:35:18  자이로:-0.4,-1.2,1.6
17:35:18  자력계:6.600,2.100,-1.950
17:35:18  충격값:0.10
17:35:18  송신:19419
17:35:18  지팡이수신:18410
17:35:18  GPS위성:6
17:35:18  GPS_HDOP:1.40
17:35:18  원시위도:37.496440
17:35:18  원시경도:126.958162
17:35:18  GPS채택:1387
17:35:18  GPS이상치거부:35
17:35:18  GPS품질거부:84
17:35:18  GPS재기준:8
17:35:18  계산거리:33.76
17:35:18  접근속도:0.07
17:35:18  TTC:999.00
17:35:18  방향오차:-58.7
17:35:18  전방여부:0
17:35:18  위험음성횟수:0
17:35:18  충격음성횟수:1
17:35:18  마지막위험음성:0
17:35:18  RSSI원시:-82
17:35:18  RSSI평활:-81.8
17:35:18  RSSI샘플:18410
17:35:18  RSSI경과ms:39
17:35:18  위험송신:18406
17:35:18  시각ms:2004122
17:35:18  IMU시각ms:2004122
17:35:18  위험:0
17:35:18  원시위험:0
17:35:18  GPS유효:1
17:35:18  위도:37.496440
17:35:18  경도:126.958162
17:35:18  속도:0.00
17:35:18  방향:12.0
17:35:18  GPS원시속도:0.000
17:35:18  GPS원시방향유효:1
17:35:18  GPS원시방향:11.3
17:35:18  가속도:-0.97,0.71,10.06
17:35:18  자이로:4.6,2.8,-2.0
17:35:18  자력계:4.950,3.150,-3.300
17:35:18  충격값:0.81
17:35:18  송신:19420
17:35:18  지팡이수신:18411
17:35:18  GPS위성:6
17:35:18  GPS_HDOP:1.40
17:35:18  원시위도:37.496440
17:35:18  원시경도:126.958162
17:35:18  GPS채택:1388
17:35:18  GPS이상치거부:35
17:35:18  GPS품질거부:84
17:35:18  GPS재기준:8
17:35:18  계산거리:33.76
17:35:18  접근속도:0.07
17:35:18  TTC:999.00
17:35:18  방향오차:-58.7
17:35:18  전방여부:0
17:35:18  위험음성횟수:0
17:35:18  충격음성횟수:1
17:35:18  마지막위험음성:0
17:35:18  RSSI원시:-82
17:35:18  RSSI평활:-81.8
17:35:18  RSSI샘플:18411
17:35:18  RSSI경과ms:89
17:35:18  위험송신:18407
17:35:18  시각ms:2004329
17:35:18  IMU시각ms:2004329
17:35:18  위험:0
17:35:18  원시위험:0
17:35:18  GPS유효:1
17:35:18  위도:37.496440
17:35:18  경도:126.958162
17:35:18  속도:0.00
17:35:18  방향:12.0
17:35:18  GPS원시속도:0.000
17:35:18  GPS원시방향유효:1
17:35:18  GPS원시방향:11.3
17:35:18  가속도:-0.56,0.53,9.30
17:35:18  자이로:-0.1,2.0,-3.2
17:35:18  자력계:5.850,3.600,-4.650
17:35:18  충격값:0.83
17:35:18  송신:19422
17:35:18  지팡이수신:18412
17:35:18  GPS위성:6
17:35:18  GPS_HDOP:1.40
17:35:18  원시위도:37.496440
17:35:18  원시경도:126.958162
17:35:18  GPS채택:1388
17:35:18  GPS이상치거부:35
17:35:18  GPS품질거부:84
17:35:18  GPS재기준:8
17:35:18  계산거리:33.77
17:35:18  접근속도:0.07
17:35:18  TTC:999.00
17:35:18  방향오차:-58.7
17:35:18  전방여부:0
17:35:18  위험음성횟수:0
17:35:18  충격음성횟수:1
17:35:18  마지막위험음성:0
17:35:18  RSSI원시:-83
17:35:18  RSSI평활:-82.1
17:35:18  RSSI샘플:18412
17:35:18  RSSI경과ms:193
17:35:18  위험송신:18408
17:35:18  시각ms:2004536
17:35:18  IMU시각ms:2004536
17:35:18  위험:0
17:35:18  원시위험:0
17:35:18  GPS유효:1
17:35:18  위도:37.496440
17:35:18  경도:126.958162
17:35:18  속도:0.00
17:35:18  방향:12.0
17:35:18  GPS원시속도:0.000
17:35:18  GPS원시방향유효:1
17:35:18  GPS원시방향:11.3
17:35:18  가속도:-0.72,1.43,9.65
17:35:18  자이로:-1.0,0.2,0.1
17:35:18  자력계:6.450,3.450,-3.300
17:35:18  충격값:0.21
17:35:18  송신:19424
17:35:18  지팡이수신:18413
17:35:18  GPS위성:6
17:35:18  GPS_HDOP:1.40
17:35:18  원시위도:37.496440
17:35:18  원시경도:126.958162
17:35:18  GPS채택:1388
17:35:18  GPS이상치거부:35
17:35:18  GPS품질거부:84
17:35:18  GPS재기준:8
17:35:18  계산거리:33.77
17:35:18  접근속도:0.05
17:35:18  TTC:999.00
17:35:18  방향오차:-58.7
17:35:18  전방여부:0
17:35:18  위험음성횟수:0
17:35:18  충격음성횟수:1
17:35:18  마지막위험음성:0
17:35:18  RSSI원시:-84
17:35:18  RSSI평활:-82.5
17:35:18  RSSI샘플:18413
17:35:18  RSSI경과ms:183
17:35:18  위험송신:18409
17:35:18  시각ms:2004687
17:35:18  IMU시각ms:2004687
17:35:18  위험:0
17:35:18  원시위험:0
17:35:18  GPS유효:1
17:35:18  위도:37.496440
17:35:18  경도:126.958162
17:35:18  속도:0.00
17:35:18  방향:12.0
17:35:18  GPS원시속도:0.000
17:35:18  GPS원시방향유효:1
17:35:18  GPS원시방향:11.3
17:35:18  가속도:-0.87,0.07,7.19
17:35:18  자이로:20.0,-0.8,5.4
17:35:18  자력계:6.000,2.250,-3.300
17:35:18  충격값:3.00
17:35:18  송신:19426
17:35:18  지팡이수신:18413
17:35:18  GPS위성:6
17:35:18  GPS_HDOP:1.40
17:35:18  원시위도:37.496440
17:35:18  원시경도:126.958162
17:35:18  GPS채택:1388
17:35:18  GPS이상치거부:35
17:35:18  GPS품질거부:84
17:35:18  GPS재기준:8
17:35:18  계산거리:33.77
17:35:18  접근속도:0.05
17:35:18  TTC:999.00
17:35:18  방향오차:-58.7
17:35:18  전방여부:0
17:35:18  위험음성횟수:0
17:35:18  충격음성횟수:1
17:35:18  마지막위험음성:0
17:35:18  RSSI원시:-84
17:35:18  RSSI평활:-82.5
17:35:18  RSSI샘플:18413
17:35:18  RSSI경과ms:334
17:35:18  위험송신:18409
17:35:18  시각ms:2004738
17:35:18  IMU시각ms:2004738
17:35:19  위험:0
17:35:19  원시위험:0
17:35:19  GPS유효:1
17:35:19  위도:37.496440
17:35:19  경도:126.958162
17:35:19  속도:0.00
17:35:19  방향:12.0
17:35:19  GPS원시속도:0.000
17:35:19  GPS원시방향유효:1
17:35:19  GPS원시방향:11.3
17:35:19  가속도:-0.63,-0.14,4.58
17:35:19  자이로:-17.0,5.1,12.5
17:35:19  자력계:6.600,2.100,-4.650
17:35:19  충격값:5.34
17:35:19  송신:19426
17:35:19  지팡이수신:18413
17:35:19  GPS위성:6
17:35:19  GPS_HDOP:1.40
17:35:19  원시위도:37.496440
17:35:19  원시경도:126.958162
17:35:19  GPS채택:1388
17:35:19  GPS이상치거부:35
17:35:19  GPS품질거부:84
17:35:19  GPS재기준:8
17:35:19  계산거리:33.77
17:35:19  접근속도:0.05
17:35:19  TTC:999.00
17:35:19  방향오차:-58.7
17:35:19  전방여부:0
17:35:19  위험음성횟수:0
17:35:19  충격음성횟수:1
17:35:19  마지막위험음성:0
17:35:19  RSSI원시:-84
17:35:19  RSSI평활:-82.5
17:35:19  RSSI샘플:18413
17:35:19  RSSI경과ms:385
17:35:19  위험송신:18409
17:35:19  시각ms:2005013
17:35:19  IMU시각ms:2005012
17:35:19  위험:0
17:35:19  원시위험:0
17:35:19  GPS유효:1
17:35:19  위도:37.496440
17:35:19  경도:126.958162
17:35:19  속도:0.00
17:35:19  방향:12.0
17:35:19  GPS원시속도:0.000
17:35:19  GPS원시방향유효:1
17:35:19  GPS원시방향:11.3
17:35:19  가속도:-1.77,2.54,9.85
17:35:19  자이로:-2.4,-3.1,-0.2
17:35:19  자력계:6.000,0.750,-1.500
17:35:19  충격값:1.59
17:35:19  송신:19429
17:35:19  지팡이수신:18415
17:35:19  GPS위성:6
17:35:19  GPS_HDOP:1.40
17:35:19  원시위도:37.496440
17:35:19  원시경도:126.958162
17:35:19  GPS채택:1389
17:35:19  GPS이상치거부:35
17:35:19  GPS품질거부:84
17:35:19  GPS재기준:8
17:35:19  계산거리:33.77
17:35:19  접근속도:0.03
17:35:19  TTC:999.00
17:35:19  방향오차:-58.7
17:35:19  전방여부:0
17:35:19  위험음성횟수:0
17:35:19  충격음성횟수:1
17:35:19  마지막위험음성:0
17:35:19  RSSI원시:-84
17:35:19  RSSI평활:-82.4
17:35:19  RSSI샘플:18415
17:35:19  RSSI경과ms:42
17:35:19  위험송신:18411
17:35:20  시각ms:2005957
17:35:20  IMU시각ms:2005957
17:35:20  위험:0
17:35:20  원시위험:0
17:35:20  GPS유효:1
17:35:20  위도:37.496440
17:35:20  경도:126.958162
17:35:20  속도:0.00
17:35:20  방향:12.0
17:35:20  GPS원시속도:0.000
17:35:20  GPS원시방향유효:1
17:35:20  GPS원시방향:11.3
17:35:20  가속도:0.22,1.41,13.14
17:35:20  자이로:30.0,-18.5,-38.1
17:35:20  자력계:3.000,0.300,-3.000
17:35:20  충격값:3.27
17:35:20  송신:19438
17:35:20  지팡이수신:18421
17:35:20  GPS위성:6
17:35:20  GPS_HDOP:1.40
17:35:20  원시위도:37.496440
17:35:20  원시경도:126.958160
17:35:20  GPS채택:1391
17:35:20  GPS이상치거부:35
17:35:20  GPS품질거부:84
17:35:20  GPS재기준:8
17:35:20  계산거리:33.77
17:35:20  접근속도:0.02
17:35:20  TTC:999.00
17:35:20  방향오차:-58.7
17:35:20  전방여부:0
17:35:20  위험음성횟수:0
17:35:20  충격음성횟수:1
17:35:20  마지막위험음성:0
17:35:20  RSSI원시:-75
17:35:20  RSSI평활:-79.1
17:35:20  RSSI샘플:18421
17:35:20  RSSI경과ms:101
17:35:20  위험송신:18417
17:35:20  시각ms:2006164
17:35:20  IMU시각ms:2006164
17:35:20  위험:0
17:35:20  원시위험:0
17:35:20  GPS유효:1
17:35:20  위도:37.496440
17:35:20  경도:126.958161
17:35:20  속도:0.28
17:35:20  방향:11.8
17:35:20  GPS원시속도:0.550
17:35:20  GPS원시방향유효:1
17:35:20  GPS원시방향:11.3
17:35:20  가속도:-6.64,-3.25,6.51
17:35:20  자이로:-0.2,16.6,15.0
17:35:20  자력계:2.400,3.600,-2.700
17:35:20  충격값:8.28
17:35:20  송신:19440
17:35:20  지팡이수신:18422
17:35:20  GPS위성:6
17:35:20  GPS_HDOP:1.40
17:35:20  원시위도:37.496440
17:35:20  원시경도:126.958160
17:35:20  GPS채택:1392
17:35:20  GPS이상치거부:35
17:35:20  GPS품질거부:84
17:35:20  GPS재기준:8
17:35:20  계산거리:33.76
17:35:20  접근속도:0.02
17:35:20  TTC:999.00
17:35:20  방향오차:-58.7
17:35:20  전방여부:0
17:35:20  위험음성횟수:0
17:35:20  충격음성횟수:1
17:35:20  마지막위험음성:0
17:35:20  RSSI원시:-78
17:35:20  RSSI평활:-78.9
17:35:20  RSSI샘플:18422
17:35:20  RSSI경과ms:168
17:35:20  위험송신:18418
17:35:20  시각ms:2006214
17:35:20  IMU시각ms:2006214
17:35:20  위험:0
17:35:20  원시위험:0
17:35:20  GPS유효:1
17:35:20  위도:37.496440
17:35:20  경도:126.958161
17:35:20  속도:0.28
17:35:20  방향:11.8
17:35:20  GPS원시속도:0.550
17:35:20  GPS원시방향유효:1
17:35:20  GPS원시방향:11.3
17:35:20  가속도:-0.12,0.61,6.36
17:35:20  자이로:-10.8,19.2,-12.2
17:35:20  자력계:2.100,2.100,-1.950
17:35:20  충격값:3.18
17:35:20  송신:19440
17:35:20  지팡이수신:18422
17:35:20  GPS위성:6
17:35:20  GPS_HDOP:1.40
17:35:20  원시위도:37.496440
17:35:20  원시경도:126.958160
17:35:20  GPS채택:1392
17:35:20  GPS이상치거부:35
17:35:20  GPS품질거부:84
17:35:20  GPS재기준:8
17:35:20  계산거리:33.76
17:35:20  접근속도:0.02
17:35:20  TTC:999.00
17:35:20  방향오차:-58.7
17:35:20  전방여부:0
17:35:20  위험음성횟수:0
17:35:20  충격음성횟수:1
17:35:20  마지막위험음성:0
17:35:20  RSSI원시:-78
17:35:20  RSSI평활:-78.9
17:35:20  RSSI샘플:18422
17:35:20  RSSI경과ms:218
17:35:20  위험송신:18418
17:35:20  시각ms:2006276
17:35:20  IMU시각ms:2006264
17:35:20  위험:0
17:35:20  원시위험:0
17:35:20  GPS유효:1
17:35:20  위도:37.496440
17:35:20  경도:126.958161
17:35:20  속도:0.28
17:35:20  방향:11.8
17:35:20  GPS원시속도:0.550
17:35:20  GPS원시방향유효:1
17:35:20  GPS원시방향:11.3
17:35:20  가속도:0.88,-1.74,6.43
17:35:20  자이로:0.0,-21.1,15.4
17:35:20  자력계:2.250,1.950,-2.550
17:35:20  충격값:4.82
17:35:20  송신:19441
17:35:20  지팡이수신:18423
17:35:20  GPS위성:6
17:35:20  GPS_HDOP:1.40
17:35:20  원시위도:37.496440
17:35:20  원시경도:126.958160
17:35:20  GPS채택:1392
17:35:20  GPS이상치거부:35
17:35:20  GPS품질거부:84
17:35:20  GPS재기준:8
17:35:20  계산거리:33.70
17:35:20  접근속도:0.05
17:35:20  TTC:999.00
17:35:20  방향오차:-58.3
17:35:20  전방여부:0
17:35:20  위험음성횟수:0
17:35:20  충격음성횟수:1
17:35:20  마지막위험음성:0
17:35:20  RSSI원시:-81
17:35:20  RSSI평활:-79.3
17:35:20  RSSI샘플:18423
17:35:20  RSSI경과ms:16
17:35:20  위험송신:18419
17:35:20  시각ms:2006381
17:35:20  IMU시각ms:2006369
17:35:20  위험:0
17:35:20  원시위험:0
17:35:20  GPS유효:1
17:35:20  위도:37.496440
17:35:20  경도:126.958161
17:35:20  속도:0.28
17:35:20  방향:11.8
17:35:20  GPS원시속도:0.550
17:35:20  GPS원시방향유효:1
17:35:20  GPS원시방향:11.3
17:35:20  가속도:-0.18,-3.11,5.48
17:35:20  자이로:-2.0,-4.1,-51.2
17:35:20  자력계:4.350,2.100,-2.400
17:35:20  충격값:6.41
17:35:20  송신:19442
17:35:20  지팡이수신:18424
17:35:20  GPS위성:6
17:35:20  GPS_HDOP:1.40
17:35:20  원시위도:37.496440
17:35:20  원시경도:126.958160
17:35:20  GPS채택:1392
17:35:20  GPS이상치거부:35
17:35:20  GPS품질거부:84
17:35:20  GPS재기준:8
17:35:20  계산거리:33.69
17:35:20  접근속도:0.05
17:35:20  TTC:999.00
17:35:20  방향오차:-58.3
17:35:20  전방여부:0
17:35:20  위험음성횟수:0
17:35:20  충격음성횟수:1
17:35:20  마지막위험음성:0
17:35:20  RSSI원시:-85
17:35:20  RSSI평활:-80.4
17:35:20  RSSI샘플:18424
17:35:20  RSSI경과ms:18
17:35:20  위험송신:18420
17:35:20  시각ms:2006681
17:35:20  IMU시각ms:2006681
17:35:20  위험:0
17:35:20  원시위험:0
17:35:20  GPS유효:1
17:35:20  위도:37.496441
17:35:20  경도:126.958161
17:35:20  속도:0.28
17:35:20  방향:11.8
17:35:20  GPS원시속도:0.550
17:35:20  GPS원시방향유효:1
17:35:20  GPS원시방향:11.3
17:35:20  가속도:-0.14,-3.76,12.94
17:35:20  자이로:21.1,-4.2,-60.3
17:35:20  자력계:7.500,2.250,-4.500
17:35:20  충격값:5.91
17:35:20  송신:19445
17:35:20  지팡이수신:18424
17:35:20  GPS위성:6
17:35:20  GPS_HDOP:1.40
17:35:20  원시위도:37.496440
17:35:20  원시경도:126.958160
17:35:20  GPS채택:1392
17:35:20  GPS이상치거부:35
17:35:20  GPS품질거부:84
17:35:20  GPS재기준:8
17:35:20  계산거리:33.69
17:35:20  접근속도:0.05
17:35:20  TTC:999.00
17:35:20  방향오차:-58.3
17:35:20  전방여부:0
17:35:20  위험음성횟수:0
17:35:20  충격음성횟수:1
17:35:20  마지막위험음성:0
17:35:20  RSSI원시:-85
17:35:20  RSSI평활:-80.4
17:35:20  RSSI샘플:18424
17:35:20  RSSI경과ms:318
17:35:20  위험송신:18420
17:35:21  시각ms:2006988
17:35:21  IMU시각ms:2006988
17:35:21  위험:0
17:35:21  원시위험:0
17:35:21  GPS유효:1
17:35:21  위도:37.496440
17:35:21  경도:126.958157
17:35:21  속도:0.41
17:35:21  방향:11.6
17:35:21  GPS원시속도:0.550
17:35:21  GPS원시방향유효:1
17:35:21  GPS원시방향:11.3
17:35:21  가속도:-1.06,3.20,5.23
17:35:21  자이로:7.7,-26.6,21.4
17:35:21  자력계:12.150,2.250,-4.500
17:35:21  충격값:4.82
17:35:21  송신:19448
17:35:21  지팡이수신:18424
17:35:21  GPS위성:6
17:35:21  GPS_HDOP:1.40
17:35:21  원시위도:37.496438
17:35:21  원시경도:126.958153
17:35:21  GPS채택:1393
17:35:21  GPS이상치거부:35
17:35:21  GPS품질거부:84
17:35:21  GPS재기준:8
17:35:21  계산거리:33.69
17:35:21  접근속도:0.05
17:35:21  TTC:999.00
17:35:21  방향오차:-58.3
17:35:21  전방여부:0
17:35:21  위험음성횟수:0
17:35:21  충격음성횟수:1
17:35:21  마지막위험음성:0
17:35:21  RSSI원시:-85
17:35:21  RSSI평활:-80.4
17:35:21  RSSI샘플:18424
17:35:21  RSSI경과ms:625
17:35:21  위험송신:18420
17:35:22  시각ms:2007932
17:35:22  IMU시각ms:2007932
17:35:22  위험:0
17:35:22  원시위험:0
17:35:22  GPS유효:1
17:35:22  위도:37.496439
17:35:22  경도:126.958155
17:35:22  속도:0.68
17:35:22  방향:62.7
17:35:22  GPS원시속도:0.952
17:35:22  GPS원시방향유효:1
17:35:22  GPS원시방향:157.5
17:35:22  가속도:1.96,4.95,19.61
17:35:22  자이로:-69.2,5.7,3.5
17:35:22  자력계:10.800,1.350,-2.400
17:35:22  충격값:10.81
17:35:22  송신:19457
17:35:22  지팡이수신:18429
17:35:22  GPS위성:6
17:35:22  GPS_HDOP:1.40
17:35:22  원시위도:37.496438
17:35:22  원시경도:126.958153
17:35:22  GPS채택:1394
17:35:22  GPS이상치거부:35
17:35:22  GPS품질거부:84
17:35:22  GPS재기준:8
17:35:22  계산거리:33.44
17:35:22  접근속도:0.11
17:35:22  TTC:999.00
17:35:22  방향오차:-108.6
17:35:22  전방여부:0
17:35:22  위험음성횟수:0
17:35:22  충격음성횟수:1
17:35:22  마지막위험음성:0
17:35:22  RSSI원시:-86
17:35:22  RSSI평활:-82.1
17:35:22  RSSI샘플:18429
17:35:22  RSSI경과ms:346
17:35:22  위험송신:18425
17:35:22  시각ms:2007982
17:35:22  IMU시각ms:2007982
17:35:22  위험:0
17:35:22  원시위험:0
17:35:22  GPS유효:1
17:35:22  위도:37.496436
17:35:22  경도:126.958150
17:35:22  속도:0.82
17:35:22  방향:95.9
17:35:22  GPS원시속도:0.952
17:35:22  GPS원시방향유효:1
17:35:22  GPS원시방향:157.5
17:35:22  가속도:1.60,8.07,15.40
17:35:22  자이로:-8.7,4.2,18.0
17:35:22  자력계:9.600,2.850,-1.650
17:35:22  충격값:9.16
17:35:22  송신:19457
17:35:22  지팡이수신:18429
17:35:22  GPS위성:6
17:35:22  GPS_HDOP:1.40
17:35:22  원시위도:37.496433
17:35:22  원시경도:126.958145
17:35:22  GPS채택:1395
17:35:22  GPS이상치거부:35
17:35:22  GPS품질거부:84
17:35:22  GPS재기준:8
17:35:22  계산거리:33.44
17:35:22  접근속도:0.11
17:35:22  TTC:999.00
17:35:22  방향오차:-108.6
17:35:22  전방여부:0
17:35:22  위험음성횟수:0
17:35:22  충격음성횟수:1
17:35:22  마지막위험음성:0
17:35:22  RSSI원시:-86
17:35:22  RSSI평활:-82.1
17:35:22  RSSI샘플:18429
17:35:22  RSSI경과ms:396
17:35:22  위험송신:18425
17:35:22  시각ms:2008288
17:35:22  IMU시각ms:2008288
17:35:22  위험:0
17:35:22  원시위험:0
17:35:22  GPS유효:1
17:35:22  위도:37.496433
17:35:22  경도:126.958147
17:35:22  속도:0.99
17:35:22  방향:126.5
17:35:22  GPS원시속도:1.158
17:35:22  GPS원시방향유효:1
17:35:22  GPS원시방향:183.4
17:35:22  가속도:4.28,-8.84,-12.29
17:35:22  자이로:-25.5,15.6,-5.0
17:35:22  자력계:4.500,2.250,-3.000
17:35:22  충격값:23.69
17:35:22  송신:19460
17:35:22  지팡이수신:18430
17:35:22  GPS위성:6
17:35:22  GPS_HDOP:1.40
17:35:22  원시위도:37.496433
17:35:22  원시경도:126.958145
17:35:22  GPS채택:1396
17:35:22  GPS이상치거부:35
17:35:22  GPS품질거부:84
17:35:22  GPS재기준:8
17:35:22  계산거리:33.39
17:35:22  접근속도:0.11
17:35:22  TTC:999.00
17:35:22  방향오차:-140.8
17:35:22  전방여부:0
17:35:22  위험음성횟수:0
17:35:22  충격음성횟수:1
17:35:22  마지막위험음성:0
17:35:22  RSSI원시:-85
17:35:22  RSSI평활:-82.7
17:35:22  RSSI샘플:18430
17:35:22  RSSI경과ms:254
17:35:22  위험송신:18426
17:35:22  시각ms:2008338
17:35:22  IMU시각ms:2008338
17:35:22  위험:0
17:35:22  원시위험:0
17:35:22  GPS유효:1
17:35:22  위도:37.496433
17:35:22  경도:126.958147
17:35:22  속도:0.99
17:35:22  방향:126.5
17:35:22  GPS원시속도:1.158
17:35:22  GPS원시방향유효:1
17:35:22  GPS원시방향:183.4
17:35:22  가속도:-0.74,-0.07,7.62
17:35:22  자이로:7.1,2.3,7.3
17:35:22  자력계:4.950,1.500,0.000
17:35:22  충격값:1.08
17:35:22  송신:19461
17:35:22  지팡이수신:18430
17:35:22  GPS위성:6
17:35:22  GPS_HDOP:1.40
17:35:22  원시위도:37.496433
17:35:22  원시경도:126.958145
17:35:22  GPS채택:1396
17:35:22  GPS이상치거부:35
17:35:22  GPS품질거부:84
17:35:22  GPS재기준:8
17:35:22  계산거리:33.39
17:35:22  접근속도:0.11
17:35:22  TTC:999.00
17:35:22  방향오차:-140.8
17:35:22  전방여부:0
17:35:22  위험음성횟수:0
17:35:22  충격음성횟수:1
17:35:22  마지막위험음성:0
17:35:22  RSSI원시:-85
17:35:22  RSSI평활:-82.7
17:35:22  RSSI샘플:18430
17:35:22  RSSI경과ms:304
17:35:22  위험송신:18426
17:35:22  시각ms:2008388
17:35:22  IMU시각ms:2008388
17:35:22  위험:0
17:35:22  원시위험:0
17:35:22  GPS유효:1
17:35:22  위도:37.496433
17:35:22  경도:126.958147
17:35:22  속도:0.99
17:35:22  방향:126.5
17:35:22  GPS원시속도:1.158
17:35:22  GPS원시방향유효:1
17:35:22  GPS원시방향:183.4
17:35:22  가속도:-3.36,-2.73,5.28
17:35:22  자이로:7.8,-15.1,0.6
17:35:22  자력계:5.250,1.500,-2.250
17:35:22  충격값:5.31
17:35:22  송신:19461
17:35:22  지팡이수신:18430
17:35:22  GPS위성:6
17:35:22  GPS_HDOP:1.40
17:35:22  원시위도:37.496433
17:35:22  원시경도:126.958145
17:35:22  GPS채택:1396
17:35:22  GPS이상치거부:35
17:35:22  GPS품질거부:84
17:35:22  GPS재기준:8
17:35:22  계산거리:33.39
17:35:22  접근속도:0.11
17:35:22  TTC:999.00
17:35:22  방향오차:-140.8
17:35:22  전방여부:0
17:35:22  위험음성횟수:0
17:35:22  충격음성횟수:1
17:35:22  마지막위험음성:0
17:35:22  RSSI원시:-85
17:35:22  RSSI평활:-82.7
17:35:22  RSSI샘플:18430
17:35:22  RSSI경과ms:354
17:35:22  위험송신:18426
17:35:23  시각ms:2009194
17:35:23  IMU시각ms:2009194
17:35:23  위험:0
17:35:23  원시위험:0
17:35:23  GPS유효:1
17:35:23  위도:37.496430
17:35:23  경도:126.958146
17:35:23  속도:0.99
17:35:23  방향:126.5
17:35:23  GPS원시속도:1.158
17:35:23  GPS원시방향유효:1
17:35:23  GPS원시방향:183.4
17:35:23  가속도:-1.93,2.97,8.59
17:35:23  자이로:-39.1,12.7,14.9
17:35:23  자력계:4.200,2.250,-2.250
17:35:23  충격값:2.44
17:35:23  송신:19469
17:35:23  지팡이수신:18430
17:35:23  GPS위성:6
17:35:23  GPS_HDOP:1.40
17:35:23  원시위도:37.496433
17:35:23  원시경도:126.958145
17:35:23  GPS채택:1396
17:35:23  GPS이상치거부:35
17:35:23  GPS품질거부:84
17:35:23  GPS재기준:8
17:35:23  계산거리:33.39
17:35:23  접근속도:0.11
17:35:23  TTC:999.00
17:35:23  방향오차:-140.8
17:35:23  전방여부:0
17:35:23  위험음성횟수:0
17:35:23  충격음성횟수:2
17:35:23  마지막위험음성:0
17:35:23  RSSI원시:-85
17:35:23  RSSI평활:-82.7
17:35:23  RSSI샘플:18430
17:35:23  RSSI경과ms:1160
17:35:23  위험송신:18426
17:35:23  시각ms:2009794
17:35:23  IMU시각ms:2009794
17:35:23  위험:0
17:35:23  원시위험:0
17:35:23  GPS유효:1
17:35:23  위도:37.496430
17:35:24  경도:126.958146
17:35:24  속도:0.99
17:35:24  방향:126.5
17:35:24  GPS원시속도:1.158
17:35:24  GPS원시방향유효:1
17:35:24  GPS원시방향:183.4
17:35:24  가속도:0.50,3.27,19.61
17:35:24  자이로:-43.4,-0.0,-53.3
17:35:24  자력계:3.300,1.950,-3.300
17:35:24  충격값:11.75
17:35:24  송신:19475
17:35:24  지팡이수신:18430
17:35:24  GPS위성:6
17:35:24  GPS_HDOP:1.40
17:35:24  원시위도:37.496433
17:35:24  원시경도:126.958145
17:35:24  GPS채택:1396
17:35:24  GPS이상치거부:35
17:35:24  GPS품질거부:84
17:35:24  GPS재기준:8
17:35:24  계산거리:33.39
17:35:24  접근속도:0.11
17:35:24  TTC:999.00
17:35:24  방향오차:-140.8
17:35:24  전방여부:0
17:35:24  위험음성횟수:0
17:35:24  충격음성횟수:2
17:35:24  마지막위험음성:0
17:35:24  RSSI원시:-85
17:35:24  RSSI평활:-82.7
17:35:24  RSSI샘플:18430
17:35:24  RSSI경과ms:1760
17:35:24  위험송신:18426
17:35:24  시각ms:2010458
17:35:24  IMU시각ms:2010458
17:35:24  위험:0
17:35:24  원시위험:0
17:35:24  GPS유효:1
17:35:24  위도:37.496430
17:35:24  경도:126.958146
17:35:24  속도:0.99
17:35:24  방향:126.5
17:35:24  GPS원시속도:1.158
17:35:24  GPS원시방향유효:1
17:35:24  GPS원시방향:183.4
17:35:24  가속도:2.18,-2.91,7.64
17:35:24  자이로:23.3,-84.1,-46.7
17:35:24  자력계:4.650,2.100,-3.150
17:35:24  충격값:4.97
17:35:24  송신:19482
17:35:24  지팡이수신:18431
17:35:24  GPS위성:6
17:35:24  GPS_HDOP:1.40
17:35:24  원시위도:37.496433
17:35:24  원시경도:126.958145
17:35:24  GPS채택:1396
17:35:24  GPS이상치거부:35
17:35:24  GPS품질거부:84
17:35:24  GPS재기준:8
17:35:24  계산거리:33.89
17:35:24  접근속도:0.00
17:35:24  TTC:999.00
17:35:24  방향오차:-169.0
17:35:24  전방여부:0
17:35:24  위험음성횟수:0
17:35:24  충격음성횟수:2
17:35:24  마지막위험음성:0
17:35:24  RSSI원시:-83
17:35:24  RSSI평활:-82.7
17:35:24  RSSI샘플:18431
17:35:24  RSSI경과ms:235
17:35:24  위험송신:18427
17:35:24  시각ms:2010508
17:35:24  IMU시각ms:2010508
17:35:24  위험:0
17:35:24  원시위험:0
17:35:24  GPS유효:1
17:35:24  위도:37.496430
17:35:24  경도:126.958146
17:35:24  속도:0.99
17:35:24  방향:126.5
17:35:24  GPS원시속도:1.158
17:35:24  GPS원시방향유효:1
17:35:24  GPS원시방향:183.4
17:35:24  가속도:-2.72,0.49,9.67
17:35:24  자이로:31.7,71.4,-18.9
17:35:24  자력계:6.750,1.050,-3.300
17:35:24  충격값:2.97
17:35:24  송신:19482
17:35:24  지팡이수신:18431
17:35:24  GPS위성:6
17:35:24  GPS_HDOP:1.40
17:35:24  원시위도:37.496433
17:35:24  원시경도:126.958145
17:35:24  GPS채택:1396
17:35:24  GPS이상치거부:35
17:35:24  GPS품질거부:84
17:35:24  GPS재기준:8
17:35:24  계산거리:33.89
17:35:24  접근속도:0.00
17:35:24  TTC:999.00
17:35:24  방향오차:-169.0
17:35:24  전방여부:0
17:35:24  위험음성횟수:0
17:35:24  충격음성횟수:2
17:35:24  마지막위험음성:0
17:35:24  RSSI원시:-83
17:35:24  RSSI평활:-82.7
17:35:24  RSSI샘플:18431
17:35:24  RSSI경과ms:285
17:35:24  위험송신:18427
17:35:24  시각ms:2010608
17:35:24  IMU시각ms:2010608
17:35:24  위험:0
17:35:24  원시위험:0
17:35:24  GPS유효:1
17:35:24  위도:37.496430
17:35:24  경도:126.958146
17:35:24  속도:0.99
17:35:24  방향:126.5
17:35:24  GPS원시속도:1.158
17:35:24  GPS원시방향유효:1
17:35:24  GPS원시방향:183.4
17:35:24  가속도:-7.57,-0.11,1.46
17:35:24  자이로:-45.4,0.1,20.2
17:35:24  자력계:5.850,-0.150,0.450
17:35:24  충격값:9.87
17:35:24  송신:19483
17:35:24  지팡이수신:18431
17:35:24  GPS위성:6
17:35:24  GPS_HDOP:1.40
17:35:24  원시위도:37.496433
17:35:24  원시경도:126.958145
17:35:24  GPS채택:1396
17:35:24  GPS이상치거부:35
17:35:24  GPS품질거부:84
17:35:24  GPS재기준:8
17:35:24  계산거리:33.89
17:35:24  접근속도:0.00
17:35:24  TTC:999.00
17:35:24  방향오차:-169.0
17:35:24  전방여부:0
17:35:24  위험음성횟수:0
17:35:24  충격음성횟수:2
17:35:24  마지막위험음성:0
17:35:24  RSSI원시:-83
17:35:24  RSSI평활:-82.7
17:35:24  RSSI샘플:18431
17:35:24  RSSI경과ms:385
17:35:24  위험송신:18427
17:35:24  시각ms:2010658
17:35:24  IMU시각ms:2010658
17:35:24  위험:0
17:35:24  원시위험:0
17:35:24  GPS유효:1
17:35:24  위도:37.496430
17:35:24  경도:126.958146
17:35:24  속도:0.99
17:35:24  방향:126.5
17:35:24  GPS원시속도:1.158
17:35:24  GPS원시방향유효:1
17:35:24  GPS원시방향:183.4
17:35:24  가속도:2.29,-0.83,4.72
17:35:24  자이로:73.3,14.9,30.1
17:35:24  자력계:4.650,-1.650,-1.200
17:35:24  충격값:4.59
17:35:24  송신:19484
17:35:24  지팡이수신:18431
17:35:24  GPS위성:6
17:35:24  GPS_HDOP:1.40
17:35:24  원시위도:37.496433
17:35:24  원시경도:126.958145
17:35:24  GPS채택:1396
17:35:24  GPS이상치거부:35
17:35:24  GPS품질거부:84
17:35:24  GPS재기준:8
17:35:24  계산거리:33.89
17:35:24  접근속도:0.00
17:35:24  TTC:999.00
17:35:24  방향오차:-169.0
17:35:24  전방여부:0
17:35:24  위험음성횟수:0
17:35:24  충격음성횟수:2
17:35:24  마지막위험음성:0
17:35:24  RSSI원시:-83
17:35:24  RSSI평활:-82.7
17:35:24  RSSI샘플:18431
17:35:24  RSSI경과ms:435
17:35:24  위험송신:18427
17:35:24  시각ms:2010758
17:35:24  IMU시각ms:2010758
17:35:24  위험:0
17:35:24  원시위험:0
17:35:24  GPS유효:1
17:35:24  위도:37.496430
17:35:24  경도:126.958146
17:35:24  속도:0.99
17:35:24  방향:126.5
17:35:24  GPS원시속도:1.158
17:35:24  GPS원시방향유효:1
17:35:24  GPS원시방향:183.4
17:35:24  가속도:-3.51,-0.47,10.90
17:35:24  자이로:-82.0,-30.8,-8.1
17:35:24  자력계:-1.650,-3.300,-5.400
17:35:24  충격값:3.56
17:35:24  송신:19485
17:35:24  지팡이수신:18431
17:35:24  GPS위성:6
17:35:24  GPS_HDOP:1.40
17:35:24  원시위도:37.496433
17:35:24  원시경도:126.958145
17:35:24  GPS채택:1396
17:35:24  GPS이상치거부:35
17:35:24  GPS품질거부:84
17:35:24  GPS재기준:8
17:35:24  계산거리:33.89
17:35:24  접근속도:0.00
17:35:24  TTC:999.00
17:35:24  방향오차:-169.0
17:35:24  전방여부:0
17:35:24  위험음성횟수:0
17:35:24  충격음성횟수:2
17:35:24  마지막위험음성:0
17:35:24  RSSI원시:-83
17:35:24  RSSI평활:-82.7
17:35:24  RSSI샘플:18431
17:35:24  RSSI경과ms:535
17:35:24  위험송신:18427
17:35:25  시각ms:2011075
17:35:25  IMU시각ms:2011075
17:35:25  위험:0
17:35:25  원시위험:0
17:35:25  GPS유효:0
17:35:25  위도:0.000000
17:35:25  경도:0.000000
17:35:25  속도:0.00
17:35:25  방향:0.0
17:35:25  GPS원시속도:1.158
17:35:25  GPS원시방향유효:1
17:35:25  GPS원시방향:183.4
17:35:25  가속도:0.40,-2.45,12.81
17:35:25  자이로:-6.0,-34.8,7.5
17:35:25  자력계:4.200,1.500,-1.800
17:35:25  충격값:5.21
17:35:25  송신:19488
17:35:25  지팡이수신:18432
17:35:25  GPS위성:6
17:35:25  GPS_HDOP:1.40
17:35:25  원시위도:37.496433
17:35:25  원시경도:126.958145
17:35:25  GPS채택:1396
17:35:25  GPS이상치거부:35
17:35:25  GPS품질거부:84
17:35:25  GPS재기준:8
17:35:25  계산거리:33.89
17:35:25  접근속도:0.00
17:35:25  TTC:999.00
17:35:25  방향오차:-169.0
17:35:25  전방여부:0
17:35:25  위험음성횟수:0
17:35:25  충격음성횟수:2
17:35:25  마지막위험음성:0
17:35:25  RSSI원시:-83
17:35:25  RSSI평활:-82.8
17:35:25  RSSI샘플:18432
17:35:25  RSSI경과ms:316
17:35:25  위험송신:18428
17:35:25  시각ms:2011325
17:35:25  IMU시각ms:2011325
17:35:25  위험:0
17:35:25  원시위험:0
17:35:25  GPS유효:0
17:35:25  위도:0.000000
17:35:25  경도:0.000000
17:35:25  속도:0.00
17:35:25  방향:0.0
17:35:25  GPS원시속도:1.158
17:35:25  GPS원시방향유효:1
17:35:25  GPS원시방향:183.4
17:35:25  가속도:3.95,3.91,10.02
17:35:25  자이로:-5.4,-12.9,-0.9
17:35:25  자력계:1.800,0.750,-2.550
17:35:25  충격값:5.14
17:35:25  송신:19490
17:35:25  지팡이수신:18432
17:35:25  GPS위성:6
17:35:25  GPS_HDOP:1.40
17:35:25  원시위도:37.496433
17:35:25  원시경도:126.958145
17:35:25  GPS채택:1396
17:35:25  GPS이상치거부:35
17:35:25  GPS품질거부:84
17:35:25  GPS재기준:8
17:35:25  계산거리:33.89
17:35:25  접근속도:0.00
17:35:25  TTC:999.00
17:35:25  방향오차:-169.0
17:35:25  전방여부:0
17:35:25  위험음성횟수:0
17:35:25  충격음성횟수:2
17:35:25  마지막위험음성:0
17:35:25  RSSI원시:-83
17:35:25  RSSI평활:-82.8
17:35:25  RSSI샘플:18432
17:35:25  RSSI경과ms:566
17:35:25  위험송신:18428
17:35:25  시각ms:2011775
17:35:25  IMU시각ms:2011775
17:35:25  위험:0
17:35:25  원시위험:0
17:35:25  GPS유효:0
17:35:25  위도:0.000000
17:35:25  경도:0.000000
17:35:25  속도:0.00
17:35:25  방향:0.0
17:35:25  GPS원시속도:1.158
17:35:25  GPS원시방향유효:1
17:35:25  GPS원시방향:183.4
17:35:25  가속도:-1.02,-0.71,5.33
17:35:25  자이로:-31.0,-9.8,1.2
17:35:25  자력계:6.000,1.500,-1.800
17:35:25  충격값:3.84
17:35:25  송신:19495
17:35:25  지팡이수신:18432
17:35:25  GPS위성:6
17:35:25  GPS_HDOP:1.40
17:35:25  원시위도:37.496433
17:35:25  원시경도:126.958145
17:35:25  GPS채택:1396
17:35:25  GPS이상치거부:35
17:35:25  GPS품질거부:84
17:35:25  GPS재기준:8
17:35:25  계산거리:33.89
17:35:25  접근속도:0.00
17:35:25  TTC:999.00
17:35:25  방향오차:-169.0
17:35:25  전방여부:0
17:35:25  위험음성횟수:0
17:35:25  충격음성횟수:2
17:35:25  마지막위험음성:0
17:35:25  RSSI원시:-83
17:35:25  RSSI평활:-82.8
17:35:25  RSSI샘플:18432
17:35:25  RSSI경과ms:1016
17:35:25  위험송신:18428
17:35:26  시각ms:2011875
17:35:26  IMU시각ms:2011875
17:35:26  위험:0
17:35:26  원시위험:0
17:35:26  GPS유효:0
17:35:26  위도:0.000000
17:35:26  경도:0.000000
17:35:26  속도:0.00
17:35:26  방향:0.0
17:35:26  GPS원시속도:1.158
17:35:26  GPS원시방향유효:1
17:35:26  GPS원시방향:183.4
17:35:26  가속도:-3.33,-6.38,11.90
17:35:26  자이로:39.5,17.1,-36.7
17:35:26  자력계:5.850,-0.450,-4.200
17:35:26  충격값:8.15
17:35:26  송신:19496
17:35:26  지팡이수신:18432
17:35:26  GPS위성:6
17:35:26  GPS_HDOP:1.40
17:35:26  원시위도:37.496433
17:35:26  원시경도:126.958145
17:35:26  GPS채택:1396
17:35:26  GPS이상치거부:35
17:35:26  GPS품질거부:84
17:35:26  GPS재기준:8
17:35:26  계산거리:33.89
17:35:26  접근속도:0.00
17:35:26  TTC:999.00
17:35:26  방향오차:-169.0
17:35:26  전방여부:0
17:35:26  위험음성횟수:0
17:35:26  충격음성횟수:2
17:35:26  마지막위험음성:0
17:35:26  RSSI원시:-83
17:35:26  RSSI평활:-82.8
17:35:26  RSSI샘플:18432
17:35:26  RSSI경과ms:1116
17:35:26  위험송신:18428
