17:28:32  시각ms:1587088
17:28:32  IMU시각ms:1587088
17:28:32  위험:0
17:28:32  GPS유효:1
17:28:32  위도:37.496613
17:28:32  경도:126.957878
17:28:32  속도:0.018
17:28:32  방향:188.0
17:28:32  GPS원시속도:0.021
17:28:32  GPS원시방향유효:1
17:28:32  GPS원시방향:187.0
17:28:32  가속도:4.080,-6.014,6.661
17:28:32  자이로:-1.725,-2.069,-1.389
17:28:32  자력계:-13.200,12.450,0.150
17:28:32  송신:15496
17:28:32  GPS위성:7
17:28:32  GPS_HDOP:1.23
17:28:32  원시위도:37.496615
17:28:32  원시경도:126.957876
17:28:32  GPS채택:2086
17:28:32  GPS이상치거부:8
17:28:32  GPS품질거부:191
17:28:32  GPS재기준:1
17:28:32  RSSI원시:-85
17:28:32  RSSI평활:-84.5
17:28:32  RSSI샘플:29882
17:28:32  RSSI경과ms:7
17:28:32  차량수신:14832
17:28:33  시각ms:1587940
17:28:33  IMU시각ms:1587940
17:28:33  위험:0
17:28:33  GPS유효:1
17:28:33  위도:37.496616
17:28:33  경도:126.957878
17:28:33  속도:0.019
17:28:33  방향:188.0
17:28:33  GPS원시속도:0.021
17:28:33  GPS원시방향유효:1
17:28:33  GPS원시방향:187.0
17:28:33  가속도:3.965,-6.096,6.732
17:28:33  자이로:-1.832,0.763,0.962
17:28:33  자력계:-14.700,13.950,-0.450
17:28:33  송신:15505
17:28:33  GPS위성:7
17:28:33  GPS_HDOP:1.23
17:28:33  원시위도:37.496617
17:28:33  원시경도:126.957876
17:28:33  GPS채택:2088
17:28:33  GPS이상치거부:8
17:28:33  GPS품질거부:191
17:28:33  GPS재기준:1
17:28:33  RSSI원시:-88
17:28:33  RSSI평활:-86.4
17:28:33  RSSI샘플:29891
17:28:33  RSSI경과ms:108
17:28:33  차량수신:14836
17:28:33  시각ms:1588084
17:28:33  IMU시각ms:1588084
17:28:33  위험:0
17:28:33  GPS유효:1
17:28:33  위도:37.496616
17:28:33  경도:126.957878
17:28:33  속도:0.019
17:28:33  방향:188.0
17:28:33  GPS원시속도:0.021
17:28:33  GPS원시방향유효:1
17:28:33  GPS원시방향:187.0
17:28:33  가속도:4.051,-6.062,6.713
17:28:33  자이로:-1.351,-1.183,1.183
17:28:33  자력계:-13.500,12.600,-1.350
17:28:33  송신:15506
17:28:33  GPS위성:7
17:28:33  GPS_HDOP:1.23
17:28:33  원시위도:37.496617
17:28:33  원시경도:126.957876
17:28:33  GPS채택:2088
17:28:33  GPS이상치거부:8
17:28:33  GPS품질거부:191
17:28:33  GPS재기준:1
17:28:33  RSSI원시:-94
17:28:33  RSSI평활:-88.0
17:28:33  RSSI샘플:29893
17:28:33  RSSI경과ms:57
17:28:33  차량수신:14836
17:28:33  시각ms:1588161
17:28:33  IMU시각ms:1588161
17:28:33  위험:0
17:28:33  GPS유효:1
17:28:33  위도:37.496616
17:28:33  경도:126.957878
17:28:33  속도:0.019
17:28:33  방향:188.0
17:28:33  GPS원시속도:0.021
17:28:33  GPS원시방향유효:1
17:28:33  GPS원시방향:187.0
17:28:33  가속도:4.041,-6.067,6.694
17:28:33  자이로:-1.939,-3.015,-1.336
17:28:33  자력계:-13.650,13.500,-0.900
17:28:33  송신:15507
17:28:33  GPS위성:7
17:28:33  GPS_HDOP:1.23
17:28:33  원시위도:37.496617
17:28:33  원시경도:126.957876
17:28:33  GPS채택:2088
17:28:33  GPS이상치거부:8
17:28:33  GPS품질거부:191
17:28:33  GPS재기준:1
17:28:33  RSSI원시:-88
17:28:33  RSSI평활:-88.0
17:28:33  RSSI샘플:29894
17:28:33  RSSI경과ms:24
17:28:33  차량수신:14836
17:28:33  시각ms:1588446
17:28:33  IMU시각ms:1588434
17:28:33  위험:0
17:28:33  GPS유효:1
17:28:34  위도:37.496616
17:28:34  경도:126.957878
17:28:34  속도:0.019
17:28:34  방향:188.0
17:28:34  GPS원시속도:0.021
17:28:34  GPS원시방향유효:1
17:28:34  GPS원시방향:187.0
17:28:34  가속도:4.094,-6.076,6.661
17:28:34  자이로:-0.527,0.168,1.183
17:28:34  자력계:-13.050,13.800,0.600
17:28:34  송신:15510
17:28:34  GPS위성:7
17:28:34  GPS_HDOP:1.23
17:28:34  원시위도:37.496617
17:28:34  원시경도:126.957876
17:28:34  GPS채택:2088
17:28:34  GPS이상치거부:8
17:28:34  GPS품질거부:191
17:28:34  GPS재기준:1
17:28:34  RSSI원시:-86
17:28:34  RSSI평활:-87.6
17:28:34  RSSI샘플:29896
17:28:34  RSSI경과ms:11
17:28:34  차량수신:14837
17:28:34  시각ms:1588454
17:28:34  IMU시각ms:1588454
17:28:34  위험:0
17:28:34  GPS유효:1
17:28:34  위도:37.496616
17:28:34  경도:126.957878
17:28:34  속도:0.019
17:28:34  방향:188.0
17:28:34  GPS원시속도:0.021
17:28:34  GPS원시방향유효:1
17:28:34  GPS원시방향:187.0
17:28:34  가속도:4.032,-6.072,6.776
17:28:34  자이로:-2.267,0.901,-0.725
17:28:34  자력계:-14.400,13.500,-0.450
17:28:34  송신:15510
17:28:34  GPS위성:7
17:28:34  GPS_HDOP:1.23
17:28:34  원시위도:37.496617
17:28:34  원시경도:126.957876
17:28:34  GPS채택:2088
17:28:34  GPS이상치거부:8
17:28:34  GPS품질거부:191
17:28:34  GPS재기준:1
17:28:34  RSSI원시:-86
17:28:34  RSSI평활:-87.6
17:28:34  RSSI샘플:29896
17:28:34  RSSI경과ms:19
17:28:34  차량수신:14837
17:28:34  시각ms:1588476
17:28:34  IMU시각ms:1588476
17:28:34  위험:0
17:28:34  GPS유효:1
17:28:34  위도:37.496616
17:28:34  경도:126.957878
17:28:34  속도:0.019
17:28:34  방향:188.0
17:28:34  GPS원시속도:0.021
17:28:34  GPS원시방향유효:1
17:28:34  GPS원시방향:187.0
17:28:34  가속도:4.070,-6.014,6.709
17:28:34  자이로:-1.450,-1.733,-0.023
17:28:34  자력계:-13.950,13.200,-0.150
17:28:34  송신:15510
17:28:34  GPS위성:7
17:28:34  GPS_HDOP:1.23
17:28:34  원시위도:37.496617
17:28:34  원시경도:126.957876
17:28:34  GPS채택:2088
17:28:34  GPS이상치거부:8
17:28:34  GPS품질거부:191
17:28:34  GPS재기준:1
17:28:34  RSSI원시:-83
17:28:34  RSSI평활:-86.7
17:28:34  RSSI샘플:29897
17:28:34  RSSI경과ms:7
17:28:34  차량수신:14837
17:28:34  시각ms:1588498
17:28:34  IMU시각ms:1588498
17:28:34  위험:0
17:28:34  GPS유효:1
17:28:34  위도:37.496616
17:28:34  경도:126.957878
17:28:34  속도:0.019
17:28:34  방향:188.0
17:28:34  GPS원시속도:0.021
17:28:34  GPS원시방향유효:1
17:28:34  GPS원시방향:187.0
17:28:34  가속도:4.094,-6.072,6.685
17:28:34  자이로:-1.710,-0.878,2.053
17:28:34  자력계:-14.250,12.300,-0.300
17:28:34  송신:15510
17:28:34  GPS위성:7
17:28:34  GPS_HDOP:1.23
17:28:34  원시위도:37.496617
17:28:34  원시경도:126.957876
17:28:34  GPS채택:2088
17:28:34  GPS이상치거부:8
17:28:34  GPS품질거부:191
17:28:34  GPS재기준:1
17:28:34  RSSI원시:-83
17:28:34  RSSI평활:-86.7
17:28:34  RSSI샘플:29897
17:28:34  RSSI경과ms:29
17:28:34  차량수신:14837
17:28:34  시각ms:1589078
17:28:34  IMU시각ms:1589078
17:28:34  위험:0
17:28:34  GPS유효:1
17:28:34  위도:37.496620
17:28:34  경도:126.957878
17:28:34  속도:0.014
17:28:34  방향:188.0
17:28:34  GPS원시속도:0.010
17:28:34  GPS원시방향유효:1
17:28:34  GPS원시방향:187.0
17:28:34  가속도:4.017,-5.880,6.680
17:28:34  자이로:-0.397,0.931,0.336
17:28:34  자력계:-14.400,13.200,0.450
17:28:34  송신:15516
17:28:34  GPS위성:7
17:28:34  GPS_HDOP:1.23
17:28:34  원시위도:37.496619
17:28:34  원시경도:126.957876
17:28:34  GPS채택:2090
17:28:34  GPS이상치거부:8
17:28:34  GPS품질거부:191
17:28:34  GPS재기준:1
17:28:34  RSSI원시:-81
17:28:34  RSSI평활:-82.9
17:28:34  RSSI샘플:29906
17:28:34  RSSI경과ms:20
17:28:34  차량수신:14843
17:28:35  시각ms:1589421
17:28:35  IMU시각ms:1589421
17:28:35  위험:0
17:28:35  GPS유효:1
17:28:35  위도:37.496620
17:28:35  경도:126.957878
17:28:35  속도:0.014
17:28:35  방향:188.0
17:28:35  GPS원시속도:0.010
17:28:35  GPS원시방향유효:1
17:28:35  GPS원시방향:187.0
17:28:35  가속도:4.075,-6.048,6.843
17:28:35  자이로:-1.458,-0.863,0.427
17:28:35  자력계:-13.200,13.200,0.150
17:28:35  송신:15519
17:28:35  GPS위성:7
17:28:35  GPS_HDOP:1.23
17:28:35  원시위도:37.496619
17:28:35  원시경도:126.957876
17:28:35  GPS채택:2090
17:28:35  GPS이상치거부:8
17:28:35  GPS품질거부:191
17:28:35  GPS재기준:1
17:28:35  RSSI원시:-80
17:28:35  RSSI평활:-80.6
17:28:35  RSSI샘플:29910
17:28:35  RSSI경과ms:53
17:28:35  차량수신:14844
17:28:35  시각ms:1589896
17:28:35  IMU시각ms:1589896
17:28:35  위험:0
17:28:35  GPS유효:1
17:28:35  위도:37.496620
17:28:35  경도:126.957878
17:28:35  속도:0.015
17:28:35  방향:188.0
17:28:35  GPS원시속도:0.015
17:28:35  GPS원시방향유효:1
17:28:35  GPS원시방향:187.0
17:28:35  가속도:4.085,-5.986,6.828
17:28:35  자이로:-2.198,-2.481,-0.328
17:28:35  자력계:-13.200,12.600,0.600
17:28:35  송신:15524
17:28:35  GPS위성:7
17:28:35  GPS_HDOP:1.23
17:28:35  원시위도:37.496622
17:28:35  원시경도:126.957876
17:28:35  GPS채택:2092
17:28:35  GPS이상치거부:8
17:28:35  GPS품질거부:191
17:28:35  GPS재기준:1
17:28:35  RSSI원시:-84
17:28:35  RSSI평활:-81.0
17:28:35  RSSI샘플:29919
17:28:35  RSSI경과ms:23
17:28:35  차량수신:14848
17:28:35  시각ms:1589975
17:28:35  IMU시각ms:1589975
17:28:35  위험:0
17:28:35  GPS유효:1
17:28:35  위도:37.496620
17:28:35  경도:126.957878
17:28:35  속도:0.015
17:28:35  방향:188.0
17:28:35  GPS원시속도:0.015
17:28:35  GPS원시방향유효:1
17:28:35  GPS원시방향:187.0
17:28:35  가속도:4.075,-6.043,6.709
17:28:35  자이로:-1.099,-2.389,1.977
17:28:35  자력계:-13.650,11.700,0.900
17:28:35  송신:15525
17:28:35  GPS위성:7
17:28:35  GPS_HDOP:1.23
17:28:35  원시위도:37.496622
17:28:35  원시경도:126.957876
17:28:35  GPS채택:2092
17:28:35  GPS이상치거부:8
17:28:35  GPS품질거부:191
17:28:35  GPS재기준:1
17:28:35  RSSI원시:-83
17:28:35  RSSI평활:-81.4
17:28:35  RSSI샘플:29920
17:28:35  RSSI경과ms:77
17:28:35  차량수신:14849
17:28:35  시각ms:1590204
17:28:35  IMU시각ms:1590204
17:28:35  위험:0
17:28:35  GPS유효:1
17:28:35  위도:37.496620
17:28:35  경도:126.957878
17:28:35  속도:0.015
17:28:35  방향:188.0
17:28:35  GPS원시속도:0.015
17:28:35  GPS원시방향유효:1
17:28:35  GPS원시방향:187.0
17:28:35  가속도:3.946,-6.057,6.718
17:28:35  자이로:-2.580,-1.206,0.710
17:28:35  자력계:-14.400,12.000,0.450
17:28:35  송신:15527
17:28:35  GPS위성:7
17:28:35  GPS_HDOP:1.23
17:28:35  원시위도:37.496622
17:28:35  원시경도:126.957876
17:28:35  GPS채택:2092
17:28:35  GPS이상치거부:8
17:28:35  GPS품질거부:191
17:28:35  GPS재기준:1
17:28:35  RSSI원시:-84
17:28:35  RSSI평활:-81.2
17:28:35  RSSI샘플:29923
17:28:35  RSSI경과ms:32
17:28:35  차량수신:14850
17:28:35  시각ms:1590325
17:28:35  IMU시각ms:1590325
17:28:35  위험:0
17:28:35  GPS유효:1
17:28:35  위도:37.496620
17:28:35  경도:126.957878
17:28:35  속도:0.015
17:28:35  방향:188.0
17:28:35  GPS원시속도:0.015
17:28:35  GPS원시방향유효:1
17:28:35  GPS원시방향:187.0
17:28:35  가속도:4.089,-6.067,6.618
17:28:35  자이로:-2.221,0.260,0.237
17:28:35  자력계:-12.750,13.050,0.600
17:28:35  송신:15528
17:28:35  GPS위성:7
17:28:35  GPS_HDOP:1.23
17:28:35  원시위도:37.496622
17:28:35  원시경도:126.957876
17:28:35  GPS채택:2092
17:28:35  GPS이상치거부:8
17:28:35  GPS품질거부:191
17:28:35  GPS재기준:1
17:28:35  RSSI원시:-81
17:28:35  RSSI평활:-81.3
17:28:35  RSSI샘플:29925
17:28:35  RSSI경과ms:10
17:28:35  차량수신:14851
17:28:36  시각ms:1590894
17:28:36  IMU시각ms:1590894
17:28:36  위험:0
17:28:36  GPS유효:1
17:28:36  위도:37.496624
17:28:36  경도:126.957878
17:28:36  속도:0.009
17:28:36  방향:188.0
17:28:36  GPS원시속도:0.005
17:28:36  GPS원시방향유효:1
17:28:36  GPS원시방향:187.0
17:28:36  가속도:4.137,-6.148,6.694
17:28:36  자이로:1.427,-2.695,-1.046
17:28:36  자력계:-13.800,14.550,0.600
17:28:36  송신:15534
17:28:36  GPS위성:7
17:28:36  GPS_HDOP:1.23
17:28:36  원시위도:37.496623
17:28:36  원시경도:126.957876
17:28:36  GPS채택:2094
17:28:36  GPS이상치거부:8
17:28:36  GPS품질거부:191
17:28:36  GPS재기준:1
17:28:36  RSSI원시:-80
17:28:36  RSSI평활:-79.6
17:28:36  RSSI샘플:29935
17:28:36  RSSI경과ms:3
17:28:36  차량수신:14856
17:28:36  시각ms:1591268
17:28:36  IMU시각ms:1591268
17:28:36  위험:0
17:28:36  GPS유효:1
17:28:36  위도:37.496624
17:28:36  경도:126.957878
17:28:36  속도:0.009
17:28:36  방향:188.0
17:28:36  GPS원시속도:0.005
17:28:36  GPS원시방향유효:1
17:28:36  GPS원시방향:187.0
17:28:36  가속도:4.137,-6.053,6.656
17:28:36  자이로:-0.786,-2.229,2.397
17:28:36  자력계:-13.200,13.200,1.200
17:28:36  송신:15537
17:28:36  GPS위성:7
17:28:36  GPS_HDOP:1.23
17:28:36  원시위도:37.496623
17:28:36  원시경도:126.957876
17:28:36  GPS채택:2094
17:28:36  GPS이상치거부:8
17:28:36  GPS품질거부:191
17:28:36  GPS재기준:1
17:28:36  RSSI원시:-81
17:28:36  RSSI평활:-80.6
17:28:36  RSSI샘플:29942
17:28:36  RSSI경과ms:8
17:28:36  차량수신:14860
17:28:36  시각ms:1591323
17:28:36  IMU시각ms:1591323
17:28:36  위험:0
17:28:36  GPS유효:1
17:28:36  위도:37.496624
17:28:36  경도:126.957878
17:28:36  속도:0.009
17:28:36  방향:188.0
17:28:36  GPS원시속도:0.005
17:28:36  GPS원시방향유효:1
17:28:36  GPS원시방향:187.0
17:28:36  가속도:4.108,-6.014,6.689
17:28:36  자이로:-1.176,-3.076,-0.397
17:28:36  자력계:-12.750,12.600,-0.300
17:28:36  송신:15538
17:28:36  GPS위성:7
17:28:36  GPS_HDOP:1.23
17:28:36  원시위도:37.496623
17:28:36  원시경도:126.957876
17:28:36  GPS채택:2094
17:28:36  GPS이상치거부:8
17:28:36  GPS품질거부:191
17:28:36  GPS재기준:1
17:28:36  RSSI원시:-82
17:28:36  RSSI평활:-80.9
17:28:36  RSSI샘플:29943
17:28:36  RSSI경과ms:10
17:28:36  차량수신:14860
17:28:37  시각ms:1591409
17:28:37  IMU시각ms:1591409
17:28:37  위험:0
17:28:37  GPS유효:1
17:28:37  위도:37.496624
17:28:37  경도:126.957878
17:28:37  속도:0.009
17:28:37  방향:188.0
17:28:37  GPS원시속도:0.005
17:28:37  GPS원시방향유효:1
17:28:37  GPS원시방향:187.0
17:28:37  가속도:4.041,-6.067,6.709
17:28:37  자이로:-1.542,-2.382,0.229
17:28:37  자력계:-13.200,13.500,-0.150
17:28:37  송신:15539
17:28:37  GPS위성:7
17:28:37  GPS_HDOP:1.23
17:28:37  원시위도:37.496623
17:28:37  원시경도:126.957876
17:28:37  GPS채택:2094
17:28:37  GPS이상치거부:8
17:28:37  GPS품질거부:191
17:28:37  GPS재기준:1
17:28:37  RSSI원시:-82
17:28:37  RSSI평활:-81.6
17:28:37  RSSI샘플:29945
17:28:37  RSSI경과ms:11
17:28:37  차량수신:14861
17:28:37  시각ms:1591431
17:28:37  IMU시각ms:1591431
17:28:37  위험:0
17:28:37  GPS유효:1
17:28:37  위도:37.496624
17:28:37  경도:126.957878
17:28:37  속도:0.009
17:28:37  방향:188.0
17:28:37  GPS원시속도:0.005
17:28:37  GPS원시방향유효:1
17:28:37  GPS원시방향:187.0
17:28:37  가속도:4.041,-6.100,6.613
17:28:37  자이로:2.145,-1.145,-0.168
17:28:37  자력계:-14.400,15.450,-0.150
17:28:37  송신:15539
17:28:37  GPS위성:7
17:28:37  GPS_HDOP:1.23
17:28:37  원시위도:37.496623
17:28:37  원시경도:126.957876
17:28:37  GPS채택:2094
17:28:37  GPS이상치거부:8
17:28:37  GPS품질거부:191
17:28:37  GPS재기준:1
17:28:37  RSSI원시:-82
17:28:37  RSSI평활:-81.6
17:28:37  RSSI샘플:29945
17:28:37  RSSI경과ms:33
17:28:37  차량수신:14861
17:28:37  시각ms:1591633
17:28:37  IMU시각ms:1591633
17:28:37  위험:0
17:28:37  GPS유효:1
17:28:37  위도:37.496624
17:28:37  경도:126.957878
17:28:37  속도:0.015
17:28:37  방향:188.0
17:28:37  GPS원시속도:0.026
17:28:37  GPS원시방향유효:1
17:28:37  GPS원시방향:187.0
17:28:37  가속도:4.128,-6.043,6.704
17:28:37  자이로:1.275,0.542,-0.290
17:28:37  자력계:-15.300,11.850,0.300
17:28:37  송신:15541
17:28:37  GPS위성:7
17:28:37  GPS_HDOP:1.23
17:28:37  원시위도:37.496626
17:28:37  원시경도:126.957876
17:28:37  GPS채택:2095
17:28:37  GPS이상치거부:8
17:28:37  GPS품질거부:191
17:28:37  GPS재기준:1
17:28:37  RSSI원시:-85
17:28:37  RSSI평활:-82.8
17:28:37  RSSI샘플:29949
17:28:37  RSSI경과ms:26
17:28:37  차량수신:14863
17:28:37  시각ms:1591677
17:28:37  IMU시각ms:1591677
17:28:37  위험:0
17:28:37  GPS유효:1
17:28:37  위도:37.496624
17:28:37  경도:126.957878
17:28:37  속도:0.019
17:28:37  방향:188.0
17:28:37  GPS원시속도:0.026
17:28:37  GPS원시방향유효:1
17:28:37  GPS원시방향:187.0
17:28:37  가속도:4.156,-6.009,6.747
17:28:37  자이로:-0.672,-2.229,-0.321
17:28:37  자력계:-13.950,14.400,0.450
17:28:37  송신:15541
17:28:37  GPS위성:7
17:28:37  GPS_HDOP:1.23
17:28:37  원시위도:37.496626
17:28:37  원시경도:126.957876
17:28:37  GPS채택:2096
17:28:37  GPS이상치거부:8
17:28:37  GPS품질거부:191
17:28:37  GPS재기준:1
17:28:37  RSSI원시:-86
17:28:37  RSSI평활:-83.4
17:28:37  RSSI샘플:29950
17:28:37  RSSI경과ms:4
17:28:37  차량수신:14864
17:28:37  시각ms:1592136
17:28:37  IMU시각ms:1592136
17:28:37  위험:0
17:28:37  GPS유효:1
17:28:37  위도:37.496624
17:28:37  경도:126.957878
17:28:37  속도:0.019
17:28:37  방향:188.0
17:28:37  GPS원시속도:0.026
17:28:37  GPS원시방향유효:1
17:28:37  GPS원시방향:187.0
17:28:37  가속도:4.022,-5.880,6.709
17:28:37  자이로:-0.748,-2.924,-1.420
17:28:37  자력계:-13.800,14.100,-0.600
17:28:37  송신:15546
17:28:37  GPS위성:7
17:28:37  GPS_HDOP:1.23
17:28:37  원시위도:37.496626
17:28:37  원시경도:126.957876
17:28:37  GPS채택:2096
17:28:37  GPS이상치거부:8
17:28:37  GPS품질거부:191
17:28:37  GPS재기준:1
17:28:37  RSSI원시:-85
17:28:37  RSSI평활:-84.5
17:28:37  RSSI샘플:29955
17:28:37  RSSI경과ms:22
17:28:37  차량수신:14866
17:28:37  시각ms:1592451
17:28:37  IMU시각ms:1592451
17:28:37  위험:0
17:28:37  GPS유효:1
17:28:37  위도:37.496624
17:28:37  경도:126.957878
17:28:37  속도:0.019
17:28:37  방향:188.0
17:28:37  GPS원시속도:0.026
17:28:37  GPS원시방향유효:1
17:28:37  GPS원시방향:187.0
17:28:37  가속도:4.022,-6.115,6.804
17:28:37  자이로:1.061,-2.855,-0.710
17:28:37  자력계:-12.300,13.350,-1.050
17:28:37  송신:15549
17:28:37  GPS위성:7
17:28:37  GPS_HDOP:1.23
17:28:37  원시위도:37.496626
17:28:37  원시경도:126.957876
17:28:37  GPS채택:2096
17:28:37  GPS이상치거부:8
17:28:37  GPS품질거부:191
17:28:37  GPS재기준:1
17:28:37  RSSI원시:-84
17:28:37  RSSI평활:-83.9
17:28:37  RSSI샘플:29961
17:28:37  RSSI경과ms:33
17:28:37  차량수신:14869
17:28:37  시각ms:1592473
17:28:37  IMU시각ms:1592473
17:28:37  위험:0
17:28:37  GPS유효:1
17:28:37  위도:37.496624
17:28:37  경도:126.957878
17:28:37  속도:0.019
17:28:37  방향:188.0
17:28:37  GPS원시속도:0.026
17:28:37  GPS원시방향유효:1
17:28:37  GPS원시방향:187.0
17:28:37  가속도:3.994,-5.995,6.737
17:28:37  자이로:0.122,-0.450,1.206
17:28:37  자력계:-13.650,13.500,0.150
17:28:37  송신:15549
17:28:37  GPS위성:7
17:28:37  GPS_HDOP:1.23
17:28:37  원시위도:37.496626
17:28:37  원시경도:126.957876
17:28:37  GPS채택:2096
17:28:37  GPS이상치거부:8
17:28:37  GPS품질거부:191
17:28:37  GPS재기준:1
17:28:37  RSSI원시:-84
17:28:37  RSSI평활:-83.9
17:28:37  RSSI샘플:29961
17:28:37  RSSI경과ms:55
17:28:37  차량수신:14869
17:28:38  시각ms:1592552
17:28:38  IMU시각ms:1592552
17:28:38  위험:0
17:28:38  GPS유효:1
17:28:38  위도:37.496624
17:28:38  경도:126.957878
17:28:38  속도:0.021
17:28:38  방향:188.0
17:28:38  GPS원시속도:0.026
17:28:38  GPS원시방향유효:1
17:28:38  GPS원시방향:187.0
17:28:38  가속도:4.089,-6.048,6.833
17:28:38  자이로:-0.947,0.573,-0.656
17:28:38  자력계:-14.400,13.200,-0.150
17:28:38  송신:15550
17:28:38  GPS위성:7
17:28:38  GPS_HDOP:1.23
17:28:38  원시위도:37.496627
17:28:38  원시경도:126.957877
17:28:38  GPS채택:2097
17:28:38  GPS이상치거부:8
17:28:38  GPS품질거부:191
17:28:38  GPS재기준:1
17:28:38  RSSI원시:-82
17:28:38  RSSI평활:-83.2
17:28:38  RSSI샘플:29963
17:28:38  RSSI경과ms:31
17:28:38  차량수신:14870
17:28:38  시각ms:1592854
17:28:38  IMU시각ms:1592854
17:28:38  위험:0
17:28:38  GPS유효:1
17:28:38  위도:37.496628
17:28:38  경도:126.957878
17:28:38  속도:0.023
17:28:38  방향:188.0
17:28:38  GPS원시속도:0.026
17:28:38  GPS원시방향유효:1
17:28:38  GPS원시방향:187.0
17:28:38  가속도:4.037,-6.081,6.795
17:28:38  자이로:-3.763,0.977,-1.053
17:28:38  자력계:-14.250,11.100,-2.100
17:28:38  송신:15553
17:28:38  GPS위성:8
17:28:38  GPS_HDOP:1.23
17:28:38  원시위도:37.496627
17:28:38  원시경도:126.957877
17:28:38  GPS채택:2098
17:28:38  GPS이상치거부:8
17:28:38  GPS품질거부:191
17:28:38  GPS재기준:1
17:28:38  RSSI원시:-83
17:28:38  RSSI평활:-84.1
17:28:38  RSSI샘플:29969
17:28:38  RSSI경과ms:31
17:28:38  차량수신:14873
17:28:38  시각ms:1592955
17:28:38  IMU시각ms:1592955
17:28:38  위험:0
17:28:38  GPS유효:1
17:28:38  위도:37.496628
17:28:38  경도:126.957878
17:28:38  속도:0.023
17:28:38  방향:188.0
17:28:38  GPS원시속도:0.026
17:28:38  GPS원시방향유효:1
17:28:38  GPS원시방향:187.0
17:28:38  가속도:4.017,-6.024,6.814
17:28:38  자이로:-2.847,-0.725,1.267
17:28:38  자력계:-13.500,13.350,-0.600
17:28:38  송신:15554
17:28:38  GPS위성:8
17:28:38  GPS_HDOP:1.23
17:28:38  원시위도:37.496627
17:28:38  원시경도:126.957877
17:28:38  GPS채택:2098
17:28:38  GPS이상치거부:8
17:28:38  GPS품질거부:191
17:28:38  GPS재기준:1
17:28:38  RSSI원시:-81
17:28:38  RSSI평활:-83.4
17:28:38  RSSI샘플:29970
17:28:38  RSSI경과ms:44
17:28:38  차량수신:14874
17:28:38  시각ms:1593132
17:28:38  IMU시각ms:1593132
17:28:38  위험:0
17:28:38  GPS유효:1
17:28:38  위도:37.496628
17:28:38  경도:126.957878
17:28:38  속도:0.023
17:28:38  방향:188.0
17:28:38  GPS원시속도:0.026
17:28:38  GPS원시방향유효:1
17:28:38  GPS원시방향:187.0
17:28:38  가속도:4.065,-6.053,6.713
17:28:38  자이로:-0.817,-0.473,-0.412
17:28:38  자력계:-13.200,13.200,1.500
17:28:38  송신:15556
17:28:38  GPS위성:8
17:28:38  GPS_HDOP:1.23
17:28:38  원시위도:37.496627
17:28:38  원시경도:126.957877
17:28:38  GPS채택:2098
17:28:38  GPS이상치거부:8
17:28:38  GPS품질거부:191
17:28:38  GPS재기준:1
17:28:38  RSSI원시:-89
17:28:38  RSSI평활:-83.4
17:28:38  RSSI샘플:29973
17:28:38  RSSI경과ms:13
17:28:38  차량수신:14875
17:28:38  시각ms:1593198
17:28:38  IMU시각ms:1593198
17:28:38  위험:0
17:28:38  GPS유효:1
17:28:38  위도:37.496628
17:28:38  경도:126.957878
17:28:38  속도:0.023
17:28:38  방향:188.0
17:28:38  GPS원시속도:0.026
17:28:38  GPS원시방향유효:1
17:28:38  GPS원시방향:187.0
17:28:38  가속도:4.056,-6.029,6.704
17:28:38  자이로:-0.145,-1.176,-0.450
17:28:38  자력계:-13.050,12.300,-1.050
17:28:38  송신:15556
17:28:38  GPS위성:8
17:28:38  GPS_HDOP:1.23
17:28:38  원시위도:37.496627
17:28:38  원시경도:126.957877
17:28:38  GPS채택:2098
17:28:38  GPS이상치거부:8
17:28:38  GPS품질거부:191
17:28:38  GPS재기준:1
17:28:38  RSSI원시:-89
17:28:38  RSSI평활:-83.4
17:28:38  RSSI샘플:29973
17:28:38  RSSI경과ms:79
17:28:38  차량수신:14875
17:28:38  시각ms:1593262
17:28:38  IMU시각ms:1593262
17:28:38  위험:0
17:28:38  GPS유효:1
17:28:38  위도:37.496628
17:28:38  경도:126.957878
17:28:38  속도:0.023
17:28:38  방향:188.0
17:28:38  GPS원시속도:0.026
17:28:38  GPS원시방향유효:1
17:28:38  GPS원시방향:187.0
17:28:38  가속도:4.061,-6.057,6.800
17:28:38  자이로:-0.214,-0.656,-0.397
17:28:38  자력계:-13.500,13.350,-0.600
17:28:38  송신:15557
17:28:38  GPS위성:8
17:28:38  GPS_HDOP:1.23
17:28:38  원시위도:37.496627
17:28:38  원시경도:126.957877
17:28:38  GPS채택:2098
17:28:38  GPS이상치거부:8
17:28:38  GPS품질거부:191
17:28:38  GPS재기준:1
17:28:38  RSSI원시:-80
17:28:38  RSSI평활:-82.7
17:28:38  RSSI샘플:29974
17:28:38  RSSI경과ms:33
17:28:38  차량수신:14875
17:28:38  시각ms:1593405
17:28:38  IMU시각ms:1593405
17:28:38  위험:0
17:28:38  GPS유효:1
17:28:38  위도:37.496628
17:28:38  경도:126.957878
17:28:38  속도:0.023
17:28:38  방향:188.0
17:28:38  GPS원시속도:0.026
17:28:38  GPS원시방향유효:1
17:28:38  GPS원시방향:187.0
17:28:38  가속도:4.027,-6.009,6.732
17:28:38  자이로:-0.733,-1.573,0.321
17:28:38  자력계:-13.650,13.950,1.200
17:28:38  송신:15558
17:28:38  GPS위성:8
17:28:38  GPS_HDOP:1.23
17:28:38  원시위도:37.496627
17:28:38  원시경도:126.957877
17:28:38  GPS채택:2098
17:28:38  GPS이상치거부:8
17:28:38  GPS품질거부:191
17:28:38  GPS재기준:1
17:28:38  RSSI원시:-82
17:28:38  RSSI평활:-82.6
17:28:38  RSSI샘플:29975
17:28:38  RSSI경과ms:79
17:28:38  차량수신:14875
17:28:39  시각ms:1593892
17:28:39  IMU시각ms:1593892
17:28:39  위험:0
17:28:39  GPS유효:1
17:28:39  위도:37.496628
17:28:39  경도:126.957878
17:28:39  속도:0.013
17:28:39  방향:188.0
17:28:39  GPS원시속도:0.005
17:28:39  GPS원시방향유효:1
17:28:39  GPS원시방향:187.0
17:28:39  가속도:4.046,-6.053,6.742
17:28:39  자이로:0.260,0.237,-0.031
17:28:39  자력계:-14.400,13.500,0.900
17:28:39  송신:15563
17:28:39  GPS위성:8
17:28:39  GPS_HDOP:1.23
17:28:39  원시위도:37.496629
17:28:39  원시경도:126.957878
17:28:39  GPS채택:2100
17:28:39  GPS이상치거부:8
17:28:39  GPS품질거부:191
17:28:39  GPS재기준:1
17:28:39  RSSI원시:-80
17:28:39  RSSI평활:-80.0
17:28:39  RSSI샘플:29983
17:28:39  RSSI경과ms:28
17:28:39  차량수신:14879
17:28:39  시각ms:1594299
17:28:39  IMU시각ms:1594299
17:28:39  위험:0
17:28:39  GPS유효:1
17:28:39  위도:37.496628
17:28:39  경도:126.957878
17:28:39  속도:0.013
17:28:39  방향:188.0
17:28:39  GPS원시속도:0.005
17:28:39  GPS원시방향유효:1
17:28:39  GPS원시방향:187.0
17:28:39  가속도:4.075,-6.009,6.651
17:28:39  자이로:-0.832,0.878,0.756
17:28:39  자력계:-14.400,13.950,0.450
17:28:39  송신:15567
17:28:39  GPS위성:8
17:28:39  GPS_HDOP:1.23
17:28:39  원시위도:37.496629
17:28:39  원시경도:126.957878
17:28:39  GPS채택:2100
17:28:39  GPS이상치거부:8
17:28:39  GPS품질거부:191
17:28:39  GPS재기준:1
17:28:39  RSSI원시:-79
17:28:39  RSSI평활:-81.2
17:28:39  RSSI샘플:29990
17:28:39  RSSI경과ms:11
17:28:39  차량수신:14883
17:28:40  시각ms:1594376
17:28:40  IMU시각ms:1594376
17:28:40  위험:0
17:28:40  GPS유효:1
17:28:40  위도:37.496628
17:28:40  경도:126.957878
17:28:40  속도:0.013
17:28:40  방향:188.0
17:28:40  GPS원시속도:0.005
17:28:40  GPS원시방향유효:1
17:28:40  GPS원시방향:187.0
17:28:40  가속도:4.128,-6.057,6.680
17:28:40  자이로:0.481,0.702,0.489
17:28:40  자력계:-13.800,12.600,1.050
17:28:40  송신:15568
17:28:40  GPS위성:8
17:28:40  GPS_HDOP:1.23
17:28:40  원시위도:37.496629
17:28:40  원시경도:126.957878
17:28:40  GPS채택:2100
17:28:40  GPS이상치거부:8
17:28:40  GPS품질거부:191
17:28:40  GPS재기준:1
17:28:40  RSSI원시:-79
17:28:40  RSSI평활:-81.2
17:28:40  RSSI샘플:29990
17:28:40  RSSI경과ms:88
17:28:40  차량수신:14883
17:28:40  시각ms:1594933
17:28:40  IMU시각ms:1594933
17:28:40  위험:0
17:28:40  GPS유효:1
17:28:40  위도:37.496632
17:28:40  경도:126.957878
17:28:40  속도:0.011
17:28:40  방향:188.0
17:28:40  GPS원시속도:0.010
17:28:40  GPS원시방향유효:1
17:28:40  GPS원시방향:187.0
17:28:40  가속도:4.113,-6.033,6.704
17:28:40  자이로:-2.435,-1.366,-1.954
17:28:40  자력계:-14.250,10.650,-0.300
17:28:40  송신:15573
17:28:40  GPS위성:8
17:28:40  GPS_HDOP:1.23
17:28:40  원시위도:37.496631
17:28:40  원시경도:126.957878
17:28:40  GPS채택:2102
17:28:40  GPS이상치거부:8
17:28:40  GPS품질거부:191
17:28:40  GPS재기준:1
17:28:40  RSSI원시:-82
17:28:40  RSSI평활:-80.5
17:28:40  RSSI샘플:30000
17:28:40  RSSI경과ms:75
17:28:40  차량수신:14888
17:28:40  시각ms:1594990
17:28:40  IMU시각ms:1594990
17:28:40  위험:0
17:28:40  GPS유효:1
17:28:40  위도:37.496632
17:28:40  경도:126.957878
17:28:40  속도:0.011
17:28:40  방향:188.0
17:28:40  GPS원시속도:0.010
17:28:40  GPS원시방향유효:1
17:28:40  GPS원시방향:187.0
17:28:40  가속도:4.061,-6.076,6.747
17:28:40  자이로:-1.321,-0.885,2.160
17:28:40  자력계:-13.650,14.400,0.150
17:28:40  송신:15574
17:28:40  GPS위성:8
17:28:40  GPS_HDOP:1.23
17:28:40  원시위도:37.496631
17:28:40  원시경도:126.957878
17:28:40  GPS채택:2102
17:28:40  GPS이상치거부:8
17:28:40  GPS품질거부:191
17:28:40  GPS재기준:1
17:28:40  RSSI원시:-80
17:28:40  RSSI평활:-80.4
17:28:40  RSSI샘플:30001
17:28:40  RSSI경과ms:33
17:28:40  차량수신:14888
17:28:40  시각ms:1595175
17:28:40  IMU시각ms:1595175
17:28:40  위험:0
17:28:40  GPS유효:1
17:28:40  위도:37.496632
17:28:40  경도:126.957878
17:28:40  속도:0.011
17:28:40  방향:188.0
17:28:40  GPS원시속도:0.010
17:28:40  GPS원시방향유효:1
17:28:40  GPS원시방향:187.0
17:28:40  가속도:3.922,-6.038,6.709
17:28:40  자이로:-0.160,-3.534,0.015
17:28:40  자력계:-14.550,12.600,0.600
17:28:40  송신:15576
17:28:40  GPS위성:8
17:28:40  GPS_HDOP:1.23
17:28:40  원시위도:37.496631
17:28:40  원시경도:126.957878
17:28:40  GPS채택:2102
17:28:40  GPS이상치거부:8
17:28:40  GPS품질거부:191
17:28:40  GPS재기준:1
17:28:40  RSSI원시:-78
17:28:40  RSSI평활:-79.7
17:28:40  RSSI샘플:30004
17:28:40  RSSI경과ms:6
17:28:40  차량수신:14890
17:28:41  시각ms:1595448
17:28:41  IMU시각ms:1595448
17:28:41  위험:0
17:28:41  GPS유효:1
17:28:41  위도:37.496632
17:28:41  경도:126.957878
17:28:41  속도:0.011
17:28:41  방향:188.0
17:28:41  GPS원시속도:0.010
17:28:41  GPS원시방향유효:1
17:28:41  GPS원시방향:187.0
17:28:41  가속도:4.037,-6.033,6.800
17:28:41  자이로:-2.382,-0.107,-2.489
17:28:41  자력계:-13.200,14.400,0.450
17:28:41  송신:15578
17:28:41  GPS위성:8
17:28:41  GPS_HDOP:1.23
17:28:41  원시위도:37.496631
17:28:41  원시경도:126.957878
17:28:41  GPS채택:2102
17:28:41  GPS이상치거부:8
17:28:41  GPS품질거부:191
17:28:41  GPS재기준:1
17:28:41  RSSI원시:-79
17:28:41  RSSI평활:-79.0
17:28:41  RSSI샘플:30009
17:28:41  RSSI경과ms:24
17:28:41  차량수신:14893
17:28:41  시각ms:1596153
17:28:41  IMU시각ms:1596153
17:28:41  위험:0
17:28:41  GPS유효:1
17:28:41  위도:37.496632
17:28:41  경도:126.957878
17:28:41  속도:0.011
17:28:41  방향:188.0
17:28:41  GPS원시속도:0.010
17:28:41  GPS원시방향유효:1
17:28:41  GPS원시방향:187.0
17:28:41  가속도:4.061,-6.048,6.704
17:28:41  자이로:-2.863,0.252,-1.664
17:28:41  자력계:-13.500,11.400,0.300
17:28:41  송신:15585
17:28:41  GPS위성:8
17:28:41  GPS_HDOP:1.23
17:28:41  원시위도:37.496632
17:28:41  원시경도:126.957879
17:28:41  GPS채택:2104
17:28:41  GPS이상치거부:8
17:28:41  GPS품질거부:191
17:28:41  GPS재기준:1
17:28:41  RSSI원시:-77
17:28:41  RSSI평활:-79.0
17:28:41  RSSI샘플:30016
17:28:41  RSSI경과ms:2
17:28:41  차량수신:14897
17:28:41  시각ms:1596360
17:28:41  IMU시각ms:1596360
17:28:41  위험:0
17:28:41  GPS유효:1
17:28:41  위도:37.496632
17:28:41  경도:126.957878
17:28:41  속도:0.011
17:28:41  방향:188.0
17:28:41  GPS원시속도:0.010
17:28:41  GPS원시방향유효:1
17:28:41  GPS원시방향:187.0
17:28:41  가속도:3.998,-6.009,6.694
17:28:41  자이로:0.374,-3.672,-1.550
17:28:41  자력계:-14.400,13.500,-0.900
17:28:41  송신:15587
17:28:41  GPS위성:8
17:28:41  GPS_HDOP:1.23
17:28:41  원시위도:37.496632
17:28:41  원시경도:126.957879
17:28:41  GPS채택:2104
17:28:41  GPS이상치거부:8
17:28:41  GPS품질거부:191
17:28:41  GPS재기준:1
17:28:42  RSSI원시:-81
17:28:42  RSSI평활:-79.6
17:28:42  RSSI샘플:30020
17:28:42  RSSI경과ms:0
17:28:42  차량수신:14899
17:28:42  시각ms:1596424
17:28:42  IMU시각ms:1596424
17:28:42  위험:0
17:28:42  GPS유효:1
17:28:42  위도:37.496632
17:28:42  경도:126.957878
17:28:42  속도:0.011
17:28:42  방향:188.0
17:28:42  GPS원시속도:0.010
17:28:42  GPS원시방향유효:1
17:28:42  GPS원시방향:187.0
17:28:42  가속도:4.142,-6.086,6.723
17:28:42  자이로:-0.542,2.344,-0.496
17:28:42  자력계:-13.050,13.800,0.300
17:28:42  송신:15588
17:28:42  GPS위성:8
17:28:42  GPS_HDOP:1.23
17:28:42  원시위도:37.496632
17:28:42  원시경도:126.957879
17:28:42  GPS채택:2104
17:28:42  GPS이상치거부:8
17:28:42  GPS품질거부:191
17:28:42  GPS재기준:1
17:28:42  RSSI원시:-81
17:28:42  RSSI평활:-79.8
17:28:42  RSSI샘플:30021
17:28:42  RSSI경과ms:26
17:28:42  차량수신:14899
17:28:42  시각ms:1596468
17:28:42  IMU시각ms:1596468
17:28:42  위험:0
17:28:42  GPS유효:1
17:28:42  위도:37.496632
17:28:42  경도:126.957878
17:28:42  속도:0.011
17:28:42  방향:188.0
17:28:42  GPS원시속도:0.010
17:28:42  GPS원시방향유효:1
17:28:42  GPS원시방향:187.0
17:28:42  가속도:4.142,-5.947,6.766
17:28:42  자이로:-1.725,1.053,0.962
17:28:42  자력계:-13.800,14.100,-1.050
17:28:42  송신:15588
17:28:42  GPS위성:8
17:28:42  GPS_HDOP:1.23
17:28:42  원시위도:37.496632
17:28:42  원시경도:126.957879
17:28:42  GPS채택:2104
17:28:42  GPS이상치거부:8
17:28:42  GPS품질거부:191
17:28:42  GPS재기준:1
17:28:42  RSSI원시:-82
17:28:42  RSSI평활:-80.3
17:28:42  RSSI샘플:30022
17:28:42  RSSI경과ms:2
17:28:42  차량수신:14900
17:28:42  시각ms:1596525
17:28:42  IMU시각ms:1596525
17:28:42  위험:0
17:28:42  GPS유효:1
17:28:42  위도:37.496632
17:28:42  경도:126.957878
17:28:42  속도:0.014
17:28:42  방향:188.0
17:28:42  GPS원시속도:0.021
17:28:42  GPS원시방향유효:1
17:28:42  GPS원시방향:187.0
17:28:42  가속도:4.175,-6.076,6.785
17:28:42  자이로:-0.366,-4.076,0.595
17:28:42  자력계:-13.050,13.350,-0.600
17:28:42  송신:15589
17:28:42  GPS위성:8
17:28:42  GPS_HDOP:1.23
17:28:42  원시위도:37.496633
17:28:42  원시경도:126.957879
17:28:42  GPS채택:2105
17:28:42  GPS이상치거부:8
17:28:42  GPS품질거부:191
17:28:42  GPS재기준:1
17:28:42  RSSI원시:-82
17:28:42  RSSI평활:-80.6
17:28:42  RSSI샘플:30023
17:28:42  RSSI경과ms:36
17:28:42  차량수신:14900
17:28:42  시각ms:1596727
17:28:42  IMU시각ms:1596727
17:28:42  위험:0
17:28:42  GPS유효:1
17:28:42  위도:37.496632
17:28:42  경도:126.957878
17:28:42  속도:0.016
17:28:42  방향:188.0
17:28:42  GPS원시속도:0.021
17:28:42  GPS원시방향유효:1
17:28:42  GPS원시방향:187.0
17:28:42  가속도:4.108,-6.038,6.565
17:28:42  자이로:0.740,-0.947,0.084
17:28:42  자력계:-15.000,13.800,-0.600
17:28:42  송신:15591
17:28:42  GPS위성:8
17:28:42  GPS_HDOP:1.23
17:28:42  원시위도:37.496633
17:28:42  원시경도:126.957879
17:28:42  GPS채택:2106
17:28:42  GPS이상치거부:8
17:28:42  GPS품질거부:191
17:28:42  GPS재기준:1
17:28:42  RSSI원시:-81
17:28:42  RSSI평활:-80.9
17:28:42  RSSI샘플:30025
17:28:42  RSSI경과ms:29
17:28:42  차량수신:14900
17:28:42  시각ms:1596828
17:28:42  IMU시각ms:1596828
17:28:42  위험:0
17:28:42  GPS유효:1
17:28:42  위도:37.496632
17:28:42  경도:126.957878
17:28:42  속도:0.016
17:28:42  방향:188.0
17:28:42  GPS원시속도:0.021
17:28:42  GPS원시방향유효:1
17:28:42  GPS원시방향:187.0
17:28:42  가속도:4.046,-5.827,6.732
17:28:42  자이로:-1.153,0.076,0.214
17:28:42  자력계:-14.400,13.500,-0.150
17:28:42  송신:15592
17:28:42  GPS위성:8
17:28:42  GPS_HDOP:1.23
17:28:42  원시위도:37.496633
17:28:42  원시경도:126.957879
17:28:42  GPS채택:2106
17:28:42  GPS이상치거부:8
17:28:42  GPS품질거부:191
17:28:42  GPS재기준:1
17:28:42  RSSI원시:-82
17:28:42  RSSI평활:-81.3
17:28:42  RSSI샘플:30027
17:28:42  RSSI경과ms:30
17:28:42  차량수신:14901
17:28:42  시각ms:1597314
17:28:42  IMU시각ms:1597314
17:28:42  위험:0
17:28:42  GPS유효:1
17:28:42  위도:37.496632
17:28:42  경도:126.957878
17:28:42  속도:0.016
17:28:42  방향:188.0
17:28:42  GPS원시속도:0.021
17:28:42  GPS원시방향유효:1
17:28:42  GPS원시방향:187.0
17:28:42  가속도:4.089,-6.129,6.771
17:28:42  자이로:-1.878,-0.641,1.947
17:28:42  자력계:-14.700,12.750,-1.200
17:28:42  송신:15597
17:28:42  GPS위성:8
17:28:42  GPS_HDOP:1.23
17:28:42  원시위도:37.496633
17:28:42  원시경도:126.957879
17:28:42  GPS채택:2106
17:28:42  GPS이상치거부:8
17:28:42  GPS품질거부:191
17:28:43  GPS재기준:1
17:28:43  RSSI원시:-82
17:28:43  RSSI평활:-81.3
17:28:43  RSSI샘플:30032
17:28:43  RSSI경과ms:8
17:28:43  차량수신:14901
17:28:43  시각ms:1597444
17:28:43  IMU시각ms:1597444
17:28:43  위험:0
17:28:43  GPS유효:1
17:28:43  위도:37.496632
17:28:43  경도:126.957878
17:28:43  속도:0.016
17:28:43  방향:188.0
17:28:43  GPS원시속도:0.021
17:28:43  GPS원시방향유효:1
17:28:43  GPS원시방향:187.0
17:28:43  가속도:4.104,-6.263,6.756
17:28:43  자이로:-2.435,0.405,0.489
17:28:43  자력계:-11.550,12.600,-1.050
17:28:43  송신:15598
17:28:43  GPS위성:8
17:28:43  GPS_HDOP:1.23
17:28:43  원시위도:37.496633
17:28:43  원시경도:126.957879
17:28:43  GPS채택:2106
17:28:43  GPS이상치거부:8
17:28:43  GPS품질거부:191
17:28:43  GPS재기준:1
17:28:43  RSSI원시:-82
17:28:43  RSSI평활:-82.2
17:28:43  RSSI샘플:30034
17:28:43  RSSI경과ms:37
17:28:43  차량수신:14902
17:28:43  시각ms:1597624
17:28:43  IMU시각ms:1597624
17:28:43  위험:0
17:28:43  GPS유효:1
17:28:43  위도:37.496632
17:28:43  경도:126.957878
17:28:43  속도:0.020
17:28:43  방향:188.0
17:28:43  GPS원시속도:0.026
17:28:43  GPS원시방향유효:1
17:28:43  GPS원시방향:187.0
17:28:43  가속도:4.017,-6.009,6.737
17:28:43  자이로:-1.191,1.779,0.725
17:28:43  자력계:-13.200,12.450,-0.150
17:28:43  송신:15600
17:28:43  GPS위성:8
17:28:43  GPS_HDOP:1.23
17:28:43  원시위도:37.496633
17:28:43  원시경도:126.957879
17:28:43  GPS채택:2107
17:28:43  GPS이상치거부:8
17:28:43  GPS품질거부:191
17:28:43  GPS재기준:1
17:28:43  RSSI원시:-79
17:28:43  RSSI평활:-80.8
17:28:43  RSSI샘플:30037
17:28:43  RSSI경과ms:15
17:28:43  차량수신:14903
17:28:43  시각ms:1597768
17:28:43  IMU시각ms:1597768
17:28:43  위험:0
17:28:43  GPS유효:1
17:28:43  위도:37.496632
17:28:43  경도:126.957878
17:28:43  속도:0.022
17:28:43  방향:188.0
17:28:43  GPS원시속도:0.026
17:28:43  GPS원시방향유효:1
17:28:43  GPS원시방향:187.0
17:28:43  가속도:4.080,-6.072,6.709
17:28:43  자이로:-3.237,-1.328,0.015
17:28:43  자력계:-13.200,12.000,-1.500
17:28:43  송신:15601
17:28:43  GPS위성:8
17:28:43  GPS_HDOP:1.23
17:28:43  원시위도:37.496633
17:28:43  원시경도:126.957879
17:28:43  GPS채택:2108
17:28:43  GPS이상치거부:8
17:28:43  GPS품질거부:191
17:28:43  GPS재기준:1
17:28:43  RSSI원시:-80
17:28:43  RSSI평활:-80.6
17:28:43  RSSI샘플:30038
17:28:43  RSSI경과ms:16
17:28:43  차량수신:14904
17:28:43  시각ms:1597790
17:28:43  IMU시각ms:1597790
17:28:43  위험:0
17:28:43  GPS유효:1
17:28:43  위도:37.496632
17:28:43  경도:126.957878
17:28:43  속도:0.022
17:28:43  방향:188.0
17:28:43  GPS원시속도:0.026
17:28:43  GPS원시방향유효:1
17:28:43  GPS원시방향:187.0
17:28:43  가속도:4.118,-6.043,6.704
17:28:43  자이로:0.176,-3.771,1.679
17:28:43  자력계:-15.150,13.200,0.450
17:28:43  송신:15601
17:28:43  GPS위성:8
17:28:43  GPS_HDOP:1.23
17:28:43  원시위도:37.496633
17:28:43  원시경도:126.957879
17:28:43  GPS채택:2108
17:28:43  GPS이상치거부:8
17:28:43  GPS품질거부:191
17:28:43  GPS재기준:1
17:28:43  RSSI원시:-80
17:28:43  RSSI평활:-80.6
17:28:43  RSSI샘플:30038
17:28:43  RSSI경과ms:38
17:28:43  차량수신:14904
17:28:43  시각ms:1597846
17:28:43  IMU시각ms:1597846
17:28:43  위험:0
17:28:43  GPS유효:1
17:28:43  위도:37.496632
17:28:43  경도:126.957878
17:28:43  속도:0.022
17:28:43  방향:188.0
17:28:43  GPS원시속도:0.026
17:28:43  GPS원시방향유효:1
17:28:43  GPS원시방향:187.0
17:28:43  가속도:3.912,-6.062,6.790
17:28:43  자이로:-1.702,-0.023,0.366
17:28:43  자력계:-15.000,13.350,-1.050
17:28:43  송신:15602
17:28:43  GPS위성:8
17:28:43  GPS_HDOP:1.23
17:28:43  원시위도:37.496633
17:28:43  원시경도:126.957879
17:28:43  GPS채택:2108
17:28:43  GPS이상치거부:8
17:28:43  GPS품질거부:191
17:28:43  GPS재기준:1
17:28:43  RSSI원시:-79
17:28:43  RSSI평활:-80.3
17:28:43  RSSI샘플:30039
17:28:43  RSSI경과ms:32
17:28:43  차량수신:14904
17:28:43  시각ms:1598125
17:28:43  IMU시각ms:1598125
17:28:43  위험:0
17:28:43  GPS유효:1
17:28:43  위도:37.496632
17:28:43  경도:126.957878
17:28:43  속도:0.022
17:28:43  방향:188.0
17:28:43  GPS원시속도:0.026
17:28:43  GPS원시방향유효:1
17:28:43  GPS원시방향:187.0
17:28:43  가속도:4.094,-6.072,6.689
17:28:43  자이로:-0.489,-1.023,0.458
17:28:43  자력계:-14.400,12.000,-0.450
17:28:43  송신:15605
17:28:43  GPS위성:8
17:28:43  GPS_HDOP:1.23
17:28:43  원시위도:37.496633
17:28:43  원시경도:126.957879
17:28:43  GPS채택:2108
17:28:43  GPS이상치거부:8
17:28:43  GPS품질거부:191
17:28:43  GPS재기준:1
17:28:43  RSSI원시:-86
17:28:43  RSSI평활:-81.5
17:28:43  RSSI샘플:30044
17:28:43  RSSI경과ms:2
17:28:43  차량수신:14906
17:28:43  시각ms:1598147
17:28:43  IMU시각ms:1598147
17:28:43  위험:0
17:28:43  GPS유효:1
17:28:43  위도:37.496632
17:28:43  경도:126.957878
17:28:43  속도:0.022
17:28:43  방향:188.0
17:28:43  GPS원시속도:0.026
17:28:43  GPS원시방향유효:1
17:28:43  GPS원시방향:187.0
17:28:43  가속도:4.037,-6.005,6.718
17:28:43  자이로:-1.893,-1.298,-1.427
17:28:43  자력계:-13.950,12.750,1.500
17:28:43  송신:15605
17:28:43  GPS위성:8
17:28:43  GPS_HDOP:1.23
17:28:43  원시위도:37.496633
17:28:43  원시경도:126.957879
17:28:43  GPS채택:2108
17:28:43  GPS이상치거부:8
17:28:43  GPS품질거부:191
17:28:43  GPS재기준:1
17:28:43  RSSI원시:-86
17:28:43  RSSI평활:-81.5
17:28:43  RSSI샘플:30044
17:28:43  RSSI경과ms:24
17:28:43  차량수신:14906
17:28:44  시각ms:1598584
17:28:44  IMU시각ms:1598584
17:28:44  위험:0
17:28:44  GPS유효:1
17:28:44  위도:37.496632
17:28:44  경도:126.957878
17:28:44  속도:0.016
17:28:44  방향:188.0
17:28:44  GPS원시속도:0.005
17:28:44  GPS원시방향유효:1
17:28:44  GPS원시방향:187.0
17:28:44  가속도:4.147,-6.057,6.732
17:28:44  자이로:-1.779,-0.611,-0.863
17:28:44  자력계:-14.400,12.750,-0.900
17:28:44  송신:15609
17:28:44  GPS위성:8
17:28:44  GPS_HDOP:1.23
17:28:44  원시위도:37.496633
17:28:44  원시경도:126.957880
17:28:44  GPS채택:2109
17:28:44  GPS이상치거부:8
17:28:44  GPS품질거부:191
17:28:44  GPS재기준:1
17:28:44  RSSI원시:-79
17:28:44  RSSI평활:-80.2
17:28:44  RSSI샘플:30052
17:28:44  RSSI경과ms:48
17:28:44  차량수신:14910
17:28:44  시각ms:1598785
17:28:44  IMU시각ms:1598785
17:28:44  위험:0
17:28:44  GPS유효:1
17:28:44  위도:37.496632
17:28:44  경도:126.957878
17:28:44  속도:0.012
17:28:44  방향:188.0
17:28:44  GPS원시속도:0.005
17:28:44  GPS원시방향유효:1
17:28:44  GPS원시방향:187.0
17:28:44  가속도:4.013,-6.067,6.646
17:28:44  자이로:-2.122,1.221,0.122
17:28:44  자력계:-13.800,13.350,-0.600
17:28:44  송신:15611
17:28:44  GPS위성:8
17:28:44  GPS_HDOP:1.23
17:28:44  원시위도:37.496633
17:28:44  원시경도:126.957880
17:28:44  GPS채택:2110
17:28:44  GPS이상치거부:8
17:28:44  GPS품질거부:191
17:28:44  GPS재기준:1
17:28:44  RSSI원시:-80
17:28:44  RSSI평활:-80.2
17:28:44  RSSI샘플:30055
17:28:44  RSSI경과ms:50
17:28:44  차량수신:14911
17:28:44  시각ms:1598885
17:28:44  IMU시각ms:1598885
17:28:44  위험:0
17:28:44  GPS유효:1
17:28:44  위도:37.496632
17:28:44  경도:126.957878
17:28:44  속도:0.012
17:28:44  방향:188.0
17:28:44  GPS원시속도:0.005
17:28:44  GPS원시방향유효:1
17:28:44  GPS원시방향:187.0
17:28:44  가속도:4.156,-6.029,6.790
17:28:44  자이로:-1.748,-0.214,-0.115
17:28:44  자력계:-14.550,10.650,0.300
17:28:44  송신:15612
17:28:44  GPS위성:8
17:28:44  GPS_HDOP:1.23
17:28:44  원시위도:37.496633
17:28:44  원시경도:126.957880
17:28:44  GPS채택:2110
17:28:44  GPS이상치거부:8
17:28:44  GPS품질거부:191
17:28:44  GPS재기준:1
17:28:44  RSSI원시:-80
17:28:44  RSSI평활:-80.3
17:28:44  RSSI샘플:30057
17:28:44  RSSI경과ms:51
17:28:44  차량수신:14912
17:28:44  시각ms:1599041
17:28:44  IMU시각ms:1599041
17:28:44  위험:0
17:28:44  GPS유효:1
17:28:44  위도:37.496632
17:28:44  경도:126.957878
17:28:44  속도:0.012
17:28:44  방향:188.0
17:28:44  GPS원시속도:0.005
17:28:44  GPS원시방향유효:1
17:28:44  GPS원시방향:187.0
17:28:44  가속도:4.041,-6.053,6.632
17:28:44  자이로:-0.756,-0.366,-1.885
17:28:44  자력계:-13.950,11.700,0.150
17:28:44  송신:15614
17:28:44  GPS위성:8
17:28:44  GPS_HDOP:1.23
17:28:44  원시위도:37.496633
17:28:44  원시경도:126.957880
17:28:44  GPS채택:2110
17:28:44  GPS이상치거부:8
17:28:44  GPS품질거부:191
17:28:44  GPS재기준:1
17:28:44  RSSI원시:-78
17:28:44  RSSI평활:-79.8
17:28:44  RSSI샘플:30060
17:28:44  RSSI경과ms:10
17:28:44  차량수신:14913
17:28:44  시각ms:1599063
17:28:44  IMU시각ms:1599063
17:28:44  위험:0
17:28:44  GPS유효:1
17:28:44  위도:37.496632
17:28:44  경도:126.957878
17:28:44  속도:0.012
17:28:44  방향:188.0
17:28:44  GPS원시속도:0.005
17:28:44  GPS원시방향유효:1
17:28:44  GPS원시방향:187.0
17:28:44  가속도:4.137,-6.009,6.622
17:28:44  자이로:0.389,2.679,-1.252
17:28:44  자력계:-15.150,12.750,0.150
17:28:44  송신:15614
17:28:44  GPS위성:8
17:28:44  GPS_HDOP:1.23
17:28:44  원시위도:37.496633
17:28:44  원시경도:126.957880
17:28:44  GPS채택:2110
17:28:44  GPS이상치거부:8
17:28:44  GPS품질거부:191
17:28:44  GPS재기준:1
17:28:44  RSSI원시:-78
17:28:44  RSSI평활:-79.8
17:28:44  RSSI샘플:30060
17:28:44  RSSI경과ms:32
17:28:44  차량수신:14913
17:28:44  시각ms:1599085
17:28:44  IMU시각ms:1599085
17:28:44  위험:0
17:28:44  GPS유효:1
17:28:44  위도:37.496632
17:28:44  경도:126.957878
17:28:44  속도:0.012
17:28:44  방향:188.0
17:28:44  GPS원시속도:0.005
17:28:44  GPS원시방향유효:1
17:28:44  GPS원시방향:187.0
17:28:44  가속도:3.994,-6.067,6.713
17:28:44  자이로:-1.420,-0.023,-0.351
17:28:44  자력계:-13.050,13.350,0.600
17:28:44  송신:15614
17:28:44  GPS위성:8
17:28:44  GPS_HDOP:1.23
17:28:44  원시위도:37.496633
17:28:44  원시경도:126.957880
17:28:44  GPS채택:2110
17:28:44  GPS이상치거부:8
17:28:44  GPS품질거부:191
17:28:44  GPS재기준:1
17:28:44  RSSI원시:-78
17:28:44  RSSI평활:-79.8
17:28:44  RSSI샘플:30060
17:28:44  RSSI경과ms:54
17:28:44  차량수신:14913
17:28:44  시각ms:1599263
17:28:44  IMU시각ms:1599263
17:28:44  위험:0
17:28:44  GPS유효:1
17:28:44  위도:37.496632
17:28:44  경도:126.957878
17:28:44  속도:0.012
17:28:44  방향:188.0
17:28:44  GPS원시속도:0.005
17:28:44  GPS원시방향유효:1
17:28:44  GPS원시방향:187.0
17:28:44  가속도:4.075,-6.225,6.685
17:28:44  자이로:-0.679,0.733,-1.351
17:28:44  자력계:-13.200,13.500,0.450
17:28:44  송신:15616
17:28:44  GPS위성:8
17:28:44  GPS_HDOP:1.23
17:28:44  원시위도:37.496633
17:28:44  원시경도:126.957880
17:28:44  GPS채택:2110
17:28:44  GPS이상치거부:8
17:28:44  GPS품질거부:191
17:28:44  GPS재기준:1
17:28:44  RSSI원시:-80
17:28:44  RSSI평활:-79.5
17:28:44  RSSI샘플:30064
17:28:44  RSSI경과ms:18
17:28:44  차량수신:14915
17:28:44  시각ms:1599285
17:28:44  IMU시각ms:1599285
17:28:44  위험:0
17:28:44  GPS유효:1
17:28:44  위도:37.496632
17:28:44  경도:126.957878
17:28:44  속도:0.012
17:28:44  방향:188.0
17:28:44  GPS원시속도:0.005
17:28:44  GPS원시방향유효:1
17:28:44  GPS원시방향:187.0
17:28:44  가속도:4.022,-6.048,6.776
17:28:44  자이로:-3.275,0.168,-1.321
17:28:44  자력계:-13.050,12.300,-0.600
17:28:44  송신:15616
17:28:44  GPS위성:8
17:28:44  GPS_HDOP:1.23
17:28:44  원시위도:37.496633
17:28:44  원시경도:126.957880
17:28:44  GPS채택:2110
17:28:44  GPS이상치거부:8
17:28:44  GPS품질거부:191
17:28:44  GPS재기준:1
17:28:44  RSSI원시:-80
17:28:44  RSSI평활:-79.5
17:28:44  RSSI샘플:30064
17:28:44  RSSI경과ms:40
17:28:44  차량수신:14915
17:28:44  시각ms:1599340
17:28:44  IMU시각ms:1599340
17:28:44  위험:0
17:28:44  GPS유효:1
17:28:44  위도:37.496632
17:28:44  경도:126.957878
17:28:44  속도:0.012
17:28:44  방향:188.0
17:28:44  GPS원시속도:0.005
17:28:44  GPS원시방향유효:1
17:28:44  GPS원시방향:187.0
17:28:44  가속도:4.108,-6.057,6.699
17:28:44  자이로:-1.527,-2.130,0.740
17:28:44  자력계:-13.200,10.950,0.450
17:28:44  송신:15617
17:28:44  GPS위성:8
17:28:44  GPS_HDOP:1.23
17:28:44  원시위도:37.496633
17:28:44  원시경도:126.957880
17:28:44  GPS채택:2110
17:28:44  GPS이상치거부:8
17:28:44  GPS품질거부:191
17:28:44  GPS재기준:1
17:28:44  RSSI원시:-81
17:28:44  RSSI평활:-79.9
17:28:44  RSSI샘플:30066
17:28:44  RSSI경과ms:3
17:28:44  차량수신:14916
17:28:45  시각ms:1599406
17:28:45  IMU시각ms:1599406
17:28:45  위험:0
17:28:45  GPS유효:1
17:28:45  위도:37.496632
17:28:45  경도:126.957878
17:28:45  속도:0.012
17:28:45  방향:188.0
17:28:45  GPS원시속도:0.005
17:28:45  GPS원시방향유효:1
17:28:45  GPS원시방향:187.0
17:28:45  가속도:4.099,-6.091,6.766
17:28:45  자이로:-0.427,-0.092,-1.511
17:28:45  자력계:-12.300,13.050,0.300
17:28:45  송신:15617
17:28:45  GPS위성:8
17:28:45  GPS_HDOP:1.23
17:28:45  원시위도:37.496633
17:28:45  원시경도:126.957880
17:28:45  GPS채택:2110
17:28:45  GPS이상치거부:8
17:28:45  GPS품질거부:191
17:28:45  GPS재기준:1
17:28:45  RSSI원시:-81
17:28:45  RSSI평활:-79.9
17:28:45  RSSI샘플:30066
17:28:45  RSSI경과ms:69
17:28:45  차량수신:14916
17:28:45  시각ms:1599751
17:28:45  IMU시각ms:1599751
17:28:45  위험:0
17:28:45  GPS유효:1
17:28:45  위도:37.496632
17:28:45  경도:126.957878
17:28:45  속도:0.017
17:28:45  방향:188.0
17:28:45  GPS원시속도:0.021
17:28:45  GPS원시방향유효:1
17:28:45  GPS원시방향:187.0
17:28:45  가속도:3.994,-6.100,6.732
17:28:45  자이로:-1.931,0.519,1.573
17:28:45  자력계:-14.400,12.750,0.450
17:28:45  송신:15621
17:28:45  GPS위성:8
17:28:45  GPS_HDOP:1.23
17:28:45  원시위도:37.496633
17:28:45  원시경도:126.957880
17:28:45  GPS채택:2112
17:28:45  GPS이상치거부:8
17:28:45  GPS품질거부:191
17:28:45  GPS재기준:1
17:28:45  RSSI원시:-79
17:28:45  RSSI평활:-79.2
17:28:45  RSSI샘플:30072
17:28:45  RSSI경과ms:10
17:28:45  차량수신:14919
17:28:45  시각ms:1599916
17:28:45  IMU시각ms:1599916
17:28:45  위험:0
17:28:45  GPS유효:1
17:28:45  위도:37.496632
17:28:45  경도:126.957878
17:28:45  속도:0.017
17:28:45  방향:188.0
17:28:45  GPS원시속도:0.021
17:28:45  GPS원시방향유효:1
17:28:45  GPS원시방향:187.0
17:28:45  가속도:4.065,-5.981,6.732
17:28:45  자이로:-0.534,-0.046,1.504
17:28:45  자력계:-13.800,12.600,-0.600
17:28:45  송신:15622
17:28:45  GPS위성:8
17:28:45  GPS_HDOP:1.23
17:28:45  원시위도:37.496633
17:28:45  원시경도:126.957880
17:28:45  GPS채택:2112
17:28:45  GPS이상치거부:8
17:28:45  GPS품질거부:191
17:28:45  GPS재기준:1
17:28:45  RSSI원시:-79
17:28:45  RSSI평활:-78.8
17:28:45  RSSI샘플:30075
17:28:45  RSSI경과ms:60
17:28:45  차량수신:14921
17:28:46  시각ms:1600464
17:28:46  IMU시각ms:1600464
17:28:46  위험:0
17:28:46  GPS유효:1
17:28:46  위도:37.496632
17:28:46  경도:126.957878
17:28:46  속도:0.017
17:28:46  방향:188.0
17:28:46  GPS원시속도:0.021
17:28:46  GPS원시방향유효:1
17:28:46  GPS원시방향:187.0
17:28:46  가속도:4.041,-6.019,6.766
17:28:46  자이로:-1.107,-1.809,-1.481
17:28:46  자력계:-13.650,12.750,-0.450
17:28:46  송신:15628
17:28:46  GPS위성:8
17:28:46  GPS_HDOP:1.23
17:28:46  원시위도:37.496633
17:28:46  원시경도:126.957880
17:28:46  GPS채택:2112
17:28:46  GPS이상치거부:8
17:28:46  GPS품질거부:191
17:28:46  GPS재기준:1
17:28:46  RSSI원시:-83
17:28:46  RSSI평활:-81.3
17:28:46  RSSI샘플:30086
17:28:46  RSSI경과ms:2
17:28:46  차량수신:14926
17:28:46  시각ms:1600565
17:28:46  IMU시각ms:1600565
17:28:46  위험:0
17:28:46  GPS유효:1
17:28:46  위도:37.496632
17:28:46  경도:126.957878
17:28:46  속도:0.016
17:28:46  방향:188.0
17:28:46  GPS원시속도:0.015
17:28:46  GPS원시방향유효:1
17:28:46  GPS원시방향:187.0
17:28:46  가속도:3.960,-6.033,6.709
17:28:46  자이로:0.573,-2.427,1.061
17:28:46  자력계:-13.950,14.700,-0.900
17:28:46  송신:15629
17:28:46  GPS위성:8
17:28:46  GPS_HDOP:1.23
17:28:46  원시위도:37.496632
17:28:46  원시경도:126.957880
17:28:46  GPS채택:2113
17:28:46  GPS이상치거부:8
17:28:46  GPS품질거부:191
17:28:46  GPS재기준:1
17:28:46  RSSI원시:-86
17:28:46  RSSI평활:-83.0
17:28:46  RSSI샘플:30088
17:28:46  RSSI경과ms:10
17:28:46  차량수신:14927
17:28:46  시각ms:1600609
17:28:46  IMU시각ms:1600609
17:28:46  위험:0
17:28:46  GPS유효:1
17:28:46  위도:37.496632
17:28:46  경도:126.957878
17:28:46  속도:0.016
17:28:46  방향:188.0
17:28:46  GPS원시속도:0.015
17:28:46  GPS원시방향유효:1
17:28:46  GPS원시방향:187.0
17:28:46  가속도:3.936,-6.000,6.618
17:28:46  자이로:-0.053,-2.672,-2.863
17:28:46  자력계:-13.650,13.950,-1.200
17:28:46  송신:15629
17:28:46  GPS위성:8
17:28:46  GPS_HDOP:1.23
17:28:46  원시위도:37.496632
17:28:46  원시경도:126.957880
17:28:46  GPS채택:2113
17:28:46  GPS이상치거부:8
17:28:46  GPS품질거부:191
17:28:46  GPS재기준:1
17:28:46  RSSI원시:-85
17:28:46  RSSI평활:-83.4
17:28:46  RSSI샘플:30089
17:28:46  RSSI경과ms:27
17:28:46  차량수신:14928
17:28:46  시각ms:1600732
17:28:46  IMU시각ms:1600732
17:28:46  위험:0
17:28:46  GPS유효:1
17:28:46  위도:37.496632
17:28:46  경도:126.957878
17:28:46  속도:0.016
17:28:46  방향:188.0
17:28:46  GPS원시속도:0.015
17:28:46  GPS원시방향유효:1
17:28:46  GPS원시방향:187.0
17:28:46  가속도:4.118,-6.076,6.756
17:28:46  자이로:-1.275,-3.168,0.191
17:28:46  자력계:-13.050,12.600,-1.050
17:28:46  송신:15630
17:28:46  GPS위성:8
17:28:46  GPS_HDOP:1.23
17:28:46  원시위도:37.496632
17:28:46  원시경도:126.957880
17:28:46  GPS채택:2114
17:28:46  GPS이상치거부:8
17:28:46  GPS품질거부:191
17:28:46  GPS재기준:1
17:28:46  RSSI원시:-87
17:28:46  RSSI평활:-84.1
17:28:46  RSSI샘플:30091
17:28:46  RSSI경과ms:44
17:28:46  차량수신:14929
17:28:46  시각ms:1601239
17:28:46  IMU시각ms:1601239
17:28:46  위험:0
17:28:46  GPS유효:1
17:28:46  위도:37.496632
17:28:46  경도:126.957878
17:28:46  속도:0.016
17:28:46  방향:188.0
17:28:46  GPS원시속도:0.015
17:28:46  GPS원시방향유효:1
17:28:46  GPS원시방향:187.0
17:28:46  가속도:3.955,-6.014,6.776
17:28:46  자이로:1.031,-1.786,-0.504
17:28:46  자력계:-13.050,14.100,0.000
17:28:46  송신:15635
17:28:46  GPS위성:8
17:28:46  GPS_HDOP:1.23
17:28:46  원시위도:37.496632
17:28:46  원시경도:126.957880
17:28:46  GPS채택:2114
17:28:46  GPS이상치거부:8
17:28:46  GPS품질거부:191
17:28:46  GPS재기준:1
17:28:46  RSSI원시:-86
17:28:46  RSSI평활:-82.9
17:28:46  RSSI샘플:30098
17:28:46  RSSI경과ms:65
17:28:46  차량수신:14932
17:28:47  시각ms:1601547
17:28:47  IMU시각ms:1601547
17:28:47  위험:0
17:28:47  GPS유효:1
17:28:47  위도:37.496632
17:28:47  경도:126.957878
17:28:47  속도:0.018
17:28:47  방향:188.0
17:28:47  GPS원시속도:0.021
17:28:47  GPS원시방향유효:1
17:28:47  GPS원시방향:187.0
17:28:47  가속도:4.099,-6.009,6.766
17:28:47  자이로:-1.229,-1.420,-2.962
17:28:47  자력계:-12.150,15.900,-0.450
17:28:47  송신:15638
17:28:47  GPS위성:8
17:28:47  GPS_HDOP:1.23
17:28:47  원시위도:37.496631
17:28:47  원시경도:126.957881
17:28:47  GPS채택:2115
17:28:47  GPS이상치거부:8
17:28:47  GPS품질거부:191
17:28:47  GPS재기준:1
17:28:47  RSSI원시:-85
17:28:47  RSSI평활:-83.1
17:28:47  RSSI샘플:30101
17:28:47  RSSI경과ms:71
17:28:47  차량수신:14932
17:28:47  시각ms:1601648
17:28:47  IMU시각ms:1601648
17:28:47  위험:0
17:28:47  GPS유효:1
17:28:47  위도:37.496632
17:28:47  경도:126.957878
17:28:47  속도:0.019
17:28:47  방향:188.0
17:28:47  GPS원시속도:0.021
17:28:47  GPS원시방향유효:1
17:28:47  GPS원시방향:187.0
17:28:47  가속도:3.989,-6.009,6.718
17:28:47  자이로:-1.611,-0.244,0.557
17:28:47  자력계:-13.050,12.300,0.300
17:28:47  송신:15639
17:28:47  GPS위성:8
17:28:47  GPS_HDOP:1.23
17:28:47  원시위도:37.496631
17:28:47  원시경도:126.957881
17:28:47  GPS채택:2116
17:28:47  GPS이상치거부:8
17:28:47  GPS품질거부:191
17:28:47  GPS재기준:1
17:28:47  RSSI원시:-81
17:28:47  RSSI평활:-82.7
17:28:47  RSSI샘플:30102
17:28:47  RSSI경과ms:70
17:28:47  차량수신:14932
17:28:47  시각ms:1601749
17:28:47  IMU시각ms:1601749
17:28:47  위험:0
17:28:47  GPS유효:1
17:28:47  위도:37.496632
17:28:47  경도:126.957878
17:28:47  속도:0.019
17:28:47  방향:188.0
17:28:47  GPS원시속도:0.021
17:28:47  GPS원시방향유효:1
17:28:47  GPS원시방향:187.0
17:28:47  가속도:3.970,-6.153,6.756
17:28:47  자이로:-1.244,-2.107,-0.290
17:28:47  자력계:-13.800,14.550,1.050
17:28:47  송신:15640
17:28:47  GPS위성:8
17:28:47  GPS_HDOP:1.23
17:28:47  원시위도:37.496631
17:28:47  원시경도:126.957881
17:28:47  GPS채택:2116
17:28:47  GPS이상치거부:8
17:28:47  GPS품질거부:191
17:28:47  GPS재기준:1
17:28:47  RSSI원시:-81
17:28:47  RSSI평활:-82.7
17:28:47  RSSI샘플:30102
17:28:47  RSSI경과ms:171
17:28:47  차량수신:14932
17:28:47  시각ms:1601849
17:28:47  IMU시각ms:1601849
17:28:47  위험:0
17:28:47  GPS유효:1
17:28:47  위도:37.496632
17:28:47  경도:126.957878
17:28:47  속도:0.019
17:28:47  방향:188.0
17:28:47  GPS원시속도:0.021
17:28:47  GPS원시방향유효:1
17:28:47  GPS원시방향:187.0
17:28:47  가속도:4.046,-6.091,6.689
17:28:47  자이로:-1.672,0.290,0.931
17:28:47  자력계:-14.700,13.200,0.450
17:28:47  송신:15641
17:28:47  GPS위성:8
17:28:47  GPS_HDOP:1.23
17:28:47  원시위도:37.496631
17:28:47  원시경도:126.957881
17:28:47  GPS채택:2116
17:28:47  GPS이상치거부:8
17:28:47  GPS품질거부:191
17:28:47  GPS재기준:1
17:28:47  RSSI원시:-87
17:28:47  RSSI평활:-85.0
17:28:47  RSSI샘플:30104
17:28:47  RSSI경과ms:10
17:28:47  차량수신:14933
17:28:47  시각ms:1601884
17:28:47  IMU시각ms:1601884
17:28:47  위험:0
17:28:47  GPS유효:1
17:28:47  위도:37.496632
17:28:47  경도:126.957878
17:28:47  속도:0.019
17:28:47  방향:188.0
17:28:47  GPS원시속도:0.021
17:28:47  GPS원시방향유효:1
17:28:47  GPS원시방향:187.0
17:28:47  가속도:4.017,-5.842,6.704
17:28:47  자이로:-2.252,0.427,0.550
17:28:47  자력계:-14.250,13.050,1.050
17:28:47  송신:15642
17:28:47  GPS위성:8
17:28:47  GPS_HDOP:1.23
17:28:47  원시위도:37.496631
17:28:47  원시경도:126.957881
17:28:47  GPS채택:2116
17:28:47  GPS이상치거부:8
17:28:47  GPS품질거부:191
17:28:47  GPS재기준:1
17:28:47  RSSI원시:-86
17:28:47  RSSI평활:-85.2
17:28:47  RSSI샘플:30105
17:28:47  RSSI경과ms:16
17:28:47  차량수신:14933
17:28:47  시각ms:1602006
17:28:47  IMU시각ms:1602006
17:28:47  위험:0
17:28:47  GPS유효:1
17:28:47  위도:37.496632
17:28:47  경도:126.957878
17:28:47  속도:0.019
17:28:47  방향:188.0
17:28:47  GPS원시속도:0.021
17:28:47  GPS원시방향유효:1
17:28:47  GPS원시방향:187.0
17:28:47  가속도:4.065,-6.014,6.780
17:28:47  자이로:0.771,-2.534,1.023
17:28:47  자력계:-13.200,14.700,-0.150
17:28:47  송신:15643
17:28:47  GPS위성:8
17:28:47  GPS_HDOP:1.23
17:28:47  원시위도:37.496631
17:28:47  원시경도:126.957881
17:28:47  GPS채택:2116
17:28:47  GPS이상치거부:8
17:28:47  GPS품질거부:191
17:28:47  GPS재기준:1
17:28:47  RSSI원시:-86
17:28:47  RSSI평활:-85.2
17:28:47  RSSI샘플:30105
17:28:47  RSSI경과ms:138
17:28:47  차량수신:14933
17:28:47  시각ms:1602028
17:28:47  IMU시각ms:1602028
17:28:47  위험:0
17:28:47  GPS유효:1
17:28:47  위도:37.496632
17:28:47  경도:126.957878
17:28:47  속도:0.019
17:28:47  방향:188.0
17:28:47  GPS원시속도:0.021
17:28:47  GPS원시방향유효:1
17:28:47  GPS원시방향:187.0
17:28:47  가속도:4.056,-5.957,6.732
17:28:47  자이로:-0.664,-0.840,0.740
17:28:47  자력계:-15.150,11.700,0.150
17:28:47  송신:15643
17:28:47  GPS위성:8
17:28:47  GPS_HDOP:1.23
17:28:47  원시위도:37.496631
17:28:47  원시경도:126.957881
17:28:47  GPS채택:2116
17:28:47  GPS이상치거부:8
17:28:47  GPS품질거부:191
17:28:47  GPS재기준:1
17:28:47  RSSI원시:-86
17:28:47  RSSI평활:-85.2
17:28:47  RSSI샘플:30105
17:28:47  RSSI경과ms:160
17:28:47  차량수신:14933
17:28:47  시각ms:1602105
17:28:47  IMU시각ms:1602105
17:28:47  위험:0
17:28:47  GPS유효:1
17:28:47  위도:37.496632
17:28:47  경도:126.957878
17:28:47  속도:0.019
17:28:47  방향:188.0
17:28:47  GPS원시속도:0.021
17:28:47  GPS원시방향유효:1
17:28:47  GPS원시방향:187.0
17:28:47  가속도:4.013,-5.962,6.685
17:28:47  자이로:-2.206,0.389,0.015
17:28:47  자력계:-15.000,13.050,0.600
17:28:47  송신:15644
17:28:47  GPS위성:8
17:28:47  GPS_HDOP:1.23
17:28:47  원시위도:37.496631
17:28:47  원시경도:126.957881
17:28:47  GPS채택:2116
17:28:47  GPS이상치거부:8
17:28:47  GPS품질거부:191
17:28:47  GPS재기준:1
17:28:47  RSSI원시:-86
17:28:47  RSSI평활:-85.4
17:28:47  RSSI샘플:30106
17:28:47  RSSI경과ms:60
17:28:47  차량수신:14934
