17:28:34  시각ms:1600438
17:28:34  IMU시각ms:1600438
17:28:34  위험:0
17:28:34  원시위험:0
17:28:34  GPS유효:1
17:28:34  위도:37.496581
17:28:34  경도:126.958072
17:28:34  속도:0.01
17:28:34  방향:178.0
17:28:34  GPS원시속도:0.000
17:28:34  GPS원시방향유효:1
17:28:34  GPS원시방향:182.8
17:28:34  가속도:-0.03,1.18,9.57
17:28:34  자이로:0.6,-1.9,0.1
17:28:34  자력계:11.550,-59.550,-0.150
17:28:34  충격값:0.14
17:28:34  송신:15573
17:28:34  지팡이수신:15063
17:28:34  GPS위성:6
17:28:34  GPS_HDOP:1.40
17:28:34  원시위도:37.496575
17:28:34  원시경도:126.958065
17:28:34  GPS채택:592
17:28:34  GPS이상치거부:24
17:28:34  GPS품질거부:84
17:28:34  GPS재기준:6
17:28:34  계산거리:17.67
17:28:34  접근속도:0.03
17:28:34  TTC:999.00
17:28:34  방향오차:106.3
17:28:34  전방여부:0
17:28:34  위험음성횟수:0
17:28:34  충격음성횟수:1
17:28:34  마지막위험음성:0
17:28:34  RSSI원시:-79
17:28:34  RSSI평활:-81.6
17:28:34  RSSI샘플:15063
17:28:34  RSSI경과ms:132
17:28:34  위험송신:15063
17:28:35  시각ms:1601669
17:28:35  IMU시각ms:1601669
17:28:35  위험:0
17:28:35  원시위험:0
17:28:35  GPS유효:1
17:28:35  위도:37.496580
17:28:35  경도:126.958071
17:28:35  속도:0.00
17:28:35  방향:178.0
17:28:35  GPS원시속도:0.000
17:28:35  GPS원시방향유효:1
17:28:35  GPS원시방향:182.8
17:28:35  가속도:0.11,1.20,9.60
17:28:35  자이로:0.5,-2.3,-1.2
17:28:35  자력계:12.900,-57.750,1.050
17:28:35  충격값:0.05
17:28:35  송신:15584
17:28:35  지팡이수신:15074
17:28:35  GPS위성:6
17:28:35  GPS_HDOP:1.40
17:28:35  원시위도:37.496575
17:28:35  원시경도:126.958065
17:28:35  GPS채택:594
17:28:35  GPS이상치거부:24
17:28:35  GPS품질거부:84
17:28:35  GPS재기준:6
17:28:35  계산거리:17.59
17:28:35  접근속도:0.04
17:28:35  TTC:999.00
17:28:35  방향오차:107.6
17:28:35  전방여부:0
17:28:35  위험음성횟수:0
17:28:35  충격음성횟수:1
17:28:35  마지막위험음성:0
17:28:35  RSSI원시:-76
17:28:35  RSSI평활:-77.1
17:28:35  RSSI샘플:15074
17:28:35  RSSI경과ms:26
17:28:35  위험송신:15074
17:28:36  시각ms:1601876
17:28:36  IMU시각ms:1601876
17:28:36  위험:0
17:28:36  원시위험:0
17:28:36  GPS유효:1
17:28:36  위도:37.496580
17:28:36  경도:126.958071
17:28:36  속도:0.00
17:28:36  방향:178.0
17:28:36  GPS원시속도:0.000
17:28:36  GPS원시방향유효:1
17:28:36  GPS원시방향:182.8
17:28:36  가속도:0.11,1.08,9.54
17:28:36  자이로:-0.9,1.6,-2.2
17:28:36  자력계:12.900,-59.400,0.000
17:28:36  충격값:0.13
17:28:36  송신:15586
17:28:36  지팡이수신:15075
17:28:36  GPS위성:6
17:28:36  GPS_HDOP:1.40
17:28:36  원시위도:37.496575
17:28:36  원시경도:126.958065
17:28:36  GPS채택:594
17:28:36  GPS이상치거부:24
17:28:36  GPS품질거부:84
17:28:36  GPS재기준:6
17:28:36  계산거리:17.59
17:28:36  접근속도:0.04
17:28:36  TTC:999.00
17:28:36  방향오차:107.6
17:28:36  전방여부:0
17:28:36  위험음성횟수:0
17:28:36  충격음성횟수:1
17:28:36  마지막위험음성:0
17:28:36  RSSI원시:-78
17:28:36  RSSI평활:-77.3
17:28:36  RSSI샘플:15075
17:28:36  RSSI경과ms:32
17:28:36  위험송신:15075
17:28:36  시각ms:1602622
17:28:36  IMU시각ms:1602622
17:28:36  위험:0
17:28:36  원시위험:0
17:28:36  GPS유효:1
17:28:36  위도:37.496579
17:28:36  경도:126.958070
17:28:36  속도:0.00
17:28:36  방향:178.0
17:28:36  GPS원시속도:0.000
17:28:36  GPS원시방향유효:1
17:28:36  GPS원시방향:182.8
17:28:36  가속도:0.12,1.25,9.69
17:28:36  자이로:1.9,-3.0,0.2
17:28:36  자력계:11.400,-58.650,1.500
17:28:36  충격값:0.12
17:28:36  송신:15594
17:28:36  지팡이수신:15082
17:28:36  GPS위성:6
17:28:36  GPS_HDOP:1.40
17:28:36  원시위도:37.496575
17:28:36  원시경도:126.958065
17:28:36  GPS채택:596
17:28:36  GPS이상치거부:24
17:28:36  GPS품질거부:84
17:28:36  GPS재기준:6
17:28:36  계산거리:17.65
17:28:36  접근속도:-0.00
17:28:36  TTC:999.00
17:28:36  방향오차:108.8
17:28:36  전방여부:0
17:28:36  위험음성횟수:0
17:28:36  충격음성횟수:1
17:28:36  마지막위험음성:0
17:28:36  RSSI원시:-78
17:28:36  RSSI평활:-77.5
17:28:36  RSSI샘플:15082
17:28:36  RSSI경과ms:68
17:28:36  위험송신:15082
17:28:36  시각ms:1602685
17:28:36  IMU시각ms:1602673
17:28:36  위험:0
17:28:36  원시위험:0
17:28:36  GPS유효:1
17:28:36  위도:37.496579
17:28:36  경도:126.958070
17:28:36  속도:0.00
17:28:36  방향:178.0
17:28:36  GPS원시속도:0.000
17:28:36  GPS원시방향유효:1
17:28:36  GPS원시방향:182.8
17:28:37  가속도:0.07,1.14,9.59
17:28:37  자이로:1.7,2.1,-0.6
17:28:37  자력계:12.150,-58.200,0.300
17:28:37  충격값:0.05
17:28:37  송신:15594
17:28:37  지팡이수신:15083
17:28:37  GPS위성:6
17:28:37  GPS_HDOP:1.40
17:28:37  원시위도:37.496575
17:28:37  원시경도:126.958065
17:28:37  GPS채택:596
17:28:37  GPS이상치거부:24
17:28:37  GPS품질거부:84
17:28:37  GPS재기준:6
17:28:37  계산거리:17.65
17:28:37  접근속도:-0.00
17:28:37  TTC:999.00
17:28:37  방향오차:108.8
17:28:37  전방여부:0
17:28:37  위험음성횟수:0
17:28:37  충격음성횟수:1
17:28:37  마지막위험음성:0
17:28:37  RSSI원시:-77
17:28:37  RSSI평활:-77.4
17:28:37  RSSI샘플:15083
17:28:37  RSSI경과ms:18
17:28:37  위험송신:15083
17:28:37  시각ms:1602735
17:28:37  IMU시각ms:1602735
17:28:37  위험:0
17:28:37  원시위험:0
17:28:37  GPS유효:1
17:28:37  위도:37.496579
17:28:37  경도:126.958070
17:28:37  속도:0.00
17:28:37  방향:178.0
17:28:37  GPS원시속도:0.000
17:28:37  GPS원시방향유효:1
17:28:37  GPS원시방향:182.8
17:28:37  가속도:0.13,1.24,9.66
17:28:37  자이로:2.6,-1.7,-0.7
17:28:37  자력계:12.150,-59.400,0.750
17:28:37  충격값:0.09
17:28:37  송신:15595
17:28:37  지팡이수신:15083
17:28:37  GPS위성:6
17:28:37  GPS_HDOP:1.40
17:28:37  원시위도:37.496575
17:28:37  원시경도:126.958065
17:28:37  GPS채택:596
17:28:37  GPS이상치거부:24
17:28:37  GPS품질거부:84
17:28:37  GPS재기준:6
17:28:37  계산거리:17.65
17:28:37  접근속도:-0.00
17:28:37  TTC:999.00
17:28:37  방향오차:108.8
17:28:37  전방여부:0
17:28:37  위험음성횟수:0
17:28:37  충격음성횟수:1
17:28:37  마지막위험음성:0
17:28:37  RSSI원시:-77
17:28:37  RSSI평활:-77.4
17:28:37  RSSI샘플:15083
17:28:37  RSSI경과ms:68
17:28:37  위험송신:15083
17:28:37  시각ms:1603585
17:28:37  IMU시각ms:1603573
17:28:37  위험:0
17:28:37  원시위험:0
17:28:37  GPS유효:1
17:28:37  위도:37.496578
17:28:37  경도:126.958069
17:28:37  속도:0.00
17:28:37  방향:178.0
17:28:37  GPS원시속도:0.000
17:28:37  GPS원시방향유효:1
17:28:37  GPS원시방향:182.8
17:28:37  가속도:0.33,1.13,9.68
17:28:37  자이로:2.0,-0.4,0.8
17:28:37  자력계:12.600,-59.850,1.800
17:28:37  충격값:0.25
17:28:37  송신:15603
17:28:37  지팡이수신:15090
17:28:37  GPS위성:6
17:28:37  GPS_HDOP:1.40
17:28:37  원시위도:37.496573
17:28:37  원시경도:126.958065
17:28:37  GPS채택:598
17:28:37  GPS이상치거부:24
17:28:37  GPS품질거부:84
17:28:37  GPS재기준:6
17:28:37  계산거리:17.61
17:28:37  접근속도:0.02
17:28:37  TTC:999.00
17:28:37  방향오차:108.9
17:28:37  전방여부:0
17:28:37  위험음성횟수:0
17:28:37  충격음성횟수:1
17:28:37  마지막위험음성:0
17:28:37  RSSI원시:-80
17:28:37  RSSI평활:-80.8
17:28:37  RSSI샘플:15090
17:28:37  RSSI경과ms:13
17:28:37  위험송신:15090
17:28:38  시각ms:1604617
17:28:38  IMU시각ms:1604594
17:28:38  위험:0
17:28:38  원시위험:0
17:28:38  GPS유효:1
17:28:38  위도:37.496578
17:28:38  경도:126.958068
17:28:38  속도:0.05
17:28:38  방향:178.0
17:28:38  GPS원시속도:0.108
17:28:38  GPS원시방향유효:1
17:28:38  GPS원시방향:182.8
17:28:38  가속도:0.07,1.22,9.63
17:28:38  자이로:-1.7,-2.5,-1.9
17:28:38  자력계:12.750,-57.150,1.650
17:28:38  충격값:0.07
17:28:38  송신:15613
17:28:38  지팡이수신:15099
17:28:38  GPS위성:6
17:28:38  GPS_HDOP:1.40
17:28:38  원시위도:37.496575
17:28:38  원시경도:126.958062
17:28:38  GPS채택:600
17:28:38  GPS이상치거부:24
17:28:38  GPS품질거부:84
17:28:38  GPS재기준:6
17:28:38  계산거리:17.66
17:28:38  접근속도:-0.01
17:28:38  TTC:999.00
17:28:38  방향오차:110.8
17:28:38  전방여부:0
17:28:38  위험음성횟수:0
17:28:38  충격음성횟수:1
17:28:38  마지막위험음성:0
17:28:38  RSSI원시:-77
17:28:38  RSSI평활:-79.1
17:28:38  RSSI샘플:15099
17:28:38  RSSI경과ms:27
17:28:38  위험송신:15099
17:28:39  시각ms:1605041
17:28:39  IMU시각ms:1605041
17:28:39  위험:0
17:28:39  원시위험:0
17:28:39  GPS유효:1
17:28:39  위도:37.496578
17:28:39  경도:126.958067
17:28:39  속도:0.04
17:28:39  방향:178.0
17:28:39  GPS원시속도:0.005
17:28:39  GPS원시방향유효:1
17:28:39  GPS원시방향:182.8
17:28:39  가속도:0.16,1.29,9.57
17:28:39  자이로:2.4,-2.4,-2.9
17:28:39  자력계:12.600,-58.650,0.750
17:28:39  충격값:0.16
17:28:39  송신:15617
17:28:39  지팡이수신:15102
17:28:39  GPS위성:6
17:28:39  GPS_HDOP:1.40
17:28:39  원시위도:37.496577
17:28:39  원시경도:126.958062
17:28:39  GPS채택:602
17:28:39  GPS이상치거부:24
17:28:39  GPS품질거부:84
17:28:39  GPS재기준:6
17:28:39  계산거리:17.62
17:28:39  접근속도:0.02
17:28:39  TTC:999.00
17:28:39  방향오차:110.8
17:28:39  전방여부:0
17:28:39  위험음성횟수:0
17:28:39  충격음성횟수:1
17:28:39  마지막위험음성:0
17:28:39  RSSI원시:-79
17:28:39  RSSI평활:-78.5
17:28:39  RSSI샘플:15102
17:28:39  RSSI경과ms:44
17:28:39  위험송신:15102
17:28:39  시각ms:1605091
17:28:39  IMU시각ms:1605091
17:28:39  위험:0
17:28:39  원시위험:0
17:28:39  GPS유효:1
17:28:39  위도:37.496578
17:28:39  경도:126.958067
17:28:39  속도:0.04
17:28:39  방향:178.0
17:28:39  GPS원시속도:0.005
17:28:39  GPS원시방향유효:1
17:28:39  GPS원시방향:182.8
17:28:39  가속도:0.14,1.12,9.54
17:28:39  자이로:0.3,-2.2,0.7
17:28:39  자력계:11.550,-57.600,0.150
17:28:39  충격값:0.11
17:28:39  송신:15617
17:28:39  지팡이수신:15102
17:28:39  GPS위성:6
17:28:39  GPS_HDOP:1.40
17:28:39  원시위도:37.496577
17:28:39  원시경도:126.958062
17:28:39  GPS채택:602
17:28:39  GPS이상치거부:24
17:28:39  GPS품질거부:84
17:28:39  GPS재기준:6
17:28:39  계산거리:17.62
17:28:39  접근속도:0.02
17:28:39  TTC:999.00
17:28:39  방향오차:110.8
17:28:39  전방여부:0
17:28:39  위험음성횟수:0
17:28:39  충격음성횟수:1
17:28:39  마지막위험음성:0
17:28:39  RSSI원시:-79
17:28:39  RSSI평활:-78.5
17:28:39  RSSI샘플:15102
17:28:39  RSSI경과ms:94
17:28:39  위험송신:15102
17:28:40  시각ms:1606568
17:28:40  IMU시각ms:1606568
17:28:40  위험:0
17:28:40  원시위험:0
17:28:40  GPS유효:1
17:28:40  위도:37.496577
17:28:40  경도:126.958066
17:28:40  속도:0.01
17:28:40  방향:178.0
17:28:40  GPS원시속도:0.000
17:28:40  GPS원시방향유효:1
17:28:40  GPS원시방향:182.8
17:28:40  가속도:0.07,1.18,9.79
17:28:40  자이로:2.5,-1.5,0.1
17:28:40  자력계:11.250,-58.350,1.200
17:28:40  충격값:0.16
17:28:40  송신:15631
17:28:40  지팡이수신:15114
17:28:40  GPS위성:6
17:28:40  GPS_HDOP:1.40
17:28:40  원시위도:37.496577
17:28:40  원시경도:126.958062
17:28:40  GPS채택:604
17:28:40  GPS이상치거부:24
17:28:40  GPS품질거부:84
17:28:40  GPS재기준:6
17:28:40  계산거리:17.65
17:28:40  접근속도:-0.02
17:28:40  TTC:999.00
17:28:40  방향오차:112.1
17:28:40  전방여부:0
17:28:40  위험음성횟수:0
17:28:40  충격음성횟수:1
17:28:40  마지막위험음성:0
17:28:40  RSSI원시:-77
17:28:40  RSSI평활:-76.7
17:28:40  RSSI샘플:15114
17:28:40  RSSI경과ms:40
17:28:40  위험송신:15114
17:28:41  시각ms:1607463
17:28:41  IMU시각ms:1607463
17:28:41  위험:0
17:28:41  원시위험:0
17:28:41  GPS유효:1
17:28:41  위도:37.496577
17:28:41  경도:126.958065
17:28:41  속도:0.00
17:28:41  방향:178.0
17:28:41  GPS원시속도:0.000
17:28:41  GPS원시방향유효:1
17:28:41  GPS원시방향:182.8
17:28:41  가속도:0.16,1.14,9.65
17:28:41  자이로:1.4,-1.3,3.1
17:28:41  자력계:13.350,-58.200,-0.750
17:28:41  충격값:0.08
17:28:41  송신:15640
17:28:41  지팡이수신:15119
17:28:41  GPS위성:6
17:28:41  GPS_HDOP:1.40
17:28:41  원시위도:37.496577
17:28:41  원시경도:126.958062
17:28:41  GPS채택:606
17:28:41  GPS이상치거부:24
17:28:41  GPS품질거부:84
17:28:41  GPS재기준:6
17:28:41  계산거리:17.60
17:28:41  접근속도:0.02
17:28:41  TTC:999.00
17:28:41  방향오차:112.2
17:28:41  전방여부:0
17:28:41  위험음성횟수:0
17:28:41  충격음성횟수:1
17:28:41  마지막위험음성:0
17:28:41  RSSI원시:-75
17:28:41  RSSI평활:-75.0
17:28:41  RSSI샘플:15119
17:28:41  RSSI경과ms:126
17:28:41  위험송신:15119
17:28:41  시각ms:1607726
17:28:41  IMU시각ms:1607726
17:28:41  위험:0
17:28:41  원시위험:0
17:28:41  GPS유효:1
17:28:41  위도:37.496577
17:28:41  경도:126.958065
17:28:41  속도:0.00
17:28:41  방향:178.0
17:28:41  GPS원시속도:0.000
17:28:41  GPS원시방향유효:1
17:28:41  GPS원시방향:182.8
17:28:41  가속도:0.13,1.21,9.55
17:28:41  자이로:-1.7,-0.1,-0.2
17:28:41  자력계:12.150,-58.950,1.050
17:28:41  충격값:0.11
17:28:41  송신:15643
17:28:41  지팡이수신:15121
17:28:41  GPS위성:6
17:28:41  GPS_HDOP:1.40
17:28:41  원시위도:37.496577
17:28:41  원시경도:126.958062
17:28:41  GPS채택:606
17:28:41  GPS이상치거부:24
17:28:41  GPS품질거부:84
17:28:41  GPS재기준:6
17:28:41  계산거리:17.60
17:28:41  접근속도:0.01
17:28:41  TTC:999.00
17:28:41  방향오차:112.2
17:28:41  전방여부:0
17:28:41  위험음성횟수:0
17:28:41  충격음성횟수:1
17:28:41  마지막위험음성:0
17:28:41  RSSI원시:-75
17:28:41  RSSI평활:-74.9
17:28:41  RSSI샘플:15121
17:28:41  RSSI경과ms:78
17:28:41  위험송신:15121
17:28:43  시각ms:1609613
17:28:43  IMU시각ms:1609613
17:28:43  위험:0
17:28:43  원시위험:0
17:28:43  GPS유효:1
17:28:43  위도:37.496577
17:28:43  경도:126.958064
17:28:43  속도:0.00
17:28:43  방향:178.0
17:28:43  GPS원시속도:0.000
17:28:43  GPS원시방향유효:1
17:28:43  GPS원시방향:182.8
17:28:43  가속도:0.13,1.13,9.67
17:28:43  자이로:2.4,-1.7,0.5
17:28:43  자력계:12.900,-57.600,1.200
17:28:43  충격값:0.06
17:28:43  송신:15660
17:28:43  지팡이수신:15139
17:28:43  GPS위성:6
17:28:43  GPS_HDOP:1.40
17:28:43  원시위도:37.496577
17:28:43  원시경도:126.958062
17:28:43  GPS채택:610
17:28:43  GPS이상치거부:24
17:28:43  GPS품질거부:84
17:28:43  GPS재기준:6
17:28:43  계산거리:17.51
17:28:43  접근속도:0.03
17:28:43  TTC:999.00
17:28:43  방향오차:112.3
17:28:43  전방여부:0
17:28:43  위험음성횟수:0
17:28:43  충격음성횟수:1
17:28:43  마지막위험음성:0
17:28:43  RSSI원시:-77
17:28:43  RSSI평활:-76.7
17:28:43  RSSI샘플:15139
17:28:43  RSSI경과ms:38
17:28:43  위험송신:15139
17:28:44  시각ms:1610632
17:28:44  IMU시각ms:1610632
17:28:44  위험:0
17:28:44  원시위험:0
17:28:44  GPS유효:1
17:28:44  위도:37.496577
17:28:44  경도:126.958064
17:28:44  속도:0.00
17:28:44  방향:178.0
17:28:44  GPS원시속도:0.000
17:28:44  GPS원시방향유효:1
17:28:44  GPS원시방향:182.8
17:28:44  가속도:0.16,1.24,9.70
17:28:44  자이로:3.1,0.5,-0.4
17:28:44  자력계:12.000,-57.150,0.900
17:28:44  충격값:0.11
17:28:44  송신:15670
17:28:44  지팡이수신:15149
17:28:44  GPS위성:6
17:28:44  GPS_HDOP:1.40
17:28:44  원시위도:37.496577
17:28:44  원시경도:126.958062
17:28:44  GPS채택:612
17:28:44  GPS이상치거부:24
17:28:44  GPS품질거부:84
17:28:44  GPS재기준:6
17:28:44  계산거리:17.48
17:28:44  접근속도:0.04
17:28:44  TTC:999.00
17:28:44  방향오차:112.3
17:28:44  전방여부:0
17:28:44  위험음성횟수:0
17:28:44  충격음성횟수:1
17:28:44  마지막위험음성:0
17:28:44  RSSI원시:-78
17:28:44  RSSI평활:-76.6
17:28:44  RSSI샘플:15149
17:28:44  RSSI경과ms:30
17:28:44  위험송신:15149
17:28:45  시각ms:1611709
17:28:45  IMU시각ms:1611709
17:28:45  위험:0
17:28:45  원시위험:0
17:28:45  GPS유효:1
17:28:45  위도:37.496577
17:28:45  경도:126.958064
17:28:45  속도:0.00
17:28:45  방향:178.0
17:28:45  GPS원시속도:0.000
17:28:45  GPS원시방향유효:1
17:28:45  GPS원시방향:182.8
17:28:45  가속도:0.11,1.15,9.73
17:28:45  자이로:2.2,-2.5,0.1
17:28:45  자력계:12.150,-56.700,1.050
17:28:45  충격값:0.09
17:28:45  송신:15680
17:28:45  지팡이수신:15158
17:28:45  GPS위성:6
17:28:45  GPS_HDOP:1.40
17:28:45  원시위도:37.496577
17:28:46  원시경도:126.958062
17:28:46  GPS채택:614
17:28:46  GPS이상치거부:24
17:28:46  GPS품질거부:84
17:28:46  GPS재기준:6
17:28:46  계산거리:17.45
17:28:46  접근속도:0.04
17:28:46  TTC:999.00
17:28:46  방향오차:112.4
17:28:46  전방여부:0
17:28:46  위험음성횟수:0
17:28:46  충격음성횟수:1
17:28:46  마지막위험음성:0
17:28:46  RSSI원시:-77
17:28:46  RSSI평활:-76.2
17:28:46  RSSI샘플:15158
17:28:46  RSSI경과ms:96
17:28:46  위험송신:15158
17:28:47  시각ms:1612986
17:28:47  IMU시각ms:1612986
17:28:47  위험:0
17:28:47  원시위험:0
17:28:47  GPS유효:1
17:28:47  위도:37.496577
17:28:47  경도:126.958063
17:28:47  속도:0.00
17:28:47  방향:178.0
17:28:47  GPS원시속도:0.000
17:28:47  GPS원시방향유효:1
17:28:47  GPS원시방향:182.8
17:28:47  가속도:0.16,1.21,9.63
17:28:47  자이로:0.8,0.5,1.5
17:28:47  자력계:13.350,-57.750,1.050
17:28:47  충격값:0.08
17:28:47  송신:15692
17:28:47  지팡이수신:15170
17:28:47  GPS위성:6
17:28:47  GPS_HDOP:1.40
17:28:47  원시위도:37.496577
17:28:47  원시경도:126.958062
17:28:47  GPS채택:617
17:28:47  GPS이상치거부:24
17:28:47  GPS품질거부:84
17:28:47  GPS재기준:6
17:28:47  계산거리:17.42
17:28:47  접근속도:0.02
17:28:47  TTC:999.00
17:28:47  방향오차:112.4
17:28:47  전방여부:0
17:28:47  위험음성횟수:0
17:28:47  충격음성횟수:1
17:28:47  마지막위험음성:0
17:28:47  RSSI원시:-77
17:28:47  RSSI평활:-79.6
17:28:47  RSSI샘플:15170
17:28:47  RSSI경과ms:54
17:28:47  위험송신:15170
17:28:47  시각ms:1613149
17:28:47  IMU시각ms:1613137
17:28:47  위험:0
17:28:47  원시위험:0
17:28:47  GPS유효:1
17:28:47  위도:37.496577
17:28:47  경도:126.958063
17:28:47  속도:0.00
17:28:47  방향:178.0
17:28:47  GPS원시속도:0.000
17:28:47  GPS원시방향유효:1
17:28:47  GPS원시방향:182.8
17:28:47  가속도:0.15,1.16,9.61
17:28:47  자이로:2.1,0.2,1.7
17:28:47  자력계:12.900,-57.000,1.050
17:28:47  충격값:0.06
17:28:47  송신:15694
17:28:47  지팡이수신:15171
17:28:47  GPS위성:6
17:28:47  GPS_HDOP:1.40
17:28:47  원시위도:37.496577
17:28:47  원시경도:126.958062
17:28:47  GPS채택:618
17:28:47  GPS이상치거부:24
17:28:47  GPS품질거부:84
17:28:47  GPS재기준:6
17:28:47  계산거리:17.41
17:28:47  접근속도:0.02
17:28:47  TTC:999.00
17:28:47  방향오차:112.4
17:28:47  전방여부:0
17:28:47  위험음성횟수:0
17:28:47  충격음성횟수:1
17:28:47  마지막위험음성:0
17:28:47  RSSI원시:-82
17:28:47  RSSI평활:-80.1
17:28:47  RSSI샘플:15171
17:28:47  RSSI경과ms:15
17:28:47  위험송신:15171
17:28:47  시각ms:1613724
17:28:47  IMU시각ms:1613724
17:28:47  위험:0
17:28:47  원시위험:0
17:28:47  GPS유효:1
17:28:47  위도:37.496577
17:28:47  경도:126.958063
17:28:47  속도:0.00
17:28:47  방향:178.0
17:28:47  GPS원시속도:0.000
17:28:47  GPS원시방향유효:1
17:28:47  GPS원시방향:182.8
17:28:47  가속도:0.06,1.12,9.75
17:28:47  자이로:-0.5,3.4,-2.2
17:28:47  자력계:14.100,-58.650,2.550
17:28:47  충격값:0.13
17:28:47  송신:15700
17:28:47  지팡이수신:15174
17:28:47  GPS위성:6
17:28:47  GPS_HDOP:1.40
17:28:47  원시위도:37.496577
17:28:47  원시경도:126.958062
17:28:47  GPS채택:618
17:28:47  GPS이상치거부:24
17:28:47  GPS품질거부:84
17:28:47  GPS재기준:6
17:28:47  계산거리:17.41
17:28:47  접근속도:0.02
17:28:47  TTC:999.00
17:28:47  방향오차:112.4
17:28:47  전방여부:0
17:28:47  위험음성횟수:0
17:28:47  충격음성횟수:1
17:28:47  마지막위험음성:0
17:28:47  RSSI원시:-83
17:28:47  RSSI평활:-81.6
17:28:47  RSSI샘플:15174
17:28:47  RSSI경과ms:55
17:28:47  위험송신:15174
17:28:48  시각ms:1613875
17:28:48  IMU시각ms:1613875
17:28:48  위험:0
17:28:48  원시위험:0
17:28:48  GPS유효:1
17:28:48  위도:37.496577
17:28:48  경도:126.958063
17:28:48  속도:0.00
17:28:48  방향:178.0
17:28:48  GPS원시속도:0.000
17:28:48  GPS원시방향유효:1
17:28:48  GPS원시방향:182.8
17:28:48  가속도:0.15,1.12,9.59
17:28:48  자이로:2.6,0.5,-1.6
17:28:48  자력계:12.000,-58.800,1.950
17:28:48  충격값:0.08
17:28:48  송신:15701
17:28:48  지팡이수신:15175
17:28:48  GPS위성:6
17:28:48  GPS_HDOP:1.40
17:28:48  원시위도:37.496577
17:28:48  원시경도:126.958062
17:28:48  GPS채택:618
17:28:48  GPS이상치거부:24
17:28:48  GPS품질거부:84
17:28:48  GPS재기준:6
17:28:48  계산거리:17.41
17:28:48  접근속도:0.02
17:28:48  TTC:999.00
17:28:48  방향오차:112.4
17:28:48  전방여부:0
17:28:48  위험음성횟수:0
17:28:48  충격음성횟수:1
17:28:48  마지막위험음성:0
17:28:48  RSSI원시:-83
17:28:48  RSSI평활:-81.9
17:28:48  RSSI샘플:15175
17:28:48  RSSI경과ms:27
17:28:48  위험송신:15175
