18:25:10  시각ms:107404
18:25:10  IMU시각ms:107392
18:25:10  위험:0
18:25:10  GPS유효:1
18:25:10  위도:37.496040
18:25:10  경도:126.957100
18:25:10  속도:0.167
18:25:10  방향:177.6
18:25:10  GPS원시속도:0.154
18:25:10  GPS원시방향유효:1
18:25:10  GPS원시방향:0.0
18:25:10  가속도:4.573,5.808,6.115
18:25:10  자이로:0.427,-2.863,0.359
18:25:10  자력계:-34.800,52.650,15.300
18:25:10  IMU방향유효:1
18:25:10  IMU방향:177.6
18:25:10  방향가속도크기:9.59
18:25:10  방향자이로크기:2.92
18:25:10  방향자세cos:0.9898
18:25:10  자기모델잔차:1.13
18:25:10  자기모델반경:1.115
18:25:10  방향채택:913
18:25:10  방향거부:12153
18:25:10  송신:1006
18:25:10  GPS위성:6
18:25:10  GPS_HDOP:2.59
18:25:10  원시위도:37.496043
18:25:10  원시경도:126.957099
18:25:10  GPS채택:49
18:25:10  GPS이상치거부:0
18:25:10  GPS품질거부:1
18:25:10  GPS재기준:0
18:25:10  RSSI원시:-50
18:25:10  RSSI평활:-50.0
18:25:10  RSSI샘플:1922
18:25:10  RSSI경과ms:2
18:25:10  차량수신:935
18:25:10  시각ms:107509
18:25:10  IMU시각ms:107497
18:25:10  위험:0
18:25:10  GPS유효:1
18:25:10  위도:37.496040
18:25:10  경도:126.957100
18:25:10  속도:0.167
18:25:10  방향:177.4
18:25:10  GPS원시속도:0.154
18:25:10  GPS원시방향유효:1
18:25:10  GPS원시방향:0.0
18:25:10  가속도:4.573,5.665,6.029
18:25:10  자이로:2.168,-0.992,1.221
18:25:10  자력계:-36.000,52.200,14.550
18:25:10  IMU방향유효:1
18:25:10  IMU방향:177.4
18:25:10  방향가속도크기:9.45
18:25:10  방향자이로크기:2.68
18:25:10  방향자세cos:0.9911
18:25:10  자기모델잔차:1.15
18:25:10  자기모델반경:1.085
18:25:10  방향채택:926
18:25:10  방향거부:12153
18:25:10  송신:1007
18:25:10  GPS위성:6
18:25:10  GPS_HDOP:2.59
18:25:10  원시위도:37.496043
18:25:10  원시경도:126.957099
18:25:10  GPS채택:49
18:25:10  GPS이상치거부:0
18:25:10  GPS품질거부:1
18:25:10  GPS재기준:0
18:25:10  RSSI원시:-50
18:25:10  RSSI평활:-50.0
18:25:10  RSSI샘플:1924
18:25:10  RSSI경과ms:4
18:25:10  차량수신:936
18:25:10  시각ms:107614
18:25:10  IMU시각ms:107602
18:25:10  위험:0
18:25:10  GPS유효:1
18:25:10  위도:37.496040
18:25:10  경도:126.957100
18:25:10  속도:0.167
18:25:10  방향:177.4
18:25:10  GPS원시속도:0.154
18:25:10  GPS원시방향유효:1
18:25:10  GPS원시방향:0.0
18:25:10  가속도:4.530,5.875,6.196
18:25:10  자이로:-1.840,0.061,0.275
18:25:10  자력계:-34.950,50.400,15.150
18:25:10  IMU방향유효:1
18:25:10  IMU방향:177.4
18:25:10  방향가속도크기:9.67
18:25:10  방향자이로크기:1.86
18:25:10  방향자세cos:0.9886
18:25:10  자기모델잔차:2.24
18:25:10  자기모델반경:1.148
18:25:10  방향채택:939
18:25:10  방향거부:12153
18:25:10  송신:1008
18:25:10  GPS위성:6
18:25:10  GPS_HDOP:2.59
18:25:10  원시위도:37.496043
18:25:10  원시경도:126.957099
18:25:10  GPS채택:49
18:25:10  GPS이상치거부:0
18:25:10  GPS품질거부:1
18:25:10  GPS재기준:0
18:25:10  RSSI원시:-50
18:25:10  RSSI평활:-50.0
18:25:10  RSSI샘플:1925
18:25:10  RSSI경과ms:93
18:25:10  차량수신:937
18:25:10  시각ms:107822
18:25:10  IMU시각ms:107810
18:25:10  위험:0
18:25:10  GPS유효:1
18:25:10  위도:37.496040
18:25:10  경도:126.957100
18:25:10  속도:0.167
18:25:10  방향:177.4
18:25:10  GPS원시속도:0.154
18:25:10  GPS원시방향유효:1
18:25:10  GPS원시방향:0.0
18:25:10  가속도:4.592,5.823,6.024
18:25:10  자이로:-0.092,-2.527,2.458
18:25:10  자력계:-36.750,52.200,13.500
18:25:10  IMU방향유효:1
18:25:10  IMU방향:177.4
18:25:10  방향가속도크기:9.55
18:25:10  방향자이로크기:3.53
18:25:10  방향자세cos:0.9898
18:25:10  자기모델잔차:1.40
18:25:10  자기모델반경:1.047
18:25:10  방향채택:965
18:25:10  방향거부:12153
18:25:10  송신:1010
18:25:10  GPS위성:6
18:25:10  GPS_HDOP:2.59
18:25:10  원시위도:37.496043
18:25:10  원시경도:126.957099
18:25:10  GPS채택:49
18:25:10  GPS이상치거부:0
18:25:10  GPS품질거부:1
18:25:10  GPS재기준:0
18:25:10  RSSI원시:-49
18:25:10  RSSI평활:-49.6
18:25:10  RSSI샘플:1930
18:25:10  RSSI경과ms:5
18:25:10  차량수신:939
18:25:11  시각ms:107926
18:25:11  IMU시각ms:107914
18:25:11  위험:0
18:25:11  GPS유효:1
18:25:11  위도:37.496040
18:25:11  경도:126.957100
18:25:11  속도:0.167
18:25:11  방향:177.4
18:25:11  GPS원시속도:0.154
18:25:11  GPS원시방향유효:1
18:25:11  GPS원시방향:0.0
18:25:11  가속도:4.626,5.765,6.009
18:25:11  자이로:-1.328,-0.947,2.947
18:25:11  자력계:-35.250,53.400,14.250
18:25:11  IMU방향유효:1
18:25:11  IMU방향:177.4
18:25:11  방향가속도크기:9.53
18:25:11  방향자이로크기:3.37
18:25:11  방향자세cos:0.9907
18:25:11  자기모델잔차:1.19
18:25:11  자기모델반경:1.068
18:25:11  방향채택:978
18:25:11  방향거부:12153
18:25:11  송신:1011
18:25:11  GPS위성:6
18:25:11  GPS_HDOP:2.59
18:25:11  원시위도:37.496043
18:25:11  원시경도:126.957099
18:25:11  GPS채택:49
18:25:11  GPS이상치거부:0
18:25:11  GPS품질거부:1
18:25:11  GPS재기준:0
18:25:11  RSSI원시:-45
18:25:11  RSSI평활:-48.6
18:25:11  RSSI샘플:1931
18:25:11  RSSI경과ms:92
18:25:11  차량수신:940
18:25:11  시각ms:108134
18:25:11  IMU시각ms:108122
18:25:11  위험:0
18:25:11  GPS유효:1
18:25:11  위도:37.496040
18:25:11  경도:126.957100
18:25:11  속도:0.167
18:25:11  방향:177.2
18:25:11  GPS원시속도:0.154
18:25:11  GPS원시방향유효:1
18:25:11  GPS원시방향:0.0
18:25:11  가속도:3.883,6.469,6.158
18:25:11  자이로:-39.275,-38.893,-0.504
18:25:11  자력계:-34.200,53.550,14.700
18:25:11  IMU방향유효:1
18:25:11  IMU방향:177.2
18:25:11  방향가속도크기:9.74
18:25:11  방향자이로크기:55.28
18:25:11  방향자세cos:0.9757
18:25:11  자기모델잔차:0.35
18:25:11  자기모델반경:1.135
18:25:11  방향채택:995
18:25:11  방향거부:12162
18:25:11  송신:1013
18:25:11  GPS위성:6
18:25:11  GPS_HDOP:2.59
18:25:11  원시위도:37.496043
18:25:11  원시경도:126.957099
18:25:11  GPS채택:49
18:25:11  GPS이상치거부:0
18:25:11  GPS품질거부:1
18:25:11  GPS재기준:0
18:25:11  RSSI원시:-49
18:25:11  RSSI평활:-49.2
18:25:11  RSSI샘플:1935
18:25:11  RSSI경과ms:89
18:25:11  차량수신:942
18:25:11  시각ms:108342
18:25:11  IMU시각ms:108330
18:25:11  위험:0
18:25:11  GPS유효:1
18:25:11  위도:37.496048
18:25:11  경도:126.957092
18:25:11  속도:0.169
18:25:11  방향:180.2
18:25:11  GPS원시속도:0.170
18:25:11  GPS원시방향유효:1
18:25:11  GPS원시방향:0.0
18:25:11  가속도:5.124,4.889,6.819
18:25:11  자이로:59.489,61.229,3.634
18:25:11  자력계:-38.250,47.550,14.850
18:25:11  IMU방향유효:1
18:25:11  IMU방향:180.2
18:25:11  방향가속도크기:9.83
18:25:11  방향자이로크기:85.45
18:25:11  방향자세cos:0.9994
18:25:11  자기모델잔차:2.88
18:25:11  자기모델반경:1.097
18:25:11  방향채택:1001
18:25:11  방향거부:12182
18:25:11  송신:1015
18:25:11  GPS위성:6
18:25:11  GPS_HDOP:2.59
18:25:11  원시위도:37.496054
18:25:11  원시경도:126.957093
18:25:11  GPS채택:51
18:25:11  GPS이상치거부:0
18:25:11  GPS품질거부:1
18:25:11  GPS재기준:0
18:25:11  RSSI원시:-50
18:25:11  RSSI평활:-49.7
18:25:11  RSSI샘플:1940
18:25:11  RSSI경과ms:2
18:25:11  차량수신:944
18:25:11  시각ms:108446
18:25:11  IMU시각ms:108434
18:25:11  위험:0
18:25:11  GPS유효:1
18:25:11  위도:37.496048
18:25:11  경도:126.957092
18:25:11  속도:0.169
18:25:11  방향:180.2
18:25:11  GPS원시속도:0.170
18:25:11  GPS원시방향유효:1
18:25:11  GPS원시방향:0.0
18:25:11  가속도:4.123,7.264,12.546
18:25:11  자이로:-23.160,-31.107,2.985
18:25:11  자력계:-31.950,51.300,14.400
18:25:11  IMU방향유효:1
18:25:11  IMU방향:180.2
18:25:11  방향가속도크기:15.07
18:25:11  방향자이로크기:38.90
18:25:11  방향자세cos:0.9169
18:25:11  자기모델잔차:2.88
18:25:11  자기모델반경:1.097
18:25:11  방향채택:1001
18:25:11  방향거부:12195
18:25:11  송신:1016
18:25:11  GPS위성:6
18:25:11  GPS_HDOP:2.59
18:25:11  원시위도:37.496054
18:25:11  원시경도:126.957093
18:25:11  GPS채택:51
18:25:11  GPS이상치거부:0
18:25:11  GPS품질거부:1
18:25:11  GPS재기준:0
18:25:11  RSSI원시:-51
18:25:11  RSSI평활:-50.0
18:25:11  RSSI샘플:1941
18:25:11  RSSI경과ms:92
18:25:11  차량수신:945
18:25:12  시각ms:108968
18:25:12  IMU시각ms:108956
18:25:12  위험:0
18:25:12  GPS유효:1
18:25:12  위도:37.496052
18:25:12  경도:126.957092
18:25:12  속도:0.169
18:25:12  방향:182.5
18:25:12  GPS원시속도:0.170
18:25:12  GPS원시방향유효:1
18:25:12  GPS원시방향:0.0
18:25:12  가속도:3.419,1.772,2.030
18:25:12  자이로:-5.298,63.351,12.496
18:25:12  자력계:-36.150,46.950,14.700
18:25:12  IMU방향유효:1
18:25:12  IMU방향:182.5
18:25:12  방향가속도크기:4.35
18:25:12  방향자이로크기:64.79
18:25:12  방향자세cos:0.9932
18:25:12  자기모델잔차:6.68
18:25:12  자기모델반경:1.264
18:25:12  방향채택:1009
18:25:12  방향거부:12252
18:25:12  송신:1021
18:25:12  GPS위성:6
18:25:12  GPS_HDOP:2.59
18:25:12  원시위도:37.496054
18:25:12  원시경도:126.957093
18:25:12  GPS채택:51
18:25:12  GPS이상치거부:0
18:25:12  GPS품질거부:1
18:25:12  GPS재기준:0
18:25:12  RSSI원시:-50
18:25:12  RSSI평활:-48.9
18:25:12  RSSI샘플:1952
18:25:12  RSSI경과ms:3
18:25:12  차량수신:950
18:25:12  시각ms:109072
18:25:12  IMU시각ms:109060
18:25:12  위험:0
18:25:12  GPS유효:1
18:25:12  위도:37.496052
18:25:12  경도:126.957092
18:25:12  속도:0.169
18:25:12  방향:182.5
18:25:12  GPS원시속도:0.170
18:25:12  GPS원시방향유효:1
18:25:12  GPS원시방향:0.0
18:25:12  가속도:3.055,2.978,7.293
18:25:12  자이로:3.565,12.954,6.229
18:25:12  자력계:-33.000,48.300,16.350
18:25:12  IMU방향유효:1
18:25:12  IMU방향:182.5
18:25:12  방향가속도크기:8.45
18:25:12  방향자이로크기:14.81
18:25:12  방향자세cos:0.9374
18:25:12  자기모델잔차:6.68
18:25:12  자기모델반경:1.264
18:25:12  방향채택:1009
18:25:12  방향거부:12265
18:25:12  송신:1022
18:25:12  GPS위성:6
18:25:12  GPS_HDOP:2.59
18:25:12  원시위도:37.496054
18:25:12  원시경도:126.957093
18:25:12  GPS채택:51
18:25:12  GPS이상치거부:0
18:25:12  GPS품질거부:1
18:25:12  GPS재기준:0
18:25:12  RSSI원시:-48
18:25:12  RSSI평활:-48.8
18:25:12  RSSI샘플:1953
18:25:12  RSSI경과ms:92
18:25:12  차량수신:951
18:25:12  시각ms:109281
18:25:12  IMU시각ms:109269
18:25:12  위험:0
18:25:12  GPS유효:1
18:25:12  위도:37.496052
18:25:12  경도:126.957092
18:25:12  속도:0.200
18:25:12  방향:182.5
18:25:12  GPS원시속도:0.257
18:25:12  GPS원시방향유효:1
18:25:12  GPS원시방향:0.0
18:25:12  가속도:8.217,6.627,10.381
18:25:12  자이로:-5.794,32.901,1.092
18:25:12  자력계:-28.950,52.050,16.200
18:25:12  IMU방향유효:1
18:25:12  IMU방향:182.5
18:25:12  방향가속도크기:14.81
18:25:12  방향자이로크기:33.42
18:25:12  방향자세cos:0.9705
18:25:12  자기모델잔차:6.68
18:25:12  자기모델반경:1.264
18:25:12  방향채택:1009
18:25:12  방향거부:12291
18:25:12  송신:1024
18:25:12  GPS위성:6
18:25:12  GPS_HDOP:2.59
18:25:12  원시위도:37.496054
18:25:12  원시경도:126.957085
18:25:12  GPS채택:52
18:25:12  GPS이상치거부:0
18:25:12  GPS품질거부:1
18:25:12  GPS재기준:0
18:25:12  RSSI원시:-49
18:25:12  RSSI평활:-49.9
18:25:12  RSSI샘플:1958
18:25:12  RSSI경과ms:6
18:25:12  차량수신:953
18:25:12  시각ms:109385
18:25:12  IMU시각ms:109373
18:25:12  위험:0
18:25:12  GPS유효:1
18:25:12  위도:37.496052
18:25:12  경도:126.957085
18:25:12  속도:0.220
18:25:12  방향:182.5
18:25:12  GPS원시속도:0.257
18:25:12  GPS원시방향유효:1
18:25:12  GPS원시방향:0.0
18:25:12  가속도:-0.412,-0.613,4.372
18:25:12  자이로:7.931,59.756,-2.313
18:25:12  자력계:-31.500,50.700,16.350
18:25:12  IMU방향유효:1
18:25:12  IMU방향:182.5
18:25:12  방향가속도크기:4.43
18:25:12  방향자이로크기:60.32
18:25:12  방향자세cos:0.7167
18:25:12  자기모델잔차:6.68
18:25:12  자기모델반경:1.264
18:25:12  방향채택:1009
18:25:12  방향거부:12304
18:25:12  송신:1025
18:25:12  GPS위성:6
18:25:12  GPS_HDOP:2.59
18:25:12  원시위도:37.496054
18:25:12  원시경도:126.957085
18:25:12  GPS채택:53
18:25:12  GPS이상치거부:0
18:25:12  GPS품질거부:1
18:25:12  GPS재기준:0
18:25:12  RSSI원시:-50
18:25:12  RSSI평활:-49.8
18:25:12  RSSI샘플:1960
18:25:12  RSSI경과ms:4
18:25:12  차량수신:954
18:25:12  시각ms:109489
18:25:12  IMU시각ms:109477
18:25:12  위험:0
18:25:12  GPS유효:1
18:25:12  위도:37.496052
18:25:12  경도:126.957085
18:25:12  속도:0.220
18:25:12  방향:182.5
18:25:12  GPS원시속도:0.257
18:25:12  GPS원시방향유효:1
18:25:12  GPS원시방향:0.0
18:25:12  가속도:7.154,1.733,2.284
18:25:12  자이로:-13.695,-13.267,-10.863
18:25:12  자력계:-25.800,51.750,14.850
18:25:12  IMU방향유효:1
18:25:12  IMU방향:182.5
18:25:12  방향가속도크기:7.71
18:25:12  방향자이로크기:21.94
18:25:12  방향자세cos:0.8427
18:25:12  자기모델잔차:6.68
18:25:12  자기모델반경:1.264
18:25:12  방향채택:1009
18:25:12  방향거부:12317
18:25:12  송신:1026
18:25:12  GPS위성:6
18:25:12  GPS_HDOP:2.59
18:25:12  원시위도:37.496054
18:25:12  원시경도:126.957085
18:25:12  GPS채택:53
18:25:12  GPS이상치거부:0
18:25:12  GPS품질거부:1
18:25:12  GPS재기준:0
18:25:12  RSSI원시:-45
18:25:12  RSSI평활:-48.9
18:25:12  RSSI샘플:1962
18:25:12  RSSI경과ms:1
18:25:12  차량수신:955
18:25:12  시각ms:109593
18:25:12  IMU시각ms:109581
18:25:12  위험:0
18:25:12  GPS유효:1
18:25:12  위도:37.496052
18:25:12  경도:126.957085
18:25:12  속도:0.220
18:25:12  방향:182.5
18:25:12  GPS원시속도:0.257
18:25:12  GPS원시방향유효:1
18:25:12  GPS원시방향:0.0
18:25:12  가속도:7.240,8.006,3.869
18:25:12  자이로:20.031,-17.878,-10.725
18:25:12  자력계:-28.800,51.750,15.600
18:25:12  IMU방향유효:1
18:25:12  IMU방향:182.5
18:25:12  방향가속도크기:11.47
18:25:12  방향자이로크기:28.91
18:25:12  방향자세cos:0.9367
18:25:12  자기모델잔차:6.68
18:25:12  자기모델반경:1.264
18:25:12  방향채택:1009
18:25:12  방향거부:12330
18:25:12  송신:1027
18:25:12  GPS위성:6
18:25:12  GPS_HDOP:2.59
18:25:12  원시위도:37.496054
18:25:12  원시경도:126.957085
18:25:12  GPS채택:53
18:25:12  GPS이상치거부:0
18:25:12  GPS품질거부:1
18:25:12  GPS재기준:0
18:25:12  RSSI원시:-47
18:25:12  RSSI평활:-48.4
18:25:12  RSSI샘플:1964
18:25:12  RSSI경과ms:7
18:25:12  차량수신:956
18:25:12  시각ms:109697
18:25:12  IMU시각ms:109685
18:25:12  위험:0
18:25:12  GPS유효:1
18:25:12  위도:37.496056
18:25:12  경도:126.957085
18:25:12  속도:0.220
18:25:12  방향:182.5
18:25:12  GPS원시속도:0.257
18:25:12  GPS원시방향유효:1
18:25:12  GPS원시방향:0.0
18:25:12  가속도:4.606,6.483,7.120
18:25:12  자이로:-15.763,-32.244,8.779
18:25:12  자력계:-30.000,54.900,14.250
18:25:12  IMU방향유효:1
18:25:12  IMU방향:182.5
18:25:12  방향가속도크기:10.67
18:25:12  방향자이로크기:36.95
18:25:12  방향자세cos:0.9833
18:25:12  자기모델잔차:6.68
18:25:12  자기모델반경:1.264
18:25:12  방향채택:1009
18:25:12  방향거부:12343
18:25:12  송신:1028
18:25:12  GPS위성:6
18:25:12  GPS_HDOP:2.59
18:25:12  원시위도:37.496054
18:25:12  원시경도:126.957085
18:25:12  GPS채택:53
18:25:12  GPS이상치거부:0
18:25:12  GPS품질거부:1
18:25:12  GPS재기준:0
18:25:12  RSSI원시:-48
18:25:12  RSSI평활:-48.3
18:25:12  RSSI샘플:1965
18:25:12  RSSI경과ms:83
18:25:12  차량수신:957
18:25:12  시각ms:109905
18:25:12  IMU시각ms:109893
18:25:12  위험:0
18:25:12  GPS유효:1
18:25:12  위도:37.496056
18:25:12  경도:126.957085
18:25:12  속도:0.220
18:25:12  방향:182.5
18:25:12  GPS원시속도:0.257
18:25:12  GPS원시방향유효:1
18:25:12  GPS원시방향:0.0
18:25:12  가속도:0.718,3.572,6.996
18:25:12  자이로:-7.641,32.725,4.954
18:25:12  자력계:-24.900,57.000,15.450
18:25:12  IMU방향유효:1
18:25:12  IMU방향:182.5
18:25:12  방향가속도크기:7.89
18:25:12  방향자이로크기:33.97
18:25:12  방향자세cos:0.8461
18:25:12  자기모델잔차:6.68
18:25:12  자기모델반경:1.264
18:25:12  방향채택:1009
18:25:12  방향거부:12369
18:25:12  송신:1030
18:25:12  GPS위성:6
18:25:12  GPS_HDOP:2.59
18:25:12  원시위도:37.496054
18:25:12  원시경도:126.957085
18:25:12  GPS채택:53
18:25:12  GPS이상치거부:0
18:25:12  GPS품질거부:1
18:25:12  GPS재기준:0
18:25:12  RSSI원시:-50
18:25:12  RSSI평활:-48.7
18:25:12  RSSI샘플:1970
18:25:12  RSSI경과ms:2
18:25:12  차량수신:959
18:25:13  시각ms:110217
18:25:13  IMU시각ms:110205
18:25:13  위험:0
18:25:13  GPS유효:1
18:25:13  위도:37.496056
18:25:13  경도:126.957085
18:25:13  속도:0.283
18:25:13  방향:182.5
18:25:13  GPS원시속도:0.401
18:25:13  GPS원시방향유효:1
18:25:13  GPS원시방향:0.0
18:25:13  가속도:-7.398,13.939,5.104
18:25:13  자이로:-22.786,0.771,25.847
18:25:13  자력계:-27.000,54.150,15.600
18:25:13  IMU방향유효:1
18:25:13  IMU방향:182.5
18:25:13  방향가속도크기:16.59
18:25:13  방향자이로크기:34.47
18:25:13  방향자세cos:0.9493
18:25:13  자기모델잔차:6.68
18:25:13  자기모델반경:1.264
18:25:13  방향채택:1009
18:25:13  방향거부:12408
18:25:13  송신:1033
18:25:13  GPS위성:6
18:25:13  GPS_HDOP:2.59
18:25:13  원시위도:37.496056
18:25:13  원시경도:126.957079
18:25:13  GPS채택:54
18:25:13  GPS이상치거부:0
18:25:13  GPS품질거부:1
18:25:13  GPS재기준:0
18:25:13  RSSI원시:-50
18:25:13  RSSI평활:-48.2
18:25:13  RSSI샘플:1976
18:25:13  RSSI경과ms:3
18:25:13  차량수신:962
18:25:13  시각ms:110321
18:25:13  IMU시각ms:110309
18:25:13  위험:0
18:25:13  GPS유효:1
18:25:13  위도:37.496056
18:25:13  경도:126.957085
18:25:13  속도:0.325
18:25:13  방향:182.5
18:25:13  GPS원시속도:0.401
18:25:13  GPS원시방향유효:1
18:25:13  GPS원시방향:0.0
18:25:13  가속도:5.349,4.362,7.374
18:25:13  자이로:-139.015,-184.939,6.115
18:25:13  자력계:-26.550,57.150,14.250
18:25:13  IMU방향유효:1
18:25:13  IMU방향:182.5
18:25:13  방향가속도크기:10.10
18:25:13  방향자이로크기:231.44
18:25:13  방향자세cos:0.9083
18:25:13  자기모델잔차:6.68
18:25:13  자기모델반경:1.264
18:25:13  방향채택:1009
18:25:13  방향거부:12421
18:25:13  송신:1034
18:25:13  GPS위성:6
18:25:13  GPS_HDOP:2.59
18:25:13  원시위도:37.496056
18:25:13  원시경도:126.957079
18:25:13  GPS채택:55
18:25:13  GPS이상치거부:0
18:25:13  GPS품질거부:1
18:25:13  GPS재기준:0
18:25:13  RSSI원시:-51
18:25:13  RSSI평활:-49.2
18:25:13  RSSI샘플:1978
18:25:13  RSSI경과ms:4
18:25:13  차량수신:963
18:25:13  시각ms:110425
18:25:13  IMU시각ms:110413
18:25:13  위험:0
18:25:13  GPS유효:1
18:25:13  위도:37.496056
18:25:13  경도:126.957077
18:25:13  속도:0.325
18:25:13  방향:0.0
18:25:13  GPS원시속도:0.401
18:25:13  GPS원시방향유효:1
18:25:13  GPS원시방향:0.0
18:25:13  가속도:2.916,4.827,5.780
18:25:13  자이로:104.603,68.847,12.489
18:25:13  자력계:-34.500,51.000,12.750
18:25:13  IMU방향유효:0
18:25:13  IMU방향:182.5
18:25:13  방향가속도크기:8.07
18:25:13  방향자이로크기:125.85
18:25:13  방향자세cos:0.9630
18:25:13  자기모델잔차:6.68
18:25:13  자기모델반경:1.264
18:25:13  방향채택:1009
18:25:13  방향거부:12434
18:25:13  송신:1035
18:25:13  GPS위성:6
18:25:13  GPS_HDOP:2.59
18:25:13  원시위도:37.496056
18:25:13  원시경도:126.957079
18:25:13  GPS채택:55
18:25:13  GPS이상치거부:0
18:25:13  GPS품질거부:1
18:25:13  GPS재기준:0
18:25:13  RSSI원시:-50
18:25:13  RSSI평활:-49.3
18:25:13  RSSI샘플:1979
18:25:13  RSSI경과ms:92
18:25:13  차량수신:964
18:25:13  시각ms:110530
18:25:13  IMU시각ms:110518
18:25:13  위험:0
18:25:13  GPS유효:1
18:25:13  위도:37.496056
18:25:13  경도:126.957077
18:25:13  속도:0.325
18:25:13  방향:167.1
18:25:13  GPS원시속도:0.401
18:25:13  GPS원시방향유효:1
18:25:13  GPS원시방향:0.0
18:25:13  가속도:3.089,3.448,6.895
18:25:13  자이로:-25.794,13.641,1.794
18:25:13  자력계:-28.950,56.250,15.150
18:25:13  IMU방향유효:1
18:25:13  IMU방향:167.1
18:25:13  방향가속도크기:8.30
18:25:13  방향자이로크기:29.23
18:25:13  방향자세cos:0.9544
18:25:13  자기모델잔차:2.85
18:25:13  자기모델반경:1.163
18:25:13  방향채택:1012
18:25:13  방향거부:12444
18:25:13  송신:1036
18:25:13  GPS위성:6
18:25:13  GPS_HDOP:2.59
18:25:13  원시위도:37.496056
18:25:13  원시경도:126.957079
18:25:13  GPS채택:55
18:25:13  GPS이상치거부:0
18:25:13  GPS품질거부:1
18:25:13  GPS재기준:0
18:25:13  RSSI원시:-67
18:25:13  RSSI평활:-54.5
18:25:13  RSSI샘플:1982
18:25:13  RSSI경과ms:1
18:25:13  차량수신:965
18:25:13  시각ms:110634
18:25:13  IMU시각ms:110622
18:25:13  위험:0
18:25:13  GPS유효:1
18:25:13  위도:37.496056
18:25:13  경도:126.957077
18:25:13  속도:0.325
18:25:13  방향:167.1
18:25:13  GPS원시속도:0.401
18:25:13  GPS원시방향유효:1
18:25:13  GPS원시방향:0.0
18:25:13  가속도:2.107,1.398,5.464
18:25:13  자이로:-32.580,36.351,-24.298
18:25:13  자력계:-28.200,53.100,16.200
18:25:13  IMU방향유효:1
18:25:13  IMU방향:167.1
18:25:13  방향가속도크기:6.02
18:25:13  방향자이로크기:54.53
18:25:13  방향자세cos:0.9544
18:25:13  자기모델잔차:2.85
18:25:13  자기모델반경:1.163
18:25:13  방향채택:1012
18:25:13  방향거부:12457
18:25:13  송신:1037
18:25:13  GPS위성:6
18:25:13  GPS_HDOP:2.59
18:25:13  원시위도:37.496056
18:25:13  원시경도:126.957079
18:25:13  GPS채택:55
18:25:13  GPS이상치거부:0
18:25:13  GPS품질거부:1
18:25:13  GPS재기준:0
18:25:13  RSSI원시:-65
18:25:13  RSSI평활:-58.8
18:25:13  RSSI샘플:1984
18:25:13  RSSI경과ms:7
18:25:13  차량수신:966
18:25:13  시각ms:110738
18:25:13  IMU시각ms:110726
18:25:13  위험:0
18:25:13  GPS유효:1
18:25:13  위도:37.496059
18:25:13  경도:126.957077
18:25:13  속도:0.325
18:25:13  방향:167.1
18:25:13  GPS원시속도:0.401
18:25:13  GPS원시방향유효:1
18:25:13  GPS원시방향:0.0
18:25:13  가속도:4.152,3.812,6.780
18:25:13  자이로:26.191,60.031,-40.405
18:25:13  자력계:-26.700,52.050,16.200
18:25:13  IMU방향유효:1
18:25:13  IMU방향:167.1
18:25:13  방향가속도크기:8.82
18:25:13  방향자이로크기:76.96
18:25:13  방향자세cos:0.9544
18:25:13  자기모델잔차:2.85
18:25:13  자기모델반경:1.163
18:25:13  방향채택:1012
18:25:13  방향거부:12470
18:25:13  송신:1038
18:25:13  GPS위성:6
18:25:13  GPS_HDOP:2.59
18:25:13  원시위도:37.496056
18:25:13  원시경도:126.957079
18:25:13  GPS채택:55
18:25:13  GPS이상치거부:0
18:25:13  GPS품질거부:1
18:25:13  GPS재기준:0
18:25:13  RSSI원시:-63
18:25:13  RSSI평활:-59.6
18:25:13  RSSI샘플:1985
18:25:13  RSSI경과ms:92
18:25:13  차량수신:967
18:25:14  시각ms:110946
18:25:14  IMU시각ms:110934
18:25:14  위험:0
18:25:14  GPS유효:1
18:25:14  위도:37.496059
18:25:14  경도:126.957077
18:25:14  속도:0.325
18:25:14  방향:167.1
18:25:14  GPS원시속도:0.401
18:25:14  GPS원시방향유효:1
18:25:14  GPS원시방향:0.0
18:25:14  가속도:4.314,7.666,7.159
18:25:14  자이로:-22.015,-54.802,-14.870
18:25:14  자력계:-25.650,48.900,15.150
18:25:14  IMU방향유효:1
18:25:14  IMU방향:167.1
18:25:14  방향가속도크기:11.34
18:25:14  방향자이로크기:60.90
18:25:14  방향자세cos:0.9520
18:25:14  자기모델잔차:2.85
18:25:14  자기모델반경:1.163
18:25:14  방향채택:1012
18:25:14  방향거부:12496
18:25:14  송신:1040
18:25:14  GPS위성:6
18:25:14  GPS_HDOP:2.59
18:25:14  원시위도:37.496056
18:25:14  원시경도:126.957079
18:25:14  GPS채택:55
18:25:14  GPS이상치거부:0
18:25:14  GPS품질거부:1
18:25:14  GPS재기준:0
18:25:14  RSSI원시:-64
18:25:14  RSSI평활:-61.1
18:25:14  RSSI샘플:1989
18:25:14  RSSI경과ms:92
18:25:14  차량수신:969
18:25:14  시각ms:111050
18:25:14  IMU시각ms:111038
18:25:14  위험:0
18:25:14  GPS유효:1
18:25:14  위도:37.496059
18:25:14  경도:126.957077
18:25:14  속도:0.325
18:25:14  방향:167.1
18:25:14  GPS원시속도:0.401
18:25:14  GPS원시방향유효:1
18:25:14  GPS원시방향:0.0
18:25:14  가속도:7.159,8.911,6.167
18:25:14  자이로:22.359,-51.489,-4.153
18:25:14  자력계:-28.050,49.950,15.300
18:25:14  IMU방향유효:1
18:25:14  IMU방향:167.1
18:25:14  방향가속도크기:12.99
18:25:14  방향자이로크기:56.29
18:25:14  방향자세cos:0.9664
18:25:14  자기모델잔차:2.85
18:25:14  자기모델반경:1.163
18:25:14  방향채택:1012
18:25:14  방향거부:12509
18:25:14  송신:1041
18:25:14  GPS위성:6
18:25:14  GPS_HDOP:2.59
18:25:14  원시위도:37.496056
18:25:14  원시경도:126.957079
18:25:14  GPS채택:55
18:25:14  GPS이상치거부:0
18:25:14  GPS품질거부:1
18:25:14  GPS재기준:0
18:25:14  RSSI원시:-67
18:25:14  RSSI평활:-63.2
18:25:14  RSSI샘플:1991
18:25:14  RSSI경과ms:99
18:25:14  차량수신:970
18:25:14  시각ms:111258
18:25:14  IMU시각ms:111246
18:25:14  위험:0
18:25:14  GPS유효:1
18:25:14  위도:37.496056
18:25:14  경도:126.957077
18:25:14  속도:0.459
18:25:14  방향:167.1
18:25:14  GPS원시속도:0.710
18:25:14  GPS원시방향유효:1
18:25:14  GPS원시방향:0.0
18:25:14  가속도:-0.455,0.929,7.092
18:25:14  자이로:-67.389,-14.840,-1.443
18:25:14  자력계:-33.450,49.350,14.700
18:25:14  IMU방향유효:1
18:25:14  IMU방향:167.1
18:25:14  방향가속도크기:7.17
18:25:14  방향자이로크기:69.02
18:25:14  방향자세cos:0.9189
18:25:14  자기모델잔차:2.85
18:25:14  자기모델반경:1.163
18:25:14  방향채택:1012
18:25:14  방향거부:12535
18:25:14  송신:1043
18:25:14  GPS위성:6
18:25:14  GPS_HDOP:2.59
18:25:14  원시위도:37.496052
18:25:14  원시경도:126.957081
18:25:14  GPS채택:56
18:25:14  GPS이상치거부:0
18:25:14  GPS품질거부:1
18:25:14  GPS재기준:0
18:25:14  RSSI원시:-64
18:25:14  RSSI평활:-63.3
18:25:14  RSSI샘플:1995
18:25:14  RSSI경과ms:92
18:25:14  차량수신:972
18:25:14  시각ms:111363
18:25:14  IMU시각ms:111351
18:25:14  위험:0
18:25:14  GPS유효:1
18:25:14  위도:37.496056
18:25:14  경도:126.957077
18:25:14  속도:0.547
18:25:14  방향:167.1
18:25:14  GPS원시속도:0.710
18:25:14  GPS원시방향유효:1
18:25:14  GPS원시방향:0.0
18:25:14  가속도:2.073,4.506,4.975
18:25:14  자이로:-16.366,32.229,-15.389
18:25:14  자력계:-30.900,45.900,15.900
18:25:14  IMU방향유효:1
18:25:14  IMU방향:167.1
18:25:14  방향가속도크기:7.03
18:25:14  방향자이로크기:39.29
18:25:14  방향자세cos:0.9473
18:25:14  자기모델잔차:2.85
18:25:14  자기모델반경:1.163
18:25:14  방향채택:1012
18:25:14  방향거부:12548
18:25:14  송신:1044
18:25:14  GPS위성:6
18:25:14  GPS_HDOP:2.59
18:25:14  원시위도:37.496052
18:25:14  원시경도:126.957081
18:25:14  GPS채택:57
18:25:14  GPS이상치거부:0
18:25:14  GPS품질거부:1
18:25:14  GPS재기준:0
18:25:14  RSSI원시:-74
18:25:14  RSSI평활:-67.1
18:25:14  RSSI샘플:1998
18:25:14  RSSI경과ms:7
18:25:14  차량수신:973
18:25:14  시각ms:111676
18:25:14  IMU시각ms:111664
18:25:14  위험:0
18:25:14  GPS유효:1
18:25:14  위도:37.496056
18:25:14  경도:126.957077
18:25:14  속도:0.547
18:25:14  방향:172.4
18:25:14  GPS원시속도:0.710
18:25:14  GPS원시방향유효:1
18:25:14  GPS원시방향:0.0
18:25:14  가속도:-1.978,0.120,5.693
18:25:14  자이로:-42.359,39.634,3.969
18:25:14  자력계:-31.650,45.150,13.950
18:25:14  IMU방향유효:1
18:25:14  IMU방향:172.4
18:25:14  방향가속도크기:6.03
18:25:14  방향자이로크기:58.15
18:25:14  방향자세cos:-0.0995
18:25:14  자기모델잔차:6.49
18:25:14  자기모델반경:1.315
18:25:14  방향채택:1015
18:25:14  방향거부:12584
18:25:14  송신:1047
18:25:14  GPS위성:6
18:25:14  GPS_HDOP:2.59
18:25:14  원시위도:37.496052
18:25:14  원시경도:126.957081
18:25:14  GPS채택:57
18:25:14  GPS이상치거부:0
18:25:14  GPS품질거부:1
18:25:14  GPS재기준:0
18:25:14  RSSI원시:-59
18:25:14  RSSI평활:-65.6
18:25:14  RSSI샘플:2003
18:25:14  RSSI경과ms:7
18:25:14  차량수신:975
18:25:14  시각ms:111780
18:25:14  IMU시각ms:111768
18:25:14  위험:0
18:25:14  GPS유효:1
18:25:14  위도:37.496056
18:25:14  경도:126.957077
18:25:14  속도:0.547
18:25:14  방향:172.4
18:25:14  GPS원시속도:0.710
18:25:14  GPS원시방향유효:1
18:25:14  GPS원시방향:0.0
18:25:14  가속도:0.953,2.327,10.094
18:25:14  자이로:14.840,30.031,21.565
18:25:14  자력계:-28.500,44.850,13.500
18:25:14  IMU방향유효:1
18:25:14  IMU방향:172.4
18:25:14  방향가속도크기:10.40
18:25:14  방향자이로크기:39.84
18:25:14  방향자세cos:0.7828
18:25:14  자기모델잔차:6.49
18:25:14  자기모델반경:1.315
18:25:14  방향채택:1015
18:25:14  방향거부:12597
18:25:14  송신:1048
18:25:14  GPS위성:6
18:25:14  GPS_HDOP:2.59
18:25:14  원시위도:37.496052
18:25:14  원시경도:126.957081
18:25:14  GPS채택:57
18:25:14  GPS이상치거부:0
18:25:14  GPS품질거부:1
18:25:14  GPS재기준:0
18:25:14  RSSI원시:-60
18:25:14  RSSI평활:-64.5
18:25:14  RSSI샘플:2004
18:25:14  RSSI경과ms:93
18:25:14  차량수신:976
18:25:14  시각ms:111884
18:25:14  IMU시각ms:111872
18:25:14  위험:0
18:25:14  GPS유효:1
18:25:14  위도:37.496056
18:25:14  경도:126.957077
18:25:14  속도:0.547
18:25:14  방향:172.4
18:25:14  GPS원시속도:0.710
18:25:14  GPS원시방향유효:1
18:25:14  GPS원시방향:0.0
18:25:14  가속도:3.510,7.336,6.038
18:25:14  자이로:1.702,-31.878,15.656
18:25:14  자력계:-26.550,45.300,16.050
18:25:14  IMU방향유효:1
18:25:14  IMU방향:172.4
18:25:14  방향가속도크기:10.13
18:25:14  방향자이로크기:35.56
18:25:14  방향자세cos:0.9483
18:25:14  자기모델잔차:6.49
18:25:14  자기모델반경:1.315
18:25:14  방향채택:1015
18:25:14  방향거부:12610
18:25:14  송신:1049
18:25:14  GPS위성:6
18:25:14  GPS_HDOP:2.59
18:25:14  원시위도:37.496052
18:25:14  원시경도:126.957081
18:25:14  GPS채택:57
18:25:14  GPS이상치거부:0
18:25:14  GPS품질거부:1
18:25:14  GPS재기준:0
18:25:14  RSSI원시:-74
18:25:14  RSSI평활:-66.0
18:25:14  RSSI샘플:2007
18:25:14  RSSI경과ms:1
18:25:14  차량수신:977
18:25:15  시각ms:112196
18:25:15  IMU시각ms:112184
18:25:15  위험:0
18:25:15  GPS유효:1
18:25:15  위도:37.496056
18:25:15  경도:126.957077
18:25:15  속도:0.547
18:25:15  방향:172.4
18:25:15  GPS원시속도:0.710
18:25:15  GPS원시방향유효:1
18:25:15  GPS원시방향:0.0
18:25:15  가속도:-0.024,2.433,7.446
18:25:15  자이로:-47.893,-15.992,-16.527
18:25:15  자력계:-31.500,46.800,13.800
18:25:15  IMU방향유효:1
18:25:15  IMU방향:172.4
18:25:15  방향가속도크기:7.83
18:25:15  방향자이로크기:53.13
18:25:15  방향자세cos:0.2422
18:25:15  자기모델잔차:6.49
18:25:15  자기모델반경:1.315
18:25:15  방향채택:1015
18:25:15  방향거부:12649
18:25:15  송신:1052
18:25:15  GPS위성:6
18:25:15  GPS_HDOP:2.59
18:25:15  원시위도:37.496052
18:25:15  원시경도:126.957081
18:25:15  GPS채택:57
18:25:15  GPS이상치거부:0
18:25:15  GPS품질거부:1
18:25:15  GPS재기준:0
18:25:15  RSSI원시:-63
18:25:15  RSSI평활:-67.1
18:25:15  RSSI샘플:2013
18:25:15  RSSI경과ms:1
18:25:15  차량수신:980
18:25:15  시각ms:112301
18:25:15  IMU시각ms:112289
18:25:15  위험:0
18:25:15  GPS유효:1
18:25:15  위도:37.496052
18:25:15  경도:126.957077
18:25:15  속도:0.582
18:25:15  방향:172.4
18:25:15  GPS원시속도:0.648
18:25:15  GPS원시방향유효:1
18:25:15  GPS원시방향:0.0
18:25:15  가속도:2.456,3.486,5.990
18:25:15  자이로:-10.885,7.542,-35.069
18:25:15  자력계:-30.150,45.150,16.200
18:25:15  IMU방향유효:1
18:25:15  IMU방향:172.4
18:25:15  방향가속도크기:7.35
18:25:15  방향자이로크기:37.49
18:25:15  방향자세cos:0.9524
18:25:15  자기모델잔차:6.49
18:25:15  자기모델반경:1.315
18:25:15  방향채택:1015
18:25:15  방향거부:12662
18:25:15  송신:1053
18:25:15  GPS위성:6
18:25:15  GPS_HDOP:2.59
18:25:15  원시위도:37.496044
18:25:15  원시경도:126.957079
18:25:15  GPS채택:58
18:25:15  GPS이상치거부:0
18:25:15  GPS품질거부:1
18:25:15  GPS재기준:0
18:25:15  RSSI원시:-63
18:25:15  RSSI평활:-66.3
18:25:15  RSSI샘플:2014
18:25:15  RSSI경과ms:93
18:25:15  차량수신:981
18:25:15  시각ms:112510
18:25:15  IMU시각ms:112498
18:25:15  위험:0
18:25:15  GPS유효:1
18:25:15  위도:37.496048
18:25:15  경도:126.957077
18:25:15  속도:0.605
18:25:15  방향:175.4
18:25:15  GPS원시속도:0.648
18:25:15  GPS원시방향유효:1
18:25:15  GPS원시방향:0.0
18:25:15  가속도:16.266,17.597,19.613
18:25:15  자이로:-14.656,-52.802,-5.679
18:25:15  자력계:-31.800,48.750,15.600
18:25:15  IMU방향유효:1
18:25:15  IMU방향:175.4
18:25:15  방향가속도크기:30.97
18:25:15  방향자이로크기:55.09
18:25:15  방향자세cos:0.9938
18:25:15  자기모델잔차:4.30
18:25:15  자기모델반경:1.259
18:25:15  방향채택:1025
18:25:15  방향거부:12678
18:25:15  송신:1055
18:25:15  GPS위성:6
18:25:15  GPS_HDOP:2.59
18:25:15  원시위도:37.496044
18:25:15  원시경도:126.957079
18:25:15  GPS채택:59
18:25:15  GPS이상치거부:0
18:25:15  GPS품질거부:1
18:25:15  GPS재기준:0
18:25:15  RSSI원시:-66
18:25:15  RSSI평활:-66.6
18:25:15  RSSI샘플:2019
18:25:15  RSSI경과ms:4
18:25:15  차량수신:983
18:25:15  시각ms:112614
18:25:15  IMU시각ms:112602
18:25:15  위험:0
18:25:15  GPS유효:1
18:25:15  위도:37.496048
18:25:15  경도:126.957077
18:25:15  속도:0.605
18:25:15  방향:175.4
18:25:15  GPS원시속도:0.648
18:25:15  GPS원시방향유효:1
18:25:15  GPS원시방향:0.0
18:25:15  가속도:2.222,-0.881,5.789
18:25:15  자이로:-23.198,39.176,5.015
18:25:15  자력계:-34.650,46.650,14.700
18:25:15  IMU방향유효:1
18:25:15  IMU방향:175.4
18:25:15  방향가속도크기:6.26
18:25:15  방향자이로크기:45.80
18:25:15  방향자세cos:0.9938
18:25:15  자기모델잔차:4.30
18:25:15  자기모델반경:1.259
18:25:15  방향채택:1025
18:25:15  방향거부:12691
18:25:15  송신:1056
18:25:15  GPS위성:6
18:25:15  GPS_HDOP:2.59
18:25:15  원시위도:37.496044
18:25:15  원시경도:126.957079
18:25:15  GPS채택:59
18:25:15  GPS이상치거부:0
18:25:15  GPS품질거부:1
18:25:15  GPS재기준:0
18:25:15  RSSI원시:-61
18:25:15  RSSI평활:-65.2
18:25:15  RSSI샘플:2021
18:25:15  RSSI경과ms:5
18:25:15  차량수신:984
18:25:15  시각ms:112718
18:25:15  IMU시각ms:112706
18:25:15  위험:0
18:25:15  GPS유효:1
18:25:15  위도:37.496048
18:25:15  경도:126.957077
18:25:15  속도:0.605
18:25:15  방향:175.4
18:25:15  GPS원시속도:0.648
18:25:15  GPS원시방향유효:1
18:25:15  GPS원시방향:0.0
18:25:15  가속도:1.542,2.844,7.724
18:25:15  자이로:6.679,43.656,17.863
18:25:15  자력계:-29.250,47.550,15.300
18:25:15  IMU방향유효:1
18:25:15  IMU방향:175.4
18:25:15  방향가속도크기:8.37
18:25:15  방향자이로크기:47.64
18:25:15  방향자세cos:0.9938
18:25:15  자기모델잔차:4.30
18:25:15  자기모델반경:1.259
18:25:15  방향채택:1025
18:25:15  방향거부:12704
18:25:15  송신:1057
18:25:15  GPS위성:6
18:25:15  GPS_HDOP:2.59
18:25:15  원시위도:37.496044
18:25:15  원시경도:126.957079
18:25:15  GPS채택:59
18:25:15  GPS이상치거부:0
18:25:15  GPS품질거부:1
18:25:15  GPS재기준:0
18:25:15  RSSI원시:-66
18:25:15  RSSI평활:-64.5
18:25:15  RSSI샘플:2023
18:25:15  RSSI경과ms:3
18:25:15  차량수신:985
18:25:16  시각ms:113238
18:25:16  IMU시각ms:113226
18:25:16  위험:0
18:25:16  GPS유효:1
18:25:16  위도:37.496040
18:25:16  경도:126.957069
18:25:16  속도:0.601
18:25:16  방향:175.4
18:25:16  GPS원시속도:0.592
18:25:16  GPS원시방향유효:1
18:25:16  GPS원시방향:0.0
18:25:16  가속도:-0.225,3.285,8.485
18:25:16  자이로:-15.954,42.458,-31.626
18:25:16  자력계:-30.300,48.300,12.000
18:25:16  IMU방향유효:1
18:25:16  IMU방향:175.4
18:25:16  방향가속도크기:9.10
18:25:16  방향자이로크기:55.29
18:25:16  방향자세cos:0.8396
18:25:16  자기모델잔차:4.30
18:25:16  자기모델반경:1.259
18:25:16  방향채택:1025
18:25:16  방향거부:12769
18:25:16  송신:1062
18:25:16  GPS위성:6
18:25:16  GPS_HDOP:2.59
18:25:16  원시위도:37.496033
18:25:16  원시경도:126.957060
18:25:16  GPS채택:60
18:25:16  GPS이상치거부:0
18:25:16  GPS품질거부:1
18:25:16  GPS재기준:0
18:25:16  RSSI원시:-69
18:25:16  RSSI평활:-67.7
18:25:16  RSSI샘플:2033
18:25:16  RSSI경과ms:1
18:25:16  차량수신:990
18:25:16  시각ms:113550
18:25:16  IMU시각ms:113538
18:25:16  위험:0
18:25:16  GPS유효:1
18:25:16  위도:37.496037
18:25:16  경도:126.957062
18:25:16  속도:0.597
18:25:16  방향:178.3
18:25:16  GPS원시속도:0.592
18:25:16  GPS원시방향유효:1
18:25:16  GPS원시방향:0.0
18:25:16  가속도:7.245,8.959,7.317
18:25:16  자이로:31.817,-45.756,-8.427
18:25:16  자력계:-33.000,47.250,15.300
18:25:16  IMU방향유효:1
18:25:16  IMU방향:178.3
18:25:16  방향가속도크기:13.65
18:25:16  방향자이로크기:56.36
18:25:16  방향자세cos:0.9231
18:25:16  자기모델잔차:8.41
18:25:16  자기모델반경:1.258
18:25:16  방향채택:1030
18:25:16  방향거부:12803
18:25:16  송신:1065
18:25:16  GPS위성:6
18:25:16  GPS_HDOP:2.59
18:25:16  원시위도:37.496033
18:25:16  원시경도:126.957060
18:25:16  GPS채택:61
18:25:16  GPS이상치거부:0
18:25:16  GPS품질거부:1
18:25:16  GPS재기준:0
18:25:16  RSSI원시:-71
18:25:16  RSSI평활:-70.7
18:25:16  RSSI샘플:2038
18:25:16  RSSI경과ms:77
18:25:16  차량수신:993
18:25:16  시각ms:113654
18:25:16  IMU시각ms:113642
18:25:16  위험:0
18:25:16  GPS유효:1
18:25:16  위도:37.496037
18:25:16  경도:126.957062
18:25:16  속도:0.597
18:25:16  방향:178.3
18:25:16  GPS원시속도:0.592
18:25:16  GPS원시방향유효:1
18:25:16  GPS원시방향:0.0
18:25:16  가속도:9.237,6.608,18.172
18:25:16  자이로:-10.237,27.023,16.252
18:25:16  자력계:-33.450,48.150,14.700
18:25:16  IMU방향유효:1
18:25:16  IMU방향:178.3
18:25:16  방향가속도크기:21.43
18:25:16  방향자이로크기:33.15
18:25:16  방향자세cos:0.9064
18:25:16  자기모델잔차:8.41
18:25:16  자기모델반경:1.258
18:25:16  방향채택:1030
18:25:16  방향거부:12816
18:25:16  송신:1066
18:25:16  GPS위성:6
18:25:16  GPS_HDOP:2.59
18:25:16  원시위도:37.496033
18:25:16  원시경도:126.957060
18:25:16  GPS채택:61
18:25:16  GPS이상치거부:0
18:25:16  GPS품질거부:1
18:25:16  GPS재기준:0
18:25:16  RSSI원시:-63
18:25:16  RSSI평활:-68.4
18:25:16  RSSI샘플:2041
18:25:16  RSSI경과ms:4
18:25:16  차량수신:994
18:25:16  시각ms:113758
18:25:16  IMU시각ms:113746
18:25:16  위험:0
18:25:16  GPS유효:1
18:25:16  위도:37.496037
18:25:16  경도:126.957062
18:25:16  속도:0.597
18:25:16  방향:178.3
18:25:16  GPS원시속도:0.592
18:25:16  GPS원시방향유효:1
18:25:16  GPS원시방향:0.0
18:25:16  가속도:2.174,-0.129,6.991
18:25:16  자이로:17.908,86.718,19.061
18:25:16  자력계:-34.200,45.450,13.950
18:25:16  IMU방향유효:1
18:25:16  IMU방향:178.3
18:25:16  방향가속도크기:7.32
18:25:16  방향자이로크기:90.58
18:25:16  방향자세cos:0.9064
18:25:16  자기모델잔차:8.41
18:25:16  자기모델반경:1.258
18:25:16  방향채택:1030
18:25:16  방향거부:12829
18:25:16  송신:1067
18:25:16  GPS위성:6
18:25:16  GPS_HDOP:2.59
18:25:16  원시위도:37.496033
18:25:16  원시경도:126.957060
18:25:16  GPS채택:61
18:25:16  GPS이상치거부:0
18:25:16  GPS품질거부:1
18:25:16  GPS재기준:0
18:25:16  RSSI원시:-65
18:25:16  RSSI평활:-67.5
18:25:16  RSSI샘플:2043
18:25:16  RSSI경과ms:1
18:25:16  차량수신:995
18:25:16  시각ms:113862
18:25:16  IMU시각ms:113850
18:25:16  위험:0
18:25:16  GPS유효:1
18:25:16  위도:37.496037
18:25:16  경도:126.957062
18:25:16  속도:0.597
18:25:16  방향:178.3
18:25:16  GPS원시속도:0.592
18:25:16  GPS원시방향유효:1
18:25:16  GPS원시방향:0.0
18:25:16  가속도:2.744,3.759,6.579
18:25:16  자이로:-9.092,16.313,31.191
18:25:16  자력계:-28.800,46.800,16.050
18:25:16  IMU방향유효:1
18:25:16  IMU방향:178.3
18:25:16  방향가속도크기:8.06
18:25:16  방향자이로크기:36.35
18:25:16  방향자세cos:0.9534
18:25:16  자기모델잔차:8.41
18:25:16  자기모델반경:1.258
18:25:16  방향채택:1030
18:25:16  방향거부:12842
18:25:16  송신:1068
18:25:16  GPS위성:6
18:25:16  GPS_HDOP:2.59
18:25:16  원시위도:37.496033
18:25:16  원시경도:126.957060
18:25:16  GPS채택:61
18:25:16  GPS이상치거부:0
18:25:16  GPS품질거부:1
18:25:16  GPS재기준:0
18:25:16  RSSI원시:-66
18:25:16  RSSI평활:-67.2
18:25:16  RSSI샘플:2044
18:25:16  RSSI경과ms:74
18:25:16  차량수신:996
18:25:17  시각ms:113966
18:25:17  IMU시각ms:113954
18:25:17  위험:0
18:25:17  GPS유효:1
18:25:17  위도:37.496037
18:25:17  경도:126.957062
18:25:17  속도:0.597
18:25:17  방향:178.3
18:25:17  GPS원시속도:0.592
18:25:17  GPS원시방향유효:1
18:25:17  GPS원시방향:0.0
18:25:17  가속도:4.085,6.555,3.328
18:25:17  자이로:20.122,-3.351,30.695
18:25:17  자력계:-28.050,45.300,15.300
18:25:17  IMU방향유효:1
18:25:17  IMU방향:178.3
18:25:17  방향가속도크기:8.41
18:25:17  방향자이로크기:36.86
18:25:17  방향자세cos:0.9301
18:25:17  자기모델잔차:8.41
18:25:17  자기모델반경:1.258
18:25:17  방향채택:1030
18:25:17  방향거부:12855
18:25:17  송신:1069
18:25:17  GPS위성:6
18:25:17  GPS_HDOP:2.59
18:25:17  원시위도:37.496033
18:25:17  원시경도:126.957060
18:25:17  GPS채택:61
18:25:17  GPS이상치거부:0
18:25:17  GPS품질거부:1
18:25:17  GPS재기준:0
18:25:17  RSSI원시:-75
18:25:17  RSSI평활:-69.2
18:25:17  RSSI샘플:2046
18:25:17  RSSI경과ms:72
18:25:17  차량수신:997
18:25:17  시각ms:114070
18:25:17  IMU시각ms:114058
18:25:17  위험:0
18:25:17  GPS유효:1
18:25:17  위도:37.496037
18:25:17  경도:126.957062
18:25:17  속도:0.597
18:25:17  방향:178.3
18:25:17  GPS원시속도:0.592
18:25:17  GPS원시방향유효:1
18:25:17  GPS원시방향:0.0
18:25:17  가속도:5.703,6.661,5.310
18:25:17  자이로:20.748,-46.466,22.504
18:25:17  자력계:-32.550,44.850,15.300
18:25:17  IMU방향유효:1
18:25:17  IMU방향:178.3
18:25:17  방향가속도크기:10.25
18:25:17  방향자이로크기:55.64
18:25:17  방향자세cos:0.8413
18:25:17  자기모델잔차:8.41
18:25:17  자기모델반경:1.258
18:25:17  방향채택:1030
18:25:17  방향거부:12868
18:25:17  송신:1070
18:25:17  GPS위성:6
18:25:17  GPS_HDOP:2.59
18:25:17  원시위도:37.496033
18:25:17  원시경도:126.957060
18:25:17  GPS채택:61
18:25:17  GPS이상치거부:0
18:25:17  GPS품질거부:1
18:25:17  GPS재기준:0
18:25:17  RSSI원시:-78
18:25:17  RSSI평활:-73.2
18:25:17  RSSI샘플:2049
18:25:17  RSSI경과ms:5
18:25:17  차량수신:998
18:25:17  시각ms:114174
18:25:17  IMU시각ms:114162
18:25:17  위험:0
18:25:17  GPS유효:1
18:25:17  위도:37.496037
18:25:17  경도:126.957062
18:25:17  속도:0.597
18:25:17  방향:178.3
18:25:17  GPS원시속도:0.592
18:25:17  GPS원시방향유효:1
18:25:17  GPS원시방향:0.0
18:25:17  가속도:-4.343,-14.255,-19.613
18:25:17  자이로:238.443,21.710,45.023
18:25:17  자력계:-29.700,51.600,13.950
18:25:17  IMU방향유효:1
18:25:17  IMU방향:178.3
18:25:17  방향가속도크기:24.63
18:25:17  방향자이로크기:243.63
18:25:17  방향자세cos:0.8413
18:25:17  자기모델잔차:8.41
18:25:17  자기모델반경:1.258
18:25:17  방향채택:1030
18:25:17  방향거부:12881
18:25:17  송신:1071
18:25:17  GPS위성:6
18:25:17  GPS_HDOP:2.59
18:25:17  원시위도:37.496033
18:25:17  원시경도:126.957060
18:25:17  GPS채택:61
18:25:17  GPS이상치거부:0
18:25:17  GPS품질거부:1
18:25:17  GPS재기준:0
18:25:17  RSSI원시:-78
18:25:17  RSSI평활:-74.3
18:25:17  RSSI샘플:2051
18:25:17  RSSI경과ms:4
18:25:17  차량수신:999
18:25:17  시각ms:114486
18:25:17  IMU시각ms:114474
18:25:17  위험:0
18:25:17  GPS유효:1
18:25:17  위도:37.496029
18:25:17  경도:126.957047
18:25:17  속도:0.609
18:25:17  방향:178.3
18:25:17  GPS원시속도:0.617
18:25:17  GPS원시방향유효:1
18:25:17  GPS원시방향:0.0
18:25:17  가속도:8.758,6.426,8.337
18:25:17  자이로:-13.855,-61.916,14.847
18:25:17  자력계:-24.300,49.950,16.350
18:25:17  IMU방향유효:1
18:25:17  IMU방향:178.3
18:25:17  방향가속도크기:13.69
18:25:17  방향자이로크기:65.16
18:25:17  방향자세cos:0.9780
18:25:17  자기모델잔차:8.41
18:25:17  자기모델반경:1.258
18:25:17  방향채택:1030
18:25:17  방향거부:12920
18:25:17  송신:1074
18:25:17  GPS위성:6
18:25:17  GPS_HDOP:2.59
18:25:17  원시위도:37.496026
18:25:17  원시경도:126.957046
18:25:17  GPS채택:63
18:25:17  GPS이상치거부:0
18:25:17  GPS품질거부:1
18:25:17  GPS재기준:0
18:25:17  RSSI원시:-69
18:25:17  RSSI평활:-70.0
18:25:17  RSSI샘플:2057
18:25:17  RSSI경과ms:3
18:25:17  차량수신:1002
18:25:17  시각ms:114798
18:25:17  IMU시각ms:114786
18:25:17  위험:0
18:25:17  GPS유효:1
18:25:17  위도:37.496029
18:25:17  경도:126.957047
18:25:17  속도:0.609
18:25:17  방향:178.3
18:25:17  GPS원시속도:0.617
18:25:17  GPS원시방향유효:1
18:25:17  GPS원시방향:0.0
18:25:17  가속도:-0.230,3.237,7.283
18:25:17  자이로:5.733,60.931,-33.031
18:25:17  자력계:-23.250,52.200,16.800
18:25:17  IMU방향유효:1
18:25:17  IMU방향:178.3
18:25:17  방향가속도크기:7.97
18:25:17  방향자이로크기:69.54
18:25:17  방향자세cos:0.7722
18:25:17  자기모델잔차:8.41
18:25:17  자기모델반경:1.258
18:25:17  방향채택:1030
18:25:17  방향거부:12959
18:25:17  송신:1077
18:25:17  GPS위성:6
18:25:17  GPS_HDOP:2.59
18:25:17  원시위도:37.496026
18:25:17  원시경도:126.957046
18:25:17  GPS채택:63
18:25:17  GPS이상치거부:0
18:25:17  GPS품질거부:1
18:25:17  GPS재기준:0
18:25:17  RSSI원시:-67
18:25:17  RSSI평활:-70.4
18:25:17  RSSI샘플:2062
18:25:17  RSSI경과ms:66
18:25:17  차량수신:1005
18:25:18  시각ms:115006
18:25:18  IMU시각ms:114994
18:25:18  위험:0
18:25:18  GPS유효:1
18:25:18  위도:37.496025
18:25:18  경도:126.957047
18:25:18  속도:0.609
18:25:18  방향:164.8
18:25:18  GPS원시속도:0.617
18:25:18  GPS원시방향유효:1
18:25:18  GPS원시방향:0.0
18:25:18  가속도:10.285,6.062,-5.171
18:25:18  자이로:1.664,-35.969,1.038
18:25:18  자력계:-24.450,53.550,15.450
18:25:18  IMU방향유효:1
18:25:18  IMU방향:164.8
18:25:18  방향가속도크기:13.01
18:25:18  방향자이로크기:36.02
18:25:18  방향자세cos:0.9871
18:25:18  자기모델잔차:4.40
18:25:18  자기모델반경:1.272
18:25:18  방향채택:1031
18:25:18  방향거부:12984
18:25:18  송신:1079
18:25:18  GPS위성:6
18:25:18  GPS_HDOP:2.59
18:25:18  원시위도:37.496026
18:25:18  원시경도:126.957046
18:25:18  GPS채택:63
18:25:18  GPS이상치거부:0
18:25:18  GPS품질거부:1
18:25:18  GPS재기준:0
18:25:18  RSSI원시:-73
18:25:18  RSSI평활:-69.8
18:25:18  RSSI샘플:2065
18:25:18  RSSI경과ms:103
18:25:18  차량수신:1006
18:25:18  시각ms:115214
18:25:18  IMU시각ms:115202
18:25:18  위험:0
18:25:18  GPS유효:1
18:25:18  위도:37.496025
18:25:18  경도:126.957039
18:25:18  속도:0.635
18:25:18  방향:164.8
18:25:18  GPS원시속도:0.684
18:25:18  GPS원시방향유효:1
18:25:18  GPS원시방향:0.0
18:25:18  가속도:1.547,-0.594,2.868
18:25:18  자이로:-41.313,-1.198,-2.252
18:25:18  자력계:-36.150,46.200,12.150
18:25:18  IMU방향유효:1
18:25:18  IMU방향:164.8
18:25:18  방향가속도크기:3.31
18:25:18  방향자이로크기:41.39
18:25:18  방향자세cos:0.8566
18:25:18  자기모델잔차:4.40
18:25:18  자기모델반경:1.272
18:25:18  방향채택:1031
18:25:18  방향거부:13010
18:25:18  송신:1081
18:25:18  GPS위성:6
18:25:18  GPS_HDOP:2.59
18:25:18  원시위도:37.496020
18:25:18  원시경도:126.957038
18:25:18  GPS채택:64
18:25:18  GPS이상치거부:0
18:25:18  GPS품질거부:1
18:25:18  GPS재기준:0
18:25:18  RSSI원시:-75
18:25:18  RSSI평활:-70.5
18:25:18  RSSI샘플:2069
18:25:18  RSSI경과ms:63
18:25:18  차량수신:1008
18:25:18  시각ms:115318
18:25:18  IMU시각ms:115306
18:25:18  위험:0
18:25:18  GPS유효:1
18:25:18  위도:37.496021
18:25:18  경도:126.957039
18:25:18  속도:0.652
18:25:18  방향:164.8
18:25:18  GPS원시속도:0.684
18:25:18  GPS원시방향유효:1
18:25:18  GPS원시방향:0.0
18:25:18  가속도:1.178,1.628,5.679
18:25:18  자이로:11.519,42.595,-22.359
18:25:18  자력계:-31.800,47.550,13.800
18:25:18  IMU방향유효:1
18:25:18  IMU방향:164.8
18:25:18  방향가속도크기:6.02
18:25:18  방향자이로크기:49.47
18:25:18  방향자세cos:0.8566
18:25:18  자기모델잔차:4.40
18:25:18  자기모델반경:1.272
18:25:18  방향채택:1031
18:25:18  방향거부:13023
18:25:18  송신:1082
18:25:18  GPS위성:6
18:25:18  GPS_HDOP:2.59
18:25:18  원시위도:37.496020
18:25:18  원시경도:126.957038
18:25:18  GPS채택:65
18:25:18  GPS이상치거부:0
18:25:18  GPS품질거부:1
18:25:18  GPS재기준:0
18:25:18  RSSI원시:-71
18:25:18  RSSI평활:-73.0
18:25:18  RSSI샘플:2072
18:25:18  RSSI경과ms:5
18:25:18  차량수신:1009
18:25:18  시각ms:115526
18:25:18  IMU시각ms:115514
18:25:18  위험:0
18:25:18  GPS유효:1
18:25:18  위도:37.496021
18:25:18  경도:126.957039
18:25:18  속도:0.652
18:25:18  방향:169.9
18:25:18  GPS원시속도:0.684
18:25:18  GPS원시방향유효:1
18:25:18  GPS원시방향:0.0
18:25:18  가속도:-19.613,-3.050,-19.613
18:25:18  자이로:130.504,-117.466,31.305
18:25:18  자력계:-29.250,54.150,16.050
18:25:18  IMU방향유효:1
18:25:18  IMU방향:169.9
18:25:18  방향가속도크기:27.90
18:25:18  방향자이로크기:178.35
18:25:18  방향자세cos:0.9113
18:25:18  자기모델잔차:6.60
18:25:18  자기모델반경:1.266
18:25:18  방향채택:1033
18:25:18  방향거부:13047
18:25:18  송신:1084
18:25:18  GPS위성:6
18:25:18  GPS_HDOP:2.59
18:25:18  원시위도:37.496020
18:25:18  원시경도:126.957038
18:25:18  GPS채택:65
18:25:18  GPS이상치거부:0
18:25:18  GPS품질거부:1
18:25:18  GPS재기준:0
18:25:18  RSSI원시:-77
18:25:18  RSSI평활:-74.3
18:25:18  RSSI샘플:2074
18:25:18  RSSI경과ms:105
18:25:18  차량수신:1010
18:25:18  시각ms:115735
18:25:18  IMU시각ms:115723
18:25:18  위험:0
18:25:18  GPS유효:1
18:25:18  위도:37.496021
18:25:18  경도:126.957039
18:25:18  속도:0.652
18:25:18  방향:169.9
18:25:18  GPS원시속도:0.684
18:25:18  GPS원시방향유효:1
18:25:18  GPS원시방향:0.0
18:25:18  가속도:0.699,0.283,7.551
18:25:18  자이로:-0.710,33.802,15.397
18:25:18  자력계:-29.700,49.650,16.950
18:25:18  IMU방향유효:1
18:25:18  IMU방향:169.9
18:25:18  방향가속도크기:7.59
18:25:18  방향자이로크기:37.15
18:25:18  방향자세cos:0.7039
18:25:18  자기모델잔차:6.60
18:25:18  자기모델반경:1.266
18:25:18  방향채택:1033
18:25:18  방향거부:13073
18:25:18  송신:1086
18:25:18  GPS위성:6
18:25:18  GPS_HDOP:2.59
18:25:18  원시위도:37.496020
18:25:18  원시경도:126.957038
18:25:18  GPS채택:65
18:25:18  GPS이상치거부:0
18:25:18  GPS품질거부:1
18:25:18  GPS재기준:0
18:25:18  RSSI원시:-67
18:25:18  RSSI평활:-70.5
18:25:18  RSSI샘플:2078
18:25:18  RSSI경과ms:58
18:25:18  차량수신:1012
18:25:19  시각ms:115943
18:25:19  IMU시각ms:115931
18:25:19  위험:0
18:25:19  GPS유효:1
18:25:19  위도:37.496021
18:25:19  경도:126.957039
18:25:19  속도:0.652
18:25:19  방향:169.8
18:25:19  GPS원시속도:0.684
18:25:19  GPS원시방향유효:1
18:25:19  GPS원시방향:0.0
18:25:19  가속도:5.157,5.521,2.715
18:25:19  자이로:45.481,67.389,-9.298
18:25:19  자력계:-28.200,52.350,16.950
18:25:19  IMU방향유효:1
18:25:19  IMU방향:169.8
18:25:19  방향가속도크기:8.03
18:25:19  방향자이로크기:81.83
18:25:19  방향자세cos:0.9850
18:25:19  자기모델잔차:5.67
18:25:19  자기모델반경:1.290
18:25:19  방향채택:1034
18:25:19  방향거부:13098
18:25:19  송신:1088
18:25:19  GPS위성:6
18:25:19  GPS_HDOP:2.59
18:25:19  원시위도:37.496020
18:25:19  원시경도:126.957038
18:25:19  GPS채택:65
18:25:19  GPS이상치거부:0
18:25:19  GPS품질거부:1
18:25:19  GPS재기준:0
18:25:19  RSSI원시:-69
18:25:19  RSSI평활:-70.2
18:25:19  RSSI샘플:2083
18:25:19  RSSI경과ms:6
18:25:19  차량수신:1014
18:25:19  시각ms:116463
18:25:19  IMU시각ms:116451
18:25:19  위험:0
18:25:19  GPS유효:1
18:25:19  위도:37.496021
18:25:19  경도:126.957039
18:25:19  속도:0.433
18:25:19  방향:171.6
18:25:19  GPS원시속도:0.273
18:25:19  GPS원시방향유효:1
18:25:19  GPS원시방향:0.0
18:25:19  가속도:-10.812,-19.613,19.613
18:25:19  자이로:53.489,-118.359,17.443
18:25:19  자력계:-31.800,52.950,16.050
18:25:19  IMU방향유효:1
18:25:19  IMU방향:171.6
18:25:19  방향가속도크기:29.77
18:25:19  방향자이로크기:131.05
18:25:19  방향자세cos:0.9771
18:25:19  자기모델잔차:3.83
18:25:19  자기모델반경:1.186
18:25:19  방향채택:1039
18:25:19  방향거부:13158
18:25:19  송신:1093
18:25:19  GPS위성:6
18:25:19  GPS_HDOP:2.59
18:25:19  원시위도:37.496021
18:25:19  원시경도:126.957039
18:25:19  GPS채택:67
18:25:19  GPS이상치거부:0
18:25:19  GPS품질거부:1
18:25:19  GPS재기준:0
18:25:19  RSSI원시:-70
18:25:19  RSSI평활:-69.6
18:25:19  RSSI샘플:2093
18:25:19  RSSI경과ms:2
18:25:19  차량수신:1019
18:25:19  시각ms:116567
18:25:19  IMU시각ms:116555
18:25:19  위험:0
18:25:19  GPS유효:1
18:25:19  위도:37.496021
18:25:19  경도:126.957039
18:25:19  속도:0.433
18:25:19  방향:171.6
18:25:19  GPS원시속도:0.273
18:25:19  GPS원시방향유효:1
18:25:19  GPS원시방향:0.0
18:25:19  가속도:0.551,1.729,9.347
18:25:19  자이로:34.969,110.221,3.412
18:25:19  자력계:-33.300,50.700,13.050
18:25:19  IMU방향유효:1
18:25:19  IMU방향:171.6
18:25:19  방향가속도크기:9.52
18:25:19  방향자이로크기:115.69
18:25:19  방향자세cos:0.5600
18:25:19  자기모델잔차:3.83
18:25:19  자기모델반경:1.186
18:25:19  방향채택:1039
18:25:19  방향거부:13171
18:25:19  송신:1094
18:25:19  GPS위성:6
18:25:19  GPS_HDOP:2.59
18:25:19  원시위도:37.496021
18:25:19  원시경도:126.957039
18:25:19  GPS채택:67
18:25:19  GPS이상치거부:0
18:25:19  GPS품질거부:1
18:25:19  GPS재기준:0
18:25:19  RSSI원시:-70
18:25:19  RSSI평활:-69.7
18:25:19  RSSI샘플:2094
18:25:19  RSSI경과ms:44
18:25:19  차량수신:1020
18:25:20  시각ms:116984
18:25:20  IMU시각ms:116972
18:25:20  위험:0
18:25:20  GPS유효:1
18:25:20  위도:37.496021
18:25:20  경도:126.957039
18:25:20  속도:0.433
18:25:20  방향:171.7
18:25:20  GPS원시속도:0.273
18:25:20  GPS원시방향유효:1
18:25:20  GPS원시방향:0.0
18:25:20  가속도:2.447,1.753,9.313
18:25:20  자이로:-48.634,-7.947,13.672
18:25:20  자력계:-31.800,50.250,13.800
18:25:20  IMU방향유효:1
18:25:20  IMU방향:171.7
18:25:20  방향가속도크기:9.79
18:25:20  방향자이로크기:51.14
18:25:20  방향자세cos:0.9286
18:25:20  자기모델잔차:4.27
18:25:20  자기모델반경:1.165
18:25:20  방향채택:1040
18:25:20  방향거부:13222
18:25:20  송신:1098
18:25:20  GPS위성:6
18:25:20  GPS_HDOP:2.59
18:25:20  원시위도:37.496021
18:25:20  원시경도:126.957039
18:25:20  GPS채택:67
18:25:20  GPS이상치거부:0
18:25:20  GPS품질거부:1
18:25:20  GPS재기준:0
18:25:20  RSSI원시:-74
18:25:20  RSSI평활:-72.3
18:25:20  RSSI샘플:2103
18:25:20  RSSI경과ms:6
18:25:20  차량수신:1024
18:25:20  시각ms:117088
18:25:20  IMU시각ms:117076
18:25:20  위험:0
18:25:20  GPS유효:1
18:25:20  위도:37.496021
18:25:20  경도:126.957039
18:25:20  속도:0.433
18:25:20  방향:171.7
18:25:20  GPS원시속도:0.273
18:25:20  GPS원시방향유효:1
18:25:20  GPS원시방향:0.0
18:25:20  가속도:1.259,1.408,6.416
18:25:20  자이로:36.466,84.832,33.183
18:25:20  자력계:-27.750,48.750,14.850
18:25:20  IMU방향유효:1
18:25:20  IMU방향:171.7
18:25:20  방향가속도크기:6.69
18:25:20  방향자이로크기:98.12
18:25:20  방향자세cos:0.9286
18:25:20  자기모델잔차:4.27
18:25:20  자기모델반경:1.165
18:25:20  방향채택:1040
18:25:20  방향거부:13235
18:25:20  송신:1099
18:25:20  GPS위성:6
18:25:20  GPS_HDOP:2.59
18:25:20  원시위도:37.496021
18:25:20  원시경도:126.957039
18:25:20  GPS채택:67
18:25:20  GPS이상치거부:0
18:25:20  GPS품질거부:1
18:25:20  GPS재기준:0
18:25:20  RSSI원시:-73
18:25:20  RSSI평활:-72.7
18:25:20  RSSI샘플:2105
18:25:20  RSSI경과ms:5
18:25:20  차량수신:1025
18:25:20  시각ms:117506
18:25:20  IMU시각ms:117494
18:25:20  위험:0
18:25:20  GPS유효:1
18:25:20  위도:37.496021
18:25:20  경도:126.957031
18:25:20  속도:0.534
18:25:20  방향:170.1
18:25:20  GPS원시속도:0.607
18:25:20  GPS원시방향유효:1
18:25:20  GPS원시방향:0.0
18:25:20  가속도:-0.354,0.910,6.316
18:25:20  자이로:3.168,64.282,-17.954
18:25:20  자력계:-27.450,48.600,15.450
18:25:20  IMU방향유효:1
18:25:20  IMU방향:170.1
18:25:20  방향가속도크기:6.39
18:25:20  방향자이로크기:66.82
18:25:20  방향자세cos:0.6510
18:25:20  자기모델잔차:7.28
18:25:20  자기모델반경:1.269
18:25:20  방향채택:1041
18:25:20  방향거부:13286
18:25:20  송신:1103
18:25:20  GPS위성:6
18:25:20  GPS_HDOP:2.59
18:25:20  원시위도:37.496021
18:25:20  원시경도:126.957031
18:25:20  GPS채택:69
18:25:20  GPS이상치거부:0
18:25:20  GPS품질거부:1
18:25:20  GPS재기준:0
18:25:20  RSSI원시:-76
18:25:20  RSSI평활:-74.4
18:25:20  RSSI샘플:2112
18:25:20  RSSI경과ms:43
18:25:20  차량수신:1029
18:25:20  시각ms:117714
18:25:20  IMU시각ms:117702
18:25:20  위험:0
18:25:20  GPS유효:1
18:25:20  위도:37.496021
18:25:20  경도:126.957031
18:25:20  속도:0.534
18:25:20  방향:170.1
18:25:20  GPS원시속도:0.607
18:25:20  GPS원시방향유효:1
18:25:20  GPS원시방향:0.0
18:25:20  가속도:4.654,6.680,5.090
18:25:20  자이로:-0.580,-27.412,-17.328
18:25:20  자력계:-24.300,46.800,16.350
18:25:20  IMU방향유효:1
18:25:20  IMU방향:170.1
18:25:20  방향가속도크기:9.60
18:25:20  방향자이로크기:32.44
18:25:20  방향자세cos:0.9723
18:25:20  자기모델잔차:7.28
18:25:20  자기모델반경:1.269
18:25:20  방향채택:1041
18:25:20  방향거부:13312
18:25:20  송신:1105
18:25:20  GPS위성:6
18:25:20  GPS_HDOP:2.59
18:25:20  원시위도:37.496021
18:25:20  원시경도:126.957031
18:25:20  GPS채택:69
18:25:20  GPS이상치거부:0
18:25:20  GPS품질거부:1
18:25:20  GPS재기준:0
18:25:20  RSSI원시:-78
18:25:20  RSSI평활:-76.4
18:25:20  RSSI샘플:2116
18:25:20  RSSI경과ms:43
18:25:20  차량수신:1031
18:25:20  시각ms:117818
18:25:20  IMU시각ms:117806
18:25:20  위험:0
18:25:20  GPS유효:1
18:25:20  위도:37.496021
18:25:20  경도:126.957031
18:25:20  속도:0.534
18:25:20  방향:170.1
18:25:20  GPS원시속도:0.607
18:25:20  GPS원시방향유효:1
18:25:20  GPS원시방향:0.0
18:25:20  가속도:6.469,6.024,6.000
18:25:20  자이로:53.382,-16.191,-21.771
18:25:20  자력계:-25.050,48.750,18.150
18:25:20  IMU방향유효:1
18:25:20  IMU방향:170.1
18:25:20  방향가속도크기:10.68
18:25:20  방향자이로크기:59.88
18:25:20  방향자세cos:0.9738
18:25:20  자기모델잔차:7.28
18:25:20  자기모델반경:1.269
18:25:20  방향채택:1041
18:25:20  방향거부:13325
18:25:20  송신:1106
18:25:20  GPS위성:6
18:25:20  GPS_HDOP:2.59
18:25:20  원시위도:37.496021
18:25:20  원시경도:126.957031
18:25:20  GPS채택:69
18:25:20  GPS이상치거부:0
18:25:20  GPS품질거부:1
18:25:20  GPS재기준:0
18:25:20  RSSI원시:-72
18:25:20  RSSI평활:-75.5
18:25:20  RSSI샘플:2118
18:25:20  RSSI경과ms:7
18:25:20  차량수신:1032
18:25:21  시각ms:118026
18:25:21  IMU시각ms:118014
18:25:21  위험:0
18:25:21  GPS유효:1
18:25:21  위도:37.496025
18:25:21  경도:126.957031
18:25:21  속도:0.534
18:25:21  방향:170.1
18:25:21  GPS원시속도:0.607
18:25:21  GPS원시방향유효:1
18:25:21  GPS원시방향:0.0
18:25:21  가속도:1.853,1.015,2.863
18:25:21  자이로:-49.908,8.901,8.863
18:25:21  자력계:-30.450,51.600,16.200
18:25:21  IMU방향유효:1
18:25:21  IMU방향:170.1
18:25:21  방향가속도크기:3.56
18:25:21  방향자이로크기:51.46
18:25:21  방향자세cos:0.9738
18:25:21  자기모델잔차:7.28
18:25:21  자기모델반경:1.269
18:25:21  방향채택:1041
18:25:21  방향거부:13351
18:25:21  송신:1108
18:25:21  GPS위성:6
18:25:21  GPS_HDOP:2.59
18:25:21  원시위도:37.496021
18:25:21  원시경도:126.957031
18:25:21  GPS채택:69
18:25:21  GPS이상치거부:0
18:25:21  GPS품질거부:1
18:25:21  GPS재기준:0
18:25:21  RSSI원시:-82
18:25:21  RSSI평활:-77.6
18:25:21  RSSI샘플:2122
18:25:21  RSSI경과ms:6
18:25:21  차량수신:1034
18:25:21  시각ms:118340
18:25:21  IMU시각ms:118328
18:25:21  위험:0
18:25:21  GPS유효:1
18:25:21  위도:37.496025
18:25:21  경도:126.957031
18:25:21  속도:0.627
18:25:21  방향:168.4
18:25:21  GPS원시속도:0.694
18:25:21  GPS원시방향유효:1
18:25:21  GPS원시방향:0.0
18:25:21  가속도:8.337,7.661,9.443
18:25:21  자이로:53.519,-0.443,20.641
18:25:21  자력계:-27.750,52.950,16.050
18:25:21  IMU방향유효:1
18:25:21  IMU방향:168.4
18:25:21  방향가속도크기:14.74
18:25:21  방향자이로크기:57.36
18:25:21  방향자세cos:0.9623
18:25:21  자기모델잔차:7.36
18:25:21  자기모델반경:1.298
18:25:21  방향채택:1043
18:25:21  방향거부:13388
18:25:21  송신:1111
18:25:21  GPS위성:6
18:25:21  GPS_HDOP:2.59
18:25:21  원시위도:37.496023
18:25:21  원시경도:126.957028
18:25:21  GPS채택:71
18:25:21  GPS이상치거부:0
18:25:21  GPS품질거부:1
18:25:21  GPS재기준:0
18:25:21  RSSI원시:-69
18:25:21  RSSI평활:-72.3
18:25:21  RSSI샘플:2128
18:25:21  RSSI경과ms:0
18:25:21  차량수신:1037
18:25:21  시각ms:118757
18:25:21  IMU시각ms:118745
18:25:21  위험:0
18:25:21  GPS유효:1
18:25:21  위도:37.496025
18:25:21  경도:126.957031
18:25:21  속도:0.627
18:25:21  방향:168.8
18:25:21  GPS원시속도:0.694
18:25:21  GPS원시방향유효:1
18:25:21  GPS원시방향:0.0
18:25:21  가속도:5.272,6.709,3.275
18:25:21  자이로:13.718,-71.122,-5.687
18:25:21  자력계:-27.000,51.000,16.350
18:25:21  IMU방향유효:1
18:25:21  IMU방향:168.8
18:25:21  방향가속도크기:9.14
18:25:21  방향자이로크기:72.66
18:25:21  방향자세cos:0.9915
18:25:21  자기모델잔차:7.48
18:25:21  자기모델반경:1.318
18:25:21  방향채택:1047
18:25:21  방향거부:13436
18:25:21  송신:1115
18:25:21  GPS위성:6
18:25:21  GPS_HDOP:2.59
18:25:21  원시위도:37.496023
18:25:21  원시경도:126.957028
18:25:21  GPS채택:71
18:25:21  GPS이상치거부:0
18:25:21  GPS품질거부:1
18:25:21  GPS재기준:0
18:25:21  RSSI원시:-73
18:25:21  RSSI평활:-74.7
18:25:21  RSSI샘플:2135
18:25:21  RSSI경과ms:50
18:25:21  차량수신:1041
18:25:21  시각ms:118861
18:25:21  IMU시각ms:118849
18:25:21  위험:0
18:25:21  GPS유효:1
18:25:21  위도:37.496025
18:25:21  경도:126.957024
18:25:21  속도:0.627
18:25:21  방향:168.8
18:25:21  GPS원시속도:0.694
18:25:21  GPS원시방향유효:1
18:25:21  GPS원시방향:0.0
18:25:21  가속도:10.118,0.493,2.016
18:25:21  자이로:86.237,66.137,2.115
18:25:21  자력계:-31.650,51.600,15.450
18:25:21  IMU방향유효:1
18:25:21  IMU방향:168.8
18:25:21  방향가속도크기:10.33
18:25:21  방향자이로크기:108.70
18:25:21  방향자세cos:0.9519
18:25:21  자기모델잔차:7.48
18:25:21  자기모델반경:1.318
18:25:21  방향채택:1047
18:25:21  방향거부:13449
18:25:21  송신:1116
18:25:21  GPS위성:6
18:25:21  GPS_HDOP:2.59
18:25:21  원시위도:37.496023
18:25:21  원시경도:126.957028
18:25:21  GPS채택:71
18:25:21  GPS이상치거부:0
18:25:21  GPS품질거부:1
18:25:21  GPS재기준:0
18:25:21  RSSI원시:-70
18:25:21  RSSI평활:-73.7
18:25:21  RSSI샘플:2136
18:25:21  RSSI경과ms:102
18:25:21  차량수신:1041
18:25:22  시각ms:118965
18:25:22  IMU시각ms:118953
18:25:22  위험:0
18:25:22  GPS유효:1
18:25:22  위도:37.496025
18:25:22  경도:126.957024
18:25:22  속도:0.627
18:25:22  방향:168.8
18:25:22  GPS원시속도:0.694
18:25:22  GPS원시방향유효:1
18:25:22  GPS원시방향:0.0
18:25:22  가속도:0.220,1.551,5.612
18:25:22  자이로:-16.947,28.359,5.206
18:25:22  자력계:-30.150,50.400,15.900
18:25:22  IMU방향유효:1
18:25:22  IMU방향:168.8
18:25:22  방향가속도크기:5.83
18:25:22  방향자이로크기:33.44
18:25:22  방향자세cos:0.8163
18:25:22  자기모델잔차:7.48
18:25:22  자기모델반경:1.318
18:25:22  방향채택:1047
18:25:22  방향거부:13462
18:25:22  송신:1117
18:25:22  GPS위성:6
18:25:22  GPS_HDOP:2.59
18:25:22  원시위도:37.496023
18:25:22  원시경도:126.957028
18:25:22  GPS채택:71
18:25:22  GPS이상치거부:0
18:25:22  GPS품질거부:1
18:25:22  GPS재기준:0
18:25:22  RSSI원시:-79
18:25:22  RSSI평활:-74.6
18:25:22  RSSI샘플:2139
18:25:22  RSSI경과ms:4
18:25:22  차량수신:1042
18:25:22  시각ms:119069
18:25:22  IMU시각ms:119057
18:25:22  위험:0
18:25:22  GPS유효:1
18:25:22  위도:37.496025
18:25:22  경도:126.957024
18:25:22  속도:0.627
18:25:22  방향:169.0
18:25:22  GPS원시속도:0.694
18:25:22  GPS원시방향유효:1
18:25:22  GPS원시방향:0.0
18:25:22  가속도:3.859,4.846,5.760
18:25:22  자이로:7.794,24.191,-2.084
18:25:22  자력계:-27.000,50.700,16.050
18:25:22  IMU방향유효:1
18:25:22  IMU방향:169.0
18:25:22  방향가속도크기:8.46
18:25:22  방향자이로크기:25.50
18:25:22  방향자세cos:0.9889
18:25:22  자기모델잔차:6.10
18:25:22  자기모델반경:1.296
18:25:22  방향채택:1048
18:25:22  방향거부:13474
18:25:22  송신:1118
18:25:22  GPS위성:6
18:25:22  GPS_HDOP:2.59
18:25:22  원시위도:37.496023
18:25:22  원시경도:126.957028
18:25:22  GPS채택:71
18:25:22  GPS이상치거부:0
18:25:22  GPS품질거부:1
18:25:22  GPS재기준:0
18:25:22  RSSI원시:-79
18:25:22  RSSI평활:-75.5
18:25:22  RSSI샘플:2140
18:25:22  RSSI경과ms:46
18:25:22  차량수신:1043
18:25:22  시각ms:119173
18:25:22  IMU시각ms:119161
18:25:22  위험:0
18:25:22  GPS유효:1
18:25:22  위도:37.496029
18:25:22  경도:126.957024
18:25:22  속도:0.627
18:25:22  방향:169.0
18:25:22  GPS원시속도:0.694
18:25:22  GPS원시방향유효:1
18:25:22  GPS원시방향:0.0
18:25:22  가속도:5.009,10.410,6.943
18:25:22  자이로:39.779,25.130,1.015
18:25:22  자력계:-27.150,50.100,16.200
18:25:22  IMU방향유효:1
18:25:22  IMU방향:169.0
18:25:22  방향가속도크기:13.48
18:25:22  방향자이로크기:47.06
18:25:22  방향자세cos:0.9609
18:25:22  자기모델잔차:6.54
18:25:22  자기모델반경:1.305
18:25:22  방향채택:1053
18:25:22  방향거부:13482
18:25:22  송신:1119
18:25:22  GPS위성:6
18:25:22  GPS_HDOP:2.59
18:25:22  원시위도:37.496023
18:25:22  원시경도:126.957028
18:25:22  GPS채택:71
18:25:22  GPS이상치거부:0
18:25:22  GPS품질거부:1
18:25:22  GPS재기준:0
18:25:22  RSSI원시:-74
18:25:22  RSSI평활:-75.5
18:25:22  RSSI샘플:2143
18:25:22  RSSI경과ms:2
18:25:22  차량수신:1044
18:25:22  시각ms:119278
18:25:22  IMU시각ms:119266
18:25:22  위험:0
18:25:22  GPS유효:1
18:25:22  위도:37.496025
18:25:22  경도:126.957024
18:25:22  속도:0.526
18:25:22  방향:169.0
18:25:22  GPS원시속도:0.340
18:25:22  GPS원시방향유효:1
18:25:22  GPS원시방향:0.0
18:25:22  가속도:2.959,-3.505,-14.557
18:25:22  자이로:-55.878,-46.679,-4.321
18:25:22  자력계:-31.650,53.100,16.200
18:25:22  IMU방향유효:1
18:25:22  IMU방향:169.0
18:25:22  방향가속도크기:15.26
18:25:22  방향자이로크기:72.94
18:25:22  방향자세cos:0.9609
18:25:22  자기모델잔차:6.54
18:25:22  자기모델반경:1.305
18:25:22  방향채택:1053
18:25:22  방향거부:13495
18:25:22  송신:1120
18:25:22  GPS위성:6
18:25:22  GPS_HDOP:2.59
18:25:22  원시위도:37.496026
18:25:22  원시경도:126.957025
18:25:22  GPS채택:72
18:25:22  GPS이상치거부:0
18:25:22  GPS품질거부:1
18:25:22  GPS재기준:0
18:25:22  RSSI원시:-74
18:25:22  RSSI평활:-75.3
18:25:22  RSSI샘플:2145
18:25:22  RSSI경과ms:2
18:25:22  차량수신:1045
18:25:22  시각ms:119383
18:25:22  IMU시각ms:119371
18:25:22  위험:0
18:25:22  GPS유효:1
18:25:22  위도:37.496025
18:25:22  경도:126.957024
18:25:22  속도:0.461
18:25:22  방향:169.0
18:25:22  GPS원시속도:0.340
18:25:22  GPS원시방향유효:1
18:25:22  GPS원시방향:0.0
18:25:22  가속도:3.098,3.141,9.902
18:25:22  자이로:0.885,69.802,-9.031
18:25:22  자력계:-27.750,51.450,14.850
18:25:22  IMU방향유효:1
18:25:22  IMU방향:169.0
18:25:22  방향가속도크기:10.84
18:25:22  방향자이로크기:70.39
18:25:22  방향자세cos:0.8531
18:25:22  자기모델잔차:6.54
18:25:22  자기모델반경:1.305
18:25:22  방향채택:1053
18:25:22  방향거부:13508
18:25:22  송신:1121
18:25:22  GPS위성:6
18:25:22  GPS_HDOP:2.59
18:25:22  원시위도:37.496026
18:25:22  원시경도:126.957025
18:25:22  GPS채택:73
18:25:22  GPS이상치거부:0
18:25:22  GPS품질거부:1
18:25:22  GPS재기준:0
18:25:22  RSSI원시:-76
18:25:22  RSSI평활:-74.9
18:25:22  RSSI샘플:2147
18:25:22  RSSI경과ms:2
18:25:22  차량수신:1046
18:25:22  시각ms:119487
18:25:22  IMU시각ms:119475
18:25:22  위험:0
18:25:22  GPS유효:1
18:25:22  위도:37.496029
18:25:22  경도:126.957024
18:25:22  속도:0.461
18:25:22  방향:169.0
18:25:22  GPS원시속도:0.340
18:25:22  GPS원시방향유효:1
18:25:22  GPS원시방향:0.0
18:25:22  가속도:2.040,4.630,5.717
18:25:22  자이로:-18.366,15.580,-0.969
18:25:22  자력계:-22.200,52.800,14.700
18:25:22  IMU방향유효:1
18:25:22  IMU방향:169.0
18:25:22  방향가속도크기:7.63
18:25:22  방향자이로크기:24.10
18:25:22  방향자세cos:0.9391
18:25:22  자기모델잔차:6.54
18:25:22  자기모델반경:1.305
18:25:22  방향채택:1053
18:25:22  방향거부:13521
18:25:22  송신:1122
18:25:22  GPS위성:6
18:25:22  GPS_HDOP:2.59
18:25:22  원시위도:37.496026
18:25:22  원시경도:126.957025
18:25:22  GPS채택:73
18:25:22  GPS이상치거부:0
18:25:22  GPS품질거부:1
18:25:22  GPS재기준:0
18:25:22  RSSI원시:-74
18:25:22  RSSI평활:-74.7
18:25:22  RSSI샘플:2148
18:25:22  RSSI경과ms:43
18:25:22  차량수신:1047
18:25:22  시각ms:119696
18:25:22  IMU시각ms:119684
18:25:22  위험:0
18:25:22  GPS유효:1
18:25:22  위도:37.496029
18:25:22  경도:126.957024
18:25:22  속도:0.461
18:25:22  방향:167.9
18:25:22  GPS원시속도:0.340
18:25:22  GPS원시방향유효:1
18:25:22  GPS원시방향:0.0
18:25:22  가속도:15.969,19.613,9.328
18:25:22  자이로:69.947,40.412,-11.466
18:25:22  자력계:-26.700,56.250,15.150
18:25:22  IMU방향유효:1
18:25:22  IMU방향:167.9
18:25:22  방향가속도크기:26.96
18:25:22  방향자이로크기:81.59
18:25:22  방향자세cos:0.9899
18:25:22  자기모델잔차:6.19
18:25:22  자기모델반경:1.246
18:25:22  방향채택:1054
18:25:22  방향거부:13546
18:25:22  송신:1124
18:25:22  GPS위성:6
18:25:22  GPS_HDOP:2.59
18:25:22  원시위도:37.496026
18:25:22  원시경도:126.957025
18:25:22  GPS채택:73
18:25:22  GPS이상치거부:0
18:25:22  GPS품질거부:1
18:25:22  GPS재기준:0
18:25:22  RSSI원시:-79
18:25:22  RSSI평활:-77.1
18:25:22  RSSI샘플:2152
18:25:22  RSSI경과ms:7
18:25:22  차량수신:1048
18:25:23  시각ms:119904
18:25:23  IMU시각ms:119892
18:25:23  위험:0
18:25:23  GPS유효:1
18:25:23  위도:37.496029
18:25:23  경도:126.957024
18:25:23  속도:0.461
18:25:23  방향:167.9
18:25:23  GPS원시속도:0.340
18:25:23  GPS원시방향유효:1
18:25:23  GPS원시방향:0.0
18:25:23  가속도:2.581,5.200,6.254
18:25:23  자이로:12.573,43.359,4.992
18:25:23  자력계:-27.300,52.200,14.850
18:25:23  IMU방향유효:1
18:25:23  IMU방향:167.9
18:25:23  방향가속도크기:8.53
18:25:23  방향자이로크기:45.42
18:25:23  방향자세cos:0.8974
18:25:23  자기모델잔차:6.19
18:25:23  자기모델반경:1.246
18:25:23  방향채택:1054
18:25:23  방향거부:13572
18:25:23  송신:1126
18:25:23  GPS위성:6
18:25:23  GPS_HDOP:2.59
18:25:23  원시위도:37.496026
18:25:23  원시경도:126.957025
18:25:23  GPS채택:73
18:25:23  GPS이상치거부:0
18:25:23  GPS품질거부:1
18:25:23  GPS재기준:0
18:25:23  RSSI원시:-72
18:25:23  RSSI평활:-73.4
18:25:23  RSSI샘플:2156
18:25:23  RSSI경과ms:5
18:25:23  차량수신:1050
18:25:23  시각ms:120112
18:25:23  IMU시각ms:120100
18:25:23  위험:0
18:25:23  GPS유효:1
18:25:23  위도:37.496029
18:25:23  경도:126.957024
18:25:23  속도:0.461
18:25:23  방향:167.9
18:25:23  GPS원시속도:0.340
18:25:23  GPS원시방향유효:1
18:25:23  GPS원시방향:0.0
18:25:23  가속도:4.017,7.068,4.458
18:25:23  자이로:19.649,-10.573,30.924
18:25:23  자력계:-25.950,52.350,16.200
18:25:23  IMU방향유효:1
18:25:23  IMU방향:167.9
18:25:23  방향가속도크기:9.27
18:25:23  방향자이로크기:38.13
18:25:23  방향자세cos:0.9449
18:25:23  자기모델잔차:6.19
18:25:23  자기모델반경:1.246
18:25:23  방향채택:1054
18:25:23  방향거부:13598
18:25:23  송신:1128
18:25:23  GPS위성:6
18:25:23  GPS_HDOP:2.59
18:25:23  원시위도:37.496026
18:25:23  원시경도:126.957025
18:25:23  GPS채택:73
18:25:23  GPS이상치거부:0
18:25:23  GPS품질거부:1
18:25:23  GPS재기준:0
18:25:23  RSSI원시:-73
18:25:23  RSSI평활:-73.9
18:25:23  RSSI샘플:2159
18:25:23  RSSI경과ms:38
18:25:23  차량수신:1052
18:25:23  시각ms:120216
18:25:23  IMU시각ms:120204
18:25:23  위험:0
18:25:23  GPS유효:1
18:25:23  위도:37.496025
18:25:23  경도:126.957024
18:25:23  속도:0.427
18:25:23  방향:167.9
18:25:23  GPS원시속도:0.365
18:25:23  GPS원시방향유효:1
18:25:23  GPS원시방향:0.0
18:25:23  가속도:7.049,7.029,8.624
18:25:23  자이로:-10.359,-4.664,-7.794
18:25:23  자력계:-27.450,55.050,14.700
18:25:23  IMU방향유효:1
18:25:23  IMU방향:167.9
18:25:23  방향가속도크기:13.17
18:25:23  방향자이로크기:13.78
18:25:23  방향자세cos:0.9598
18:25:23  자기모델잔차:6.19
18:25:23  자기모델반경:1.246
18:25:23  방향채택:1054
18:25:23  방향거부:13611
18:25:23  송신:1129
18:25:23  GPS위성:6
18:25:23  GPS_HDOP:2.59
18:25:23  원시위도:37.496019
18:25:23  원시경도:126.957017
18:25:23  GPS채택:74
18:25:23  GPS이상치거부:0
18:25:23  GPS품질거부:1
18:25:23  GPS재기준:0
18:25:23  RSSI원시:-72
18:25:23  RSSI평활:-73.5
18:25:23  RSSI샘플:2160
18:25:23  RSSI경과ms:42
18:25:23  차량수신:1053
18:25:23  시각ms:120424
18:25:23  IMU시각ms:120412
18:25:23  위험:0
18:25:23  GPS유효:1
18:25:23  위도:37.496021
18:25:23  경도:126.957016
18:25:23  속도:0.406
18:25:23  방향:167.9
18:25:23  GPS원시속도:0.365
18:25:23  GPS원시방향유효:1
18:25:23  GPS원시방향:0.0
18:25:23  가속도:1.997,7.547,6.105
18:25:23  자이로:25.786,26.191,3.397
18:25:23  자력계:-22.050,54.450,16.350
18:25:23  IMU방향유효:1
18:25:23  IMU방향:167.9
18:25:23  방향가속도크기:9.91
18:25:23  방향자이로크기:36.91
18:25:23  방향자세cos:0.8954
18:25:23  자기모델잔차:6.19
18:25:23  자기모델반경:1.246
18:25:23  방향채택:1054
18:25:23  방향거부:13637
18:25:23  송신:1131
18:25:23  GPS위성:6
18:25:23  GPS_HDOP:2.59
18:25:23  원시위도:37.496019
18:25:23  원시경도:126.957017
18:25:23  GPS채택:75
18:25:23  GPS이상치거부:0
18:25:23  GPS품질거부:1
18:25:23  GPS재기준:0
18:25:23  RSSI원시:-76
18:25:23  RSSI평활:-74.5
18:25:23  RSSI샘플:2164
18:25:23  RSSI경과ms:34
18:25:23  차량수신:1055
18:25:23  시각ms:120737
18:25:23  IMU시각ms:120725
18:25:23  위험:0
18:25:23  GPS유효:1
18:25:23  위도:37.496021
18:25:23  경도:126.957016
18:25:23  속도:0.406
18:25:23  방향:167.9
18:25:23  GPS원시속도:0.365
18:25:23  GPS원시방향유효:1
18:25:23  GPS원시방향:0.0
18:25:23  가속도:1.446,4.468,7.944
18:25:23  자이로:-42.656,1.855,-4.580
18:25:23  자력계:-26.400,55.800,13.950
18:25:23  IMU방향유효:1
18:25:23  IMU방향:167.9
18:25:23  방향가속도크기:9.23
18:25:23  방향자이로크기:42.94
18:25:23  방향자세cos:0.8836
18:25:23  자기모델잔차:6.19
18:25:23  자기모델반경:1.246
18:25:23  방향채택:1054
18:25:23  방향거부:13676
18:25:23  송신:1134
18:25:23  GPS위성:6
18:25:23  GPS_HDOP:2.59
18:25:23  원시위도:37.496019
18:25:23  원시경도:126.957017
18:25:23  GPS채택:75
18:25:23  GPS이상치거부:0
18:25:23  GPS품질거부:1
18:25:23  GPS재기준:0
18:25:23  RSSI원시:-82
18:25:23  RSSI평활:-76.6
18:25:23  RSSI샘플:2169
18:25:23  RSSI경과ms:42
18:25:23  차량수신:1057
18:25:23  시각ms:120841
18:25:23  IMU시각ms:120829
18:25:23  위험:0
18:25:23  GPS유효:1
18:25:23  위도:37.496021
18:25:23  경도:126.957016
18:25:23  속도:0.406
18:25:23  방향:166.0
18:25:23  GPS원시속도:0.365
18:25:23  GPS원시방향유효:1
18:25:23  GPS원시방향:0.0
18:25:23  가속도:2.600,5.827,4.477
18:25:23  자이로:1.031,17.466,-28.275
18:25:23  자력계:-22.500,53.700,16.350
18:25:23  IMU방향유효:1
18:25:23  IMU방향:166.0
18:25:23  방향가속도크기:7.80
18:25:23  방향자이로크기:33.25
18:25:23  방향자세cos:0.9388
18:25:23  자기모델잔차:4.94
18:25:23  자기모델반경:1.284
18:25:23  방향채택:1055
18:25:23  방향거부:13688
18:25:23  송신:1135
18:25:23  GPS위성:6
18:25:23  GPS_HDOP:2.59
18:25:23  원시위도:37.496019
18:25:23  원시경도:126.957017
18:25:23  GPS채택:75
18:25:23  GPS이상치거부:0
18:25:23  GPS품질거부:1
18:25:23  GPS재기준:0
18:25:23  RSSI원시:-73
18:25:23  RSSI평활:-76.1
18:25:23  RSSI샘플:2171
18:25:23  RSSI경과ms:40
18:25:23  차량수신:1058
18:25:24  시각ms:121049
18:25:24  IMU시각ms:121037
18:25:24  위험:0
18:25:24  GPS유효:1
18:25:24  위도:37.496021
18:25:24  경도:126.957016
18:25:24  속도:0.406
18:25:24  방향:165.3
18:25:24  GPS원시속도:0.365
18:25:24  GPS원시방향유효:1
18:25:24  GPS원시방향:0.0
18:25:24  가속도:5.373,6.756,4.808
18:25:24  자이로:-4.305,-66.183,5.313
18:25:24  자력계:-25.050,54.450,16.050
18:25:24  IMU방향유효:1
18:25:24  IMU방향:165.3
18:25:24  방향가속도크기:9.88
18:25:24  방향자이로크기:66.54
18:25:24  방향자세cos:0.9901
18:25:24  자기모델잔차:5.92
18:25:24  자기모델반경:1.295
18:25:24  방향채택:1061
18:25:24  방향거부:13708
18:25:24  송신:1137
18:25:24  GPS위성:6
18:25:24  GPS_HDOP:2.59
18:25:24  원시위도:37.496019
18:25:24  원시경도:126.957017
18:25:24  GPS채택:75
18:25:24  GPS이상치거부:0
18:25:24  GPS품질거부:1
18:25:24  GPS재기준:0
18:25:24  RSSI원시:-74
18:25:24  RSSI평활:-75.3
18:25:24  RSSI샘플:2175
18:25:24  RSSI경과ms:39
18:25:24  차량수신:1060
18:25:24  시각ms:121153
18:25:24  IMU시각ms:121141
18:25:24  위험:0
18:25:24  GPS유효:1
18:25:24  위도:37.496021
18:25:24  경도:126.957016
18:25:24  속도:0.406
18:25:24  방향:165.3
18:25:24  GPS원시속도:0.365
18:25:24  GPS원시방향유효:1
18:25:24  GPS원시방향:0.0
18:25:24  가속도:9.529,3.457,10.769
18:25:24  자이로:34.000,92.756,-2.634
18:25:24  자력계:-25.950,58.950,14.700
18:25:24  IMU방향유효:1
18:25:24  IMU방향:165.3
18:25:24  방향가속도크기:14.79
18:25:24  방향자이로크기:98.83
18:25:24  방향자세cos:0.9901
18:25:24  자기모델잔차:5.92
18:25:24  자기모델반경:1.295
18:25:24  방향채택:1061
18:25:24  방향거부:13721
18:25:24  송신:1138
18:25:24  GPS위성:6
18:25:24  GPS_HDOP:2.59
18:25:24  원시위도:37.496019
18:25:24  원시경도:126.957017
18:25:24  GPS채택:75
18:25:24  GPS이상치거부:0
18:25:24  GPS품질거부:1
18:25:24  GPS재기준:0
18:25:24  RSSI원시:-71
18:25:24  RSSI평활:-73.9
18:25:24  RSSI샘플:2177
18:25:24  RSSI경과ms:34
18:25:24  차량수신:1061
18:25:24  시각ms:121258
18:25:24  IMU시각ms:121246
18:25:24  위험:0
18:25:24  GPS유효:1
18:25:24  위도:37.496021
18:25:24  경도:126.957016
18:25:24  속도:0.543
18:25:24  방향:165.3
18:25:24  GPS원시속도:0.797
18:25:24  GPS원시방향유효:1
18:25:24  GPS원시방향:236.1
18:25:24  가속도:0.555,2.840,6.048
18:25:24  자이로:-41.183,13.573,-6.733
18:25:24  자력계:-28.500,52.650,15.300
18:25:24  IMU방향유효:1
18:25:24  IMU방향:165.3
18:25:24  방향가속도크기:6.70
18:25:24  방향자이로크기:43.88
18:25:24  방향자세cos:0.9063
18:25:24  자기모델잔차:5.92
18:25:24  자기모델반경:1.295
18:25:24  방향채택:1061
18:25:24  방향거부:13734
18:25:24  송신:1139
18:25:24  GPS위성:6
18:25:24  GPS_HDOP:2.59
18:25:24  원시위도:37.496024
18:25:24  원시경도:126.957016
18:25:24  GPS채택:76
18:25:24  GPS이상치거부:0
18:25:24  GPS품질거부:1
18:25:24  GPS재기준:0
18:25:24  RSSI원시:-75
18:25:24  RSSI평활:-73.8
18:25:24  RSSI샘플:2179
18:25:24  RSSI경과ms:38
18:25:24  차량수신:1062
18:25:24  시각ms:121570
18:25:24  IMU시각ms:121558
18:25:24  위험:0
18:25:24  GPS유효:1
18:25:24  위도:37.496021
18:25:24  경도:126.957016
18:25:24  속도:0.632
18:25:24  방향:165.3
18:25:24  GPS원시속도:0.797
18:25:24  GPS원시방향유효:1
18:25:24  GPS원시방향:236.1
18:25:24  가속도:5.909,2.883,-0.321
18:25:24  자이로:62.496,52.740,-8.038
18:25:24  자력계:-27.000,49.950,17.100
18:25:24  IMU방향유효:1
18:25:24  IMU방향:165.3
18:25:24  방향가속도크기:6.58
18:25:24  방향자이로크기:82.17
18:25:24  방향자세cos:0.9581
18:25:24  자기모델잔차:5.92
18:25:24  자기모델반경:1.295
18:25:24  방향채택:1061
18:25:24  방향거부:13773
18:25:24  송신:1142
18:25:24  GPS위성:6
18:25:24  GPS_HDOP:2.59
18:25:24  원시위도:37.496024
18:25:24  원시경도:126.957016
18:25:24  GPS채택:77
18:25:24  GPS이상치거부:0
18:25:24  GPS품질거부:1
18:25:24  GPS재기준:0
18:25:24  RSSI원시:-74
18:25:24  RSSI평활:-76.7
18:25:24  RSSI샘플:2186
18:25:24  RSSI경과ms:6
18:25:24  차량수신:1065
18:25:24  시각ms:121778
18:25:24  IMU시각ms:121766
18:25:24  위험:0
18:25:24  GPS유효:1
18:25:24  위도:37.496021
18:25:24  경도:126.957016
18:25:24  속도:0.632
18:25:24  방향:165.3
18:25:24  GPS원시속도:0.797
18:25:24  GPS원시방향유효:1
18:25:24  GPS원시방향:236.1
18:25:24  가속도:3.218,6.747,4.310
18:25:24  자이로:42.481,-15.084,-0.832
18:25:24  자력계:-29.250,53.400,14.250
18:25:24  IMU방향유효:1
18:25:24  IMU방향:165.3
18:25:24  방향가속도크기:8.63
18:25:24  방향자이로크기:45.09
18:25:24  방향자세cos:0.9401
18:25:24  자기모델잔차:5.92
18:25:24  자기모델반경:1.295
18:25:24  방향채택:1061
18:25:24  방향거부:13799
18:25:24  송신:1144
18:25:24  GPS위성:6
18:25:24  GPS_HDOP:2.59
18:25:24  원시위도:37.496024
18:25:24  원시경도:126.957016
18:25:24  GPS채택:77
18:25:24  GPS이상치거부:0
18:25:24  GPS품질거부:1
18:25:24  GPS재기준:0
18:25:24  RSSI원시:-76
18:25:24  RSSI평활:-75.4
18:25:24  RSSI샘플:2189
18:25:24  RSSI경과ms:32
18:25:24  차량수신:1067
18:25:24  시각ms:121882
18:25:24  IMU시각ms:121870
18:25:24  위험:0
18:25:24  GPS유효:1
18:25:24  위도:37.496021
18:25:24  경도:126.957016
18:25:24  속도:0.632
18:25:24  방향:165.3
18:25:24  GPS원시속도:0.797
18:25:24  GPS원시방향유효:1
18:25:24  GPS원시방향:236.1
18:25:24  가속도:4.530,11.607,14.954
18:25:24  자이로:30.420,16.595,-0.504
18:25:24  자력계:-25.800,59.550,13.800
18:25:24  IMU방향유효:1
18:25:24  IMU방향:165.3
18:25:24  방향가속도크기:19.46
18:25:24  방향자이로크기:34.66
18:25:24  방향자세cos:0.9401
18:25:24  자기모델잔차:5.92
18:25:24  자기모델반경:1.295
18:25:24  방향채택:1061
18:25:24  방향거부:13812
18:25:24  송신:1145
18:25:24  GPS위성:6
18:25:24  GPS_HDOP:2.59
18:25:24  원시위도:37.496024
18:25:24  원시경도:126.957016
18:25:24  GPS채택:77
18:25:24  GPS이상치거부:0
18:25:24  GPS품질거부:1
18:25:24  GPS재기준:0
18:25:24  RSSI원시:-76
18:25:24  RSSI평활:-75.4
18:25:24  RSSI샘플:2192
18:25:24  RSSI경과ms:1
18:25:24  차량수신:1068
18:25:25  시각ms:121986
18:25:25  IMU시각ms:121974
18:25:25  위험:0
18:25:25  GPS유효:1
18:25:25  위도:37.496021
18:25:25  경도:126.957016
18:25:25  속도:0.632
18:25:25  방향:165.3
18:25:25  GPS원시속도:0.797
18:25:25  GPS원시방향유효:1
18:25:25  GPS원시방향:236.1
18:25:25  가속도:-1.614,3.242,-1.144
18:25:25  자이로:-26.985,4.527,5.893
18:25:25  자력계:-22.950,59.250,14.400
18:25:25  IMU방향유효:1
18:25:25  IMU방향:165.3
18:25:25  방향가속도크기:3.80
18:25:25  방향자이로크기:27.99
18:25:25  방향자세cos:-0.4323
18:25:25  자기모델잔차:5.92
18:25:25  자기모델반경:1.295
18:25:25  방향채택:1061
18:25:25  방향거부:13825
18:25:25  송신:1146
18:25:25  GPS위성:6
18:25:25  GPS_HDOP:2.59
18:25:25  원시위도:37.496024
18:25:25  원시경도:126.957016
18:25:25  GPS채택:77
18:25:25  GPS이상치거부:0
18:25:25  GPS품질거부:1
18:25:25  GPS재기준:0
18:25:25  RSSI원시:-77
18:25:25  RSSI평활:-76.1
18:25:25  RSSI샘플:2194
18:25:25  RSSI경과ms:2
18:25:25  차량수신:1069
18:25:25  시각ms:122194
18:25:25  IMU시각ms:122182
18:25:25  위험:0
18:25:25  GPS유효:1
18:25:25  위도:37.496021
18:25:25  경도:126.957008
18:25:25  속도:0.632
18:25:25  방향:165.3
18:25:25  GPS원시속도:0.797
18:25:25  GPS원시방향유효:1
18:25:25  GPS원시방향:236.1
18:25:25  가속도:18.699,11.799,19.613
18:25:25  자이로:-25.908,-13.718,24.031
18:25:25  자력계:-28.800,55.650,15.600
18:25:25  IMU방향유효:1
18:25:25  IMU방향:165.3
18:25:25  방향가속도크기:29.56
18:25:25  방향자이로크기:37.91
18:25:25  방향자세cos:0.8430
18:25:25  자기모델잔차:5.92
18:25:25  자기모델반경:1.295
18:25:25  방향채택:1061
18:25:25  방향거부:13851
18:25:25  송신:1148
18:25:25  GPS위성:6
18:25:25  GPS_HDOP:2.59
18:25:25  원시위도:37.496024
18:25:25  원시경도:126.957016
18:25:25  GPS채택:77
18:25:25  GPS이상치거부:0
18:25:25  GPS품질거부:1
18:25:25  GPS재기준:0
18:25:25  RSSI원시:-68
18:25:25  RSSI평활:-73.5
18:25:25  RSSI샘플:2198
18:25:25  RSSI경과ms:5
18:25:25  차량수신:1071
18:25:25  시각ms:122299
18:25:25  IMU시각ms:122287
18:25:25  위험:0
18:25:25  GPS유효:1
18:25:25  위도:37.496021
18:25:25  경도:126.957016
18:25:25  속도:0.612
18:25:25  방향:165.3
18:25:25  GPS원시속도:0.576
18:25:25  GPS원시방향유효:1
18:25:25  GPS원시방향:229.5
18:25:25  가속도:-19.613,-11.468,-1.508
18:25:25  자이로:-21.115,-23.985,-5.641
18:25:25  자력계:-29.250,56.100,13.800
18:25:25  IMU방향유효:1
18:25:25  IMU방향:165.3
18:25:25  방향가속도크기:22.77
18:25:25  방향자이로크기:32.45
18:25:25  방향자세cos:0.9494
18:25:25  자기모델잔차:5.92
18:25:25  자기모델반경:1.295
18:25:25  방향채택:1061
18:25:25  방향거부:13864
18:25:25  송신:1149
18:25:25  GPS위성:6
18:25:25  GPS_HDOP:2.59
18:25:25  원시위도:37.496023
18:25:25  원시경도:126.957016
18:25:25  GPS채택:78
18:25:25  GPS이상치거부:0
18:25:25  GPS품질거부:1
18:25:25  GPS재기준:0
18:25:25  RSSI원시:-72
18:25:25  RSSI평활:-73.2
18:25:25  RSSI샘플:2199
18:25:25  RSSI경과ms:24
18:25:25  차량수신:1072
18:25:25  시각ms:122611
18:25:25  IMU시각ms:122599
18:25:25  위험:0
18:25:25  GPS유효:1
18:25:25  위도:37.496021
18:25:25  경도:126.957016
18:25:25  속도:0.600
18:25:25  방향:163.1
18:25:25  GPS원시속도:0.576
18:25:25  GPS원시방향유효:1
18:25:25  GPS원시방향:229.5
18:25:25  가속도:4.085,5.808,8.049
18:25:25  자이로:-55.290,-61.779,55.679
18:25:25  자력계:-27.450,60.150,12.900
18:25:25  IMU방향유효:1
18:25:25  IMU방향:163.1
18:25:25  방향가속도크기:10.73
18:25:25  방향자이로크기:99.87
18:25:25  방향자세cos:0.8382
18:25:25  자기모델잔차:1.52
18:25:25  자기모델반경:1.077
18:25:25  방향채택:1062
18:25:25  방향거부:13902
18:25:25  송신:1152
18:25:25  GPS위성:6
18:25:25  GPS_HDOP:2.59
18:25:25  원시위도:37.496023
18:25:25  원시경도:126.957016
18:25:25  GPS채택:79
18:25:25  GPS이상치거부:0
18:25:25  GPS품질거부:1
18:25:25  GPS재기준:0
18:25:25  RSSI원시:-76
18:25:25  RSSI평활:-73.2
18:25:25  RSSI샘플:2205
18:25:25  RSSI경과ms:27
18:25:25  차량수신:1075
18:25:25  시각ms:122715
18:25:25  IMU시각ms:122703
18:25:25  위험:0
18:25:25  GPS유효:1
18:25:25  위도:37.496021
18:25:25  경도:126.957016
18:25:25  속도:0.600
18:25:25  방향:163.1
18:25:25  GPS원시속도:0.576
18:25:25  GPS원시방향유효:1
18:25:25  GPS원시방향:229.5
18:25:25  가속도:1.168,1.015,3.160
18:25:25  자이로:0.817,66.267,39.725
18:25:25  자력계:-30.900,55.500,13.650
18:25:25  IMU방향유효:1
18:25:25  IMU방향:163.1
18:25:25  방향가속도크기:3.52
18:25:25  방향자이로크기:77.27
18:25:25  방향자세cos:0.8382
18:25:25  자기모델잔차:1.52
18:25:25  자기모델반경:1.077
18:25:25  방향채택:1062
18:25:25  방향거부:13915
18:25:25  송신:1153
18:25:25  GPS위성:6
18:25:25  GPS_HDOP:2.59
18:25:25  원시위도:37.496023
18:25:25  원시경도:126.957016
18:25:25  GPS채택:79
18:25:25  GPS이상치거부:0
18:25:25  GPS품질거부:1
18:25:25  GPS재기준:0
18:25:25  RSSI원시:-75
18:25:25  RSSI평활:-74.1
18:25:25  RSSI샘플:2208
18:25:25  RSSI경과ms:3
18:25:25  차량수신:1076
