18:25:10  시각ms:113109
18:25:10  IMU시각ms:113085
18:25:10  위험:0
18:25:10  원시위험:0
18:25:10  GPS유효:1
18:25:10  위도:37.498240
18:25:10  경도:126.958666
18:25:10  속도:0.20
18:25:10  방향:0.0
18:25:10  이동방향유효:0
18:25:10  GPS이동방향:0.0
18:25:10  차체방향유효:1
18:25:10  차체방향:197.7
18:25:10  후진판정:0
18:25:10  IMU요회전속도:0.00
18:25:10  방향가속도크기:9.63
18:25:10  방향자이로크기:3.30
18:25:10  방향자세cos:0.9999
18:25:10  자기모델잔차:3.04
18:25:10  자기모델반경:1.346
18:25:10  방향채택:14035
18:25:10  방향거부:11
18:25:10  GPS원시속도:0.396
18:25:10  GPS원시방향유효:1
18:25:10  GPS원시방향:217.4
18:25:10  가속도:-0.57,0.45,9.61
18:25:10  자이로:1.3,2.4,-1.9
18:25:10  자력계:-31.500,-27.300,0.900
18:25:10  충격값:0.11
18:25:10  충격피크:0.13
18:25:10  마지막충격발생값:0.00
18:25:10  마지막충격발생ms:0
18:25:10  송신:1063
18:25:10  지팡이수신:987
18:25:10  GPS위성:5
18:25:10  GPS_HDOP:2.50
18:25:10  원시위도:37.497895
18:25:10  원시경도:126.958607
18:25:10  GPS채택:12
18:25:10  GPS이상치거부:18
18:25:10  GPS품질거부:50
18:25:10  GPS재기준:1
18:25:10  계산거리:280.92
18:25:10  접근속도:0.00
18:25:10  TTC:999.00
18:25:10  방향오차:-150.5
18:25:10  전방여부:0
18:25:10  위험음성횟수:0
18:25:10  충격음성횟수:0
18:25:10  마지막위험음성:0
18:25:10  RSSI원시:-46
18:25:10  RSSI평활:-46.8
18:25:10  RSSI샘플:987
18:25:10  RSSI경과ms:24
18:25:10  위험송신:987
18:25:10  시각ms:113212
18:25:10  IMU시각ms:113188
18:25:10  위험:0
18:25:10  원시위험:0
18:25:10  GPS유효:1
18:25:10  위도:37.498240
18:25:10  경도:126.958666
18:25:10  속도:0.20
18:25:10  방향:0.0
18:25:10  이동방향유효:0
18:25:10  GPS이동방향:0.0
18:25:10  차체방향유효:1
18:25:10  차체방향:197.7
18:25:10  후진판정:0
18:25:10  IMU요회전속도:0.00
18:25:10  방향가속도크기:9.70
18:25:10  방향자이로크기:0.97
18:25:10  방향자세cos:1.0000
18:25:10  자기모델잔차:2.88
18:25:10  자기모델반경:1.311
18:25:10  방향채택:14046
18:25:10  방향거부:11
18:25:10  GPS원시속도:0.396
18:25:10  GPS원시방향유효:1
18:25:10  GPS원시방향:217.4
18:25:10  가속도:-0.48,0.44,9.68
18:25:10  자이로:0.5,-0.2,0.8
18:25:10  자력계:-30.450,-27.450,0.750
18:25:10  충격값:0.09
18:25:10  충격피크:0.17
18:25:10  마지막충격발생값:0.00
18:25:10  마지막충격발생ms:0
18:25:10  송신:1064
18:25:10  지팡이수신:988
18:25:10  GPS위성:5
18:25:10  GPS_HDOP:2.50
18:25:10  원시위도:37.497895
18:25:10  원시경도:126.958607
18:25:10  GPS채택:12
18:25:10  GPS이상치거부:18
18:25:10  GPS품질거부:50
18:25:10  GPS재기준:1
18:25:10  계산거리:280.92
18:25:10  접근속도:0.00
18:25:10  TTC:999.00
18:25:10  방향오차:-150.5
18:25:10  전방여부:0
18:25:10  위험음성횟수:0
18:25:10  충격음성횟수:0
18:25:10  마지막위험음성:0
18:25:10  RSSI원시:-47
18:25:10  RSSI평활:-46.9
18:25:10  RSSI샘플:988
18:25:10  RSSI경과ms:29
18:25:10  위험송신:988
18:25:10  시각ms:113305
18:25:10  IMU시각ms:113305
18:25:10  위험:0
18:25:10  원시위험:0
18:25:10  GPS유효:1
18:25:10  위도:37.498240
18:25:10  경도:126.958666
18:25:10  속도:0.20
18:25:10  방향:0.0
18:25:10  이동방향유효:0
18:25:10  GPS이동방향:0.0
18:25:10  차체방향유효:1
18:25:10  차체방향:197.7
18:25:10  후진판정:0
18:25:10  IMU요회전속도:0.00
18:25:10  방향가속도크기:9.90
18:25:10  방향자이로크기:4.27
18:25:10  방향자세cos:0.9999
18:25:10  자기모델잔차:3.78
18:25:10  자기모델반경:1.356
18:25:10  방향채택:14059
18:25:10  방향거부:11
18:25:10  GPS원시속도:0.087
18:25:10  GPS원시방향유효:1
18:25:10  GPS원시방향:217.4
18:25:10  가속도:-0.58,0.46,9.87
18:25:10  자이로:2.8,-3.2,0.2
18:25:10  자력계:-31.800,-27.300,1.650
18:25:10  충격값:0.17
18:25:10  충격피크:0.17
18:25:10  마지막충격발생값:0.00
18:25:10  마지막충격발생ms:0
18:25:10  송신:1065
18:25:10  지팡이수신:988
18:25:10  GPS위성:5
18:25:10  GPS_HDOP:2.50
18:25:10  원시위도:37.497895
18:25:10  원시경도:126.958607
18:25:10  GPS채택:12
18:25:10  GPS이상치거부:19
18:25:10  GPS품질거부:50
18:25:10  GPS재기준:1
18:25:10  계산거리:280.92
18:25:10  접근속도:0.00
18:25:10  TTC:999.00
18:25:10  방향오차:-150.5
18:25:10  전방여부:0
18:25:10  위험음성횟수:0
18:25:10  충격음성횟수:0
18:25:10  마지막위험음성:0
18:25:10  RSSI원시:-47
18:25:10  RSSI평활:-46.9
18:25:10  RSSI샘플:988
18:25:10  RSSI경과ms:122
18:25:10  위험송신:988
18:25:10  시각ms:113419
18:25:10  IMU시각ms:113396
18:25:10  위험:0
18:25:10  원시위험:0
18:25:10  GPS유효:1
18:25:10  위도:37.498240
18:25:10  경도:126.958666
18:25:10  속도:0.20
18:25:10  방향:0.0
18:25:10  이동방향유효:0
18:25:10  GPS이동방향:0.0
18:25:10  차체방향유효:1
18:25:10  차체방향:197.7
18:25:10  후진판정:0
18:25:10  IMU요회전속도:0.00
18:25:10  방향가속도크기:9.76
18:25:10  방향자이로크기:2.75
18:25:10  방향자세cos:0.9996
18:25:10  자기모델잔차:2.65
18:25:10  자기모델반경:1.332
18:25:10  방향채택:14070
18:25:10  방향거부:11
18:25:10  GPS원시속도:0.087
18:25:10  GPS원시방향유효:1
18:25:10  GPS원시방향:217.4
18:25:10  가속도:-0.68,0.33,9.73
18:25:10  자이로:0.8,2.5,-0.9
18:25:10  자력계:-31.050,-26.850,0.450
18:25:10  충격값:0.13
18:25:10  충격피크:0.22
18:25:10  마지막충격발생값:0.00
18:25:10  마지막충격발생ms:0
18:25:10  송신:1066
18:25:10  지팡이수신:990
18:25:10  GPS위성:5
18:25:10  GPS_HDOP:2.50
18:25:10  원시위도:37.497895
18:25:10  원시경도:126.958607
18:25:10  GPS채택:12
18:25:10  GPS이상치거부:19
18:25:10  GPS품질거부:50
18:25:10  GPS재기준:1
18:25:10  계산거리:280.92
18:25:10  접근속도:0.00
18:25:10  TTC:999.00
18:25:10  방향오차:-150.5
18:25:10  전방여부:0
18:25:10  위험음성횟수:0
18:25:10  충격음성횟수:0
18:25:10  마지막위험음성:0
18:25:10  RSSI원시:-47
18:25:10  RSSI평활:-47.1
18:25:10  RSSI샘플:990
18:25:10  RSSI경과ms:27
18:25:10  위험송신:990
18:25:11  시각ms:113630
18:25:11  IMU시각ms:113607
18:25:11  위험:0
18:25:11  원시위험:0
18:25:11  GPS유효:1
18:25:11  위도:37.498240
18:25:11  경도:126.958666
18:25:11  속도:0.20
18:25:11  방향:0.0
18:25:11  이동방향유효:0
18:25:11  GPS이동방향:0.0
18:25:11  차체방향유효:1
18:25:11  차체방향:197.9
18:25:11  후진판정:0
18:25:11  IMU요회전속도:0.00
18:25:11  방향가속도크기:9.76
18:25:11  방향자이로크기:4.65
18:25:11  방향자세cos:0.9999
18:25:11  자기모델잔차:2.81
18:25:11  자기모델반경:1.353
18:25:11  방향채택:14093
18:25:11  방향거부:11
18:25:11  GPS원시속도:0.087
18:25:11  GPS원시방향유효:1
18:25:11  GPS원시방향:217.4
18:25:11  가속도:-0.59,0.54,9.73
18:25:11  자이로:3.8,-2.5,0.8
18:25:11  자력계:-31.800,-29.250,0.900
18:25:11  충격값:0.15
18:25:11  충격피크:0.20
18:25:11  마지막충격발생값:0.00
18:25:11  마지막충격발생ms:0
18:25:11  송신:1068
18:25:11  지팡이수신:992
18:25:11  GPS위성:5
18:25:11  GPS_HDOP:2.50
18:25:11  원시위도:37.497895
18:25:11  원시경도:126.958607
18:25:11  GPS채택:12
18:25:11  GPS이상치거부:19
18:25:11  GPS품질거부:50
18:25:11  GPS재기준:1
18:25:11  계산거리:280.92
18:25:11  접근속도:0.00
18:25:11  TTC:999.00
18:25:11  방향오차:-150.5
18:25:11  전방여부:0
18:25:11  위험음성횟수:0
18:25:11  충격음성횟수:0
18:25:11  마지막위험음성:0
18:25:11  RSSI원시:-45
18:25:11  RSSI평활:-46.6
18:25:11  RSSI샘플:992
18:25:11  RSSI경과ms:25
18:25:11  위험송신:992
18:25:11  시각ms:113834
18:25:11  IMU시각ms:113811
18:25:11  위험:0
18:25:11  원시위험:0
18:25:11  GPS유효:1
18:25:11  위도:37.498240
18:25:11  경도:126.958666
18:25:11  속도:0.20
18:25:11  방향:0.0
18:25:11  이동방향유효:0
18:25:11  GPS이동방향:0.0
18:25:11  차체방향유효:1
18:25:11  차체방향:197.9
18:25:11  후진판정:0
18:25:11  IMU요회전속도:0.00
18:25:11  방향가속도크기:9.74
18:25:11  방향자이로크기:0.48
18:25:11  방향자세cos:0.9998
18:25:11  자기모델잔차:2.68
18:25:11  자기모델반경:1.348
18:25:11  방향채택:14115
18:25:11  방향거부:11
18:25:11  GPS원시속도:0.087
18:25:11  GPS원시방향유효:1
18:25:11  GPS원시방향:217.4
18:25:11  가속도:-0.65,0.48,9.71
18:25:11  자이로:0.4,0.1,0.3
18:25:11  자력계:-31.650,-29.100,0.750
18:25:11  충격값:0.13
18:25:11  충격피크:0.19
18:25:11  마지막충격발생값:0.00
18:25:11  마지막충격발생ms:0
18:25:11  송신:1070
18:25:11  지팡이수신:994
18:25:11  GPS위성:5
18:25:11  GPS_HDOP:2.50
18:25:11  원시위도:37.497895
18:25:11  원시경도:126.958607
18:25:11  GPS채택:12
18:25:11  GPS이상치거부:19
18:25:11  GPS품질거부:50
18:25:11  GPS재기준:1
18:25:11  계산거리:280.92
18:25:11  접근속도:0.00
18:25:11  TTC:999.00
18:25:11  방향오차:-150.5
18:25:11  전방여부:0
18:25:11  위험음성횟수:0
18:25:11  충격음성횟수:0
18:25:11  마지막위험음성:0
18:25:11  RSSI원시:-46
18:25:11  RSSI평활:-46.6
18:25:11  RSSI샘플:994
18:25:11  RSSI경과ms:25
18:25:11  위험송신:994
18:25:11  시각ms:113936
18:25:11  IMU시각ms:113913
18:25:11  위험:0
18:25:11  원시위험:0
18:25:11  GPS유효:1
18:25:11  위도:37.498240
18:25:11  경도:126.958666
18:25:11  속도:0.20
18:25:11  방향:0.0
18:25:11  이동방향유효:0
18:25:11  GPS이동방향:0.0
18:25:11  차체방향유효:1
18:25:11  차체방향:197.9
18:25:11  후진판정:0
18:25:11  IMU요회전속도:0.00
18:25:11  방향가속도크기:9.67
18:25:11  방향자이로크기:5.88
18:25:11  방향자세cos:0.9999
18:25:11  자기모델잔차:3.26
18:25:11  자기모델반경:1.352
18:25:11  방향채택:14126
18:25:11  방향거부:11
18:25:11  GPS원시속도:0.087
18:25:11  GPS원시방향유효:1
18:25:11  GPS원시방향:217.4
18:25:11  가속도:-0.49,0.33,9.65
18:25:11  자이로:1.2,-5.2,2.4
18:25:11  자력계:-31.650,-26.700,1.050
18:25:11  충격값:0.11
18:25:11  충격피크:0.14
18:25:11  마지막충격발생값:0.00
18:25:11  마지막충격발생ms:0
18:25:11  송신:1071
18:25:11  지팡이수신:995
18:25:11  GPS위성:5
18:25:11  GPS_HDOP:2.50
18:25:11  원시위도:37.497895
18:25:11  원시경도:126.958607
18:25:11  GPS채택:12
18:25:11  GPS이상치거부:19
18:25:11  GPS품질거부:50
18:25:11  GPS재기준:1
18:25:11  계산거리:280.92
18:25:11  접근속도:0.00
18:25:11  TTC:999.00
18:25:11  방향오차:-150.5
18:25:11  전방여부:0
18:25:11  위험음성횟수:0
18:25:11  충격음성횟수:0
18:25:11  마지막위험음성:0
18:25:11  RSSI원시:-47
18:25:11  RSSI평활:-46.7
18:25:11  RSSI샘플:995
18:25:11  RSSI경과ms:22
18:25:11  위험송신:994
18:25:11  시각ms:114154
18:25:11  IMU시각ms:114130
18:25:11  위험:0
18:25:11  원시위험:0
18:25:11  GPS유효:1
18:25:11  위도:37.498240
18:25:11  경도:126.958666
18:25:11  속도:0.20
18:25:11  방향:0.0
18:25:11  이동방향유효:0
18:25:11  GPS이동방향:0.0
18:25:11  차체방향유효:1
18:25:11  차체방향:197.9
18:25:11  후진판정:0
18:25:11  IMU요회전속도:0.00
18:25:11  방향가속도크기:9.69
18:25:11  방향자이로크기:3.64
18:25:11  방향자세cos:0.9999
18:25:11  자기모델잔차:2.87
18:25:11  자기모델반경:1.375
18:25:11  방향채택:14148
18:25:11  방향거부:11
18:25:11  GPS원시속도:0.087
18:25:11  GPS원시방향유효:1
18:25:11  GPS원시방향:217.4
18:25:11  가속도:-0.54,0.41,9.67
18:25:11  자이로:0.5,2.2,-2.9
18:25:11  자력계:-32.400,-27.450,0.750
18:25:11  충격값:0.06
18:25:11  충격피크:0.15
18:25:11  마지막충격발생값:0.00
18:25:11  마지막충격발생ms:0
18:25:11  송신:1073
18:25:11  지팡이수신:997
18:25:11  GPS위성:5
18:25:11  GPS_HDOP:2.50
18:25:11  원시위도:37.497733
18:25:11  원시경도:126.958562
18:25:11  GPS채택:12
18:25:11  GPS이상치거부:20
18:25:11  GPS품질거부:50
18:25:11  GPS재기준:1
18:25:11  계산거리:280.51
18:25:11  접근속도:0.00
18:25:11  TTC:999.00
18:25:11  방향오차:-150.3
18:25:11  전방여부:0
18:25:11  위험음성횟수:0
18:25:11  충격음성횟수:0
18:25:11  마지막위험음성:0
18:25:11  RSSI원시:-45
18:25:11  RSSI평활:-46.5
18:25:11  RSSI샘플:997
18:25:11  RSSI경과ms:26
18:25:11  위험송신:997
18:25:11  시각ms:114460
18:25:11  IMU시각ms:114437
18:25:11  위험:0
18:25:11  원시위험:0
18:25:11  GPS유효:1
18:25:11  위도:37.498240
18:25:11  경도:126.958666
18:25:11  속도:0.20
18:25:11  방향:0.0
18:25:11  이동방향유효:0
18:25:11  GPS이동방향:0.0
18:25:11  차체방향유효:1
18:25:11  차체방향:197.9
18:25:11  후진판정:0
18:25:11  IMU요회전속도:0.00
18:25:11  방향가속도크기:9.74
18:25:11  방향자이로크기:4.47
18:25:11  방향자세cos:0.9999
18:25:11  자기모델잔차:2.88
18:25:11  자기모델반경:1.326
18:25:11  방향채택:14181
18:25:11  방향거부:11
18:25:11  GPS원시속도:0.499
18:25:11  GPS원시방향유효:1
18:25:11  GPS원시방향:217.4
18:25:11  가속도:-0.48,0.34,9.72
18:25:11  자이로:-3.9,1.9,-1.2
18:25:11  자력계:-30.900,-27.450,0.750
18:25:11  충격값:0.12
18:25:11  충격피크:0.21
18:25:11  마지막충격발생값:0.00
18:25:11  마지막충격발생ms:0
18:25:11  송신:1076
18:25:11  지팡이수신:1000
18:25:11  GPS위성:5
18:25:11  GPS_HDOP:2.50
18:25:11  원시위도:37.497733
18:25:11  원시경도:126.958562
18:25:11  GPS채택:12
18:25:11  GPS이상치거부:21
18:25:11  GPS품질거부:50
18:25:11  GPS재기준:1
18:25:11  계산거리:280.15
18:25:11  접근속도:0.00
18:25:11  TTC:999.00
18:25:11  방향오차:-150.3
18:25:11  전방여부:0
18:25:11  위험음성횟수:0
18:25:11  충격음성횟수:0
18:25:11  마지막위험음성:0
18:25:11  RSSI원시:-46
18:25:11  RSSI평활:-47.3
18:25:11  RSSI샘플:1000
18:25:11  RSSI경과ms:25
18:25:11  위험송신:1000
18:25:12  시각ms:114671
18:25:12  IMU시각ms:114648
18:25:12  위험:0
18:25:12  원시위험:0
18:25:12  GPS유효:1
18:25:12  위도:37.498240
18:25:12  경도:126.958666
18:25:12  속도:0.20
18:25:12  방향:0.0
18:25:12  이동방향유효:0
18:25:12  GPS이동방향:0.0
18:25:12  차체방향유효:1
18:25:12  차체방향:197.8
18:25:12  후진판정:0
18:25:12  IMU요회전속도:0.00
18:25:12  방향가속도크기:9.72
18:25:12  방향자이로크기:2.60
18:25:12  방향자세cos:1.0000
18:25:12  자기모델잔차:2.45
18:25:12  자기모델반경:1.379
18:25:12  방향채택:14204
18:25:12  방향거부:11
18:25:12  GPS원시속도:0.499
18:25:12  GPS원시방향유효:1
18:25:12  GPS원시방향:217.4
18:25:12  가속도:-0.44,0.46,9.70
18:25:12  자이로:0.3,-2.1,1.5
18:25:12  자력계:-32.550,-28.500,0.450
18:25:12  충격값:0.15
18:25:12  충격피크:0.19
18:25:12  마지막충격발생값:0.00
18:25:12  마지막충격발생ms:0
18:25:12  송신:1078
18:25:12  지팡이수신:1002
18:25:12  GPS위성:5
18:25:12  GPS_HDOP:2.50
18:25:12  원시위도:37.497733
18:25:12  원시경도:126.958562
18:25:12  GPS채택:12
18:25:12  GPS이상치거부:21
18:25:12  GPS품질거부:50
18:25:12  GPS재기준:1
18:25:12  계산거리:280.15
18:25:12  접근속도:0.00
18:25:12  TTC:999.00
18:25:12  방향오차:-150.3
18:25:12  전방여부:0
18:25:12  위험음성횟수:0
18:25:12  충격음성횟수:0
18:25:12  마지막위험음성:0
18:25:12  RSSI원시:-48
18:25:12  RSSI평활:-47.4
18:25:12  RSSI샘플:1002
18:25:12  RSSI경과ms:24
18:25:12  위험송신:1002
18:25:12  시각ms:115190
18:25:12  IMU시각ms:115189
18:25:12  위험:0
18:25:12  원시위험:0
18:25:12  GPS유효:1
18:25:12  위도:37.498240
18:25:12  경도:126.958666
18:25:12  속도:0.20
18:25:12  방향:0.0
18:25:12  이동방향유효:0
18:25:12  GPS이동방향:0.0
18:25:12  차체방향유효:1
18:25:12  차체방향:197.9
18:25:12  후진판정:0
18:25:12  IMU요회전속도:0.00
18:25:12  방향가속도크기:9.72
18:25:12  방향자이로크기:3.08
18:25:12  방향자세cos:0.9997
18:25:12  자기모델잔차:3.09
18:25:12  자기모델반경:1.332
18:25:12  방향채택:14263
18:25:12  방향거부:11
18:25:12  GPS원시속도:0.499
18:25:12  GPS원시방향유효:1
18:25:12  GPS원시방향:217.4
18:25:12  가속도:-0.58,0.32,9.70
18:25:12  자이로:1.9,-1.5,-1.8
18:25:12  자력계:-31.050,-26.850,0.900
18:25:12  충격값:0.08
18:25:12  충격피크:0.15
18:25:12  마지막충격발생값:0.00
18:25:12  마지막충격발생ms:0
18:25:12  송신:1083
18:25:12  지팡이수신:1007
18:25:12  GPS위성:5
18:25:12  GPS_HDOP:2.50
18:25:12  원시위도:37.497867
18:25:12  원시경도:126.958560
18:25:12  GPS채택:12
18:25:12  GPS이상치거부:22
18:25:12  GPS품질거부:50
18:25:12  GPS재기준:1
18:25:12  계산거리:280.48
18:25:12  접근속도:0.00
18:25:12  TTC:999.00
18:25:12  방향오차:-150.2
18:25:12  전방여부:0
18:25:12  위험음성횟수:0
18:25:12  충격음성횟수:0
18:25:12  마지막위험음성:0
18:25:12  RSSI원시:-46
18:25:12  RSSI평활:-47.5
18:25:12  RSSI샘플:1007
18:25:12  RSSI경과ms:26
18:25:12  위험송신:1007
18:25:12  시각ms:115292
18:25:12  IMU시각ms:115291
18:25:12  위험:0
18:25:12  원시위험:0
18:25:12  GPS유효:0
18:25:12  위도:0.000000
18:25:12  경도:0.000000
18:25:12  속도:0.00
18:25:12  방향:0.0
18:25:12  이동방향유효:0
18:25:12  GPS이동방향:0.0
18:25:12  차체방향유효:1
18:25:12  차체방향:197.9
18:25:12  후진판정:0
18:25:12  IMU요회전속도:0.00
18:25:12  방향가속도크기:9.79
18:25:12  방향자이로크기:2.63
18:25:12  방향자세cos:0.9994
18:25:12  자기모델잔차:3.65
18:25:12  자기모델반경:1.361
18:25:12  방향채택:14277
18:25:12  방향거부:11
18:25:12  GPS원시속도:0.499
18:25:12  GPS원시방향유효:1
18:25:12  GPS원시방향:217.4
18:25:12  가속도:-0.74,0.33,9.75
18:25:12  자이로:2.4,1.0,0.1
18:25:12  자력계:-31.950,-27.150,1.500
18:25:12  충격값:0.18
18:25:12  충격피크:0.18
18:25:12  마지막충격발생값:0.00
18:25:12  마지막충격발생ms:0
18:25:12  송신:1084
18:25:12  지팡이수신:1008
18:25:12  GPS위성:5
18:25:12  GPS_HDOP:2.50
18:25:12  원시위도:37.497867
18:25:12  원시경도:126.958560
18:25:12  GPS채택:12
18:25:12  GPS이상치거부:22
18:25:12  GPS품질거부:50
18:25:12  GPS재기준:1
18:25:12  계산거리:-1.00
18:25:12  접근속도:0.00
18:25:12  TTC:999.00
18:25:12  방향오차:0.0
18:25:12  전방여부:0
18:25:12  위험음성횟수:0
18:25:12  충격음성횟수:0
18:25:12  마지막위험음성:0
18:25:12  RSSI원시:-46
18:25:12  RSSI평활:-47.2
18:25:12  RSSI샘플:1008
18:25:12  RSSI경과ms:24
18:25:12  위험송신:1008
18:25:12  시각ms:115392
18:25:12  IMU시각ms:115392
18:25:12  위험:0
18:25:12  원시위험:0
18:25:12  GPS유효:0
18:25:12  위도:0.000000
18:25:12  경도:0.000000
18:25:12  속도:0.00
18:25:12  방향:0.0
18:25:12  이동방향유효:0
18:25:12  GPS이동방향:0.0
18:25:12  차체방향유효:1
18:25:12  차체방향:197.7
18:25:12  후진판정:0
18:25:12  IMU요회전속도:0.00
18:25:12  방향가속도크기:9.78
18:25:12  방향자이로크기:1.07
18:25:12  방향자세cos:0.9996
18:25:12  자기모델잔차:4.14
18:25:12  자기모델반경:1.365
18:25:12  방향채택:14291
18:25:12  방향거부:11
18:25:12  GPS원시속도:0.499
18:25:12  GPS원시방향유효:1
18:25:12  GPS원시방향:217.4
18:25:12  가속도:-0.70,0.49,9.74
18:25:12  자이로:0.2,-0.0,1.1
18:25:12  자력계:-31.950,-25.500,1.800
18:25:12  충격값:0.16
18:25:12  충격피크:0.19
18:25:12  마지막충격발생값:0.00
18:25:12  마지막충격발생ms:0
18:25:12  송신:1085
18:25:12  지팡이수신:1009
18:25:12  GPS위성:5
18:25:12  GPS_HDOP:2.50
18:25:12  원시위도:37.497867
18:25:12  원시경도:126.958560
18:25:12  GPS채택:12
18:25:12  GPS이상치거부:22
18:25:12  GPS품질거부:50
18:25:12  GPS재기준:1
18:25:12  계산거리:-1.00
18:25:12  접근속도:0.00
18:25:12  TTC:999.00
18:25:12  방향오차:0.0
18:25:12  전방여부:0
18:25:12  위험음성횟수:0
18:25:12  충격음성횟수:0
18:25:12  마지막위험음성:0
18:25:12  RSSI원시:-47
18:25:12  RSSI평활:-47.1
18:25:12  RSSI샘플:1009
18:25:12  RSSI경과ms:19
18:25:12  위험송신:1009
18:25:12  시각ms:115605
18:25:12  IMU시각ms:115594
18:25:12  위험:0
18:25:12  원시위험:0
18:25:12  GPS유효:0
18:25:12  위도:0.000000
18:25:12  경도:0.000000
18:25:12  속도:0.00
18:25:12  방향:0.0
18:25:12  이동방향유효:0
18:25:12  GPS이동방향:0.0
18:25:12  차체방향유효:1
18:25:12  차체방향:197.7
18:25:12  후진판정:0
18:25:12  IMU요회전속도:0.00
18:25:12  방향가속도크기:9.64
18:25:12  방향자이로크기:4.23
18:25:12  방향자세cos:0.9998
18:25:12  자기모델잔차:3.23
18:25:12  자기모델반경:1.350
18:25:12  방향채택:14319
18:25:12  방향거부:11
18:25:12  GPS원시속도:1.219
18:25:12  GPS원시방향유효:1
18:25:12  GPS원시방향:171.4
18:25:12  가속도:-0.48,0.30,9.62
18:25:12  자이로:2.8,0.6,-3.1
18:25:12  자력계:-31.500,-25.650,0.900
18:25:12  충격값:0.16
18:25:12  충격피크:0.19
18:25:12  마지막충격발생값:0.00
18:25:12  마지막충격발생ms:0
18:25:12  송신:1087
18:25:12  지팡이수신:1011
18:25:12  GPS위성:5
18:25:12  GPS_HDOP:2.50
18:25:12  원시위도:37.497867
18:25:12  원시경도:126.958560
18:25:12  GPS채택:12
18:25:12  GPS이상치거부:23
18:25:12  GPS품질거부:50
18:25:12  GPS재기준:1
18:25:12  계산거리:-1.00
18:25:12  접근속도:0.00
18:25:12  TTC:999.00
18:25:12  방향오차:0.0
18:25:12  전방여부:0
18:25:12  위험음성횟수:0
18:25:12  충격음성횟수:0
18:25:12  마지막위험음성:0
18:25:12  RSSI원시:-48
18:25:12  RSSI평활:-47.3
18:25:12  RSSI샘플:1011
18:25:12  RSSI경과ms:26
18:25:12  위험송신:1011
18:25:13  시각ms:115699
18:25:13  IMU시각ms:115699
18:25:13  위험:0
18:25:13  원시위험:0
18:25:13  GPS유효:0
18:25:13  위도:0.000000
18:25:13  경도:0.000000
18:25:13  속도:0.00
18:25:13  방향:0.0
18:25:13  이동방향유효:0
18:25:13  GPS이동방향:0.0
18:25:13  차체방향유효:1
18:25:13  차체방향:197.7
18:25:13  후진판정:0
18:25:13  IMU요회전속도:0.00
18:25:13  방향가속도크기:9.82
18:25:13  방향자이로크기:2.80
18:25:13  방향자세cos:0.9999
18:25:13  자기모델잔차:3.78
18:25:13  자기모델반경:1.334
18:25:13  방향채택:14332
18:25:13  방향거부:11
18:25:13  GPS원시속도:1.219
18:25:13  GPS원시방향유효:1
18:25:13  GPS원시방향:171.4
18:25:13  가속도:-0.56,0.54,9.79
18:25:13  자이로:-1.8,-1.9,-1.0
18:25:13  자력계:-31.200,-28.650,1.800
18:25:13  충격값:0.17
18:25:13  충격피크:0.17
18:25:13  마지막충격발생값:0.00
18:25:13  마지막충격발생ms:0
18:25:13  송신:1088
18:25:13  지팡이수신:1012
18:25:13  GPS위성:5
18:25:13  GPS_HDOP:2.50
18:25:13  원시위도:37.497867
18:25:13  원시경도:126.958560
18:25:13  GPS채택:12
18:25:13  GPS이상치거부:23
18:25:13  GPS품질거부:50
18:25:13  GPS재기준:1
18:25:13  계산거리:-1.00
18:25:13  접근속도:0.00
18:25:13  TTC:999.00
18:25:13  방향오차:0.0
18:25:13  전방여부:0
18:25:13  위험음성횟수:0
18:25:13  충격음성횟수:0
18:25:13  마지막위험음성:0
18:25:13  RSSI원시:-46
18:25:13  RSSI평활:-47.0
18:25:13  RSSI샘플:1012
18:25:13  RSSI경과ms:16
18:25:13  위험송신:1012
18:25:13  시각ms:115811
18:25:13  IMU시각ms:115800
18:25:13  위험:0
18:25:13  원시위험:0
18:25:13  GPS유효:0
18:25:13  위도:0.000000
18:25:13  경도:0.000000
18:25:13  속도:0.00
18:25:13  방향:0.0
18:25:13  이동방향유효:0
18:25:13  GPS이동방향:0.0
18:25:13  차체방향유효:1
18:25:13  차체방향:197.7
18:25:13  후진판정:0
18:25:13  IMU요회전속도:0.00
18:25:13  방향가속도크기:9.69
18:25:13  방향자이로크기:4.25
18:25:13  방향자세cos:1.0000
18:25:13  자기모델잔차:3.48
18:25:13  자기모델반경:1.324
18:25:13  방향채택:14346
18:25:13  방향거부:11
18:25:13  GPS원시속도:1.219
18:25:13  GPS원시방향유효:1
18:25:13  GPS원시방향:171.4
18:25:13  가속도:-0.52,0.44,9.67
18:25:13  자이로:1.4,3.0,-2.6
18:25:13  자력계:-30.900,-28.650,1.500
18:25:13  충격값:0.08
18:25:13  충격피크:0.15
18:25:13  마지막충격발생값:0.00
18:25:13  마지막충격발생ms:0
18:25:13  송신:1089
18:25:13  지팡이수신:1013
18:25:13  GPS위성:5
18:25:13  GPS_HDOP:2.50
18:25:13  원시위도:37.497867
18:25:13  원시경도:126.958560
18:25:13  GPS채택:12
18:25:13  GPS이상치거부:23
18:25:13  GPS품질거부:50
18:25:13  GPS재기준:1
18:25:13  계산거리:-1.00
18:25:13  접근속도:0.00
18:25:13  TTC:999.00
18:25:13  방향오차:0.0
18:25:13  전방여부:0
18:25:13  위험음성횟수:0
18:25:13  충격음성횟수:0
18:25:13  마지막위험음성:0
18:25:13  RSSI원시:-46
18:25:13  RSSI평활:-46.8
18:25:13  RSSI샘플:1013
18:25:13  RSSI경과ms:24
18:25:13  위험송신:1013
18:25:13  시각ms:116020
18:25:13  IMU시각ms:116008
18:25:13  위험:0
18:25:13  원시위험:0
18:25:13  GPS유효:0
18:25:13  위도:0.000000
18:25:13  경도:0.000000
18:25:13  속도:0.00
18:25:13  방향:0.0
18:25:13  이동방향유효:0
18:25:13  GPS이동방향:0.0
18:25:13  차체방향유효:1
18:25:13  차체방향:197.7
18:25:13  후진판정:0
18:25:13  IMU요회전속도:0.00
18:25:13  방향가속도크기:9.70
18:25:13  방향자이로크기:2.96
18:25:13  방향자세cos:0.9999
18:25:13  자기모델잔차:3.57
18:25:13  자기모델반경:1.325
18:25:13  방향채택:14370
18:25:13  방향거부:11
18:25:13  GPS원시속도:1.219
18:25:13  GPS원시방향유효:1
18:25:13  GPS원시방향:171.4
18:25:13  가속도:-0.56,0.54,9.67
18:25:13  자이로:1.6,-2.4,-0.4
18:25:13  자력계:-30.900,-27.900,1.500
18:25:13  충격값:0.15
18:25:13  충격피크:0.21
18:25:13  마지막충격발생값:0.00
18:25:13  마지막충격발생ms:0
18:25:13  송신:1091
18:25:13  지팡이수신:1015
18:25:13  GPS위성:5
18:25:13  GPS_HDOP:2.50
18:25:13  원시위도:37.497867
18:25:13  원시경도:126.958560
18:25:13  GPS채택:12
18:25:13  GPS이상치거부:23
18:25:13  GPS품질거부:50
18:25:13  GPS재기준:1
18:25:13  계산거리:-1.00
18:25:13  접근속도:0.00
18:25:13  TTC:999.00
18:25:13  방향오차:0.0
18:25:13  전방여부:0
18:25:13  위험음성횟수:0
18:25:13  충격음성횟수:0
18:25:13  마지막위험음성:0
18:25:13  RSSI원시:-49
18:25:13  RSSI평활:-47.8
18:25:13  RSSI샘플:1015
18:25:13  RSSI경과ms:24
18:25:13  위험송신:1015
18:25:13  시각ms:116126
18:25:13  IMU시각ms:116114
18:25:13  위험:0
18:25:13  원시위험:0
18:25:13  GPS유효:0
18:25:13  위도:0.000000
18:25:13  경도:0.000000
18:25:13  속도:0.00
18:25:13  방향:0.0
18:25:13  이동방향유효:0
18:25:13  GPS이동방향:0.0
18:25:13  차체방향유효:1
18:25:13  차체방향:197.7
18:25:13  후진판정:0
18:25:13  IMU요회전속도:0.00
18:25:13  방향가속도크기:9.74
18:25:13  방향자이로크기:2.61
18:25:13  방향자세cos:0.9999
18:25:13  자기모델잔차:2.12
18:25:13  자기모델반경:1.354
18:25:13  방향채택:14383
18:25:13  방향거부:11
18:25:13  GPS원시속도:1.219
18:25:13  GPS원시방향유효:1
18:25:13  GPS원시방향:171.4
18:25:13  가속도:-0.51,0.34,9.72
18:25:13  자이로:-1.0,-1.3,2.0
18:25:13  자력계:-31.800,-28.800,0.150
18:25:13  충격값:0.07
18:25:13  충격피크:0.24
18:25:13  마지막충격발생값:0.00
18:25:13  마지막충격발생ms:0
18:25:13  송신:1092
18:25:13  지팡이수신:1016
18:25:13  GPS위성:5
18:25:13  GPS_HDOP:2.50
18:25:13  원시위도:37.498068
18:25:13  원시경도:126.958593
18:25:13  GPS채택:12
18:25:13  GPS이상치거부:24
18:25:13  GPS품질거부:50
18:25:13  GPS재기준:1
18:25:13  계산거리:-1.00
18:25:13  접근속도:0.00
18:25:13  TTC:999.00
18:25:13  방향오차:0.0
18:25:13  전방여부:0
18:25:13  위험음성횟수:0
18:25:13  충격음성횟수:0
18:25:13  마지막위험음성:0
18:25:13  RSSI원시:-53
18:25:13  RSSI평활:-48.8
18:25:13  RSSI샘플:1016
18:25:13  RSSI경과ms:24
18:25:13  위험송신:1016
18:25:13  시각ms:116324
18:25:13  IMU시각ms:116324
18:25:13  위험:0
18:25:13  원시위험:0
18:25:13  GPS유효:0
18:25:13  위도:0.000000
18:25:13  경도:0.000000
18:25:13  속도:0.00
18:25:13  방향:0.0
18:25:13  이동방향유효:0
18:25:13  GPS이동방향:0.0
18:25:13  차체방향유효:1
18:25:13  차체방향:197.7
18:25:13  후진판정:0
18:25:13  IMU요회전속도:0.00
18:25:13  방향가속도크기:9.74
18:25:13  방향자이로크기:3.30
18:25:13  방향자세cos:0.9999
18:25:13  자기모델잔차:2.51
18:25:13  자기모델반경:1.330
18:25:13  방향채택:14409
18:25:13  방향거부:11
18:25:13  GPS원시속도:0.252
18:25:13  GPS원시방향유효:1
18:25:13  GPS원시방향:171.4
18:25:13  가속도:-0.57,0.43,9.71
18:25:13  자이로:3.0,-1.4,0.1
18:25:13  자력계:-31.050,-28.050,0.450
18:25:13  충격값:0.05
18:25:13  충격피크:0.17
18:25:13  마지막충격발생값:0.00
18:25:13  마지막충격발생ms:0
18:25:13  송신:1094
18:25:13  지팡이수신:1018
18:25:13  GPS위성:5
18:25:13  GPS_HDOP:2.50
18:25:13  원시위도:37.498068
18:25:13  원시경도:126.958593
18:25:13  GPS채택:12
18:25:13  GPS이상치거부:25
18:25:13  GPS품질거부:50
18:25:13  GPS재기준:1
18:25:13  계산거리:-1.00
18:25:13  접근속도:0.00
18:25:13  TTC:999.00
18:25:13  방향오차:0.0
18:25:13  전방여부:0
18:25:13  위험음성횟수:0
18:25:13  충격음성횟수:0
18:25:13  마지막위험음성:0
18:25:13  RSSI원시:-64
18:25:13  RSSI평활:-54.6
18:25:13  RSSI샘플:1018
18:25:13  RSSI경과ms:16
18:25:13  위험송신:1018
18:25:13  시각ms:116436
18:25:13  IMU시각ms:116424
18:25:13  위험:0
18:25:13  원시위험:0
18:25:13  GPS유효:0
18:25:13  위도:0.000000
18:25:13  경도:0.000000
18:25:13  속도:0.00
18:25:13  방향:0.0
18:25:13  이동방향유효:0
18:25:13  GPS이동방향:0.0
18:25:13  차체방향유효:1
18:25:13  차체방향:197.7
18:25:13  후진판정:0
18:25:13  IMU요회전속도:0.00
18:25:13  방향가속도크기:9.67
18:25:13  방향자이로크기:2.15
18:25:13  방향자세cos:0.9998
18:25:13  자기모델잔차:2.43
18:25:13  자기모델반경:1.373
18:25:13  방향채택:14423
18:25:13  방향거부:11
18:25:13  GPS원시속도:0.252
18:25:13  GPS원시방향유효:1
18:25:13  GPS원시방향:171.4
18:25:13  가속도:-0.62,0.43,9.64
18:25:13  자이로:1.8,0.6,1.0
18:25:13  자력계:-32.250,-26.100,0.150
18:25:13  충격값:0.10
18:25:13  충격피크:0.21
18:25:13  마지막충격발생값:0.00
18:25:13  마지막충격발생ms:0
18:25:13  송신:1095
18:25:13  지팡이수신:1019
18:25:13  GPS위성:5
18:25:13  GPS_HDOP:2.50
18:25:13  원시위도:37.498068
18:25:13  원시경도:126.958593
18:25:13  GPS채택:12
18:25:13  GPS이상치거부:25
18:25:13  GPS품질거부:50
18:25:13  GPS재기준:1
18:25:13  계산거리:-1.00
18:25:13  접근속도:0.00
18:25:13  TTC:999.00
18:25:13  방향오차:0.0
18:25:13  전방여부:0
18:25:13  위험음성횟수:0
18:25:13  충격음성횟수:0
18:25:13  마지막위험음성:0
18:25:13  RSSI원시:-58
18:25:13  RSSI평활:-55.3
18:25:13  RSSI샘플:1019
18:25:13  RSSI경과ms:19
18:25:13  위험송신:1019
18:25:13  시각ms:116540
18:25:13  IMU시각ms:116529
18:25:13  위험:0
18:25:13  원시위험:0
18:25:13  GPS유효:0
18:25:13  위도:0.000000
18:25:13  경도:0.000000
18:25:13  속도:0.00
18:25:13  방향:0.0
18:25:13  이동방향유효:0
18:25:13  GPS이동방향:0.0
18:25:13  차체방향유효:1
18:25:13  차체방향:197.7
18:25:13  후진판정:0
18:25:13  IMU요회전속도:0.00
18:25:13  방향가속도크기:9.80
18:25:13  방향자이로크기:0.59
18:25:13  방향자세cos:0.9996
18:25:13  자기모델잔차:3.25
18:25:13  자기모델반경:1.362
18:25:13  방향채택:14436
18:25:13  방향거부:11
18:25:13  GPS원시속도:0.252
18:25:13  GPS원시방향유효:1
18:25:13  GPS원시방향:171.4
18:25:13  가속도:-0.66,0.33,9.77
18:25:13  자이로:0.4,-0.1,-0.4
18:25:13  자력계:-31.950,-26.700,1.050
18:25:13  충격값:0.13
18:25:13  충격피크:0.14
18:25:13  마지막충격발생값:0.00
18:25:13  마지막충격발생ms:0
18:25:13  송신:1096
18:25:13  지팡이수신:1020
18:25:13  GPS위성:5
18:25:13  GPS_HDOP:2.50
18:25:13  원시위도:37.498068
18:25:13  원시경도:126.958593
18:25:13  GPS채택:12
18:25:13  GPS이상치거부:25
18:25:13  GPS품질거부:50
18:25:13  GPS재기준:1
18:25:13  계산거리:-1.00
18:25:13  접근속도:0.00
18:25:13  TTC:999.00
18:25:13  방향오차:0.0
18:25:13  전방여부:0
18:25:13  위험음성횟수:0
18:25:13  충격음성횟수:0
18:25:13  마지막위험음성:0
18:25:13  RSSI원시:-61
18:25:13  RSSI평활:-56.4
18:25:13  RSSI샘플:1020
18:25:13  RSSI경과ms:24
18:25:13  위험송신:1020
18:25:14  시각ms:116750
18:25:14  IMU시각ms:116738
18:25:14  위험:0
18:25:14  원시위험:0
18:25:14  GPS유효:0
18:25:14  위도:0.000000
18:25:14  경도:0.000000
18:25:14  속도:0.00
18:25:14  방향:0.0
18:25:14  이동방향유효:0
18:25:14  GPS이동방향:0.0
18:25:14  차체방향유효:1
18:25:14  차체방향:197.6
18:25:14  후진판정:0
18:25:14  IMU요회전속도:0.00
18:25:14  방향가속도크기:9.71
18:25:14  방향자이로크기:1.25
18:25:14  방향자세cos:0.9999
18:25:14  자기모델잔차:2.90
18:25:14  자기모델반경:1.361
18:25:14  방향채택:14462
18:25:14  방향거부:11
18:25:14  GPS원시속도:0.252
18:25:14  GPS원시방향유효:1
18:25:14  GPS원시방향:171.4
18:25:14  가속도:-0.57,0.44,9.68
18:25:14  자이로:-0.7,-1.0,-0.0
18:25:14  자력계:-31.950,-27.150,0.750
18:25:14  충격값:0.06
18:25:14  충격피크:0.16
18:25:14  마지막충격발생값:0.00
18:25:14  마지막충격발생ms:0
18:25:14  송신:1098
18:25:14  지팡이수신:1022
18:25:14  GPS위성:5
18:25:14  GPS_HDOP:2.50
18:25:14  원시위도:37.498068
18:25:14  원시경도:126.958593
18:25:14  GPS채택:12
18:25:14  GPS이상치거부:25
18:25:14  GPS품질거부:50
18:25:14  GPS재기준:1
18:25:14  계산거리:-1.00
18:25:14  접근속도:0.00
18:25:14  TTC:999.00
18:25:14  방향오차:0.0
18:25:14  전방여부:0
18:25:14  위험음성횟수:0
18:25:14  충격음성횟수:0
18:25:14  마지막위험음성:0
18:25:14  RSSI원시:-60
18:25:14  RSSI평활:-58.8
18:25:14  RSSI샘플:1022
18:25:14  RSSI경과ms:13
18:25:14  위험송신:1022
18:25:14  시각ms:117055
18:25:14  IMU시각ms:117054
18:25:14  위험:0
18:25:14  원시위험:0
18:25:14  GPS유효:1
18:25:14  위도:37.498232
18:25:14  경도:126.958652
18:25:14  속도:0.13
18:25:14  방향:0.0
18:25:14  이동방향유효:0
18:25:14  GPS이동방향:0.0
18:25:14  차체방향유효:1
18:25:14  차체방향:197.6
18:25:14  후진판정:0
18:25:14  IMU요회전속도:0.00
18:25:14  방향가속도크기:9.77
18:25:14  방향자이로크기:1.99
18:25:14  방향자세cos:0.9998
18:25:14  자기모델잔차:1.34
18:25:14  자기모델반경:1.357
18:25:14  방향채택:14501
18:25:14  방향거부:11
18:25:14  GPS원시속도:0.252
18:25:14  GPS원시방향유효:1
18:25:14  GPS원시방향:171.4
18:25:14  가속도:-0.63,0.47,9.73
18:25:14  자이로:0.3,-0.2,-2.0
18:25:14  자력계:-31.800,-26.550,-0.900
18:25:14  충격값:0.11
18:25:14  충격피크:0.17
18:25:14  마지막충격발생값:0.00
18:25:14  마지막충격발생ms:0
18:25:14  송신:1101
18:25:14  지팡이수신:1025
18:25:14  GPS위성:5
18:25:14  GPS_HDOP:2.50
18:25:14  원시위도:37.498275
18:25:14  원시경도:126.958617
18:25:14  GPS채택:13
18:25:14  GPS이상치거부:25
18:25:14  GPS품질거부:50
18:25:14  GPS재기준:1
18:25:14  계산거리:-1.00
18:25:14  접근속도:0.00
18:25:14  TTC:999.00
18:25:14  방향오차:0.0
18:25:14  전방여부:0
18:25:14  위험음성횟수:0
18:25:14  충격음성횟수:0
18:25:14  마지막위험음성:0
18:25:14  RSSI원시:-73
18:25:14  RSSI평활:-63.2
18:25:14  RSSI샘플:1025
18:25:14  RSSI경과ms:17
18:25:14  위험송신:1025
18:25:14  시각ms:117171
18:25:14  IMU시각ms:117147
18:25:14  위험:0
18:25:14  원시위험:0
18:25:14  GPS유효:1
18:25:14  위도:37.498232
18:25:14  경도:126.958652
18:25:14  속도:0.13
18:25:14  방향:0.0
18:25:14  이동방향유효:0
18:25:14  GPS이동방향:0.0
18:25:14  차체방향유효:1
18:25:14  차체방향:197.5
18:25:14  후진판정:0
18:25:14  IMU요회전속도:0.00
18:25:14  방향가속도크기:9.74
18:25:14  방향자이로크기:2.17
18:25:14  방향자세cos:0.9997
18:25:14  자기모델잔차:2.81
18:25:14  자기모델반경:1.389
18:25:14  방향채택:14514
18:25:14  방향거부:11
18:25:14  GPS원시속도:0.252
18:25:14  GPS원시방향유효:1
18:25:14  GPS원시방향:171.4
18:25:14  가속도:-0.54,0.28,9.73
18:25:14  자이로:1.5,-1.6,0.1
18:25:14  자력계:-32.850,-27.900,0.750
18:25:14  충격값:0.11
18:25:14  충격피크:0.18
18:25:14  마지막충격발생값:0.00
18:25:14  마지막충격발생ms:0
18:25:14  송신:1102
18:25:14  지팡이수신:1026
18:25:14  GPS위성:5
18:25:14  GPS_HDOP:2.50
18:25:14  원시위도:37.498275
18:25:14  원시경도:126.958617
18:25:14  GPS채택:13
18:25:14  GPS이상치거부:25
18:25:14  GPS품질거부:50
18:25:14  GPS재기준:1
18:25:14  계산거리:278.67
18:25:14  접근속도:0.00
18:25:14  TTC:999.00
18:25:14  방향오차:-150.1
18:25:14  전방여부:0
18:25:14  위험음성횟수:0
18:25:14  충격음성횟수:0
18:25:14  마지막위험음성:0
18:25:14  RSSI원시:-81
18:25:14  RSSI평활:-66.7
18:25:14  RSSI샘플:1026
18:25:14  RSSI경과ms:28
18:25:14  위험송신:1026
18:25:14  시각ms:117484
18:25:14  IMU시각ms:117461
18:25:14  위험:0
18:25:14  원시위험:0
18:25:14  GPS유효:1
18:25:14  위도:37.498232
18:25:14  경도:126.958652
18:25:14  속도:0.13
18:25:14  방향:0.0
18:25:14  이동방향유효:0
18:25:14  GPS이동방향:0.0
18:25:14  차체방향유효:1
18:25:14  차체방향:197.6
18:25:14  후진판정:0
18:25:14  IMU요회전속도:0.00
18:25:14  방향가속도크기:9.78
18:25:14  방향자이로크기:2.87
18:25:14  방향자세cos:1.0000
18:25:14  자기모델잔차:2.38
18:25:14  자기모델반경:1.335
18:25:14  방향채택:14548
18:25:14  방향거부:11
18:25:14  GPS원시속도:0.005
18:25:14  GPS원시방향유효:1
18:25:14  GPS원시방향:171.4
18:25:14  가속도:-0.49,0.44,9.75
18:25:14  자이로:-0.1,1.2,-2.6
18:25:14  자력계:-31.200,-27.900,0.300
18:25:14  충격값:0.09
18:25:14  충격피크:0.16
18:25:14  마지막충격발생값:0.00
18:25:14  마지막충격발생ms:0
18:25:14  송신:1105
18:25:14  지팡이수신:1029
18:25:14  GPS위성:5
18:25:14  GPS_HDOP:2.50
18:25:14  원시위도:37.498275
18:25:14  원시경도:126.958617
18:25:14  GPS채택:13
18:25:14  GPS이상치거부:26
18:25:14  GPS품질거부:50
18:25:14  GPS재기준:1
18:25:14  계산거리:278.67
18:25:14  접근속도:0.00
18:25:14  TTC:999.00
18:25:14  방향오차:-150.1
18:25:14  전방여부:0
18:25:14  위험음성횟수:0
18:25:14  충격음성횟수:0
18:25:14  마지막위험음성:0
18:25:14  RSSI원시:-61
18:25:14  RSSI평활:-63.2
18:25:14  RSSI샘플:1029
18:25:14  RSSI경과ms:30
18:25:14  위험송신:1029
18:25:14  시각ms:117586
18:25:14  IMU시각ms:117563
18:25:14  위험:0
18:25:14  원시위험:0
18:25:14  GPS유효:1
18:25:14  위도:37.498231
18:25:14  경도:126.958652
18:25:14  속도:0.13
18:25:14  방향:0.0
18:25:14  이동방향유효:0
18:25:14  GPS이동방향:0.0
18:25:14  차체방향유효:1
18:25:14  차체방향:197.5
18:25:14  후진판정:0
18:25:14  IMU요회전속도:0.00
18:25:14  방향가속도크기:9.67
18:25:14  방향자이로크기:2.00
18:25:14  방향자세cos:0.9997
18:25:14  자기모델잔차:2.73
18:25:14  자기모델반경:1.334
18:25:14  방향채택:14559
18:25:14  방향거부:11
18:25:14  GPS원시속도:0.005
18:25:14  GPS원시방향유효:1
18:25:14  GPS원시방향:171.4
18:25:14  가속도:-0.66,0.44,9.64
18:25:14  자이로:0.3,-0.9,-1.8
18:25:14  자력계:-31.050,-26.100,0.450
18:25:14  충격값:0.12
18:25:14  충격피크:0.12
18:25:14  마지막충격발생값:0.00
18:25:14  마지막충격발생ms:0
18:25:14  송신:1106
18:25:14  지팡이수신:1030
18:25:14  GPS위성:5
18:25:14  GPS_HDOP:2.50
18:25:14  원시위도:37.498275
18:25:14  원시경도:126.958617
18:25:14  GPS채택:13
18:25:14  GPS이상치거부:26
18:25:14  GPS품질거부:50
18:25:14  GPS재기준:1
18:25:14  계산거리:278.67
18:25:14  접근속도:0.00
18:25:14  TTC:999.00
18:25:14  방향오차:-150.1
18:25:14  전방여부:0
18:25:14  위험음성횟수:0
18:25:14  충격음성횟수:0
18:25:14  마지막위험음성:0
18:25:14  RSSI원시:-73
18:25:14  RSSI평활:-65.2
18:25:14  RSSI샘플:1030
18:25:14  RSSI경과ms:27
18:25:14  위험송신:1030
18:25:15  시각ms:118007
18:25:15  IMU시각ms:117983
18:25:15  위험:0
18:25:15  원시위험:0
18:25:15  GPS유효:1
18:25:15  위도:37.498231
18:25:15  경도:126.958652
18:25:15  속도:0.13
18:25:15  방향:0.0
18:25:15  이동방향유효:0
18:25:15  GPS이동방향:0.0
18:25:15  차체방향유효:1
18:25:15  차체방향:197.8
18:25:15  후진판정:0
18:25:15  IMU요회전속도:0.00
18:25:15  방향가속도크기:9.67
18:25:15  방향자이로크기:2.36
18:25:15  방향자세cos:1.0000
18:25:15  자기모델잔차:4.36
18:25:15  자기모델반경:1.304
18:25:15  방향채택:14603
18:25:15  방향거부:11
18:25:15  GPS원시속도:0.005
18:25:15  GPS원시방향유효:1
18:25:15  GPS원시방향:171.4
18:25:15  가속도:-0.43,0.43,9.65
18:25:15  자이로:0.4,2.1,-0.9
18:25:15  자력계:-30.300,-28.800,2.400
18:25:15  충격값:0.14
18:25:15  충격피크:0.19
18:25:15  마지막충격발생값:0.00
18:25:15  마지막충격발생ms:0
18:25:15  송신:1110
18:25:15  지팡이수신:1034
18:25:15  GPS위성:5
18:25:15  GPS_HDOP:2.50
18:25:15  원시위도:37.498275
18:25:15  원시경도:126.958617
18:25:15  GPS채택:13
18:25:15  GPS이상치거부:26
18:25:15  GPS품질거부:50
18:25:15  GPS재기준:1
18:25:15  계산거리:279.04
18:25:15  접근속도:0.00
18:25:15  TTC:999.00
18:25:15  방향오차:-150.2
18:25:15  전방여부:0
18:25:15  위험음성횟수:0
18:25:15  충격음성횟수:0
18:25:15  마지막위험음성:0
18:25:15  RSSI원시:-61
18:25:15  RSSI평활:-64.5
18:25:15  RSSI샘플:1034
18:25:15  RSSI경과ms:30
18:25:15  위험송신:1034
18:25:16  시각ms:118961
18:25:16  IMU시각ms:118938
18:25:16  위험:0
18:25:16  원시위험:0
18:25:16  GPS유효:1
18:25:16  위도:37.498231
18:25:16  경도:126.958652
18:25:16  속도:0.13
18:25:16  방향:0.0
18:25:16  이동방향유효:0
18:25:16  GPS이동방향:0.0
18:25:16  차체방향유효:1
18:25:16  차체방향:197.7
18:25:16  후진판정:0
18:25:16  IMU요회전속도:0.00
18:25:16  방향가속도크기:9.70
18:25:16  방향자이로크기:3.36
18:25:16  방향자세cos:0.9998
18:25:16  자기모델잔차:4.48
18:25:16  자기모델반경:1.284
18:25:16  방향채택:14713
18:25:16  방향거부:11
18:25:16  GPS원시속도:0.072
18:25:16  GPS원시방향유효:1
18:25:16  GPS원시방향:171.4
18:25:16  가속도:-0.57,0.37,9.67
18:25:16  자이로:-1.0,-2.4,-2.2
18:25:16  자력계:-29.700,-29.100,2.550
18:25:16  충격값:0.03
18:25:16  충격피크:0.16
18:25:16  마지막충격발생값:0.00
18:25:16  마지막충격발생ms:0
18:25:16  송신:1119
18:25:16  지팡이수신:1043
18:25:16  GPS위성:5
18:25:16  GPS_HDOP:2.50
18:25:16  원시위도:37.498178
18:25:16  원시경도:126.958612
18:25:16  GPS채택:13
18:25:16  GPS이상치거부:28
18:25:16  GPS품질거부:50
18:25:16  GPS재기준:1
18:25:16  계산거리:280.48
18:25:16  접근속도:0.00
18:25:16  TTC:999.00
18:25:16  방향오차:-150.2
18:25:16  전방여부:0
18:25:16  위험음성횟수:0
18:25:16  충격음성횟수:0
18:25:16  마지막위험음성:0
18:25:16  RSSI원시:-66
18:25:16  RSSI평활:-66.8
18:25:16  RSSI샘플:1043
18:25:16  RSSI경과ms:48
18:25:16  위험송신:1043
18:25:16  시각ms:119261
18:25:16  IMU시각ms:119261
18:25:16  위험:0
18:25:16  원시위험:0
18:25:16  GPS유효:1
18:25:16  위도:37.498231
18:25:16  경도:126.958652
18:25:16  속도:0.13
18:25:16  방향:0.0
18:25:16  이동방향유효:0
18:25:16  GPS이동방향:0.0
18:25:16  차체방향유효:1
18:25:16  차체방향:197.9
18:25:16  후진판정:0
18:25:16  IMU요회전속도:0.00
18:25:16  방향가속도크기:9.75
18:25:16  방향자이로크기:3.49
18:25:16  방향자세cos:0.9999
18:25:16  자기모델잔차:3.25
18:25:16  자기모델반경:1.354
18:25:16  방향채택:14748
18:25:16  방향거부:11
18:25:16  GPS원시속도:0.170
18:25:16  GPS원시방향유효:1
18:25:16  GPS원시방향:171.4
18:25:16  가속도:-0.58,0.51,9.72
18:25:16  자이로:1.2,2.0,-2.6
18:25:16  자력계:-31.800,-28.050,1.200
18:25:16  충격값:0.13
18:25:16  충격피크:0.17
18:25:16  마지막충격발생값:0.00
18:25:16  마지막충격발생ms:0
18:25:16  송신:1122
18:25:16  지팡이수신:1046
18:25:16  GPS위성:5
18:25:16  GPS_HDOP:2.50
18:25:16  원시위도:37.498265
18:25:16  원시경도:126.958615
18:25:16  GPS채택:13
18:25:16  GPS이상치거부:30
18:25:16  GPS품질거부:50
18:25:16  GPS재기준:1
18:25:16  계산거리:281.18
18:25:16  접근속도:0.00
18:25:16  TTC:999.00
18:25:16  방향오차:-150.1
18:25:16  전방여부:0
18:25:16  위험음성횟수:0
18:25:16  충격음성횟수:0
18:25:16  마지막위험음성:0
18:25:16  RSSI원시:-69
18:25:16  RSSI평활:-67.4
18:25:16  RSSI샘플:1046
18:25:16  RSSI경과ms:36
18:25:16  위험송신:1046
18:25:17  시각ms:119576
18:25:17  IMU시각ms:119576
18:25:17  위험:0
18:25:17  원시위험:0
18:25:17  GPS유효:1
18:25:17  위도:37.498231
18:25:17  경도:126.958652
18:25:17  속도:0.13
18:25:17  방향:0.0
18:25:17  이동방향유효:0
18:25:17  GPS이동방향:0.0
18:25:17  차체방향유효:1
18:25:17  차체방향:197.8
18:25:17  후진판정:0
18:25:17  IMU요회전속도:0.00
18:25:17  방향가속도크기:9.78
18:25:17  방향자이로크기:2.09
18:25:17  방향자세cos:0.9999
18:25:17  자기모델잔차:2.46
18:25:17  자기모델반경:1.326
18:25:17  방향채택:14787
18:25:17  방향거부:11
18:25:17  GPS원시속도:0.170
18:25:17  GPS원시방향유효:1
18:25:17  GPS원시방향:171.4
18:25:17  가속도:-0.52,0.35,9.76
18:25:17  자이로:0.7,-1.1,-1.6
18:25:17  자력계:-30.900,-27.150,0.300
18:25:17  충격값:0.08
18:25:17  충격피크:0.18
18:25:17  마지막충격발생값:0.00
18:25:17  마지막충격발생ms:0
18:25:17  송신:1125
18:25:17  지팡이수신:1049
18:25:17  GPS위성:5
18:25:17  GPS_HDOP:2.50
18:25:17  원시위도:37.498265
18:25:17  원시경도:126.958615
18:25:17  GPS채택:13
18:25:17  GPS이상치거부:30
18:25:17  GPS품질거부:50
18:25:17  GPS재기준:1
18:25:17  계산거리:281.18
18:25:17  접근속도:0.00
18:25:17  TTC:999.00
18:25:17  방향오차:-150.1
18:25:17  전방여부:0
18:25:17  위험음성횟수:0
18:25:17  충격음성횟수:0
18:25:17  마지막위험음성:0
18:25:17  RSSI원시:-68
18:25:17  RSSI평활:-66.4
18:25:17  RSSI샘플:1049
18:25:17  RSSI경과ms:30
18:25:17  위험송신:1049
18:25:17  시각ms:119995
18:25:17  IMU시각ms:119994
18:25:17  위험:0
18:25:17  원시위험:0
18:25:17  GPS유효:1
18:25:17  위도:37.498231
18:25:17  경도:126.958652
18:25:17  속도:0.13
18:25:17  방향:0.0
18:25:17  이동방향유효:0
18:25:17  GPS이동방향:0.0
18:25:17  차체방향유효:1
18:25:17  차체방향:198.0
18:25:17  후진판정:0
18:25:17  IMU요회전속도:-0.19
18:25:17  방향가속도크기:9.72
18:25:17  방향자이로크기:3.76
18:25:17  방향자세cos:0.9999
18:25:17  자기모델잔차:2.98
18:25:17  자기모델반경:1.370
18:25:17  방향채택:14837
18:25:17  방향거부:11
18:25:17  GPS원시속도:0.170
18:25:17  GPS원시방향유효:1
18:25:17  GPS원시방향:171.4
18:25:17  가속도:-0.59,0.42,9.69
18:25:17  자이로:1.6,-1.9,2.8
18:25:17  자력계:-32.250,-27.750,0.900
18:25:17  충격값:0.04
18:25:17  충격피크:0.17
18:25:17  마지막충격발생값:0.00
18:25:17  마지막충격발생ms:0
18:25:17  송신:1129
18:25:17  지팡이수신:1053
18:25:17  GPS위성:5
18:25:17  GPS_HDOP:2.50
18:25:17  원시위도:37.498265
18:25:17  원시경도:126.958615
18:25:17  GPS채택:13
18:25:17  GPS이상치거부:30
18:25:17  GPS품질거부:50
18:25:17  GPS재기준:1
18:25:17  계산거리:281.89
18:25:17  접근속도:0.00
18:25:17  TTC:999.00
18:25:17  방향오차:-150.0
18:25:17  전방여부:0
18:25:17  위험음성횟수:0
18:25:17  충격음성횟수:0
18:25:17  마지막위험음성:0
18:25:17  RSSI원시:-66
18:25:17  RSSI평활:-70.3
18:25:17  RSSI샘플:1053
18:25:17  RSSI경과ms:42
18:25:17  위험송신:1053
18:25:17  시각ms:120206
18:25:17  IMU시각ms:120205
18:25:17  위험:0
18:25:17  원시위험:0
18:25:17  GPS유효:1
18:25:17  위도:37.498278
18:25:17  경도:126.958617
18:25:17  속도:0.15
18:25:17  방향:0.0
18:25:17  이동방향유효:0
18:25:17  GPS이동방향:0.0
18:25:17  차체방향유효:1
18:25:17  차체방향:197.8
18:25:17  후진판정:0
18:25:17  IMU요회전속도:0.00
18:25:17  방향가속도크기:9.70
18:25:17  방향자이로크기:1.68
18:25:17  방향자세cos:0.9998
18:25:17  자기모델잔차:2.47
18:25:17  자기모델반경:1.301
18:25:17  방향채택:14863
18:25:17  방향거부:11
18:25:17  GPS원시속도:0.170
18:25:17  GPS원시방향유효:1
18:25:17  GPS원시방향:171.4
18:25:17  가속도:-0.53,0.31,9.68
18:25:17  자이로:-0.1,-1.7,0.0
18:25:17  자력계:-30.150,-27.150,0.300
18:25:17  충격값:0.10
18:25:17  충격피크:0.20
18:25:17  마지막충격발생값:0.00
18:25:17  마지막충격발생ms:0
18:25:17  송신:1131
18:25:17  지팡이수신:1055
18:25:17  GPS위성:5
18:25:17  GPS_HDOP:2.50
18:25:17  원시위도:37.498278
18:25:17  원시경도:126.958617
18:25:17  GPS채택:14
18:25:17  GPS이상치거부:31
18:25:17  GPS품질거부:50
18:25:17  GPS재기준:2
18:25:17  계산거리:286.06
18:25:17  접근속도:0.00
18:25:17  TTC:999.00
18:25:17  방향오차:-151.0
18:25:17  전방여부:0
18:25:17  위험음성횟수:0
18:25:17  충격음성횟수:0
18:25:17  마지막위험음성:0
18:25:17  RSSI원시:-67
18:25:17  RSSI평활:-68.9
18:25:17  RSSI샘플:1055
18:25:17  RSSI경과ms:45
18:25:17  위험송신:1055
18:25:18  시각ms:120625
18:25:18  IMU시각ms:120625
18:25:18  위험:0
18:25:18  원시위험:0
18:25:18  GPS유효:1
18:25:18  위도:37.498278
18:25:18  경도:126.958617
18:25:18  속도:0.21
18:25:18  방향:0.0
18:25:18  이동방향유효:0
18:25:18  GPS이동방향:0.0
18:25:18  차체방향유효:1
18:25:18  차체방향:198.0
18:25:18  후진판정:0
18:25:18  IMU요회전속도:0.00
18:25:18  방향가속도크기:9.71
18:25:18  방향자이로크기:5.26
18:25:18  방향자세cos:0.9995
18:25:18  자기모델잔차:1.86
18:25:18  자기모델반경:1.344
18:25:18  방향채택:14915
18:25:18  방향거부:11
18:25:18  GPS원시속도:0.268
18:25:18  GPS원시방향유효:1
18:25:18  GPS원시방향:171.4
18:25:18  가속도:-0.71,0.33,9.68
18:25:18  자이로:4.5,-2.6,-1.0
18:25:18  자력계:-31.500,-28.500,-0.150
18:25:18  충격값:0.16
18:25:18  충격피크:0.20
18:25:18  마지막충격발생값:0.00
18:25:18  마지막충격발생ms:0
18:25:18  송신:1135
18:25:18  지팡이수신:1059
18:25:18  GPS위성:5
18:25:18  GPS_HDOP:2.50
18:25:18  원시위도:37.498278
18:25:18  원시경도:126.958617
18:25:18  GPS채택:15
18:25:18  GPS이상치거부:31
18:25:18  GPS품질거부:50
18:25:18  GPS재기준:2
18:25:18  계산거리:286.06
18:25:18  접근속도:0.00
18:25:18  TTC:999.00
18:25:18  방향오차:-151.0
18:25:18  전방여부:0
18:25:18  위험음성횟수:0
18:25:18  충격음성횟수:0
18:25:18  마지막위험음성:0
18:25:18  RSSI원시:-71
18:25:18  RSSI평활:-69.6
18:25:18  RSSI샘플:1059
18:25:18  RSSI경과ms:48
18:25:18  위험송신:1059
18:25:18  시각ms:120730
18:25:18  IMU시각ms:120730
18:25:18  위험:0
18:25:18  원시위험:0
18:25:18  GPS유효:1
18:25:18  위도:37.498278
18:25:18  경도:126.958617
18:25:18  속도:0.21
18:25:18  방향:0.0
18:25:18  이동방향유효:0
18:25:18  GPS이동방향:0.0
18:25:18  차체방향유효:1
18:25:18  차체방향:198.1
18:25:18  후진판정:0
18:25:18  IMU요회전속도:0.00
18:25:18  방향가속도크기:9.74
18:25:18  방향자이로크기:4.41
18:25:18  방향자세cos:0.9997
18:25:18  자기모델잔차:3.76
18:25:18  자기모델반경:1.303
18:25:18  방향채택:14928
18:25:18  방향거부:11
18:25:18  GPS원시속도:0.268
18:25:18  GPS원시방향유효:1
18:25:18  GPS원시방향:171.4
18:25:18  가속도:-0.68,0.41,9.71
18:25:18  자이로:-1.7,-3.6,1.9
18:25:18  자력계:-30.150,-26.250,1.500
18:25:18  충격값:0.11
18:25:18  충격피크:0.18
18:25:18  마지막충격발생값:0.00
18:25:18  마지막충격발생ms:0
18:25:18  송신:1136
18:25:18  지팡이수신:1060
18:25:18  GPS위성:5
18:25:18  GPS_HDOP:2.50
18:25:18  원시위도:37.498278
18:25:18  원시경도:126.958617
18:25:18  GPS채택:15
18:25:18  GPS이상치거부:31
18:25:18  GPS품질거부:50
18:25:18  GPS재기준:2
18:25:18  계산거리:286.43
18:25:18  접근속도:0.00
18:25:18  TTC:999.00
18:25:18  방향오차:-151.1
18:25:18  전방여부:0
18:25:18  위험음성횟수:0
18:25:18  충격음성횟수:0
18:25:18  마지막위험음성:0
18:25:18  RSSI원시:-66
18:25:18  RSSI평활:-68.9
18:25:18  RSSI샘플:1060
18:25:18  RSSI경과ms:37
18:25:18  위험송신:1060
18:25:18  시각ms:120835
18:25:18  IMU시각ms:120835
18:25:18  위험:0
18:25:18  원시위험:0
18:25:18  GPS유효:1
18:25:18  위도:37.498278
18:25:18  경도:126.958617
18:25:18  속도:0.21
18:25:18  방향:0.0
18:25:18  이동방향유효:0
18:25:18  GPS이동방향:0.0
18:25:18  차체방향유효:1
18:25:18  차체방향:198.0
18:25:18  후진판정:0
18:25:18  IMU요회전속도:0.00
18:25:18  방향가속도크기:9.78
18:25:18  방향자이로크기:2.68
18:25:18  방향자세cos:0.9999
18:25:18  자기모델잔차:4.82
18:25:18  자기모델반경:1.356
18:25:18  방향채택:14941
18:25:18  방향거부:11
18:25:18  GPS원시속도:0.268
18:25:18  GPS원시방향유효:1
18:25:18  GPS원시방향:171.4
18:25:18  가속도:-0.56,0.39,9.75
18:25:18  자이로:0.8,-1.5,2.0
18:25:18  자력계:-31.800,-27.300,2.700
18:25:18  충격값:0.05
18:25:18  충격피크:0.19
18:25:18  마지막충격발생값:0.00
18:25:18  마지막충격발생ms:0
18:25:18  송신:1137
18:25:18  지팡이수신:1061
18:25:18  GPS위성:5
18:25:18  GPS_HDOP:2.50
18:25:18  원시위도:37.498278
18:25:18  원시경도:126.958617
18:25:18  GPS채택:15
18:25:18  GPS이상치거부:31
18:25:18  GPS품질거부:50
18:25:18  GPS재기준:2
18:25:18  계산거리:286.43
18:25:18  접근속도:0.00
18:25:18  TTC:999.00
18:25:18  방향오차:-151.1
18:25:18  전방여부:0
18:25:18  위험음성횟수:0
18:25:18  충격음성횟수:0
18:25:18  마지막위험음성:0
18:25:18  RSSI원시:-67
18:25:18  RSSI평활:-68.5
18:25:18  RSSI샘플:1061
18:25:18  RSSI경과ms:44
18:25:18  위험송신:1061
18:25:18  시각ms:120940
18:25:18  IMU시각ms:120940
18:25:18  위험:0
18:25:18  원시위험:0
18:25:18  GPS유효:1
18:25:18  위도:37.498278
18:25:18  경도:126.958617
18:25:18  속도:0.21
18:25:18  방향:0.0
18:25:18  이동방향유효:0
18:25:18  GPS이동방향:0.0
18:25:18  차체방향유효:1
18:25:18  차체방향:197.9
18:25:18  후진판정:0
18:25:18  IMU요회전속도:0.00
18:25:18  방향가속도크기:9.72
18:25:18  방향자이로크기:2.54
18:25:18  방향자세cos:1.0000
18:25:18  자기모델잔차:2.51
18:25:18  자기모델반경:1.352
18:25:18  방향채택:14954
18:25:18  방향거부:11
18:25:18  GPS원시속도:0.268
18:25:18  GPS원시방향유효:1
18:25:18  GPS원시방향:171.4
18:25:18  가속도:-0.46,0.40,9.70
18:25:18  자이로:0.8,-2.1,-1.2
18:25:18  자력계:-31.650,-26.700,0.300
18:25:18  충격값:0.10
18:25:18  충격피크:0.10
18:25:18  마지막충격발생값:0.00
18:25:18  마지막충격발생ms:0
18:25:18  송신:1138
18:25:18  지팡이수신:1062
18:25:18  GPS위성:5
18:25:18  GPS_HDOP:2.50
18:25:18  원시위도:37.498278
18:25:18  원시경도:126.958617
18:25:18  GPS채택:15
18:25:18  GPS이상치거부:31
18:25:18  GPS품질거부:50
18:25:18  GPS재기준:2
18:25:18  계산거리:286.75
18:25:18  접근속도:0.00
18:25:18  TTC:999.00
18:25:18  방향오차:-151.0
18:25:18  전방여부:0
18:25:18  위험음성횟수:0
18:25:18  충격음성횟수:0
18:25:18  마지막위험음성:0
18:25:18  RSSI원시:-77
18:25:18  RSSI평활:-70.2
18:25:18  RSSI샘플:1062
18:25:18  RSSI경과ms:43
18:25:18  위험송신:1062
18:25:18  시각ms:121044
18:25:18  IMU시각ms:121043
18:25:18  위험:0
18:25:18  원시위험:0
18:25:18  GPS유효:1
18:25:18  위도:37.498278
18:25:18  경도:126.958617
18:25:18  속도:0.21
18:25:18  방향:0.0
18:25:18  이동방향유효:0
18:25:18  GPS이동방향:0.0
18:25:18  차체방향유효:1
18:25:18  차체방향:198.0
18:25:18  후진판정:0
18:25:18  IMU요회전속도:0.00
18:25:18  방향가속도크기:9.61
18:25:18  방향자이로크기:3.31
18:25:18  방향자세cos:0.9999
18:25:18  자기모델잔차:2.82
18:25:18  자기모델반경:1.360
18:25:18  방향채택:14965
18:25:18  방향거부:11
18:25:18  GPS원시속도:0.268
18:25:18  GPS원시방향유효:1
18:25:18  GPS원시방향:171.4
18:25:18  가속도:-0.57,0.45,9.58
18:25:18  자이로:-2.3,-2.1,-1.2
18:25:18  자력계:-31.950,-27.900,0.750
18:25:18  충격값:0.13
18:25:18  충격피크:0.17
18:25:18  마지막충격발생값:0.00
18:25:18  마지막충격발생ms:0
18:25:18  송신:1139
18:25:18  지팡이수신:1063
18:25:18  GPS위성:5
18:25:18  GPS_HDOP:2.50
18:25:18  원시위도:37.498278
18:25:18  원시경도:126.958617
18:25:18  GPS채택:15
18:25:18  GPS이상치거부:31
18:25:18  GPS품질거부:50
18:25:18  GPS재기준:2
18:25:18  계산거리:287.13
18:25:18  접근속도:0.00
18:25:18  TTC:999.00
18:25:18  방향오차:-151.0
18:25:18  전방여부:0
18:25:18  위험음성횟수:0
18:25:18  충격음성횟수:0
18:25:18  마지막위험음성:0
18:25:18  RSSI원시:-71
18:25:18  RSSI평활:-70.4
18:25:18  RSSI샘플:1063
18:25:18  RSSI경과ms:51
18:25:18  위험송신:1063
18:25:18  시각ms:121674
18:25:18  IMU시각ms:121674
18:25:18  위험:0
18:25:18  원시위험:0
18:25:18  GPS유효:1
18:25:18  위도:37.498278
18:25:18  경도:126.958617
18:25:18  속도:0.21
18:25:18  방향:0.0
18:25:18  이동방향유효:0
18:25:18  GPS이동방향:0.0
18:25:18  차체방향유효:1
18:25:18  차체방향:197.9
18:25:19  후진판정:0
18:25:19  IMU요회전속도:0.00
18:25:19  방향가속도크기:9.79
18:25:19  방향자이로크기:1.37
18:25:19  방향자세cos:0.9999
18:25:19  자기모델잔차:4.26
18:25:19  자기모델반경:1.324
18:25:19  방향채택:15043
18:25:19  방향거부:11
18:25:19  GPS원시속도:0.736
18:25:19  GPS원시방향유효:1
18:25:19  GPS원시방향:180.2
18:25:19  가속도:-0.56,0.45,9.77
18:25:19  자이로:0.8,0.1,-1.1
18:25:19  자력계:-30.900,-28.350,2.250
18:25:19  충격값:0.08
18:25:19  충격피크:0.19
18:25:19  마지막충격발생값:0.00
18:25:19  마지막충격발생ms:0
18:25:19  송신:1145
18:25:19  지팡이수신:1069
18:25:19  GPS위성:5
18:25:19  GPS_HDOP:2.50
18:25:19  원시위도:37.498322
18:25:19  원시경도:126.958625
18:25:19  GPS채택:15
18:25:19  GPS이상치거부:33
18:25:19  GPS품질거부:50
18:25:19  GPS재기준:2
18:25:19  계산거리:286.75
18:25:19  접근속도:0.00
18:25:19  TTC:999.00
18:25:19  방향오차:-151.0
18:25:19  전방여부:0
18:25:19  위험음성횟수:0
18:25:19  충격음성횟수:0
18:25:19  마지막위험음성:0
18:25:19  RSSI원시:-70
18:25:19  RSSI평활:-69.1
18:25:19  RSSI샘플:1069
18:25:19  RSSI경과ms:57
18:25:19  위험송신:1069
18:25:19  시각ms:121779
18:25:19  IMU시각ms:121779
18:25:19  위험:0
18:25:19  원시위험:0
18:25:19  GPS유효:1
18:25:19  위도:37.498278
18:25:19  경도:126.958617
18:25:19  속도:0.21
18:25:19  방향:0.0
18:25:19  이동방향유효:0
18:25:19  GPS이동방향:0.0
18:25:19  차체방향유효:1
18:25:19  차체방향:198.0
18:25:19  후진판정:0
18:25:19  IMU요회전속도:0.00
18:25:19  방향가속도크기:9.64
18:25:19  방향자이로크기:1.73
18:25:19  방향자세cos:1.0000
18:25:19  자기모델잔차:3.71
18:25:19  자기모델반경:1.337
18:25:19  방향채택:15056
18:25:19  방향거부:11
18:25:19  GPS원시속도:0.736
18:25:19  GPS원시방향유효:1
18:25:19  GPS원시방향:180.2
18:25:19  가속도:-0.53,0.45,9.62
18:25:19  자이로:1.5,0.2,0.8
18:25:19  자력계:-31.200,-26.700,1.500
18:25:19  충격값:0.10
18:25:19  충격피크:0.19
18:25:19  마지막충격발생값:0.00
18:25:19  마지막충격발생ms:0
18:25:19  송신:1146
18:25:19  지팡이수신:1070
18:25:19  GPS위성:5
18:25:19  GPS_HDOP:2.50
18:25:19  원시위도:37.498322
18:25:19  원시경도:126.958625
18:25:19  GPS채택:15
18:25:19  GPS이상치거부:33
18:25:19  GPS품질거부:50
18:25:19  GPS재기준:2
18:25:19  계산거리:286.75
18:25:19  접근속도:0.00
18:25:19  TTC:999.00
18:25:19  방향오차:-151.0
18:25:19  전방여부:0
18:25:19  위험음성횟수:0
18:25:19  충격음성횟수:0
18:25:19  마지막위험음성:0
18:25:19  RSSI원시:-77
18:25:19  RSSI평활:-70.6
18:25:19  RSSI샘플:1070
18:25:19  RSSI경과ms:58
18:25:19  위험송신:1070
18:25:19  시각ms:122094
18:25:19  IMU시각ms:122093
18:25:19  위험:0
18:25:19  원시위험:0
18:25:19  GPS유효:1
18:25:19  위도:37.498278
18:25:19  경도:126.958617
18:25:19  속도:0.21
18:25:19  방향:0.0
18:25:19  이동방향유효:0
18:25:19  GPS이동방향:0.0
18:25:19  차체방향유효:1
18:25:19  차체방향:198.0
18:25:19  후진판정:0
18:25:19  IMU요회전속도:0.00
18:25:19  방향가속도크기:9.72
18:25:19  방향자이로크기:1.59
18:25:19  방향자세cos:0.9999
18:25:19  자기모델잔차:2.30
18:25:19  자기모델반경:1.321
18:25:19  방향채택:15093
18:25:19  방향거부:11
18:25:19  GPS원시속도:0.736
18:25:19  GPS원시방향유효:1
18:25:19  GPS원시방향:180.2
18:25:19  가속도:-0.53,0.37,9.70
18:25:19  자이로:0.2,-0.1,-1.6
18:25:19  자력계:-30.750,-27.300,0.150
18:25:19  충격값:0.04
18:25:19  충격피크:0.20
18:25:19  마지막충격발생값:0.00
18:25:19  마지막충격발생ms:0
18:25:19  송신:1149
18:25:19  지팡이수신:1073
18:25:19  GPS위성:5
18:25:19  GPS_HDOP:2.50
18:25:19  원시위도:37.498377
18:25:19  원시경도:126.958635
18:25:19  GPS채택:15
18:25:19  GPS이상치거부:34
18:25:19  GPS품질거부:50
18:25:19  GPS재기준:2
18:25:19  계산거리:286.75
18:25:19  접근속도:0.00
18:25:19  TTC:999.00
18:25:19  방향오차:-151.0
18:25:19  전방여부:0
18:25:19  위험음성횟수:0
18:25:19  충격음성횟수:0
18:25:19  마지막위험음성:0
18:25:19  RSSI원시:-64
18:25:19  RSSI평활:-69.8
18:25:19  RSSI샘플:1073
18:25:19  RSSI경과ms:60
18:25:19  위험송신:1073
18:25:19  시각ms:122199
18:25:19  IMU시각ms:122198
18:25:19  위험:0
18:25:19  원시위험:0
18:25:19  GPS유효:1
18:25:19  위도:37.498278
18:25:19  경도:126.958617
18:25:19  속도:0.21
18:25:19  방향:0.0
18:25:19  이동방향유효:0
18:25:19  GPS이동방향:0.0
18:25:19  차체방향유효:1
18:25:19  차체방향:197.9
18:25:19  후진판정:0
18:25:19  IMU요회전속도:0.00
18:25:19  방향가속도크기:9.71
18:25:19  방향자이로크기:4.06
18:25:19  방향자세cos:0.9998
18:25:19  자기모델잔차:2.52
18:25:19  자기모델반경:1.290
18:25:19  방향채택:15106
18:25:19  방향거부:11
18:25:19  GPS원시속도:0.231
18:25:19  GPS원시방향유효:1
18:25:19  GPS원시방향:180.2
18:25:19  가속도:-0.63,0.43,9.68
18:25:19  자이로:4.0,0.2,-0.3
18:25:19  자력계:-29.850,-28.050,0.450
18:25:19  충격값:0.07
18:25:19  충격피크:0.17
18:25:19  마지막충격발생값:0.00
18:25:19  마지막충격발생ms:0
18:25:19  송신:1150
18:25:19  지팡이수신:1074
18:25:19  GPS위성:5
18:25:19  GPS_HDOP:2.50
18:25:19  원시위도:37.498377
18:25:19  원시경도:126.958635
18:25:19  GPS채택:15
18:25:19  GPS이상치거부:35
18:25:19  GPS품질거부:50
18:25:19  GPS재기준:2
18:25:19  계산거리:286.75
18:25:19  접근속도:0.00
18:25:19  TTC:999.00
18:25:19  방향오차:-151.0
18:25:19  전방여부:0
18:25:19  위험음성횟수:0
18:25:19  충격음성횟수:0
18:25:19  마지막위험음성:0
18:25:19  RSSI원시:-67
18:25:19  RSSI평활:-69.2
18:25:19  RSSI샘플:1074
18:25:19  RSSI경과ms:57
18:25:19  위험송신:1074
18:25:19  시각ms:122303
18:25:19  IMU시각ms:122303
18:25:19  위험:0
18:25:19  원시위험:0
18:25:19  GPS유효:1
18:25:19  위도:37.498278
18:25:19  경도:126.958617
18:25:19  속도:0.21
18:25:19  방향:0.0
18:25:19  이동방향유효:0
18:25:19  GPS이동방향:0.0
18:25:19  차체방향유효:1
18:25:19  차체방향:197.9
18:25:19  후진판정:0
18:25:19  IMU요회전속도:0.00
18:25:19  방향가속도크기:9.79
18:25:19  방향자이로크기:2.33
18:25:19  방향자세cos:0.9997
18:25:19  자기모델잔차:1.99
18:25:19  자기모델반경:1.349
18:25:19  방향채택:15119
18:25:19  방향거부:11
18:25:19  GPS원시속도:0.231
18:25:19  GPS원시방향유효:1
18:25:19  GPS원시방향:180.2
18:25:19  가속도:-0.69,0.42,9.76
18:25:19  자이로:0.2,-0.2,-2.3
18:25:19  자력계:-31.650,-28.650,0.000
18:25:19  충격값:0.13
18:25:19  충격피크:0.25
18:25:19  마지막충격발생값:0.00
18:25:19  마지막충격발생ms:0
18:25:19  송신:1151
18:25:19  지팡이수신:1075
18:25:19  GPS위성:5
18:25:19  GPS_HDOP:2.50
18:25:19  원시위도:37.498377
18:25:19  원시경도:126.958635
18:25:19  GPS채택:15
18:25:19  GPS이상치거부:35
18:25:19  GPS품질거부:50
18:25:19  GPS재기준:2
18:25:19  계산거리:286.75
18:25:19  접근속도:0.00
18:25:19  TTC:999.00
18:25:19  방향오차:-151.0
18:25:19  전방여부:0
18:25:19  위험음성횟수:0
18:25:19  충격음성횟수:0
18:25:19  마지막위험음성:0
18:25:19  RSSI원시:-70
18:25:19  RSSI평활:-69.4
18:25:19  RSSI샘플:1075
18:25:19  RSSI경과ms:52
18:25:19  위험송신:1075
18:25:19  시각ms:122513
18:25:19  IMU시각ms:122513
18:25:19  위험:0
18:25:19  원시위험:0
18:25:19  GPS유효:1
18:25:19  위도:37.498278
18:25:19  경도:126.958617
18:25:19  속도:0.21
18:25:19  방향:0.0
18:25:19  이동방향유효:0
18:25:19  GPS이동방향:0.0
18:25:19  차체방향유효:1
18:25:19  차체방향:197.9
18:25:19  후진판정:0
18:25:19  IMU요회전속도:0.13
18:25:19  방향가속도크기:9.78
18:25:19  방향자이로크기:3.75
18:25:19  방향자세cos:0.9999
18:25:19  자기모델잔차:3.51
18:25:19  자기모델반경:1.374
18:25:19  방향채택:15145
18:25:19  방향거부:11
18:25:19  GPS원시속도:0.231
18:25:19  GPS원시방향유효:1
18:25:19  GPS원시방향:180.2
18:25:19  가속도:-0.55,0.40,9.75
18:25:19  자이로:-0.3,0.4,-3.7
18:25:19  자력계:-32.400,-28.350,1.500
18:25:19  충격값:0.05
18:25:19  충격피크:0.18
18:25:19  마지막충격발생값:0.00
18:25:19  마지막충격발생ms:0
18:25:19  송신:1153
18:25:19  지팡이수신:1077
18:25:19  GPS위성:5
18:25:19  GPS_HDOP:2.50
18:25:19  원시위도:37.498377
18:25:19  원시경도:126.958635
18:25:19  GPS채택:15
18:25:19  GPS이상치거부:35
18:25:19  GPS품질거부:50
18:25:19  GPS재기준:2
18:25:19  계산거리:286.75
18:25:19  접근속도:0.00
18:25:19  TTC:999.00
18:25:19  방향오차:-151.0
18:25:19  전방여부:0
18:25:19  위험음성횟수:0
18:25:19  충격음성횟수:0
18:25:19  마지막위험음성:0
18:25:19  RSSI원시:-79
18:25:19  RSSI평활:-72.2
18:25:19  RSSI샘플:1077
18:25:19  RSSI경과ms:62
18:25:19  위험송신:1077
18:25:20  시각ms:122723
18:25:20  IMU시각ms:122723
18:25:20  위험:0
18:25:20  원시위험:0
18:25:20  GPS유효:1
18:25:20  위도:37.498278
18:25:20  경도:126.958617
18:25:20  속도:0.21
18:25:20  방향:0.0
18:25:20  이동방향유효:0
18:25:20  GPS이동방향:0.0
18:25:20  차체방향유효:1
18:25:20  차체방향:197.9
18:25:20  후진판정:0
18:25:20  IMU요회전속도:0.00
18:25:20  방향가속도크기:9.75
18:25:20  방향자이로크기:1.18
18:25:20  방향자세cos:0.9998
18:25:20  자기모델잔차:2.13
18:25:20  자기모델반경:1.319
18:25:20  방향채택:15171
18:25:20  방향거부:11
18:25:20  GPS원시속도:0.231
18:25:20  GPS원시방향유효:1
18:25:20  GPS원시방향:180.2
18:25:20  가속도:-0.60,0.42,9.73
18:25:20  자이로:0.4,0.9,-0.7
18:25:20  자력계:-30.750,-28.800,0.150
18:25:20  충격값:0.05
18:25:20  충격피크:0.15
18:25:20  마지막충격발생값:0.00
18:25:20  마지막충격발생ms:0
18:25:20  송신:1155
18:25:20  지팡이수신:1079
18:25:20  GPS위성:5
18:25:20  GPS_HDOP:2.50
18:25:20  원시위도:37.498377
18:25:20  원시경도:126.958635
18:25:20  GPS채택:15
18:25:20  GPS이상치거부:35
18:25:20  GPS품질거부:50
18:25:20  GPS재기준:2
18:25:20  계산거리:286.75
18:25:20  접근속도:0.00
18:25:20  TTC:999.00
18:25:20  방향오차:-151.0
18:25:20  전방여부:0
18:25:20  위험음성횟수:0
18:25:20  충격음성횟수:0
18:25:20  마지막위험음성:0
18:25:20  RSSI원시:-72
18:25:20  RSSI평활:-71.2
18:25:20  RSSI샘플:1079
18:25:20  RSSI경과ms:65
18:25:20  위험송신:1079
18:25:20  시각ms:122828
18:25:20  IMU시각ms:122828
18:25:20  위험:0
18:25:20  원시위험:0
18:25:20  GPS유효:1
18:25:20  위도:37.498278
18:25:20  경도:126.958617
18:25:20  속도:0.21
18:25:20  방향:0.0
18:25:20  이동방향유효:0
18:25:20  GPS이동방향:0.0
18:25:20  차체방향유효:1
18:25:20  차체방향:197.9
18:25:20  후진판정:0
18:25:20  IMU요회전속도:0.00
18:25:20  방향가속도크기:9.73
18:25:20  방향자이로크기:2.92
18:25:20  방향자세cos:0.9999
18:25:20  자기모델잔차:3.12
18:25:20  자기모델반경:1.350
18:25:20  방향채택:15184
18:25:20  방향거부:11
18:25:20  GPS원시속도:0.231
18:25:20  GPS원시방향유효:1
18:25:20  GPS원시방향:180.2
18:25:20  가속도:-0.55,0.51,9.71
18:25:20  자이로:-0.4,2.2,-1.8
18:25:20  자력계:-31.650,-27.900,1.050
18:25:20  충격값:0.12
18:25:20  충격피크:0.21
18:25:20  마지막충격발생값:0.00
18:25:20  마지막충격발생ms:0
18:25:20  송신:1156
18:25:20  지팡이수신:1080
18:25:20  GPS위성:5
18:25:20  GPS_HDOP:2.50
18:25:20  원시위도:37.498377
18:25:20  원시경도:126.958635
18:25:20  GPS채택:15
18:25:20  GPS이상치거부:35
18:25:20  GPS품질거부:50
18:25:20  GPS재기준:2
18:25:20  계산거리:286.75
18:25:20  접근속도:0.00
18:25:20  TTC:999.00
18:25:20  방향오차:-151.0
18:25:20  전방여부:0
18:25:20  위험음성횟수:0
18:25:20  충격음성횟수:0
18:25:20  마지막위험음성:0
18:25:20  RSSI원시:-70
18:25:20  RSSI평활:-70.9
18:25:20  RSSI샘플:1080
18:25:20  RSSI경과ms:66
18:25:20  위험송신:1080
18:25:20  시각ms:122933
18:25:20  IMU시각ms:122933
18:25:20  위험:0
18:25:20  원시위험:0
18:25:20  GPS유효:1
18:25:20  위도:37.498278
18:25:20  경도:126.958617
18:25:20  속도:0.21
18:25:20  방향:0.0
18:25:20  이동방향유효:0
18:25:20  GPS이동방향:0.0
18:25:20  차체방향유효:1
18:25:20  차체방향:197.9
18:25:20  후진판정:0
18:25:20  IMU요회전속도:0.00
18:25:20  방향가속도크기:9.66
18:25:20  방향자이로크기:2.95
18:25:20  방향자세cos:1.0000
18:25:20  자기모델잔차:3.71
18:25:20  자기모델반경:1.337
18:25:20  방향채택:15197
18:25:20  방향거부:11
18:25:20  GPS원시속도:0.231
18:25:20  GPS원시방향유효:1
18:25:20  GPS원시방향:180.2
18:25:20  가속도:-0.40,0.40,9.64
18:25:20  자이로:-1.3,0.5,-2.6
18:25:20  자력계:-31.200,-26.700,1.500
18:25:20  충격값:0.17
18:25:20  충격피크:0.26
18:25:20  마지막충격발생값:0.00
18:25:20  마지막충격발생ms:0
18:25:20  송신:1157
18:25:20  지팡이수신:1081
18:25:20  GPS위성:5
18:25:20  GPS_HDOP:2.50
18:25:20  원시위도:37.498377
18:25:20  원시경도:126.958635
18:25:20  GPS채택:15
18:25:20  GPS이상치거부:35
18:25:20  GPS품질거부:50
18:25:20  GPS재기준:2
18:25:20  계산거리:286.75
18:25:20  접근속도:0.00
18:25:20  TTC:999.00
18:25:20  방향오차:-151.0
18:25:20  전방여부:0
18:25:20  위험음성횟수:0
18:25:20  충격음성횟수:0
18:25:20  마지막위험음성:0
18:25:20  RSSI원시:-70
18:25:20  RSSI평활:-70.7
18:25:20  RSSI샘플:1081
18:25:20  RSSI경과ms:66
18:25:20  위험송신:1081
18:25:20  시각ms:123036
18:25:20  IMU시각ms:123035
18:25:20  위험:0
18:25:20  원시위험:0
18:25:20  GPS유효:1
18:25:20  위도:37.498278
18:25:20  경도:126.958617
18:25:20  속도:0.21
18:25:20  방향:0.0
18:25:20  이동방향유효:0
18:25:20  GPS이동방향:0.0
18:25:20  차체방향유효:1
18:25:20  차체방향:197.9
18:25:20  후진판정:0
18:25:20  IMU요회전속도:0.00
18:25:20  방향가속도크기:9.85
18:25:20  방향자이로크기:3.45
18:25:20  방향자세cos:1.0000
18:25:20  자기모델잔차:2.02
18:25:20  자기모델반경:1.328
18:25:20  방향채택:15208
18:25:20  방향거부:11
18:25:20  GPS원시속도:0.231
18:25:20  GPS원시방향유효:1
18:25:20  GPS원시방향:180.2
18:25:20  가속도:-0.53,0.45,9.82
18:25:20  자이로:0.1,0.6,-3.4
18:25:20  자력계:-31.050,-29.700,0.150
18:25:20  충격값:0.13
18:25:20  충격피크:0.21
18:25:20  마지막충격발생값:0.00
18:25:20  마지막충격발생ms:0
18:25:20  송신:1158
18:25:20  지팡이수신:1082
18:25:20  GPS위성:5
18:25:20  GPS_HDOP:2.50
18:25:20  원시위도:37.498377
18:25:20  원시경도:126.958635
18:25:20  GPS채택:15
18:25:20  GPS이상치거부:35
18:25:20  GPS품질거부:50
18:25:20  GPS재기준:2
18:25:20  계산거리:287.08
18:25:20  접근속도:0.00
18:25:20  TTC:999.00
18:25:20  방향오차:-150.9
18:25:20  전방여부:0
18:25:20  위험음성횟수:0
18:25:20  충격음성횟수:0
18:25:20  마지막위험음성:0
18:25:20  RSSI원시:-68
18:25:20  RSSI평활:-70.2
18:25:20  RSSI샘플:1082
18:25:20  RSSI경과ms:64
18:25:20  위험송신:1082
18:25:20  시각ms:123141
18:25:20  IMU시각ms:123140
18:25:20  위험:0
18:25:20  원시위험:0
18:25:20  GPS유효:1
18:25:20  위도:37.498280
18:25:20  경도:126.958618
18:25:20  속도:0.22
18:25:20  방향:0.0
18:25:20  이동방향유효:0
18:25:20  GPS이동방향:0.0
18:25:20  차체방향유효:1
18:25:20  차체방향:197.9
18:25:20  후진판정:0
18:25:20  IMU요회전속도:0.00
18:25:20  방향가속도크기:9.65
18:25:20  방향자이로크기:0.81
18:25:20  방향자세cos:0.9999
18:25:20  자기모델잔차:2.74
18:25:20  자기모델반경:1.324
18:25:20  방향채택:15221
18:25:20  방향거부:11
18:25:20  GPS원시속도:0.231
18:25:20  GPS원시방향유효:1
18:25:20  GPS원시방향:180.2
18:25:20  가속도:-0.53,0.44,9.62
18:25:20  자이로:0.0,0.3,0.8
18:25:20  자력계:-30.900,-28.650,0.750
18:25:20  충격값:0.10
18:25:20  충격피크:0.18
18:25:20  마지막충격발생값:0.00
18:25:20  마지막충격발생ms:0
18:25:20  송신:1159
18:25:20  지팡이수신:1083
18:25:20  GPS위성:5
18:25:20  GPS_HDOP:2.50
18:25:20  원시위도:37.498308
18:25:20  원시경도:126.958633
18:25:20  GPS채택:16
18:25:20  GPS이상치거부:35
18:25:20  GPS품질거부:50
18:25:20  GPS재기준:2
18:25:20  계산거리:287.45
18:25:20  접근속도:0.00
18:25:20  TTC:999.00
18:25:20  방향오차:-150.9
18:25:20  전방여부:0
18:25:20  위험음성횟수:0
18:25:20  충격음성횟수:0
18:25:20  마지막위험음성:0
18:25:20  RSSI원시:-79
18:25:20  RSSI평활:-72.0
18:25:20  RSSI샘플:1083
18:25:20  RSSI경과ms:62
18:25:20  위험송신:1083
18:25:20  시각ms:123245
18:25:20  IMU시각ms:123245
18:25:20  위험:0
18:25:20  원시위험:0
18:25:20  GPS유효:1
18:25:20  위도:37.498295
18:25:20  경도:126.958626
18:25:20  속도:0.48
18:25:20  방향:0.0
18:25:20  이동방향유효:0
18:25:20  GPS이동방향:182.0
18:25:20  차체방향유효:1
18:25:20  차체방향:197.8
18:25:20  후진판정:0
18:25:20  IMU요회전속도:0.00
18:25:20  방향가속도크기:9.77
18:25:20  방향자이로크기:2.36
18:25:20  방향자세cos:0.9999
18:25:20  자기모델잔차:2.05
18:25:20  자기모델반경:1.347
18:25:20  방향채택:15234
18:25:20  방향거부:11
18:25:20  GPS원시속도:0.731
18:25:20  GPS원시방향유효:1
18:25:20  GPS원시방향:182.0
18:25:20  가속도:-0.54,0.51,9.74
18:25:20  자이로:-0.6,0.6,2.2
18:25:20  자력계:-31.500,-26.850,-0.150
18:25:20  충격값:0.12
18:25:20  충격피크:0.21
18:25:20  마지막충격발생값:0.00
18:25:20  마지막충격발생ms:0
18:25:20  송신:1160
18:25:20  지팡이수신:1084
18:25:20  GPS위성:5
18:25:20  GPS_HDOP:2.50
18:25:20  원시위도:37.498308
18:25:20  원시경도:126.958633
18:25:20  GPS채택:17
18:25:20  GPS이상치거부:35
18:25:20  GPS품질거부:50
18:25:20  GPS재기준:2
18:25:20  계산거리:289.26
18:25:20  접근속도:0.00
18:25:20  TTC:999.00
18:25:20  방향오차:-151.0
18:25:20  전방여부:0
18:25:20  위험음성횟수:0
18:25:20  충격음성횟수:0
18:25:20  마지막위험음성:0
18:25:20  RSSI원시:-77
18:25:20  RSSI평활:-73.0
18:25:20  RSSI샘플:1084
18:25:20  RSSI경과ms:58
18:25:20  위험송신:1084
18:25:20  시각ms:123350
18:25:20  IMU시각ms:123350
18:25:20  위험:0
18:25:20  원시위험:0
18:25:20  GPS유효:1
18:25:20  위도:37.498296
18:25:20  경도:126.958627
18:25:20  속도:0.48
18:25:20  방향:0.0
18:25:20  이동방향유효:0
18:25:20  GPS이동방향:182.0
18:25:20  차체방향유효:1
18:25:20  차체방향:197.8
18:25:20  후진판정:0
18:25:20  IMU요회전속도:0.00
18:25:20  방향가속도크기:9.64
18:25:20  방향자이로크기:3.86
18:25:20  방향자세cos:0.9997
18:25:20  자기모델잔차:2.91
18:25:20  자기모델반경:1.326
18:25:20  방향채택:15247
18:25:20  방향거부:11
18:25:20  GPS원시속도:0.731
18:25:20  GPS원시방향유효:1
18:25:20  GPS원시방향:182.0
18:25:20  가속도:-0.56,0.28,9.62
18:25:20  자이로:3.4,-1.7,0.1
18:25:20  자력계:-30.900,-27.150,0.750
18:25:20  충격값:0.14
18:25:20  충격피크:0.14
18:25:20  마지막충격발생값:0.00
18:25:20  마지막충격발생ms:0
18:25:20  송신:1161
18:25:20  지팡이수신:1085
18:25:20  GPS위성:5
18:25:20  GPS_HDOP:2.50
18:25:20  원시위도:37.498308
18:25:20  원시경도:126.958633
18:25:20  GPS채택:17
18:25:20  GPS이상치거부:35
18:25:20  GPS품질거부:50
18:25:20  GPS재기준:2
18:25:20  계산거리:289.26
18:25:20  접근속도:0.00
18:25:20  TTC:999.00
18:25:20  방향오차:-150.9
18:25:20  전방여부:0
18:25:20  위험음성횟수:0
18:25:20  충격음성횟수:0
18:25:20  마지막위험음성:0
18:25:20  RSSI원시:-78
18:25:20  RSSI평활:-74.0
18:25:20  RSSI샘플:1085
18:25:20  RSSI경과ms:65
18:25:20  위험송신:1085
18:25:20  시각ms:123450
18:25:20  IMU시각ms:123450
18:25:20  위험:0
18:25:20  원시위험:0
18:25:20  GPS유효:1
18:25:20  위도:37.498297
18:25:20  경도:126.958628
18:25:20  속도:0.48
18:25:20  방향:0.0
18:25:20  이동방향유효:0
18:25:20  GPS이동방향:182.0
18:25:20  차체방향유효:1
18:25:20  차체방향:197.7
18:25:20  후진판정:0
18:25:20  IMU요회전속도:0.00
18:25:20  방향가속도크기:9.69
18:25:20  방향자이로크기:3.66
18:25:20  방향자세cos:0.9997
18:25:20  자기모델잔차:2.47
18:25:20  자기모델반경:1.311
18:25:20  방향채택:15261
18:25:20  방향거부:11
18:25:20  GPS원시속도:0.731
18:25:20  GPS원시방향유효:1
18:25:20  GPS원시방향:182.0
18:25:20  가속도:-0.59,0.28,9.66
18:25:20  자이로:0.8,-3.4,1.1
18:25:20  자력계:-30.450,-27.150,0.300
18:25:20  충격값:0.12
18:25:20  충격피크:0.19
18:25:20  마지막충격발생값:0.00
18:25:20  마지막충격발생ms:0
18:25:20  송신:1162
18:25:20  지팡이수신:1085
18:25:20  GPS위성:5
18:25:20  GPS_HDOP:2.50
18:25:20  원시위도:37.498308
18:25:20  원시경도:126.958633
18:25:20  GPS채택:17
18:25:20  GPS이상치거부:35
18:25:20  GPS품질거부:50
18:25:20  GPS재기준:2
18:25:20  계산거리:289.26
18:25:20  접근속도:0.00
18:25:20  TTC:999.00
18:25:20  방향오차:-150.9
18:25:20  전방여부:0
18:25:20  위험음성횟수:0
18:25:20  충격음성횟수:0
18:25:20  마지막위험음성:0
18:25:20  RSSI원시:-78
18:25:20  RSSI평활:-74.0
18:25:20  RSSI샘플:1085
18:25:20  RSSI경과ms:165
18:25:20  위험송신:1085
18:25:20  시각ms:123555
18:25:20  IMU시각ms:123555
18:25:20  위험:0
18:25:20  원시위험:0
18:25:20  GPS유효:1
18:25:20  위도:37.498298
18:25:20  경도:126.958628
18:25:20  속도:0.48
18:25:20  방향:0.0
18:25:20  이동방향유효:0
18:25:20  GPS이동방향:182.0
18:25:20  차체방향유효:1
18:25:20  차체방향:197.7
18:25:20  후진판정:0
18:25:20  IMU요회전속도:0.00
18:25:20  방향가속도크기:9.62
18:25:20  방향자이로크기:0.66
18:25:20  방향자세cos:0.9999
18:25:20  자기모델잔차:2.25
18:25:20  자기모델반경:1.320
18:25:20  방향채택:15274
18:25:20  방향거부:11
18:25:20  GPS원시속도:0.731
18:25:20  GPS원시방향유효:1
18:25:20  GPS원시방향:182.0
18:25:20  가속도:-0.52,0.39,9.60
18:25:20  자이로:0.0,-0.4,0.5
18:25:20  자력계:-30.750,-27.750,0.150
18:25:20  충격값:0.10
18:25:20  충격피크:0.15
18:25:20  마지막충격발생값:0.00
18:25:20  마지막충격발생ms:0
18:25:20  송신:1163
18:25:20  지팡이수신:1086
18:25:20  GPS위성:5
18:25:20  GPS_HDOP:2.50
18:25:20  원시위도:37.498308
18:25:20  원시경도:126.958633
18:25:20  GPS채택:17
18:25:20  GPS이상치거부:35
18:25:20  GPS품질거부:50
18:25:20  GPS재기준:2
18:25:20  계산거리:289.63
18:25:20  접근속도:0.00
18:25:20  TTC:999.00
18:25:20  방향오차:-150.9
18:25:20  전방여부:0
18:25:20  위험음성횟수:0
18:25:20  충격음성횟수:0
18:25:20  마지막위험음성:0
18:25:20  RSSI원시:-71
18:25:20  RSSI평활:-73.4
18:25:20  RSSI샘플:1086
18:25:20  RSSI경과ms:63
18:25:20  위험송신:1086
18:25:21  시각ms:123984
18:25:21  IMU시각ms:123961
18:25:21  위험:0
18:25:21  원시위험:0
18:25:21  GPS유효:1
18:25:21  위도:37.498302
18:25:21  경도:126.958631
18:25:21  속도:0.48
18:25:21  방향:0.0
18:25:21  이동방향유효:0
18:25:21  GPS이동방향:182.0
18:25:21  차체방향유효:1
18:25:21  차체방향:197.6
18:25:21  후진판정:0
18:25:21  IMU요회전속도:0.00
18:25:21  방향가속도크기:9.81
18:25:21  방향자이로크기:5.26
18:25:21  방향자세cos:0.9998
18:25:21  자기모델잔차:3.04
18:25:21  자기모델반경:1.346
18:25:21  방향채택:15324
18:25:21  방향거부:11
18:25:21  GPS원시속도:0.731
18:25:21  GPS원시방향유효:1
18:25:21  GPS원시방향:182.0
18:25:21  가속도:-0.57,0.37,9.79
18:25:21  자이로:-1.5,3.6,-3.6
18:25:21  자력계:-31.500,-27.300,0.900
18:25:21  충격값:0.09
18:25:21  충격피크:0.20
18:25:21  마지막충격발생값:0.00
18:25:21  마지막충격발생ms:0
18:25:21  송신:1167
18:25:21  지팡이수신:1090
18:25:21  GPS위성:5
18:25:21  GPS_HDOP:2.50
18:25:21  원시위도:37.498308
18:25:21  원시경도:126.958633
18:25:21  GPS채택:17
18:25:21  GPS이상치거부:35
18:25:21  GPS품질거부:50
18:25:21  GPS재기준:2
18:25:21  계산거리:289.96
18:25:21  접근속도:0.00
18:25:21  TTC:999.00
18:25:21  방향오차:-150.9
18:25:21  전방여부:0
18:25:21  위험음성횟수:0
18:25:21  충격음성횟수:0
18:25:21  마지막위험음성:0
18:25:21  RSSI원시:-70
18:25:21  RSSI평활:-73.9
18:25:21  RSSI샘플:1090
18:25:21  RSSI경과ms:74
18:25:21  위험송신:1090
18:25:21  시각ms:124391
18:25:21  IMU시각ms:124391
18:25:21  위험:0
18:25:21  원시위험:0
18:25:21  GPS유효:1
18:25:21  위도:37.498327
18:25:21  경도:126.958640
18:25:21  속도:0.43
18:25:21  방향:182.0
18:25:21  이동방향유효:0
18:25:21  GPS이동방향:182.0
18:25:21  차체방향유효:1
18:25:21  차체방향:198.0
18:25:21  후진판정:0
18:25:21  IMU요회전속도:-1.56
18:25:21  방향가속도크기:9.69
18:25:21  방향자이로크기:5.79
18:25:21  방향자세cos:0.9997
18:25:21  자기모델잔차:2.66
18:25:21  자기모델반경:1.309
18:25:21  방향채택:15374
18:25:21  방향거부:11
18:25:21  GPS원시속도:0.252
18:25:21  GPS원시방향유효:1
18:25:21  GPS원시방향:182.0
18:25:21  가속도:-0.66,0.48,9.66
18:25:21  자이로:1.4,-3.7,4.2
18:25:21  자력계:-30.450,-29.400,0.750
18:25:21  충격값:0.14
18:25:21  충격피크:0.18
18:25:21  마지막충격발생값:0.00
18:25:21  마지막충격발생ms:0
18:25:21  송신:1171
18:25:21  지팡이수신:1094
18:25:21  GPS위성:5
18:25:21  GPS_HDOP:2.50
18:25:21  원시위도:37.498343
18:25:21  원시경도:126.958645
18:25:21  GPS채택:19
18:25:21  GPS이상치거부:35
18:25:21  GPS품질거부:50
18:25:21  GPS재기준:2
18:25:21  계산거리:292.51
18:25:21  접근속도:0.00
18:25:21  TTC:999.00
18:25:21  방향오차:27.0
18:25:21  전방여부:0
18:25:21  위험음성횟수:0
18:25:21  충격음성횟수:0
18:25:21  마지막위험음성:0
18:25:21  RSSI원시:-76
18:25:21  RSSI평활:-72.5
18:25:21  RSSI샘플:1094
18:25:21  RSSI경과ms:64
18:25:21  위험송신:1094
18:25:21  시각ms:124496
18:25:21  IMU시각ms:124496
18:25:21  위험:0
18:25:21  원시위험:0
18:25:21  GPS유효:1
18:25:21  위도:37.498327
18:25:21  경도:126.958640
18:25:21  속도:0.43
18:25:21  방향:182.0
18:25:21  이동방향유효:0
18:25:21  GPS이동방향:182.0
18:25:21  차체방향유효:1
18:25:21  차체방향:197.9
18:25:21  후진판정:0
18:25:21  IMU요회전속도:0.00
18:25:21  방향가속도크기:9.75
18:25:21  방향자이로크기:2.21
18:25:21  방향자세cos:0.9999
18:25:21  자기모델잔차:3.91
18:25:21  자기모델반경:1.390
18:25:21  방향채택:15387
18:25:21  방향거부:11
18:25:21  GPS원시속도:0.252
18:25:21  GPS원시방향유효:1
18:25:21  GPS원시방향:182.0
18:25:21  가속도:-0.49,0.36,9.73
18:25:21  자이로:0.8,1.9,-0.7
18:25:21  자력계:-32.850,-27.450,1.800
18:25:21  충격값:0.07
18:25:21  충격피크:0.15
18:25:21  마지막충격발생값:0.00
18:25:21  마지막충격발생ms:0
18:25:21  송신:1172
18:25:21  지팡이수신:1095
18:25:21  GPS위성:5
18:25:21  GPS_HDOP:2.50
18:25:21  원시위도:37.498343
18:25:21  원시경도:126.958645
18:25:21  GPS채택:19
18:25:21  GPS이상치거부:35
18:25:21  GPS품질거부:50
18:25:21  GPS재기준:2
18:25:21  계산거리:292.51
18:25:21  접근속도:0.00
18:25:21  TTC:999.00
18:25:21  방향오차:27.0
18:25:21  전방여부:0
18:25:21  위험음성횟수:0
18:25:21  충격음성횟수:0
18:25:21  마지막위험음성:0
18:25:21  RSSI원시:-70
18:25:21  RSSI평활:-72.0
18:25:21  RSSI샘플:1095
18:25:21  RSSI경과ms:61
18:25:21  위험송신:1095
18:25:22  시각ms:124916
18:25:22  IMU시각ms:124916
18:25:22  위험:0
18:25:22  원시위험:0
18:25:22  GPS유효:1
18:25:22  위도:37.498327
18:25:22  경도:126.958640
18:25:22  속도:0.43
18:25:22  방향:182.0
18:25:22  이동방향유효:0
18:25:22  GPS이동방향:182.0
18:25:22  차체방향유효:1
18:25:22  차체방향:198.0
18:25:22  후진판정:0
18:25:22  IMU요회전속도:0.00
18:25:22  방향가속도크기:9.72
18:25:22  방향자이로크기:0.79
18:25:22  방향자세cos:0.9999
18:25:22  자기모델잔차:4.36
18:25:22  자기모델반경:1.304
18:25:22  방향채택:15439
18:25:22  방향거부:11
18:25:22  GPS원시속도:0.252
18:25:22  GPS원시방향유효:1
18:25:22  GPS원시방향:182.0
18:25:22  가속도:-0.54,0.47,9.69
18:25:22  자이로:0.5,-0.3,0.5
18:25:22  자력계:-30.300,-28.800,2.400
18:25:22  충격값:0.09
18:25:22  충격피크:0.16
18:25:22  마지막충격발생값:0.00
18:25:22  마지막충격발생ms:0
18:25:22  송신:1176
18:25:22  지팡이수신:1099
18:25:22  GPS위성:5
18:25:22  GPS_HDOP:2.50
18:25:22  원시위도:37.498343
18:25:22  원시경도:126.958645
18:25:22  GPS채택:19
18:25:22  GPS이상치거부:35
18:25:22  GPS품질거부:50
18:25:22  GPS재기준:2
18:25:22  계산거리:292.47
18:25:22  접근속도:0.00
18:25:22  TTC:999.00
18:25:22  방향오차:27.1
18:25:22  전방여부:0
18:25:22  위험음성횟수:0
18:25:22  충격음성횟수:0
18:25:22  마지막위험음성:0
18:25:22  RSSI원시:-72
18:25:22  RSSI평활:-74.3
18:25:22  RSSI샘플:1099
18:25:22  RSSI경과ms:68
18:25:22  위험송신:1099
18:25:22  시각ms:125231
18:25:22  IMU시각ms:125230
18:25:22  위험:0
18:25:22  원시위험:0
18:25:22  GPS유효:1
18:25:22  위도:37.498327
18:25:22  경도:126.958640
18:25:22  속도:0.43
18:25:22  방향:182.0
18:25:22  이동방향유효:0
18:25:22  GPS이동방향:182.0
18:25:22  차체방향유효:1
18:25:22  차체방향:197.9
18:25:22  후진판정:0
18:25:22  IMU요회전속도:0.00
18:25:22  방향가속도크기:9.68
18:25:22  방향자이로크기:1.14
18:25:22  방향자세cos:0.9999
18:25:22  자기모델잔차:2.88
18:25:22  자기모델반경:1.326
18:25:22  방향채택:15475
18:25:22  방향거부:12
18:25:22  GPS원시속도:0.252
18:25:22  GPS원시방향유효:1
18:25:22  GPS원시방향:182.0
18:25:22  가속도:-0.41,0.36,9.66
18:25:22  자이로:0.2,-1.1,0.3
18:25:22  자력계:-30.900,-27.450,0.750
18:25:22  충격값:0.16
18:25:22  충격피크:0.20
18:25:22  마지막충격발생값:0.00
18:25:22  마지막충격발생ms:0
18:25:22  송신:1179
18:25:22  지팡이수신:1102
18:25:22  GPS위성:5
18:25:22  GPS_HDOP:2.50
18:25:22  원시위도:37.498468
18:25:22  원시경도:126.958663
18:25:22  GPS채택:19
18:25:22  GPS이상치거부:36
18:25:22  GPS품질거부:50
18:25:22  GPS재기준:2
18:25:22  계산거리:292.47
18:25:22  접근속도:0.00
18:25:22  TTC:999.00
18:25:22  방향오차:27.1
18:25:22  전방여부:0
18:25:22  위험음성횟수:0
18:25:22  충격음성횟수:0
18:25:22  마지막위험음성:0
18:25:22  RSSI원시:-72
18:25:22  RSSI평활:-73.5
18:25:22  RSSI샘플:1102
18:25:22  RSSI경과ms:69
18:25:22  위험송신:1102
18:25:22  시각ms:125440
18:25:22  IMU시각ms:125440
18:25:22  위험:0
18:25:22  원시위험:0
18:25:22  GPS유효:1
18:25:22  위도:37.498327
18:25:22  경도:126.958640
18:25:22  속도:0.43
18:25:22  방향:182.0
18:25:22  이동방향유효:0
18:25:22  GPS이동방향:182.0
18:25:22  차체방향유효:1
18:25:22  차체방향:198.0
18:25:22  후진판정:0
18:25:22  IMU요회전속도:0.00
18:25:22  방향가속도크기:9.74
18:25:22  방향자이로크기:2.83
18:25:22  방향자세cos:0.9998
18:25:22  자기모델잔차:3.94
18:25:22  자기모델반경:1.354
18:25:22  방향채택:15501
18:25:22  방향거부:12
18:25:22  GPS원시속도:0.633
18:25:22  GPS원시방향유효:1
18:25:22  GPS원시방향:213.6
18:25:22  가속도:-0.61,0.37,9.71
18:25:22  자이로:0.2,-2.8,0.2
18:25:22  자력계:-31.800,-28.500,1.950
18:25:22  충격값:0.06
18:25:22  충격피크:0.20
18:25:22  마지막충격발생값:0.00
18:25:22  마지막충격발생ms:0
18:25:22  송신:1181
18:25:22  지팡이수신:1104
18:25:22  GPS위성:5
18:25:22  GPS_HDOP:2.50
18:25:22  원시위도:37.498468
18:25:22  원시경도:126.958663
18:25:22  GPS채택:19
18:25:22  GPS이상치거부:37
18:25:22  GPS품질거부:50
18:25:22  GPS재기준:2
18:25:22  계산거리:292.47
18:25:22  접근속도:0.00
18:25:22  TTC:999.00
18:25:22  방향오차:27.1
18:25:22  전방여부:0
18:25:22  위험음성횟수:0
18:25:22  충격음성횟수:0
18:25:22  마지막위험음성:0
18:25:22  RSSI원시:-78
18:25:22  RSSI평활:-75.0
18:25:22  RSSI샘플:1104
18:25:22  RSSI경과ms:69
18:25:22  위험송신:1104
18:25:23  시각ms:126169
18:25:23  IMU시각ms:126168
18:25:23  위험:0
18:25:23  원시위험:0
18:25:23  GPS유효:1
18:25:23  위도:37.498479
18:25:23  경도:126.958668
18:25:23  속도:0.53
18:25:23  방향:213.6
18:25:23  이동방향유효:1
18:25:23  GPS이동방향:213.6
18:25:23  차체방향유효:1
18:25:23  차체방향:197.9
18:25:23  후진판정:0
18:25:23  IMU요회전속도:0.00
18:25:23  방향가속도크기:9.81
18:25:23  방향자이로크기:3.42
18:25:23  방향자세cos:0.9999
18:25:23  자기모델잔차:4.53
18:25:23  자기모델반경:1.331
18:25:23  방향채택:15591
18:25:23  방향거부:12
18:25:23  GPS원시속도:0.633
18:25:23  GPS원시방향유효:1
18:25:23  GPS원시방향:213.6
18:25:23  가속도:-0.55,0.39,9.78
18:25:23  자이로:3.4,0.0,-0.3
18:25:23  자력계:-31.050,-27.300,2.400
18:25:23  충격값:0.07
18:25:23  충격피크:0.18
18:25:23  마지막충격발생값:0.00
18:25:23  마지막충격발생ms:0
18:25:23  송신:1188
18:25:23  지팡이수신:1110
18:25:23  GPS위성:5
18:25:23  GPS_HDOP:2.50
18:25:23  원시위도:37.498480
18:25:23  원시경도:126.958668
18:25:23  GPS채택:20
18:25:23  GPS이상치거부:38
18:25:23  GPS품질거부:50
18:25:23  GPS재기준:3
18:25:23  계산거리:309.70
18:25:23  접근속도:0.22
18:25:23  TTC:999.00
18:25:23  방향오차:-5.6
18:25:23  전방여부:0
18:25:23  위험음성횟수:0
18:25:23  충격음성횟수:0
18:25:23  마지막위험음성:0
18:25:23  RSSI원시:-72
18:25:23  RSSI평활:-72.8
18:25:23  RSSI샘플:1110
18:25:23  RSSI경과ms:69
18:25:23  위험송신:1110
18:25:23  시각ms:126273
18:25:23  IMU시각ms:126273
18:25:23  위험:0
18:25:23  원시위험:0
18:25:23  GPS유효:1
18:25:23  위도:37.498479
18:25:23  경도:126.958668
18:25:23  속도:0.52
18:25:23  방향:213.6
18:25:23  이동방향유효:1
18:25:23  GPS이동방향:213.6
18:25:23  차체방향유효:1
18:25:23  차체방향:197.9
18:25:23  후진판정:0
18:25:23  IMU요회전속도:0.00
18:25:23  방향가속도크기:9.80
18:25:23  방향자이로크기:3.47
18:25:23  방향자세cos:0.9999
18:25:23  자기모델잔차:2.37
18:25:23  자기모델반경:1.343
18:25:23  방향채택:15604
18:25:23  방향거부:12
18:25:23  GPS원시속도:0.509
18:25:23  GPS원시방향유효:1
18:25:23  GPS원시방향:213.6
18:25:23  가속도:-0.57,0.45,9.77
18:25:23  자이로:1.1,-2.2,2.5
18:25:23  자력계:-31.500,-29.250,0.450
18:25:23  충격값:0.08
18:25:23  충격피크:0.16
18:25:23  마지막충격발생값:0.00
18:25:23  마지막충격발생ms:0
18:25:23  송신:1189
18:25:23  지팡이수신:1111
18:25:23  GPS위성:5
18:25:23  GPS_HDOP:2.50
18:25:23  원시위도:37.498480
18:25:23  원시경도:126.958668
18:25:23  GPS채택:21
18:25:23  GPS이상치거부:38
18:25:23  GPS품질거부:50
18:25:23  GPS재기준:3
18:25:23  계산거리:309.70
18:25:23  접근속도:0.21
18:25:23  TTC:999.00
18:25:23  방향오차:-5.6
18:25:23  전방여부:0
18:25:23  위험음성횟수:0
18:25:23  충격음성횟수:0
18:25:23  마지막위험음성:0
18:25:23  RSSI원시:-75
18:25:23  RSSI평활:-73.3
18:25:23  RSSI샘플:1111
18:25:23  RSSI경과ms:64
18:25:23  위험송신:1111
18:25:23  시각ms:126483
18:25:23  IMU시각ms:126483
18:25:23  위험:0
18:25:23  원시위험:0
18:25:23  GPS유효:1
18:25:23  위도:37.498478
18:25:23  경도:126.958667
18:25:23  속도:0.52
18:25:23  방향:213.6
18:25:23  이동방향유효:1
18:25:23  GPS이동방향:213.6
18:25:23  차체방향유효:1
18:25:23  차체방향:197.9
18:25:23  후진판정:0
18:25:23  IMU요회전속도:0.00
18:25:23  방향가속도크기:9.67
18:25:23  방향자이로크기:0.73
18:25:23  방향자세cos:0.9998
18:25:23  자기모델잔차:3.08
18:25:23  자기모델반경:1.304
18:25:23  방향채택:15630
18:25:23  방향거부:12
18:25:23  GPS원시속도:0.509
18:25:23  GPS원시방향유효:1
18:25:23  GPS원시방향:213.6
18:25:23  가속도:-0.61,0.39,9.64
18:25:23  자이로:0.6,-0.3,0.1
18:25:23  자력계:-30.300,-28.350,1.050
18:25:23  충격값:0.09
18:25:23  충격피크:0.17
18:25:23  마지막충격발생값:0.00
18:25:23  마지막충격발생ms:0
18:25:23  송신:1191
18:25:23  지팡이수신:1113
18:25:23  GPS위성:5
18:25:23  GPS_HDOP:2.50
18:25:23  원시위도:37.498480
18:25:23  원시경도:126.958668
18:25:23  GPS채택:21
18:25:23  GPS이상치거부:38
18:25:23  GPS품질거부:50
18:25:23  GPS재기준:3
18:25:23  계산거리:309.39
18:25:23  접근속도:0.21
18:25:23  TTC:999.00
18:25:23  방향오차:-5.6
18:25:23  전방여부:0
18:25:23  위험음성횟수:0
18:25:23  충격음성횟수:0
18:25:23  마지막위험음성:0
18:25:23  RSSI원시:-77
18:25:23  RSSI평활:-74.5
18:25:23  RSSI샘플:1113
18:25:23  RSSI경과ms:69
18:25:23  위험송신:1113
18:25:24  시각ms:126693
18:25:24  IMU시각ms:126693
18:25:24  위험:0
18:25:24  원시위험:0
18:25:24  GPS유효:1
18:25:24  위도:37.498478
18:25:24  경도:126.958666
18:25:24  속도:0.52
18:25:24  방향:213.6
18:25:24  이동방향유효:1
18:25:24  GPS이동방향:213.6
18:25:24  차체방향유효:1
18:25:24  차체방향:197.8
18:25:24  후진판정:0
18:25:24  IMU요회전속도:0.00
18:25:24  방향가속도크기:9.76
18:25:24  방향자이로크기:3.69
18:25:24  방향자세cos:0.9999
18:25:24  자기모델잔차:3.07
18:25:24  자기모델반경:1.334
18:25:24  방향채택:15656
18:25:24  방향거부:12
18:25:24  GPS원시속도:0.509
18:25:24  GPS원시방향유효:1
18:25:24  GPS원시방향:213.6
18:25:24  가속도:-0.57,0.43,9.73
18:25:24  자이로:2.4,-2.3,1.6
18:25:24  자력계:-31.200,-28.350,1.050
18:25:24  충격값:0.03
18:25:24  충격피크:0.17
18:25:24  마지막충격발생값:0.00
18:25:24  마지막충격발생ms:0
18:25:24  송신:1193
18:25:24  지팡이수신:1115
18:25:24  GPS위성:5
18:25:24  GPS_HDOP:2.50
18:25:24  원시위도:37.498480
18:25:24  원시경도:126.958668
18:25:24  GPS채택:21
18:25:24  GPS이상치거부:38
18:25:24  GPS품질거부:50
18:25:24  GPS재기준:3
18:25:24  계산거리:309.39
18:25:24  접근속도:0.22
18:25:24  TTC:999.00
18:25:24  방향오차:-5.6
18:25:24  전방여부:0
18:25:24  위험음성횟수:0
18:25:24  충격음성횟수:0
18:25:24  마지막위험음성:0
18:25:24  RSSI원시:-72
18:25:24  RSSI평활:-74.2
18:25:24  RSSI샘플:1115
18:25:24  RSSI경과ms:63
18:25:24  위험송신:1115
18:25:24  시각ms:126903
18:25:24  IMU시각ms:126903
18:25:24  위험:0
18:25:24  원시위험:0
18:25:24  GPS유효:1
18:25:24  위도:37.498477
18:25:24  경도:126.958666
18:25:24  속도:0.52
18:25:24  방향:213.6
18:25:24  이동방향유효:1
18:25:24  GPS이동방향:213.6
18:25:24  차체방향유효:1
18:25:24  차체방향:197.8
18:25:24  후진판정:0
18:25:24  IMU요회전속도:0.00
18:25:24  방향가속도크기:9.68
18:25:24  방향자이로크기:6.97
18:25:24  방향자세cos:0.9999
18:25:24  자기모델잔차:3.56
18:25:24  자기모델반경:1.350
18:25:24  방향채택:15682
18:25:24  방향거부:12
18:25:24  GPS원시속도:0.509
18:25:24  GPS원시방향유효:1
18:25:24  GPS원시방향:213.6
18:25:24  가속도:-0.51,0.34,9.66
18:25:24  자이로:4.6,-5.2,-0.9
18:25:24  자력계:-31.650,-27.900,1.500
18:25:24  충격값:0.08
18:25:24  충격피크:0.19
18:25:24  마지막충격발생값:0.00
18:25:24  마지막충격발생ms:0
18:25:24  송신:1195
18:25:24  지팡이수신:1117
18:25:24  GPS위성:5
18:25:24  GPS_HDOP:2.50
18:25:24  원시위도:37.498480
18:25:24  원시경도:126.958668
18:25:24  GPS채택:21
18:25:24  GPS이상치거부:38
18:25:24  GPS품질거부:50
18:25:24  GPS재기준:3
18:25:24  계산거리:309.39
18:25:24  접근속도:0.22
18:25:24  TTC:999.00
18:25:24  방향오차:-5.6
18:25:24  전방여부:0
18:25:24  위험음성횟수:0
18:25:24  충격음성횟수:0
18:25:24  마지막위험음성:0
18:25:24  RSSI원시:-70
18:25:24  RSSI평활:-72.7
18:25:24  RSSI샘플:1117
18:25:24  RSSI경과ms:68
18:25:24  위험송신:1117
18:25:24  시각ms:127007
18:25:24  IMU시각ms:127006
18:25:24  위험:0
18:25:24  원시위험:0
18:25:24  GPS유효:1
18:25:24  위도:37.498477
18:25:24  경도:126.958666
18:25:24  속도:0.52
18:25:24  방향:213.6
18:25:24  이동방향유효:1
18:25:24  GPS이동방향:213.6
18:25:24  차체방향유효:1
18:25:24  차체방향:197.8
18:25:24  후진판정:0
18:25:24  IMU요회전속도:0.00
18:25:24  방향가속도크기:9.60
18:25:24  방향자이로크기:1.82
18:25:24  방향자세cos:0.9998
18:25:24  자기모델잔차:1.92
18:25:24  자기모델반경:1.337
18:25:24  방향채택:15693
18:25:24  방향거부:12
18:25:24  GPS원시속도:0.509
18:25:24  GPS원시방향유효:1
18:25:24  GPS원시방향:213.6
18:25:24  가속도:-0.57,0.32,9.58
18:25:24  자이로:-1.0,0.3,-1.5
18:25:24  자력계:-31.200,-26.700,-0.300
18:25:24  충격값:0.15
18:25:24  충격피크:0.15
18:25:24  마지막충격발생값:0.00
18:25:24  마지막충격발생ms:0
18:25:24  송신:1196
18:25:24  지팡이수신:1118
18:25:24  GPS위성:5
18:25:24  GPS_HDOP:2.50
18:25:24  원시위도:37.498480
18:25:24  원시경도:126.958668
18:25:24  GPS채택:21
18:25:24  GPS이상치거부:38
18:25:24  GPS품질거부:50
18:25:24  GPS재기준:3
18:25:24  계산거리:309.39
18:25:24  접근속도:0.12
18:25:24  TTC:999.00
18:25:24  방향오차:-5.6
18:25:24  전방여부:0
18:25:24  위험음성횟수:0
18:25:24  충격음성횟수:0
18:25:24  마지막위험음성:0
18:25:24  RSSI원시:-80
18:25:24  RSSI평활:-74.2
18:25:24  RSSI샘플:1118
18:25:24  RSSI경과ms:71
18:25:24  위험송신:1118
18:25:24  시각ms:127428
18:25:24  IMU시각ms:127428
18:25:24  위험:0
18:25:24  원시위험:0
18:25:24  GPS유효:1
18:25:24  위도:37.498496
18:25:24  경도:126.958672
18:25:24  속도:0.77
18:25:24  방향:209.2
18:25:24  이동방향유효:1
18:25:24  GPS이동방향:209.2
18:25:24  차체방향유효:1
18:25:24  차체방향:197.8
18:25:24  후진판정:0
18:25:24  IMU요회전속도:0.00
18:25:24  방향가속도크기:9.73
18:25:24  방향자이로크기:2.04
18:25:24  방향자세cos:0.9998
18:25:24  자기모델잔차:3.62
18:25:24  자기모델반경:1.311
18:25:24  방향채택:15745
18:25:24  방향거부:12
18:25:24  GPS원시속도:1.019
18:25:24  GPS원시방향유효:1
18:25:24  GPS원시방향:200.9
18:25:24  가속도:-0.62,0.40,9.71
18:25:24  자이로:0.3,-0.6,1.9
18:25:24  자력계:-30.450,-27.450,1.500
18:25:24  충격값:0.07
18:25:24  충격피크:0.20
18:25:24  마지막충격발생값:0.00
18:25:24  마지막충격발생ms:0
18:25:24  송신:1200
18:25:24  지팡이수신:1122
18:25:24  GPS위성:5
18:25:24  GPS_HDOP:2.50
18:25:24  원시위도:37.498502
18:25:24  원시경도:126.958675
18:25:24  GPS채택:23
18:25:24  GPS이상치거부:38
18:25:24  GPS품질거부:50
18:25:24  GPS재기준:3
18:25:24  계산거리:311.57
18:25:24  접근속도:0.30
18:25:24  TTC:999.00
18:25:24  방향오차:-1.2
18:25:24  전방여부:0
18:25:24  위험음성횟수:0
18:25:24  충격음성횟수:0
18:25:24  마지막위험음성:0
18:25:24  RSSI원시:-70
18:25:24  RSSI평활:-73.2
18:25:24  RSSI샘플:1122
18:25:24  RSSI경과ms:78
18:25:24  위험송신:1122
18:25:24  시각ms:127533
18:25:24  IMU시각ms:127533
18:25:24  위험:0
18:25:24  원시위험:0
18:25:24  GPS유효:1
18:25:24  위도:37.498496
18:25:24  경도:126.958672
18:25:24  속도:0.77
18:25:24  방향:209.2
18:25:24  이동방향유효:1
18:25:24  GPS이동방향:209.2
18:25:24  차체방향유효:1
18:25:24  차체방향:197.8
18:25:24  후진판정:0
18:25:24  IMU요회전속도:0.00
18:25:24  방향가속도크기:9.63
18:25:24  방향자이로크기:2.54
18:25:24  방향자세cos:0.9997
18:25:24  자기모델잔차:1.82
18:25:24  자기모델반경:1.390
18:25:24  방향채택:15758
18:25:24  방향거부:12
18:25:24  GPS원시속도:1.019
18:25:24  GPS원시방향유효:1
18:25:24  GPS원시방향:200.9
18:25:24  가속도:-0.57,0.30,9.61
18:25:24  자이로:2.1,1.5,-0.0
18:25:24  자력계:-32.850,-27.450,-0.300
18:25:24  충격값:0.14
18:25:24  충격피크:0.16
18:25:24  마지막충격발생값:0.00
18:25:24  마지막충격발생ms:0
18:25:24  송신:1201
18:25:24  지팡이수신:1123
18:25:24  GPS위성:5
18:25:24  GPS_HDOP:2.50
18:25:24  원시위도:37.498502
18:25:24  원시경도:126.958675
18:25:24  GPS채택:23
18:25:24  GPS이상치거부:38
18:25:24  GPS품질거부:50
18:25:24  GPS재기준:3
18:25:24  계산거리:311.57
18:25:24  접근속도:0.30
18:25:24  TTC:999.00
18:25:24  방향오차:-1.2
18:25:24  전방여부:0
18:25:24  위험음성횟수:0
18:25:24  충격음성횟수:0
18:25:24  마지막위험음성:0
18:25:24  RSSI원시:-76
18:25:24  RSSI평활:-73.8
18:25:24  RSSI샘플:1123
18:25:24  RSSI경과ms:79
18:25:24  위험송신:1123
18:25:25  시각ms:127638
18:25:25  IMU시각ms:127638
18:25:25  위험:0
18:25:25  원시위험:0
18:25:25  GPS유효:1
18:25:25  위도:37.498496
18:25:25  경도:126.958672
18:25:25  속도:0.77
18:25:25  방향:209.2
18:25:25  이동방향유효:1
18:25:25  GPS이동방향:209.2
18:25:25  차체방향유효:1
18:25:25  차체방향:197.8
18:25:25  후진판정:0
18:25:25  IMU요회전속도:0.00
18:25:25  방향가속도크기:9.74
18:25:25  방향자이로크기:4.30
18:25:25  방향자세cos:0.9999
18:25:25  자기모델잔차:2.38
18:25:25  자기모델반경:1.289
18:25:25  방향채택:15771
18:25:25  방향거부:12
18:25:25  GPS원시속도:1.019
18:25:25  GPS원시방향유효:1
18:25:25  GPS원시방향:200.9
18:25:25  가속도:-0.52,0.38,9.72
18:25:25  자이로:2.0,-3.4,1.7
18:25:25  자력계:-29.850,-29.250,0.450
18:25:25  충격값:0.04
18:25:25  충격피크:0.16
18:25:25  마지막충격발생값:0.00
18:25:25  마지막충격발생ms:0
18:25:25  송신:1202
18:25:25  지팡이수신:1124
18:25:25  GPS위성:5
18:25:25  GPS_HDOP:2.50
18:25:25  원시위도:37.498502
18:25:25  원시경도:126.958675
18:25:25  GPS채택:23
18:25:25  GPS이상치거부:38
18:25:25  GPS품질거부:50
18:25:25  GPS재기준:3
18:25:25  계산거리:311.57
18:25:25  접근속도:0.30
18:25:25  TTC:999.00
18:25:25  방향오차:-1.2
18:25:25  전방여부:0
18:25:25  위험음성횟수:0
18:25:25  충격음성횟수:0
18:25:25  마지막위험음성:0
18:25:25  RSSI원시:-73
18:25:25  RSSI평활:-73.6
18:25:25  RSSI샘플:1124
18:25:25  RSSI경과ms:82
18:25:25  위험송신:1124
18:25:25  시각ms:127953
18:25:25  IMU시각ms:127953
18:25:25  위험:0
18:25:25  원시위험:0
18:25:25  GPS유효:1
18:25:25  위도:37.498497
18:25:25  경도:126.958672
18:25:25  속도:0.77
18:25:25  방향:209.2
18:25:25  이동방향유효:1
18:25:25  GPS이동방향:209.2
18:25:25  차체방향유효:1
18:25:25  차체방향:197.7
18:25:25  후진판정:0
18:25:25  IMU요회전속도:0.00
18:25:25  방향가속도크기:9.76
18:25:25  방향자이로크기:3.16
18:25:25  방향자세cos:0.9998
18:25:25  자기모델잔차:2.44
18:25:25  자기모델반경:1.276
18:25:25  방향채택:15810
18:25:25  방향거부:12
18:25:25  GPS원시속도:1.019
18:25:25  GPS원시방향유효:1
18:25:25  GPS원시방향:200.9
18:25:25  가속도:-0.61,0.43,9.73
18:25:25  자이로:1.5,-2.6,1.0
18:25:25  자력계:-29.400,-27.450,0.300
18:25:25  충격값:0.07
18:25:25  충격피크:0.13
18:25:25  마지막충격발생값:0.00
18:25:25  마지막충격발생ms:0
18:25:25  송신:1205
18:25:25  지팡이수신:1127
18:25:25  GPS위성:5
18:25:25  GPS_HDOP:2.50
18:25:25  원시위도:37.498502
18:25:25  원시경도:126.958675
18:25:25  GPS채택:23
18:25:25  GPS이상치거부:38
18:25:25  GPS품질거부:50
18:25:25  GPS재기준:3
18:25:25  계산거리:311.89
18:25:25  접근속도:0.30
18:25:25  TTC:999.00
18:25:25  방향오차:-1.1
18:25:25  전방여부:0
18:25:25  위험음성횟수:0
18:25:25  충격음성횟수:0
18:25:25  마지막위험음성:0
18:25:25  RSSI원시:-68
18:25:25  RSSI평활:-73.1
18:25:25  RSSI샘플:1127
18:25:25  RSSI경과ms:84
18:25:25  위험송신:1127
18:25:25  시각ms:128058
18:25:25  IMU시각ms:128057
18:25:25  위험:0
18:25:25  원시위험:0
18:25:25  GPS유효:1
18:25:25  위도:37.498519
18:25:25  경도:126.958676
18:25:25  속도:0.89
18:25:25  방향:206.3
18:25:25  이동방향유효:1
18:25:25  GPS이동방향:206.3
18:25:25  차체방향유효:1
18:25:25  차체방향:197.8
18:25:25  후진판정:0
18:25:25  IMU요회전속도:0.00
18:25:25  방향가속도크기:9.65
18:25:25  방향자이로크기:1.14
18:25:25  방향자세cos:0.9999
18:25:25  자기모델잔차:1.65
18:25:25  자기모델반경:1.309
18:25:25  방향채택:15821
18:25:25  방향거부:12
18:25:25  GPS원시속도:1.019
18:25:25  GPS원시방향유효:1
18:25:25  GPS원시방향:200.9
18:25:25  가속도:-0.60,0.47,9.62
18:25:25  자이로:0.5,-1.0,0.3
18:25:25  자력계:-30.450,-29.100,-0.300
18:25:25  충격값:0.11
18:25:25  충격피크:0.16
18:25:25  마지막충격발생값:0.00
18:25:25  마지막충격발생ms:0
18:25:25  송신:1206
18:25:25  지팡이수신:1128
18:25:25  GPS위성:5
18:25:25  GPS_HDOP:2.50
18:25:25  원시위도:37.498540
18:25:25  원시경도:126.958680
18:25:25  GPS채택:24
18:25:25  GPS이상치거부:38
18:25:25  GPS품질거부:50
18:25:25  GPS재기준:3
18:25:25  계산거리:311.57
18:25:25  접근속도:0.32
18:25:25  TTC:999.00
18:25:25  방향오차:-1.3
18:25:25  전방여부:0
18:25:25  위험음성횟수:0
18:25:25  충격음성횟수:0
18:25:25  마지막위험음성:0
18:25:25  RSSI원시:-71
18:25:25  RSSI평활:-72.6
18:25:25  RSSI샘플:1128
18:25:25  RSSI경과ms:82
18:25:25  위험송신:1128
18:25:25  시각ms:128373
18:25:25  IMU시각ms:128373
18:25:25  위험:0
18:25:25  원시위험:0
18:25:25  GPS유효:1
18:25:25  위도:37.498531
18:25:25  경도:126.958678
18:25:25  속도:0.81
18:25:25  방향:203.7
18:25:25  이동방향유효:1
18:25:25  GPS이동방향:203.7
18:25:25  차체방향유효:1
18:25:25  차체방향:197.9
18:25:25  후진판정:0
18:25:25  IMU요회전속도:0.00
18:25:25  방향가속도크기:9.79
18:25:25  방향자이로크기:1.50
18:25:25  방향자세cos:0.9999
18:25:25  자기모델잔차:1.91
18:25:25  자기모델반경:1.330
18:25:25  방향채택:15860
18:25:25  방향거부:12
18:25:25  GPS원시속도:0.731
18:25:25  GPS원시방향유효:1
18:25:25  GPS원시방향:198.8
18:25:25  가속도:-0.56,0.46,9.77
18:25:25  자이로:0.8,-1.0,0.8
18:25:25  자력계:-31.050,-28.050,-0.150
18:25:25  충격값:0.09
18:25:25  충격피크:0.19
18:25:25  마지막충격발생값:0.00
18:25:25  마지막충격발생ms:0
18:25:25  송신:1209
18:25:25  지팡이수신:1131
18:25:25  GPS위성:5
18:25:25  GPS_HDOP:2.50
18:25:25  원시위도:37.498540
18:25:25  원시경도:126.958680
18:25:25  GPS채택:25
18:25:25  GPS이상치거부:38
18:25:25  GPS품질거부:50
18:25:25  GPS재기준:3
18:25:25  계산거리:315.26
18:25:25  접근속도:0.38
18:25:25  TTC:999.00
18:25:25  방향오차:4.0
18:25:25  전방여부:0
18:25:25  위험음성횟수:0
18:25:25  충격음성횟수:0
18:25:25  마지막위험음성:0
18:25:25  RSSI원시:-75
18:25:25  RSSI평활:-72.8
18:25:25  RSSI샘플:1131
18:25:25  RSSI경과ms:87
18:25:25  위험송신:1131
