16:26:51  위험:1
16:26:51  GPS유효:1
16:26:51  위도:37.497028
16:26:51  경도:126.958321
16:26:51  속도:0.05
16:26:51  방향:114.5
16:26:51  가속도:0.31,2.69,10.28
16:26:51  송신:14202
16:26:51  GPS위성:8
16:26:51  GPS_HDOP:1.05
16:26:51  원시위도:37.497031
16:26:51  원시경도:126.958316
16:26:51  GPS채택:1175
16:26:51  GPS이상치거부:6
16:26:51  GPS품질거부:24
16:26:51  GPS재기준:1
16:26:51  RSSI원시:-79
16:26:51  RSSI평활:-77.5
16:26:51  RSSI샘플:26338
16:26:51  RSSI경과ms:30
16:26:51  차량수신:13054
16:26:52  위험:1
16:26:52  GPS유효:1
16:26:52  위도:37.497032
16:26:52  경도:126.958313
16:26:52  속도:0.07
16:26:52  방향:114.5
16:26:52  가속도:-2.76,3.39,8.55
16:26:52  송신:14212
16:26:52  GPS위성:8
16:26:52  GPS_HDOP:1.05
16:26:52  원시위도:37.497035
16:26:52  원시경도:126.958310
16:26:52  GPS채택:1177
16:26:52  GPS이상치거부:6
16:26:52  GPS품질거부:24
16:26:52  GPS재기준:1
16:26:52  RSSI원시:-76
16:26:52  RSSI평활:-76.8
16:26:52  RSSI샘플:26355
16:26:52  RSSI경과ms:8
16:26:52  차량수신:13062
16:26:54  위험:1
16:26:54  GPS유효:1
16:26:54  위도:37.497040
16:26:54  경도:126.958305
16:26:54  속도:0.09
16:26:54  방향:114.5
16:26:54  가속도:-2.69,3.54,8.71
16:26:54  송신:14231
16:26:54  GPS위성:8
16:26:54  GPS_HDOP:1.05
16:26:54  원시위도:37.497042
16:26:54  원시경도:126.958301
16:26:54  GPS채택:1181
16:26:54  GPS이상치거부:6
16:26:54  GPS품질거부:24
16:26:54  GPS재기준:1
16:26:54  RSSI원시:-72
16:26:54  RSSI평활:-73.6
16:26:54  RSSI샘플:26388
16:26:54  RSSI경과ms:45
16:26:54  차량수신:13076
16:26:56  위험:0
16:26:56  GPS유효:1
16:26:56  위도:37.497047
16:26:56  경도:126.958290
16:26:56  속도:0.17
16:26:56  방향:114.5
16:26:56  가속도:-2.72,3.52,8.55
16:26:56  송신:14251
16:26:56  GPS위성:8
16:26:56  GPS_HDOP:1.05
16:26:56  원시위도:37.497049
16:26:56  원시경도:126.958290
16:26:56  GPS채택:1185
16:26:56  GPS이상치거부:6
16:26:56  GPS품질거부:24
16:26:56  GPS재기준:1
16:26:56  RSSI원시:-80
16:26:56  RSSI평활:-76.9
16:26:56  RSSI샘플:26423
16:26:56  RSSI경과ms:45
16:26:56  차량수신:13092
16:26:57  위험:0
16:26:57  GPS유효:1
16:26:57  위도:37.497051
16:26:57  경도:126.958282
16:26:57  속도:0.17
16:26:57  방향:114.5
16:26:57  가속도:-2.68,3.50,8.66
16:26:57  송신:14261
16:26:57  GPS위성:8
16:26:57  GPS_HDOP:1.22
16:26:57  원시위도:37.497053
16:26:57  원시경도:126.958282
16:26:57  GPS채택:1187
16:26:57  GPS이상치거부:6
16:26:57  GPS품질거부:24
16:26:57  GPS재기준:1
16:26:57  RSSI원시:-76
16:26:57  RSSI평활:-74.6
16:26:57  RSSI샘플:26440
16:26:57  RSSI경과ms:28
16:26:57  차량수신:13100
16:26:58  위험:0
16:26:58  GPS유효:1
16:26:58  위도:37.497055
16:26:58  경도:126.958275
16:26:58  속도:0.10
16:26:58  방향:114.5
16:26:58  가속도:-2.79,3.51,8.65
16:26:58  송신:14271
16:26:58  GPS위성:8
16:26:58  GPS_HDOP:1.05
16:26:58  원시위도:37.497056
16:26:58  원시경도:126.958274
16:26:58  GPS채택:1189
16:26:58  GPS이상치거부:6
16:26:58  GPS품질거부:24
16:26:58  GPS재기준:1
16:26:58  RSSI원시:-79
16:26:58  RSSI평활:-78.4
16:26:58  RSSI샘플:26456
16:26:58  RSSI경과ms:12
16:26:58  차량수신:13107
16:27:00  위험:0
16:27:00  GPS유효:1
16:27:00  위도:37.497063
16:27:00  경도:126.958260
16:27:00  속도:0.12
16:27:00  방향:114.5
16:27:00  가속도:-2.71,3.60,8.50
16:27:00  송신:14290
16:27:00  GPS위성:8
16:27:00  GPS_HDOP:1.05
16:27:00  원시위도:37.497065
16:27:00  원시경도:126.958256
16:27:00  GPS채택:1193
16:27:00  GPS이상치거부:6
16:27:00  GPS품질거부:24
16:27:00  GPS재기준:1
16:27:00  RSSI원시:-82
16:27:00  RSSI평활:-79.2
16:27:00  RSSI샘플:26487
16:27:00  RSSI경과ms:62
16:27:00  차량수신:13122
16:27:01  위험:0
16:27:01  GPS유효:1
16:27:01  위도:37.497066
16:27:01  경도:126.958252
16:27:01  속도:0.15
16:27:01  방향:114.5
16:27:01  가속도:-2.68,3.51,8.71
16:27:01  송신:14300
16:27:01  GPS위성:8
16:27:01  GPS_HDOP:1.05
16:27:01  원시위도:37.497068
16:27:01  원시경도:126.958249
16:27:01  GPS채택:1195
16:27:01  GPS이상치거부:6
16:27:01  GPS품질거부:24
16:27:01  GPS재기준:1
16:27:01  RSSI원시:-77
16:27:01  RSSI평활:-75.9
16:27:01  RSSI샘플:26507
16:27:01  RSSI경과ms:41
16:27:01  차량수신:13132
16:27:02  위험:0
16:27:02  GPS유효:1
16:27:02  위도:37.497070
16:27:02  경도:126.958244
16:27:02  속도:0.24
16:27:02  방향:114.5
16:27:02  가속도:-2.58,3.45,8.70
16:27:02  송신:14310
16:27:02  GPS위성:8
16:27:02  GPS_HDOP:1.05
16:27:02  원시위도:37.497069
16:27:02  원시경도:126.958247
16:27:02  GPS채택:1197
16:27:02  GPS이상치거부:6
16:27:02  GPS품질거부:24
16:27:02  GPS재기준:1
16:27:02  RSSI원시:-68
16:27:02  RSSI평활:-68.5
16:27:02  RSSI샘플:26527
16:27:02  RSSI경과ms:3
16:27:02  차량수신:13142
16:27:03  위험:0
16:27:03  GPS유효:1
16:27:03  위도:37.497070
16:27:03  경도:126.958244
16:27:03  속도:0.13
16:27:03  방향:114.5
16:27:03  가속도:-2.69,3.55,8.67
16:27:03  송신:14320
16:27:03  GPS위성:8
16:27:03  GPS_HDOP:1.05
16:27:03  원시위도:37.497073
16:27:03  원시경도:126.958238
16:27:03  GPS채택:1199
16:27:03  GPS이상치거부:6
16:27:03  GPS품질거부:24
16:27:03  GPS재기준:1
16:27:03  RSSI원시:-76
16:27:03  RSSI평활:-71.3
16:27:03  RSSI샘플:26546
16:27:03  RSSI경과ms:2
16:27:03  차량수신:13151
16:27:04  위험:0
16:27:04  GPS유효:1
16:27:04  위도:37.497074
16:27:04  경도:126.958237
16:27:04  속도:0.09
16:27:04  방향:114.5
16:27:04  가속도:-2.82,3.63,8.66
16:27:04  송신:14329
16:27:04  GPS위성:8
16:27:04  GPS_HDOP:1.16
16:27:04  원시위도:37.497076
16:27:04  원시경도:126.958231
16:27:04  GPS채택:1201
16:27:04  GPS이상치거부:6
16:27:04  GPS품질거부:24
16:27:04  GPS재기준:1
16:27:04  RSSI원시:-70
16:27:04  RSSI평활:-67.0
16:27:04  RSSI샘플:26565
16:27:04  RSSI경과ms:41
16:27:04  차량수신:13161
16:27:05  위험:0
16:27:05  GPS유효:1
16:27:05  위도:37.497078
16:27:05  경도:126.958221
16:27:05  속도:0.09
16:27:05  방향:114.5
16:27:05  가속도:-2.70,3.42,8.89
16:27:05  송신:14339
16:27:05  GPS위성:8
16:27:05  GPS_HDOP:1.05
16:27:05  원시위도:37.497081
16:27:05  원시경도:126.958222
16:27:05  GPS채택:1203
16:27:05  GPS이상치거부:6
16:27:05  GPS품질거부:24
16:27:05  GPS재기준:1
16:27:05  RSSI원시:-62
16:27:05  RSSI평활:-63.9
16:27:05  RSSI샘플:26585
16:27:05  RSSI경과ms:2
16:27:05  차량수신:13171
16:27:06  위험:0
16:27:06  GPS유효:1
16:27:06  위도:37.497086
16:27:06  경도:126.958214
16:27:06  속도:0.15
16:27:06  방향:114.5
16:27:06  가속도:-2.67,3.47,8.51
16:27:06  송신:14349
16:27:06  GPS위성:8
16:27:06  GPS_HDOP:1.05
16:27:06  원시위도:37.497086
16:27:06  원시경도:126.958209
16:27:06  GPS채택:1205
16:27:06  GPS이상치거부:6
16:27:06  GPS품질거부:24
16:27:06  GPS재기준:1
16:27:06  RSSI원시:-59
16:27:06  RSSI평활:-59.1
16:27:06  RSSI샘플:26604
16:27:06  RSSI경과ms:41
16:27:06  차량수신:13180
