16:26:52  위험:0
16:26:52  원시위험:0
16:26:52  GPS유효:1
16:26:52  위도:37.496856
16:26:52  경도:126.958304
16:26:52  속도:0.25
16:26:52  방향:323.9
16:26:52  가속도:0.04,2.26,9.20
16:26:52  자이로:3.1,-0.9,1.7
16:26:53  충격값:1.38
16:26:53  송신:15446
16:26:53  지팡이수신:13839
16:26:53  GPS위성:6
16:26:53  GPS_HDOP:1.50
16:26:53  원시위도:37.496865
16:26:53  원시경도:126.958308
16:26:53  GPS채택:338
16:26:53  GPS이상치거부:28
16:26:53  GPS품질거부:50
16:26:53  GPS재기준:8
16:26:53  계산거리:19.59
16:26:53  접근속도:-0.02
16:26:53  TTC:999.00
16:26:53  방향오차:38.5
16:26:53  전방여부:0
16:26:53  위험음성횟수:14
16:26:53  충격음성횟수:5
16:26:53  마지막위험음성:1
16:26:53  RSSI원시:-74
16:26:53  RSSI평활:-75.9
16:26:53  RSSI샘플:13839
16:26:53  RSSI경과ms:51
16:26:53  위험송신:13839
16:26:53  위험:0
16:26:53  원시위험:0
16:26:53  GPS유효:1
16:26:53  위도:37.496858
16:26:54  경도:126.958304
16:26:54  속도:0.24
16:26:54  방향:323.9
16:26:54  가속도:-0.46,0.27,10.17
16:26:54  자이로:-5.0,-1.1,0.8
16:26:54  충격값:1.94
16:26:54  송신:15455
16:26:54  지팡이수신:13849
16:26:54  GPS위성:5
16:26:54  GPS_HDOP:2.00
16:26:54  원시위도:37.496868
16:26:54  원시경도:126.958305
16:26:54  GPS채택:340
16:26:54  GPS이상치거부:28
16:26:54  GPS품질거부:50
16:26:54  GPS재기준:8
16:26:54  계산거리:19.77
16:26:54  접근속도:-0.08
16:26:54  TTC:999.00
16:26:54  방향오차:36.4
16:26:54  전방여부:0
16:26:54  위험음성횟수:14
16:26:54  충격음성횟수:5
16:26:54  마지막위험음성:1
16:26:54  RSSI원시:-73
16:26:54  RSSI평활:-73.3
16:26:54  RSSI샘플:13849
16:26:54  RSSI경과ms:31
16:26:54  위험송신:13849
16:26:54  위험:0
16:26:54  원시위험:0
16:26:54  GPS유효:1
16:26:54  위도:37.496860
16:26:54  경도:126.958304
16:26:54  속도:0.20
16:26:54  방향:323.9
16:26:54  가속도:-2.18,4.23,11.72
16:26:54  자이로:16.7,9.0,9.0
16:26:54  충격값:3.87
16:26:54  송신:15465
16:26:54  지팡이수신:13859
16:26:54  GPS위성:6
16:26:54  GPS_HDOP:1.50
16:26:55  원시위도:37.496872
16:26:55  원시경도:126.958303
16:26:55  GPS채택:342
16:26:55  GPS이상치거부:28
16:26:55  GPS품질거부:50
16:26:55  GPS재기준:8
16:26:55  계산거리:19.95
16:26:55  접근속도:-0.11
16:26:55  TTC:999.00
16:26:55  방향오차:36.5
16:26:55  전방여부:0
16:26:55  위험음성횟수:15
16:26:55  충격음성횟수:5
16:26:55  마지막위험음성:1
16:26:55  RSSI원시:-72
16:26:55  RSSI평활:-73.2
16:26:55  RSSI샘플:13859
16:26:55  RSSI경과ms:17
16:26:55  위험송신:13859
16:26:57  위험:0
16:26:57  원시위험:0
16:26:57  GPS유효:1
16:26:57  위도:37.496863
16:26:57  경도:126.958303
16:26:57  속도:0.27
16:26:57  방향:323.9
16:26:57  가속도:0.86,1.07,8.82
16:26:57  자이로:-2.0,-24.6,4.3
16:26:57  충격값:2.11
16:26:57  송신:15485
16:26:57  지팡이수신:13877
16:26:57  GPS위성:6
16:26:57  GPS_HDOP:1.50
16:26:57  원시위도:37.496878
16:26:57  원시경도:126.958302
16:26:57  GPS채택:344
16:26:57  GPS이상치거부:28
16:26:57  GPS품질거부:50
16:26:57  GPS재기준:8
16:26:57  계산거리:20.50
16:26:57  접근속도:-0.23
16:26:57  TTC:999.00
16:26:57  방향오차:32.8
16:26:57  전방여부:0
16:26:57  위험음성횟수:15
16:26:57  충격음성횟수:5
16:26:57  마지막위험음성:1
16:26:57  RSSI원시:-75
16:26:57  RSSI평활:-75.7
16:26:57  RSSI샘플:13877
16:26:57  RSSI경과ms:73
16:26:57  위험송신:13877
16:26:57  위험:0
16:26:57  원시위험:0
16:26:57  GPS유효:1
16:26:57  위도:37.496863
16:26:57  경도:126.958303
16:26:57  속도:0.27
16:26:58  방향:323.9
16:26:58  가속도:0.91,1.70,8.71
16:26:58  자이로:-6.3,-0.7,7.7
16:26:58  충격값:2.28
16:26:58  송신:15494
16:26:58  지팡이수신:13885
16:26:58  GPS위성:6
16:26:58  GPS_HDOP:1.50
16:26:58  원시위도:37.496878
16:26:58  원시경도:126.958302
16:26:58  GPS채택:344
16:26:58  GPS이상치거부:28
16:26:58  GPS품질거부:50
16:26:58  GPS재기준:8
16:26:58  계산거리:20.97
16:26:58  접근속도:-0.43
16:26:58  TTC:999.00
16:26:58  방향오차:30.9
16:26:58  전방여부:0
16:26:58  위험음성횟수:15
16:26:58  충격음성횟수:5
16:26:58  마지막위험음성:1
16:26:58  RSSI원시:-69
16:26:58  RSSI평활:-73.4
16:26:58  RSSI샘플:13885
16:26:58  RSSI경과ms:156
16:26:58  위험송신:13885
16:26:59  위험:0
16:27:00  원시위험:0
16:27:00  GPS유효:0
16:27:00  위도:0.000000
16:27:00  경도:0.000000
16:27:00  속도:0.00
16:27:00  방향:0.0
16:27:00  가속도:1.24,3.33,10.17
16:27:00  자이로:-3.4,6.9,12.7
16:27:00  충격값:3.07
16:27:00  송신:15514
16:27:00  지팡이수신:13904
16:27:00  GPS위성:6
16:27:00  GPS_HDOP:1.50
16:27:00  원시위도:37.496878
16:27:00  원시경도:126.958302
16:27:00  GPS채택:344
16:27:00  GPS이상치거부:28
16:27:00  GPS품질거부:50
16:27:00  GPS재기준:8
16:27:00  계산거리:-1.00
16:27:00  접근속도:0.00
16:27:00  TTC:999.00
16:27:00  방향오차:0.0
16:27:00  전방여부:0
16:27:00  위험음성횟수:15
16:27:00  충격음성횟수:5
16:27:00  마지막위험음성:1
16:27:00  RSSI원시:-66
16:27:00  RSSI평활:-73.4
16:27:00  RSSI샘플:13904
16:27:00  RSSI경과ms:5
16:27:00  위험송신:13904
16:27:01  위험:0
16:27:01  원시위험:0
16:27:01  GPS유효:0
16:27:01  위도:0.000000
16:27:01  경도:0.000000
16:27:01  속도:0.00
16:27:01  방향:0.0
16:27:01  가속도:0.23,0.26,7.08
16:27:01  자이로:-18.7,4.5,2.3
16:27:01  충격값:2.93
16:27:01  송신:15523
16:27:01  지팡이수신:13911
16:27:01  GPS위성:6
16:27:01  GPS_HDOP:1.50
16:27:01  원시위도:37.496878
16:27:01  원시경도:126.958302
16:27:01  GPS채택:344
16:27:01  GPS이상치거부:28
16:27:01  GPS품질거부:50
16:27:01  GPS재기준:8
16:27:01  계산거리:-1.00
16:27:01  접근속도:0.00
16:27:01  TTC:999.00
16:27:01  방향오차:0.0
16:27:01  전방여부:0
16:27:01  위험음성횟수:15
16:27:01  충격음성횟수:5
16:27:01  마지막위험음성:1
16:27:01  RSSI원시:-79
16:27:01  RSSI평활:-75.8
16:27:01  RSSI샘플:13911
16:27:01  RSSI경과ms:85
16:27:01  위험송신:13911
16:27:02  위험:0
16:27:02  원시위험:0
16:27:02  GPS유효:0
16:27:02  위도:0.000000
16:27:02  경도:0.000000
16:27:02  속도:0.00
16:27:02  방향:0.0
16:27:02  가속도:-0.46,-2.24,6.40
16:27:02  자이로:32.5,7.5,-24.3
16:27:02  충격값:4.11
16:27:02  송신:15533
16:27:02  지팡이수신:13921
16:27:02  GPS위성:6
16:27:02  GPS_HDOP:1.50
16:27:02  원시위도:37.496878
16:27:02  원시경도:126.958302
16:27:02  GPS채택:344
16:27:02  GPS이상치거부:28
16:27:02  GPS품질거부:50
16:27:02  GPS재기준:8
16:27:02  계산거리:-1.00
16:27:02  접근속도:0.00
16:27:02  TTC:999.00
16:27:02  방향오차:0.0
16:27:02  전방여부:0
16:27:02  위험음성횟수:15
16:27:02  충격음성횟수:5
16:27:02  마지막위험음성:1
16:27:02  RSSI원시:-74
16:27:02  RSSI평활:-76.3
16:27:02  RSSI샘플:13921
16:27:02  RSSI경과ms:60
16:27:02  위험송신:13921
16:27:02  위험:0
16:27:02  원시위험:0
16:27:02  GPS유효:0
16:27:02  위도:0.000000
16:27:02  경도:0.000000
16:27:02  속도:0.00
16:27:02  방향:0.0
16:27:02  가속도:-1.17,1.29,7.45
16:27:02  자이로:-5.7,3.2,2.6
16:27:02  충격값:2.22
16:27:03  송신:15543
16:27:03  지팡이수신:13931
16:27:03  GPS위성:6
16:27:03  GPS_HDOP:1.50
16:27:03  원시위도:37.496878
16:27:03  원시경도:126.958302
16:27:03  GPS채택:344
16:27:03  GPS이상치거부:28
16:27:03  GPS품질거부:50
16:27:03  GPS재기준:8
16:27:03  계산거리:-1.00
16:27:03  접근속도:0.00
16:27:03  TTC:999.00
16:27:03  방향오차:0.0
16:27:03  전방여부:0
16:27:03  위험음성횟수:15
16:27:03  충격음성횟수:5
16:27:03  마지막위험음성:1
16:27:03  RSSI원시:-65
16:27:03  RSSI평활:-68.4
16:27:03  RSSI샘플:13931
16:27:03  RSSI경과ms:25
16:27:03  위험송신:13931
16:27:04  위험:0
16:27:04  원시위험:0
16:27:04  GPS유효:0
16:27:04  위도:0.000000
16:27:04  경도:0.000000
16:27:04  속도:0.00
16:27:04  방향:0.0
16:27:04  가속도:-2.09,1.50,9.44
16:27:04  자이로:-26.4,21.5,5.3
16:27:04  충격값:1.41
16:27:04  송신:15552
16:27:04  지팡이수신:13941
16:27:04  GPS위성:6
16:27:04  GPS_HDOP:1.50
16:27:04  원시위도:37.496878
16:27:04  원시경도:126.958302
16:27:04  GPS채택:344
16:27:04  GPS이상치거부:28
16:27:04  GPS품질거부:50
16:27:04  GPS재기준:8
16:27:04  계산거리:-1.00
16:27:04  접근속도:0.00
16:27:04  TTC:999.00
16:27:04  방향오차:0.0
16:27:04  전방여부:0
16:27:04  위험음성횟수:15
16:27:04  충격음성횟수:5
16:27:04  마지막위험음성:1
16:27:04  RSSI원시:-67
16:27:04  RSSI평활:-69.1
16:27:04  RSSI샘플:13941
16:27:04  RSSI경과ms:9
16:27:04  위험송신:13941
16:27:05  위험:0
16:27:05  원시위험:0
16:27:05  GPS유효:0
16:27:05  위도:0.000000
16:27:05  경도:0.000000
16:27:05  속도:0.00
16:27:05  방향:0.0
16:27:05  가속도:0.90,0.72,9.63
16:27:05  자이로:3.5,0.0,-1.1
16:27:05  충격값:1.87
16:27:05  송신:15562
16:27:05  지팡이수신:13950
16:27:05  GPS위성:6
16:27:05  GPS_HDOP:1.50
16:27:05  원시위도:37.496878
16:27:05  원시경도:126.958302
16:27:05  GPS채택:344
16:27:05  GPS이상치거부:28
16:27:05  GPS품질거부:50
16:27:05  GPS재기준:8
16:27:05  계산거리:-1.00
16:27:05  접근속도:0.00
16:27:05  TTC:999.00
16:27:05  방향오차:0.0
16:27:05  전방여부:0
16:27:05  위험음성횟수:15
16:27:05  충격음성횟수:5
16:27:05  마지막위험음성:1
16:27:05  RSSI원시:-66
16:27:05  RSSI평활:-66.1
16:27:05  RSSI샘플:13950
16:27:05  RSSI경과ms:89
16:27:05  위험송신:13950
16:27:05  위험:0
16:27:06  원시위험:0
16:27:06  GPS유효:0
16:27:06  위도:0.000000
16:27:06  경도:0.000000
16:27:06  속도:0.00
16:27:06  방향:0.0
16:27:06  가속도:0.50,2.17,11.31
16:27:06  자이로:-0.6,-6.5,6.0
16:27:06  충격값:2.72
16:27:06  송신:15571
16:27:06  지팡이수신:13960
16:27:06  GPS위성:6
16:27:06  GPS_HDOP:1.50
16:27:06  원시위도:37.496878
16:27:06  원시경도:126.958302
16:27:06  GPS채택:344
16:27:06  GPS이상치거부:28
16:27:06  GPS품질거부:50
16:27:06  GPS재기준:8
16:27:06  계산거리:-1.00
16:27:06  접근속도:0.00
16:27:06  TTC:999.00
16:27:06  방향오차:0.0
16:27:06  전방여부:0
16:27:06  위험음성횟수:15
16:27:06  충격음성횟수:5
16:27:06  마지막위험음성:1
16:27:06  RSSI원시:-58
16:27:06  RSSI평활:-62.6
16:27:06  RSSI샘플:13960
16:27:06  RSSI경과ms:70
16:27:06  위험송신:13960
