17:27:31  시각ms:1526290
17:27:31  IMU시각ms:1526290
17:27:31  위험:0
17:27:31  GPS유효:1
17:27:31  위도:37.496628
17:27:31  경도:126.957878
17:27:31  속도:0.088
17:27:31  방향:188.0
17:27:31  GPS원시속도:0.123
17:27:31  GPS원시방향유효:1
17:27:31  GPS원시방향:187.0
17:27:31  가속도:3.998,-6.120,6.809
17:27:31  자이로:-0.443,-1.885,0.779
17:27:31  자력계:-13.500,14.100,-1.350
17:27:31  송신:14899
17:27:31  GPS위성:7
17:27:31  GPS_HDOP:1.23
17:27:31  원시위도:37.496627
17:27:31  원시경도:126.957880
17:27:31  GPS채택:1964
17:27:31  GPS이상치거부:8
17:27:31  GPS품질거부:191
17:27:31  GPS재기준:1
17:27:31  RSSI원시:-82
17:27:31  RSSI평활:-81.6
17:27:31  RSSI샘플:28941
17:27:31  RSSI경과ms:31
17:27:31  차량수신:14411
17:27:32  시각ms:1526420
17:27:32  IMU시각ms:1526420
17:27:32  위험:0
17:27:32  GPS유효:1
17:27:32  위도:37.496628
17:27:32  경도:126.957878
17:27:32  속도:0.088
17:27:32  방향:188.0
17:27:32  GPS원시속도:0.123
17:27:32  GPS원시방향유효:1
17:27:32  GPS원시방향:187.0
17:27:32  가속도:4.085,-6.062,6.685
17:27:32  자이로:-0.504,-0.573,0.466
17:27:32  자력계:-12.750,13.050,-0.600
17:27:32  송신:14900
17:27:32  GPS위성:7
17:27:32  GPS_HDOP:1.23
17:27:32  원시위도:37.496627
17:27:32  원시경도:126.957880
17:27:32  GPS채택:1964
17:27:32  GPS이상치거부:8
17:27:32  GPS품질거부:191
17:27:32  GPS재기준:1
17:27:32  RSSI원시:-80
17:27:32  RSSI평활:-81.3
17:27:32  RSSI샘플:28943
17:27:32  RSSI경과ms:53
17:27:32  차량수신:14412
17:27:32  시각ms:1526442
17:27:32  IMU시각ms:1526442
17:27:32  위험:0
17:27:32  GPS유효:1
17:27:32  위도:37.496628
17:27:32  경도:126.957878
17:27:32  속도:0.088
17:27:32  방향:188.0
17:27:32  GPS원시속도:0.123
17:27:32  GPS원시방향유효:1
17:27:32  GPS원시방향:187.0
17:27:32  가속도:4.041,-5.823,6.776
17:27:32  자이로:-0.153,-3.038,0.076
17:27:32  자력계:-12.150,13.950,0.150
17:27:32  송신:14900
17:27:32  GPS위성:7
17:27:32  GPS_HDOP:1.23
17:27:32  원시위도:37.496627
17:27:32  원시경도:126.957880
17:27:32  GPS채택:1964
17:27:32  GPS이상치거부:8
17:27:32  GPS품질거부:191
17:27:32  GPS재기준:1
17:27:32  RSSI원시:-78
17:27:32  RSSI평활:-80.7
17:27:32  RSSI샘플:28944
17:27:32  RSSI경과ms:1
17:27:32  차량수신:14413
17:27:32  시각ms:1526477
17:27:32  IMU시각ms:1526477
17:27:32  위험:0
17:27:32  GPS유효:1
17:27:32  위도:37.496628
17:27:32  경도:126.957878
17:27:32  속도:0.088
17:27:32  방향:188.0
17:27:32  GPS원시속도:0.123
17:27:32  GPS원시방향유효:1
17:27:32  GPS원시방향:187.0
17:27:32  가속도:4.080,-6.048,6.661
17:27:32  자이로:-1.954,-0.473,1.176
17:27:32  자력계:-14.700,15.150,1.200
17:27:32  송신:14901
17:27:32  GPS위성:7
17:27:32  GPS_HDOP:1.23
17:27:32  원시위도:37.496627
17:27:32  원시경도:126.957880
17:27:32  GPS채택:1964
17:27:32  GPS이상치거부:8
17:27:32  GPS품질거부:191
17:27:32  GPS재기준:1
17:27:32  RSSI원시:-78
17:27:32  RSSI평활:-80.1
17:27:32  RSSI샘플:28945
17:27:32  RSSI경과ms:14
17:27:32  차량수신:14413
17:27:32  시각ms:1526846
17:27:32  IMU시각ms:1526846
17:27:32  위험:0
17:27:32  GPS유효:1
17:27:32  위도:37.496628
17:27:32  경도:126.957878
17:27:32  속도:0.097
17:27:32  방향:188.0
17:27:32  GPS원시속도:0.103
17:27:32  GPS원시방향유효:1
17:27:32  GPS원시방향:187.0
17:27:32  가속도:4.080,-6.129,6.771
17:27:32  자이로:-0.992,0.344,1.168
17:27:32  자력계:-13.050,14.850,1.800
17:27:32  송신:14904
17:27:32  GPS위성:7
17:27:32  GPS_HDOP:1.23
17:27:32  원시위도:37.496626
17:27:32  원시경도:126.957879
17:27:32  GPS채택:1966
17:27:32  GPS이상치거부:8
17:27:32  GPS품질거부:191
17:27:32  GPS재기준:1
17:27:32  RSSI원시:-73
17:27:32  RSSI평활:-76.8
17:27:32  RSSI샘플:28950
17:27:32  RSSI경과ms:70
17:27:32  차량수신:14415
17:27:32  시각ms:1527103
17:27:32  IMU시각ms:1527103
17:27:32  위험:0
17:27:32  GPS유효:1
17:27:32  위도:37.496628
17:27:32  경도:126.957878
17:27:32  속도:0.097
17:27:32  방향:188.0
17:27:32  GPS원시속도:0.103
17:27:32  GPS원시방향유효:1
17:27:32  GPS원시방향:187.0
17:27:32  가속도:4.128,-5.938,6.728
17:27:32  자이로:-0.786,0.145,0.298
17:27:32  자력계:-13.800,13.350,1.050
17:27:32  송신:14907
17:27:32  GPS위성:7
17:27:32  GPS_HDOP:1.23
17:27:32  원시위도:37.496626
17:27:32  원시경도:126.957879
17:27:32  GPS채택:1966
17:27:32  GPS이상치거부:8
17:27:32  GPS품질거부:191
17:27:32  GPS재기준:1
17:27:32  RSSI원시:-74
17:27:32  RSSI평활:-74.5
17:27:32  RSSI샘플:28956
17:27:32  RSSI경과ms:17
17:27:32  차량수신:14418
17:27:32  시각ms:1527181
17:27:32  IMU시각ms:1527169
17:27:32  위험:0
17:27:32  GPS유효:1
17:27:32  위도:37.496628
17:27:32  경도:126.957878
17:27:32  속도:0.097
17:27:32  방향:188.0
17:27:32  GPS원시속도:0.103
17:27:32  GPS원시방향유효:1
17:27:32  GPS원시방향:187.0
17:27:32  가속도:4.046,-6.053,6.675
17:27:32  자이로:-1.084,0.840,-1.115
17:27:32  자력계:-14.550,13.050,-0.600
17:27:32  송신:14908
17:27:32  GPS위성:7
17:27:32  GPS_HDOP:1.23
17:27:32  원시위도:37.496626
17:27:32  원시경도:126.957879
17:27:32  GPS채택:1966
17:27:32  GPS이상치거부:8
17:27:32  GPS품질거부:191
17:27:32  GPS재기준:1
17:27:32  RSSI원시:-74
17:27:32  RSSI평활:-74.5
17:27:32  RSSI샘플:28956
17:27:32  RSSI경과ms:95
17:27:32  차량수신:14418
17:27:33  시각ms:1527418
17:27:33  IMU시각ms:1527418
17:27:33  위험:0
17:27:33  GPS유효:1
17:27:33  위도:37.496624
17:27:33  경도:126.957878
17:27:33  속도:0.097
17:27:33  방향:188.0
17:27:33  GPS원시속도:0.103
17:27:33  GPS원시방향유효:1
17:27:33  GPS원시방향:187.0
17:27:33  가속도:4.094,-6.053,6.637
17:27:33  자이로:-1.313,2.008,-2.275
17:27:33  자력계:-12.150,14.400,-0.450
17:27:33  송신:14910
17:27:33  GPS위성:7
17:27:33  GPS_HDOP:1.23
17:27:33  원시위도:37.496626
17:27:33  원시경도:126.957879
17:27:33  GPS채택:1966
17:27:33  GPS이상치거부:8
17:27:33  GPS품질거부:191
17:27:33  GPS재기준:1
17:27:33  RSSI원시:-79
17:27:33  RSSI평활:-75.1
17:27:33  RSSI샘플:28961
17:27:33  RSSI경과ms:19
17:27:33  차량수신:14420
17:27:33  시각ms:1527497
17:27:33  IMU시각ms:1527497
17:27:33  위험:0
17:27:33  GPS유효:1
17:27:33  위도:37.496624
17:27:33  경도:126.957878
17:27:33  속도:0.097
17:27:33  방향:188.0
17:27:33  GPS원시속도:0.103
17:27:33  GPS원시방향유효:1
17:27:33  GPS원시방향:187.0
17:27:33  가속도:4.310,-5.933,6.737
17:27:33  자이로:-0.206,-1.763,-0.809
17:27:33  자력계:-14.400,12.450,-0.900
17:27:33  송신:14911
17:27:33  GPS위성:7
17:27:33  GPS_HDOP:1.23
17:27:33  원시위도:37.496626
17:27:33  원시경도:126.957879
17:27:33  GPS채택:1966
17:27:33  GPS이상치거부:8
17:27:33  GPS품질거부:191
17:27:33  GPS재기준:1
17:27:33  RSSI원시:-82
17:27:33  RSSI평활:-76.5
17:27:33  RSSI샘플:28962
17:27:33  RSSI경과ms:8
17:27:33  차량수신:14420
17:27:33  시각ms:1527642
17:27:33  IMU시각ms:1527642
17:27:33  위험:0
17:27:33  GPS유효:1
17:27:33  위도:37.496624
17:27:33  경도:126.957878
17:27:33  속도:0.091
17:27:33  방향:188.0
17:27:33  GPS원시속도:0.087
17:27:33  GPS원시방향유효:1
17:27:33  GPS원시방향:187.0
17:27:33  가속도:4.032,-6.005,6.709
17:27:33  자이로:0.504,-2.107,0.885
17:27:33  자력계:-13.050,13.050,1.350
17:27:33  송신:14912
17:27:33  GPS위성:7
17:27:33  GPS_HDOP:1.23
17:27:33  원시위도:37.496623
17:27:33  원시경도:126.957879
17:27:33  GPS채택:1968
17:27:33  GPS이상치거부:8
17:27:33  GPS품질거부:191
17:27:33  GPS재기준:1
17:27:33  RSSI원시:-76
17:27:33  RSSI평활:-77.1
17:27:33  RSSI샘플:28965
17:27:33  RSSI경과ms:31
17:27:33  차량수신:14422
17:27:33  시각ms:1527721
17:27:33  IMU시각ms:1527721
17:27:33  위험:0
17:27:33  GPS유효:1
17:27:33  위도:37.496624
17:27:33  경도:126.957878
17:27:33  속도:0.091
17:27:33  방향:188.0
17:27:33  GPS원시속도:0.087
17:27:33  GPS원시방향유효:1
17:27:33  GPS원시방향:187.0
17:27:33  가속도:4.085,-5.947,6.776
17:27:33  자이로:-2.519,-1.969,1.389
17:27:33  자력계:-16.050,13.800,-0.300
17:27:33  송신:14913
17:27:33  GPS위성:7
17:27:33  GPS_HDOP:1.23
17:27:33  원시위도:37.496623
17:27:33  원시경도:126.957879
17:27:33  GPS채택:1968
17:27:33  GPS이상치거부:8
17:27:33  GPS품질거부:191
17:27:33  GPS재기준:1
17:27:33  RSSI원시:-76
17:27:33  RSSI평활:-76.8
17:27:33  RSSI샘플:28967
17:27:33  RSSI경과ms:6
17:27:33  차량수신:14423
17:27:33  시각ms:1527923
17:27:33  IMU시각ms:1527923
17:27:33  위험:0
17:27:33  GPS유효:1
17:27:33  위도:37.496624
17:27:33  경도:126.957878
17:27:33  속도:0.091
17:27:33  방향:188.0
17:27:33  GPS원시속도:0.087
17:27:33  GPS원시방향유효:1
17:27:33  GPS원시방향:187.0
17:27:33  가속도:4.075,-6.043,6.661
17:27:33  자이로:-0.305,-0.534,-1.237
17:27:33  자력계:-13.950,14.700,1.200
17:27:33  송신:14915
17:27:33  GPS위성:7
17:27:33  GPS_HDOP:1.23
17:27:33  원시위도:37.496623
17:27:33  원시경도:126.957879
17:27:33  GPS채택:1968
17:27:33  GPS이상치거부:8
17:27:33  GPS품질거부:191
17:27:33  GPS재기준:1
17:27:33  RSSI원시:-81
17:27:33  RSSI평활:-78.6
17:27:33  RSSI샘플:28971
17:27:33  RSSI경과ms:1
17:27:33  차량수신:14425
17:27:33  시각ms:1527967
17:27:33  IMU시각ms:1527967
17:27:33  위험:0
17:27:33  GPS유효:1
17:27:33  위도:37.496624
17:27:33  경도:126.957878
17:27:33  속도:0.091
17:27:33  방향:188.0
17:27:33  GPS원시속도:0.087
17:27:33  GPS원시방향유효:1
17:27:33  GPS원시방향:187.0
17:27:33  가속도:4.065,-6.009,6.776
17:27:33  자이로:-1.733,0.389,0.137
17:27:33  자력계:-14.700,14.400,0.150
17:27:33  송신:14915
17:27:33  GPS위성:7
17:27:33  GPS_HDOP:1.23
17:27:33  원시위도:37.496623
17:27:33  원시경도:126.957879
17:27:33  GPS채택:1968
17:27:33  GPS이상치거부:8
17:27:33  GPS품질거부:191
17:27:33  GPS재기준:1
17:27:33  RSSI원시:-81
17:27:33  RSSI평활:-78.6
17:27:33  RSSI샘플:28971
17:27:33  RSSI경과ms:45
17:27:33  차량수신:14425
17:27:33  시각ms:1528024
17:27:33  IMU시각ms:1528024
17:27:33  위험:0
17:27:33  GPS유효:1
17:27:33  위도:37.496624
17:27:33  경도:126.957878
17:27:33  속도:0.091
17:27:33  방향:188.0
17:27:33  GPS원시속도:0.087
17:27:33  GPS원시방향유효:1
17:27:33  GPS원시방향:187.0
17:27:33  가속도:4.008,-5.981,6.713
17:27:33  자이로:-0.122,-1.664,1.061
17:27:33  자력계:-13.950,14.700,-0.450
17:27:33  송신:14916
17:27:33  GPS위성:7
17:27:33  GPS_HDOP:1.23
17:27:33  원시위도:37.496623
17:27:33  원시경도:126.957879
17:27:33  GPS채택:1968
17:27:33  GPS이상치거부:8
17:27:33  GPS품질거부:191
17:27:33  GPS재기준:1
17:27:33  RSSI원시:-82
17:27:33  RSSI평활:-79.3
17:27:33  RSSI샘플:28972
17:27:33  RSSI경과ms:28
17:27:33  차량수신:14425
17:27:34  시각ms:1528561
17:27:34  IMU시각ms:1528561
17:27:34  위험:0
17:27:34  GPS유효:1
17:27:34  위도:37.496624
17:27:34  경도:126.957878
17:27:34  속도:0.068
17:27:34  방향:188.0
17:27:34  GPS원시속도:0.026
17:27:34  GPS원시방향유효:1
17:27:34  GPS원시방향:187.0
17:27:34  가속도:4.056,-5.942,6.723
17:27:34  자이로:-0.382,-1.069,-0.153
17:27:34  자력계:-13.800,12.300,-1.050
17:27:34  송신:14921
17:27:34  GPS위성:7
17:27:34  GPS_HDOP:1.23
17:27:34  원시위도:37.496623
17:27:34  원시경도:126.957878
17:27:34  GPS채택:1969
17:27:34  GPS이상치거부:8
17:27:34  GPS품질거부:191
17:27:34  GPS재기준:1
17:27:34  RSSI원시:-81
17:27:34  RSSI평활:-81.3
17:27:34  RSSI샘플:28981
17:27:34  RSSI경과ms:57
17:27:34  차량수신:14430
17:27:34  시각ms:1528640
17:27:34  IMU시각ms:1528640
17:27:34  위험:0
17:27:34  GPS유효:1
17:27:34  위도:37.496624
17:27:34  경도:126.957878
17:27:34  속도:0.053
17:27:34  방향:188.0
17:27:34  GPS원시속도:0.026
17:27:34  GPS원시방향유효:1
17:27:34  GPS원시방향:187.0
17:27:34  가속도:4.032,-6.043,6.737
17:27:34  자이로:-0.534,0.702,0.985
17:27:34  자력계:-13.800,13.350,0.300
17:27:34  송신:14922
17:27:34  GPS위성:7
17:27:34  GPS_HDOP:1.23
17:27:34  원시위도:37.496623
17:27:34  원시경도:126.957878
17:27:34  GPS채택:1970
17:27:34  GPS이상치거부:8
17:27:34  GPS품질거부:191
17:27:34  GPS재기준:1
17:27:34  RSSI원시:-83
17:27:34  RSSI평활:-81.6
17:27:34  RSSI샘플:28982
17:27:34  RSSI경과ms:38
17:27:34  차량수신:14430
17:27:34  시각ms:1528864
17:27:34  IMU시각ms:1528864
17:27:34  위험:0
17:27:34  GPS유효:1
17:27:34  위도:37.496624
17:27:34  경도:126.957878
17:27:34  속도:0.053
17:27:34  방향:188.0
17:27:34  GPS원시속도:0.026
17:27:34  GPS원시방향유효:1
17:27:34  GPS원시방향:187.0
17:27:34  가속도:4.132,-5.933,6.723
17:27:34  자이로:-0.947,0.557,-0.466
17:27:34  자력계:-13.650,13.200,0.900
17:27:34  송신:14924
17:27:34  GPS위성:7
17:27:34  GPS_HDOP:1.23
17:27:34  원시위도:37.496623
17:27:34  원시경도:126.957878
17:27:34  GPS채택:1970
17:27:34  GPS이상치거부:8
17:27:34  GPS품질거부:191
17:27:34  GPS재기준:1
17:27:34  RSSI원시:-83
17:27:34  RSSI평활:-82.6
17:27:34  RSSI샘플:28985
17:27:34  RSSI경과ms:0
17:27:34  차량수신:14433
17:27:34  시각ms:1529143
17:27:34  IMU시각ms:1529143
17:27:34  위험:0
17:27:34  GPS유효:1
17:27:34  위도:37.496624
17:27:34  경도:126.957878
17:27:34  속도:0.053
17:27:34  방향:188.0
17:27:34  GPS원시속도:0.026
17:27:34  GPS원시방향유효:1
17:27:34  GPS원시방향:187.0
17:27:34  가속도:4.190,-5.962,6.766
17:27:34  자이로:0.061,-2.588,1.412
17:27:34  자력계:-14.250,13.050,-0.300
17:27:34  송신:14927
17:27:34  GPS위성:7
17:27:34  GPS_HDOP:1.23
17:27:34  원시위도:37.496623
17:27:34  원시경도:126.957878
17:27:34  GPS채택:1970
17:27:34  GPS이상치거부:8
17:27:34  GPS품질거부:191
17:27:34  GPS재기준:1
17:27:34  RSSI원시:-84
17:27:34  RSSI평활:-83.3
17:27:34  RSSI샘플:28988
17:27:34  RSSI경과ms:32
17:27:34  차량수신:14434
17:27:35  시각ms:1529839
17:27:35  IMU시각ms:1529839
17:27:35  위험:0
17:27:35  GPS유효:1
17:27:35  위도:37.496620
17:27:35  경도:126.957878
17:27:35  속도:0.037
17:27:35  방향:188.0
17:27:35  GPS원시속도:0.026
17:27:35  GPS원시방향유효:1
17:27:35  GPS원시방향:187.0
17:27:35  가속도:4.228,-6.000,6.804
17:27:35  자이로:-2.489,2.511,-1.695
17:27:35  자력계:-13.500,13.050,-0.300
17:27:35  송신:14934
17:27:35  GPS위성:7
17:27:35  GPS_HDOP:1.23
17:27:35  원시위도:37.496621
17:27:35  원시경도:126.957878
17:27:35  GPS채택:1972
17:27:35  GPS이상치거부:8
17:27:35  GPS품질거부:191
17:27:35  GPS재기준:1
17:27:35  RSSI원시:-82
17:27:35  RSSI평활:-83.6
17:27:35  RSSI샘플:29000
17:27:35  RSSI경과ms:6
17:27:35  차량수신:14439
17:27:35  시각ms:1530082
17:27:35  IMU시각ms:1530082
17:27:35  위험:0
17:27:35  GPS유효:1
17:27:35  위도:37.496620
17:27:35  경도:126.957878
17:27:35  속도:0.037
17:27:35  방향:188.0
17:27:35  GPS원시속도:0.026
17:27:35  GPS원시방향유효:1
17:27:35  GPS원시방향:187.0
17:27:35  가속도:4.080,-6.014,6.780
17:27:35  자이로:-0.985,-1.634,0.366
17:27:35  자력계:-14.700,13.200,0.450
17:27:35  송신:14936
17:27:35  GPS위성:7
17:27:35  GPS_HDOP:1.23
17:27:35  원시위도:37.496621
17:27:35  원시경도:126.957878
17:27:35  GPS채택:1972
17:27:35  GPS이상치거부:8
17:27:35  GPS품질거부:191
17:27:35  GPS재기준:1
17:27:35  RSSI원시:-85
17:27:35  RSSI평활:-84.0
17:27:35  RSSI샘플:29003
17:27:35  RSSI경과ms:74
17:27:35  차량수신:14441
17:27:35  시각ms:1530366
17:27:35  IMU시각ms:1530366
17:27:35  위험:0
17:27:35  GPS유효:1
17:27:35  위도:37.496620
17:27:35  경도:126.957878
17:27:35  속도:0.037
17:27:35  방향:188.0
17:27:35  GPS원시속도:0.026
17:27:35  GPS원시방향유효:1
17:27:35  GPS원시방향:187.0
17:27:35  가속도:3.970,-5.880,6.613
17:27:35  자이로:-0.053,-4.076,0.756
17:27:35  자력계:-13.650,13.500,-0.450
17:27:35  송신:14939
17:27:35  GPS위성:7
17:27:35  GPS_HDOP:1.23
17:27:35  원시위도:37.496621
17:27:35  원시경도:126.957878
17:27:35  GPS채택:1972
17:27:35  GPS이상치거부:8
17:27:35  GPS품질거부:191
17:27:35  GPS재기준:1
17:27:35  RSSI원시:-84
17:27:35  RSSI평활:-84.2
17:27:35  RSSI샘플:29008
17:27:35  RSSI경과ms:33
17:27:35  차량수신:14443
17:27:35  시각ms:1530410
17:27:35  IMU시각ms:1530410
17:27:35  위험:0
17:27:35  GPS유효:1
17:27:35  위도:37.496620
17:27:35  경도:126.957878
17:27:35  속도:0.037
17:27:35  방향:188.0
17:27:35  GPS원시속도:0.026
17:27:35  GPS원시방향유효:1
17:27:35  GPS원시방향:187.0
17:27:35  가속도:4.041,-6.067,6.828
17:27:35  자이로:-1.191,-0.168,-0.420
17:27:35  자력계:-13.650,14.400,0.450
17:27:35  송신:14939
17:27:35  GPS위성:7
17:27:35  GPS_HDOP:1.23
17:27:35  원시위도:37.496621
17:27:35  원시경도:126.957878
17:27:35  GPS채택:1972
17:27:35  GPS이상치거부:8
17:27:35  GPS품질거부:191
17:27:35  GPS재기준:1
17:27:35  RSSI원시:-84
17:27:35  RSSI평활:-84.2
17:27:35  RSSI샘플:29008
17:27:35  RSSI경과ms:77
17:27:35  차량수신:14443
17:27:36  시각ms:1530444
17:27:36  IMU시각ms:1530432
17:27:36  위험:0
17:27:36  GPS유효:1
17:27:36  위도:37.496620
17:27:36  경도:126.957878
17:27:36  속도:0.037
17:27:36  방향:188.0
17:27:36  GPS원시속도:0.026
17:27:36  GPS원시방향유효:1
17:27:36  GPS원시방향:187.0
17:27:36  가속도:4.085,-5.981,6.852
17:27:36  자이로:-0.481,1.160,0.710
17:27:36  자력계:-14.400,13.950,-1.950
17:27:36  송신:14940
17:27:36  GPS위성:7
17:27:36  GPS_HDOP:1.23
17:27:36  원시위도:37.496621
17:27:36  원시경도:126.957878
17:27:36  GPS채택:1972
17:27:36  GPS이상치거부:8
17:27:36  GPS품질거부:191
17:27:36  GPS재기준:1
17:27:36  RSSI원시:-87
17:27:36  RSSI평활:-85.0
17:27:36  RSSI샘플:29010
17:27:36  RSSI경과ms:1
17:27:36  차량수신:14444
17:27:36  시각ms:1530553
17:27:36  IMU시각ms:1530553
17:27:36  위험:0
17:27:36  GPS유효:1
17:27:36  위도:37.496620
17:27:36  경도:126.957878
17:27:36  속도:0.037
17:27:36  방향:188.0
17:27:36  GPS원시속도:0.036
17:27:36  GPS원시방향유효:1
17:27:36  GPS원시방향:187.0
17:27:36  가속도:4.075,-6.167,6.828
17:27:36  자이로:-0.588,-0.580,-0.443
17:27:36  자력계:-14.550,11.850,0.000
17:27:36  송신:14941
17:27:36  GPS위성:7
17:27:36  GPS_HDOP:1.23
17:27:36  원시위도:37.496621
17:27:36  원시경도:126.957878
17:27:36  GPS채택:1973
17:27:36  GPS이상치거부:8
17:27:36  GPS품질거부:191
17:27:36  GPS재기준:1
17:27:36  RSSI원시:-85
17:27:36  RSSI평활:-85.0
17:27:36  RSSI샘플:29011
17:27:36  RSSI경과ms:21
17:27:36  차량수신:14445
17:27:36  시각ms:1530697
17:27:36  IMU시각ms:1530697
17:27:36  위험:0
17:27:36  GPS유효:1
17:27:36  위도:37.496620
17:27:36  경도:126.957878
17:27:36  속도:0.037
17:27:36  방향:188.0
17:27:36  GPS원시속도:0.036
17:27:36  GPS원시방향유효:1
17:27:36  GPS원시방향:187.0
17:27:36  가속도:4.228,-6.096,6.694
17:27:36  자이로:-1.824,-0.145,-0.511
17:27:36  자력계:-12.300,14.850,-0.300
17:27:36  송신:14942
17:27:36  GPS위성:7
17:27:36  GPS_HDOP:1.23
17:27:36  원시위도:37.496621
17:27:36  원시경도:126.957878
17:27:36  GPS채택:1974
17:27:36  GPS이상치거부:8
17:27:36  GPS품질거부:191
17:27:36  GPS재기준:1
17:27:36  RSSI원시:-86
17:27:36  RSSI평활:-85.0
17:27:36  RSSI샘플:29014
17:27:36  RSSI경과ms:28
17:27:36  차량수신:14446
17:27:36  시각ms:1530877
17:27:36  IMU시각ms:1530877
17:27:36  위험:0
17:27:36  GPS유효:1
17:27:36  위도:37.496620
17:27:36  경도:126.957878
17:27:36  속도:0.037
17:27:36  방향:188.0
17:27:36  GPS원시속도:0.036
17:27:36  GPS원시방향유효:1
17:27:36  GPS원시방향:187.0
17:27:36  가속도:4.037,-6.000,6.646
17:27:36  자이로:-1.679,-0.298,-1.611
17:27:36  자력계:-12.900,12.450,-0.900
17:27:36  송신:14944
17:27:36  GPS위성:7
17:27:36  GPS_HDOP:1.23
17:27:36  원시위도:37.496621
17:27:36  원시경도:126.957878
17:27:36  GPS채택:1974
17:27:36  GPS이상치거부:8
17:27:36  GPS품질거부:191
17:27:36  GPS재기준:1
17:27:36  RSSI원시:-87
17:27:36  RSSI평활:-86.3
17:27:36  RSSI샘플:29018
17:27:36  RSSI경과ms:22
17:27:36  차량수신:14448
17:27:36  시각ms:1530956
17:27:36  IMU시각ms:1530956
17:27:36  위험:0
17:27:36  GPS유효:1
17:27:36  위도:37.496620
17:27:36  경도:126.957878
17:27:36  속도:0.037
17:27:36  방향:188.0
17:27:36  GPS원시속도:0.036
17:27:36  GPS원시방향유효:1
17:27:36  GPS원시방향:187.0
17:27:36  가속도:4.108,-5.856,6.665
17:27:36  자이로:0.908,-1.763,1.099
17:27:36  자력계:-13.050,12.600,0.000
17:27:36  송신:14945
17:27:36  GPS위성:7
17:27:36  GPS_HDOP:1.23
17:27:36  원시위도:37.496621
17:27:36  원시경도:126.957878
17:27:36  GPS채택:1974
17:27:36  GPS이상치거부:8
17:27:36  GPS품질거부:191
17:27:36  GPS재기준:1
17:27:36  RSSI원시:-87
17:27:36  RSSI평활:-86.3
17:27:36  RSSI샘플:29018
17:27:36  RSSI경과ms:101
17:27:36  차량수신:14448
17:27:36  시각ms:1531213
17:27:36  IMU시각ms:1531213
17:27:36  위험:0
17:27:36  GPS유효:1
17:27:36  위도:37.496620
17:27:36  경도:126.957878
17:27:36  속도:0.037
17:27:36  방향:188.0
17:27:36  GPS원시속도:0.036
17:27:36  GPS원시방향유효:1
17:27:36  GPS원시방향:187.0
17:27:36  가속도:4.051,-6.033,6.723
17:27:36  자이로:-1.794,0.710,2.252
17:27:36  자력계:-12.900,13.500,0.450
17:27:36  송신:14947
17:27:36  GPS위성:7
17:27:36  GPS_HDOP:1.23
17:27:36  원시위도:37.496621
17:27:36  원시경도:126.957878
17:27:36  GPS채택:1974
17:27:36  GPS이상치거부:8
17:27:36  GPS품질거부:191
17:27:36  GPS재기준:1
17:27:36  RSSI원시:-86
17:27:36  RSSI평활:-86.1
17:27:36  RSSI샘플:29021
17:27:36  RSSI경과ms:43
17:27:36  차량수신:14449
17:27:36  시각ms:1531306
17:27:36  IMU시각ms:1531306
17:27:36  위험:0
17:27:36  GPS유효:1
17:27:36  위도:37.496620
17:27:36  경도:126.957878
17:27:36  속도:0.037
17:27:36  방향:188.0
17:27:36  GPS원시속도:0.036
17:27:36  GPS원시방향유효:1
17:27:36  GPS원시방향:187.0
17:27:36  가속도:4.152,-6.029,6.656
17:27:36  자이로:-0.107,-2.069,0.687
17:27:36  자력계:-13.950,13.200,1.200
17:27:36  송신:14948
17:27:36  GPS위성:7
17:27:36  GPS_HDOP:1.23
17:27:36  원시위도:37.496621
17:27:36  원시경도:126.957878
17:27:36  GPS채택:1974
17:27:36  GPS이상치거부:8
17:27:36  GPS품질거부:191
17:27:36  GPS재기준:1
17:27:36  RSSI원시:-88
17:27:36  RSSI평활:-86.2
17:27:36  RSSI샘플:29023
17:27:36  RSSI경과ms:32
17:27:36  차량수신:14450
17:27:37  시각ms:1531361
17:27:37  IMU시각ms:1531361
17:27:37  위험:0
17:27:37  GPS유효:1
17:27:37  위도:37.496620
17:27:37  경도:126.957878
17:27:37  속도:0.037
17:27:37  방향:188.0
17:27:37  GPS원시속도:0.036
17:27:37  GPS원시방향유효:1
17:27:37  GPS원시방향:187.0
17:27:37  가속도:4.085,-6.081,6.780
17:27:37  자이로:-1.061,0.863,1.122
17:27:37  자력계:-13.200,12.450,0.150
17:27:37  송신:14949
17:27:37  GPS위성:7
17:27:37  GPS_HDOP:1.23
17:27:37  원시위도:37.496621
17:27:37  원시경도:126.957878
17:27:37  GPS채택:1974
17:27:37  GPS이상치거부:8
17:27:37  GPS품질거부:191
17:27:37  GPS재기준:1
17:27:37  RSSI원시:-88
17:27:37  RSSI평활:-86.2
17:27:37  RSSI샘플:29023
17:27:37  RSSI경과ms:87
17:27:37  차량수신:14450
17:27:37  시각ms:1531383
17:27:37  IMU시각ms:1531383
17:27:37  위험:0
17:27:37  GPS유효:1
17:27:37  위도:37.496620
17:27:37  경도:126.957878
17:27:37  속도:0.037
17:27:37  방향:188.0
17:27:37  GPS원시속도:0.036
17:27:37  GPS원시방향유효:1
17:27:37  GPS원시방향:187.0
17:27:37  가속도:4.041,-6.024,6.785
17:27:37  자이로:0.878,0.992,-0.580
17:27:37  자력계:-14.400,13.950,-0.150
17:27:37  송신:14949
17:27:37  GPS위성:7
17:27:37  GPS_HDOP:1.23
17:27:37  원시위도:37.496621
17:27:37  원시경도:126.957878
17:27:37  GPS채택:1974
17:27:37  GPS이상치거부:8
17:27:37  GPS품질거부:191
17:27:37  GPS재기준:1
17:27:37  RSSI원시:-88
17:27:37  RSSI평활:-86.8
17:27:37  RSSI샘플:29025
17:27:37  RSSI경과ms:4
17:27:37  차량수신:14451
17:27:37  시각ms:1531514
17:27:37  IMU시각ms:1531514
17:27:37  위험:0
17:27:37  GPS유효:1
17:27:37  위도:37.496620
17:27:37  경도:126.957878
17:27:37  속도:0.037
17:27:37  방향:188.0
17:27:37  GPS원시속도:0.036
17:27:37  GPS원시방향유효:1
17:27:37  GPS원시방향:187.0
17:27:37  가속도:4.080,-6.029,6.732
17:27:37  자이로:-1.321,-2.336,1.160
17:27:37  자력계:-12.900,13.500,0.450
17:27:37  송신:14950
17:27:37  GPS위성:7
17:27:37  GPS_HDOP:1.23
17:27:37  원시위도:37.496621
17:27:37  원시경도:126.957878
17:27:37  GPS채택:1974
17:27:37  GPS이상치거부:8
17:27:37  GPS품질거부:191
17:27:37  GPS재기준:1
17:27:37  RSSI원시:-85
17:27:37  RSSI평활:-86.5
17:27:37  RSSI샘플:29026
17:27:37  RSSI경과ms:30
17:27:37  차량수신:14452
17:27:37  시각ms:1531593
17:27:37  IMU시각ms:1531593
17:27:37  위험:0
17:27:37  GPS유효:1
17:27:37  위도:37.496620
17:27:37  경도:126.957878
17:27:37  속도:0.033
17:27:37  방향:188.0
17:27:37  GPS원시속도:0.026
17:27:37  GPS원시방향유효:1
17:27:37  GPS원시방향:187.0
17:27:37  가속도:3.883,-6.081,6.680
17:27:37  자이로:-3.702,0.092,0.847
17:27:37  자력계:-13.200,12.000,0.900
17:27:37  송신:14951
17:27:37  GPS위성:7
17:27:37  GPS_HDOP:1.23
17:27:37  원시위도:37.496620
17:27:37  원시경도:126.957877
17:27:37  GPS채택:1975
17:27:37  GPS이상치거부:8
17:27:37  GPS품질거부:191
17:27:37  GPS재기준:1
17:27:37  RSSI원시:-86
17:27:37  RSSI평활:-86.4
17:27:37  RSSI샘플:29027
17:27:37  RSSI경과ms:3
17:27:37  차량수신:14453
17:27:37  시각ms:1531672
17:27:37  IMU시각ms:1531672
17:27:37  위험:0
17:27:37  GPS유효:1
17:27:37  위도:37.496620
17:27:37  경도:126.957878
17:27:37  속도:0.030
17:27:37  방향:188.0
17:27:37  GPS원시속도:0.026
17:27:37  GPS원시방향유효:1
17:27:37  GPS원시방향:187.0
17:27:37  가속도:4.085,-6.053,6.814
17:27:37  자이로:-0.603,-0.626,-1.267
17:27:37  자력계:-13.500,13.800,-1.050
17:27:37  송신:14952
17:27:37  GPS위성:7
17:27:37  GPS_HDOP:1.23
17:27:37  원시위도:37.496620
17:27:37  원시경도:126.957877
17:27:37  GPS채택:1976
17:27:37  GPS이상치거부:8
17:27:37  GPS품질거부:191
17:27:37  GPS재기준:1
17:27:37  RSSI원시:-86
17:27:37  RSSI평활:-86.4
17:27:37  RSSI샘플:29027
17:27:37  RSSI경과ms:82
17:27:37  차량수신:14453
17:27:37  시각ms:1531839
17:27:37  IMU시각ms:1531839
17:27:37  위험:0
17:27:37  GPS유효:1
17:27:37  위도:37.496620
17:27:37  경도:126.957878
17:27:37  속도:0.030
17:27:37  방향:188.0
17:27:37  GPS원시속도:0.026
17:27:37  GPS원시방향유효:1
17:27:37  GPS원시방향:187.0
17:27:37  가속도:4.156,-6.029,6.828
17:27:37  자이로:-0.076,-0.229,-1.496
17:27:37  자력계:-13.050,12.600,-0.300
17:27:37  송신:14953
17:27:37  GPS위성:7
17:27:37  GPS_HDOP:1.23
17:27:37  원시위도:37.496620
17:27:37  원시경도:126.957877
17:27:37  GPS채택:1976
17:27:37  GPS이상치거부:8
17:27:37  GPS품질거부:191
17:27:37  GPS재기준:1
17:27:37  RSSI원시:-90
17:27:37  RSSI평활:-87.2
17:27:37  RSSI샘플:29029
17:27:37  RSSI경과ms:37
17:27:37  차량수신:14454
17:27:37  시각ms:1532281
17:27:37  IMU시각ms:1532281
17:27:37  위험:0
17:27:37  GPS유효:1
17:27:37  위도:37.496620
17:27:37  경도:126.957878
17:27:37  속도:0.030
17:27:37  방향:188.0
17:27:37  GPS원시속도:0.026
17:27:37  GPS원시방향유효:1
17:27:37  GPS원시방향:187.0
17:27:38  가속도:3.965,-6.033,6.776
17:27:38  자이로:-1.290,1.710,2.389
17:27:38  자력계:-12.150,12.750,-0.900
17:27:38  송신:14958
17:27:38  GPS위성:7
17:27:38  GPS_HDOP:1.23
17:27:38  원시위도:37.496620
17:27:38  원시경도:126.957877
17:27:38  GPS채택:1976
17:27:38  GPS이상치거부:8
17:27:38  GPS품질거부:191
17:27:38  GPS재기준:1
17:27:38  RSSI원시:-88
17:27:38  RSSI평활:-87.2
17:27:38  RSSI샘플:29033
17:27:38  RSSI경과ms:89
17:27:38  차량수신:14455
17:27:38  시각ms:1532433
17:27:38  IMU시각ms:1532433
17:27:38  위험:0
17:27:38  GPS유효:1
17:27:38  위도:37.496620
17:27:38  경도:126.957878
17:27:38  속도:0.030
17:27:38  방향:188.0
17:27:38  GPS원시속도:0.026
17:27:38  GPS원시방향유효:1
17:27:38  GPS원시방향:187.0
17:27:38  가속도:4.104,-6.091,6.618
17:27:38  자이로:-0.115,0.458,0.153
17:27:38  자력계:-13.500,14.100,-0.300
17:27:38  송신:14959
17:27:38  GPS위성:7
17:27:38  GPS_HDOP:1.23
17:27:38  원시위도:37.496620
17:27:38  원시경도:126.957877
17:27:38  GPS채택:1976
17:27:38  GPS이상치거부:8
17:27:38  GPS품질거부:191
17:27:38  GPS재기준:1
17:27:38  RSSI원시:-87
17:27:38  RSSI평활:-87.0
17:27:38  RSSI샘플:29035
17:27:38  RSSI경과ms:37
17:27:38  차량수신:14455
17:27:38  시각ms:1532455
17:27:38  IMU시각ms:1532455
17:27:38  위험:0
17:27:38  GPS유효:1
17:27:38  위도:37.496620
17:27:38  경도:126.957878
17:27:38  속도:0.030
17:27:38  방향:188.0
17:27:38  GPS원시속도:0.026
17:27:38  GPS원시방향유효:1
17:27:38  GPS원시방향:187.0
17:27:38  가속도:4.032,-6.220,6.723
17:27:38  자이로:-0.595,-1.519,-1.282
17:27:38  자력계:-13.950,13.200,0.900
17:27:38  송신:14959
17:27:38  GPS위성:7
17:27:38  GPS_HDOP:1.23
17:27:38  원시위도:37.496620
17:27:38  원시경도:126.957877
17:27:38  GPS채택:1976
17:27:38  GPS이상치거부:8
17:27:38  GPS품질거부:191
17:27:38  GPS재기준:1
17:27:38  RSSI원시:-87
17:27:38  RSSI평활:-87.0
17:27:38  RSSI샘플:29036
17:27:38  RSSI경과ms:22
17:27:38  차량수신:14456
17:27:38  시각ms:1532556
17:27:38  IMU시각ms:1532556
17:27:38  위험:0
17:27:38  GPS유효:1
17:27:38  위도:37.496620
17:27:38  경도:126.957878
17:27:38  속도:0.027
17:27:38  방향:188.0
17:27:38  GPS원시속도:0.021
17:27:38  GPS원시방향유효:1
17:27:38  GPS원시방향:187.0
17:27:38  가속도:3.984,-5.957,6.728
17:27:38  자이로:1.099,-1.053,-0.031
17:27:38  자력계:-13.800,12.600,0.300
17:27:38  송신:14960
17:27:38  GPS위성:7
17:27:38  GPS_HDOP:1.23
17:27:38  원시위도:37.496620
17:27:38  원시경도:126.957877
17:27:38  GPS채택:1977
17:27:38  GPS이상치거부:8
17:27:38  GPS품질거부:191
17:27:38  GPS재기준:1
17:27:38  RSSI원시:-86
17:27:38  RSSI평활:-87.0
17:27:38  RSSI샘플:29038
17:27:38  RSSI경과ms:18
17:27:38  차량수신:14457
17:27:38  시각ms:1532591
17:27:38  IMU시각ms:1532591
17:27:38  위험:0
17:27:38  GPS유효:1
17:27:38  위도:37.496620
17:27:38  경도:126.957878
17:27:38  속도:0.027
17:27:38  방향:188.0
17:27:38  GPS원시속도:0.021
17:27:38  GPS원시방향유효:1
17:27:38  GPS원시방향:187.0
17:27:38  가속도:4.080,-6.029,6.924
17:27:38  자이로:-1.489,-1.847,0.840
17:27:38  자력계:-13.500,13.350,0.600
17:27:38  송신:14961
17:27:38  GPS위성:7
17:27:38  GPS_HDOP:1.23
17:27:38  원시위도:37.496620
17:27:38  원시경도:126.957877
17:27:38  GPS채택:1977
17:27:38  GPS이상치거부:8
17:27:38  GPS품질거부:191
17:27:38  GPS재기준:1
17:27:38  RSSI원시:-86
17:27:38  RSSI평활:-87.0
17:27:38  RSSI샘플:29038
17:27:38  RSSI경과ms:53
17:27:38  차량수신:14457
17:27:38  시각ms:1532635
17:27:38  IMU시각ms:1532635
17:27:38  위험:0
17:27:38  GPS유효:1
17:27:38  위도:37.496620
17:27:38  경도:126.957878
17:27:38  속도:0.027
17:27:38  방향:188.0
17:27:38  GPS원시속도:0.021
17:27:38  GPS원시방향유효:1
17:27:38  GPS원시방향:187.0
17:27:38  가속도:4.041,-5.880,6.747
17:27:38  자이로:-2.260,-0.176,-1.244
17:27:38  자력계:-15.750,12.600,0.000
17:27:38  송신:14961
17:27:38  GPS위성:7
17:27:38  GPS_HDOP:1.23
17:27:38  원시위도:37.496620
17:27:38  원시경도:126.957877
17:27:38  GPS채택:1977
17:27:38  GPS이상치거부:8
17:27:38  GPS품질거부:191
17:27:38  GPS재기준:1
17:27:38  RSSI원시:-86
17:27:38  RSSI평활:-87.0
17:27:38  RSSI샘플:29038
17:27:38  RSSI경과ms:97
17:27:38  차량수신:14457
17:27:38  시각ms:1532793
17:27:38  IMU시각ms:1532793
17:27:38  위험:0
17:27:38  GPS유효:1
17:27:38  위도:37.496620
17:27:38  경도:126.957878
17:27:38  속도:0.025
17:27:38  방향:188.0
17:27:38  GPS원시속도:0.021
17:27:38  GPS원시방향유효:1
17:27:38  GPS원시방향:187.0
17:27:38  가속도:4.085,-5.986,6.685
17:27:38  자이로:1.031,0.878,-0.763
17:27:38  자력계:-13.650,14.400,0.150
17:27:38  송신:14963
17:27:38  GPS위성:7
17:27:38  GPS_HDOP:1.23
17:27:38  원시위도:37.496620
17:27:38  원시경도:126.957877
17:27:38  GPS채택:1978
17:27:38  GPS이상치거부:8
17:27:38  GPS품질거부:191
17:27:38  GPS재기준:1
17:27:38  RSSI원시:-86
17:27:38  RSSI평활:-86.8
17:27:38  RSSI샘플:29040
17:27:38  RSSI경과ms:52
17:27:38  차량수신:14458
17:27:38  시각ms:1532815
17:27:38  IMU시각ms:1532815
17:27:38  위험:0
17:27:38  GPS유효:1
17:27:38  위도:37.496620
17:27:38  경도:126.957878
17:27:38  속도:0.025
17:27:38  방향:188.0
17:27:38  GPS원시속도:0.021
17:27:38  GPS원시방향유효:1
17:27:38  GPS원시방향:187.0
17:27:38  가속도:4.094,-6.033,6.790
17:27:38  자이로:-0.473,-0.053,-0.366
17:27:38  자력계:-13.950,13.200,-1.200
17:27:38  송신:14963
17:27:38  GPS위성:7
17:27:38  GPS_HDOP:1.23
17:27:38  원시위도:37.496620
17:27:38  원시경도:126.957877
17:27:38  GPS채택:1978
17:27:38  GPS이상치거부:8
17:27:38  GPS품질거부:191
17:27:38  GPS재기준:1
17:27:38  RSSI원시:-86
17:27:38  RSSI평활:-86.8
17:27:38  RSSI샘플:29040
17:27:38  RSSI경과ms:74
17:27:38  차량수신:14458
17:27:38  시각ms:1533039
17:27:38  IMU시각ms:1533039
17:27:38  위험:0
17:27:38  GPS유효:1
17:27:38  위도:37.496620
17:27:38  경도:126.957878
17:27:38  속도:0.025
17:27:38  방향:188.0
17:27:38  GPS원시속도:0.021
17:27:38  GPS원시방향유효:1
17:27:38  GPS원시방향:187.0
17:27:38  가속도:4.070,-5.957,6.704
17:27:38  자이로:-0.351,0.939,0.443
17:27:38  자력계:-12.450,13.500,-0.900
17:27:38  송신:14965
17:27:38  GPS위성:7
17:27:38  GPS_HDOP:1.23
17:27:38  원시위도:37.496620
17:27:38  원시경도:126.957877
17:27:38  GPS채택:1978
17:27:38  GPS이상치거부:8
17:27:38  GPS품질거부:191
17:27:38  GPS재기준:1
17:27:38  RSSI원시:-92
17:27:38  RSSI평활:-87.1
17:27:38  RSSI샘플:29043
17:27:38  RSSI경과ms:31
17:27:38  차량수신:14460
17:27:38  시각ms:1533194
17:27:38  IMU시각ms:1533182
17:27:38  위험:0
17:27:38  GPS유효:1
17:27:38  위도:37.496620
17:27:38  경도:126.957878
17:27:38  속도:0.025
17:27:38  방향:188.0
17:27:38  GPS원시속도:0.021
17:27:38  GPS원시방향유효:1
17:27:38  GPS원시방향:187.0
17:27:38  가속도:4.228,-6.076,6.790
17:27:38  자이로:-0.053,-3.382,0.580
17:27:38  자력계:-13.200,12.750,1.200
17:27:38  송신:14967
17:27:38  GPS위성:7
17:27:38  GPS_HDOP:1.23
17:27:38  원시위도:37.496620
17:27:38  원시경도:126.957877
17:27:38  GPS채택:1978
17:27:38  GPS이상치거부:8
17:27:38  GPS품질거부:191
17:27:38  GPS재기준:1
17:27:38  RSSI원시:-84
17:27:38  RSSI평활:-85.7
17:27:38  RSSI샘플:29047
17:27:38  RSSI경과ms:0
17:27:38  차량수신:14462
17:27:39  시각ms:1533475
17:27:39  IMU시각ms:1533475
17:27:39  위험:0
17:27:39  GPS유효:1
17:27:39  위도:37.496620
17:27:39  경도:126.957878
17:27:39  속도:0.025
17:27:39  방향:188.0
17:27:39  GPS원시속도:0.021
17:27:39  GPS원시방향유효:1
17:27:39  GPS원시방향:187.0
17:27:39  가속도:4.156,-6.124,6.737
17:27:39  자이로:-2.160,0.107,1.221
17:27:39  자력계:-13.500,12.600,1.050
17:27:39  송신:14969
17:27:39  GPS위성:7
17:27:39  GPS_HDOP:1.23
17:27:39  원시위도:37.496620
17:27:39  원시경도:126.957877
17:27:39  GPS채택:1978
17:27:39  GPS이상치거부:8
17:27:39  GPS품질거부:191
17:27:39  GPS재기준:1
17:27:39  RSSI원시:-86
17:27:39  RSSI평활:-85.1
17:27:39  RSSI샘플:29050
17:27:39  RSSI경과ms:74
17:27:39  차량수신:14463
17:27:39  시각ms:1533655
17:27:39  IMU시각ms:1533655
17:27:39  위험:0
17:27:39  GPS유효:1
17:27:39  위도:37.496620
17:27:39  경도:126.957878
17:27:39  속도:0.022
17:27:39  방향:188.0
17:27:39  GPS원시속도:0.021
17:27:39  GPS원시방향유효:1
17:27:39  GPS원시방향:187.0
17:27:39  가속도:4.185,-6.053,6.704
17:27:39  자이로:-0.611,-0.092,0.015
17:27:39  자력계:-13.050,14.550,0.600
17:27:39  송신:14971
17:27:39  GPS위성:7
17:27:39  GPS_HDOP:1.23
17:27:39  원시위도:37.496618
17:27:39  원시경도:126.957877
17:27:39  GPS채택:1980
17:27:39  GPS이상치거부:8
17:27:39  GPS품질거부:191
17:27:39  GPS재기준:1
17:27:39  RSSI원시:-85
17:27:39  RSSI평활:-84.7
17:27:39  RSSI샘플:29053
17:27:39  RSSI경과ms:31
17:27:39  차량수신:14464
17:27:39  시각ms:1533677
17:27:39  IMU시각ms:1533677
17:27:39  위험:0
17:27:39  GPS유효:1
17:27:39  위도:37.496620
17:27:39  경도:126.957878
17:27:39  속도:0.022
17:27:39  방향:188.0
17:27:39  GPS원시속도:0.021
17:27:39  GPS원시방향유효:1
17:27:39  GPS원시방향:187.0
17:27:39  가속도:4.175,-6.163,6.795
17:27:39  자이로:0.580,-0.756,-0.802
17:27:39  자력계:-15.000,12.600,0.000
17:27:39  송신:14971
17:27:39  GPS위성:7
17:27:39  GPS_HDOP:1.23
17:27:39  원시위도:37.496618
17:27:39  원시경도:126.957877
17:27:39  GPS채택:1980
17:27:39  GPS이상치거부:8
17:27:39  GPS품질거부:191
17:27:39  GPS재기준:1
17:27:39  RSSI원시:-85
17:27:39  RSSI평활:-84.7
17:27:39  RSSI샘플:29053
17:27:39  RSSI경과ms:53
17:27:39  차량수신:14464
17:27:39  시각ms:1533756
17:27:39  IMU시각ms:1533756
17:27:39  위험:0
17:27:39  GPS유효:1
17:27:39  위도:37.496620
17:27:39  경도:126.957878
17:27:39  속도:0.022
17:27:39  방향:188.0
17:27:39  GPS원시속도:0.021
17:27:39  GPS원시방향유효:1
17:27:39  GPS원시방향:187.0
17:27:39  가속도:3.955,-6.033,6.728
17:27:39  자이로:0.534,-1.534,-0.069
17:27:39  자력계:-13.950,13.200,-0.450
17:27:39  송신:14972
17:27:39  GPS위성:7
17:27:39  GPS_HDOP:1.23
17:27:39  원시위도:37.496618
17:27:39  원시경도:126.957877
17:27:39  GPS채택:1980
17:27:39  GPS이상치거부:8
17:27:39  GPS품질거부:191
17:27:39  GPS재기준:1
17:27:39  RSSI원시:-84
17:27:39  RSSI평활:-84.6
17:27:39  RSSI샘플:29055
17:27:39  RSSI경과ms:33
17:27:39  차량수신:14465
17:27:39  시각ms:1533857
17:27:39  IMU시각ms:1533857
17:27:39  위험:0
17:27:39  GPS유효:1
17:27:39  위도:37.496620
17:27:39  경도:126.957878
17:27:39  속도:0.022
17:27:39  방향:188.0
17:27:39  GPS원시속도:0.021
17:27:39  GPS원시방향유효:1
17:27:39  GPS원시방향:187.0
17:27:39  가속도:4.089,-6.115,6.661
17:27:39  자이로:-1.344,-0.473,-0.641
17:27:39  자력계:-13.650,12.450,0.900
17:27:39  송신:14973
17:27:39  GPS위성:7
17:27:39  GPS_HDOP:1.23
17:27:39  원시위도:37.496618
17:27:39  원시경도:126.957877
17:27:39  GPS채택:1980
17:27:39  GPS이상치거부:8
17:27:39  GPS품질거부:191
17:27:39  GPS재기준:1
17:27:39  RSSI원시:-84
17:27:39  RSSI평활:-84.5
17:27:39  RSSI샘플:29057
17:27:39  RSSI경과ms:56
17:27:39  차량수신:14466
17:27:39  시각ms:1534015
17:27:39  IMU시각ms:1534015
17:27:39  위험:0
17:27:39  GPS유효:1
17:27:39  위도:37.496620
17:27:39  경도:126.957878
17:27:39  속도:0.022
17:27:39  방향:188.0
17:27:39  GPS원시속도:0.021
17:27:39  GPS원시방향유효:1
17:27:39  GPS원시방향:187.0
17:27:39  가속도:3.979,-6.105,6.771
17:27:39  자이로:1.115,-1.366,0.145
17:27:39  자력계:-13.200,13.500,-0.150
17:27:39  송신:14975
17:27:39  GPS위성:7
17:27:39  GPS_HDOP:1.23
17:27:39  원시위도:37.496618
17:27:39  원시경도:126.957877
17:27:39  GPS채택:1980
17:27:39  GPS이상치거부:8
17:27:39  GPS품질거부:191
17:27:39  GPS재기준:1
17:27:39  RSSI원시:-83
17:27:39  RSSI평활:-84.1
17:27:39  RSSI샘플:29060
17:27:39  RSSI경과ms:14
17:27:39  차량수신:14467
17:27:40  시각ms:1534429
17:27:40  IMU시각ms:1534429
17:27:40  위험:0
17:27:40  GPS유효:1
17:27:40  위도:37.496620
17:27:40  경도:126.957878
17:27:40  속도:0.022
17:27:40  방향:188.0
17:27:40  GPS원시속도:0.021
17:27:40  GPS원시방향유효:1
17:27:40  GPS원시방향:187.0
17:27:40  가속도:3.931,-6.105,6.646
17:27:40  자이로:0.435,-2.992,0.595
17:27:40  자력계:-14.550,14.550,-1.350
17:27:40  송신:14979
17:27:40  GPS위성:7
17:27:40  GPS_HDOP:1.23
17:27:40  원시위도:37.496618
17:27:40  원시경도:126.957877
17:27:40  GPS채택:1980
17:27:40  GPS이상치거부:8
17:27:40  GPS품질거부:191
17:27:40  GPS재기준:1
17:27:40  RSSI원시:-76
17:27:40  RSSI평활:-81.1
17:27:40  RSSI샘플:29067
17:27:40  RSSI경과ms:5
17:27:40  차량수신:14470
17:27:40  시각ms:1534653
17:27:40  IMU시각ms:1534653
17:27:40  위험:0
17:27:40  GPS유효:1
17:27:40  위도:37.496620
17:27:40  경도:126.957878
17:27:40  속도:0.024
17:27:40  방향:188.0
17:27:40  GPS원시속도:0.026
17:27:40  GPS원시방향유효:1
17:27:40  GPS원시방향:187.0
17:27:40  가속도:3.917,-5.990,6.785
17:27:40  자이로:0.863,-2.824,0.206
17:27:40  자력계:-14.250,13.050,0.000
17:27:40  송신:14981
17:27:40  GPS위성:7
17:27:40  GPS_HDOP:1.23
17:27:40  원시위도:37.496618
17:27:40  원시경도:126.957876
17:27:40  GPS채택:1982
17:27:40  GPS이상치거부:8
17:27:40  GPS품질거부:191
17:27:40  GPS재기준:1
17:27:40  RSSI원시:-78
17:27:40  RSSI평활:-78.8
17:27:40  RSSI샘플:29071
17:27:40  RSSI경과ms:8
17:27:40  차량수신:14472
17:27:40  시각ms:1534833
17:27:40  IMU시각ms:1534833
17:27:40  위험:0
17:27:40  GPS유효:1
17:27:40  위도:37.496616
17:27:40  경도:126.957878
17:27:40  속도:0.024
17:27:40  방향:188.0
17:27:40  GPS원시속도:0.026
17:27:40  GPS원시방향유효:1
17:27:40  GPS원시방향:187.0
17:27:40  가속도:4.065,-6.100,6.833
17:27:40  자이로:1.595,-0.527,-0.397
17:27:40  자력계:-13.200,13.500,-0.150
17:27:40  송신:14983
17:27:40  GPS위성:7
17:27:40  GPS_HDOP:1.23
17:27:40  원시위도:37.496618
17:27:40  원시경도:126.957876
17:27:40  GPS채택:1982
17:27:40  GPS이상치거부:8
17:27:40  GPS품질거부:191
17:27:40  GPS재기준:1
17:27:40  RSSI원시:-80
17:27:40  RSSI평활:-78.7
17:27:40  RSSI샘플:29074
17:27:40  RSSI경과ms:11
17:27:40  차량수신:14473
17:27:40  시각ms:1535197
17:27:40  IMU시각ms:1535197
17:27:40  위험:0
17:27:40  GPS유효:1
17:27:40  위도:37.496616
17:27:40  경도:126.957878
17:27:40  속도:0.024
17:27:40  방향:188.0
17:27:40  GPS원시속도:0.026
17:27:40  GPS원시방향유효:1
17:27:40  GPS원시방향:187.0
17:27:40  가속도:4.075,-6.086,6.689
17:27:40  자이로:0.473,-0.550,-1.168
17:27:40  자력계:-12.900,12.450,-1.200
17:27:40  송신:14986
17:27:40  GPS위성:7
17:27:40  GPS_HDOP:1.23
17:27:40  원시위도:37.496618
17:27:40  원시경도:126.957876
17:27:40  GPS채택:1982
17:27:40  GPS이상치거부:8
17:27:40  GPS품질거부:191
17:27:40  GPS재기준:1
17:27:40  RSSI원시:-77
17:27:40  RSSI평활:-79.2
17:27:40  RSSI샘플:29080
17:27:40  RSSI경과ms:80
17:27:40  차량수신:14476
17:27:40  시각ms:1535283
17:27:40  IMU시각ms:1535283
17:27:40  위험:0
17:27:40  GPS유효:1
17:27:40  위도:37.496616
17:27:40  경도:126.957878
17:27:40  속도:0.024
17:27:40  방향:188.0
17:27:40  GPS원시속도:0.026
17:27:40  GPS원시방향유효:1
17:27:40  GPS원시방향:187.0
17:27:40  가속도:4.161,-6.024,6.742
17:27:40  자이로:-1.611,-1.374,-0.954
17:27:40  자력계:-13.650,12.450,0.450
17:27:40  송신:14987
17:27:40  GPS위성:7
17:27:40  GPS_HDOP:1.23
17:27:40  원시위도:37.496618
17:27:40  원시경도:126.957876
17:27:40  GPS채택:1982
17:27:40  GPS이상치거부:8
17:27:40  GPS품질거부:191
17:27:40  GPS재기준:1
17:27:40  RSSI원시:-87
17:27:40  RSSI평활:-80.9
17:27:40  RSSI샘플:29082
17:27:40  RSSI경과ms:6
17:27:40  차량수신:14477
17:27:40  시각ms:1535338
17:27:40  IMU시각ms:1535338
17:27:40  위험:0
17:27:40  GPS유효:1
17:27:40  위도:37.496616
17:27:40  경도:126.957878
17:27:40  속도:0.024
17:27:40  방향:188.0
17:27:40  GPS원시속도:0.026
17:27:40  GPS원시방향유효:1
17:27:40  GPS원시방향:187.0
17:27:40  가속도:3.979,-6.014,6.689
17:27:40  자이로:1.412,-2.351,0.786
17:27:40  자력계:-15.000,13.350,0.000
17:27:40  송신:14988
17:27:40  GPS위성:7
17:27:40  GPS_HDOP:1.23
17:27:40  원시위도:37.496618
17:27:40  원시경도:126.957876
17:27:40  GPS채택:1982
17:27:40  GPS이상치거부:8
17:27:40  GPS품질거부:191
17:27:40  GPS재기준:1
17:27:40  RSSI원시:-87
17:27:40  RSSI평활:-82.1
17:27:40  RSSI샘플:29083
17:27:40  RSSI경과ms:6
17:27:40  차량수신:14477
17:27:41  시각ms:1535490
17:27:41  IMU시각ms:1535490
17:27:41  위험:0
17:27:41  GPS유효:1
17:27:41  위도:37.496616
17:27:41  경도:126.957878
17:27:41  속도:0.024
17:27:41  방향:188.0
17:27:41  GPS원시속도:0.026
17:27:41  GPS원시방향유효:1
17:27:41  GPS원시방향:187.0
17:27:41  가속도:4.013,-5.947,6.732
17:27:41  자이로:-1.458,-1.893,0.756
17:27:41  자력계:-13.200,14.400,0.150
17:27:41  송신:14989
17:27:41  GPS위성:7
17:27:41  GPS_HDOP:1.23
17:27:41  원시위도:37.496618
17:27:41  원시경도:126.957876
17:27:41  GPS채택:1982
17:27:41  GPS이상치거부:8
17:27:41  GPS품질거부:191
17:27:41  GPS재기준:1
17:27:41  RSSI원시:-87
17:27:41  RSSI평활:-83.1
17:27:41  RSSI샘플:29084
17:27:41  RSSI경과ms:50
17:27:41  차량수신:14477
17:27:41  시각ms:1535547
17:27:41  IMU시각ms:1535547
17:27:41  위험:0
17:27:41  GPS유효:1
17:27:41  위도:37.496616
17:27:41  경도:126.957878
17:27:41  속도:0.023
17:27:41  방향:188.0
17:27:41  GPS원시속도:0.021
17:27:41  GPS원시방향유효:1
17:27:41  GPS원시방향:187.0
17:27:41  가속도:4.032,-6.115,6.747
17:27:41  자이로:-3.382,-2.924,-1.595
17:27:41  자력계:-13.500,13.050,0.300
17:27:41  송신:14990
17:27:41  GPS위성:7
17:27:41  GPS_HDOP:1.23
17:27:41  원시위도:37.496618
17:27:41  원시경도:126.957876
17:27:41  GPS채택:1983
17:27:41  GPS이상치거부:8
17:27:41  GPS품질거부:191
17:27:41  GPS재기준:1
17:27:41  RSSI원시:-87
17:27:41  RSSI평활:-83.1
17:27:41  RSSI샘플:29084
17:27:41  RSSI경과ms:107
17:27:41  차량수신:14477
17:27:41  시각ms:1535569
17:27:41  IMU시각ms:1535569
17:27:41  위험:0
17:27:41  GPS유효:1
17:27:41  위도:37.496616
17:27:41  경도:126.957878
17:27:41  속도:0.023
17:27:41  방향:188.0
17:27:41  GPS원시속도:0.021
17:27:41  GPS원시방향유효:1
17:27:41  GPS원시방향:187.0
17:27:41  가속도:4.156,-6.009,6.608
17:27:41  자이로:-0.901,-3.099,-0.221
17:27:41  자력계:-13.500,12.600,-0.300
17:27:41  송신:14990
17:27:41  GPS위성:7
17:27:41  GPS_HDOP:1.23
17:27:41  원시위도:37.496618
17:27:41  원시경도:126.957876
17:27:41  GPS채택:1983
17:27:41  GPS이상치거부:8
17:27:41  GPS품질거부:191
17:27:41  GPS재기준:1
17:27:41  RSSI원시:-86
17:27:41  RSSI평활:-83.7
17:27:41  RSSI샘플:29085
17:27:41  RSSI경과ms:18
17:27:41  차량수신:14477
17:27:41  시각ms:1536258
17:27:41  IMU시각ms:1536258
17:27:41  위험:0
17:27:41  GPS유효:1
17:27:41  위도:37.496616
17:27:41  경도:126.957878
17:27:41  속도:0.022
17:27:41  방향:188.0
17:27:41  GPS원시속도:0.021
17:27:41  GPS원시방향유효:1
17:27:41  GPS원시방향:187.0
17:27:41  가속도:4.118,-6.043,6.756
17:27:41  자이로:0.802,-0.466,1.000
17:27:41  자력계:-14.550,14.550,0.600
17:27:41  송신:14997
17:27:41  GPS위성:7
17:27:41  GPS_HDOP:1.23
17:27:41  원시위도:37.496618
17:27:41  원시경도:126.957876
17:27:41  GPS채택:1984
17:27:41  GPS이상치거부:8
17:27:41  GPS품질거부:191
17:27:41  GPS재기준:1
17:27:41  RSSI원시:-82
17:27:41  RSSI평활:-84.4
17:27:41  RSSI샘플:29096
17:27:41  RSSI경과ms:19
17:27:41  차량수신:14482
17:27:42  시각ms:1536380
17:27:42  IMU시각ms:1536380
17:27:42  위험:0
17:27:42  GPS유효:1
17:27:42  위도:37.496616
17:27:42  경도:126.957878
17:27:42  속도:0.022
17:27:42  방향:188.0
17:27:42  GPS원시속도:0.021
17:27:42  GPS원시방향유효:1
17:27:42  GPS원시방향:187.0
17:27:42  가속도:4.094,-6.072,6.776
17:27:42  자이로:-1.359,-3.275,0.901
17:27:42  자력계:-13.500,13.800,0.600
17:27:42  송신:14998
17:27:42  GPS위성:7
17:27:42  GPS_HDOP:1.23
17:27:42  원시위도:37.496618
17:27:42  원시경도:126.957876
17:27:42  GPS채택:1984
17:27:42  GPS이상치거부:8
17:27:42  GPS품질거부:191
17:27:42  GPS재기준:1
17:27:42  RSSI원시:-81
17:27:42  RSSI평활:-83.3
17:27:42  RSSI샘플:29099
17:27:42  RSSI경과ms:35
17:27:42  차량수신:14483
17:27:42  시각ms:1536904
17:27:42  IMU시각ms:1536904
17:27:42  위험:0
17:27:42  GPS유효:1
17:27:42  위도:37.496616
17:27:42  경도:126.957878
17:27:42  속도:0.015
17:27:42  방향:188.0
17:27:42  GPS원시속도:0.010
17:27:42  GPS원시방향유효:1
17:27:42  GPS원시방향:187.0
17:27:42  가속도:4.089,-5.981,6.752
17:27:42  자이로:-0.985,-2.282,1.214
17:27:42  자력계:-14.250,13.800,-1.350
17:27:42  송신:15003
17:27:42  GPS위성:7
17:27:42  GPS_HDOP:1.23
17:27:42  원시위도:37.496617
17:27:42  원시경도:126.957875
17:27:42  GPS채택:1986
17:27:42  GPS이상치거부:8
17:27:42  GPS품질거부:191
17:27:42  GPS재기준:1
17:27:42  RSSI원시:-83
17:27:42  RSSI평활:-83.1
17:27:42  RSSI샘플:29108
17:27:42  RSSI경과ms:22
17:27:42  차량수신:14487
17:27:42  시각ms:1537059
17:27:42  IMU시각ms:1537059
17:27:42  위험:0
17:27:42  GPS유효:1
17:27:42  위도:37.496616
17:27:42  경도:126.957878
17:27:42  속도:0.015
17:27:42  방향:188.0
17:27:42  GPS원시속도:0.010
17:27:42  GPS원시방향유효:1
17:27:42  GPS원시방향:187.0
17:27:42  가속도:4.161,-6.053,6.694
17:27:42  자이로:-0.015,0.412,-1.870
17:27:42  자력계:-13.800,16.050,0.300
17:27:42  송신:15005
17:27:42  GPS위성:7
17:27:42  GPS_HDOP:1.23
17:27:42  원시위도:37.496617
17:27:42  원시경도:126.957875
17:27:42  GPS채택:1986
17:27:42  GPS이상치거부:8
17:27:42  GPS품질거부:191
17:27:42  GPS재기준:1
17:27:42  RSSI원시:-85
17:27:42  RSSI평활:-83.9
17:27:42  RSSI샘플:29110
17:27:42  RSSI경과ms:10
17:27:42  차량수신:14487
17:27:42  시각ms:1537159
17:27:42  IMU시각ms:1537147
17:27:42  위험:0
17:27:42  GPS유효:1
17:27:42  위도:37.496616
17:27:42  경도:126.957878
17:27:42  속도:0.015
17:27:42  방향:188.0
17:27:42  GPS원시속도:0.010
17:27:42  GPS원시방향유효:1
17:27:42  GPS원시방향:187.0
17:27:42  가속도:3.960,-6.019,6.732
17:27:42  자이로:-0.603,-0.542,-1.053
17:27:42  자력계:-12.900,13.950,0.150
17:27:42  송신:15006
17:27:42  GPS위성:7
17:27:42  GPS_HDOP:1.23
17:27:42  원시위도:37.496617
17:27:42  원시경도:126.957875
17:27:42  GPS채택:1986
17:27:42  GPS이상치거부:8
17:27:42  GPS품질거부:191
17:27:42  GPS재기준:1
17:27:42  RSSI원시:-84
17:27:42  RSSI평활:-83.9
17:27:42  RSSI샘플:29112
17:27:42  RSSI경과ms:5
17:27:42  차량수신:14488
17:27:42  시각ms:1537310
17:27:42  IMU시각ms:1537310
17:27:42  위험:0
17:27:42  GPS유효:1
17:27:42  위도:37.496616
17:27:42  경도:126.957878
17:27:42  속도:0.015
17:27:42  방향:188.0
17:27:42  GPS원시속도:0.010
17:27:42  GPS원시방향유효:1
17:27:42  GPS원시방향:187.0
17:27:42  가속도:3.922,-6.009,6.891
17:27:42  자이로:-2.427,1.771,1.977
17:27:42  자력계:-12.450,12.450,-0.150
17:27:42  송신:15007
17:27:42  GPS위성:7
17:27:42  GPS_HDOP:1.23
17:27:42  원시위도:37.496617
17:27:42  원시경도:126.957875
17:27:42  GPS채택:1986
17:27:42  GPS이상치거부:8
17:27:42  GPS품질거부:191
17:27:42  GPS재기준:1
17:27:42  RSSI원시:-82
17:27:42  RSSI평활:-83.7
17:27:42  RSSI샘플:29114
17:27:42  RSSI경과ms:14
17:27:42  차량수신:14489
17:27:42  시각ms:1537396
17:27:42  IMU시각ms:1537396
17:27:42  위험:0
17:27:42  GPS유효:1
17:27:42  위도:37.496616
17:27:42  경도:126.957878
17:27:42  속도:0.015
17:27:42  방향:188.0
17:27:42  GPS원시속도:0.010
17:27:42  GPS원시방향유효:1
17:27:42  GPS원시방향:187.0
17:27:42  가속도:4.070,-6.014,6.689
17:27:42  자이로:-1.008,-1.267,2.634
17:27:42  자력계:-13.500,14.850,-1.350
17:27:42  송신:15008
17:27:42  GPS위성:7
17:27:42  GPS_HDOP:1.23
17:27:42  원시위도:37.496617
17:27:42  원시경도:126.957875
17:27:42  GPS채택:1986
17:27:42  GPS이상치거부:8
17:27:42  GPS품질거부:191
17:27:42  GPS재기준:1
17:27:42  RSSI원시:-84
17:27:42  RSSI평활:-83.8
17:27:42  RSSI샘플:29115
17:27:42  RSSI경과ms:22
17:27:42  차량수신:14489
17:27:43  시각ms:1537704
17:27:43  IMU시각ms:1537704
17:27:43  위험:0
17:27:43  GPS유효:1
17:27:43  위도:37.496616
17:27:43  경도:126.957878
17:27:43  속도:0.012
17:27:43  방향:188.0
17:27:43  GPS원시속도:0.010
17:27:43  GPS원시방향유효:1
17:27:43  GPS원시방향:187.0
17:27:43  가속도:3.989,-5.952,6.752
17:27:43  자이로:-1.198,-0.672,0.664
17:27:43  자력계:-13.800,12.300,0.000
17:27:43  송신:15011
17:27:43  GPS위성:7
17:27:43  GPS_HDOP:1.23
17:27:43  원시위도:37.496617
17:27:43  원시경도:126.957875
17:27:43  GPS채택:1988
17:27:43  GPS이상치거부:8
17:27:43  GPS품질거부:191
17:27:43  GPS재기준:1
17:27:43  RSSI원시:-83
17:27:43  RSSI평활:-82.9
17:27:43  RSSI샘플:29120
17:27:43  RSSI경과ms:25
17:27:43  차량수신:14491
17:27:43  시각ms:1538184
17:27:43  IMU시각ms:1538172
17:27:43  위험:0
17:27:43  GPS유효:1
17:27:43  위도:37.496616
17:27:43  경도:126.957878
17:27:43  속도:0.012
17:27:43  방향:188.0
17:27:43  GPS원시속도:0.010
17:27:43  GPS원시방향유효:1
17:27:43  GPS원시방향:187.0
17:27:43  가속도:4.080,-6.124,6.766
17:27:43  자이로:-0.321,-1.947,-0.916
17:27:43  자력계:-13.950,13.500,1.200
17:27:43  송신:15016
17:27:43  GPS위성:7
17:27:43  GPS_HDOP:1.23
17:27:43  원시위도:37.496617
17:27:43  원시경도:126.957875
17:27:43  GPS채택:1988
17:27:43  GPS이상치거부:8
17:27:43  GPS품질거부:191
17:27:43  GPS재기준:1
17:27:43  RSSI원시:-84
17:27:43  RSSI평활:-83.6
17:27:43  RSSI샘플:29127
17:27:43  RSSI경과ms:1
17:27:43  차량수신:14493
17:27:43  시각ms:1538236
17:27:43  IMU시각ms:1538236
17:27:43  위험:0
17:27:43  GPS유효:1
17:27:43  위도:37.496616
17:27:43  경도:126.957878
17:27:43  속도:0.012
17:27:43  방향:188.0
17:27:43  GPS원시속도:0.010
17:27:43  GPS원시방향유효:1
17:27:43  GPS원시방향:187.0
17:27:43  가속도:4.056,-6.100,6.804
17:27:43  자이로:-1.443,-1.321,0.107
17:27:43  자력계:-13.650,12.750,-0.450
17:27:43  송신:15016
17:27:43  GPS위성:7
17:27:43  GPS_HDOP:1.23
17:27:43  원시위도:37.496617
17:27:43  원시경도:126.957875
17:27:43  GPS채택:1988
17:27:43  GPS이상치거부:8
17:27:43  GPS품질거부:191
17:27:43  GPS재기준:1
17:27:43  RSSI원시:-84
17:27:43  RSSI평활:-83.6
17:27:43  RSSI샘플:29127
17:27:43  RSSI경과ms:53
17:27:43  차량수신:14493
17:27:44  시각ms:1538405
17:27:44  IMU시각ms:1538405
17:27:44  위험:0
17:27:44  GPS유효:1
17:27:44  위도:37.496616
17:27:44  경도:126.957878
17:27:44  속도:0.012
17:27:44  방향:188.0
17:27:44  GPS원시속도:0.010
17:27:44  GPS원시방향유효:1
17:27:44  GPS원시방향:187.0
17:27:44  가속도:4.022,-6.038,6.742
17:27:44  자이로:-0.458,-0.374,-0.008
17:27:44  자력계:-13.950,13.950,0.900
17:27:44  송신:15018
17:27:44  GPS위성:7
17:27:44  GPS_HDOP:1.23
17:27:44  원시위도:37.496617
17:27:44  원시경도:126.957875
17:27:44  GPS채택:1988
17:27:44  GPS이상치거부:8
17:27:44  GPS품질거부:191
17:27:44  GPS재기준:1
17:27:44  RSSI원시:-85
17:27:44  RSSI평활:-84.1
17:27:44  RSSI샘플:29130
17:27:44  RSSI경과ms:8
17:27:44  차량수신:14494
17:27:44  시각ms:1538427
17:27:44  IMU시각ms:1538427
17:27:44  위험:0
17:27:44  GPS유효:1
17:27:44  위도:37.496616
17:27:44  경도:126.957878
17:27:44  속도:0.012
17:27:44  방향:188.0
17:27:44  GPS원시속도:0.010
17:27:44  GPS원시방향유효:1
17:27:44  GPS원시방향:187.0
17:27:44  가속도:4.017,-6.124,6.761
17:27:44  자이로:2.046,0.824,1.725
17:27:44  자력계:-13.200,13.200,0.450
17:27:44  송신:15018
17:27:44  GPS위성:7
17:27:44  GPS_HDOP:1.23
17:27:44  원시위도:37.496617
17:27:44  원시경도:126.957875
17:27:44  GPS채택:1988
17:27:44  GPS이상치거부:8
17:27:44  GPS품질거부:191
17:27:44  GPS재기준:1
17:27:44  RSSI원시:-85
17:27:44  RSSI평활:-84.1
17:27:44  RSSI샘플:29130
17:27:44  RSSI경과ms:30
17:27:44  차량수신:14494
17:27:44  시각ms:1538723
17:27:44  IMU시각ms:1538723
17:27:44  위험:0
17:27:44  GPS유효:1
17:27:44  위도:37.496616
17:27:44  경도:126.957878
17:27:44  속도:0.014
17:27:44  방향:188.0
17:27:44  GPS원시속도:0.015
17:27:44  GPS원시방향유효:1
17:27:44  GPS원시방향:187.0
17:27:44  가속도:4.056,-5.957,6.651
17:27:44  자이로:-2.489,-0.893,-0.855
17:27:44  자력계:-14.250,12.300,1.350
17:27:44  송신:15021
17:27:44  GPS위성:7
17:27:44  GPS_HDOP:1.23
17:27:44  원시위도:37.496617
17:27:44  원시경도:126.957875
17:27:44  GPS채택:1990
17:27:44  GPS이상치거부:8
17:27:44  GPS품질거부:191
17:27:44  GPS재기준:1
17:27:44  RSSI원시:-84
17:27:44  RSSI평활:-83.9
17:27:44  RSSI샘플:29132
17:27:44  RSSI경과ms:84
17:27:44  차량수신:14494
17:27:44  시각ms:1538867
17:27:44  IMU시각ms:1538867
17:27:44  위험:0
17:27:44  GPS유효:1
17:27:44  위도:37.496616
17:27:44  경도:126.957878
17:27:44  속도:0.014
17:27:44  방향:188.0
17:27:44  GPS원시속도:0.015
17:27:44  GPS원시방향유효:1
17:27:44  GPS원시방향:187.0
17:27:44  가속도:4.027,-6.019,6.718
17:27:44  자이로:-2.450,-1.267,-1.221
17:27:44  자력계:-13.650,12.750,-1.500
17:27:44  송신:15022
17:27:44  GPS위성:7
17:27:44  GPS_HDOP:1.23
17:27:44  원시위도:37.496617
17:27:44  원시경도:126.957875
17:27:44  GPS채택:1990
17:27:44  GPS이상치거부:8
17:27:44  GPS품질거부:191
17:27:44  GPS재기준:1
17:27:44  RSSI원시:-86
17:27:44  RSSI평활:-84.5
17:27:44  RSSI샘플:29134
17:27:44  RSSI경과ms:72
17:27:44  차량수신:14495
17:27:44  시각ms:1538923
17:27:44  IMU시각ms:1538923
17:27:44  위험:0
17:27:44  GPS유효:1
17:27:44  위도:37.496616
17:27:44  경도:126.957878
17:27:44  속도:0.014
17:27:44  방향:188.0
17:27:44  GPS원시속도:0.015
17:27:44  GPS원시방향유효:1
17:27:44  GPS원시방향:187.0
17:27:44  가속도:4.075,-6.043,6.795
17:27:44  자이로:-3.595,0.603,-0.794
17:27:44  자력계:-13.500,13.800,-1.050
17:27:44  송신:15023
17:27:44  GPS위성:7
17:27:44  GPS_HDOP:1.23
17:27:44  원시위도:37.496617
17:27:44  원시경도:126.957875
17:27:44  GPS채택:1990
17:27:44  GPS이상치거부:8
17:27:44  GPS품질거부:191
17:27:44  GPS재기준:1
17:27:44  RSSI원시:-85
17:27:44  RSSI평활:-84.8
17:27:44  RSSI샘플:29136
17:27:44  RSSI경과ms:32
17:27:44  차량수신:14496
17:27:44  시각ms:1539045
17:27:44  IMU시각ms:1539045
17:27:44  위험:0
17:27:44  GPS유효:1
17:27:44  위도:37.496616
17:27:44  경도:126.957878
17:27:44  속도:0.014
17:27:44  방향:188.0
17:27:44  GPS원시속도:0.015
17:27:44  GPS원시방향유효:1
17:27:44  GPS원시방향:187.0
17:27:44  가속도:4.070,-6.081,6.689
17:27:44  자이로:-0.771,-2.160,0.733
17:27:44  자력계:-13.050,13.350,-1.350
17:27:44  송신:15024
17:27:44  GPS위성:7
17:27:44  GPS_HDOP:1.23
17:27:44  원시위도:37.496617
17:27:44  원시경도:126.957875
17:27:44  GPS채택:1990
17:27:44  GPS이상치거부:8
17:27:44  GPS품질거부:191
17:27:44  GPS재기준:1
17:27:44  RSSI원시:-86
17:27:44  RSSI평활:-85.4
17:27:44  RSSI샘플:29138
17:27:44  RSSI경과ms:47
17:27:44  차량수신:14497
17:27:44  시각ms:1539208
17:27:44  IMU시각ms:1539208
17:27:44  위험:0
17:27:44  GPS유효:1
17:27:44  위도:37.496616
17:27:44  경도:126.957878
17:27:44  속도:0.014
17:27:44  방향:188.0
17:27:44  GPS원시속도:0.015
17:27:44  GPS원시방향유효:1
17:27:44  GPS원시방향:187.0
17:27:44  가속도:4.175,-6.072,6.771
17:27:44  자이로:-1.511,-3.076,0.000
17:27:44  자력계:-13.800,14.100,-0.300
17:27:44  송신:15026
17:27:44  GPS위성:7
17:27:44  GPS_HDOP:1.23
17:27:44  원시위도:37.496617
17:27:44  원시경도:126.957875
17:27:44  GPS채택:1990
17:27:44  GPS이상치거부:8
17:27:44  GPS품질거부:191
17:27:44  GPS재기준:1
17:27:44  RSSI원시:-85
17:27:44  RSSI평활:-85.2
17:27:44  RSSI샘플:29141
17:27:44  RSSI경과ms:5
17:27:44  차량수신:14498
17:27:45  시각ms:1539437
17:27:45  IMU시각ms:1539437
17:27:45  위험:0
17:27:45  GPS유효:1
17:27:45  위도:37.496616
17:27:45  경도:126.957878
17:27:45  속도:0.014
17:27:45  방향:188.0
17:27:45  GPS원시속도:0.015
17:27:45  GPS원시방향유효:1
17:27:45  GPS원시방향:187.0
17:27:45  가속도:3.994,-5.990,6.709
17:27:45  자이로:-3.489,-1.679,-1.099
17:27:45  자력계:-13.500,13.350,1.050
17:27:45  송신:15028
17:27:45  GPS위성:7
17:27:45  GPS_HDOP:1.23
17:27:45  원시위도:37.496617
17:27:45  원시경도:126.957875
17:27:45  GPS채택:1990
17:27:45  GPS이상치거부:8
17:27:45  GPS품질거부:191
17:27:45  GPS재기준:1
17:27:45  RSSI원시:-83
17:27:45  RSSI평활:-84.6
17:27:45  RSSI샘플:29145
17:27:45  RSSI경과ms:25
17:27:45  차량수신:14500
17:27:45  시각ms:1539639
17:27:45  IMU시각ms:1539639
17:27:45  위험:0
17:27:45  GPS유효:1
17:27:45  위도:37.496616
17:27:45  경도:126.957878
17:27:45  속도:0.015
17:27:45  방향:188.0
17:27:45  GPS원시속도:0.015
17:27:45  GPS원시방향유효:1
17:27:45  GPS원시방향:187.0
17:27:45  가속도:4.085,-6.029,6.747
17:27:45  자이로:2.695,-2.221,0.389
17:27:45  자력계:-12.450,14.400,1.200
17:27:45  송신:15030
17:27:45  GPS위성:7
17:27:45  GPS_HDOP:1.23
17:27:45  원시위도:37.496616
17:27:45  원시경도:126.957874
17:27:45  GPS채택:1992
17:27:45  GPS이상치거부:8
17:27:45  GPS품질거부:191
17:27:45  GPS재기준:1
17:27:45  RSSI원시:-85
17:27:45  RSSI평활:-84.5
17:27:45  RSSI샘플:29149
17:27:45  RSSI경과ms:19
17:27:45  차량수신:14502
17:27:45  시각ms:1539963
17:27:45  IMU시각ms:1539963
17:27:45  위험:0
17:27:45  GPS유효:1
17:27:45  위도:37.496616
17:27:45  경도:126.957878
17:27:45  속도:0.015
17:27:45  방향:188.0
17:27:45  GPS원시속도:0.015
17:27:45  GPS원시방향유효:1
17:27:45  GPS원시방향:187.0
17:27:45  가속도:4.128,-6.014,6.761
17:27:45  자이로:-0.061,-0.069,-0.252
17:27:45  자력계:-13.200,12.750,-1.500
17:27:45  송신:15033
17:27:45  GPS위성:7
17:27:45  GPS_HDOP:1.23
17:27:45  원시위도:37.496616
17:27:45  원시경도:126.957874
17:27:45  GPS채택:1992
17:27:45  GPS이상치거부:8
17:27:45  GPS품질거부:191
17:27:45  GPS재기준:1
17:27:45  RSSI원시:-86
17:27:45  RSSI평활:-84.9
17:27:45  RSSI샘플:29154
17:27:45  RSSI경과ms:55
17:27:45  차량수신:14504
17:27:45  시각ms:1540041
17:27:45  IMU시각ms:1540041
17:27:45  위험:0
17:27:45  GPS유효:1
17:27:45  위도:37.496616
17:27:45  경도:126.957878
17:27:45  속도:0.015
17:27:45  방향:188.0
17:27:45  GPS원시속도:0.015
17:27:45  GPS원시방향유효:1
17:27:45  GPS원시방향:187.0
17:27:45  가속도:4.152,-6.172,6.689
17:27:45  자이로:-2.038,0.802,-0.076
17:27:45  자력계:-13.950,12.450,0.150
17:27:45  송신:15034
17:27:45  GPS위성:7
17:27:45  GPS_HDOP:1.23
17:27:45  원시위도:37.496616
17:27:45  원시경도:126.957874
17:27:45  GPS채택:1992
17:27:45  GPS이상치거부:8
17:27:45  GPS품질거부:191
17:27:45  GPS재기준:1
17:27:45  RSSI원시:-82
17:27:45  RSSI평활:-84.5
17:27:45  RSSI샘플:29156
17:27:45  RSSI경과ms:9
17:27:45  차량수신:14505
17:27:45  시각ms:1540063
17:27:45  IMU시각ms:1540063
17:27:45  위험:0
17:27:45  GPS유효:1
17:27:45  위도:37.496616
17:27:45  경도:126.957878
17:27:45  속도:0.015
17:27:45  방향:188.0
17:27:45  GPS원시속도:0.015
17:27:45  GPS원시방향유효:1
17:27:45  GPS원시방향:187.0
17:27:45  가속도:3.994,-6.057,6.819
17:27:45  자이로:-0.771,2.229,-1.336
17:27:45  자력계:-14.700,12.750,-0.150
17:27:45  송신:15034
17:27:45  GPS위성:7
17:27:45  GPS_HDOP:1.23
17:27:45  원시위도:37.496616
17:27:45  원시경도:126.957874
17:27:45  GPS채택:1992
17:27:45  GPS이상치거부:8
17:27:45  GPS품질거부:191
17:27:45  GPS재기준:1
17:27:45  RSSI원시:-82
17:27:45  RSSI평활:-84.5
17:27:45  RSSI샘플:29156
17:27:45  RSSI경과ms:31
17:27:45  차량수신:14505
17:27:45  시각ms:1540184
17:27:45  IMU시각ms:1540184
17:27:45  위험:0
17:27:45  GPS유효:1
17:27:45  위도:37.496616
17:27:45  경도:126.957878
17:27:45  속도:0.015
17:27:45  방향:188.0
17:27:45  GPS원시속도:0.015
17:27:45  GPS원시방향유효:1
17:27:45  GPS원시방향:187.0
17:27:45  가속도:4.094,-5.928,6.747
17:27:45  자이로:-0.947,-0.901,-0.076
17:27:45  자력계:-13.950,14.700,-0.450
17:27:45  송신:15035
17:27:45  GPS위성:7
17:27:45  GPS_HDOP:1.23
17:27:45  원시위도:37.496616
17:27:45  원시경도:126.957874
17:27:45  GPS채택:1992
17:27:45  GPS이상치거부:8
17:27:45  GPS품질거부:191
17:27:45  GPS재기준:1
17:27:45  RSSI원시:-85
17:27:45  RSSI평활:-84.4
17:27:45  RSSI샘플:29158
17:27:45  RSSI경과ms:49
17:27:45  차량수신:14506
17:27:45  시각ms:1540325
17:27:45  IMU시각ms:1540325
17:27:45  위험:0
17:27:45  GPS유효:1
17:27:45  위도:37.496616
17:27:45  경도:126.957878
17:27:45  속도:0.015
17:27:45  방향:188.0
17:27:45  GPS원시속도:0.015
17:27:45  GPS원시방향유효:1
17:27:45  GPS원시방향:187.0
17:27:45  가속도:4.008,-6.096,6.732
17:27:45  자이로:-0.588,-0.878,-0.626
17:27:45  자력계:-14.550,13.050,0.000
17:27:45  송신:15037
17:27:45  GPS위성:7
17:27:45  GPS_HDOP:1.23
17:27:45  원시위도:37.496616
17:27:45  원시경도:126.957874
17:27:45  GPS채택:1992
17:27:45  GPS이상치거부:8
17:27:45  GPS품질거부:191
17:27:45  GPS재기준:1
17:27:45  RSSI원시:-87
17:27:45  RSSI평활:-85.2
17:27:45  RSSI샘플:29160
17:27:45  RSSI경과ms:7
17:27:45  차량수신:14506
17:27:46  시각ms:1540534
17:27:46  IMU시각ms:1540534
17:27:46  위험:0
17:27:46  GPS유효:1
17:27:46  위도:37.496616
17:27:46  경도:126.957870
17:27:46  속도:0.015
17:27:46  방향:188.0
17:27:46  GPS원시속도:0.015
17:27:46  GPS원시방향유효:1
17:27:46  GPS원시방향:187.0
17:27:46  가속도:3.931,-6.019,6.761
17:27:46  자이로:-0.809,-1.794,0.908
17:27:46  자력계:-13.050,14.550,1.350
17:27:46  송신:15039
17:27:46  GPS위성:7
17:27:46  GPS_HDOP:1.23
17:27:46  원시위도:37.496616
17:27:46  원시경도:126.957874
17:27:46  GPS채택:1993
17:27:46  GPS이상치거부:8
17:27:46  GPS품질거부:191
17:27:46  GPS재기준:1
17:27:46  RSSI원시:-86
17:27:46  RSSI평활:-85.4
17:27:46  RSSI샘플:29164
17:27:46  RSSI경과ms:15
17:27:46  차량수신:14508
17:27:46  시각ms:1540556
17:27:46  IMU시각ms:1540556
17:27:46  위험:0
17:27:46  GPS유효:1
17:27:46  위도:37.496616
17:27:46  경도:126.957870
17:27:46  속도:0.015
17:27:46  방향:188.0
17:27:46  GPS원시속도:0.015
17:27:46  GPS원시방향유효:1
17:27:46  GPS원시방향:187.0
17:27:46  가속도:4.089,-6.081,6.838
17:27:46  자이로:0.405,-1.954,0.672
17:27:46  자력계:-14.400,13.950,-2.250
17:27:46  송신:15039
17:27:46  GPS위성:7
17:27:46  GPS_HDOP:1.23
17:27:46  원시위도:37.496616
17:27:46  원시경도:126.957874
17:27:46  GPS채택:1993
17:27:46  GPS이상치거부:8
17:27:46  GPS품질거부:191
17:27:46  GPS재기준:1
17:27:46  RSSI원시:-86
17:27:46  RSSI평활:-85.4
17:27:46  RSSI샘플:29164
17:27:46  RSSI경과ms:37
17:27:46  차량수신:14508
17:27:46  시각ms:1540578
17:27:46  IMU시각ms:1540578
17:27:46  위험:0
17:27:46  GPS유효:1
17:27:46  위도:37.496616
17:27:46  경도:126.957870
17:27:46  속도:0.015
17:27:46  방향:188.0
17:27:46  GPS원시속도:0.015
17:27:46  GPS원시방향유효:1
17:27:46  GPS원시방향:187.0
17:27:46  가속도:4.022,-6.201,6.594
17:27:46  자이로:-0.351,0.649,0.443
17:27:46  자력계:-13.950,12.750,-0.450
17:27:46  송신:15039
17:27:46  GPS위성:7
17:27:46  GPS_HDOP:1.23
17:27:46  원시위도:37.496616
17:27:46  원시경도:126.957874
17:27:46  GPS채택:1993
17:27:46  GPS이상치거부:8
17:27:46  GPS품질거부:191
17:27:46  GPS재기준:1
17:27:46  RSSI원시:-85
17:27:46  RSSI평활:-85.3
17:27:46  RSSI샘플:29165
17:27:46  RSSI경과ms:17
17:27:46  차량수신:14509
17:27:46  시각ms:1540635
17:27:46  IMU시각ms:1540635
17:27:46  위험:0
17:27:46  GPS유효:1
17:27:46  위도:37.496616
17:27:46  경도:126.957870
17:27:46  속도:0.015
17:27:46  방향:188.0
17:27:46  GPS원시속도:0.015
17:27:46  GPS원시방향유효:1
17:27:46  GPS원시방향:187.0
17:27:46  가속도:4.008,-6.105,6.732
17:27:46  자이로:-1.672,0.153,-0.298
17:27:46  자력계:-12.900,13.950,-1.200
17:27:46  송신:15040
17:27:46  GPS위성:7
17:27:46  GPS_HDOP:1.23
17:27:46  원시위도:37.496616
17:27:46  원시경도:126.957874
17:27:46  GPS채택:1993
17:27:46  GPS이상치거부:8
17:27:46  GPS품질거부:191
17:27:46  GPS재기준:1
17:27:46  RSSI원시:-86
17:27:46  RSSI평활:-85.4
17:27:46  RSSI샘플:29166
17:27:46  RSSI경과ms:12
17:27:46  차량수신:14509
17:27:46  시각ms:1540657
17:27:46  IMU시각ms:1540657
17:27:46  위험:0
17:27:46  GPS유효:1
17:27:46  위도:37.496616
17:27:46  경도:126.957870
17:27:46  속도:0.015
17:27:46  방향:188.0
17:27:46  GPS원시속도:0.015
17:27:46  GPS원시방향유효:1
17:27:46  GPS원시방향:187.0
17:27:46  가속도:3.984,-5.957,6.661
17:27:46  자이로:1.084,-1.595,-0.634
17:27:46  자력계:-13.650,13.500,-0.150
17:27:46  송신:15040
17:27:46  GPS위성:7
17:27:46  GPS_HDOP:1.23
17:27:46  원시위도:37.496616
17:27:46  원시경도:126.957874
17:27:46  GPS채택:1994
17:27:46  GPS이상치거부:8
17:27:46  GPS품질거부:191
17:27:46  GPS재기준:1
17:27:46  RSSI원시:-86
17:27:46  RSSI평활:-85.4
17:27:46  RSSI샘플:29166
17:27:46  RSSI경과ms:34
17:27:46  차량수신:14509
17:27:46  시각ms:1540736
17:27:46  IMU시각ms:1540736
17:27:46  위험:0
17:27:46  GPS유효:1
17:27:46  위도:37.496616
17:27:46  경도:126.957870
17:27:46  속도:0.015
17:27:46  방향:188.0
17:27:46  GPS원시속도:0.015
17:27:46  GPS원시방향유효:1
17:27:46  GPS원시방향:187.0
17:27:46  가속도:3.965,-6.124,6.752
17:27:46  자이로:-1.221,-2.878,3.038
17:27:46  자력계:-15.000,13.050,-1.050
17:27:46  송신:15041
17:27:46  GPS위성:7
17:27:46  GPS_HDOP:1.23
17:27:46  원시위도:37.496616
17:27:46  원시경도:126.957874
17:27:46  GPS채택:1994
17:27:46  GPS이상치거부:8
17:27:46  GPS품질거부:191
17:27:46  GPS재기준:1
17:27:46  RSSI원시:-86
17:27:46  RSSI평활:-85.6
17:27:46  RSSI샘플:29168
17:27:46  RSSI경과ms:11
17:27:46  차량수신:14510
17:27:46  시각ms:1540880
17:27:46  IMU시각ms:1540880
17:27:46  위험:0
17:27:46  GPS유효:1
17:27:46  위도:37.496616
17:27:46  경도:126.957870
17:27:46  속도:0.015
17:27:46  방향:188.0
17:27:46  GPS원시속도:0.015
17:27:46  GPS원시방향유효:1
17:27:46  GPS원시방향:187.0
17:27:46  가속도:4.080,-5.923,6.694
17:27:46  자이로:-0.809,-2.031,-1.260
17:27:46  자력계:-13.950,13.200,0.450
17:27:46  송신:15042
17:27:46  GPS위성:7
17:27:46  GPS_HDOP:1.23
17:27:46  원시위도:37.496616
17:27:46  원시경도:126.957874
17:27:46  GPS채택:1994
17:27:46  GPS이상치거부:8
17:27:46  GPS품질거부:191
17:27:46  GPS재기준:1
17:27:46  RSSI원시:-83
17:27:46  RSSI평활:-85.2
17:27:46  RSSI샘플:29170
17:27:46  RSSI경과ms:0
17:27:46  차량수신:14511
17:27:46  시각ms:1541135
17:27:46  IMU시각ms:1541135
17:27:46  위험:0
17:27:46  GPS유효:1
17:27:46  위도:37.496616
17:27:46  경도:126.957870
17:27:46  속도:0.015
17:27:46  방향:188.0
17:27:46  GPS원시속도:0.015
17:27:46  GPS원시방향유효:1
17:27:46  GPS원시방향:187.0
17:27:46  가속도:4.085,-6.182,6.847
17:27:46  자이로:1.542,-1.985,-0.023
17:27:46  자력계:-14.250,13.800,-0.300
17:27:46  송신:15045
17:27:46  GPS위성:7
17:27:46  GPS_HDOP:1.23
17:27:46  원시위도:37.496616
17:27:46  원시경도:126.957874
17:27:46  GPS채택:1994
17:27:46  GPS이상치거부:8
17:27:46  GPS품질거부:191
17:27:46  GPS재기준:1
17:27:46  RSSI원시:-83
17:27:46  RSSI평활:-84.6
17:27:46  RSSI샘플:29173
17:27:46  RSSI경과ms:101
17:27:46  차량수신:14512
17:27:46  시각ms:1541201
17:27:46  IMU시각ms:1541201
17:27:46  위험:0
17:27:46  GPS유효:1
17:27:46  위도:37.496616
17:27:46  경도:126.957870
17:27:46  속도:0.015
17:27:46  방향:188.0
17:27:46  GPS원시속도:0.015
17:27:46  GPS원시방향유효:1
17:27:46  GPS원시방향:187.0
17:27:46  가속도:4.094,-6.096,6.618
17:27:46  자이로:0.947,-0.748,-0.832
17:27:46  자력계:-14.400,13.500,-1.500
17:27:46  송신:15045
17:27:46  GPS위성:7
17:27:46  GPS_HDOP:1.23
17:27:46  원시위도:37.496616
17:27:46  원시경도:126.957874
17:27:46  GPS채택:1994
17:27:46  GPS이상치거부:8
17:27:46  GPS품질거부:191
17:27:46  GPS재기준:1
17:27:46  RSSI원시:-85
17:27:46  RSSI평활:-84.9
17:27:46  RSSI샘플:29175
17:27:46  RSSI경과ms:12
17:27:46  차량수신:14513
17:27:46  시각ms:1541342
17:27:46  IMU시각ms:1541342
17:27:46  위험:0
17:27:46  GPS유효:1
17:27:46  위도:37.496616
17:27:46  경도:126.957870
17:27:46  속도:0.015
17:27:46  방향:188.0
17:27:46  GPS원시속도:0.015
17:27:46  GPS원시방향유효:1
17:27:46  GPS원시방향:187.0
17:27:46  가속도:4.195,-6.062,6.675
17:27:46  자이로:-1.634,-2.679,1.344
17:27:46  자력계:-12.300,11.850,-1.350
17:27:46  송신:15047
17:27:46  GPS위성:7
17:27:46  GPS_HDOP:1.23
17:27:46  원시위도:37.496616
17:27:46  원시경도:126.957874
17:27:46  GPS채택:1994
17:27:46  GPS이상치거부:8
17:27:46  GPS품질거부:191
17:27:46  GPS재기준:1
17:27:46  RSSI원시:-86
17:27:46  RSSI평활:-84.8
17:27:46  RSSI샘플:29178
17:27:46  RSSI경과ms:8
17:27:46  차량수신:14514
17:27:47  시각ms:1541795
17:27:47  IMU시각ms:1541795
17:27:47  위험:0
17:27:47  GPS유효:1
17:27:47  위도:37.496616
17:27:47  경도:126.957870
17:27:47  속도:0.012
17:27:47  방향:188.0
17:27:47  GPS원시속도:0.010
17:27:47  GPS원시방향유효:1
17:27:47  GPS원시방향:187.0
17:27:47  가속도:4.065,-5.942,6.632
17:27:47  자이로:-2.160,-2.328,-0.573
17:27:47  자력계:-15.000,12.600,2.550
17:27:47  송신:15051
17:27:47  GPS위성:7
17:27:47  GPS_HDOP:1.23
17:27:47  원시위도:37.496615
17:27:47  원시경도:126.957874
17:27:47  GPS채택:1996
17:27:47  GPS이상치거부:8
17:27:47  GPS품질거부:191
17:27:47  GPS재기준:1
17:27:47  RSSI원시:-84
17:27:47  RSSI평활:-85.0
17:27:47  RSSI샘플:29184
17:27:47  RSSI경과ms:26
17:27:47  차량수신:14516
17:27:47  시각ms:1541895
17:27:47  IMU시각ms:1541895
17:27:47  위험:0
17:27:47  GPS유효:1
17:27:47  위도:37.496616
17:27:47  경도:126.957870
17:27:47  속도:0.012
17:27:47  방향:188.0
17:27:47  GPS원시속도:0.010
17:27:47  GPS원시방향유효:1
17:27:47  GPS원시방향:187.0
17:27:47  가속도:3.998,-6.014,6.819
17:27:47  자이로:-1.527,-1.824,-0.626
17:27:47  자력계:-12.750,14.100,-0.300
17:27:47  송신:15052
17:27:47  GPS위성:7
17:27:47  GPS_HDOP:1.23
17:27:47  원시위도:37.496615
17:27:47  원시경도:126.957874
17:27:47  GPS채택:1996
17:27:47  GPS이상치거부:8
17:27:47  GPS품질거부:191
17:27:47  GPS재기준:1
17:27:47  RSSI원시:-86
17:27:47  RSSI평활:-85.2
17:27:47  RSSI샘플:29185
17:27:47  RSSI경과ms:58
17:27:47  차량수신:14516
17:27:47  시각ms:1541996
17:27:47  IMU시각ms:1541996
17:27:47  위험:0
17:27:47  GPS유효:1
17:27:47  위도:37.496616
17:27:47  경도:126.957870
17:27:47  속도:0.012
17:27:47  방향:188.0
17:27:47  GPS원시속도:0.010
17:27:47  GPS원시방향유효:1
17:27:47  GPS원시방향:187.0
17:27:47  가속도:4.094,-6.033,6.737
17:27:47  자이로:-0.595,-1.382,-2.000
17:27:47  자력계:-12.750,13.800,-0.300
17:27:47  송신:15053
17:27:47  GPS위성:7
17:27:47  GPS_HDOP:1.23
17:27:47  원시위도:37.496615
17:27:47  원시경도:126.957874
17:27:47  GPS채택:1996
17:27:47  GPS이상치거부:8
17:27:47  GPS품질거부:191
17:27:47  GPS재기준:1
17:27:47  RSSI원시:-87
17:27:47  RSSI평활:-85.6
17:27:47  RSSI샘플:29186
17:27:47  RSSI경과ms:53
17:27:47  차량수신:14516
