17:27:32  시각ms:1538325
17:27:32  IMU시각ms:1538325
17:27:32  위험:0
17:27:32  원시위험:0
17:27:32  GPS유효:1
17:27:32  위도:37.496553
17:27:32  경도:126.958075
17:27:32  속도:0.00
17:27:32  방향:178.0
17:27:32  GPS원시속도:0.000
17:27:32  GPS원시방향유효:1
17:27:32  GPS원시방향:182.8
17:27:32  가속도:-0.38,1.15,9.62
17:27:32  자이로:2.3,-1.6,1.5
17:27:32  자력계:38.850,-22.350,-2.550
17:27:32  충격값:0.07
17:27:32  송신:14981
17:27:32  지팡이수신:14536
17:27:32  GPS위성:6
17:27:32  GPS_HDOP:1.40
17:27:32  원시위도:37.496555
17:27:32  원시경도:126.958075
17:27:32  GPS채택:468
17:27:32  GPS이상치거부:24
17:27:32  GPS품질거부:84
17:27:32  GPS재기준:6
17:27:32  계산거리:19.25
17:27:32  접근속도:0.04
17:27:32  TTC:999.00
17:27:32  방향오차:118.2
17:27:32  전방여부:0
17:27:32  위험음성횟수:0
17:27:32  충격음성횟수:1
17:27:32  마지막위험음성:0
17:27:32  RSSI원시:-69
17:27:32  RSSI평활:-74.0
17:27:32  RSSI샘플:14536
17:27:32  RSSI경과ms:94
17:27:32  위험송신:14536
17:27:33  시각ms:1538959
17:27:33  IMU시각ms:1538947
17:27:33  위험:0
17:27:33  원시위험:0
17:27:33  GPS유효:1
17:27:33  위도:37.496553
17:27:33  경도:126.958075
17:27:33  속도:0.00
17:27:33  방향:178.0
17:27:33  GPS원시속도:0.000
17:27:33  GPS원시방향유효:1
17:27:33  GPS원시방향:182.8
17:27:33  가속도:-0.46,1.11,9.71
17:27:33  자이로:-1.2,1.7,-0.5
17:27:33  자력계:38.850,-22.800,-2.250
17:27:33  충격값:0.11
17:27:33  송신:14987
17:27:33  지팡이수신:14543
17:27:33  GPS위성:6
17:27:33  GPS_HDOP:1.40
17:27:33  원시위도:37.496555
17:27:33  원시경도:126.958075
17:27:33  GPS채택:469
17:27:33  GPS이상치거부:24
17:27:33  GPS품질거부:84
17:27:33  GPS재기준:6
17:27:33  계산거리:19.06
17:27:33  접근속도:0.13
17:27:33  TTC:999.00
17:27:33  방향오차:117.2
17:27:33  전방여부:0
17:27:33  위험음성횟수:0
17:27:33  충격음성횟수:1
17:27:33  마지막위험음성:0
17:27:33  RSSI원시:-74
17:27:33  RSSI평활:-75.4
17:27:33  RSSI샘플:14543
17:27:33  RSSI경과ms:13
17:27:33  위험송신:14543
17:27:33  시각ms:1539697
17:27:33  IMU시각ms:1539697
17:27:33  위험:0
17:27:33  원시위험:0
17:27:33  GPS유효:1
17:27:33  위도:37.496553
17:27:33  경도:126.958075
17:27:33  속도:0.00
17:27:33  방향:178.0
17:27:33  GPS원시속도:0.000
17:27:33  GPS원시방향유효:1
17:27:33  GPS원시방향:182.8
17:27:33  가속도:-0.42,1.13,9.66
17:27:33  자이로:1.3,-1.7,-1.0
17:27:33  자력계:39.450,-22.950,-2.700
17:27:33  충격값:0.05
17:27:33  송신:14994
17:27:33  지팡이수신:14549
17:27:34  GPS위성:6
17:27:34  GPS_HDOP:1.40
17:27:34  원시위도:37.496555
17:27:34  원시경도:126.958075
17:27:34  GPS채택:470
17:27:34  GPS이상치거부:24
17:27:34  GPS품질거부:84
17:27:34  GPS재기준:6
17:27:34  계산거리:19.06
17:27:34  접근속도:0.10
17:27:34  TTC:999.00
17:27:34  방향오차:115.6
17:27:34  전방여부:0
17:27:34  위험음성횟수:0
17:27:34  충격음성횟수:1
17:27:34  마지막위험음성:0
17:27:34  RSSI원시:-77
17:27:34  RSSI평활:-76.8
17:27:34  RSSI샘플:14549
17:27:34  RSSI경과ms:32
17:27:34  위험송신:14549
17:27:34  시각ms:1540317
17:27:34  IMU시각ms:1540317
17:27:34  위험:0
17:27:34  원시위험:0
17:27:34  GPS유효:1
17:27:34  위도:37.496554
17:27:34  경도:126.958075
17:27:34  속도:0.00
17:27:34  방향:178.0
17:27:34  GPS원시속도:0.000
17:27:34  GPS원시방향유효:1
17:27:34  GPS원시방향:182.8
17:27:34  가속도:-0.25,1.22,9.63
17:27:34  자이로:-1.4,1.1,-0.8
17:27:34  자력계:40.350,-22.800,-3.000
17:27:34  충격값:0.17
17:27:34  송신:15000
17:27:34  지팡이수신:14552
17:27:34  GPS위성:6
17:27:34  GPS_HDOP:1.40
17:27:34  원시위도:37.496555
17:27:34  원시경도:126.958075
17:27:34  GPS채택:472
17:27:34  GPS이상치거부:24
17:27:34  GPS품질거부:84
17:27:34  GPS재기준:6
17:27:34  계산거리:19.05
17:27:34  접근속도:0.07
17:27:34  TTC:999.00
17:27:34  방향오차:115.6
17:27:34  전방여부:0
17:27:34  위험음성횟수:0
17:27:34  충격음성횟수:1
17:27:34  마지막위험음성:0
17:27:34  RSSI원시:-80
17:27:34  RSSI평활:-78.2
17:27:34  RSSI샘플:14552
17:27:34  RSSI경과ms:351
17:27:34  위험송신:14552
17:27:35  시각ms:1541591
17:27:35  IMU시각ms:1541591
17:27:35  위험:0
17:27:35  원시위험:0
17:27:35  GPS유효:1
17:27:35  위도:37.496554
17:27:35  경도:126.958075
17:27:35  속도:0.00
17:27:35  방향:178.0
17:27:35  GPS원시속도:0.000
17:27:35  GPS원시방향유효:1
17:27:35  GPS원시방향:182.8
17:27:35  가속도:-0.46,1.08,9.65
17:27:35  자이로:1.7,-1.4,0.5
17:27:35  자력계:39.300,-22.800,-3.300
17:27:35  충격값:0.08
17:27:35  송신:15013
17:27:35  지팡이수신:14563
17:27:35  GPS위성:6
17:27:35  GPS_HDOP:1.40
17:27:35  원시위도:37.496555
17:27:35  원시경도:126.958075
17:27:35  GPS채택:474
17:27:35  GPS이상치거부:24
17:27:35  GPS품질거부:84
17:27:35  GPS재기준:6
17:27:35  계산거리:18.87
17:27:35  접근속도:0.12
17:27:35  TTC:999.00
17:27:35  방향오차:114.0
17:27:35  전방여부:0
17:27:35  위험음성횟수:0
17:27:35  충격음성횟수:1
17:27:35  마지막위험음성:0
17:27:35  RSSI원시:-81
17:27:35  RSSI평활:-80.0
17:27:35  RSSI샘플:14563
17:27:35  RSSI경과ms:100
17:27:35  위험송신:14563
17:27:37  시각ms:1542925
17:27:37  IMU시각ms:1542925
17:27:37  위험:0
17:27:37  원시위험:0
17:27:37  GPS유효:1
17:27:37  위도:37.496554
17:27:37  경도:126.958075
17:27:37  속도:0.00
17:27:37  방향:178.0
17:27:37  GPS원시속도:0.000
17:27:37  GPS원시방향유효:1
17:27:37  GPS원시방향:182.8
17:27:37  가속도:-0.37,1.06,9.61
17:27:37  자이로:1.6,-0.5,0.8
17:27:37  자력계:38.700,-22.200,-2.700
17:27:37  충격값:0.04
17:27:37  송신:15025
17:27:37  지팡이수신:14574
17:27:37  GPS위성:6
17:27:37  GPS_HDOP:1.40
17:27:37  원시위도:37.496555
17:27:37  원시경도:126.958075
17:27:37  GPS채택:477
17:27:37  GPS이상치거부:24
17:27:37  GPS품질거부:84
17:27:37  GPS재기준:6
17:27:37  계산거리:18.86
17:27:37  접근속도:0.06
17:27:37  TTC:999.00
17:27:37  방향오차:114.0
17:27:37  전방여부:0
17:27:37  위험음성횟수:0
17:27:37  충격음성횟수:1
17:27:37  마지막위험음성:0
17:27:37  RSSI원시:-84
17:27:37  RSSI평활:-83.4
17:27:37  RSSI샘플:14574
17:27:37  RSSI경과ms:199
17:27:37  위험송신:14574
17:27:37  시각ms:1543236
17:27:37  IMU시각ms:1543236
17:27:37  위험:0
17:27:37  원시위험:0
17:27:37  GPS유효:1
17:27:37  위도:37.496554
17:27:37  경도:126.958075
17:27:37  속도:0.00
17:27:37  방향:178.0
17:27:37  GPS원시속도:0.000
17:27:37  GPS원시방향유효:1
17:27:37  GPS원시방향:182.8
17:27:37  가속도:-0.24,1.09,9.63
17:27:37  자이로:0.1,0.7,-1.2
17:27:37  자력계:39.150,-22.500,-4.650
17:27:37  충격값:0.13
17:27:37  송신:15028
17:27:37  지팡이수신:14575
17:27:37  GPS위성:6
17:27:37  GPS_HDOP:1.40
17:27:37  원시위도:37.496555
17:27:37  원시경도:126.958075
17:27:37  GPS채택:478
17:27:37  GPS이상치거부:24
17:27:37  GPS품질거부:84
17:27:37  GPS재기준:6
17:27:37  계산거리:18.85
17:27:37  접근속도:0.05
17:27:37  TTC:999.00
17:27:37  방향오차:114.0
17:27:37  전방여부:0
17:27:37  위험음성횟수:0
17:27:37  충격음성횟수:1
17:27:37  마지막위험음성:0
17:27:37  RSSI원시:-86
17:27:37  RSSI평활:-84.0
17:27:37  RSSI샘플:14575
17:27:37  RSSI경과ms:87
17:27:37  위험송신:14575
17:27:37  시각ms:1543601
17:27:37  IMU시각ms:1543601
17:27:37  위험:0
17:27:37  원시위험:0
17:27:37  GPS유효:1
17:27:37  위도:37.496554
17:27:37  경도:126.958075
17:27:37  속도:0.00
17:27:37  방향:178.0
17:27:37  GPS원시속도:0.000
17:27:37  GPS원시방향유효:1
17:27:37  GPS원시방향:182.8
17:27:37  가속도:-0.41,1.16,9.64
17:27:37  자이로:-0.8,3.1,0.9
17:27:37  자력계:39.150,-22.950,-3.450
17:27:37  충격값:0.08
17:27:37  송신:15032
17:27:37  지팡이수신:14578
17:27:37  GPS위성:6
17:27:37  GPS_HDOP:1.40
17:27:37  원시위도:37.496555
17:27:37  원시경도:126.958075
17:27:37  GPS채택:478
17:27:37  GPS이상치거부:24
17:27:37  GPS품질거부:84
17:27:37  GPS재기준:6
17:27:37  계산거리:18.85
17:27:37  접근속도:0.05
17:27:37  TTC:999.00
17:27:37  방향오차:114.0
17:27:37  전방여부:0
17:27:37  위험음성횟수:0
17:27:37  충격음성횟수:1
17:27:37  마지막위험음성:0
17:27:37  RSSI원시:-85
17:27:37  RSSI평활:-84.2
17:27:37  RSSI샘플:14578
17:27:37  RSSI경과ms:55
17:27:37  위험송신:14578
17:27:38  시각ms:1544084
17:27:38  IMU시각ms:1544084
17:27:38  위험:0
17:27:38  원시위험:0
17:27:38  GPS유효:1
17:27:38  위도:37.496554
17:27:38  경도:126.958075
17:27:38  속도:0.00
17:27:38  방향:178.0
17:27:38  GPS원시속도:0.000
17:27:38  GPS원시방향유효:1
17:27:38  GPS원시방향:182.8
17:27:38  가속도:-0.44,1.03,9.67
17:27:38  자이로:0.0,0.7,-2.7
17:27:38  자력계:38.850,-21.600,-3.750
17:27:38  충격값:0.09
17:27:38  송신:15036
17:27:38  지팡이수신:14582
17:27:38  GPS위성:6
17:27:38  GPS_HDOP:1.40
17:27:38  원시위도:37.496555
17:27:38  원시경도:126.958075
17:27:38  GPS채택:479
17:27:38  GPS이상치거부:24
17:27:38  GPS품질거부:84
17:27:38  GPS재기준:6
17:27:38  계산거리:18.85
17:27:38  접근속도:0.03
17:27:38  TTC:999.00
17:27:38  방향오차:114.0
17:27:38  전방여부:0
17:27:38  위험음성횟수:0
17:27:38  충격음성횟수:1
17:27:38  마지막위험음성:0
17:27:38  RSSI원시:-84
17:27:38  RSSI평활:-84.5
17:27:38  RSSI샘플:14582
17:27:38  RSSI경과ms:33
17:27:38  위험송신:14582
17:27:38  시각ms:1544286
17:27:38  IMU시각ms:1544286
17:27:38  위험:0
17:27:38  원시위험:0
17:27:38  GPS유효:1
17:27:38  위도:37.496554
17:27:38  경도:126.958075
17:27:38  속도:0.00
17:27:38  방향:178.0
17:27:38  GPS원시속도:0.000
17:27:38  GPS원시방향유효:1
17:27:38  GPS원시방향:182.8
17:27:38  가속도:-0.35,1.12,9.65
17:27:38  자이로:0.2,1.2,-0.1
17:27:38  자력계:40.050,-23.550,-2.550
17:27:38  충격값:0.05
17:27:38  송신:15038
17:27:38  지팡이수신:14582
17:27:38  GPS위성:6
17:27:38  GPS_HDOP:1.40
17:27:38  원시위도:37.496555
17:27:38  원시경도:126.958075
17:27:38  GPS채택:480
17:27:38  GPS이상치거부:24
17:27:38  GPS품질거부:84
17:27:38  GPS재기준:6
17:27:38  계산거리:18.85
17:27:38  접근속도:0.03
17:27:38  TTC:999.00
17:27:38  방향오차:114.0
17:27:38  전방여부:0
17:27:38  위험음성횟수:0
17:27:38  충격음성횟수:1
17:27:38  마지막위험음성:0
17:27:38  RSSI원시:-84
17:27:38  RSSI평활:-84.5
17:27:38  RSSI샘플:14582
17:27:38  RSSI경과ms:235
17:27:38  위험송신:14582
17:27:39  시각ms:1545281
17:27:39  IMU시각ms:1545281
17:27:39  위험:0
17:27:39  원시위험:0
17:27:39  GPS유효:1
17:27:39  위도:37.496554
17:27:39  경도:126.958075
17:27:39  속도:0.00
17:27:39  방향:178.0
17:27:39  GPS원시속도:0.000
17:27:39  GPS원시방향유효:1
17:27:39  GPS원시방향:182.8
17:27:39  가속도:-0.43,1.06,9.66
17:27:39  자이로:-1.8,0.4,-1.2
17:27:39  자력계:38.250,-21.000,-3.450
17:27:39  충격값:0.04
17:27:39  송신:15048
17:27:39  지팡이수신:14591
17:27:39  GPS위성:6
17:27:39  GPS_HDOP:1.40
17:27:39  원시위도:37.496555
17:27:39  원시경도:126.958075
17:27:39  GPS채택:482
17:27:39  GPS이상치거부:24
17:27:39  GPS품질거부:84
17:27:39  GPS재기준:6
17:27:39  계산거리:18.84
17:27:39  접근속도:0.02
17:27:39  TTC:999.00
17:27:39  방향오차:114.0
17:27:39  전방여부:0
17:27:39  위험음성횟수:0
17:27:39  충격음성횟수:1
17:27:39  마지막위험음성:0
17:27:39  RSSI원시:-82
17:27:39  RSSI평활:-82.4
17:27:39  RSSI샘플:14591
17:27:39  RSSI경과ms:120
17:27:39  위험송신:14591
17:27:41  시각ms:1546935
17:27:41  IMU시각ms:1546935
17:27:41  위험:0
17:27:41  원시위험:0
17:27:41  GPS유효:1
17:27:41  위도:37.496555
17:27:41  경도:126.958075
17:27:41  속도:0.00
17:27:41  방향:178.0
17:27:41  GPS원시속도:0.000
17:27:41  GPS원시방향유효:1
17:27:41  GPS원시방향:182.8
17:27:41  가속도:-0.27,1.22,9.55
17:27:41  자이로:3.5,-1.0,0.1
17:27:41  자력계:38.850,-22.350,-3.750
17:27:41  충격값:0.21
17:27:41  송신:15063
17:27:41  지팡이수신:14608
17:27:41  GPS위성:5
17:27:41  GPS_HDOP:1.60
17:27:41  원시위도:37.496557
17:27:41  원시경도:126.958075
17:27:41  GPS채택:485
17:27:41  GPS이상치거부:24
17:27:41  GPS품질거부:84
17:27:41  GPS재기준:6
17:27:41  계산거리:18.67
17:27:41  접근속도:0.07
17:27:41  TTC:999.00
17:27:41  방향오차:112.4
17:27:41  전방여부:0
17:27:41  위험음성횟수:0
17:27:41  충격음성횟수:1
17:27:41  마지막위험음성:0
17:27:41  RSSI원시:-82
17:27:41  RSSI평활:-78.7
17:27:41  RSSI샘플:14608
17:27:41  RSSI경과ms:31
17:27:41  위험송신:14608
17:27:42  시각ms:1548476
17:27:42  IMU시각ms:1548476
17:27:42  위험:0
17:27:42  원시위험:0
17:27:42  GPS유효:1
17:27:42  위도:37.496555
17:27:42  경도:126.958075
17:27:42  속도:0.00
17:27:42  방향:178.0
17:27:42  GPS원시속도:0.000
17:27:42  GPS원시방향유효:1
17:27:42  GPS원시방향:182.8
17:27:42  가속도:-0.34,1.13,9.63
17:27:42  자이로:0.3,-0.8,1.2
17:27:42  자력계:40.800,-22.050,-4.050
17:27:42  충격값:0.05
17:27:42  송신:15078
17:27:42  지팡이수신:14623
17:27:42  GPS위성:5
17:27:42  GPS_HDOP:1.60
17:27:42  원시위도:37.496557
17:27:42  원시경도:126.958075
17:27:42  GPS채택:488
17:27:42  GPS이상치거부:24
17:27:42  GPS품질거부:84
17:27:42  GPS재기준:6
17:27:42  계산거리:18.65
17:27:42  접근속도:0.03
17:27:42  TTC:999.00
17:27:42  방향오차:112.4
17:27:42  전방여부:0
17:27:42  위험음성횟수:0
17:27:42  충격음성횟수:1
17:27:42  마지막위험음성:0
17:27:42  RSSI원시:-82
17:27:42  RSSI평활:-80.4
17:27:42  RSSI샘플:14623
17:27:42  RSSI경과ms:66
17:27:42  위험송신:14623
17:27:42  시각ms:1548531
17:27:42  IMU시각ms:1548519
17:27:42  위험:0
17:27:42  원시위험:0
17:27:42  GPS유효:1
17:27:42  위도:37.496555
17:27:42  경도:126.958075
17:27:42  속도:0.00
17:27:42  방향:178.0
17:27:42  GPS원시속도:0.000
17:27:42  GPS원시방향유효:1
17:27:42  GPS원시방향:182.8
17:27:42  가속도:-0.35,1.09,9.73
17:27:42  자이로:-0.9,1.1,-3.9
17:27:42  자력계:39.900,-21.450,-3.450
17:27:42  충격값:0.09
17:27:42  송신:15078
17:27:42  지팡이수신:14624
17:27:42  GPS위성:5
17:27:42  GPS_HDOP:1.60
17:27:42  원시위도:37.496557
17:27:42  원시경도:126.958075
17:27:42  GPS채택:488
17:27:42  GPS이상치거부:24
17:27:42  GPS품질거부:84
17:27:42  GPS재기준:6
17:27:42  계산거리:18.65
17:27:42  접근속도:0.03
17:27:42  TTC:999.00
17:27:42  방향오차:112.4
17:27:42  전방여부:0
17:27:42  위험음성횟수:0
17:27:42  충격음성횟수:1
17:27:42  마지막위험음성:0
17:27:42  RSSI원시:-79
17:27:42  RSSI평활:-80.1
17:27:42  RSSI샘플:14624
17:27:42  RSSI경과ms:16
17:27:42  위험송신:14624
17:27:43  시각ms:1548971
17:27:43  IMU시각ms:1548970
17:27:43  위험:0
17:27:43  원시위험:0
17:27:43  GPS유효:1
17:27:43  위도:37.496555
17:27:43  경도:126.958075
17:27:43  속도:0.00
17:27:43  방향:178.0
17:27:43  GPS원시속도:0.000
17:27:43  GPS원시방향유효:1
17:27:43  GPS원시방향:182.8
17:27:43  가속도:-0.42,1.23,9.74
17:27:43  자이로:0.3,-0.6,-0.5
17:27:43  자력계:39.300,-21.600,-2.550
17:27:43  충격값:0.19
17:27:43  송신:15083
17:27:43  지팡이수신:14628
17:27:43  GPS위성:5
17:27:43  GPS_HDOP:1.60
17:27:43  원시위도:37.496557
17:27:43  원시경도:126.958075
17:27:43  GPS채택:489
17:27:43  GPS이상치거부:24
17:27:43  GPS품질거부:84
17:27:43  GPS재기준:6
17:27:43  계산거리:18.65
17:27:43  접근속도:0.02
17:27:43  TTC:999.00
17:27:43  방향오차:112.4
17:27:43  전방여부:0
17:27:43  위험음성횟수:0
17:27:43  충격음성횟수:1
17:27:43  마지막위험음성:0
17:27:43  RSSI원시:-79
17:27:43  RSSI평활:-80.1
17:27:43  RSSI샘플:14628
17:27:43  RSSI경과ms:37
17:27:43  위험송신:14628
17:27:46  시각ms:1552583
17:27:46  IMU시각ms:1552583
17:27:46  위험:0
17:27:46  원시위험:0
17:27:46  GPS유효:1
17:27:46  위도:37.496556
17:27:46  경도:126.958075
17:27:46  속도:0.00
17:27:46  방향:178.0
17:27:46  GPS원시속도:0.000
17:27:46  GPS원시방향유효:1
17:27:46  GPS원시방향:182.8
17:27:46  가속도:-0.46,1.16,9.66
17:27:46  자이로:3.2,-0.6,-1.7
17:27:46  자력계:38.850,-21.150,-2.250
17:27:46  충격값:0.12
17:27:46  송신:15117
17:27:46  지팡이수신:14662
17:27:46  GPS위성:5
17:27:46  GPS_HDOP:1.60
17:27:46  원시위도:37.496557
17:27:46  원시경도:126.958075
17:27:46  GPS채택:496
17:27:46  GPS이상치거부:24
17:27:46  GPS품질거부:84
17:27:46  GPS재기준:6
17:27:46  계산거리:19.25
17:27:46  접근속도:-0.36
17:27:46  TTC:999.00
17:27:46  방향오차:111.7
17:27:46  전방여부:0
17:27:46  위험음성횟수:0
17:27:46  충격음성횟수:1
17:27:46  마지막위험음성:0
17:27:46  RSSI원시:-83
17:27:46  RSSI평활:-82.6
17:27:46  RSSI샘플:14662
17:27:46  RSSI경과ms:77
17:27:46  위험송신:14662
