1787208944.450 RX 7763,"recv_count":3616,"lost_count":19,"rssi":-61,"rssi_dist":2.63,"src_mac":"1C:C3:AB:D1:73:5C"}
1787208944.520 RX {"type":"cane","node_id":4125577512,"seq":3234,"gps_valid":1,"heading_valid":1,"lat":37.496506,"lng":126.958267,"speed_mps":0.206,"heading_deg":68.32,"node_risk":0,"tx_ms":347711,"rx_ms":377832,"recv_count":3474,"lost_count":65150,"rssi":-53,"rssi_dist":-1.00,"src_mac":"30:76:F5:E7:51:28"}
1787208944.546 RX {"type":"vehicle","node_id":2882630492,"seq":3810,"gps_valid":1,"heading_valid":0,"lat":37.496449,"lng":126.958351,"speed_mps":0.009,"heading_deg":77.66,"node_risk":0,"tx_ms":411330,"rx_ms":377859,"recv_count":3617,"lost_count":19,"rssi":-62,"rssi_dist":2.45,"src_mac":"1C:C3:AB:D1:73:5C"}
1787208944.547 TX {"target_id":0,"risk":0}
1787208944.620 RX {"type":"cane","node_id":4125577512,"seq":3235,"gps_valid":1,"heading_valid":0,"lat":37.496506,"lng":126.958267,"speed_mps":0.163,"heading_deg":0.00,"node_risk":0,"tx_ms":347816,"rx_ms":377934,"recv_count":3475,"lost_count":65150,"rssi":-52,"rssi_dist":-1.00,"src_mac":"30:76:F5:E7:51:28"}
1787208944.650 RX {"type":"vehicle","node_id":2882630492,"seq":3811,"gps_valid":1,"heading_valid":0,"lat":37.496449,"lng":126.958351,"speed_mps":0.009,"heading_deg":77.66,"node_risk":0,"tx_ms":411431,"rx_ms":377962,"recv_count":3618,"lost_count":19,"rssi":-62,"rssi_dist":2.40,"src_mac":"1C:C3:AB:D1:73:5C"}
1787208944.726 RX {"type":"cane","node_id":4125577512,"seq":3236,"gps_valid":1,"heading_valid":0,"lat":37.496506,"lng":126.958267,"speed_mps":0.163,"heading_deg":0.00,"node_risk":0,"tx_ms":347922,"rx_ms":378040,"recv_count":3476,"lost_count":65150,"rssi":-58,"rssi_dist":-1.00,"src_mac":"30:76:F5:E7:51:28"}
1787208944.756 RX {"type":"vehicle","node_id":2882630492,"seq":3812,"gps_valid":1,"heading_valid":0,"lat":37.496449,"lng":126.958351,"speed_mps":0.009,"heading_deg":77.66,"node_risk":0,"tx_ms":411538,"rx_ms":378068,"recv_count":3619,"lost_count":19,"rssi":-60,"rssi_dist":2.80,"src_mac":"1C:C3:AB:D1:73:5C"}
1787208944.757 TX {"target_id":0,"risk":0}
1787208944.834 RX {"type":"cane","node_id":4125577512,"seq":3237,"gps_valid":1,"heading_valid":1,"lat":37.496506,"lng":126.958267,"speed_mps":0.161,"heading_deg":359.91,"node_risk":0,"tx_ms":348028,"rx_ms":378146,"recv_count":3477,"lost_count":65150,"rssi":-50,"rssi_dist":-1.00,"src_mac":"30:76:F5:E7:51:28"}
1787208944.860 RX {"type":"vehicle","node_id":2882630492,"seq":3813,"gps_valid":1,"heading_valid":0,"lat":37.496449,"lng":126.958351,"speed_mps":0.009,"heading_deg":77.66,"node_risk":0,"tx_ms":411638,"rx_ms":378174,"recv_count":3620,"lost_count":19,"rssi":-62,"rssi_dist":2.77,"src_mac":"1C:C3:AB:D1:73:5C"}
1787208944.948 RX {"type":"cane","node_id":4125577512,"seq":3238,"gps_valid":1,"heading_valid":1,"lat":37.496506,"lng":126.958267,"speed_mps":0.161,"heading_deg":359.91,"node_risk":0,"tx_ms":348134,"rx_ms":378258,"recv_count":3478,"lost_count":65150,"rssi":-45,"rssi_dist":-1.00,"src_mac":"30:76:F5:E7:51:28"}
1787208944.972 RX {"type":"vehicle","node_id":2882630492,"seq":3814,"gps_valid":1,"heading_valid":0,"lat":37.496449,"lng":126.958351,"speed_mps":0.009,"heading_deg":77.66,"node_risk":0,"tx_ms":411738,"rx_ms":378269,"recv_count":3621,"lost_count":19,"rssi":-63,"rssi_dist":2.70,"src_mac":"1C:C3:AB:D1:73:5C"}
1787208944.972 TX {"target_id":0,"risk":0}
1787208945.051 RX {"type":"cane","node_id":4125577512,"seq":3239,"gps_valid":1,"heading_valid":1,"lat":37.496506,"lng":126.958267,"speed_mps":0.175,"heading_deg":359.76,"node_risk":0,"tx_ms":348240,"rx_ms":378361,"recv_count":3479,"lost_count":65150,"rssi":-49,"rssi_dist":-1.00,"src_mac":"30:76:F5:E7:51:28"}
1787208945.074 RX {"type":"vehicle","node_id":2882630492,"seq":3815,"gps_valid":1,"heading_valid":0,"lat":37.496449,"lng":126.958351,"speed_mps":0.009,"heading_deg":77.66,"node_risk":0,"tx_ms":411841,"rx_ms":378372,"recv_count":3622,"lost_count":19,"rssi":-63,"rssi_dist":2.85,"src_mac":"1C:C3:AB:D1:73:5C"}
1787208945.166 RX {"type":"vehicle","node_id":2882630492,"seq":3816,"gps_valid":1,"heading_valid":0,"lat":37.496449,"lng":126.958351,"speed_mps":0.009,"heading_deg":77.66,"node_risk":0,"tx_ms":411943,"rx_ms":378477,"recv_count":3623,"lost_count":19,"rssi":-63,"rssi_dist":2.85,"src_mac":"1C:C3:AB:D1:73:5C"}
1787208945.189 RX {"type":"cane","node_id":4125577512,"seq":3240,"gps_valid":1,"heading_valid":1,"lat":37.496506,"lng":126.958267,"speed_mps":0.175,"heading_deg":359.79,"node_risk":0,"tx_ms":348346,"rx_ms":378478,"recv_count":3480,"lost_count":65150,"rssi":-46,"rssi_dist":-1.00,"src_mac":"30:76:F5:E7:51:28"}
1787208945.190 TX {"target_id":0,"risk":0}
1787208945.260 RX {"type":"cane","node_id":4125577512,"seq":3241,"gps_valid":1,"heading_valid":1,"lat":37.496506,"lng":126.958267,"speed_mps":0.182,"heading_deg":359.79,"node_risk":0,"tx_ms":348452,"rx_ms":378570,"recv_count":3481,"lost_count":65150,"rssi":-50,"rssi_dist":-1.00,"src_mac":"30:76:F5:E7:51:28"}
1787208945.283 RX {"type":"vehicle","node_id":2882630492,"seq":3817,"gps_valid":1,"heading_valid":0,"lat":37.496452,"lng":126.958351,"speed_mps":0.004,"heading_deg":77.66,"node_risk":0,"tx_ms":412045,"rx_ms":378579,"recv_count":3624,"lost_count":19,"rssi":-63,"rssi_dist":3.26,"src_mac":"1C:C3:AB:D1:73:5C"}
1787208945.368 RX {"type":"cane","node_id":4125577512,"seq":3242,"gps_valid":1,"heading_valid":1,"lat":37.496506,"lng":126.958267,"speed_mps":0.182,"heading_deg":359.79,"node_risk":0,"tx_ms":348557,"rx_ms":378678,"recv_count":3482,"lost_count":65150,"rssi":-53,"rssi_dist":-1.00,"src_mac":"30:76:F5:E7:51:28"}
1787208945.391 RX {"type":"vehicle","node_id":2882630492,"seq":3818,"gps_valid":1,"heading_valid":0,"lat":37.496452,"lng":126.958351,"speed_mps":0.004,"heading_deg":77.66,"node_risk":0,"tx_ms":412151,"rx_ms":378681,"recv_count":3625,"lost_count":19,"rssi":-65,"rssi_dist":3.26,"src_mac":"1C:C3:AB:D1:73:5C"}
1787208945.392 TX {"target_id":0,"risk":0}
1787208945.470 RX {"type":"cane","node_id":4125577512,"seq":3243,"gps_valid":1,"heading_valid":1,"lat":37.496506,"lng":126.958267,"speed_mps":0.180,"heading_deg":359.79,"node_risk":0,"tx_ms":348663,"rx_ms":378782,"recv_count":3483,"lost_count":65150,"rssi":-49,"rssi_dist":-1.00,"src_mac":"30:76:F5:E7:51:28"}
1787208945.574 RX {"type":"cane","node_id":4125577512,"seq":3244,"gps_valid":1,"heading_valid":1,"lat":37.496506,"lng":126.958267,"speed_mps":0.180,"heading_deg":359.79,"node_risk":0,"tx_ms":348768,"rx_ms":378885,"recv_count":3484,"lost_count":65150,"rssi":-49,"rssi_dist":-1.00,"src_mac":"30:76:F5:E7:51:28"}
1787208945.597 RX {"type":"vehicle","node_id":2882630492,"seq":3820,"gps_valid":1,"heading_valid":0,"lat":37.496452,"lng":126.958351,"speed_mps":0.004,"heading_deg":77.66,"node_risk":0,"tx_ms":412358,"rx_ms":378887,"recv_count":3626,"lost_count":20,"rssi":-63,"rssi_dist":3.35,"src_mac":"1C:C3:AB:D1:73:5C"}
1787208945.598 TX {"target_id":0,"risk":0}
1787208945.678 RX {"type":"vehicle","node_id":2882630492,"seq":3821,"gps_valid":1,"heading_valid":0,"lat":37.496452,"lng":126.958351,"speed_mps":0.004,"heading_deg":77.66,"node_risk":0,"tx_ms":412458,"rx_ms":378989,"recv_count":3627,"lost_count":20,"rssi":-63,"rssi_dist":3.39,"src_mac":"1C:C3:AB:D1:73:5C"}
1787208945.701 RX {"type":"cane","node_id":4125577512,"seq":3245,"gps_valid":1,"heading_valid":1,"lat":37.496506,"lng":126.958267,"speed_mps":0.183,"heading_deg":359.79,"node_risk":0,"tx_ms":348874,"rx_ms":378991,"recv_count":3485,"lost_count":65150,"rssi":-52,"rssi_dist":-1.00,"src_mac":"30:76:F5:E7:51:28"}
1787208945.778 RX {"type":"vehicle","node_id":2882630492,"seq":3822,"gps_valid":1,"heading_valid":0,"lat":37.496452,"lng":126.958351,"speed_mps":0.004,"heading_deg":77.66,"node_risk":0,"tx_ms":412558,"rx_ms":379089,"recv_count":3628,"lost_count":20,"rssi":-62,"rssi_dist":3.23,"src_mac":"1C:C3:AB:D1:73:5C"}
1787208945.801 RX {"type":"cane","node_id":4125577512,"seq":3246,"gps_valid":1,"heading_valid":1,"lat":37.496506,"lng":126.958267,"speed_mps":0.183,"heading_deg":359.79,"node_risk":0,"tx_ms":348979,"rx_ms":379098,"recv_count":3486,"lost_count":65150,"rssi":-52,"rssi_dist":-1.00,"src_mac":"30:76:F5:E7:51:28"}
1787208945.802 TX {"target_id":0,"risk":0}
1787208945.884 RX {"type":"vehicle","node_id":2882630492,"seq":3823,"gps_valid":1,"heading_valid":0,"lat":37.496452,"lng":126.958351,"speed_mps":0.004,"heading_deg":77.66,"node_risk":0,"tx_ms":412665,"rx_ms":379195,"recv_count":3629,"lost_count":20,"rssi":-63,"rssi_dist":3.11,"src_mac":"1C:C3:AB:D1:73:5C"}
1787208945.907 RX {"type":"cane","node_id":4125577512,"seq":3247,"gps_valid":1,"heading_valid":1,"lat":37.496506,"lng":126.958267,"speed_mps":0.251,"heading_deg":359.79,"node_risk":0,"tx_ms":349085,"rx_ms":379202,"recv_count":3487,"lost_count":65150,"rssi":-53,"rssi_dist":-1.00,"src_mac":"30:76:F5:E7:51:28"}
1787208945.988 RX {"type":"vehicle","node_id":2882630492,"seq":3824,"gps_valid":1,"heading_valid":0,"lat":37.496452,"lng":126.958351,"speed_mps":0.004,"heading_deg":77.66,"node_risk":0,"tx_ms":412765,"rx_ms":379299,"recv_count":3630,"lost_count":20,"rssi":-64,"rssi_dist":3.01,"src_mac":"1C:C3:AB:D1:73:5C"}
1787208946.011 RX {"type":"cane","node_id":4125577512,"seq":3248,"gps_valid":1,"heading_valid":1,"lat":37.496506,"lng":126.958267,"speed_mps":0.246,"heading_deg":359.79,"node_risk":0,"tx_ms":349190,"rx_ms":379313,"recv_count":3488,"lost_count":65150,"rssi":-53,"rssi_dist":-1.00,"src_mac":"30:76:F5:E7:51:28"}
1787208946.012 TX {"target_id":0,"risk":0}
1787208946.092 RX {"type":"vehicle","node_id":2882630492,"seq":3825,"gps_valid":1,"heading_valid":0,"lat":37.496452,"lng":126.958351,"speed_mps":0.004,"heading_deg":77.66,"node_risk":0,"tx_ms":412872,"rx_ms":379402,"recv_count":3631,"lost_count":20,"rssi":-63,"rssi_dist":2.94,"src_mac":"1C:C3:AB:D1:73:5C"}
1787208946.115 RX {"type":"cane","node_id":4125577512,"seq":3249,"gps_valid":1,"heading_valid":1,"lat":37.496506,"lng":126.958267,"speed_mps":0.246,"heading_deg":359.79,"node_risk":0,"tx_ms":349296,"rx_ms":379419,"recv_count":3489,"lost_count":65150,"rssi":-54,"rssi_dist":-1.00,"src_mac":"30:76:F5:E7:51:28"}
1787208946.200 RX {"type":"vehicle","node_id":2882630492,"seq":3826,"gps_valid":1,"heading_valid":0,"lat":37.496452,"lng":126.958359,"speed_mps":0.007,"heading_deg":77.66,"node_risk":0,"tx_ms":412980,"rx_ms":379510,"recv_count":3632,"lost_count":20,"rssi":-63,"rssi_dist":2.99,"src_mac":"1C:C3:AB:D1:73:5C"}
1787208946.223 RX {"type":"cane","node_id":4125577512,"seq":3250,"gps_valid":1,"heading_valid":1,"lat":37.496506,"lng":126.958260,"speed_mps":0.208,"heading_deg":359.79,"node_risk":0,"tx_ms":349401,"rx_ms":379519,"recv_count":3490,"lost_count":65150,"rssi":-54,"rssi_dist":-1.00,"src_mac":"30:76:F5:E7:51:28"}
1787208946.224 TX {"target_id":0,"risk":0}
1787208946.302 RX {"type":"vehicle","node_id":2882630492,"seq":3827,"gps_valid":1,"heading_valid":0,"lat":37.496452,"lng":126.958359,"speed_mps":0.007,"heading_deg":77.66,"node_risk":0,"tx_ms":413080,"rx_ms":379613,"recv_count":3633,"lost_count":20,"rssi":-62,"rssi_dist":3.04,"src_mac":"1C:C3:AB:D1:73:5C"}
1787208946.325 RX {"type":"cane","node_id":4125577512,"seq":3251,"gps_valid":1,"heading_valid":1,"lat":37.496506,"lng":126.958260,"speed_mps":0.208,"heading_deg":359.79,"node_risk":0,"tx_ms":349507,"rx_ms":379628,"recv_count":3491,"lost_count":65150,"rssi":-56,"rssi_dist":-1.00,"src_mac":"30:76:F5:E7:51:28"}
1787208946.404 RX {"type":"vehicle","node_id":2882630492,"seq":3828,"gps_valid":1,"heading_valid":0,"lat":37.496452,"lng":126.958359,"speed_mps":0.007,"heading_deg":77.66,"node_risk":0,"tx_ms":413186,"rx_ms":379715,"recv_count":3634,"lost_count":20,"rssi":-62,"rssi_dist":3.07,"src_mac":"1C:C3:AB:D1:73:5C"}
1787208946.427 RX {"type":"cane","node_id":4125577512,"seq":3252,"gps_valid":1,"heading_valid":1,"lat":37.496506,"lng":126.958260,"speed_mps":0.175,"heading_deg":359.79,"node_risk":0,"tx_ms":349612,"rx_ms":379731,"recv_count":3492,"lost_count":65150,"rssi":-56,"rssi_dist":-1.00,"src_mac":"30:76:F5:E7:51:28"}
1787208946.428 TX {"target_id":0,"risk":0}
1787208946.506 RX {"type":"vehicle","node_id":2882630492,"seq":3829,"gps_valid":1,"heading_valid":0,"lat":37.496452,"lng":126.958359,"speed_mps":0.007,"heading_deg":77.66,"node_risk":0,"tx_ms":413287,"rx_ms":379816,"recv_count":3635,"lost_count":20,"rssi":-61,"rssi_dist":3.10,"src_mac":"1C:C3:AB:D1:73:5C"}
1787208946.529 RX {"type":"cane","node_id":4125577512,"seq":3253,"gps_valid":1,"heading_valid":1,"lat":37.496506,"lng":126.958260,"speed_mps":0.175,"heading_deg":359.79,"node_risk":0,"tx_ms":349718,"rx_ms":379835,"recv_count":3493,"lost_count":65150,"rssi":-54,"rssi_dist":-1.00,"src_mac":"30:76:F5:E7:51:28"}
1787208946.604 RX {"type":"vehicle","node_id":2882630492,"seq":3830,"gps_valid":1,"heading_valid":0,"lat":37.496452,"lng":126.958359,"speed_mps":0.007,"heading_deg":77.66,"node_risk":0,"tx_ms":413387,"rx_ms":379917,"recv_count":3636,"lost_count":20,"rssi":-61,"rssi_dist":3.13,"src_mac":"1C:C3:AB:D1:73:5C"}
1787208946.630 RX {"type":"cane","node_id":4125577512,"seq":3254,"gps_valid":1,"heading_valid":0,"lat":37.496506,"lng":126.958260,"speed_mps":0.164,"heading_deg":0.00,"node_risk":0,"tx_ms":349824,"rx_ms":379943,"recv_count":3494,"lost_count":65150,"rssi":-54,"rssi_dist":-1.00,"src_mac":"30:76:F5:E7:51:28"}
1787208946.632 TX {"target_id":0,"risk":0}
1787208946.705 RX {"type":"vehicle","node_id":2882630492,"seq":3831,"gps_valid":1,"heading_valid":0,"lat":37.496452,"lng":126.958359,"speed_mps":0.007,"heading_deg":77.66,"node_risk":0,"tx_ms":413488,"rx_ms":380018,"recv_count":3637,"lost_count":20,"rssi":-60,"rssi_dist":3.09,"src_mac":"1C:C3:AB:D1:73:5C"}
1787208946.733 RX {"type":"cane","node_id":4125577512,"seq":3255,"gps_valid":1,"heading_valid":0,"lat":37.496506,"lng":126.958260,"speed_mps":0.164,"heading_deg":0.00,"node_risk":0,"tx_ms":349930,"rx_ms":380048,"recv_count":3495,"lost_count":65150,"rssi":-53,"rssi_dist":-1.00,"src_mac":"30:76:F5:E7:51:28"}
1787208946.811 RX {"type":"vehicle","node_id":2882630492,"seq":3832,"gps_valid":1,"heading_valid":0,"lat":37.496452,"lng":126.958359,"speed_mps":0.007,"heading_deg":77.66,"node_risk":0,"tx_ms":413595,"rx_ms":380125,"recv_count":3638,"lost_count":20,"rssi":-61,"rssi_dist":2.94,"src_mac":"1C:C3:AB:D1:73:5C"}
1787208946.839 RX {"type":"cane","node_id":4125577512,"seq":3256,"gps_valid":1,"heading_valid":0,"lat":37.496506,"lng":126.958260,"speed_mps":0.161,"heading_deg":0.00,"node_risk":0,"tx_ms":350036,"rx_ms":380154,"recv_count":3496,"lost_count":65150,"rssi":-53,"rssi_dist":-1.00,"src_mac":"30:76:F5:E7:51:28"}
1787208946.840 TX {"target_id":0,"risk":0}
1787208946.919 RX {"type":"vehicle","node_id":2882630492,"seq":3833,"gps_valid":1,"heading_valid":0,"lat":37.496452,"lng":126.958359,"speed_mps":0.007,"heading_deg":77.66,"node_risk":0,"tx_ms":413702,"rx_ms":380232,"recv_count":3639,"lost_count":20,"rssi":-62,"rssi_dist":2.83,"src_mac":"1C:C3:AB:D1:73:5C"}
1787208946.945 RX {"type":"cane","node_id":4125577512,"seq":3257,"gps_valid":1,"heading_valid":0,"lat":37.496506,"lng":126.958260,"speed_mps":0.161,"heading_deg":0.00,"node_risk":0,"tx_ms":350142,"rx_ms":380260,"recv_count":3497,"lost_count":65150,"rssi":-53,"rssi_dist":-1.00,"src_mac":"30:76:F5:E7:51:28"}
1787208947.025 RX {"type":"vehicle","node_id":2882630492,"seq":3834,"gps_valid":1,"heading_valid":0,"lat":37.496452,"lng":126.958359,"speed_mps":0.007,"heading_deg":77.66,"node_risk":0,"tx_ms":413809,"rx_ms":380339,"recv_count":3640,"lost_count":20,"rssi":-62,"rssi_dist":2.74,"src_mac":"1C:C3:AB:D1:73:5C"}
1787208947.051 RX {"type":"cane","node_id":4125577512,"seq":3258,"gps_valid":1,"heading_valid":0,"lat":37.496506,"lng":126.958260,"speed_mps":0.160,"heading_deg":0.00,"node_risk":0,"tx_ms":350248,"rx_ms":380366,"recv_count":3498,"lost_count":65150,"rssi":-52,"rssi_dist":-1.00,"src_mac":"30:76:F5:E7:51:28"}
1787208947.052 TX {"target_id":0,"risk":0}
1787208947.133 RX {"type":"vehicle","node_id":2882630492,"seq":3835,"gps_valid":1,"heading_valid":0,"lat":37.496452,"lng":126.958359,"speed_mps":0.007,"heading_deg":77.66,"node_risk":0,"tx_ms":413916,"rx_ms":380446,"recv_count":3641,"lost_count":20,"rssi":-64,"rssi_dist":2.68,"src_mac":"1C:C3:AB:D1:73:5C"}
1787208947.159 RX {"type":"cane","node_id":4125577512,"seq":3259,"gps_valid":1,"heading_valid":0,"lat":37.496506,"lng":126.958260,"speed_mps":0.160,"heading_deg":0.00,"node_risk":0,"tx_ms":350354,"rx_ms":380472,"recv_count":3499,"lost_count":65150,"rssi":-52,"rssi_dist":-1.00,"src_mac":"30:76:F5:E7:51:28"}
1787208947.233 RX {"type":"vehicle","node_id":2882630492,"seq":3836,"gps_valid":1,"heading_valid":0,"lat":37.496452,"lng":126.958366,"speed_mps":0.009,"heading_deg":77.66,"node_risk":0,"tx_ms":414017,"rx_ms":380547,"recv_count":3642,"lost_count":20,"rssi":-64,"rssi_dist":2.62,"src_mac":"1C:C3:AB:D1:73:5C"}
1787208947.263 RX {"type":"cane","node_id":4125577512,"seq":3260,"gps_valid":1,"heading_valid":0,"lat":37.496506,"lng":126.958260,"speed_mps":0.164,"heading_deg":0.00,"node_risk":0,"tx_ms":350460,"rx_ms":380578,"recv_count":3500,"lost_count":65150,"rssi":-55,"rssi_dist":-1.00,"src_mac":"30:76:F5:E7:51:28"}
1787208947.264 TX {"target_id":0,"risk":0}
1787208947.369 RX {"type":"cane","node_id":4125577512,"seq":3261,"gps_valid":1,"heading_valid":0,"lat":37.496506,"lng":126.958260,"speed_mps":0.164,"heading_deg":0.00,"node_risk":0,"tx_ms":350565,"rx_ms":380683,"recv_count":3501,"lost_count":65150,"rssi":-58,"rssi_dist":-1.00,"src_mac":"30:76:F5:E7:51:28"}
1787208947.439 RX {"type":"vehicle","node_id":2882630492,"seq":3838,"gps_valid":1,"heading_valid":0,"lat":37.496452,"lng":126.958366,"speed_mps":0.009,"heading_deg":77.66,"node_risk":0,"tx_ms":414223,"rx_ms":380753,"recv_count":3643,"lost_count":21,"rssi":-64,"rssi_dist":2.42,"src_mac":"1C:C3:AB:D1:73:5C"}
1787208947.547 RX {"type":"vehicle","node_id":2882630492,"seq":3839,"gps_valid":1,"heading_valid":0,"lat":37.496452,"lng":126.958366,"speed_mps":0.009,"heading_deg":77.66,"node_risk":0,"tx_ms":414330,"rx_ms":380860,"recv_count":3644,"lost_count":21,"rssi":-63,"rssi_dist":2.42,"src_mac":"1C:C3:AB:D1:73:5C"}
1787208947.548 TX {"target_id":0,"risk":0}
1787208947.653 RX {"type":"vehicle","node_id":2882630492,"seq":3840,"gps_valid":1,"heading_valid":0,"lat":37.496452,"lng":126.958366,"speed_mps":0.009,"heading_deg":77.66,"node_risk":0,"tx_ms":414437,"rx_ms":380967,"recv_count":3645,"lost_count":21,"rssi":-63,"rssi_dist":2.42,"src_mac":"1C:C3:AB:D1:73:5C"}
1787208947.759 RX {"type":"vehicle","node_id":2882630492,"seq":3841,"gps_valid":1,"heading_valid":0,"lat":37.496452,"lng":126.958366,"speed_mps":0.009,"heading_deg":77.66,"node_risk":0,"tx_ms":414544,"rx_ms":381074,"recv_count":3646,"lost_count":21,"rssi":-63,"rssi_dist":2.42,"src_mac":"1C:C3:AB:D1:73:5C"}
1787208947.760 TX {"target_id":0,"risk":0}
1787208947.867 RX {"type":"vehicle","node_id":2882630492,"seq":3842,"gps_valid":1,"heading_valid":0,"lat":37.496452,"lng":126.958366,"speed_mps":0.009,"heading_deg":77.66,"node_risk":0,"tx_ms":414650,"rx_ms":381180,"recv_count":3647,"lost_count":21,"rssi":-62,"rssi_dist":2.42,"src_mac":"1C:C3:AB:D1:73:5C"}
1787208948.077 RX {"type":"vehicle","node_id":2882630492,"seq":3844,"gps_valid":1,"heading_valid":0,"lat":37.496452,"lng":126.958366,"speed_mps":0.009,"heading_deg":77.66,"node_risk":0,"tx_ms":414862,"rx_ms":381392,"recv_count":3648,"lost_count":22,"rssi":-61,"rssi_dist":2.42,"src_mac":"1C:C3:AB:D1:73:5C"}
1787208948.078 TX {"target_id":0,"risk":0}
1787208948.185 RX {"type":"vehicle","node_id":2882630492,"seq":3845,"gps_valid":1,"heading_valid":0,"lat":37.496452,"lng":126.958366,"speed_mps":0.009,"heading_deg":77.66,"node_risk":0,"tx_ms":414969,"rx_ms":381498,"recv_count":3649,"lost_count":22,"rssi":-62,"rssi_dist":2.42,"src_mac":"1C:C3:AB:D1:73:5C"}
1787208948.291 RX {"type":"vehicle","node_id":2882630492,"seq":3846,"gps_valid":1,"heading_valid":0,"lat":37.496452,"lng":126.958366,"speed_mps":0.007,"heading_deg":77.66,"node_risk":0,"tx_ms":415075,"rx_ms":381605,"recv_count":3650,"lost_count":22,"rssi":-61,"rssi_dist":2.42,"src_mac":"1C:C3:AB:D1:73:5C"}
1787208948.291 TX {"target_id":0,"risk":0}
1787208948.397 RX {"type":"vehicle","node_id":2882630492,"seq":3847,"gps_valid":1,"heading_valid":0,"lat":37.496452,"lng":126.958366,"speed_mps":0.007,"heading_deg":77.66,"node_risk":0,"tx_ms":415178,"rx_ms":381710,"recv_count":3651,"lost_count":22,"rssi":-63,"rssi_dist":2.42,"src_mac":"1C:C3:AB:D1:73:5C"}
1787208948.501 RX {"type":"vehicle","node_id":2882630492,"seq":3848,"gps_valid":1,"heading_valid":0,"lat":37.496452,"lng":126.958366,"speed_mps":0.007,"heading_deg":77.66,"node_risk":0,"tx_ms":415285,"rx_ms":381815,"recv_count":3652,"lost_count":22,"rssi":-62,"rssi_dist":2.42,"src_mac":"1C:C3:AB:D1:73:5C"}
1787208948.501 TX {"target_id":0,"risk":0}
1787208948.609 RX {"type":"vehicle","node_id":2882630492,"seq":3849,"gps_valid":1,"heading_valid":0,"lat":37.496452,"lng":126.958366,"speed_mps":0.007,"heading_deg":77.66,"node_risk":0,"tx_ms":415393,"rx_ms":381922,"recv_count":3653,"lost_count":22,"rssi":-62,"rssi_dist":2.42,"src_mac":"1C:C3:AB:D1:73:5C"}
1787208948.715 RX {"type":"vehicle","node_id":2882630492,"seq":3850,"gps_valid":1,"heading_valid":0,"lat":37.496452,"lng":126.958366,"speed_mps":0.007,"heading_deg":77.66,"node_risk":0,"tx_ms":415499,"rx_ms":382029,"recv_count":3654,"lost_count":22,"rssi":-63,"rssi_dist":2.42,"src_mac":"1C:C3:AB:D1:73:5C"}
1787208948.715 TX {"target_id":0,"risk":0}
1787208948.821 RX {"type":"vehicle","node_id":2882630492,"seq":3851,"gps_valid":1,"heading_valid":0,"lat":37.496452,"lng":126.958366,"speed_mps":0.007,"heading_deg":77.66,"node_risk":0,"tx_ms":415605,"rx_ms":382135,"recv_count":3655,"lost_count":22,"rssi":-61,"rssi_dist":2.42,"src_mac":"1C:C3:AB:D1:73:5C"}
1787208948.929 RX {"type":"vehicle","node_id":2882630492,"seq":3852,"gps_valid":1,"heading_valid":0,"lat":37.496452,"lng":126.958366,"speed_mps":0.007,"heading_deg":77.66,"node_risk":0,"tx_ms":415711,"rx_ms":382242,"recv_count":3656,"lost_count":22,"rssi":-62,"rssi_dist":2.42,"src_mac":"1C:C3:AB:D1:73:5C"}
1787208948.929 TX {"target_id":0,"risk":0}
1787208949.039 RX {"type":"vehicle","node_id":2882630492,"seq":3853,"gps_valid":1,"heading_valid":0,"lat":37.496452,"lng":126.958366,"speed_mps":0.007,"heading_deg":77.66,"node_risk":0,"tx_ms":415817,"rx_ms":382353,"recv_count":3657,"lost_count":22,"rssi":-62,"rssi_dist":2.42,"src_mac":"1C:C3:AB:D1:73:5C"}
1787208949.139 RX {"type":"vehicle","node_id":2882630492,"seq":3854,"gps_valid":1,"heading_valid":0,"lat":37.496452,"lng":126.958366,"speed_mps":0.007,"heading_deg":77.66,"node_risk":0,"tx_ms":415924,"rx_ms":382453,"recv_count":3658,"lost_count":22,"rssi":-64,"rssi_dist":2.42,"src_mac":"1C:C3:AB:D1:73:5C"}
1787208949.139 TX {"target_id":0,"risk":0}
1787208949.354 RX {"type":"vehicle","node_id":2882630492,"seq":3856,"gps_valid":1,"heading_valid":0,"lat":37.496452,"lng":126.958366,"speed_mps":0.011,"heading_deg":77.66,"node_risk":0,"tx_ms":416130,"rx_ms":382668,"recv_count":3659,"lost_count":23,"rssi":-62,"rssi_dist":2.42,"src_mac":"1C:C3:AB:D1:73:5C"}
1787208949.355 TX {"target_id":0,"risk":0}
1787208949.452 RX {"type":"vehicle","node_id":2882630492,"seq":3857,"gps_valid":1,"heading_valid":0,"lat":37.496452,"lng":126.958366,"speed_mps":0.011,"heading_deg":77.66,"node_risk":0,"tx_ms":416232,"rx_ms":382767,"recv_count":3660,"lost_count":23,"rssi":-63,"rssi_dist":2.42,"src_mac":"1C:C3:AB:D1:73:5C"}
1787208949.558 RX {"type":"vehicle","node_id":2882630492,"seq":3858,"gps_valid":1,"heading_valid":0,"lat":37.496452,"lng":126.958366,"speed_mps":0.011,"heading_deg":77.66,"node_risk":0,"tx_ms":416340,"rx_ms":382873,"recv_count":3661,"lost_count":23,"rssi":-62,"rssi_dist":2.42,"src_mac":"1C:C3:AB:D1:73:5C"}
1787208949.559 TX {"target_id":0,"risk":0}
1787208949.662 RX {"type":"vehicle","node_id":2882630492,"seq":3859,"gps_valid":1,"heading_valid":0,"lat":37.496452,"lng":126.958366,"speed_mps":0.011,"heading_deg":77.66,"node_risk":0,"tx_ms":416447,"rx_ms":382976,"recv_count":3662,"lost_count":23,"rssi":-62,"rssi_dist":2.42,"src_mac":"1C:C3:AB:D1:73:5C"}
1787208949.768 RX {"type":"vehicle","node_id":2882630492,"seq":3860,"gps_valid":1,"heading_valid":0,"lat":37.496452,"lng":126.958366,"speed_mps":0.011,"heading_deg":77.66,"node_risk":0,"tx_ms":416553,"rx_ms":383083,"recv_count":3663,"lost_count":23,"rssi":-61,"rssi_dist":2.42,"src_mac":"1C:C3:AB:D1:73:5C"}
1787208949.769 TX {"target_id":0,"risk":0}
1787208949.980 RX {"type":"vehicle","node_id":2882630492,"seq":3862,"gps_valid":1,"heading_valid":0,"lat":37.496452,"lng":126.958366,"speed_mps":0.011,"heading_deg":77.66,"node_risk":0,"tx_ms":416765,"rx_ms":383295,"recv_count":3664,"lost_count":24,"rssi":-63,"rssi_dist":2.42,"src_mac":"1C:C3:AB:D1:73:5C"}
1787208949.981 TX {"target_id":0,"risk":0}
1787208950.088 RX {"type":"vehicle","node_id":2882630492,"seq":3863,"gps_valid":1,"heading_valid":0,"lat":37.496452,"lng":126.958366,"speed_mps":0.011,"heading_deg":77.66,"node_risk":0,"tx_ms":416871,"rx_ms":383403,"recv_count":3665,"lost_count":24,"rssi":-62,"rssi_dist":2.42,"src_mac":"1C:C3:AB:D1:73:5C"}
1787208950.192 RX {"type":"vehicle","node_id":2882630492,"seq":3864,"gps_valid":1,"heading_valid":0,"lat":37.496452,"lng":126.958374,"speed_mps":0.011,"heading_deg":77.66,"node_risk":0,"tx_ms":416978,"rx_ms":383507,"recv_count":3666,"lost_count":24,"rssi":-60,"rssi_dist":2.42,"src_mac":"1C:C3:AB:D1:73:5C"}
1787208950.193 TX {"target_id":0,"risk":0}
1787208950.300 RX {"type":"vehicle","node_id":2882630492,"seq":3865,"gps_valid":1,"heading_valid":0,"lat":37.496452,"lng":126.958374,"speed_mps":0.011,"heading_deg":77.66,"node_risk":0,"tx_ms":417084,"rx_ms":383614,"recv_count":3667,"lost_count":24,"rssi":-60,"rssi_dist":2.42,"src_mac":"1C:C3:AB:D1:73:5C"}
1787208950.404 RX {"type":"vehicle","node_id":2882630492,"seq":3866,"gps_valid":1,"heading_valid":0,"lat":37.496452,"lng":126.958374,"speed_mps":0.011,"heading_deg":77.66,"node_risk":0,"tx_ms":417187,"rx_ms":383720,"recv_count":3668,"lost_count":24,"rssi":-62,"rssi_dist":2.42,"src_mac":"1C:C3:AB:D1:73:5C"}
1787208950.405 TX {"target_id":0,"risk":0}
1787208950.512 RX {"type":"vehicle","node_id":2882630492,"seq":3867,"gps_valid":1,"heading_valid":0,"lat":37.496452,"lng":126.958374,"speed_mps":0.011,"heading_deg":77.66,"node_risk":0,"tx_ms":417294,"rx_ms":383826,"recv_count":3669,"lost_count":24,"rssi":-60,"rssi_dist":2.42,"src_mac":"1C:C3:AB:D1:73:5C"}
1787208950.618 RX {"type":"vehicle","node_id":2882630492,"seq":3868,"gps_valid":1,"heading_valid":0,"lat":37.496452,"lng":126.958374,"speed_mps":0.011,"heading_deg":77.66,"node_risk":0,"tx_ms":417402,"rx_ms":383932,"recv_count":3670,"lost_count":24,"rssi":-62,"rssi_dist":2.42,"src_mac":"1C:C3:AB:D1:73:5C"}
1787208950.619 TX {"target_id":0,"risk":0}
1787208950.724 RX {"type":"vehicle","node_id":2882630492,"seq":3869,"gps_valid":1,"heading_valid":0,"lat":37.496452,"lng":126.958374,"speed_mps":0.011,"heading_deg":77.66,"node_risk":0,"tx_ms":417508,"rx_ms":384039,"recv_count":3671,"lost_count":24,"rssi":-61,"rssi_dist":2.42,"src_mac":"1C:C3:AB:D1:73:5C"}
1787208950.834 RX {"type":"vehicle","node_id":2882630492,"seq":3870,"gps_valid":1,"heading_valid":0,"lat":37.496452,"lng":126.958374,"speed_mps":0.011,"heading_deg":77.66,"node_risk":0,"tx_ms":417614,"rx_ms":384148,"recv_count":3672,"lost_count":24,"rssi":-60,"rssi_dist":2.42,"src_mac":"1C:C3:AB:D1:73:5C"}
1787208950.835 TX {"target_id":0,"risk":0}
1787208950.936 RX {"type":"vehicle","node_id":2882630492,"seq":3871,"gps_valid":1,"heading_valid":0,"lat":37.496452,"lng":126.958374,"speed_mps":0.011,"heading_deg":77.66,"node_risk":0,"tx_ms":417720,"rx_ms":384250,"recv_count":3673,"lost_count":24,"rssi":-61,"rssi_dist":2.42,"src_mac":"1C:C3:AB:D1:73:5C"}
1787208951.042 RX {"type":"vehicle","node_id":2882630492,"seq":3872,"gps_valid":1,"heading_valid":0,"lat":37.496452,"lng":126.958374,"speed_mps":0.011,"heading_deg":77.66,"node_risk":0,"tx_ms":417826,"rx_ms":384357,"recv_count":3674,"lost_count":24,"rssi":-59,"rssi_dist":2.42,"src_mac":"1C:C3:AB:D1:73:5C"}
1787208951.042 TX {"target_id":0,"risk":0}
1787208951.148 RX {"type":"vehicle","node_id":2882630492,"seq":3873,"gps_valid":1,"heading_valid":0,"lat":37.496452,"lng":126.958374,"speed_mps":0.011,"heading_deg":77.66,"node_risk":0,"tx_ms":417932,"rx_ms":384462,"recv_count":3675,"lost_count":24,"rssi":-60,"rssi_dist":2.42,"src_mac":"1C:C3:AB:D1:73:5C"}
1787208951.254 RX {"type":"vehicle","node_id":2882630492,"seq":3874,"gps_valid":1,"heading_valid":0,"lat":37.496452,"lng":126.958374,"speed_mps":0.005,"heading_deg":77.66,"node_risk":0,"tx_ms":418039,"rx_ms":384569,"recv_count":3676,"lost_count":24,"rssi":-58,"rssi_dist":2.42,"src_mac":"1C:C3:AB:D1:73:5C"}
1787208951.255 TX {"target_id":0,"risk":0}
1787208951.362 RX {"type":"vehicle","node_id":2882630492,"seq":3875,"gps_valid":1,"heading_valid":0,"lat":37.496452,"lng":126.958374,"speed_mps":0.005,"heading_deg":77.66,"node_risk":0,"tx_ms":418146,"rx_ms":384676,"recv_count":3677,"lost_count":24,"rssi":-59,"rssi_dist":2.42,"src_mac":"1C:C3:AB:D1:73:5C"}
1787208951.467 RX {"type":"vehicle","node_id":2882630492,"seq":3876,"gps_valid":1,"heading_valid":0,"lat":37.496452,"lng":126.958374,"speed_mps":0.005,"heading_deg":77.66,"node_risk":0,"tx_ms":418249,"rx_ms":384779,"recv_count":3678,"lost_count":24,"rssi":-60,"rssi_dist":2.42,"src_mac":"1C:C3:AB:D1:73:5C"}
1787208951.467 TX {"target_id":0,"risk":0}
1787208951.572 RX {"type":"vehicle","node_id":2882630492,"seq":3877,"gps_valid":1,"heading_valid":0,"lat":37.496452,"lng":126.958374,"speed_mps":0.005,"heading_deg":77.66,"node_risk":0,"tx_ms":418356,"rx_ms":384886,"recv_count":3679,"lost_count":24,"rssi":-61,"rssi_dist":2.42,"src_mac":"1C:C3:AB:D1:73:5C"}
1787208951.678 RX {"type":"vehicle","node_id":2882630492,"seq":3878,"gps_valid":1,"heading_valid":0,"lat":37.496452,"lng":126.958374,"speed_mps":0.005,"heading_deg":77.66,"node_risk":0,"tx_ms":418463,"rx_ms":384993,"recv_count":3680,"lost_count":24,"rssi":-62,"rssi_dist":2.42,"src_mac":"1C:C3:AB:D1:73:5C"}
1787208951.679 TX {"target_id":0,"risk":0}
1787208951.784 RX {"type":"vehicle","node_id":2882630492,"seq":3879,"gps_valid":1,"heading_valid":0,"lat":37.496452,"lng":126.958374,"speed_mps":0.005,"heading_deg":77.66,"node_risk":0,"tx_ms":418569,"rx_ms":385099,"recv_count":3681,"lost_count":24,"rssi":-62,"rssi_dist":2.42,"src_mac":"1C:C3:AB:D1:73:5C"}
1787208951.890 RX {"type":"vehicle","node_id":2882630492,"seq":3880,"gps_valid":1,"heading_valid":0,"lat":37.496452,"lng":126.958374,"speed_mps":0.005,"heading_deg":77.66,"node_risk":0,"tx_ms":418675,"rx_ms":385205,"recv_count":3682,"lost_count":24,"rssi":-62,"rssi_dist":2.42,"src_mac":"1C:C3:AB:D1:73:5C"}
1787208951.890 TX {"target_id":0,"risk":0}
1787208952.226 RX {"type":"vehicle","node_id":2882630492,"seq":3883,"gps_valid":1,"heading_valid":0,"lat":37.496452,"lng":126.958374,"speed_mps":0.010,"heading_deg":77.66,"node_risk":0,"tx_ms":418994,"rx_ms":385542,"recv_count":3683,"lost_count":26,"rssi":-64,"rssi_dist":2.42,"src_mac":"1C:C3:AB:D1:73:5C"}
1787208952.227 TX {"target_id":0,"risk":0}
1787208952.320 RX {"type":"vehicle","node_id":2882630492,"seq":3884,"gps_valid":1,"heading_valid":0,"lat":37.496452,"lng":126.958374,"speed_mps":0.010,"heading_deg":77.66,"node_risk":0,"tx_ms":419101,"rx_ms":385634,"recv_count":3684,"lost_count":26,"rssi":-64,"rssi_dist":2.42,"src_mac":"1C:C3:AB:D1:73:5C"}
1787208952.525 RX {"type":"vehicle","node_id":2882630492,"seq":3886,"gps_valid":1,"heading_valid":0,"lat":37.496452,"lng":126.958374,"speed_mps":0.010,"heading_deg":77.66,"node_risk":0,"tx_ms":419310,"rx_ms":385841,"recv_count":3685,"lost_count":27,"rssi":-61,"rssi_dist":2.42,"src_mac":"1C:C3:AB:D1:73:5C"}
1787208952.527 TX {"target_id":0,"risk":0}
1787208952.631 RX {"type":"vehicle","node_id":2882630492,"seq":3887,"gps_valid":1,"heading_valid":0,"lat":37.496452,"lng":126.958374,"speed_mps":0.010,"heading_deg":77.66,"node_risk":0,"tx_ms":419417,"rx_ms":385947,"recv_count":3686,"lost_count":27,"rssi":-62,"rssi_dist":2.42,"src_mac":"1C:C3:AB:D1:73:5C"}
1787208952.743 RX {"type":"vehicle","node_id":2882630492,"seq":3888,"gps_valid":1,"heading_valid":0,"lat":37.496452,"lng":126.958374,"speed_mps":0.010,"heading_deg":77.66,"node_risk":0,"tx_ms":419524,"rx_ms":386058,"recv_count":3687,"lost_count":27,"rssi":-62,"rssi_dist":2.42,"src_mac":"1C:C3:AB:D1:73:5C"}
1787208952.744 TX {"target_id":0,"risk":0}
1787208952.843 RX {"type":"vehicle","node_id":2882630492,"seq":3889,"gps_valid":1,"heading_valid":0,"lat":37.496452,"lng":126.958374,"speed_mps":0.010,"heading_deg":77.66,"node_risk":0,"tx_ms":419630,"rx_ms":386160,"recv_count":3688,"lost_count":27,"rssi":-61,"rssi_dist":2.42,"src_mac":"1C:C3:AB:D1:73:5C"}
1787208952.949 RX {"type":"vehicle","node_id":2882630492,"seq":3890,"gps_valid":1,"heading_valid":0,"lat":37.496452,"lng":126.958374,"speed_mps":0.010,"heading_deg":77.66,"node_risk":0,"tx_ms":419736,"rx_ms":386266,"recv_count":3689,"lost_count":27,"rssi":-60,"rssi_dist":2.42,"src_mac":"1C:C3:AB:D1:73:5C"}
1787208952.950 TX {"target_id":0,"risk":0}
1787208953.055 RX {"type":"vehicle","node_id":2882630492,"seq":3891,"gps_valid":1,"heading_valid":0,"lat":37.496452,"lng":126.958374,"speed_mps":0.010,"heading_deg":77.66,"node_risk":0,"tx_ms":419842,"rx_ms":386372,"recv_count":3690,"lost_count":27,"rssi":-60,"rssi_dist":2.42,"src_mac":"1C:C3:AB:D1:73:5C"}
1787208953.163 RX {"type":"vehicle","node_id":2882630492,"seq":3892,"gps_valid":1,"heading_valid":0,"lat":37.496452,"lng":126.958374,"speed_mps":0.010,"heading_deg":77.66,"node_risk":0,"tx_ms":419948,"rx_ms":386478,"recv_count":3691,"lost_count":27,"rssi":-61,"rssi_dist":2.42,"src_mac":"1C:C3:AB:D1:73:5C"}
1787208953.164 TX {"target_id":0,"risk":0}
1787208953.269 RX {"type":"vehicle","node_id":2882630492,"seq":3893,"gps_valid":1,"heading_valid":0,"lat":37.496449,"lng":126.958382,"speed_mps":0.005,"heading_deg":77.66,"node_risk":0,"tx_ms":420055,"rx_ms":386585,"recv_count":3692,"lost_count":27,"rssi":-61,"rssi_dist":2.42,"src_mac":"1C:C3:AB:D1:73:5C"}
1787208953.377 RX {"type":"vehicle","node_id":2882630492,"seq":3894,"gps_valid":1,"heading_valid":0,"lat":37.496449,"lng":126.958382,"speed_mps":0.005,"heading_deg":77.66,"node_risk":0,"tx_ms":420163,"rx_ms":386692,"recv_count":3693,"lost_count":27,"rssi":-61,"rssi_dist":2.42,"src_mac":"1C:C3:AB:D1:73:5C"}
1787208953.377 TX {"target_id":0,"risk":0}
1787208953.481 RX {"type":"vehicle","node_id":2882630492,"seq":3895,"gps_valid":1,"heading_valid":0,"lat":37.496449,"lng":126.958382,"speed_mps":0.005,"heading_deg":77.66,"node_risk":0,"tx_ms":420265,"rx_ms":386798,"recv_count":3694,"lost_count":27,"rssi":-61,"rssi_dist":2.42,"src_mac":"1C:C3:AB:D1:73:5C"}
1787208953.587 RX {"type":"vehicle","node_id":2882630492,"seq":3896,"gps_valid":1,"heading_valid":0,"lat":37.496449,"lng":126.958382,"speed_mps":0.005,"heading_deg":77.66,"node_risk":0,"tx_ms":420373,"rx_ms":386902,"recv_count":3695,"lost_count":27,"rssi":-62,"rssi_dist":2.42,"src_mac":"1C:C3:AB:D1:73:5C"}
1787208953.588 TX {"target_id":0,"risk":0}
1787208953.695 RX {"type":"vehicle","node_id":2882630492,"seq":3897,"gps_valid":1,"heading_valid":0,"lat":37.496449,"lng":126.958382,"speed_mps":0.005,"heading_deg":77.66,"node_risk":0,"tx_ms":420479,"rx_ms":387011,"recv_count":3696,"lost_count":27,"rssi":-62,"rssi_dist":2.42,"src_mac":"1C:C3:AB:D1:73:5C"}
1787208953.905 RX {"type":"vehicle","node_id":2882630492,"seq":3899,"gps_valid":1,"heading_valid":0,"lat":37.496449,"lng":126.958382,"speed_mps":0.005,"heading_deg":77.66,"node_risk":0,"tx_ms":420691,"rx_ms":387221,"recv_count":3697,"lost_count":28,"rssi":-63,"rssi_dist":2.42,"src_mac":"1C:C3:AB:D1:73:5C"}
1787208953.906 TX {"target_id":0,"risk":0}
1787208954.013 RX {"type":"vehicle","node_id":2882630492,"seq":3900,"gps_valid":1,"heading_valid":0,"lat":37.496449,"lng":126.958382,"speed_mps":0.005,"heading_deg":77.66,"node_risk":0,"tx_ms":420797,"rx_ms":387328,"recv_count":3698,"lost_count":28,"rssi":-61,"rssi_dist":2.42,"src_mac":"1C:C3:AB:D1:73:5C"}
1787208954.117 RX {"type":"vehicle","node_id":2882630492,"seq":3901,"gps_valid":1,"heading_valid":0,"lat":37.496449,"lng":126.958382,"speed_mps":0.005,"heading_deg":77.66,"node_risk":0,"tx_ms":420903,"rx_ms":387433,"recv_count":3699,"lost_count":28,"rssi":-63,"rssi_dist":2.42,"src_mac":"1C:C3:AB:D1:73:5C"}
1787208954.119 TX {"target_id":0,"risk":0}
1787208954.223 RX {"type":"vehicle","node_id":2882630492,"seq":3902,"gps_valid":1,"heading_valid":0,"lat":37.496449,"lng":126.958382,"speed_mps":0.005,"heading_deg":77.66,"node_risk":0,"tx_ms":421009,"rx_ms":387539,"recv_count":3700,"lost_count":28,"rssi":-62,"rssi_dist":2.42,"src_mac":"1C:C3:AB:D1:73:5C"}
1787208954.331 RX {"type":"vehicle","node_id":2882630492,"seq":3903,"gps_valid":1,"heading_valid":0,"lat":37.496449,"lng":126.958382,"speed_mps":0.005,"heading_deg":77.66,"node_risk":0,"tx_ms":421116,"rx_ms":387646,"recv_count":3701,"lost_count":28,"rssi":-61,"rssi_dist":2.42,"src_mac":"1C:C3:AB:D1:73:5C"}
1787208954.331 TX {"target_id":0,"risk":0}
1787208954.433 RX {"type":"vehicle","node_id":2882630492,"seq":3904,"gps_valid":1,"heading_valid":0,"lat":37.496449,"lng":126.958382,"speed_mps":0.005,"heading_deg":77.66,"node_risk":0,"tx_ms":421219,"rx_ms":387749,"recv_count":3702,"lost_count":28,"rssi":-62,"rssi_dist":2.42,"src_mac":"1C:C3:AB:D1:73:5C"}
1787208954.541 RX {"type":"vehicle","node_id":2882630492,"seq":3905,"gps_valid":1,"heading_valid":0,"lat":37.496449,"lng":126.958382,"speed_mps":0.005,"heading_deg":77.66,"node_risk":0,"tx_ms":421326,"rx_ms":387856,"recv_count":3703,"lost_count":28,"rssi":-60,"rssi_dist":2.42,"src_mac":"1C:C3:AB:D1:73:5C"}
1787208954.542 TX {"target_id":0,"risk":0}
1787208954.647 RX {"type":"vehicle","node_id":2882630492,"seq":3906,"gps_valid":1,"heading_valid":0,"lat":37.496449,"lng":126.958382,"speed_mps":0.005,"heading_deg":77.66,"node_risk":0,"tx_ms":421434,"rx_ms":387963,"recv_count":3704,"lost_count":28,"rssi":-63,"rssi_dist":2.42,"src_mac":"1C:C3:AB:D1:73:5C"}
1787208954.753 RX {"type":"vehicle","node_id":2882630492,"seq":3907,"gps_valid":1,"heading_valid":0,"lat":37.496449,"lng":126.958382,"speed_mps":0.005,"heading_deg":77.66,"node_risk":0,"tx_ms":421540,"rx_ms":388070,"recv_count":3705,"lost_count":28,"rssi":-60,"rssi_dist":2.42,"src_mac":"1C:C3:AB:D1:73:5C"}
1787208954.753 TX {"target_id":0,"risk":0}
1787208954.869 RX {"type":"vehicle","node_id":2882630492,"seq":3908,"gps_valid":1,"heading_valid":0,"lat":37.496449,"lng":126.958382,"speed_mps":0.005,"heading_deg":77.66,"node_risk":0,"tx_ms":421646,"rx_ms":388184,"recv_count":3706,"lost_count":28,"rssi":-62,"rssi_dist":2.42,"src_mac":"1C:C3:AB:D1:73:5C"}
1787208954.967 RX {"type":"vehicle","node_id":2882630492,"seq":3909,"gps_valid":1,"heading_valid":0,"lat":37.496449,"lng":126.958382,"speed_mps":0.005,"heading_deg":77.66,"node_risk":0,"tx_ms":421752,"rx_ms":388283,"recv_count":3707,"lost_count":28,"rssi":-64,"rssi_dist":2.42,"src_mac":"1C:C3:AB:D1:73:5C"}
1787208954.968 TX {"target_id":0,"risk":0}
1787208955.073 RX {"type":"vehicle","node_id":2882630492,"seq":3910,"gps_valid":1,"heading_valid":0,"lat":37.496449,"lng":126.958382,"speed_mps":0.005,"heading_deg":77.66,"node_risk":0,"tx_ms":421858,"rx_ms":388388,"recv_count":3708,"lost_count":28,"rssi":-66,"rssi_dist":2.42,"src_mac":"1C:C3:AB:D1:73:5C"}
1787208955.179 RX {"type":"vehicle","node_id":2882630492,"seq":3911,"gps_valid":1,"heading_valid":0,"lat":37.496449,"lng":126.958382,"speed_mps":0.005,"heading_deg":77.66,"node_risk":0,"tx_ms":421965,"rx_ms":388495,"recv_count":3709,"lost_count":28,"rssi":-66,"rssi_dist":2.42,"src_mac":"1C:C3:AB:D1:73:5C"}
1787208955.179 TX {"target_id":0,"risk":0}
1787208955.285 RX {"type":"vehicle","node_id":2882630492,"seq":3912,"gps_valid":1,"heading_valid":0,"lat":37.496449,"lng":126.958382,"speed_mps":0.003,"heading_deg":77.66,"node_risk":0,"tx_ms":422071,"rx_ms":388601,"recv_count":3710,"lost_count":28,"rssi":-62,"rssi_dist":2.42,"src_mac":"1C:C3:AB:D1:73:5C"}
1787208955.407 RX {"type":"vehicle","node_id":2882630492,"seq":3913,"gps_valid":1,"heading_valid":0,"lat":37.496449,"lng":126.958382,"speed_mps":0.003,"heading_deg":77.66,"node_risk":0,"tx_ms":422190,"rx_ms":388722,"recv_count":3711,"lost_count":28,"rssi":-63,"rssi_dist":2.42,"src_mac":"1C:C3:AB:D1:73:5C"}
1787208955.407 TX {"target_id":0,"risk":0}
1787208955.507 RX {"type":"vehicle","node_id":2882630492,"seq":3914,"gps_valid":1,"heading_valid":0,"lat":37.496449,"lng":126.958382,"speed_mps":0.003,"heading_deg":77.66,"node_risk":0,"tx_ms":422292,"rx_ms":388822,"recv_count":3712,"lost_count":28,"rssi":-62,"rssi_dist":2.42,"src_mac":"1C:C3:AB:D1:73:5C"}
1787208955.605 RX {"type":"vehicle","node_id":2882630492,"seq":3915,"gps_valid":1,"heading_valid":0,"lat":37.496449,"lng":126.958382,"speed_mps":0.003,"heading_deg":77.66,"node_risk":0,"tx_ms":422392,"rx_ms":388921,"recv_count":3713,"lost_count":28,"rssi":-63,"rssi_dist":2.42,"src_mac":"1C:C3:AB:D1:73:5C"}
1787208955.817 RX {"type":"vehicle","node_id":2882630492,"seq":3917,"gps_valid":1,"heading_valid":0,"lat":37.496449,"lng":126.958382,"speed_mps":0.003,"heading_deg":77.66,"node_risk":0,"tx_ms":422604,"rx_ms":389134,"recv_count":3714,"lost_count":29,"rssi":-62,"rssi_dist":2.42,"src_mac":"1C:C3:AB:D1:73:5C"}
1787208955.817 TX {"target_id":0,"risk":0}
1787208955.925 RX {"type":"vehicle","node_id":2882630492,"seq":3918,"gps_valid":1,"heading_valid":0,"lat":37.496449,"lng":126.958382,"speed_mps":0.003,"heading_deg":77.66,"node_risk":0,"tx_ms":422710,"rx_ms":389240,"recv_count":3715,"lost_count":29,"rssi":-61,"rssi_dist":2.42,"src_mac":"1C:C3:AB:D1:73:5C"}
1787208956.031 RX {"type":"vehicle","node_id":2882630492,"seq":3919,"gps_valid":1,"heading_valid":0,"lat":37.496449,"lng":126.958382,"speed_mps":0.003,"heading_deg":77.66,"node_risk":0,"tx_ms":422816,"rx_ms":389347,"recv_count":3716,"lost_count":29,"rssi":-61,"rssi_dist":2.42,"src_mac":"1C:C3:AB:D1:73:5C"}
1787208956.031 TX {"target_id":0,"risk":0}
1787208956.139 RX {"type":"vehicle","node_id":2882630492,"seq":3920,"gps_valid":1,"heading_valid":0,"lat":37.496449,"lng":126.958382,"speed_mps":0.003,"heading_deg":77.66,"node_risk":0,"tx_ms":422922,"rx_ms":389456,"recv_count":3717,"lost_count":29,"rssi":-62,"rssi_dist":2.42,"src_mac":"1C:C3:AB:D1:73:5C"}
1787208956.244 RX {"type":"vehicle","node_id":2882630492,"seq":3921,"gps_valid":1,"heading_valid":0,"lat":37.496449,"lng":126.958382,"speed_mps":0.012,"heading_deg":77.66,"node_risk":0,"tx_ms":423029,"rx_ms":389561,"recv_count":3718,"lost_count":29,"rssi":-62,"rssi_dist":2.42,"src_mac":"1C:C3:AB:D1:73:5C"}
1787208956.245 TX {"target_id":0,"risk":0}
1787208956.453 RX {"type":"vehicle","node_id":2882630492,"seq":3923,"gps_valid":1,"heading_valid":0,"lat":37.496449,"lng":126.958382,"speed_mps":0.012,"heading_deg":77.66,"node_risk":0,"tx_ms":423239,"rx_ms":389769,"recv_count":3719,"lost_count":30,"rssi":-62,"rssi_dist":2.42,"src_mac":"1C:C3:AB:D1:73:5C"}
1787208956.454 TX {"target_id":0,"risk":0}
1787208956.560 RX {"type":"vehicle","node_id":2882630492,"seq":3924,"gps_valid":1,"heading_valid":0,"lat":37.496449,"lng":126.958382,"speed_mps":0.012,"heading_deg":77.66,"node_risk":0,"tx_ms":423346,"rx_ms":389876,"recv_count":3720,"lost_count":30,"rssi":-62,"rssi_dist":2.42,"src_mac":"1C:C3:AB:D1:73:5C"}
1787208956.670 RX {"type":"vehicle","node_id":2882630492,"seq":3925,"gps_valid":1,"heading_valid":0,"lat":37.496449,"lng":126.958382,"speed_mps":0.012,"heading_deg":77.66,"node_risk":0,"tx_ms":423453,"rx_ms":389987,"recv_count":3721,"lost_count":30,"rssi":-63,"rssi_dist":2.42,"src_mac":"1C:C3:AB:D1:73:5C"}
1787208956.671 TX {"target_id":0,"risk":0}
1787208956.774 RX {"type":"vehicle","node_id":2882630492,"seq":3926,"gps_valid":1,"heading_valid":0,"lat":37.496449,"lng":126.958382,"speed_mps":0.012,"heading_deg":77.66,"node_risk":0,"tx_ms":423560,"rx_ms":390090,"recv_count":3722,"lost_count":30,"rssi":-65,"rssi_dist":2.42,"src_mac":"1C:C3:AB:D1:73:5C"}
1787208956.880 RX {"type":"vehicle","node_id":2882630492,"seq":3927,"gps_valid":1,"heading_valid":0,"lat":37.496449,"lng":126.958382,"speed_mps":0.012,"heading_deg":77.66,"node_risk":0,"tx_ms":423666,"rx_ms":390196,"recv_count":3723,"lost_count":30,"rssi":-61,"rssi_dist":2.42,"src_mac":"1C:C3:AB:D1:73:5C"}
1787208956.881 TX {"target_id":0,"risk":0}
1787208956.986 RX {"type":"vehicle","node_id":2882630492,"seq":3928,"gps_valid":1,"heading_valid":0,"lat":37.496449,"lng":126.958382,"speed_mps":0.012,"heading_deg":77.66,"node_risk":0,"tx_ms":423773,"rx_ms":390303,"recv_count":3724,"lost_count":30,"rssi":-60,"rssi_dist":2.42,"src_mac":"1C:C3:AB:D1:73:5C"}
1787208957.092 RX {"type":"vehicle","node_id":2882630492,"seq":3929,"gps_valid":1,"heading_valid":0,"lat":37.496449,"lng":126.958382,"speed_mps":0.012,"heading_deg":77.66,"node_risk":0,"tx_ms":423879,"rx_ms":390409,"recv_count":3725,"lost_count":30,"rssi":-60,"rssi_dist":2.42,"src_mac":"1C:C3:AB:D1:73:5C"}
1787208957.093 TX {"target_id":0,"risk":0}
1787208957.198 RX {"type":"vehicle","node_id":2882630492,"seq":3930,"gps_valid":1,"heading_valid":0,"lat":37.496445,"lng":126.958382,"speed_mps":0.006,"heading_deg":77.66,"node_risk":0,"tx_ms":423986,"rx_ms":390515,"recv_count":3726,"lost_count":30,"rssi":-61,"rssi_dist":2.42,"src_mac":"1C:C3:AB:D1:73:5C"}
1787208957.308 RX {"type":"vehicle","node_id":2882630492,"seq":3931,"gps_valid":1,"heading_valid":0,"lat":37.496445,"lng":126.958382,"speed_mps":0.006,"heading_deg":77.66,"node_risk":0,"tx_ms":424092,"rx_ms":390624,"recv_count":3727,"lost_count":30,"rssi":-60,"rssi_dist":2.42,"src_mac":"1C:C3:AB:D1:73:5C"}
1787208957.309 TX {"target_id":0,"risk":0}
1787208957.408 RX {"type":"vehicle","node_id":2882630492,"seq":3932,"gps_valid":1,"heading_valid":0,"lat":37.496445,"lng":126.958382,"speed_mps":0.006,"heading_deg":77.66,"node_risk":0,"tx_ms":424195,"rx_ms":390725,"recv_count":3728,"lost_count":30,"rssi":-61,"rssi_dist":2.42,"src_mac":"1C:C3:AB:D1:73:5C"}
1787208957.510 RX {"type":"vehicle","node_id":2882630492,"seq":3933,"gps_valid":1,"heading_valid":0,"lat":37.496445,"lng":126.958382,"speed_mps":0.006,"heading_deg":77.66,"node_risk":0,"tx_ms":424297,"rx_ms":390827,"recv_count":3729,"lost_count":30,"rssi":-62,"rssi_dist":2.42,"src_mac":"1C:C3:AB:D1:73:5C"}
1787208957.511 TX {"target_id":0,"risk":0}
1787208957.618 RX {"type":"vehicle","node_id":2882630492,"seq":3934,"gps_valid":1,"heading_valid":0,"lat":37.496445,"lng":126.958382,"speed_mps":0.006,"heading_deg":77.66,"node_risk":0,"tx_ms":424404,"rx_ms":390934,"recv_count":3730,"lost_count":30,"rssi":-63,"rssi_dist":2.42,"src_mac":"1C:C3:AB:D1:73:5C"}
1787208957.830 RX {"type":"vehicle","node_id":2882630492,"seq":3936,"gps_valid":1,"heading_valid":0,"lat":37.496445,"lng":126.958382,"speed_mps":0.006,"heading_deg":77.66,"node_risk":0,"tx_ms":424617,"rx_ms":391147,"recv_count":3731,"lost_count":31,"rssi":-60,"rssi_dist":2.42,"src_mac":"1C:C3:AB:D1:73:5C"}
1787208957.831 TX {"target_id":0,"risk":0}
1787208957.936 RX {"type":"vehicle","node_id":2882630492,"seq":3937,"gps_valid":1,"heading_valid":0,"lat":37.496445,"lng":126.958382,"speed_mps":0.006,"heading_deg":77.66,"node_risk":0,"tx_ms":424723,"rx_ms":391253,"recv_count":3732,"lost_count":31,"rssi":-62,"rssi_dist":2.42,"src_mac":"1C:C3:AB:D1:73:5C"}
1787208958.044 RX {"type":"vehicle","node_id":2882630492,"seq":3938,"gps_valid":1,"heading_valid":0,"lat":37.496445,"lng":126.958382,"speed_mps":0.006,"heading_deg":77.66,"node_risk":0,"tx_ms":424830,"rx_ms":391360,"recv_count":3733,"lost_count":31,"rssi":-60,"rssi_dist":2.42,"src_mac":"1C:C3:AB:D1:73:5C"}
1787208958.045 TX {"target_id":0,"risk":0}
1787208958.150 RX {"type":"vehicle","node_id":2882630492,"seq":3939,"gps_valid":1,"heading_valid":0,"lat":37.496445,"lng":126.958382,"speed_mps":0.006,"heading_deg":77.66,"node_risk":0,"tx_ms":424936,"rx_ms":391466,"recv_count":3734,"lost_count":31,"rssi":-60,"rssi_dist":2.42,"src_mac":"1C:C3:AB:D1:73:5C"}
1787208958.256 RX {"type":"vehicle","node_id":2882630492,"seq":3940,"gps_valid":1,"heading_valid":0,"lat":37.496445,"lng":126.958382,"speed_mps":0.005,"heading_deg":77.66,"node_risk":0,"tx_ms":425043,"rx_ms":391573,"recv_count":3735,"lost_count":31,"rssi":-59,"rssi_dist":2.42,"src_mac":"1C:C3:AB:D1:73:5C"}
1787208958.257 TX {"target_id":0,"risk":0}
1787208958.364 RX {"type":"vehicle","node_id":2882630492,"seq":3941,"gps_valid":1,"heading_valid":0,"lat":37.496445,"lng":126.958382,"speed_mps":0.005,"heading_deg":77.66,"node_risk":0,"tx_ms":425150,"rx_ms":391680,"recv_count":3736,"lost_count":31,"rssi":-61,"rssi_dist":2.42,"src_mac":"1C:C3:AB:D1:73:5C"}
1787208958.466 RX {"type":"vehicle","node_id":2882630492,"seq":3942,"gps_valid":1,"heading_valid":0,"lat":37.496445,"lng":126.958382,"speed_mps":0.005,"heading_deg":77.66,"node_risk":0,"tx_ms":425253,"rx_ms":391783,"recv_count":3737,"lost_count":31,"rssi":-61,"rssi_dist":2.42,"src_mac":"1C:C3:AB:D1:73:5C"}
1787208958.467 TX {"target_id":0,"risk":0}
1787208958.574 RX {"type":"vehicle","node_id":2882630492,"seq":3943,"gps_valid":1,"heading_valid":0,"lat":37.496445,"lng":126.958382,"speed_mps":0.005,"heading_deg":77.66,"node_risk":0,"tx_ms":425360,"rx_ms":391890,"recv_count":3738,"lost_count":31,"rssi":-60,"rssi_dist":2.42,"src_mac":"1C:C3:AB:D1:73:5C"}
1787208958.674 RX {"type":"vehicle","node_id":2882630492,"seq":3944,"gps_valid":1,"heading_valid":0,"lat":37.496445,"lng":126.958382,"speed_mps":0.005,"heading_deg":77.66,"node_risk":0,"tx_ms":425460,"rx_ms":391990,"recv_count":3739,"lost_count":31,"rssi":-61,"rssi_dist":2.42,"src_mac":"1C:C3:AB:D1:73:5C"}
1787208958.675 TX {"target_id":0,"risk":0}
1787208958.780 RX {"type":"vehicle","node_id":2882630492,"seq":3945,"gps_valid":1,"heading_valid":0,"lat":37.496445,"lng":126.958382,"speed_mps":0.005,"heading_deg":77.66,"node_risk":0,"tx_ms":425567,"rx_ms":392097,"recv_count":3740,"lost_count":31,"rssi":-62,"rssi_dist":2.42,"src_mac":"1C:C3:AB:D1:73:5C"}
1787208958.886 RX {"type":"vehicle","node_id":2882630492,"seq":3946,"gps_valid":1,"heading_valid":0,"lat":37.496445,"lng":126.958382,"speed_mps":0.005,"heading_deg":77.66,"node_risk":0,"tx_ms":425673,"rx_ms":392203,"recv_count":3741,"lost_count":31,"rssi":-60,"rssi_dist":2.42,"src_mac":"1C:C3:AB:D1:73:5C"}
1787208958.887 TX {"target_id":0,"risk":0}
1787208958.992 RX {"type":"vehicle","node_id":2882630492,"seq":3947,"gps_valid":1,"heading_valid":0,"lat":37.496445,"lng":126.958382,"speed_mps":0.005,"heading_deg":77.66,"node_risk":0,"tx_ms":425779,"rx_ms":392309,"recv_count":3742,"lost_count":31,"rssi":-60,"rssi_dist":2.42,"src_mac":"1C:C3:AB:D1:73:5C"}
1787208959.098 RX {"type":"vehicle","node_id":2882630492,"seq":3948,"gps_valid":1,"heading_valid":0,"lat":37.496445,"lng":126.958382,"speed_mps":0.005,"heading_deg":77.66,"node_risk":0,"tx_ms":425885,"rx_ms":392415,"recv_count":3743,"lost_count":31,"rssi":-62,"rssi_dist":2.42,"src_mac":"1C:C3:AB:D1:73:5C"}
1787208959.099 TX {"target_id":0,"risk":0}
1787208959.198 RX {"type":"vehicle","node_id":2882630492,"seq":3949,"gps_valid":1,"heading_valid":0,"lat":37.496445,"lng":126.958382,"speed_mps":0.003,"heading_deg":77.66,"node_risk":0,"tx_ms":425985,"rx_ms":392514,"recv_count":3744,"lost_count":31,"rssi":-62,"rssi_dist":2.42,"src_mac":"1C:C3:AB:D1:73:5C"}
1787208959.304 RX {"type":"vehicle","node_id":2882630492,"seq":3950,"gps_valid":1,"heading_valid":0,"lat":37.496445,"lng":126.958382,"speed_mps":0.003,"heading_deg":77.66,"node_risk":0,"tx_ms":426091,"rx_ms":392621,"recv_count":3745,"lost_count":31,"rssi":-62,"rssi_dist":2.42,"src_mac":"1C:C3:AB:D1:73:5C"}
1787208959.305 TX {"target_id":0,"risk":0}
1787208959.414 RX {"type":"vehicle","node_id":2882630492,"seq":3951,"gps_valid":1,"heading_valid":0,"lat":37.496445,"lng":126.958382,"speed_mps":0.003,"heading_deg":77.66,"node_risk":0,"tx_ms":426202,"rx_ms":392732,"recv_count":3746,"lost_count":31,"rssi":-62,"rssi_dist":2.42,"src_mac":"1C:C3:AB:D1:73:5C"}
1787208959.518 RX {"type":"vehicle","node_id":2882630492,"seq":3952,"gps_valid":1,"heading_valid":0,"lat":37.496445,"lng":126.958382,"speed_mps":0.003,"heading_deg":77.66,"node_risk":0,"tx_ms":426304,"rx_ms":392835,"recv_count":3747,"lost_count":31,"rssi":-62,"rssi_dist":2.42,"src_mac":"1C:C3:AB:D1:73:5C"}
1787208959.519 TX {"target_id":0,"risk":0}
1787208959.624 RX {"type":"vehicle","node_id":2882630492,"seq":3953,"gps_valid":1,"heading_valid":0,"lat":37.496445,"lng":126.958382,"speed_mps":0.003,"heading_deg":77.66,"node_risk":0,"tx_ms":426411,"rx_ms":392941,"recv_count":3748,"lost_count":31,"rssi":-62,"rssi_dist":2.42,"src_mac":"1C:C3:AB:D1:73:5C"}
1787208959.730 RX {"type":"vehicle","node_id":2882630492,"seq":3954,"gps_valid":1,"heading_valid":0,"lat":37.496445,"lng":126.958382,"speed_mps":0.003,"heading_deg":77.66,"node_risk":0,"tx_ms":426518,"rx_ms":393048,"recv_count":3749,"lost_count":31,"rssi":-63,"rssi_dist":2.42,"src_mac":"1C:C3:AB:D1:73:5C"}
1787208959.730 TX {"target_id":0,"risk":0}
1787208959.836 RX {"type":"vehicle","node_id":2882630492,"seq":3955,"gps_valid":1,"heading_valid":0,"lat":37.496445,"lng":126.958382,"speed_mps":0.003,"heading_deg":77.66,"node_risk":0,"tx_ms":426624,"rx_ms":393154,"recv_count":3750,"lost_count":31,"rssi":-63,"rssi_dist":2.42,"src_mac":"1C:C3:AB:D1:73:5C"}
1787208960.052 RX {"type":"vehicle","node_id":2882630492,"seq":3957,"gps_valid":1,"heading_valid":0,"lat":37.496445,"lng":126.958382,"speed_mps":0.003,"heading_deg":77.66,"node_risk":0,"tx_ms":426836,"rx_ms":393368,"recv_count":3751,"lost_count":32,"rssi":-64,"rssi_dist":2.42,"src_mac":"1C:C3:AB:D1:73:5C"}
1787208960.054 TX {"target_id":0,"risk":0}
1787208960.156 RX {"type":"vehicle","node_id":2882630492,"seq":3958,"gps_valid":1,"heading_valid":0,"lat":37.496445,"lng":126.958382,"speed_mps":0.003,"heading_deg":77.66,"node_risk":0,"tx_ms":426942,"rx_ms":393472,"recv_count":3752,"lost_count":32,"rssi":-62,"rssi_dist":2.42,"src_mac":"1C:C3:AB:D1:73:5C"}
1787208960.262 RX {"type":"vehicle","node_id":2882630492,"seq":3959,"gps_valid":1,"heading_valid":0,"lat":37.496441,"lng":126.958382,"speed_mps":0.007,"heading_deg":77.66,"node_risk":0,"tx_ms":427049,"rx_ms":393579,"recv_count":3753,"lost_count":32,"rssi":-63,"rssi_dist":2.42,"src_mac":"1C:C3:AB:D1:73:5C"}
1787208960.264 TX {"target_id":0,"risk":0}
1787208960.370 RX {"type":"vehicle","node_id":2882630492,"seq":3960,"gps_valid":1,"heading_valid":0,"lat":37.496441,"lng":126.958382,"speed_mps":0.007,"heading_deg":77.66,"node_risk":0,"tx_ms":427156,"rx_ms":393686,"recv_count":3754,"lost_count":32,"rssi":-65,"rssi_dist":2.42,"src_mac":"1C:C3:AB:D1:73:5C"}
1787208960.580 RX {"type":"vehicle","node_id":2882630492,"seq":3962,"gps_valid":1,"heading_valid":0,"lat":37.496441,"lng":126.958382,"speed_mps":0.007,"heading_deg":77.66,"node_risk":0,"tx_ms":427366,"rx_ms":393897,"recv_count":3755,"lost_count":33,"rssi":-63,"rssi_dist":2.42,"src_mac":"1C:C3:AB:D1:73:5C"}
1787208960.582 TX {"target_id":0,"risk":0}
1787208960.686 RX {"type":"vehicle","node_id":2882630492,"seq":3963,"gps_valid":1,"heading_valid":0,"lat":37.496441,"lng":126.958382,"speed_mps":0.007,"heading_deg":77.66,"node_risk":0,"tx_ms":427473,"rx_ms":394003,"recv_count":3756,"lost_count":33,"rssi":-63,"rssi_dist":2.42,"src_mac":"1C:C3:AB:D1:73:5C"}
1787208960.792 RX {"type":"vehicle","node_id":2882630492,"seq":3964,"gps_valid":1,"heading_valid":0,"lat":37.496441,"lng":126.958382,"speed_mps":0.007,"heading_deg":77.66,"node_risk":0,"tx_ms":427579,"rx_ms":394109,"recv_count":3757,"lost_count":33,"rssi":-63,"rssi_dist":2.42,"src_mac":"1C:C3:AB:D1:73:5C"}
1787208960.794 TX {"target_id":0,"risk":0}
1787208960.898 RX {"type":"vehicle","node_id":2882630492,"seq":3965,"gps_valid":1,"heading_valid":0,"lat":37.496441,"lng":126.958382,"speed_mps":0.007,"heading_deg":77.66,"node_risk":0,"tx_ms":427685,"rx_ms":394215,"recv_count":3758,"lost_count":33,"rssi":-61,"rssi_dist":2.42,"src_mac":"1C:C3:AB:D1:73:5C"}
1787208961.004 RX {"type":"vehicle","node_id":2882630492,"seq":3966,"gps_valid":1,"heading_valid":0,"lat":37.496441,"lng":126.958382,"speed_mps":0.007,"heading_deg":77.66,"node_risk":0,"tx_ms":427791,"rx_ms":394321,"recv_count":3759,"lost_count":33,"rssi":-63,"rssi_dist":2.42,"src_mac":"1C:C3:AB:D1:73:5C"}
1787208961.005 TX {"target_id":0,"risk":0}
1787208961.117 RX {"type":"vehicle","node_id":2882630492,"seq":3967,"gps_valid":1,"heading_valid":0,"lat":37.496441,"lng":126.958382,"speed_mps":0.007,"heading_deg":77.66,"node_risk":0,"tx_ms":427897,"rx_ms":394432,"recv_count":3760,"lost_count":33,"rssi":-62,"rssi_dist":2.42,"src_mac":"1C:C3:AB:D1:73:5C"}
1787208961.218 RX {"type":"vehicle","node_id":2882630492,"seq":3968,"gps_valid":1,"heading_valid":0,"lat":37.496441,"lng":126.958382,"speed_mps":0.006,"heading_deg":77.66,"node_risk":0,"tx_ms":428004,"rx_ms":394535,"recv_count":3761,"lost_count":33,"rssi":-62,"rssi_dist":2.42,"src_mac":"1C:C3:AB:D1:73:5C"}
1787208961.218 TX {"target_id":0,"risk":0}
1787208961.320 RX {"type":"vehicle","node_id":2882630492,"seq":3969,"gps_valid":1,"heading_valid":0,"lat":37.496441,"lng":126.958382,"speed_mps":0.006,"heading_deg":77.66,"node_risk":0,"tx_ms":428103,"rx_ms":394637,"recv_count":3762,"lost_count":33,"rssi":-61,"rssi_dist":2.42,"src_mac":"1C:C3:AB:D1:73:5C"}
1787208961.424 RX {"type":"vehicle","node_id":2882630492,"seq":3970,"gps_valid":1,"heading_valid":0,"lat":37.496441,"lng":126.958382,"speed_mps":0.006,"heading_deg":77.66,"node_risk":0,"tx_ms":428205,"rx_ms":394741,"recv_count":3763,"lost_count":33,"rssi":-64,"rssi_dist":2.42,"src_mac":"1C:C3:AB:D1:73:5C"}
1787208961.424 TX {"target_id":0,"risk":0}
1787208961.522 RX {"type":"vehicle","node_id":2882630492,"seq":3971,"gps_valid":1,"heading_valid":0,"lat":37.496441,"lng":126.958382,"speed_mps":0.006,"heading_deg":77.66,"node_risk":0,"tx_ms":428308,"rx_ms":394839,"recv_count":3764,"lost_count":33,"rssi":-61,"rssi_dist":2.42,"src_mac":"1C:C3:AB:D1:73:5C"}
1787208961.634 RX {"type":"vehicle","node_id":2882630492,"seq":3972,"gps_valid":1,"heading_valid":0,"lat":37.496441,"lng":126.958382,"speed_mps":0.006,"heading_deg":77.66,"node_risk":0,"tx_ms":428415,"rx_ms":394950,"recv_count":3765,"lost_count":33,"rssi":-59,"rssi_dist":2.42,"src_mac":"1C:C3:AB:D1:73:5C"}
1787208961.635 TX {"target_id":0,"risk":0}
1787208961.737 RX {"type":"vehicle","node_id":2882630492,"seq":3973,"gps_valid":1,"heading_valid":0,"lat":37.496441,"lng":126.958382,"speed_mps":0.006,"heading_deg":77.66,"node_risk":0,"tx_ms":428521,"rx_ms":395052,"recv_count":3766,"lost_count":33,"rssi":-59,"rssi_dist":2.42,"src_mac":"1C:C3:AB:D1:73:5C"}
1787208961.840 RX {"type":"vehicle","node_id":2882630492,"seq":3974,"gps_valid":1,"heading_valid":0,"lat":37.496441,"lng":126.958382,"speed_mps":0.006,"heading_deg":77.66,"node_risk":0,"tx_ms":428627,"rx_ms":395157,"recv_count":3767,"lost_count":33,"rssi":-60,"rssi_dist":2.42,"src_mac":"1C:C3:AB:D1:73:5C"}
1787208961.841 TX {"target_id":0,"risk":0}
1787208961.949 RX {"type":"vehicle","node_id":2882630492,"seq":3975,"gps_valid":1,"heading_valid":0,"lat":37.496441,"lng":126.958382,"speed_mps":0.006,"heading_deg":77.66,"node_risk":0,"tx_ms":428733,"rx_ms":395263,"recv_count":3768,"lost_count":33,"rssi":-60,"rssi_dist":2.42,"src_mac":"1C:C3:AB:D1:73:5C"}
1787208962.052 RX {"type":"vehicle","node_id":2882630492,"seq":3976,"gps_valid":1,"heading_valid":0,"lat":37.496441,"lng":126.958382,"speed_mps":0.006,"heading_deg":77.66,"node_risk":0,"tx_ms":428839,"rx_ms":395369,"recv_count":3769,"lost_count":33,"rssi":-60,"rssi_dist":2.42,"src_mac":"1C:C3:AB:D1:73:5C"}
1787208962.052 TX {"target_id":0,"risk":0}
1787208962.160 RX {"type":"vehicle","node_id":2882630492,"seq":3977,"gps_valid":1,"heading_valid":0,"lat":37.496441,"lng":126.958382,"speed_mps":0.006,"heading_deg":77.66,"node_risk":0,"tx_ms":428945,"rx_ms":395477,"recv_count":3770,"lost_count":33,"rssi":-60,"rssi_dist":2.42,"src_mac":"1C:C3:AB:D1:73:5C"}
1787208962.263 RX {"type":"vehicle","node_id":2882630492,"seq":3978,"gps_valid":1,"heading_valid":0,"lat":37.496441,"lng":126.958382,"speed_mps":0.005,"heading_deg":77.66,"node_risk":0,"tx_ms":429053,"rx_ms":395582,"recv_count":3771,"lost_count":33,"rssi":-60,"rssi_dist":2.42,"src_mac":"1C:C3:AB:D1:73:5C"}
1787208962.264 TX {"target_id":0,"risk":0}
1787208962.372 RX {"type":"vehicle","node_id":2882630492,"seq":3979,"gps_valid":1,"heading_valid":0,"lat":37.496441,"lng":126.958382,"speed_mps":0.005,"heading_deg":77.66,"node_risk":0,"tx_ms":429159,"rx_ms":395689,"recv_count":3772,"lost_count":33,"rssi":-59,"rssi_dist":2.42,"src_mac":"1C:C3:AB:D1:73:5C"}
1787208962.477 RX {"type":"vehicle","node_id":2882630492,"seq":3980,"gps_valid":1,"heading_valid":0,"lat":37.496441,"lng":126.958382,"speed_mps":0.005,"heading_deg":77.66,"node_risk":0,"tx_ms":429262,"rx_ms":395794,"recv_count":3773,"lost_count":33,"rssi":-58,"rssi_dist":2.42,"src_mac":"1C:C3:AB:D1:73:5C"}
1787208962.478 TX {"target_id":0,"risk":0}
1787208962.703 RX {"type":"vehicle","node_id":2882630492,"seq":3982,"gps_valid":1,"heading_valid":0,"lat":37.496441,"lng":126.958382,"speed_mps":0.005,"heading_deg":77.66,"node_risk":0,"tx_ms":429476,"rx_ms":396020,"recv_count":3774,"lost_count":34,"rssi":-63,"rssi_dist":2.42,"src_mac":"1C:C3:AB:D1:73:5C"}
1787208962.704 TX {"target_id":0,"risk":0}
1787208962.795 RX {"type":"vehicle","node_id":2882630492,"seq":3983,"gps_valid":1,"heading_valid":0,"lat":37.496441,"lng":126.958382,"speed_mps":0.005,"heading_deg":77.66,"node_risk":0,"tx_ms":429583,"rx_ms":396113,"recv_count":3775,"lost_count":34,"rssi":-63,"rssi_dist":2.42,"src_mac":"1C:C3:AB:D1:73:5C"}
1787208962.903 RX {"type":"vehicle","node_id":2882630492,"seq":3984,"gps_valid":1,"heading_valid":0,"lat":37.496441,"lng":126.958382,"speed_mps":0.005,"heading_deg":77.66,"node_risk":0,"tx_ms":429689,"rx_ms":396220,"recv_count":3776,"lost_count":34,"rssi":-61,"rssi_dist":2.42,"src_mac":"1C:C3:AB:D1:73:5C"}
1787208963.017 RX {"type":"vehicle","node_id":2882630492,"seq":3985,"gps_valid":1,"heading_valid":0,"lat":37.496441,"lng":126.958382,"speed_mps":0.005,"heading_deg":77.66,"node_risk":0,"tx_ms":429796,"rx_ms":396335,"recv_count":3777,"lost_count":34,"rssi":-60,"rssi_dist":2.42,"src_mac":"1C:C3:AB:D1:73:5C"}
1787208963.018 TX {"target_id":0,"risk":0}
1787208963.119 RX {"type":"vehicle","node_id":2882630492,"seq":3986,"gps_valid":1,"heading_valid":0,"lat":37.496441,"lng":126.958382,"speed_mps":0.005,"heading_deg":77.66,"node_risk":0,"tx_ms":429902,"rx_ms":396437,"recv_count":3778,"lost_count":34,"rssi":-60,"rssi_dist":2.42,"src_mac":"1C:C3:AB:D1:73:5C"}
1787208963.327 RX {"type":"vehicle","node_id":2882630492,"seq":3988,"gps_valid":1,"heading_valid":0,"lat":37.496437,"lng":126.958382,"speed_mps":0.016,"heading_deg":77.66,"node_risk":0,"tx_ms":430114,"rx_ms":396644,"recv_count":3779,"lost_count":35,"rssi":-58,"rssi_dist":2.42,"src_mac":"1C:C3:AB:D1:73:5C"}
1787208963.329 TX {"target_id":0,"risk":0}
1787208963.437 RX {"type":"vehicle","node_id":2882630492,"seq":3989,"gps_valid":1,"heading_valid":0,"lat":37.496437,"lng":126.958382,"speed_mps":0.016,"heading_deg":77.66,"node_risk":0,"tx_ms":430218,"rx_ms":396754,"recv_count":3780,"lost_count":35,"rssi":-60,"rssi_dist":2.42,"src_mac":"1C:C3:AB:D1:73:5C"}
1787208963.537 RX {"type":"vehicle","node_id":2882630492,"seq":3990,"gps_valid":1,"heading_valid":0,"lat":37.496437,"lng":126.958382,"speed_mps":0.016,"heading_deg":77.66,"node_risk":0,"tx_ms":430325,"rx_ms":396854,"recv_count":3781,"lost_count":35,"rssi":-58,"rssi_dist":2.42,"src_mac":"1C:C3:AB:D1:73:5C"}
1787208963.538 TX {"target_id":0,"risk":0}
1787208963.751 RX {"type":"vehicle","node_id":2882630492,"seq":3992,"gps_valid":1,"heading_valid":0,"lat":37.496437,"lng":126.958382,"speed_mps":0.016,"heading_deg":77.66,"node_risk":0,"tx_ms":430538,"rx_ms":397068,"recv_count":3782,"lost_count":36,"rssi":-57,"rssi_dist":2.42,"src_mac":"1C:C3:AB:D1:73:5C"}
1787208963.752 TX {"target_id":0,"risk":0}
1787208963.861 RX {"type":"vehicle","node_id":2882630492,"seq":3993,"gps_valid":1,"heading_valid":0,"lat":37.496437,"lng":126.958382,"speed_mps":0.016,"heading_deg":77.66,"node_risk":0,"tx_ms":430645,"rx_ms":397179,"recv_count":3783,"lost_count":36,"rssi":-56,"rssi_dist":2.42,"src_mac":"1C:C3:AB:D1:73:5C"}
1787208963.963 RX {"type":"vehicle","node_id":2882630492,"seq":3994,"gps_valid":1,"heading_valid":0,"lat":37.496437,"lng":126.958382,"speed_mps":0.016,"heading_deg":77.66,"node_risk":0,"tx_ms":430751,"rx_ms":397281,"recv_count":3784,"lost_count":36,"rssi":-58,"rssi_dist":2.42,"src_mac":"1C:C3:AB:D1:73:5C"}
1787208963.964 TX {"target_id":0,"risk":0}
1787208964.077 RX {"type":"vehicle","node_id":2882630492,"seq":3995,"gps_valid":1,"heading_valid":0,"lat":37.496437,"lng":126.958382,"speed_mps":0.016,"heading_deg":77.66,"node_risk":0,"tx_ms":430858,"rx_ms":397395,"recv_count":3785,"lost_count":36,"rssi":-61,"rssi_dist":2.42,"src_mac":"1C:C3:AB:D1:73:5C"}
1787208964.187 RX {"type":"vehicle","node_id":2882630492,"seq":3996,"gps_valid":1,"heading_valid":0,"lat":37.496437,"lng":126.958382,"speed_mps":0.016,"heading_deg":77.66,"node_risk":0,"tx_ms":430964,"rx_ms":397505,"recv_count":3786,"lost_count":36,"rssi":-60,"rssi_dist":2.42,"src_mac":"1C:C3:AB:D1:73:5C"}
1787208964.188 TX {"target_id":0,"risk":0}
1787208964.285 RX {"type":"vehicle","node_id":2882630492,"seq":3997,"gps_valid":1,"heading_valid":0,"lat":37.496437,"lng":126.958382,"speed_mps":0.013,"heading_deg":77.66,"node_risk":0,"tx_ms":431064,"rx_ms":397602,"recv_count":3787,"lost_count":36,"rssi":-60,"rssi_dist":2.42,"src_mac":"1C:C3:AB:D1:73:5C"}
1787208964.393 RX {"type":"vehicle","node_id":2882630492,"seq":3998,"gps_valid":1,"heading_valid":0,"lat":37.496437,"lng":126.958382,"speed_mps":0.013,"heading_deg":77.66,"node_risk":0,"tx_ms":431171,"rx_ms":397710,"recv_count":3788,"lost_count":36,"rssi":-59,"rssi_dist":2.42,"src_mac":"1C:C3:AB:D1:73:5C"}
1787208964.394 TX {"target_id":0,"risk":0}
1787208964.485 RX {"type":"vehicle","node_id":2882630492,"seq":3999,"gps_valid":1,"heading_valid":0,"lat":37.496437,"lng":126.958382,"speed_mps":0.013,"heading_deg":77.66,"node_risk":0,"tx_ms":431274,"rx_ms":397803,"recv_count":3789,"lost_count":36,"rssi":-59,"rssi_dist":2.42,"src_mac":"1C:C3:AB:D1:73:5C"}
1787208964.597 RX {"type":"vehicle","node_id":2882630492,"seq":4000,"gps_valid":1,"heading_valid":0,"lat":37.496437,"lng":126.958382,"speed_mps":0.013,"heading_deg":77.66,"node_risk":0,"tx_ms":431380,"rx_ms":397914,"recv_count":3790,"lost_count":36,"rssi":-59,"rssi_dist":2.42,"src_mac":"1C:C3:AB:D1:73:5C"}
1787208964.598 TX {"target_id":0,"risk":0}
1787208964.699 RX {"type":"vehicle","node_id":2882630492,"seq":4001,"gps_valid":1,"heading_valid":0,"lat":37.496437,"lng":126.958382,"speed_mps":0.013,"heading_deg":77.66,"node_risk":0,"tx_ms":431487,"rx_ms":398017,"recv_count":3791,"lost_count":36,"rssi":-58,"rssi_dist":2.42,"src_mac":"1C:C3:AB:D1:73:5C"}
1787208964.805 RX {"type":"vehicle","node_id":2882630492,"seq":4002,"gps_valid":1,"heading_valid":0,"lat":37.496437,"lng":126.958382,"speed_mps":0.013,"heading_deg":77.66,"node_risk":0,"tx_ms":431593,"rx_ms":398123,"recv_count":3792,"lost_count":36,"rssi":-58,"rssi_dist":2.42,"src_mac":"1C:C3:AB:D1:73:5C"}
1787208964.806 TX {"target_id":0,"risk":0}
1787208964.911 RX {"type":"vehicle","node_id":2882630492,"seq":4003,"gps_valid":1,"heading_valid":0,"lat":37.496437,"lng":126.958382,"speed_mps":0.013,"heading_deg":77.66,"node_risk":0,"tx_ms":431699,"rx_ms":398229,"recv_count":3793,"lost_count":36,"rssi":-58,"rssi_dist":2.42,"src_mac":"1C:C3:AB:D1:73:5C"}
1787208965.019 RX {"type":"vehicle","node_id":2882630492,"seq":4004,"gps_valid":1,"heading_valid":0,"lat":37.496437,"lng":126.958382,"speed_mps":0.013,"heading_deg":77.66,"node_risk":0,"tx_ms":431805,"rx_ms":398337,"recv_count":3794,"lost_count":36,"rssi":-59,"rssi_dist":2.42,"src_mac":"1C:C3:AB:D1:73:5C"}
1787208965.020 TX {"target_id":0,"risk":0}
1787208965.123 RX {"type":"vehicle","node_id":2882630492,"seq":4005,"gps_valid":1,"heading_valid":0,"lat":37.496437,"lng":126.958382,"speed_mps":0.013,"heading_deg":77.66,"node_risk":0,"tx_ms":431911,"rx_ms":398441,"recv_count":3795,"lost_count":36,"rssi":-58,"rssi_dist":2.42,"src_mac":"1C:C3:AB:D1:73:5C"}
1787208965.229 RX {"type":"vehicle","node_id":2882630492,"seq":4006,"gps_valid":1,"heading_valid":0,"lat":37.496437,"lng":126.958389,"speed_mps":0.014,"heading_deg":77.66,"node_risk":0,"tx_ms":432017,"rx_ms":398547,"recv_count":3796,"lost_count":36,"rssi":-57,"rssi_dist":2.42,"src_mac":"1C:C3:AB:D1:73:5C"}
1787208965.230 TX {"target_id":0,"risk":0}
1787208965.335 RX {"type":"vehicle","node_id":2882630492,"seq":4007,"gps_valid":1,"heading_valid":0,"lat":37.496437,"lng":126.958389,"speed_mps":0.014,"heading_deg":77.66,"node_risk":0,"tx_ms":432124,"rx_ms":398654,"recv_count":3797,"lost_count":36,"rssi":-59,"rssi_dist":2.42,"src_mac":"1C:C3:AB:D1:73:5C"}
1787208965.439 RX {"type":"vehicle","node_id":2882630492,"seq":4008,"gps_valid":1,"heading_valid":0,"lat":37.496437,"lng":126.958389,"speed_mps":0.014,"heading_deg":77.66,"node_risk":0,"tx_ms":432228,"rx_ms":398757,"recv_count":3798,"lost_count":36,"rssi":-59,"rssi_dist":2.42,"src_mac":"1C:C3:AB:D1:73:5C"}
1787208965.440 TX {"target_id":0,"risk":0}
1787208965.545 RX {"type":"vehicle","node_id":2882630492,"seq":4009,"gps_valid":1,"heading_valid":0,"lat":37.496437,"lng":126.958389,"speed_mps":0.014,"heading_deg":77.66,"node_risk":0,"tx_ms":432335,"rx_ms":398864,"recv_count":3799,"lost_count":36,"rssi":-57,"rssi_dist":2.42,"src_mac":"1C:C3:AB:D1:73:5C"}
1787208965.653 RX {"type":"vehicle","node_id":2882630492,"seq":4010,"gps_valid":1,"heading_valid":0,"lat":37.496433,"lng":126.958389,"speed_mps":0.014,"heading_deg":77.66,"node_risk":0,"tx_ms":432441,"rx_ms":398971,"recv_count":3800,"lost_count":36,"rssi":-58,"rssi_dist":2.42,"src_mac":"1C:C3:AB:D1:73:5C"}
1787208965.654 TX {"target_id":0,"risk":0}
1787208965.759 RX {"type":"vehicle","node_id":2882630492,"seq":4011,"gps_valid":1,"heading_valid":0,"lat":37.496433,"lng":126.958389,"speed_mps":0.014,"heading_deg":77.66,"node_risk":0,"tx_ms":432548,"rx_ms":399078,"recv_count":3801,"lost_count":36,"rssi":-60,"rssi_dist":2.42,"src_mac":"1C:C3:AB:D1:73:5C"}
1787208965.973 RX {"type":"vehicle","node_id":2882630492,"seq":4013,"gps_valid":1,"heading_valid":0,"lat":37.496433,"lng":126.958389,"speed_mps":0.014,"heading_deg":77.66,"node_risk":0,"tx_ms":432761,"rx_ms":399290,"recv_count":3802,"lost_count":37,"rssi":-60,"rssi_dist":2.42,"src_mac":"1C:C3:AB:D1:73:5C"}
1787208965.974 TX {"target_id":0,"risk":0}
1787208966.081 RX {"type":"vehicle","node_id":2882630492,"seq":4014,"gps_valid":1,"heading_valid":0,"lat":37.496433,"lng":126.958389,"speed_mps":0.014,"heading_deg":77.66,"node_risk":0,"tx_ms":432867,"rx_ms":399399,"recv_count":3803,"lost_count":37,"rssi":-59,"rssi_dist":2.42,"src_mac":"1C:C3:AB:D1:73:5C"}
1787208966.185 RX {"type":"vehicle","node_id":2882630492,"seq":4015,"gps_valid":1,"heading_valid":0,"lat":37.496433,"lng":126.958389,"speed_mps":0.014,"heading_deg":77.66,"node_risk":0,"tx_ms":432973,"rx_ms":399503,"recv_count":3804,"lost_count":37,"rssi":-59,"rssi_dist":2.42,"src_mac":"1C:C3:AB:D1:73:5C"}
1787208966.186 TX {"target_id":0,"risk":0}
1787208966.293 RX {"type":"vehicle","node_id":2882630492,"seq":4016,"gps_valid":1,"heading_valid":0,"lat":37.496433,"lng":126.958389,"speed_mps":0.010,"heading_deg":77.66,"node_risk":0,"tx_ms":433080,"rx_ms":399612,"recv_count":3805,"lost_count":37,"rssi":-58,"rssi_dist":2.42,"src_mac":"1C:C3:AB:D1:73:5C"}
1787208966.399 RX {"type":"vehicle","node_id":2882630492,"seq":4017,"gps_valid":1,"heading_valid":0,"lat":37.496433,"lng":126.958389,"speed_mps":0.010,"heading_deg":77.66,"node_risk":0,"tx_ms":433187,"rx_ms":399717,"recv_count":3806,"lost_count":37,"rssi":-59,"rssi_dist":2.42,"src_mac":"1C:C3:AB:D1:73:5C"}
1787208966.400 TX {"target_id":0,"risk":0}
1787208966.501 RX {"type":"vehicle","node_id":2882630492,"seq":4018,"gps_valid":1,"heading_valid":0,"lat":37.496433,"lng":126.958389,"speed_mps":0.010,"heading_deg":77.66,"node_risk":0,"tx_ms":433290,"rx_ms":399820,"recv_count":3807,"lost_count":37,"rssi":-60,"rssi_dist":2.42,"src_mac":"1C:C3:AB:D1:73:5C"}
1787208966.609 RX {"type":"vehicle","node_id":2882630492,"seq":4019,"gps_valid":1,"heading_valid":0,"lat":37.496433,"lng":126.958389,"speed_mps":0.010,"heading_deg":77.66,"node_risk":0,"tx_ms":433397,"rx_ms":399927,"recv_count":3808,"lost_count":37,"rssi":-58,"rssi_dist":2.42,"src_mac":"1C:C3:AB:D1:73:5C"}
1787208966.610 TX {"target_id":0,"risk":0}
1787208966.717 RX {"type":"vehicle","node_id":2882630492,"seq":4020,"gps_valid":1,"heading_valid":0,"lat":37.496433,"lng":126.958389,"speed_mps":0.010,"heading_deg":77.66,"node_risk":0,"tx_ms":433504,"rx_ms":400035,"recv_count":3809,"lost_count":37,"rssi":-59,"rssi_dist":2.42,"src_mac":"1C:C3:AB:D1:73:5C"}
1787208966.821 RX {"type":"vehicle","node_id":2882630492,"seq":4021,"gps_valid":1,"heading_valid":0,"lat":37.496433,"lng":126.958389,"speed_mps":0.010,"heading_deg":77.66,"node_risk":0,"tx_ms":433610,"rx_ms":400140,"recv_count":3810,"lost_count":37,"rssi":-60,"rssi_dist":2.42,"src_mac":"1C:C3:AB:D1:73:5C"}
1787208966.822 TX {"target_id":0,"risk":0}
1787208966.927 RX {"type":"vehicle","node_id":2882630492,"seq":4022,"gps_valid":1,"heading_valid":0,"lat":37.496433,"lng":126.958389,"speed_mps":0.010,"heading_deg":77.66,"node_risk":0,"tx_ms":433716,"rx_ms":400246,"recv_count":3811,"lost_count":37,"rssi":-59,"rssi_dist":2.42,"src_mac":"1C:C3:AB:D1:73:5C"}
1787208967.033 RX {"type":"vehicle","node_id":2882630492,"seq":4023,"gps_valid":1,"heading_valid":0,"lat":37.496433,"lng":126.958389,"speed_mps":0.010,"heading_deg":77.66,"node_risk":0,"tx_ms":433822,"rx_ms":400351,"recv_count":3812,"lost_count":37,"rssi":-60,"rssi_dist":2.42,"src_mac":"1C:C3:AB:D1:73:5C"}
1787208967.034 TX {"target_id":0,"risk":0}
1787208967.141 RX {"type":"vehicle","node_id":2882630492,"seq":4024,"gps_valid":1,"heading_valid":0,"lat":37.496433,"lng":126.958389,"speed_mps":0.010,"heading_deg":77.66,"node_risk":0,"tx_ms":433928,"rx_ms":400458,"recv_count":3813,"lost_count":37,"rssi":-60,"rssi_dist":2.42,"src_mac":"1C:C3:AB:D1:73:5C"}
1787208967.247 RX {"type":"vehicle","node_id":2882630492,"seq":4025,"gps_valid":1,"heading_valid":0,"lat":37.496433,"lng":126.958389,"speed_mps":0.010,"heading_deg":77.66,"node_risk":0,"tx_ms":434035,"rx_ms":400565,"recv_count":3814,"lost_count":37,"rssi":-61,"rssi_dist":2.42,"src_mac":"1C:C3:AB:D1:73:5C"}
1787208967.248 TX {"target_id":0,"risk":0}
1787208967.355 RX {"type":"vehicle","node_id":2882630492,"seq":4026,"gps_valid":1,"heading_valid":0,"lat":37.496433,"lng":126.958389,"speed_mps":0.010,"heading_deg":77.66,"node_risk":0,"tx_ms":434142,"rx_ms":400672,"recv_count":3815,"lost_count":37,"rssi":-61,"rssi_dist":2.42,"src_mac":"1C:C3:AB:D1:73:5C"}
1787208967.459 RX {"type":"vehicle","node_id":2882630492,"seq":4027,"gps_valid":1,"heading_valid":0,"lat":37.496433,"lng":126.958389,"speed_mps":0.010,"heading_deg":77.66,"node_risk":0,"tx_ms":434245,"rx_ms":400777,"recv_count":3816,"lost_count":37,"rssi":-60,"rssi_dist":2.42,"src_mac":"1C:C3:AB:D1:73:5C"}
1787208967.460 TX {"target_id":0,"risk":0}
1787208967.567 RX {"type":"vehicle","node_id":2882630492,"seq":4028,"gps_valid":1,"heading_valid":0,"lat":37.496433,"lng":126.958389,"speed_mps":0.010,"heading_deg":77.66,"node_risk":0,"tx_ms":434352,"rx_ms":400884,"recv_count":3817,"lost_count":37,"rssi":-59,"rssi_dist":2.42,"src_mac":"1C:C3:AB:D1:73:5C"}
1787208967.675 RX {"type":"vehicle","node_id":2882630492,"seq":4029,"gps_valid":1,"heading_valid":0,"lat":37.496433,"lng":126.958389,"speed_mps":0.010,"heading_deg":77.66,"node_risk":0,"tx_ms":434459,"rx_ms":400993,"recv_count":3818,"lost_count":37,"rssi":-59,"rssi_dist":2.42,"src_mac":"1C:C3:AB:D1:73:5C"}
1787208967.676 TX {"target_id":0,"risk":0}
1787208967.779 RX {"type":"vehicle","node_id":2882630492,"seq":4030,"gps_valid":1,"heading_valid":0,"lat":37.496433,"lng":126.958389,"speed_mps":0.010,"heading_deg":77.66,"node_risk":0,"tx_ms":434566,"rx_ms":401097,"recv_count":3819,"lost_count":37,"rssi":-60,"rssi_dist":2.42,"src_mac":"1C:C3:AB:D1:73:5C"}
1787208967.887 RX {"type":"vehicle","node_id":2882630492,"seq":4031,"gps_valid":1,"heading_valid":0,"lat":37.496433,"lng":126.958389,"speed_mps":0.010,"heading_deg":77.66,"node_risk":0,"tx_ms":434672,"rx_ms":401205,"recv_count":3820,"lost_count":37,"rssi":-59,"rssi_dist":2.42,"src_mac":"1C:C3:AB:D1:73:5C"}
1787208967.888 TX {"target_id":0,"risk":0}
1787208967.991 RX {"type":"vehicle","node_id":2882630492,"seq":4032,"gps_valid":1,"heading_valid":0,"lat":37.496433,"lng":126.958389,"speed_mps":0.010,"heading_deg":77.66,"node_risk":0,"tx_ms":434778,"rx_ms":401309,"recv_count":3821,"lost_count":37,"rssi":-59,"rssi_dist":2.42,"src_mac":"1C:C3:AB:D1:73:5C"}
1787208968.099 RX {"type":"vehicle","node_id":2882630492,"seq":4033,"gps_valid":1,"heading_valid":0,"lat":37.496433,"lng":126.958389,"speed_mps":0.010,"heading_deg":77.66,"node_risk":0,"tx_ms":434884,"rx_ms":401416,"recv_count":3822,"lost_count":37,"rssi":-58,"rssi_dist":2.42,"src_mac":"1C:C3:AB:D1:73:5C"}
1787208968.100 TX {"target_id":0,"risk":0}
1787208968.201 RX {"type":"vehicle","node_id":2882630492,"seq":4034,"gps_valid":1,"heading_valid":0,"lat":37.496429,"lng":126.958389,"speed_mps":0.008,"heading_deg":77.66,"node_risk":0,"tx_ms":434991,"rx_ms":401520,"recv_count":3823,"lost_count":37,"rssi":-58,"rssi_dist":2.42,"src_mac":"1C:C3:AB:D1:73:5C"}
1787208968.309 RX {"type":"vehicle","node_id":2882630492,"seq":4035,"gps_valid":1,"heading_valid":0,"lat":37.496429,"lng":126.958389,"speed_mps":0.008,"heading_deg":77.66,"node_risk":0,"tx_ms":435097,"rx_ms":401627,"recv_count":3824,"lost_count":37,"rssi":-58,"rssi_dist":2.42,"src_mac":"1C:C3:AB:D1:73:5C"}
1787208968.310 TX {"target_id":0,"risk":0}
1787208968.417 RX {"type":"vehicle","node_id":2882630492,"seq":4036,"gps_valid":1,"heading_valid":0,"lat":37.496429,"lng":126.958389,"speed_mps":0.008,"heading_deg":77.66,"node_risk":0,"tx_ms":435205,"rx_ms":401736,"recv_count":3825,"lost_count":37,"rssi":-58,"rssi_dist":2.42,"src_mac":"1C:C3:AB:D1:73:5C"}
1787208968.519 RX {"type":"vehicle","node_id":2882630492,"seq":4037,"gps_valid":1,"heading_valid":0,"lat":37.496429,"lng":126.958389,"speed_mps":0.008,"heading_deg":77.66,"node_risk":0,"tx_ms":435307,"rx_ms":401837,"recv_count":3826,"lost_count":37,"rssi":-59,"rssi_dist":2.42,"src_mac":"1C:C3:AB:D1:73:5C"}
1787208968.520 TX {"target_id":0,"risk":0}
1787208968.625 RX {"type":"vehicle","node_id":2882630492,"seq":4038,"gps_valid":1,"heading_valid":0,"lat":37.496429,"lng":126.958389,"speed_mps":0.008,"heading_deg":77.66,"node_risk":0,"tx_ms":435414,"rx_ms":401944,"recv_count":3827,"lost_count":37,"rssi":-58,"rssi_dist":2.42,"src_mac":"1C:C3:AB:D1:73:5C"}
1787208968.733 RX {"type":"vehicle","node_id":2882630492,"seq":4039,"gps_valid":1,"heading_valid":0,"lat":37.496429,"lng":126.958389,"speed_mps":0.008,"heading_deg":77.66,"node_risk":0,"tx_ms":435521,"rx_ms":402051,"recv_count":3828,"lost_count":37,"rssi":-59,"rssi_dist":2.42,"src_mac":"1C:C3:AB:D1:73:5C"}
1787208968.733 TX {"target_id":0,"risk":0}
1787208968.839 RX {"type":"vehicle","node_id":2882630492,"seq":4040,"gps_valid":1,"heading_valid":0,"lat":37.496429,"lng":126.958389,"speed_mps":0.008,"heading_deg":77.66,"node_risk":0,"tx_ms":435627,"rx_ms":402157,"recv_count":3829,"lost_count":37,"rssi":-58,"rssi_dist":2.42,"src_mac":"1C:C3:AB:D1:73:5C"}
1787208968.945 RX {"type":"vehicle","node_id":2882630492,"seq":4041,"gps_valid":1,"heading_valid":0,"lat":37.496429,"lng":126.958389,"speed_mps":0.008,"heading_deg":77.66,"node_risk":0,"tx_ms":435733,"rx_ms":402263,"recv_count":3830,"lost_count":37,"rssi":-58,"rssi_dist":2.42,"src_mac":"1C:C3:AB:D1:73:5C"}
1787208968.946 TX {"target_id":0,"risk":0}
1787208969.055 RX {"type":"vehicle","node_id":2882630492,"seq":4042,"gps_valid":1,"heading_valid":0,"lat":37.496429,"lng":126.958389,"speed_mps":0.008,"heading_deg":77.66,"node_risk":0,"tx_ms":435839,"rx_ms":402373,"recv_count":3831,"lost_count":37,"rssi":-58,"rssi_dist":2.42,"src_mac":"1C:C3:AB:D1:73:5C"}
