17:30:35  시각ms:1709406
17:30:35  IMU시각ms:1709406
17:30:35  위험:0
17:30:35  GPS유효:1
17:30:35  위도:37.496666
17:30:35  경도:126.957878
17:30:35  속도:0.013
17:30:35  방향:188.0
17:30:35  GPS원시속도:0.010
17:30:35  GPS원시방향유효:1
17:30:35  GPS원시방향:187.0
17:30:35  가속도:3.979,-6.172,6.747
17:30:35  자이로:-2.137,-2.924,0.115
17:30:35  자력계:-13.050,13.800,0.300
17:30:35  송신:16699
17:30:35  GPS위성:7
17:30:35  GPS_HDOP:1.42
17:30:35  원시위도:37.496664
17:30:35  원시경도:126.957874
17:30:35  GPS채택:2330
17:30:35  GPS이상치거부:8
17:30:35  GPS품질거부:191
17:30:35  GPS재기준:1
17:30:35  RSSI원시:-80
17:30:35  RSSI평활:-82.4
17:30:35  RSSI샘플:31777
17:30:35  RSSI경과ms:73
17:30:35  차량수신:15683
17:30:35  시각ms:1709472
17:30:35  IMU시각ms:1709472
17:30:35  위험:0
17:30:35  GPS유효:1
17:30:35  위도:37.496666
17:30:35  경도:126.957878
17:30:35  속도:0.013
17:30:35  방향:188.0
17:30:35  GPS원시속도:0.010
17:30:35  GPS원시방향유효:1
17:30:35  GPS원시방향:187.0
17:30:35  가속도:4.037,-6.009,6.680
17:30:35  자이로:-1.847,-2.656,0.557
17:30:35  자력계:-13.200,12.000,0.450
17:30:35  송신:16699
17:30:35  GPS위성:7
17:30:35  GPS_HDOP:1.42
17:30:35  원시위도:37.496664
17:30:35  원시경도:126.957874
17:30:35  GPS채택:2330
17:30:35  GPS이상치거부:8
17:30:35  GPS품질거부:191
17:30:35  GPS재기준:1
17:30:35  RSSI원시:-86
17:30:35  RSSI평활:-83.1
17:30:35  RSSI샘플:31778
17:30:35  RSSI경과ms:38
17:30:35  차량수신:15684
17:30:35  시각ms:1709645
17:30:35  IMU시각ms:1709645
17:30:35  위험:0
17:30:35  GPS유효:1
17:30:35  위도:37.496662
17:30:35  경도:126.957870
17:30:35  속도:0.014
17:30:35  방향:188.0
17:30:35  GPS원시속도:0.015
17:30:35  GPS원시방향유효:1
17:30:35  GPS원시방향:187.0
17:30:35  가속도:4.051,-6.038,6.694
17:30:35  자이로:-0.939,2.221,0.656
17:30:35  자력계:-12.750,12.600,-0.300
17:30:35  송신:16701
17:30:35  GPS위성:7
17:30:35  GPS_HDOP:1.42
17:30:35  원시위도:37.496663
17:30:35  원시경도:126.957874
17:30:35  GPS채택:2331
17:30:35  GPS이상치거부:8
17:30:35  GPS품질거부:191
17:30:35  GPS재기준:1
17:30:35  RSSI원시:-83
17:30:35  RSSI평활:-83.1
17:30:35  RSSI샘플:31780
17:30:35  RSSI경과ms:4
17:30:35  차량수신:15685
17:30:35  시각ms:1709923
17:30:35  IMU시각ms:1709923
17:30:35  위험:0
17:30:35  GPS유효:1
17:30:35  위도:37.496662
17:30:35  경도:126.957870
17:30:35  속도:0.014
17:30:35  방향:188.0
17:30:35  GPS원시속도:0.015
17:30:35  GPS원시방향유효:1
17:30:35  GPS원시방향:187.0
17:30:35  가속도:3.989,-6.076,6.771
17:30:35  자이로:0.969,0.702,1.908
17:30:35  자력계:-12.900,11.700,1.950
17:30:35  송신:16704
17:30:35  GPS위성:7
17:30:35  GPS_HDOP:1.42
17:30:35  원시위도:37.496663
17:30:35  원시경도:126.957874
17:30:35  GPS채택:2332
17:30:35  GPS이상치거부:8
17:30:35  GPS품질거부:191
17:30:35  GPS재기준:1
17:30:35  RSSI원시:-86
17:30:35  RSSI평활:-83.6
17:30:35  RSSI샘플:31783
17:30:35  RSSI경과ms:9
17:30:35  차량수신:15685
17:30:35  시각ms:1710231
17:30:35  IMU시각ms:1710231
17:30:35  위험:0
17:30:35  GPS유효:1
17:30:35  위도:37.496662
17:30:35  경도:126.957870
17:30:35  속도:0.014
17:30:35  방향:188.0
17:30:35  GPS원시속도:0.015
17:30:35  GPS원시방향유효:1
17:30:35  GPS원시방향:187.0
17:30:35  가속도:4.161,-6.019,6.699
17:30:35  자이로:-1.702,-0.802,0.061
17:30:35  자력계:-13.500,14.550,0.300
17:30:35  송신:16707
17:30:35  GPS위성:7
17:30:35  GPS_HDOP:1.42
17:30:35  원시위도:37.496663
17:30:35  원시경도:126.957874
17:30:35  GPS채택:2332
17:30:35  GPS이상치거부:8
17:30:35  GPS품질거부:191
17:30:35  GPS재기준:1
17:30:35  RSSI원시:-82
17:30:35  RSSI평활:-83.6
17:30:35  RSSI샘플:31787
17:30:35  RSSI경과ms:29
17:30:35  차량수신:15687
17:30:35  시각ms:1710330
17:30:35  IMU시각ms:1710330
17:30:35  위험:0
17:30:35  GPS유효:1
17:30:35  위도:37.496662
17:30:35  경도:126.957870
17:30:35  속도:0.014
17:30:35  방향:188.0
17:30:35  GPS원시속도:0.015
17:30:35  GPS원시방향유효:1
17:30:35  GPS원시방향:187.0
17:30:35  가속도:4.085,-5.923,6.699
17:30:35  자이로:1.099,-2.740,0.725
17:30:35  자력계:-12.750,11.850,-2.100
17:30:35  송신:16708
17:30:35  GPS위성:7
17:30:35  GPS_HDOP:1.42
17:30:35  원시위도:37.496663
17:30:35  원시경도:126.957874
17:30:35  GPS채택:2332
17:30:35  GPS이상치거부:8
17:30:35  GPS품질거부:191
17:30:35  GPS재기준:1
17:30:35  RSSI원시:-83
17:30:35  RSSI평활:-83.5
17:30:35  RSSI샘플:31788
17:30:35  RSSI경과ms:32
17:30:35  차량수신:15687
17:30:35  시각ms:1710352
17:30:35  IMU시각ms:1710352
17:30:35  위험:0
17:30:35  GPS유효:1
17:30:35  위도:37.496662
17:30:35  경도:126.957870
17:30:35  속도:0.014
17:30:35  방향:188.0
17:30:35  GPS원시속도:0.015
17:30:35  GPS원시방향유효:1
17:30:35  GPS원시방향:187.0
17:30:35  가속도:4.080,-5.990,6.728
17:30:35  자이로:-1.840,-3.183,0.664
17:30:35  자력계:-12.450,12.750,-0.450
17:30:35  송신:16708
17:30:35  GPS위성:7
17:30:35  GPS_HDOP:1.42
17:30:35  원시위도:37.496663
17:30:35  원시경도:126.957874
17:30:35  GPS채택:2332
17:30:35  GPS이상치거부:8
17:30:35  GPS품질거부:191
17:30:35  GPS재기준:1
17:30:35  RSSI원시:-83
17:30:35  RSSI평활:-83.5
17:30:35  RSSI샘플:31788
17:30:35  RSSI경과ms:54
17:30:35  차량수신:15687
17:30:35  시각ms:1710374
17:30:35  IMU시각ms:1710374
17:30:35  위험:0
17:30:35  GPS유효:1
17:30:35  위도:37.496662
17:30:35  경도:126.957870
17:30:35  속도:0.014
17:30:35  방향:188.0
17:30:35  GPS원시속도:0.015
17:30:35  GPS원시방향유효:1
17:30:35  GPS원시방향:187.0
17:30:35  가속도:4.022,-6.139,6.752
17:30:35  자이로:-2.099,-0.214,-1.908
17:30:35  자력계:-13.650,12.750,-1.500
17:30:35  송신:16708
17:30:35  GPS위성:7
17:30:35  GPS_HDOP:1.42
17:30:35  원시위도:37.496663
17:30:35  원시경도:126.957874
17:30:35  GPS채택:2332
17:30:35  GPS이상치거부:8
17:30:35  GPS품질거부:191
17:30:35  GPS재기준:1
17:30:35  RSSI원시:-83
17:30:35  RSSI평활:-83.5
17:30:35  RSSI샘플:31788
17:30:35  RSSI경과ms:76
17:30:35  차량수신:15687
17:30:36  시각ms:1710538
17:30:36  IMU시각ms:1710538
17:30:36  위험:0
17:30:36  GPS유효:1
17:30:36  위도:37.496662
17:30:36  경도:126.957870
17:30:36  속도:0.009
17:30:36  방향:188.0
17:30:36  GPS원시속도:0.000
17:30:36  GPS원시방향유효:1
17:30:36  GPS원시방향:187.0
17:30:36  가속도:3.950,-6.014,6.895
17:30:36  자이로:-3.260,1.008,0.260
17:30:36  자력계:-11.700,13.500,0.150
17:30:36  송신:16710
17:30:36  GPS위성:7
17:30:36  GPS_HDOP:1.42
17:30:36  원시위도:37.496662
17:30:36  원시경도:126.957874
17:30:36  GPS채택:2333
17:30:36  GPS이상치거부:8
17:30:36  GPS품질거부:191
17:30:36  GPS재기준:1
17:30:36  RSSI원시:-81
17:30:36  RSSI평활:-82.7
17:30:36  RSSI샘플:31791
17:30:36  RSSI경과ms:32
17:30:36  차량수신:15688
17:30:36  시각ms:1710560
17:30:36  IMU시각ms:1710560
17:30:36  위험:0
17:30:36  GPS유효:1
17:30:36  위도:37.496662
17:30:36  경도:126.957870
17:30:36  속도:0.009
17:30:36  방향:188.0
17:30:36  GPS원시속도:0.000
17:30:36  GPS원시방향유효:1
17:30:36  GPS원시방향:187.0
17:30:36  가속도:3.926,-6.057,6.804
17:30:36  자이로:-2.183,0.954,-0.435
17:30:36  자력계:-15.300,13.050,0.300
17:30:36  송신:16710
17:30:36  GPS위성:7
17:30:36  GPS_HDOP:1.42
17:30:36  원시위도:37.496662
17:30:36  원시경도:126.957874
17:30:36  GPS채택:2333
17:30:36  GPS이상치거부:8
17:30:36  GPS품질거부:191
17:30:36  GPS재기준:1
17:30:36  RSSI원시:-81
17:30:36  RSSI평활:-82.7
17:30:36  RSSI샘플:31791
17:30:36  RSSI경과ms:54
17:30:36  차량수신:15688
17:30:36  시각ms:1710617
17:30:36  IMU시각ms:1710617
17:30:36  위험:0
17:30:36  GPS유효:1
17:30:36  위도:37.496662
17:30:36  경도:126.957870
17:30:36  속도:0.009
17:30:36  방향:188.0
17:30:36  GPS원시속도:0.000
17:30:36  GPS원시방향유효:1
17:30:36  GPS원시방향:187.0
17:30:36  가속도:4.089,-6.081,6.699
17:30:36  자이로:0.046,-3.038,1.198
17:30:36  자력계:-13.500,11.400,0.300
17:30:36  송신:16711
17:30:36  GPS위성:7
17:30:36  GPS_HDOP:1.42
17:30:36  원시위도:37.496662
17:30:36  원시경도:126.957874
17:30:36  GPS채택:2333
17:30:36  GPS이상치거부:8
17:30:36  GPS품질거부:191
17:30:36  GPS재기준:1
17:30:36  RSSI원시:-82
17:30:36  RSSI평활:-82.6
17:30:36  RSSI샘플:31792
17:30:36  RSSI경과ms:13
17:30:36  차량수신:15688
17:30:36  시각ms:1711064
17:30:36  IMU시각ms:1711064
17:30:36  위험:0
17:30:36  GPS유효:1
17:30:36  위도:37.496662
17:30:36  경도:126.957870
17:30:36  속도:0.006
17:30:36  방향:188.0
17:30:36  GPS원시속도:0.000
17:30:36  GPS원시방향유효:1
17:30:36  GPS원시방향:187.0
17:30:36  가속도:4.137,-6.048,6.747
17:30:36  자이로:-2.336,-0.863,0.382
17:30:36  자력계:-13.500,12.600,0.300
17:30:36  송신:16715
17:30:36  GPS위성:7
17:30:36  GPS_HDOP:1.42
17:30:36  원시위도:37.496662
17:30:36  원시경도:126.957874
17:30:36  GPS채택:2334
17:30:36  GPS이상치거부:8
17:30:36  GPS품질거부:191
17:30:36  GPS재기준:1
17:30:36  RSSI원시:-81
17:30:36  RSSI평활:-81.2
17:30:36  RSSI샘플:31800
17:30:36  RSSI경과ms:42
17:30:36  차량수신:15692
17:30:36  시각ms:1711141
17:30:36  IMU시각ms:1711141
17:30:36  위험:0
17:30:36  GPS유효:1
17:30:36  위도:37.496662
17:30:36  경도:126.957870
17:30:36  속도:0.006
17:30:36  방향:188.0
17:30:36  GPS원시속도:0.000
17:30:36  GPS원시방향유효:1
17:30:36  GPS원시방향:187.0
17:30:36  가속도:4.051,-6.062,6.704
17:30:36  자이로:-1.511,-3.359,0.099
17:30:36  자력계:-15.000,14.100,0.000
17:30:36  송신:16716
17:30:36  GPS위성:7
17:30:36  GPS_HDOP:1.42
17:30:36  원시위도:37.496662
17:30:36  원시경도:126.957874
17:30:36  GPS채택:2334
17:30:36  GPS이상치거부:8
17:30:36  GPS품질거부:191
17:30:36  GPS재기준:1
17:30:36  RSSI원시:-81
17:30:36  RSSI평활:-81.1
17:30:36  RSSI샘플:31802
17:30:36  RSSI경과ms:13
17:30:36  차량수신:15693
17:30:36  시각ms:1711326
17:30:36  IMU시각ms:1711326
17:30:36  위험:0
17:30:36  GPS유효:1
17:30:36  위도:37.496662
17:30:36  경도:126.957870
17:30:36  속도:0.006
17:30:36  방향:188.0
17:30:36  GPS원시속도:0.000
17:30:36  GPS원시방향유효:1
17:30:36  GPS원시방향:187.0
17:30:36  가속도:4.022,-6.177,6.737
17:30:36  자이로:1.336,1.992,-1.038
17:30:36  자력계:-13.800,13.050,0.600
17:30:36  송신:16718
17:30:36  GPS위성:7
17:30:36  GPS_HDOP:1.42
17:30:36  원시위도:37.496662
17:30:36  원시경도:126.957874
17:30:36  GPS채택:2334
17:30:36  GPS이상치거부:8
17:30:36  GPS품질거부:191
17:30:36  GPS재기준:1
17:30:36  RSSI원시:-82
17:30:36  RSSI평활:-81.4
17:30:36  RSSI샘플:31804
17:30:36  RSSI경과ms:11
17:30:36  차량수신:15693
17:30:36  시각ms:1711348
17:30:36  IMU시각ms:1711348
17:30:36  위험:0
17:30:36  GPS유효:1
17:30:36  위도:37.496662
17:30:36  경도:126.957870
17:30:36  속도:0.006
17:30:36  방향:188.0
17:30:36  GPS원시속도:0.000
17:30:36  GPS원시방향유효:1
17:30:36  GPS원시방향:187.0
17:30:36  가속도:4.037,-5.981,6.862
17:30:36  자이로:0.122,-0.855,3.924
17:30:36  자력계:-12.750,11.400,0.300
17:30:36  송신:16718
17:30:36  GPS위성:7
17:30:36  GPS_HDOP:1.42
17:30:36  원시위도:37.496662
17:30:36  원시경도:126.957874
17:30:36  GPS채택:2334
17:30:36  GPS이상치거부:8
17:30:36  GPS품질거부:191
17:30:36  GPS재기준:1
17:30:36  RSSI원시:-81
17:30:36  RSSI평활:-81.3
17:30:36  RSSI샘플:31805
17:30:36  RSSI경과ms:20
17:30:36  차량수신:15694
17:30:37  시각ms:1711392
17:30:37  IMU시각ms:1711392
17:30:37  위험:0
17:30:37  GPS유효:1
17:30:37  위도:37.496662
17:30:37  경도:126.957870
17:30:37  속도:0.006
17:30:37  방향:188.0
17:30:37  GPS원시속도:0.000
17:30:37  GPS원시방향유효:1
17:30:37  GPS원시방향:187.0
17:30:37  가속도:4.070,-5.866,6.761
17:30:37  자이로:-1.260,-0.046,-0.687
17:30:37  자력계:-13.200,12.450,-0.450
17:30:37  송신:16718
17:30:37  GPS위성:7
17:30:37  GPS_HDOP:1.42
17:30:37  원시위도:37.496662
17:30:37  원시경도:126.957874
17:30:37  GPS채택:2334
17:30:37  GPS이상치거부:8
17:30:37  GPS품질거부:191
17:30:37  GPS재기준:1
17:30:37  RSSI원시:-81
17:30:37  RSSI평활:-81.3
17:30:37  RSSI샘플:31805
17:30:37  RSSI경과ms:64
17:30:37  차량수신:15694
17:30:37  시각ms:1711500
17:30:37  IMU시각ms:1711500
17:30:37  위험:0
17:30:37  GPS유효:1
17:30:37  위도:37.496662
17:30:37  경도:126.957870
17:30:37  속도:0.006
17:30:37  방향:188.0
17:30:37  GPS원시속도:0.000
17:30:37  GPS원시방향유효:1
17:30:37  GPS원시방향:187.0
17:30:37  가속도:4.161,-6.062,6.637
17:30:37  자이로:-0.748,-1.718,0.985
17:30:37  자력계:-12.900,13.500,0.150
17:30:37  송신:16719
17:30:37  GPS위성:7
17:30:37  GPS_HDOP:1.42
17:30:37  원시위도:37.496662
17:30:37  원시경도:126.957874
17:30:37  GPS채택:2334
17:30:37  GPS이상치거부:8
17:30:37  GPS품질거부:191
17:30:37  GPS재기준:1
17:30:37  RSSI원시:-84
17:30:37  RSSI평활:-82.5
17:30:37  RSSI샘플:31807
17:30:37  RSSI경과ms:33
17:30:37  차량수신:15695
17:30:37  시각ms:1711880
17:30:37  IMU시각ms:1711880
17:30:37  위험:0
17:30:37  GPS유효:1
17:30:37  위도:37.496662
17:30:37  경도:126.957870
17:30:37  속도:0.011
17:30:37  방향:188.0
17:30:37  GPS원시속도:0.015
17:30:37  GPS원시방향유효:1
17:30:37  GPS원시방향:187.0
17:30:37  가속도:3.998,-6.172,6.694
17:30:37  자이로:-1.603,-2.504,2.779
17:30:37  자력계:-12.750,12.600,2.100
17:30:37  송신:16723
17:30:37  GPS위성:7
17:30:37  GPS_HDOP:1.41
17:30:37  원시위도:37.496661
17:30:37  원시경도:126.957873
17:30:37  GPS채택:2336
17:30:37  GPS이상치거부:8
17:30:37  GPS품질거부:191
17:30:37  GPS재기준:1
17:30:37  RSSI원시:-86
17:30:37  RSSI평활:-83.6
17:30:37  RSSI샘플:31813
17:30:37  RSSI경과ms:24
17:30:37  차량수신:15699
17:30:37  시각ms:1712036
17:30:37  IMU시각ms:1712036
17:30:37  위험:0
17:30:37  GPS유효:1
17:30:37  위도:37.496662
17:30:37  경도:126.957870
17:30:37  속도:0.011
17:30:37  방향:188.0
17:30:37  GPS원시속도:0.015
17:30:37  GPS원시방향유효:1
17:30:37  GPS원시방향:187.0
17:30:37  가속도:4.075,-5.952,6.847
17:30:37  자이로:-0.198,-1.267,0.458
17:30:37  자력계:-15.900,13.500,-0.900
17:30:37  송신:16725
17:30:37  GPS위성:7
17:30:37  GPS_HDOP:1.41
17:30:37  원시위도:37.496661
17:30:37  원시경도:126.957873
17:30:37  GPS채택:2336
17:30:37  GPS이상치거부:8
17:30:37  GPS품질거부:191
17:30:37  GPS재기준:1
17:30:37  RSSI원시:-85
17:30:37  RSSI평활:-83.9
17:30:37  RSSI샘플:31814
17:30:37  RSSI경과ms:87
17:30:37  차량수신:15700
17:30:37  시각ms:1712293
17:30:37  IMU시각ms:1712293
17:30:37  위험:0
17:30:37  GPS유효:1
17:30:37  위도:37.496662
17:30:37  경도:126.957870
17:30:37  속도:0.011
17:30:37  방향:188.0
17:30:37  GPS원시속도:0.015
17:30:37  GPS원시방향유효:1
17:30:37  GPS원시방향:187.0
17:30:37  가속도:4.128,-6.067,6.728
17:30:37  자이로:-0.053,-3.473,0.351
17:30:37  자력계:-13.500,12.300,0.300
17:30:37  송신:16727
17:30:37  GPS위성:7
17:30:37  GPS_HDOP:1.41
17:30:37  원시위도:37.496661
17:30:37  원시경도:126.957873
17:30:37  GPS채택:2336
17:30:37  GPS이상치거부:8
17:30:37  GPS품질거부:191
17:30:37  GPS재기준:1
17:30:37  RSSI원시:-86
17:30:37  RSSI평활:-84.5
17:30:37  RSSI샘플:31818
17:30:37  RSSI경과ms:33
17:30:37  차량수신:15702
17:30:37  시각ms:1712342
17:30:37  IMU시각ms:1712342
17:30:37  위험:0
17:30:38  GPS유효:1
17:30:38  위도:37.496662
17:30:38  경도:126.957870
17:30:38  속도:0.011
17:30:38  방향:188.0
17:30:38  GPS원시속도:0.015
17:30:38  GPS원시방향유효:1
17:30:38  GPS원시방향:187.0
17:30:38  가속도:4.046,-6.153,6.728
17:30:38  자이로:-1.198,0.061,-1.504
17:30:38  자력계:-14.400,12.000,-0.450
17:30:38  송신:16728
17:30:38  GPS위성:7
17:30:38  GPS_HDOP:1.41
17:30:38  원시위도:37.496661
17:30:38  원시경도:126.957873
17:30:38  GPS채택:2336
17:30:38  GPS이상치거부:8
17:30:38  GPS품질거부:191
17:30:38  GPS재기준:1
17:30:38  RSSI원시:-86
17:30:38  RSSI평활:-84.5
17:30:38  RSSI샘플:31818
17:30:38  RSSI경과ms:82
17:30:38  차량수신:15702
17:30:38  시각ms:1712796
17:30:38  IMU시각ms:1712796
17:30:38  위험:0
17:30:38  GPS유효:1
17:30:38  위도:37.496662
17:30:38  경도:126.957870
17:30:38  속도:0.011
17:30:38  방향:188.0
17:30:38  GPS원시속도:0.010
17:30:38  GPS원시방향유효:1
17:30:38  GPS원시방향:187.0
17:30:38  가속도:3.946,-5.899,6.766
17:30:38  자이로:-2.496,0.870,0.366
17:30:38  자력계:-13.800,13.800,-1.050
17:30:38  송신:16732
17:30:38  GPS위성:7
17:30:38  GPS_HDOP:1.41
17:30:38  원시위도:37.496660
17:30:38  원시경도:126.957873
17:30:38  GPS채택:2338
17:30:38  GPS이상치거부:8
17:30:38  GPS품질거부:191
17:30:38  GPS재기준:1
17:30:38  RSSI원시:-85
17:30:38  RSSI평활:-84.4
17:30:38  RSSI샘플:31828
17:30:38  RSSI경과ms:21
17:30:38  차량수신:15707
17:30:38  시각ms:1712998
17:30:38  IMU시각ms:1712998
17:30:38  위험:0
17:30:38  GPS유효:1
17:30:38  위도:37.496662
17:30:38  경도:126.957870
17:30:38  속도:0.011
17:30:38  방향:188.0
17:30:38  GPS원시속도:0.010
17:30:38  GPS원시방향유효:1
17:30:38  GPS원시방향:187.0
17:30:38  가속도:4.027,-6.053,6.618
17:30:38  자이로:-2.229,-2.298,-1.328
17:30:38  자력계:-13.950,12.450,1.500
17:30:38  송신:16734
17:30:38  GPS위성:7
17:30:38  GPS_HDOP:1.41
17:30:38  원시위도:37.496660
17:30:38  원시경도:126.957873
17:30:38  GPS채택:2338
17:30:38  GPS이상치거부:8
17:30:38  GPS품질거부:191
17:30:38  GPS재기준:1
17:30:38  RSSI원시:-83
17:30:38  RSSI평활:-83.7
17:30:38  RSSI샘플:31831
17:30:38  RSSI경과ms:11
17:30:38  차량수신:15708
17:30:38  시각ms:1713119
17:30:38  IMU시각ms:1713119
17:30:38  위험:0
17:30:38  GPS유효:1
17:30:38  위도:37.496662
17:30:38  경도:126.957870
17:30:38  속도:0.011
17:30:38  방향:188.0
17:30:38  GPS원시속도:0.010
17:30:38  GPS원시방향유효:1
17:30:38  GPS원시방향:187.0
17:30:38  가속도:4.137,-6.134,6.732
17:30:38  자이로:-0.427,-0.107,0.366
17:30:38  자력계:-13.950,13.950,-0.150
17:30:38  송신:16735
17:30:38  GPS위성:7
17:30:38  GPS_HDOP:1.41
17:30:38  원시위도:37.496660
17:30:38  원시경도:126.957873
17:30:38  GPS채택:2338
17:30:38  GPS이상치거부:8
17:30:38  GPS품질거부:191
17:30:38  GPS재기준:1
17:30:38  RSSI원시:-82
17:30:38  RSSI평활:-83.4
17:30:38  RSSI샘플:31833
17:30:38  RSSI경과ms:24
17:30:38  차량수신:15709
17:30:38  시각ms:1713260
17:30:38  IMU시각ms:1713260
17:30:38  위험:0
17:30:38  GPS유효:1
17:30:38  위도:37.496662
17:30:38  경도:126.957870
17:30:38  속도:0.011
17:30:38  방향:188.0
17:30:38  GPS원시속도:0.010
17:30:38  GPS원시방향유효:1
17:30:38  GPS원시방향:187.0
17:30:38  가속도:4.013,-6.096,6.718
17:30:38  자이로:0.191,-1.366,0.275
17:30:38  자력계:-13.050,11.850,-0.300
17:30:38  송신:16737
17:30:38  GPS위성:7
17:30:38  GPS_HDOP:1.41
17:30:38  원시위도:37.496660
17:30:38  원시경도:126.957873
17:30:38  GPS채택:2338
17:30:38  GPS이상치거부:8
17:30:38  GPS품질거부:191
17:30:38  GPS재기준:1
17:30:38  RSSI원시:-84
17:30:38  RSSI평활:-83.6
17:30:38  RSSI샘플:31835
17:30:38  RSSI경과ms:11
17:30:38  차량수신:15709
17:30:39  시각ms:1713412
17:30:39  IMU시각ms:1713412
17:30:39  위험:0
17:30:39  GPS유효:1
17:30:39  위도:37.496662
17:30:39  경도:126.957870
17:30:39  속도:0.011
17:30:39  방향:188.0
17:30:39  GPS원시속도:0.010
17:30:39  GPS원시방향유효:1
17:30:39  GPS원시방향:187.0
17:30:39  가속도:4.061,-6.115,6.723
17:30:39  자이로:-1.931,-1.115,0.267
17:30:39  자력계:-13.950,13.200,-0.900
17:30:39  송신:16738
17:30:39  GPS위성:7
17:30:39  GPS_HDOP:1.41
17:30:39  원시위도:37.496660
17:30:39  원시경도:126.957873
17:30:39  GPS채택:2338
17:30:39  GPS이상치거부:8
17:30:39  GPS품질거부:191
17:30:39  GPS재기준:1
17:30:39  RSSI원시:-87
17:30:39  RSSI평활:-84.8
17:30:39  RSSI샘플:31838
17:30:39  RSSI경과ms:1
17:30:39  차량수신:15711
17:30:39  시각ms:1713721
17:30:39  IMU시각ms:1713721
17:30:39  위험:0
17:30:39  GPS유효:1
17:30:39  위도:37.496658
17:30:39  경도:126.957870
17:30:39  속도:0.031
17:30:39  방향:188.0
17:30:39  GPS원시속도:0.046
17:30:39  GPS원시방향유효:1
17:30:39  GPS원시방향:187.0
17:30:39  가속도:4.065,-5.947,6.776
17:30:39  자이로:0.137,-0.260,0.351
17:30:39  자력계:-13.200,13.500,-0.450
17:30:39  송신:16741
17:30:39  GPS위성:7
17:30:39  GPS_HDOP:1.41
17:30:39  원시위도:37.496659
17:30:39  원시경도:126.957873
17:30:39  GPS채택:2340
17:30:39  GPS이상치거부:8
17:30:39  GPS품질거부:191
17:30:39  GPS재기준:1
17:30:39  RSSI원시:-85
17:30:39  RSSI평활:-84.5
17:30:39  RSSI샘플:31841
17:30:39  RSSI경과ms:1
17:30:39  차량수신:15712
17:30:39  시각ms:1713743
17:30:39  IMU시각ms:1713743
17:30:39  위험:0
17:30:39  GPS유효:1
17:30:39  위도:37.496658
17:30:39  경도:126.957870
17:30:39  속도:0.031
17:30:39  방향:188.0
17:30:39  GPS원시속도:0.046
17:30:39  GPS원시방향유효:1
17:30:39  GPS원시방향:187.0
17:30:39  가속도:4.094,-6.024,6.795
17:30:39  자이로:-1.008,-2.634,2.710
17:30:39  자력계:-13.800,13.350,0.300
17:30:39  송신:16741
17:30:39  GPS위성:7
17:30:39  GPS_HDOP:1.41
17:30:39  원시위도:37.496659
17:30:39  원시경도:126.957873
17:30:39  GPS채택:2340
17:30:39  GPS이상치거부:8
17:30:39  GPS품질거부:191
17:30:39  GPS재기준:1
17:30:39  RSSI원시:-85
17:30:39  RSSI평활:-84.5
17:30:39  RSSI샘플:31841
17:30:39  RSSI경과ms:23
17:30:39  차량수신:15712
17:30:39  시각ms:1714002
17:30:39  IMU시각ms:1714002
17:30:39  위험:0
17:30:39  GPS유효:1
17:30:39  위도:37.496658
17:30:39  경도:126.957870
17:30:39  속도:0.031
17:30:39  방향:188.0
17:30:39  GPS원시속도:0.046
17:30:39  GPS원시방향유효:1
17:30:39  GPS원시방향:187.0
17:30:39  가속도:4.113,-6.000,6.694
17:30:39  자이로:-0.794,-2.221,1.031
17:30:39  자력계:-12.900,13.500,-0.900
17:30:39  송신:16744
17:30:39  GPS위성:7
17:30:39  GPS_HDOP:1.41
17:30:39  원시위도:37.496659
17:30:39  원시경도:126.957873
17:30:39  GPS채택:2340
17:30:39  GPS이상치거부:8
17:30:39  GPS품질거부:191
17:30:39  GPS재기준:1
17:30:39  RSSI원시:-81
17:30:39  RSSI평활:-84.0
17:30:39  RSSI샘플:31845
17:30:39  RSSI경과ms:20
17:30:39  차량수신:15713
17:30:39  시각ms:1714046
17:30:39  IMU시각ms:1714046
17:30:39  위험:0
17:30:39  GPS유효:1
17:30:39  위도:37.496658
17:30:39  경도:126.957870
17:30:39  속도:0.031
17:30:39  방향:188.0
17:30:39  GPS원시속도:0.046
17:30:39  GPS원시방향유효:1
17:30:39  GPS원시방향:187.0
17:30:39  가속도:4.128,-6.144,6.709
17:30:39  자이로:-2.634,-0.664,1.443
17:30:39  자력계:-13.500,12.300,0.600
17:30:39  송신:16744
17:30:39  GPS위성:7
17:30:39  GPS_HDOP:1.41
17:30:39  원시위도:37.496659
17:30:39  원시경도:126.957873
17:30:39  GPS채택:2340
17:30:39  GPS이상치거부:8
17:30:39  GPS품질거부:191
17:30:39  GPS재기준:1
17:30:39  RSSI원시:-83
17:30:39  RSSI평활:-83.8
17:30:39  RSSI샘플:31846
17:30:39  RSSI경과ms:2
17:30:39  차량수신:15714
17:30:40  시각ms:1715348
17:30:40  IMU시각ms:1715348
17:30:40  위험:0
17:30:40  GPS유효:1
17:30:40  위도:37.496658
17:30:40  경도:126.957870
17:30:40  속도:0.028
17:30:40  방향:188.0
17:30:40  GPS원시속도:0.026
17:30:40  GPS원시방향유효:1
17:30:40  GPS원시방향:187.0
17:30:40  가속도:4.085,-6.033,6.680
17:30:40  자이로:-1.702,-0.710,1.519
17:30:40  자력계:-13.500,11.850,0.600
17:30:40  송신:16757
17:30:40  GPS위성:8
17:30:40  GPS_HDOP:1.41
17:30:40  원시위도:37.496659
17:30:40  원시경도:126.957873
17:30:40  GPS채택:2342
17:30:40  GPS이상치거부:8
17:30:40  GPS품질거부:191
17:30:40  GPS재기준:1
17:30:40  RSSI원시:-85
17:30:40  RSSI평활:-85.0
17:30:40  RSSI샘플:31863
17:30:40  RSSI경과ms:27
17:30:40  차량수신:15721
17:30:41  시각ms:1715434
17:30:41  IMU시각ms:1715434
17:30:41  위험:0
17:30:41  GPS유효:1
17:30:41  위도:37.496658
17:30:41  경도:126.957870
17:30:41  속도:0.028
17:30:41  방향:188.0
17:30:41  GPS원시속도:0.026
17:30:41  GPS원시방향유효:1
17:30:41  GPS원시방향:187.0
17:30:41  가속도:4.137,-6.057,6.761
17:30:41  자이로:-0.710,-1.458,-0.282
17:30:41  자력계:-14.250,13.050,0.300
17:30:41  송신:16758
17:30:41  GPS위성:8
17:30:41  GPS_HDOP:1.41
17:30:41  원시위도:37.496659
17:30:41  원시경도:126.957873
17:30:41  GPS채택:2342
17:30:41  GPS이상치거부:8
17:30:41  GPS품질거부:191
17:30:41  GPS재기준:1
17:30:41  RSSI원시:-82
17:30:41  RSSI평활:-84.4
17:30:41  RSSI샘플:31864
17:30:41  RSSI경과ms:21
17:30:41  차량수신:15721
17:30:41  시각ms:1715715
17:30:41  IMU시각ms:1715715
17:30:41  위험:0
17:30:41  GPS유효:1
17:30:41  위도:37.496658
17:30:41  경도:126.957870
17:30:41  속도:0.024
17:30:41  방향:188.0
17:30:41  GPS원시속도:0.021
17:30:41  GPS원시방향유효:1
17:30:41  GPS원시방향:187.0
17:30:41  가속도:4.065,-6.163,6.685
17:30:41  자이로:-1.840,-1.725,-0.435
17:30:41  자력계:-14.700,12.750,0.900
17:30:41  송신:16761
17:30:41  GPS위성:7
17:30:41  GPS_HDOP:1.41
17:30:41  원시위도:37.496658
17:30:41  원시경도:126.957873
17:30:41  GPS채택:2344
17:30:41  GPS이상치거부:8
17:30:41  GPS품질거부:191
17:30:41  GPS재기준:1
17:30:41  RSSI원시:-85
17:30:41  RSSI평활:-84.7
17:30:41  RSSI샘플:31869
17:30:41  RSSI경과ms:8
17:30:41  차량수신:15723
17:30:41  시각ms:1715936
17:30:41  IMU시각ms:1715936
17:30:41  위험:0
17:30:41  GPS유효:1
17:30:41  위도:37.496658
17:30:41  경도:126.957870
17:30:41  속도:0.024
17:30:41  방향:188.0
17:30:41  GPS원시속도:0.021
17:30:41  GPS원시방향유효:1
17:30:41  GPS원시방향:187.0
17:30:41  가속도:4.142,-6.105,6.651
17:30:41  자이로:1.229,-3.695,1.969
17:30:41  자력계:-13.800,14.100,0.000
17:30:41  송신:16763
17:30:41  GPS위성:7
17:30:41  GPS_HDOP:1.41
17:30:41  원시위도:37.496658
17:30:41  원시경도:126.957873
17:30:41  GPS채택:2344
17:30:41  GPS이상치거부:8
17:30:41  GPS품질거부:191
17:30:41  GPS재기준:1
17:30:41  RSSI원시:-84
17:30:41  RSSI평활:-84.5
17:30:41  RSSI샘플:31870
17:30:41  RSSI경과ms:96
17:30:41  차량수신:15723
17:30:41  시각ms:1716113
17:30:41  IMU시각ms:1716113
17:30:41  위험:0
17:30:41  GPS유효:1
17:30:41  위도:37.496658
17:30:41  경도:126.957870
17:30:41  속도:0.024
17:30:41  방향:188.0
17:30:41  GPS원시속도:0.021
17:30:41  GPS원시방향유효:1
17:30:41  GPS원시방향:187.0
17:30:41  가속도:3.970,-5.947,6.752
17:30:41  자이로:-1.130,-3.878,0.809
17:30:41  자력계:-13.200,13.200,-0.150
17:30:41  송신:16765
17:30:41  GPS위성:7
17:30:41  GPS_HDOP:1.41
17:30:41  원시위도:37.496658
17:30:41  원시경도:126.957873
17:30:41  GPS채택:2344
17:30:41  GPS이상치거부:8
17:30:41  GPS품질거부:191
17:30:41  GPS재기준:1
17:30:41  RSSI원시:-85
17:30:41  RSSI평활:-84.9
17:30:41  RSSI샘플:31873
17:30:41  RSSI경과ms:5
17:30:41  차량수신:15724
17:30:41  시각ms:1716342
17:30:41  IMU시각ms:1716342
17:30:41  위험:0
17:30:41  GPS유효:1
17:30:41  위도:37.496658
17:30:41  경도:126.957870
17:30:41  속도:0.024
17:30:41  방향:188.0
17:30:41  GPS원시속도:0.021
17:30:41  GPS원시방향유효:1
17:30:41  GPS원시방향:187.0
17:30:41  가속도:4.137,-6.009,6.675
17:30:41  자이로:0.000,-0.931,-1.863
17:30:41  자력계:-13.500,12.300,0.600
17:30:41  송신:16767
17:30:41  GPS위성:7
17:30:41  GPS_HDOP:1.41
17:30:41  원시위도:37.496658
17:30:41  원시경도:126.957873
17:30:41  GPS채택:2344
17:30:41  GPS이상치거부:8
17:30:41  GPS품질거부:191
17:30:41  GPS재기준:1
17:30:41  RSSI원시:-89
17:30:41  RSSI평활:-86.4
17:30:41  RSSI샘플:31878
17:30:41  RSSI경과ms:0
17:30:41  차량수신:15727
17:30:42  시각ms:1716441
17:30:42  IMU시각ms:1716441
17:30:42  위험:0
17:30:42  GPS유효:1
17:30:42  위도:37.496658
17:30:42  경도:126.957870
17:30:42  속도:0.024
17:30:42  방향:188.0
17:30:42  GPS원시속도:0.021
17:30:42  GPS원시방향유효:1
17:30:42  GPS원시방향:187.0
17:30:42  가속도:4.017,-6.048,6.776
17:30:42  자이로:-1.931,-1.924,-0.603
17:30:42  자력계:-10.950,12.000,-0.900
17:30:42  송신:16768
17:30:42  GPS위성:7
17:30:42  GPS_HDOP:1.41
17:30:42  원시위도:37.496658
17:30:42  원시경도:126.957873
17:30:42  GPS채택:2344
17:30:42  GPS이상치거부:8
17:30:42  GPS품질거부:191
17:30:42  GPS재기준:1
17:30:42  RSSI원시:-89
17:30:42  RSSI평활:-86.4
17:30:42  RSSI샘플:31878
17:30:42  RSSI경과ms:99
17:30:42  차량수신:15727
17:30:42  시각ms:1716528
17:30:42  IMU시각ms:1716528
17:30:42  위험:0
17:30:42  GPS유효:1
17:30:42  위도:37.496658
17:30:42  경도:126.957870
17:30:42  속도:0.019
17:30:42  방향:188.0
17:30:42  GPS원시속도:0.010
17:30:42  GPS원시방향유효:1
17:30:42  GPS원시방향:187.0
17:30:42  가속도:3.931,-6.014,6.732
17:30:42  자이로:0.191,-1.733,-0.771
17:30:42  자력계:-13.050,13.800,-0.300
17:30:42  송신:16769
17:30:42  GPS위성:7
17:30:42  GPS_HDOP:1.41
17:30:42  원시위도:37.496657
17:30:42  원시경도:126.957874
17:30:42  GPS채택:2345
17:30:42  GPS이상치거부:8
17:30:42  GPS품질거부:191
17:30:42  GPS재기준:1
17:30:42  RSSI원시:-87
17:30:42  RSSI평활:-86.1
17:30:42  RSSI샘플:31880
17:30:42  RSSI경과ms:74
17:30:42  차량수신:15728
17:30:42  시각ms:1716873
17:30:42  IMU시각ms:1716873
17:30:42  위험:0
17:30:42  GPS유효:1
17:30:42  위도:37.496658
17:30:42  경도:126.957870
17:30:42  속도:0.016
17:30:42  방향:188.0
17:30:42  GPS원시속도:0.010
17:30:42  GPS원시방향유효:1
17:30:42  GPS원시방향:187.0
17:30:42  가속도:4.075,-6.163,6.694
17:30:42  자이로:-1.405,-0.252,1.802
17:30:42  자력계:-13.050,12.600,1.050
17:30:42  송신:16772
17:30:42  GPS위성:7
17:30:42  GPS_HDOP:1.41
17:30:42  원시위도:37.496657
17:30:42  원시경도:126.957874
17:30:42  GPS채택:2346
17:30:42  GPS이상치거부:8
17:30:42  GPS품질거부:191
17:30:42  GPS재기준:1
17:30:42  RSSI원시:-88
17:30:42  RSSI평활:-86.1
17:30:42  RSSI샘플:31887
17:30:42  RSSI경과ms:4
17:30:42  차량수신:15732
17:30:42  시각ms:1717229
17:30:42  IMU시각ms:1717217
17:30:42  위험:0
17:30:42  GPS유효:1
17:30:42  위도:37.496658
17:30:42  경도:126.957870
17:30:42  속도:0.016
17:30:42  방향:188.0
17:30:42  GPS원시속도:0.010
17:30:42  GPS원시방향유효:1
17:30:42  GPS원시방향:187.0
17:30:42  가속도:3.994,-6.120,6.780
17:30:42  자이로:-1.489,-2.412,-1.313
17:30:42  자력계:-12.750,12.300,-0.300
17:30:42  송신:16776
17:30:42  GPS위성:7
17:30:42  GPS_HDOP:1.41
17:30:42  원시위도:37.496657
17:30:42  원시경도:126.957874
17:30:42  GPS채택:2346
17:30:42  GPS이상치거부:8
17:30:42  GPS품질거부:191
17:30:42  GPS재기준:1
17:30:42  RSSI원시:-86
17:30:42  RSSI평활:-85.1
17:30:42  RSSI샘플:31893
17:30:42  RSSI경과ms:8
17:30:42  차량수신:15734
17:30:42  시각ms:1717259
17:30:42  IMU시각ms:1717259
17:30:42  위험:0
17:30:42  GPS유효:1
17:30:42  위도:37.496658
17:30:42  경도:126.957870
17:30:42  속도:0.016
17:30:42  방향:188.0
17:30:42  GPS원시속도:0.010
17:30:42  GPS원시방향유효:1
17:30:42  GPS원시방향:187.0
17:30:42  가속도:4.094,-5.957,6.766
17:30:42  자이로:-0.053,-0.405,0.496
17:30:42  자력계:-14.700,11.700,-0.900
17:30:42  송신:16776
17:30:42  GPS위성:7
17:30:42  GPS_HDOP:1.41
17:30:42  원시위도:37.496657
17:30:42  원시경도:126.957874
17:30:42  GPS채택:2346
17:30:42  GPS이상치거부:8
17:30:42  GPS품질거부:191
17:30:42  GPS재기준:1
17:30:42  RSSI원시:-86
17:30:42  RSSI평활:-85.1
17:30:42  RSSI샘플:31893
17:30:42  RSSI경과ms:38
17:30:42  차량수신:15734
17:30:43  시각ms:1717911
17:30:43  IMU시각ms:1717911
17:30:43  위험:0
17:30:43  GPS유효:1
17:30:43  위도:37.496658
17:30:43  경도:126.957870
17:30:43  속도:0.013
17:30:43  방향:188.0
17:30:43  GPS원시속도:0.010
17:30:43  GPS원시방향유효:1
17:30:43  GPS원시방향:187.0
17:30:43  가속도:4.041,-6.014,6.761
17:30:43  자이로:-1.252,2.458,0.191
17:30:43  자력계:-13.500,11.400,0.300
17:30:43  송신:16782
17:30:43  GPS위성:7
17:30:43  GPS_HDOP:1.41
17:30:43  원시위도:37.496657
17:30:43  원시경도:126.957874
17:30:43  GPS채택:2348
17:30:43  GPS이상치거부:8
17:30:43  GPS품질거부:191
17:30:43  GPS재기준:1
17:30:43  RSSI원시:-79
17:30:43  RSSI평활:-82.1
17:30:43  RSSI샘플:31902
17:30:43  RSSI경과ms:98
17:30:43  차량수신:15739
17:30:43  시각ms:1717989
17:30:43  IMU시각ms:1717989
17:30:43  위험:0
17:30:43  GPS유효:1
17:30:43  위도:37.496658
17:30:43  경도:126.957870
17:30:43  속도:0.013
17:30:43  방향:188.0
17:30:43  GPS원시속도:0.010
17:30:43  GPS원시방향유효:1
17:30:43  GPS원시방향:187.0
17:30:43  가속도:4.147,-6.072,6.756
17:30:43  자이로:-1.420,-1.031,0.679
17:30:43  자력계:-11.250,13.050,0.300
17:30:43  송신:16783
17:30:43  GPS위성:7
17:30:43  GPS_HDOP:1.41
17:30:43  원시위도:37.496657
17:30:43  원시경도:126.957874
17:30:43  GPS채택:2348
17:30:43  GPS이상치거부:8
17:30:43  GPS품질거부:191
17:30:43  GPS재기준:1
17:30:43  RSSI원시:-79
17:30:43  RSSI평활:-80.8
17:30:43  RSSI샘플:31904
17:30:43  RSSI경과ms:47
17:30:43  차량수신:15740
17:30:43  시각ms:1718067
17:30:43  IMU시각ms:1718067
17:30:43  위험:0
17:30:43  GPS유효:1
17:30:43  위도:37.496658
17:30:43  경도:126.957870
17:30:43  속도:0.013
17:30:43  방향:188.0
17:30:43  GPS원시속도:0.010
17:30:43  GPS원시방향유효:1
17:30:43  GPS원시방향:187.0
17:30:43  가속도:4.085,-6.029,6.752
17:30:43  자이로:-2.053,-0.137,-0.641
17:30:43  자력계:-13.200,12.000,0.150
17:30:43  송신:16784
17:30:43  GPS위성:7
17:30:43  GPS_HDOP:1.41
17:30:43  원시위도:37.496657
17:30:43  원시경도:126.957874
17:30:43  GPS채택:2348
17:30:43  GPS이상치거부:8
17:30:43  GPS품질거부:191
17:30:43  GPS재기준:1
17:30:43  RSSI원시:-81
17:30:43  RSSI평활:-80.9
17:30:43  RSSI샘플:31906
17:30:43  RSSI경과ms:35
17:30:43  차량수신:15741
17:30:43  시각ms:1718266
17:30:43  IMU시각ms:1718266
17:30:43  위험:0
17:30:43  GPS유효:1
17:30:43  위도:37.496658
17:30:43  경도:126.957870
17:30:43  속도:0.013
17:30:43  방향:188.0
17:30:43  GPS원시속도:0.010
17:30:43  GPS원시방향유효:1
17:30:43  GPS원시방향:187.0
17:30:43  가속도:4.041,-6.009,6.776
17:30:43  자이로:-0.863,-2.000,0.321
17:30:43  자력계:-15.150,13.950,0.450
17:30:43  송신:16786
17:30:43  GPS위성:7
17:30:43  GPS_HDOP:1.41
17:30:43  원시위도:37.496657
17:30:43  원시경도:126.957874
17:30:43  GPS채택:2348
17:30:43  GPS이상치거부:8
17:30:43  GPS품질거부:191
17:30:43  GPS재기준:1
17:30:43  RSSI원시:-82
17:30:43  RSSI평활:-82.1
17:30:43  RSSI샘플:31908
17:30:43  RSSI경과ms:129
17:30:43  차량수신:15742
17:30:44  시각ms:1718495
17:30:44  IMU시각ms:1718495
17:30:44  위험:0
17:30:44  GPS유효:1
17:30:44  위도:37.496658
17:30:44  경도:126.957870
17:30:44  속도:0.013
17:30:44  방향:188.0
17:30:44  GPS원시속도:0.010
17:30:44  GPS원시방향유효:1
17:30:44  GPS원시방향:187.0
17:30:44  가속도:4.094,-6.072,6.718
17:30:44  자이로:-3.901,-2.344,-1.840
17:30:44  자력계:-13.500,12.600,-1.050
17:30:44  송신:16788
17:30:44  GPS위성:7
17:30:44  GPS_HDOP:1.41
17:30:44  원시위도:37.496657
17:30:44  원시경도:126.957874
17:30:44  GPS채택:2348
17:30:44  GPS이상치거부:8
17:30:44  GPS품질거부:191
17:30:44  GPS재기준:1
17:30:44  RSSI원시:-82
17:30:44  RSSI평활:-82.4
17:30:44  RSSI샘플:31911
17:30:44  RSSI경과ms:44
17:30:44  차량수신:15743
17:30:44  시각ms:1718883
17:30:44  IMU시각ms:1718883
17:30:44  위험:0
17:30:44  GPS유효:1
17:30:44  위도:37.496655
17:30:44  경도:126.957870
17:30:44  속도:0.014
17:30:44  방향:188.0
17:30:44  GPS원시속도:0.015
17:30:44  GPS원시방향유효:1
17:30:44  GPS원시방향:187.0
17:30:44  가속도:4.070,-6.033,6.689
17:30:44  자이로:-1.687,-2.107,0.893
17:30:44  자력계:-14.250,14.100,-0.600
17:30:44  송신:16792
17:30:44  GPS위성:7
17:30:44  GPS_HDOP:1.41
17:30:44  원시위도:37.496656
17:30:44  원시경도:126.957874
17:30:44  GPS채택:2350
17:30:44  GPS이상치거부:8
17:30:44  GPS품질거부:191
17:30:44  GPS재기준:1
17:30:44  RSSI원시:-84
17:30:44  RSSI평활:-83.1
17:30:44  RSSI샘플:31916
17:30:44  RSSI경과ms:31
17:30:44  차량수신:15744
17:30:45  시각ms:1719574
17:30:45  IMU시각ms:1719562
17:30:45  위험:0
17:30:45  GPS유효:1
17:30:45  위도:37.496655
17:30:45  경도:126.957870
17:30:45  속도:0.018
17:30:45  방향:188.0
17:30:45  GPS원시속도:0.026
17:30:45  GPS원시방향유효:1
17:30:45  GPS원시방향:187.0
17:30:45  가속도:4.008,-6.086,6.742
17:30:45  자이로:-0.275,-1.824,-0.611
17:30:45  자력계:-14.400,11.700,1.500
17:30:45  송신:16799
17:30:45  GPS위성:7
17:30:45  GPS_HDOP:1.41
17:30:45  원시위도:37.496656
17:30:45  원시경도:126.957874
17:30:45  GPS채택:2351
17:30:45  GPS이상치거부:8
17:30:45  GPS품질거부:191
17:30:45  GPS재기준:1
17:30:45  RSSI원시:-85
17:30:45  RSSI평활:-86.7
17:30:45  RSSI샘플:31927
17:30:45  RSSI경과ms:51
17:30:45  차량수신:15749
17:30:45  시각ms:1719583
17:30:45  IMU시각ms:1719583
17:30:45  위험:0
17:30:45  GPS유효:1
17:30:45  위도:37.496655
17:30:45  경도:126.957870
17:30:45  속도:0.018
17:30:45  방향:188.0
17:30:45  GPS원시속도:0.026
17:30:45  GPS원시방향유효:1
17:30:45  GPS원시방향:187.0
17:30:45  가속도:4.003,-6.067,6.646
17:30:45  자이로:-0.023,0.298,0.985
17:30:45  자력계:-13.500,11.100,0.600
17:30:45  송신:16799
17:30:45  GPS위성:7
17:30:45  GPS_HDOP:1.41
17:30:45  원시위도:37.496656
17:30:45  원시경도:126.957874
17:30:45  GPS채택:2351
17:30:45  GPS이상치거부:8
17:30:45  GPS품질거부:191
17:30:45  GPS재기준:1
17:30:45  RSSI원시:-86
17:30:45  RSSI평활:-86.5
17:30:45  RSSI샘플:31928
17:30:45  RSSI경과ms:7
17:30:45  차량수신:15749
17:30:45  시각ms:1719907
17:30:45  IMU시각ms:1719907
17:30:45  위험:0
17:30:45  GPS유효:1
17:30:45  위도:37.496655
17:30:45  경도:126.957870
17:30:45  속도:0.021
17:30:45  방향:188.0
17:30:45  GPS원시속도:0.026
17:30:45  GPS원시방향유효:1
17:30:45  GPS원시방향:187.0
17:30:45  가속도:4.166,-6.062,6.704
17:30:45  자이로:-0.076,-3.366,-0.321
17:30:45  자력계:-14.550,12.600,2.550
17:30:45  송신:16802
17:30:45  GPS위성:7
17:30:45  GPS_HDOP:1.41
17:30:45  원시위도:37.496656
17:30:45  원시경도:126.957874
17:30:45  GPS채택:2352
17:30:45  GPS이상치거부:8
17:30:45  GPS품질거부:191
17:30:45  GPS재기준:1
17:30:45  RSSI원시:-81
17:30:45  RSSI평활:-83.7
17:30:45  RSSI샘플:31932
17:30:45  RSSI경과ms:23
17:30:45  차량수신:15750
17:30:45  시각ms:1719986
17:30:45  IMU시각ms:1719986
17:30:45  위험:0
17:30:45  GPS유효:1
17:30:45  위도:37.496655
17:30:45  경도:126.957870
17:30:45  속도:0.021
17:30:45  방향:188.0
17:30:45  GPS원시속도:0.026
17:30:45  GPS원시방향유효:1
17:30:45  GPS원시방향:187.0
17:30:45  가속도:4.118,-6.038,6.747
17:30:45  자이로:-2.092,1.244,-1.069
17:30:45  자력계:-13.500,13.350,1.050
17:30:45  송신:16803
17:30:45  GPS위성:7
17:30:45  GPS_HDOP:1.41
17:30:45  원시위도:37.496656
17:30:45  원시경도:126.957874
17:30:45  GPS채택:2352
17:30:45  GPS이상치거부:8
17:30:45  GPS품질거부:191
17:30:45  GPS재기준:1
17:30:45  RSSI원시:-81
17:30:45  RSSI평활:-82.8
17:30:45  RSSI샘플:31934
17:30:45  RSSI경과ms:2
17:30:45  차량수신:15751
17:30:45  시각ms:1720008
17:30:45  IMU시각ms:1720008
17:30:45  위험:0
17:30:45  GPS유효:1
17:30:45  위도:37.496655
17:30:45  경도:126.957870
17:30:45  속도:0.021
17:30:45  방향:188.0
17:30:45  GPS원시속도:0.026
17:30:45  GPS원시방향유효:1
17:30:45  GPS원시방향:187.0
17:30:45  가속도:4.171,-5.986,6.699
17:30:45  자이로:-2.221,0.885,-1.359
17:30:45  자력계:-12.900,12.450,1.950
17:30:45  송신:16803
17:30:45  GPS위성:7
17:30:45  GPS_HDOP:1.41
17:30:45  원시위도:37.496656
17:30:45  원시경도:126.957874
17:30:45  GPS채택:2352
17:30:45  GPS이상치거부:8
17:30:45  GPS품질거부:191
17:30:45  GPS재기준:1
17:30:45  RSSI원시:-81
17:30:45  RSSI평활:-82.8
17:30:45  RSSI샘플:31934
17:30:45  RSSI경과ms:24
17:30:45  차량수신:15751
