17:30:35  시각ms:1721071
17:30:35  IMU시각ms:1721059
17:30:35  위험:0
17:30:35  원시위험:0
17:30:35  GPS유효:1
17:30:35  위도:37.496570
17:30:35  경도:126.958029
17:30:35  속도:0.00
17:30:35  방향:178.0
17:30:35  GPS원시속도:0.000
17:30:35  GPS원시방향유효:1
17:30:35  GPS원시방향:182.8
17:30:35  가속도:-0.60,1.64,9.57
17:30:35  자이로:-1.8,0.5,1.8
17:30:35  자력계:7.350,2.100,-4.200
17:30:35  충격값:0.18
17:30:35  송신:16722
17:30:35  지팡이수신:16097
17:30:35  GPS위성:6
17:30:35  GPS_HDOP:1.40
17:30:35  원시위도:37.496570
17:30:35  원시경도:126.958028
17:30:35  GPS채택:834
17:30:35  GPS이상치거부:24
17:30:35  GPS품질거부:84
17:30:35  GPS재기준:6
17:30:35  계산거리:17.31
17:30:35  접근속도:0.01
17:30:35  TTC:999.00
17:30:35  방향오차:128.3
17:30:35  전방여부:0
17:30:35  위험음성횟수:0
17:30:35  충격음성횟수:1
17:30:35  마지막위험음성:0
17:30:35  RSSI원시:-81
17:30:35  RSSI평활:-80.4
17:30:35  RSSI샘플:16097
17:30:35  RSSI경과ms:13
17:30:35  위험송신:16096
17:30:36  시각ms:1722607
17:30:36  IMU시각ms:1722607
17:30:36  위험:0
17:30:36  원시위험:0
17:30:36  GPS유효:1
17:30:36  위도:37.496570
17:30:36  경도:126.958028
17:30:36  속도:0.00
17:30:36  방향:178.0
17:30:36  GPS원시속도:0.000
17:30:36  GPS원시방향유효:1
17:30:36  GPS원시방향:182.8
17:30:36  가속도:-0.57,1.72,9.69
17:30:36  자이로:-3.1,-0.1,-1.8
17:30:36  자력계:8.100,2.850,-3.900
17:30:36  충격값:0.27
17:30:36  송신:16737
17:30:36  지팡이수신:16110
17:30:36  GPS위성:6
17:30:36  GPS_HDOP:1.40
17:30:36  원시위도:37.496570
17:30:36  원시경도:126.958027
17:30:36  GPS채택:836
17:30:36  GPS이상치거부:24
17:30:36  GPS품질거부:84
17:30:36  GPS재기준:6
17:30:36  계산거리:17.29
17:30:36  접근속도:-0.06
17:30:36  TTC:999.00
17:30:36  방향오차:128.3
17:30:36  전방여부:0
17:30:36  위험음성횟수:0
17:30:36  충격음성횟수:1
17:30:36  마지막위험음성:0
17:30:36  RSSI원시:-78
17:30:36  RSSI평활:-78.2
17:30:36  RSSI샘플:16110
17:30:36  RSSI경과ms:134
17:30:36  위험송신:16109
17:30:38  시각ms:1723865
17:30:38  IMU시각ms:1723865
17:30:38  위험:0
17:30:38  원시위험:0
17:30:38  GPS유효:1
17:30:38  위도:37.496570
17:30:38  경도:126.958028
17:30:38  속도:0.00
17:30:38  방향:178.0
17:30:38  GPS원시속도:0.000
17:30:38  GPS원시방향유효:1
17:30:38  GPS원시방향:182.8
17:30:38  가속도:-1.56,-0.62,9.44
17:30:38  자이로:-6.3,5.1,-5.2
17:30:38  자력계:10.800,-4.800,1.200
17:30:38  충격값:0.85
17:30:38  송신:16749
17:30:38  지팡이수신:16119
17:30:38  GPS위성:6
17:30:38  GPS_HDOP:1.40
17:30:38  원시위도:37.496570
17:30:38  원시경도:126.958027
17:30:38  GPS채택:838
17:30:38  GPS이상치거부:24
17:30:38  GPS품질거부:84
17:30:38  GPS재기준:6
17:30:38  계산거리:17.27
17:30:38  접근속도:-0.02
17:30:38  TTC:999.00
17:30:38  방향오차:128.4
17:30:38  전방여부:0
17:30:38  위험음성횟수:0
17:30:38  충격음성횟수:1
17:30:38  마지막위험음성:0
17:30:38  RSSI원시:-79
17:30:38  RSSI평활:-79.6
17:30:38  RSSI샘플:16119
17:30:38  RSSI경과ms:72
17:30:38  위험송신:16118
17:30:38  시각ms:1724502
17:30:38  IMU시각ms:1724502
17:30:38  위험:0
17:30:38  원시위험:0
17:30:38  GPS유효:1
17:30:38  위도:37.496570
17:30:38  경도:126.958028
17:30:38  속도:0.00
17:30:38  방향:178.0
17:30:38  GPS원시속도:0.000
17:30:38  GPS원시방향유효:1
17:30:38  GPS원시방향:182.8
17:30:38  가속도:-2.15,-1.36,9.39
17:30:38  자이로:-1.4,0.3,-2.6
17:30:38  자력계:13.050,-7.950,3.450
17:30:38  충격값:0.56
17:30:38  송신:16755
17:30:38  지팡이수신:16125
17:30:38  GPS위성:6
17:30:38  GPS_HDOP:1.40
17:30:38  원시위도:37.496570
17:30:38  원시경도:126.958027
17:30:38  GPS채택:840
17:30:38  GPS이상치거부:24
17:30:38  GPS품질거부:84
17:30:38  GPS재기준:6
17:30:38  계산거리:17.25
17:30:38  접근속도:-0.01
17:30:38  TTC:999.00
17:30:38  방향오차:128.4
17:30:38  전방여부:0
17:30:38  위험음성횟수:0
17:30:38  충격음성횟수:1
17:30:38  마지막위험음성:0
17:30:38  RSSI원시:-80
17:30:38  RSSI평활:-80.1
17:30:38  RSSI샘플:16125
17:30:38  RSSI경과ms:94
17:30:38  위험송신:16124
17:30:41  시각ms:1727722
17:30:41  IMU시각ms:1727722
17:30:41  위험:0
17:30:41  원시위험:0
17:30:41  GPS유효:1
17:30:41  위도:37.496570
17:30:41  경도:126.958027
17:30:41  속도:0.00
17:30:41  방향:178.0
17:30:41  GPS원시속도:0.000
17:30:41  GPS원시방향유효:1
17:30:41  GPS원시방향:182.8
17:30:41  가속도:-1.58,-1.34,9.38
17:30:41  자이로:5.5,-3.2,-2.1
17:30:41  자력계:12.300,-9.150,4.200
17:30:41  충격값:0.26
17:30:41  송신:16786
17:30:41  지팡이수신:16152
17:30:41  GPS위성:6
17:30:41  GPS_HDOP:1.40
17:30:41  원시위도:37.496570
17:30:41  원시경도:126.958027
17:30:41  GPS채택:846
17:30:41  GPS이상치거부:24
17:30:41  GPS품질거부:84
17:30:41  GPS재기준:6
17:30:41  계산거리:16.97
17:30:41  접근속도:0.04
17:30:41  TTC:999.00
17:30:41  방향오차:128.0
17:30:41  전방여부:0
17:30:41  위험음성횟수:0
17:30:41  충격음성횟수:1
17:30:41  마지막위험음성:0
17:30:41  RSSI원시:-84
17:30:41  RSSI평활:-82.3
17:30:41  RSSI샘플:16152
17:30:41  RSSI경과ms:35
17:30:41  위험송신:16151
17:30:42  시각ms:1727840
17:30:42  IMU시각ms:1727839
17:30:42  위험:0
17:30:42  원시위험:0
17:30:42  GPS유효:1
17:30:42  위도:37.496570
17:30:42  경도:126.958027
17:30:42  속도:0.00
17:30:42  방향:178.0
17:30:42  GPS원시속도:0.000
17:30:42  GPS원시방향유효:1
17:30:42  GPS원시방향:182.8
17:30:42  가속도:-1.37,-1.04,9.91
17:30:42  자이로:-5.1,-10.4,-6.9
17:30:42  자력계:13.350,-7.800,4.500
17:30:42  충격값:0.59
17:30:42  송신:16787
17:30:42  지팡이수신:16153
17:30:42  GPS위성:6
17:30:42  GPS_HDOP:1.40
17:30:42  원시위도:37.496570
17:30:42  원시경도:126.958027
17:30:42  GPS채택:846
17:30:42  GPS이상치거부:24
17:30:42  GPS품질거부:84
17:30:42  GPS재기준:6
17:30:42  계산거리:16.97
17:30:42  접근속도:0.04
17:30:42  TTC:999.00
17:30:42  방향오차:128.0
17:30:42  전방여부:0
17:30:42  위험음성횟수:0
17:30:42  충격음성횟수:1
17:30:42  마지막위험음성:0
17:30:42  RSSI원시:-83
17:30:42  RSSI평활:-82.4
17:30:42  RSSI샘플:16153
17:30:42  RSSI경과ms:36
17:30:42  위험송신:16152
17:30:42  시각ms:1728207
17:30:42  IMU시각ms:1728207
17:30:42  위험:0
17:30:42  원시위험:0
17:30:42  GPS유효:1
17:30:42  위도:37.496570
17:30:42  경도:126.958027
17:30:42  속도:0.00
17:30:42  방향:178.0
17:30:42  GPS원시속도:0.000
17:30:42  GPS원시방향유효:1
17:30:42  GPS원시방향:182.8
17:30:42  가속도:-1.62,-1.41,9.62
17:30:42  자이로:-0.1,1.1,-2.4
17:30:42  자력계:12.300,-8.400,5.400
17:30:42  충격값:0.10
17:30:42  송신:16790
17:30:42  지팡이수신:16156
17:30:42  GPS위성:6
17:30:42  GPS_HDOP:1.40
17:30:42  원시위도:37.496570
17:30:42  원시경도:126.958027
17:30:42  GPS채택:848
17:30:42  GPS이상치거부:24
17:30:42  GPS품질거부:84
17:30:42  GPS재기준:6
17:30:42  계산거리:16.96
17:30:42  접근속도:0.03
17:30:42  TTC:999.00
17:30:42  방향오차:128.0
17:30:42  전방여부:0
17:30:42  위험음성횟수:0
17:30:42  충격음성횟수:1
17:30:42  마지막위험음성:0
17:30:42  RSSI원시:-81
17:30:42  RSSI평활:-81.7
17:30:42  RSSI샘플:16156
17:30:42  RSSI경과ms:27
17:30:42  위험송신:16155
17:30:42  시각ms:1728523
17:30:42  IMU시각ms:1728523
17:30:42  위험:0
17:30:42  원시위험:0
17:30:42  GPS유효:1
17:30:42  위도:37.496570
17:30:42  경도:126.958027
17:30:42  속도:0.00
17:30:42  방향:178.0
17:30:42  GPS원시속도:0.000
17:30:42  GPS원시방향유효:1
17:30:42  GPS원시방향:182.8
17:30:42  가속도:-1.81,-1.48,9.92
17:30:42  자이로:-3.9,0.9,-5.6
17:30:42  자력계:13.500,-7.650,3.450
17:30:42  충격값:0.43
17:30:42  송신:16793
17:30:42  지팡이수신:16159
17:30:42  GPS위성:6
17:30:42  GPS_HDOP:1.40
17:30:42  원시위도:37.496570
17:30:42  원시경도:126.958027
17:30:42  GPS채택:848
17:30:42  GPS이상치거부:24
17:30:42  GPS품질거부:84
17:30:42  GPS재기준:6
17:30:42  계산거리:16.96
17:30:42  접근속도:0.03
17:30:42  TTC:999.00
17:30:42  방향오차:128.0
17:30:42  전방여부:0
17:30:42  위험음성횟수:0
17:30:42  충격음성횟수:1
17:30:42  마지막위험음성:0
17:30:42  RSSI원시:-80
17:30:42  RSSI평활:-81.1
17:30:42  RSSI샘플:16159
17:30:42  RSSI경과ms:42
17:30:42  위험송신:16158
17:30:43  시각ms:1729475
17:30:43  IMU시각ms:1729475
17:30:43  위험:0
17:30:43  원시위험:0
17:30:43  GPS유효:1
17:30:43  위도:37.496570
17:30:43  경도:126.958027
17:30:43  속도:0.00
17:30:43  방향:178.0
17:30:43  GPS원시속도:0.000
17:30:43  GPS원시방향유효:1
17:30:43  GPS원시방향:182.8
17:30:43  가속도:-1.80,-1.89,9.35
17:30:43  자이로:1.1,0.7,0.1
17:30:43  자력계:14.250,-10.800,5.400
17:30:43  충격값:0.22
17:30:43  송신:16802
17:30:43  지팡이수신:16166
17:30:43  GPS위성:6
17:30:43  GPS_HDOP:1.40
17:30:43  원시위도:37.496570
17:30:43  원시경도:126.958027
17:30:43  GPS채택:850
17:30:43  GPS이상치거부:24
17:30:43  GPS품질거부:84
17:30:43  GPS재기준:6
17:30:43  계산거리:16.96
17:30:43  접근속도:0.02
17:30:43  TTC:999.00
17:30:43  방향오차:128.0
17:30:43  전방여부:0
17:30:43  위험음성횟수:0
17:30:43  충격음성횟수:1
17:30:43  마지막위험음성:0
17:30:43  RSSI원시:-77
17:30:43  RSSI평활:-78.7
17:30:43  RSSI샘플:16166
17:30:43  RSSI경과ms:79
17:30:43  위험송신:16165
17:30:44  시각ms:1729948
17:30:44  IMU시각ms:1729948
17:30:44  위험:0
17:30:44  원시위험:0
17:30:44  GPS유효:1
17:30:44  위도:37.496570
17:30:44  경도:126.958027
17:30:44  속도:0.00
17:30:44  방향:178.0
17:30:44  GPS원시속도:0.000
17:30:44  GPS원시방향유효:1
17:30:44  GPS원시방향:182.8
17:30:44  가속도:-2.11,-1.64,9.63
17:30:44  자이로:-1.9,-3.9,0.8
17:30:44  자력계:13.650,-9.750,4.500
17:30:44  충격값:0.33
17:30:44  송신:16807
17:30:44  지팡이수신:16170
17:30:44  GPS위성:6
17:30:44  GPS_HDOP:1.40
17:30:44  원시위도:37.496570
17:30:44  원시경도:126.958027
17:30:44  GPS채택:851
17:30:44  GPS이상치거부:24
17:30:44  GPS품질거부:84
17:30:44  GPS재기준:6
17:30:44  계산거리:16.95
17:30:44  접근속도:0.02
17:30:44  TTC:999.00
17:30:44  방향오차:128.0
17:30:44  전방여부:0
17:30:44  위험음성횟수:0
17:30:44  충격음성횟수:1
17:30:44  마지막위험음성:0
17:30:44  RSSI원시:-78
17:30:44  RSSI평활:-78.8
17:30:44  RSSI샘플:16170
17:30:44  RSSI경과ms:36
17:30:44  위험송신:16169
17:30:44  시각ms:1730491
17:30:44  IMU시각ms:1730491
17:30:44  위험:0
17:30:44  원시위험:0
17:30:44  GPS유효:1
17:30:44  위도:37.496570
17:30:44  경도:126.958027
17:30:44  속도:0.00
17:30:44  방향:178.0
17:30:44  GPS원시속도:0.000
17:30:44  GPS원시방향유효:1
17:30:44  GPS원시방향:182.8
17:30:44  가속도:-1.94,-1.82,9.46
17:30:44  자이로:-1.0,0.6,0.3
17:30:44  자력계:13.500,-11.550,5.700
17:30:44  충격값:0.08
17:30:44  송신:16812
17:30:44  지팡이수신:16175
17:30:44  GPS위성:6
17:30:44  GPS_HDOP:1.40
17:30:44  원시위도:37.496570
17:30:44  원시경도:126.958027
17:30:44  GPS채택:852
17:30:44  GPS이상치거부:24
17:30:44  GPS품질거부:84
17:30:44  GPS재기준:6
17:30:44  계산거리:16.71
17:30:44  접근속도:0.16
17:30:44  TTC:999.00
17:30:44  방향오차:127.0
17:30:44  전방여부:0
17:30:44  위험음성횟수:0
17:30:44  충격음성횟수:1
17:30:44  마지막위험음성:0
17:30:44  RSSI원시:-85
17:30:44  RSSI평활:-81.1
17:30:44  RSSI샘플:16175
17:30:44  RSSI경과ms:79
17:30:44  위험송신:16174
