16:06:28  위험:0
16:06:28  GPS유효:0
16:06:28  위도:0.000000
16:06:28  경도:0.000000
16:06:28  속도:0.00
16:06:28  방향:0.0
16:06:28  가속도:1.09,-1.29,9.57
16:06:28  송신:2412
16:06:28  GPS위성:0
16:06:28  GPS_HDOP:99.00
16:06:28  원시위도:0.000000
16:06:28  원시경도:0.000000
16:06:28  GPS채택:0
16:06:28  GPS이상치거부:0
16:06:28  GPS품질거부:0
16:06:28  GPS재기준:0
16:06:28  RSSI원시:-68
16:06:28  RSSI평활:-67.4
16:06:28  RSSI샘플:4731
16:06:28  RSSI경과ms:20
16:06:28  차량수신:2370
16:06:30  위험:0
16:06:30  GPS유효:0
16:06:30  위도:0.000000
16:06:30  경도:0.000000
16:06:30  속도:0.00
16:06:30  방향:0.0
16:06:30  가속도:0.89,-1.32,9.64
16:06:30  송신:2431
16:06:30  GPS위성:0
16:06:30  GPS_HDOP:99.00
16:06:30  원시위도:0.000000
16:06:30  원시경도:0.000000
16:06:30  GPS채택:0
16:06:30  GPS이상치거부:0
16:06:30  GPS품질거부:0
16:06:30  GPS재기준:0
16:06:30  RSSI원시:-68
16:06:30  RSSI평활:-66.7
16:06:30  RSSI샘플:4768
16:06:30  RSSI경과ms:35
16:06:30  차량수신:2389
16:06:31  위험:0
16:06:31  GPS유효:0
16:06:31  위도:0.000000
16:06:31  경도:0.000000
16:06:31  속도:0.00
16:06:31  방향:0.0
16:06:31  가속도:1.01,-1.30,9.56
16:06:31  송신:2441
16:06:31  GPS위성:0
16:06:31  GPS_HDOP:99.00
16:06:31  원시위도:0.000000
16:06:31  원시경도:0.000000
16:06:31  GPS채택:0
16:06:31  GPS이상치거부:0
16:06:31  GPS품질거부:0
16:06:31  GPS재기준:0
16:06:31  RSSI원시:-65
16:06:31  RSSI평활:-65.9
16:06:31  RSSI샘플:4786
16:06:31  RSSI경과ms:2
16:06:31  차량수신:2397
16:06:33  위험:0
16:06:33  GPS유효:0
16:06:33  위도:0.000000
16:06:33  경도:0.000000
16:06:33  속도:0.00
16:06:33  방향:0.0
16:06:33  가속도:0.96,-1.36,9.66
16:06:33  송신:2460
16:06:33  GPS위성:0
16:06:33  GPS_HDOP:99.00
16:06:33  원시위도:0.000000
16:06:33  원시경도:0.000000
16:06:33  GPS채택:0
16:06:33  GPS이상치거부:0
16:06:33  GPS품질거부:0
16:06:33  GPS재기준:0
16:06:33  RSSI원시:-67
16:06:33  RSSI평활:-64.6
16:06:33  RSSI샘플:4824
16:06:33  RSSI경과ms:27
16:06:33  차량수신:2416
16:06:34  위험:0
16:06:34  GPS유효:0
16:06:34  위도:0.000000
16:06:34  경도:0.000000
16:06:34  속도:0.00
16:06:34  방향:0.0
16:06:34  가속도:1.16,-1.15,9.64
16:06:34  송신:2469
16:06:34  GPS위성:0
16:06:34  GPS_HDOP:99.00
16:06:34  원시위도:0.000000
16:06:34  원시경도:0.000000
16:06:34  GPS채택:0
16:06:34  GPS이상치거부:0
16:06:34  GPS품질거부:0
16:06:34  GPS재기준:0
16:06:34  RSSI원시:-63
16:06:34  RSSI평활:-65.0
16:06:34  RSSI샘플:4843
16:06:34  RSSI경과ms:42
16:06:34  차량수신:2426
16:06:35  위험:0
16:06:35  GPS유효:0
16:06:35  위도:0.000000
16:06:35  경도:0.000000
16:06:35  속도:0.00
16:06:35  방향:0.0
16:06:35  가속도:0.91,-1.23,9.64
16:06:35  송신:2479
16:06:35  GPS위성:0
16:06:35  GPS_HDOP:99.00
16:06:35  원시위도:0.000000
16:06:35  원시경도:0.000000
16:06:35  GPS채택:0
16:06:35  GPS이상치거부:0
16:06:35  GPS품질거부:0
16:06:35  GPS재기준:0
16:06:35  RSSI원시:-66
16:06:35  RSSI평활:-65.5
16:06:35  RSSI샘플:4862
16:06:35  RSSI경과ms:30
16:06:35  차량수신:2435
16:06:36  위험:0
16:06:36  GPS유효:0
16:06:36  위도:0.000000
16:06:36  경도:0.000000
16:06:36  속도:0.00
16:06:36  방향:0.0
16:06:36  가속도:1.01,-1.26,9.70
16:06:36  송신:2488
16:06:36  GPS위성:0
16:06:36  GPS_HDOP:99.00
16:06:36  원시위도:0.000000
16:06:36  원시경도:0.000000
16:06:36  GPS채택:0
16:06:36  GPS이상치거부:0
16:06:36  GPS품질거부:0
16:06:36  GPS재기준:0
16:06:36  RSSI원시:-63
16:06:36  RSSI평활:-64.3
16:06:36  RSSI샘플:4881
16:06:36  RSSI경과ms:47
16:06:36  차량수신:2445
16:06:37  위험:0
16:06:37  GPS유효:0
16:06:37  위도:0.000000
16:06:37  경도:0.000000
16:06:37  속도:0.00
16:06:37  방향:0.0
16:06:37  가속도:0.98,-1.33,9.58
16:06:37  송신:2498
16:06:37  GPS위성:0
16:06:37  GPS_HDOP:99.00
16:06:37  원시위도:0.000000
16:06:37  원시경도:0.000000
16:06:37  GPS채택:0
16:06:37  GPS이상치거부:0
16:06:37  GPS품질거부:0
16:06:37  GPS재기준:0
16:06:37  RSSI원시:-64
16:06:37  RSSI평활:-64.4
16:06:37  RSSI샘플:4900
16:06:37  RSSI경과ms:46
16:06:37  차량수신:2454
16:06:38  위험:0
16:06:38  GPS유효:0
16:06:38  위도:0.000000
16:06:38  경도:0.000000
16:06:38  속도:0.00
16:06:38  방향:0.0
16:06:38  가속도:1.04,-1.26,9.59
16:06:38  송신:2508
16:06:38  GPS위성:0
16:06:38  GPS_HDOP:99.00
16:06:38  원시위도:0.000000
16:06:38  원시경도:0.000000
16:06:38  GPS채택:0
16:06:38  GPS이상치거부:0
16:06:38  GPS품질거부:0
16:06:38  GPS재기준:0
16:06:38  RSSI원시:-63
16:06:38  RSSI평활:-64.5
16:06:38  RSSI샘플:4918
16:06:38  RSSI경과ms:51
16:06:38  차량수신:2463
16:06:39  위험:0
16:06:39  GPS유효:0
16:06:39  위도:0.000000
16:06:39  경도:0.000000
16:06:39  속도:0.00
16:06:39  방향:0.0
16:06:39  가속도:0.98,-1.28,9.53
16:06:39  송신:2517
16:06:39  GPS위성:0
16:06:39  GPS_HDOP:99.00
16:06:39  원시위도:0.000000
16:06:39  원시경도:0.000000
16:06:39  GPS채택:0
16:06:39  GPS이상치거부:0
16:06:39  GPS품질거부:0
16:06:39  GPS재기준:0
16:06:39  RSSI원시:-64
16:06:39  RSSI평활:-64.8
16:06:39  RSSI샘플:4937
16:06:39  RSSI경과ms:52
16:06:39  차량수신:2472
16:06:40  위험:0
16:06:40  GPS유효:0
16:06:40  위도:0.000000
16:06:40  경도:0.000000
16:06:40  속도:0.00
16:06:40  방향:0.0
16:06:40  가속도:0.99,-1.36,9.65
16:06:40  송신:2527
16:06:40  GPS위성:0
16:06:40  GPS_HDOP:99.00
16:06:40  원시위도:0.000000
16:06:40  원시경도:0.000000
16:06:40  GPS채택:0
16:06:40  GPS이상치거부:0
16:06:40  GPS품질거부:0
16:06:40  GPS재기준:0
16:06:40  RSSI원시:-64
16:06:40  RSSI평활:-64.0
16:06:40  RSSI샘플:4956
16:06:40  RSSI경과ms:54
16:06:40  차량수신:2482
16:06:41  위험:0
16:06:41  GPS유효:0
16:06:41  위도:0.000000
16:06:41  경도:0.000000
16:06:41  속도:0.00
16:06:41  방향:0.0
16:06:41  가속도:1.06,-1.34,9.53
16:06:41  송신:2536
16:06:41  GPS위성:0
16:06:41  GPS_HDOP:99.00
16:06:41  원시위도:0.000000
16:06:41  원시경도:0.000000
16:06:41  GPS채택:0
16:06:41  GPS이상치거부:0
16:06:41  GPS품질거부:0
16:06:41  GPS재기준:0
16:06:41  RSSI원시:-64
16:06:41  RSSI평활:-63.8
16:06:41  RSSI샘플:4976
16:06:41  RSSI경과ms:0
16:06:41  차량수신:2492
16:06:42  위험:0
16:06:42  GPS유효:0
16:06:42  위도:0.000000
16:06:42  경도:0.000000
16:06:42  속도:0.00
16:06:42  방향:0.0
16:06:42  가속도:1.03,-1.24,9.62
16:06:42  송신:2546
16:06:42  GPS위성:0
16:06:42  GPS_HDOP:99.00
16:06:42  원시위도:0.000000
16:06:42  원시경도:0.000000
16:06:42  GPS채택:0
16:06:42  GPS이상치거부:0
16:06:42  GPS품질거부:0
16:06:42  GPS재기준:0
16:06:42  RSSI원시:-66
16:06:42  RSSI평활:-65.9
16:06:42  RSSI샘플:4994
16:06:42  RSSI경과ms:57
16:06:42  차량수신:2501
16:06:43  위험:0
16:06:43  GPS유효:0
16:06:43  위도:0.000000
16:06:43  경도:0.000000
16:06:43  속도:0.00
16:06:43  방향:0.0
16:06:43  가속도:1.05,-1.29,9.61
16:06:43  송신:2555
16:06:43  GPS위성:0
16:06:43  GPS_HDOP:99.00
16:06:43  원시위도:0.000000
16:06:43  원시경도:0.000000
16:06:43  GPS채택:0
16:06:43  GPS이상치거부:0
16:06:43  GPS품질거부:0
16:06:43  GPS재기준:0
16:06:43  RSSI원시:-66
16:06:43  RSSI평활:-65.9
16:06:43  RSSI샘플:5014
16:06:43  RSSI경과ms:3
16:06:43  차량수신:2511
16:06:44  위험:0
16:06:44  GPS유효:0
16:06:44  위도:0.000000
16:06:44  경도:0.000000
16:06:44  속도:0.00
16:06:44  방향:0.0
16:06:44  가속도:1.10,-1.44,9.63
16:06:44  송신:2565
16:06:44  GPS위성:0
16:06:44  GPS_HDOP:99.00
16:06:44  원시위도:0.000000
16:06:44  원시경도:0.000000
16:06:44  GPS채택:0
16:06:44  GPS이상치거부:0
16:06:44  GPS품질거부:0
16:06:44  GPS재기준:0
16:06:44  RSSI원시:-66
16:06:44  RSSI평활:-65.5
16:06:44  RSSI샘플:5033
16:06:44  RSSI경과ms:14
16:06:44  차량수신:2520
16:06:45  위험:0
16:06:45  GPS유효:0
16:06:45  위도:0.000000
16:06:45  경도:0.000000
16:06:45  속도:0.00
16:06:45  방향:0.0
16:06:45  가속도:0.99,-1.42,9.64
16:06:45  송신:2574
16:06:45  GPS위성:0
16:06:45  GPS_HDOP:99.00
16:06:45  원시위도:0.000000
16:06:45  원시경도:0.000000
16:06:45  GPS채택:0
16:06:45  GPS이상치거부:0
16:06:45  GPS품질거부:0
16:06:45  GPS재기준:0
16:06:45  RSSI원시:-67
16:06:45  RSSI평활:-66.3
16:06:45  RSSI샘플:5051
16:06:45  RSSI경과ms:72
16:06:45  차량수신:2529
16:06:46  위험:0
16:06:46  GPS유효:0
16:06:46  위도:0.000000
16:06:46  경도:0.000000
16:06:46  속도:0.00
16:06:46  방향:0.0
16:06:46  가속도:1.04,-1.46,9.61
16:06:46  송신:2584
16:06:46  GPS위성:0
16:06:46  GPS_HDOP:99.00
16:06:46  원시위도:0.000000
16:06:46  원시경도:0.000000
16:06:46  GPS채택:0
16:06:46  GPS이상치거부:0
16:06:46  GPS품질거부:0
16:06:46  GPS재기준:0
16:06:46  RSSI원시:-63
16:06:46  RSSI평활:-65.2
16:06:46  RSSI샘플:5070
16:06:46  RSSI경과ms:18
16:06:46  차량수신:2538
16:06:47  위험:0
16:06:47  GPS유효:0
16:06:47  위도:0.000000
16:06:47  경도:0.000000
16:06:47  속도:0.00
16:06:47  방향:0.0
16:06:47  가속도:1.04,-1.37,9.70
16:06:47  송신:2593
16:06:47  GPS위성:0
16:06:47  GPS_HDOP:99.00
16:06:47  원시위도:0.000000
16:06:47  원시경도:0.000000
16:06:47  GPS채택:0
16:06:47  GPS이상치거부:0
16:06:47  GPS품질거부:0
16:06:47  GPS재기준:0
16:06:47  RSSI원시:-66
16:06:47  RSSI평활:-66.1
16:06:47  RSSI샘플:5089
16:06:47  RSSI경과ms:10
16:06:47  차량수신:2548
16:06:48  위험:0
16:06:48  GPS유효:0
16:06:48  위도:0.000000
16:06:48  경도:0.000000
16:06:48  속도:0.00
16:06:48  방향:0.0
16:06:48  가속도:1.20,-1.45,9.64
16:06:48  송신:2603
16:06:48  GPS위성:0
16:06:48  GPS_HDOP:99.00
16:06:48  원시위도:0.000000
16:06:48  원시경도:0.000000
16:06:48  GPS채택:0
16:06:48  GPS이상치거부:0
16:06:48  GPS품질거부:0
16:06:48  GPS재기준:0
16:06:48  RSSI원시:-66
16:06:48  RSSI평활:-65.8
16:06:48  RSSI샘플:5108
16:06:48  RSSI경과ms:26
16:06:48  차량수신:2557
16:06:49  위험:0
16:06:49  GPS유효:0
16:06:49  위도:0.000000
16:06:49  경도:0.000000
16:06:49  속도:0.00
16:06:49  방향:0.0
16:06:49  가속도:1.06,-1.47,9.70
16:06:49  송신:2612
16:06:49  GPS위성:0
16:06:49  GPS_HDOP:99.00
16:06:49  원시위도:0.000000
16:06:49  원시경도:0.000000
16:06:49  GPS채택:0
16:06:49  GPS이상치거부:0
16:06:49  GPS품질거부:0
16:06:49  GPS재기준:0
16:06:49  RSSI원시:-67
16:06:49  RSSI평활:-67.7
16:06:49  RSSI샘플:5127
16:06:49  RSSI경과ms:7
16:06:49  차량수신:2567
16:06:51  위험:0
16:06:51  GPS유효:0
16:06:51  위도:0.000000
16:06:51  경도:0.000000
16:06:51  속도:0.00
16:06:51  방향:0.0
16:06:51  가속도:1.05,-1.42,9.53
16:06:51  송신:2632
16:06:51  GPS위성:0
16:06:51  GPS_HDOP:99.00
16:06:51  원시위도:0.000000
16:06:51  원시경도:0.000000
16:06:51  GPS채택:0
16:06:51  GPS이상치거부:0
16:06:51  GPS품질거부:0
16:06:51  GPS재기준:0
16:06:51  RSSI원시:-66
16:06:51  RSSI평활:-64.3
16:06:51  RSSI샘플:5165
16:06:51  RSSI경과ms:16
16:06:51  차량수신:2586
16:06:52  위험:0
16:06:52  GPS유효:0
16:06:52  위도:0.000000
16:06:52  경도:0.000000
16:06:52  속도:0.00
16:06:52  방향:0.0
16:06:52  가속도:1.11,-1.43,9.58
16:06:52  송신:2641
16:06:52  GPS위성:0
16:06:52  GPS_HDOP:99.00
16:06:52  원시위도:0.000000
16:06:52  원시경도:0.000000
16:06:52  GPS채택:0
16:06:52  GPS이상치거부:0
16:06:52  GPS품질거부:0
16:06:52  GPS재기준:0
16:06:52  RSSI원시:-63
16:06:52  RSSI평활:-64.7
16:06:52  RSSI샘플:5184
16:06:52  RSSI경과ms:52
16:06:52  차량수신:2595
16:06:53  위험:0
16:06:53  GPS유효:0
16:06:53  위도:0.000000
16:06:53  경도:0.000000
16:06:53  속도:0.00
16:06:53  방향:0.0
16:06:53  가속도:1.15,-1.43,9.65
16:06:53  송신:2651
16:06:53  GPS위성:0
16:06:53  GPS_HDOP:99.00
16:06:53  원시위도:0.000000
16:06:53  원시경도:0.000000
16:06:53  GPS채택:0
16:06:53  GPS이상치거부:0
16:06:53  GPS품질거부:0
16:06:53  GPS재기준:0
16:06:53  RSSI원시:-65
16:06:53  RSSI평활:-64.3
16:06:53  RSSI샘플:5203
16:06:53  RSSI경과ms:19
16:06:53  차량수신:2605
16:06:54  위험:0
16:06:54  GPS유효:0
16:06:54  위도:0.000000
16:06:54  경도:0.000000
16:06:54  속도:0.00
16:06:54  방향:0.0
16:06:54  가속도:1.21,-1.49,9.65
16:06:54  송신:2660
16:06:54  GPS위성:0
16:06:54  GPS_HDOP:99.00
16:06:54  원시위도:0.000000
16:06:54  원시경도:0.000000
16:06:54  GPS채택:0
16:06:54  GPS이상치거부:0
16:06:54  GPS품질거부:0
16:06:54  GPS재기준:0
16:06:54  RSSI원시:-67
16:06:54  RSSI평활:-65.5
16:06:54  RSSI샘플:5222
16:06:54  RSSI경과ms:57
16:06:54  차량수신:2614
16:06:56  위험:0
16:06:56  GPS유효:0
16:06:56  위도:0.000000
16:06:56  경도:0.000000
16:06:56  속도:0.00
16:06:56  방향:0.0
16:06:56  가속도:1.18,-1.53,9.49
16:06:56  송신:2679
16:06:56  GPS위성:0
16:06:56  GPS_HDOP:99.00
16:06:56  원시위도:0.000000
16:06:56  원시경도:0.000000
16:06:56  GPS채택:0
16:06:56  GPS이상치거부:0
16:06:56  GPS품질거부:0
16:06:56  GPS재기준:0
16:06:56  RSSI원시:-65
16:06:56  RSSI평활:-65.5
16:06:56  RSSI샘플:5259
16:06:56  RSSI경과ms:66
16:06:56  차량수신:2632
16:06:57  위험:0
16:06:57  GPS유효:0
16:06:57  위도:0.000000
16:06:57  경도:0.000000
16:06:57  속도:0.00
16:06:57  방향:0.0
16:06:57  가속도:1.16,-1.48,9.47
16:06:57  송신:2689
16:06:57  GPS위성:0
16:06:57  GPS_HDOP:99.00
16:06:57  원시위도:0.000000
16:06:57  원시경도:0.000000
16:06:57  GPS채택:0
16:06:57  GPS이상치거부:0
16:06:57  GPS품질거부:0
16:06:57  GPS재기준:0
16:06:57  RSSI원시:-67
16:06:57  RSSI평활:-66.3
16:06:57  RSSI샘플:5279
16:06:57  RSSI경과ms:39
16:06:57  차량수신:2642
