16:06:29  위험:0
16:06:29  원시위험:0
16:06:29  GPS유효:0
16:06:29  위도:0.000000
16:06:29  경도:0.000000
16:06:29  속도:0.00
16:06:29  방향:0.0
16:06:29  가속도:-0.53,1.09,9.59
16:06:29  자이로:0.2,-0.6,-0.6
16:06:29  충격값:0.14
16:06:29  송신:3757
16:06:29  지팡이수신:2913
16:06:29  GPS위성:0
16:06:29  GPS_HDOP:99.00
16:06:29  원시위도:0.000000
16:06:29  원시경도:0.000000
16:06:29  GPS채택:0
16:06:29  GPS이상치거부:0
16:06:29  GPS품질거부:0
16:06:29  GPS재기준:0
16:06:29  계산거리:-1.00
16:06:29  접근속도:0.00
16:06:29  TTC:999.00
16:06:29  방향오차:0.0
16:06:29  전방여부:0
16:06:29  위험음성횟수:0
16:06:29  충격음성횟수:0
16:06:29  마지막위험음성:0
16:06:29  RSSI원시:-68
16:06:29  RSSI평활:-68.2
16:06:29  RSSI샘플:2913
16:06:29  RSSI경과ms:108
16:06:29  위험송신:2913
16:06:30  위험:0
16:06:30  원시위험:0
16:06:30  GPS유효:0
16:06:30  위도:0.000000
16:06:30  경도:0.000000
16:06:30  속도:0.00
16:06:30  방향:0.0
16:06:30  가속도:-0.38,1.13,9.63
16:06:30  자이로:0.1,-1.0,-3.1
16:06:30  충격값:0.15
16:06:30  송신:3767
16:06:30  지팡이수신:2922
16:06:30  GPS위성:0
16:06:30  GPS_HDOP:99.00
16:06:30  원시위도:0.000000
16:06:30  원시경도:0.000000
16:06:30  GPS채택:0
16:06:30  GPS이상치거부:0
16:06:30  GPS품질거부:0
16:06:30  GPS재기준:0
16:06:30  계산거리:-1.00
16:06:30  접근속도:0.00
16:06:30  TTC:999.00
16:06:30  방향오차:0.0
16:06:30  전방여부:0
16:06:30  위험음성횟수:0
16:06:30  충격음성횟수:0
16:06:30  마지막위험음성:0
16:06:30  RSSI원시:-66
16:06:30  RSSI평활:-66.9
16:06:30  RSSI샘플:2922
16:06:30  RSSI경과ms:58
16:06:30  위험송신:2922
16:06:33  위험:0
16:06:33  원시위험:0
16:06:33  GPS유효:0
16:06:33  위도:0.000000
16:06:33  경도:0.000000
16:06:33  속도:0.00
16:06:33  방향:0.0
16:06:33  가속도:-0.47,1.24,9.57
16:06:33  자이로:1.3,2.0,0.7
16:06:33  충격값:0.06
16:06:33  송신:3795
16:06:33  지팡이수신:2951
16:06:33  GPS위성:0
16:06:33  GPS_HDOP:99.00
16:06:33  원시위도:0.000000
16:06:33  원시경도:0.000000
16:06:33  GPS채택:0
16:06:33  GPS이상치거부:0
16:06:33  GPS품질거부:0
16:06:33  GPS재기준:0
16:06:33  계산거리:-1.00
16:06:33  접근속도:0.00
16:06:33  TTC:999.00
16:06:33  방향오차:0.0
16:06:33  전방여부:0
16:06:33  위험음성횟수:0
16:06:33  충격음성횟수:0
16:06:33  마지막위험음성:0
16:06:33  RSSI원시:-64
16:06:33  RSSI평활:-65.0
16:06:33  RSSI샘플:2951
16:06:33  RSSI경과ms:12
16:06:33  위험송신:2951
16:06:35  위험:0
16:06:35  원시위험:0
16:06:35  GPS유효:0
16:06:35  위도:0.000000
16:06:35  경도:0.000000
16:06:35  속도:0.00
16:06:35  방향:0.0
16:06:35  가속도:-0.48,1.24,9.65
16:06:35  자이로:1.6,-1.9,0.7
16:06:35  충격값:0.04
16:06:35  송신:3814
16:06:35  지팡이수신:2970
16:06:35  GPS위성:0
16:06:35  GPS_HDOP:99.00
16:06:35  원시위도:0.000000
16:06:35  원시경도:0.000000
16:06:35  GPS채택:0
16:06:35  GPS이상치거부:0
16:06:35  GPS품질거부:0
16:06:35  GPS재기준:0
16:06:35  계산거리:-1.00
16:06:35  접근속도:0.00
16:06:35  TTC:999.00
16:06:35  방향오차:0.0
16:06:35  전방여부:0
16:06:35  위험음성횟수:0
16:06:35  충격음성횟수:0
16:06:35  마지막위험음성:0
16:06:35  RSSI원시:-66
16:06:35  RSSI평활:-64.6
16:06:35  RSSI샘플:2970
16:06:35  RSSI경과ms:15
16:06:35  위험송신:2970
16:06:36  위험:0
16:06:36  원시위험:0
16:06:36  GPS유효:0
16:06:36  위도:0.000000
16:06:36  경도:0.000000
16:06:36  속도:0.00
16:06:36  방향:0.0
16:06:36  가속도:-0.51,1.14,9.70
16:06:36  자이로:1.4,2.5,-2.1
16:06:36  충격값:0.11
16:06:36  송신:3824
16:06:36  지팡이수신:2979
16:06:36  GPS위성:0
16:06:36  GPS_HDOP:99.00
16:06:36  원시위도:0.000000
16:06:36  원시경도:0.000000
16:06:36  GPS채택:0
16:06:36  GPS이상치거부:0
16:06:36  GPS품질거부:0
16:06:36  GPS재기준:0
16:06:36  계산거리:-1.00
16:06:36  접근속도:0.00
16:06:36  TTC:999.00
16:06:36  방향오차:0.0
16:06:36  전방여부:0
16:06:36  위험음성횟수:0
16:06:36  충격음성횟수:0
16:06:36  마지막위험음성:0
16:06:36  RSSI원시:-64
16:06:36  RSSI평활:-64.6
16:06:36  RSSI샘플:2979
16:06:36  RSSI경과ms:68
16:06:36  위험송신:2979
16:06:38  위험:0
16:06:38  원시위험:0
16:06:38  GPS유효:0
16:06:38  위도:0.000000
16:06:38  경도:0.000000
16:06:38  속도:0.00
16:06:38  방향:0.0
16:06:38  가속도:-0.36,1.25,9.65
16:06:38  자이로:0.5,-2.2,-0.4
16:06:38  충격값:0.12
16:06:38  송신:3843
16:06:38  지팡이수신:2998
16:06:38  GPS위성:0
16:06:38  GPS_HDOP:99.00
16:06:38  원시위도:0.000000
16:06:38  원시경도:0.000000
16:06:38  GPS채택:0
16:06:38  GPS이상치거부:0
16:06:38  GPS품질거부:0
16:06:38  GPS재기준:0
16:06:38  계산거리:-1.00
16:06:38  접근속도:0.00
16:06:38  TTC:999.00
16:06:38  방향오차:0.0
16:06:38  전방여부:0
16:06:38  위험음성횟수:0
16:06:38  충격음성횟수:0
16:06:38  마지막위험음성:0
16:06:38  RSSI원시:-65
16:06:38  RSSI평활:-65.3
16:06:38  RSSI샘플:2998
16:06:38  RSSI경과ms:74
16:06:38  위험송신:2998
16:06:39  위험:0
16:06:39  원시위험:0
16:06:39  GPS유효:0
16:06:39  위도:0.000000
16:06:39  경도:0.000000
16:06:39  속도:0.00
16:06:39  방향:0.0
16:06:39  가속도:-0.52,1.30,9.67
16:06:39  자이로:-1.1,0.7,-1.7
16:06:39  충격값:0.11
16:06:39  송신:3852
16:06:39  지팡이수신:3008
16:06:39  GPS위성:0
16:06:39  GPS_HDOP:99.00
16:06:39  원시위도:0.000000
16:06:39  원시경도:0.000000
16:06:39  GPS채택:0
16:06:39  GPS이상치거부:0
16:06:39  GPS품질거부:0
16:06:39  GPS재기준:0
16:06:39  계산거리:-1.00
16:06:39  접근속도:0.00
16:06:39  TTC:999.00
16:06:39  방향오차:0.0
16:06:39  전방여부:0
16:06:39  위험음성횟수:0
16:06:39  충격음성횟수:0
16:06:39  마지막위험음성:0
16:06:39  RSSI원시:-66
16:06:39  RSSI평활:-65.6
16:06:39  RSSI샘플:3008
16:06:39  RSSI경과ms:21
16:06:39  위험송신:3008
16:06:40  위험:0
16:06:40  원시위험:0
16:06:40  GPS유효:0
16:06:40  위도:0.000000
16:06:40  경도:0.000000
16:06:40  속도:0.00
16:06:40  방향:0.0
16:06:40  가속도:-0.62,1.20,9.74
16:06:40  자이로:-1.2,-1.1,-0.4
16:06:40  충격값:0.19
16:06:40  송신:3862
16:06:40  지팡이수신:3017
16:06:40  GPS위성:0
16:06:40  GPS_HDOP:99.00
16:06:40  원시위도:0.000000
16:06:40  원시경도:0.000000
16:06:40  GPS채택:0
16:06:40  GPS이상치거부:0
16:06:40  GPS품질거부:0
16:06:40  GPS재기준:0
16:06:40  계산거리:-1.00
16:06:40  접근속도:0.00
16:06:40  TTC:999.00
16:06:40  방향오차:0.0
16:06:40  전방여부:0
16:06:40  위험음성횟수:0
16:06:40  충격음성횟수:0
16:06:40  마지막위험음성:0
16:06:40  RSSI원시:-64
16:06:40  RSSI평활:-64.6
16:06:40  RSSI샘플:3017
16:06:40  RSSI경과ms:73
16:06:40  위험송신:3017
16:06:41  위험:0
16:06:41  원시위험:0
16:06:41  GPS유효:0
16:06:41  위도:0.000000
16:06:41  경도:0.000000
16:06:41  속도:0.00
16:06:41  방향:0.0
16:06:41  가속도:-0.45,1.26,9.55
16:06:41  자이로:2.2,0.1,1.0
16:06:41  충격값:0.09
16:06:41  송신:3871
16:06:41  지팡이수신:3027
16:06:41  GPS위성:0
16:06:41  GPS_HDOP:99.00
16:06:41  원시위도:0.000000
16:06:41  원시경도:0.000000
16:06:41  GPS채택:0
16:06:41  GPS이상치거부:0
16:06:41  GPS품질거부:0
16:06:41  GPS재기준:0
16:06:41  계산거리:-1.00
16:06:41  접근속도:0.00
16:06:41  TTC:999.00
16:06:41  방향오차:0.0
16:06:41  전방여부:0
16:06:41  위험음성횟수:0
16:06:41  충격음성횟수:0
16:06:41  마지막위험음성:0
16:06:41  RSSI원시:-65
16:06:41  RSSI평활:-64.7
16:06:41  RSSI샘플:3027
16:06:41  RSSI경과ms:25
16:06:41  위험송신:3027
16:06:42  위험:0
16:06:42  원시위험:0
16:06:42  GPS유효:0
16:06:42  위도:0.000000
16:06:42  경도:0.000000
16:06:42  속도:0.00
16:06:42  방향:0.0
16:06:42  가속도:-0.53,1.33,9.40
16:06:42  자이로:-0.9,-0.4,-2.7
16:06:42  충격값:0.24
16:06:42  송신:3881
16:06:42  지팡이수신:3036
16:06:42  GPS위성:0
16:06:42  GPS_HDOP:99.00
16:06:42  원시위도:0.000000
16:06:42  원시경도:0.000000
16:06:42  GPS채택:0
16:06:42  GPS이상치거부:0
16:06:42  GPS품질거부:0
16:06:42  GPS재기준:0
16:06:42  계산거리:-1.00
16:06:42  접근속도:0.00
16:06:42  TTC:999.00
16:06:42  방향오차:0.0
16:06:42  전방여부:0
16:06:42  위험음성횟수:0
16:06:42  충격음성횟수:0
16:06:42  마지막위험음성:0
16:06:42  RSSI원시:-67
16:06:42  RSSI평활:-65.6
16:06:42  RSSI샘플:3036
16:06:42  RSSI경과ms:77
16:06:42  위험송신:3036
16:06:43  위험:0
16:06:43  원시위험:0
16:06:43  GPS유효:0
16:06:43  위도:0.000000
16:06:43  경도:0.000000
16:06:43  속도:0.00
16:06:43  방향:0.0
16:06:43  가속도:-0.43,1.23,9.61
16:06:43  자이로:2.8,-2.1,-0.1
16:06:43  충격값:0.05
16:06:43  송신:3890
16:06:43  지팡이수신:3046
16:06:43  GPS위성:0
16:06:43  GPS_HDOP:99.00
16:06:43  원시위도:0.000000
16:06:43  원시경도:0.000000
16:06:43  GPS채택:0
16:06:43  GPS이상치거부:0
16:06:43  GPS품질거부:0
16:06:43  GPS재기준:0
16:06:43  계산거리:-1.00
16:06:43  접근속도:0.00
16:06:43  TTC:999.00
16:06:43  방향오차:0.0
16:06:43  전방여부:0
16:06:43  위험음성횟수:0
16:06:43  충격음성횟수:0
16:06:43  마지막위험음성:0
16:06:43  RSSI원시:-66
16:06:43  RSSI평활:-66.3
16:06:43  RSSI샘플:3046
16:06:43  RSSI경과ms:27
16:06:43  위험송신:3046
16:06:45  위험:0
16:06:45  원시위험:0
16:06:45  GPS유효:0
16:06:45  위도:0.000000
16:06:45  경도:0.000000
16:06:45  속도:0.00
16:06:45  방향:0.0
16:06:45  가속도:-0.56,1.14,9.66
16:06:45  자이로:-1.0,0.0,-0.9
16:06:45  충격값:0.12
16:06:45  송신:3909
16:06:45  지팡이수신:3065
16:06:45  GPS위성:0
16:06:45  GPS_HDOP:99.00
16:06:45  원시위도:0.000000
16:06:45  원시경도:0.000000
16:06:45  GPS채택:0
16:06:45  GPS이상치거부:0
16:06:45  GPS품질거부:0
16:06:45  GPS재기준:0
16:06:45  계산거리:-1.00
16:06:45  접근속도:0.00
16:06:45  TTC:999.00
16:06:45  방향오차:0.0
16:06:45  전방여부:0
16:06:45  위험음성횟수:0
16:06:45  충격음성횟수:0
16:06:45  마지막위험음성:0
16:06:45  RSSI원시:-67
16:06:45  RSSI평활:-66.3
16:06:45  RSSI샘플:3065
16:06:45  RSSI경과ms:36
16:06:45  위험송신:3065
16:06:46  위험:0
16:06:46  원시위험:0
16:06:46  GPS유효:0
16:06:46  위도:0.000000
16:06:46  경도:0.000000
16:06:46  속도:0.00
16:06:46  방향:0.0
16:06:46  가속도:-0.54,1.15,9.58
16:06:46  자이로:2.5,-2.0,1.3
16:06:46  충격값:0.09
16:06:46  송신:3919
16:06:46  지팡이수신:3074
16:06:46  GPS위성:0
16:06:46  GPS_HDOP:99.00
16:06:46  원시위도:0.000000
16:06:46  원시경도:0.000000
16:06:46  GPS채택:0
16:06:46  GPS이상치거부:0
16:06:46  GPS품질거부:0
16:06:46  GPS재기준:0
16:06:46  계산거리:-1.00
16:06:46  접근속도:0.00
16:06:46  TTC:999.00
16:06:46  방향오차:0.0
16:06:46  전방여부:0
16:06:46  위험음성횟수:0
16:06:46  충격음성횟수:0
16:06:46  마지막위험음성:0
16:06:46  RSSI원시:-65
16:06:46  RSSI평활:-66.8
16:06:46  RSSI샘플:3074
16:06:46  RSSI경과ms:89
16:06:46  위험송신:3074
16:06:48  위험:0
16:06:48  원시위험:0
16:06:48  GPS유효:0
16:06:48  위도:0.000000
16:06:48  경도:0.000000
16:06:48  속도:0.00
16:06:48  방향:0.0
16:06:48  가속도:-0.52,1.23,9.47
16:06:48  자이로:-0.7,1.4,0.0
16:06:48  충격값:0.15
16:06:48  송신:3938
16:06:48  지팡이수신:3093
16:06:48  GPS위성:0
16:06:48  GPS_HDOP:99.00
16:06:48  원시위도:0.000000
16:06:48  원시경도:0.000000
16:06:48  GPS채택:0
16:06:48  GPS이상치거부:0
16:06:48  GPS품질거부:0
16:06:48  GPS재기준:0
16:06:48  계산거리:-1.00
16:06:48  접근속도:0.00
16:06:48  TTC:999.00
16:06:48  방향오차:0.0
16:06:48  전방여부:0
16:06:48  위험음성횟수:0
16:06:48  충격음성횟수:0
16:06:48  마지막위험음성:0
16:06:48  RSSI원시:-65
16:06:48  RSSI평활:-66.6
16:06:48  RSSI샘플:3093
16:06:48  RSSI경과ms:94
16:06:48  위험송신:3093
16:06:50  위험:0
16:06:50  원시위험:0
16:06:50  GPS유효:0
16:06:50  위도:0.000000
16:06:50  경도:0.000000
16:06:50  속도:0.00
16:06:50  방향:0.0
16:06:50  가속도:-0.49,1.22,9.59
16:06:50  자이로:3.1,0.6,1.1
16:06:50  충격값:0.03
16:06:50  송신:3957
16:06:50  지팡이수신:3112
16:06:50  GPS위성:0
16:06:50  GPS_HDOP:99.00
16:06:50  원시위도:0.000000
16:06:50  원시경도:0.000000
16:06:50  GPS채택:0
16:06:50  GPS이상치거부:0
16:06:50  GPS품질거부:0
16:06:50  GPS재기준:0
16:06:50  계산거리:-1.00
16:06:50  접근속도:0.00
16:06:50  TTC:999.00
16:06:50  방향오차:0.0
16:06:50  전방여부:0
16:06:50  위험음성횟수:0
16:06:50  충격음성횟수:0
16:06:50  마지막위험음성:0
16:06:50  RSSI원시:-63
16:06:50  RSSI평활:-65.0
16:06:50  RSSI샘플:3112
16:06:50  RSSI경과ms:98
16:06:50  위험송신:3112
16:06:51  위험:0
16:06:51  원시위험:0
16:06:51  GPS유효:0
16:06:51  위도:0.000000
16:06:51  경도:0.000000
16:06:51  속도:0.00
16:06:51  방향:0.0
16:06:51  가속도:-0.45,1.21,9.40
16:06:51  자이로:0.8,-0.9,-2.1
16:06:51  충격값:0.21
16:06:51  송신:3966
16:06:51  지팡이수신:3122
16:06:51  GPS위성:0
16:06:51  GPS_HDOP:99.00
16:06:51  원시위도:0.000000
16:06:51  원시경도:0.000000
16:06:51  GPS채택:0
16:06:51  GPS이상치거부:0
16:06:51  GPS품질거부:0
16:06:51  GPS재기준:0
16:06:51  계산거리:-1.00
16:06:51  접근속도:0.00
16:06:51  TTC:999.00
16:06:51  방향오차:0.0
16:06:51  전방여부:0
16:06:51  위험음성횟수:0
16:06:51  충격음성횟수:0
16:06:51  마지막위험음성:0
16:06:51  RSSI원시:-64
16:06:51  RSSI평활:-64.1
16:06:51  RSSI샘플:3122
16:06:51  RSSI경과ms:51
16:06:51  위험송신:3122
16:06:52  위험:0
16:06:52  원시위험:0
16:06:52  GPS유효:0
16:06:52  위도:0.000000
16:06:52  경도:0.000000
16:06:52  속도:0.00
16:06:52  방향:0.0
16:06:52  가속도:-0.57,1.16,9.77
16:06:52  자이로:-0.5,0.8,-1.2
16:06:52  충격값:0.18
16:06:52  송신:3976
16:06:52  지팡이수신:3131
16:06:52  GPS위성:0
16:06:52  GPS_HDOP:99.00
16:06:52  원시위도:0.000000
16:06:52  원시경도:0.000000
16:06:52  GPS채택:0
16:06:52  GPS이상치거부:0
16:06:52  GPS품질거부:0
16:06:52  GPS재기준:0
16:06:52  계산거리:-1.00
16:06:52  접근속도:0.00
16:06:52  TTC:999.00
16:06:52  방향오차:0.0
16:06:52  전방여부:0
16:06:52  위험음성횟수:0
16:06:52  충격음성횟수:0
16:06:52  마지막위험음성:0
16:06:52  RSSI원시:-70
16:06:52  RSSI평활:-65.4
16:06:52  RSSI샘플:3131
16:06:52  RSSI경과ms:105
16:06:52  위험송신:3131
16:06:53  위험:0
16:06:53  원시위험:0
16:06:53  GPS유효:0
16:06:53  위도:0.000000
16:06:53  경도:0.000000
16:06:53  속도:0.00
16:06:53  방향:0.0
16:06:53  가속도:-0.28,1.25,9.67
16:06:53  자이로:-1.0,1.6,0.0
16:06:53  충격값:0.21
16:06:53  송신:3985
16:06:53  지팡이수신:3141
16:06:53  GPS위성:0
16:06:53  GPS_HDOP:99.00
16:06:53  원시위도:0.000000
16:06:53  원시경도:0.000000
16:06:53  GPS채택:0
16:06:53  GPS이상치거부:0
16:06:53  GPS품질거부:0
16:06:53  GPS재기준:0
16:06:53  계산거리:-1.00
16:06:53  접근속도:0.00
16:06:53  TTC:999.00
16:06:53  방향오차:0.0
16:06:53  전방여부:0
16:06:53  위험음성횟수:0
16:06:53  충격음성횟수:0
16:06:53  마지막위험음성:0
16:06:53  RSSI원시:-65
16:06:53  RSSI평활:-65.6
16:06:53  RSSI샘플:3141
16:06:53  RSSI경과ms:53
16:06:53  위험송신:3141
16:06:55  위험:0
16:06:55  원시위험:0
16:06:55  GPS유효:0
16:06:55  위도:0.000000
16:06:55  경도:0.000000
16:06:55  속도:0.00
16:06:55  방향:0.0
16:06:55  가속도:-0.43,1.39,9.63
16:06:55  자이로:-0.0,4.1,-2.4
16:06:55  충격값:0.17
16:06:55  송신:4004
16:06:55  지팡이수신:3160
16:06:55  GPS위성:0
16:06:55  GPS_HDOP:99.00
16:06:55  원시위도:0.000000
16:06:55  원시경도:0.000000
16:06:55  GPS채택:0
16:06:55  GPS이상치거부:0
16:06:55  GPS품질거부:0
16:06:55  GPS재기준:0
16:06:55  계산거리:-1.00
16:06:55  접근속도:0.00
16:06:55  TTC:999.00
16:06:55  방향오차:0.0
16:06:55  전방여부:0
16:06:55  위험음성횟수:0
16:06:55  충격음성횟수:0
16:06:55  마지막위험음성:0
16:06:55  RSSI원시:-65
16:06:55  RSSI평활:-65.3
16:06:55  RSSI샘플:3160
16:06:55  RSSI경과ms:69
16:06:55  위험송신:3160
16:06:56  위험:0
16:06:56  원시위험:0
16:06:56  GPS유효:0
16:06:56  위도:0.000000
16:06:56  경도:0.000000
16:06:56  속도:0.00
16:06:56  방향:0.0
16:06:56  가속도:-0.47,1.18,9.57
16:06:56  자이로:1.4,0.3,-0.6
16:06:56  충격값:0.06
16:06:56  송신:4014
16:06:56  지팡이수신:3170
16:06:56  GPS위성:0
16:06:56  GPS_HDOP:99.00
16:06:56  원시위도:0.000000
16:06:56  원시경도:0.000000
16:06:56  GPS채택:0
16:06:56  GPS이상치거부:0
16:06:56  GPS품질거부:0
16:06:56  GPS재기준:0
16:06:56  계산거리:-1.00
16:06:56  접근속도:0.00
16:06:56  TTC:999.00
16:06:56  방향오차:0.0
16:06:56  전방여부:0
16:06:56  위험음성횟수:0
16:06:56  충격음성횟수:0
16:06:56  마지막위험음성:0
16:06:56  RSSI원시:-67
16:06:56  RSSI평활:-65.9
16:06:56  RSSI샘플:3170
16:06:56  RSSI경과ms:24
16:06:56  위험송신:3170
16:06:57  위험:0
16:06:57  원시위험:0
16:06:57  GPS유효:0
16:06:57  위도:0.000000
16:06:57  경도:0.000000
16:06:57  속도:0.00
16:06:57  방향:0.0
16:06:57  가속도:-0.34,1.24,9.58
16:06:57  자이로:-0.3,-1.2,-1.1
16:06:57  충격값:0.13
16:06:57  송신:4023
16:06:57  지팡이수신:3179
16:06:57  GPS위성:0
16:06:57  GPS_HDOP:99.00
16:06:57  원시위도:0.000000
16:06:57  원시경도:0.000000
16:06:57  GPS채택:0
16:06:57  GPS이상치거부:0
16:06:57  GPS품질거부:0
16:06:57  GPS재기준:0
16:06:57  계산거리:-1.00
16:06:57  접근속도:0.00
16:06:57  TTC:999.00
16:06:57  방향오차:0.0
16:06:57  전방여부:0
16:06:57  위험음성횟수:0
16:06:57  충격음성횟수:0
16:06:57  마지막위험음성:0
16:06:57  RSSI원시:-66
16:06:57  RSSI평활:-65.9
16:06:57  RSSI샘플:3179
16:06:57  RSSI경과ms:91
16:06:57  위험송신:3179
