16:27:34  시각ms:1256734
16:27:34  IMU시각ms:1256722
16:27:34  위험:0
16:27:34  GPS유효:1
16:27:34  위도:37.496284
16:27:34  경도:126.955185
16:27:34  속도:0.440
16:27:34  방향:0.0
16:27:34  GPS원시속도:0.360
16:27:34  GPS원시방향유효:1
16:27:34  GPS원시방향:323.4
16:27:34  가속도:7.633,5.430,-2.840
16:27:34  자이로:-1.748,-1.321,-0.702
16:27:34  자력계:-38.700,92.700,-28.200
16:27:34  IMU방향유효:0
16:27:34  IMU방향:332.1
16:27:34  방향가속도크기:9.79
16:27:34  방향자이로크기:2.30
16:27:34  방향자세cos:0.5519
16:27:34  자기모델잔차:14.35
16:27:34  자기모델반경:1.209
16:27:34  방향채택:71
16:27:34  방향거부:149997
16:27:34  송신:12121
16:27:34  GPS위성:7
16:27:34  GPS_HDOP:1.45
16:27:34  원시위도:37.496271
16:27:34  원시경도:126.955194
16:27:34  GPS채택:1790
16:27:34  GPS이상치거부:4
16:27:34  GPS품질거부:34
16:27:34  GPS재기준:0
16:27:34  RSSI원시:-78
16:27:34  RSSI평활:-77.8
16:27:34  RSSI샘플:20810
16:27:34  RSSI경과ms:72
16:27:34  차량수신:10343
16:27:34  시각ms:1256838
16:27:34  IMU시각ms:1256826
16:27:34  위험:0
16:27:34  GPS유효:1
16:27:34  위도:37.496284
16:27:34  경도:126.955185
16:27:34  속도:0.440
16:27:34  방향:0.0
16:27:34  GPS원시속도:0.360
16:27:34  GPS원시방향유효:1
16:27:34  GPS원시방향:323.4
16:27:34  가속도:7.738,5.377,-2.471
16:27:34  자이로:-1.382,-3.710,0.084
16:27:34  자력계:-40.650,95.100,-31.500
16:27:34  IMU방향유효:0
16:27:34  IMU방향:332.1
16:27:34  방향가속도크기:9.74
16:27:34  방향자이로크기:3.96
16:27:34  방향자세cos:0.5821
16:27:34  자기모델잔차:14.35
16:27:34  자기모델반경:1.209
16:27:34  방향채택:71
16:27:34  방향거부:150010
16:27:34  송신:12122
16:27:34  GPS위성:7
16:27:34  GPS_HDOP:1.45
16:27:34  원시위도:37.496271
16:27:34  원시경도:126.955194
16:27:34  GPS채택:1790
16:27:34  GPS이상치거부:4
16:27:34  GPS품질거부:34
16:27:34  GPS재기준:0
16:27:34  RSSI원시:-78
16:27:34  RSSI평활:-78.0
16:27:34  RSSI샘플:20813
16:27:34  RSSI경과ms:6
16:27:34  차량수신:10344
16:27:34  시각ms:1257044
16:27:34  IMU시각ms:1257032
16:27:34  위험:0
16:27:34  GPS유효:1
16:27:34  위도:37.496284
16:27:34  경도:126.955185
16:27:34  속도:0.440
16:27:34  방향:0.0
16:27:34  GPS원시속도:0.360
16:27:34  GPS원시방향유효:1
16:27:34  GPS원시방향:323.4
16:27:34  가속도:7.728,5.277,-2.648
16:27:34  자이로:3.267,0.901,1.794
16:27:34  자력계:-39.000,94.050,-27.750
16:27:34  IMU방향유효:0
16:27:34  IMU방향:332.1
16:27:34  방향가속도크기:9.73
16:27:34  방향자이로크기:3.83
16:27:34  방향자세cos:0.5657
16:27:34  자기모델잔차:14.35
16:27:34  자기모델반경:1.209
16:27:34  방향채택:71
16:27:34  방향거부:150035
16:27:34  송신:12124
16:27:34  GPS위성:7
16:27:34  GPS_HDOP:1.45
16:27:34  원시위도:37.496271
16:27:34  원시경도:126.955194
16:27:34  GPS채택:1790
16:27:34  GPS이상치거부:4
16:27:34  GPS품질거부:34
16:27:34  GPS재기준:0
16:27:34  RSSI원시:-77
16:27:34  RSSI평활:-77.8
16:27:34  RSSI샘플:20816
16:27:34  RSSI경과ms:65
16:27:34  차량수신:10346
16:27:34  시각ms:1257148
16:27:34  IMU시각ms:1257136
16:27:34  위험:0
16:27:34  GPS유효:1
16:27:34  위도:37.496284
16:27:34  경도:126.955185
16:27:34  속도:0.440
16:27:34  방향:0.0
16:27:34  GPS원시속도:0.360
16:27:34  GPS원시방향유효:1
16:27:34  GPS원시방향:323.4
16:27:34  가속도:7.609,5.464,-2.456
16:27:34  자이로:1.336,-3.626,1.954
16:27:34  자력계:-38.550,95.250,-29.250
16:27:34  IMU방향유효:0
16:27:34  IMU방향:332.1
16:27:34  방향가속도크기:9.68
16:27:34  방향자이로크기:4.33
16:27:34  방향자세cos:0.5833
16:27:34  자기모델잔차:14.35
16:27:34  자기모델반경:1.209
16:27:34  방향채택:71
16:27:34  방향거부:150048
16:27:34  송신:12125
16:27:34  GPS위성:7
16:27:34  GPS_HDOP:1.45
16:27:34  원시위도:37.496271
16:27:34  원시경도:126.955194
16:27:34  GPS채택:1790
16:27:34  GPS이상치거부:4
16:27:34  GPS품질거부:34
16:27:34  GPS재기준:0
16:27:34  RSSI원시:-87
16:27:34  RSSI평활:-79.8
16:27:34  RSSI샘플:20819
16:27:34  RSSI경과ms:0
16:27:34  차량수신:10347
16:27:34  시각ms:1257253
16:27:34  IMU시각ms:1257241
16:27:34  위험:0
16:27:34  GPS유효:1
16:27:34  위도:37.496273
16:27:34  경도:126.955193
16:27:34  속도:0.331
16:27:34  방향:0.0
16:27:34  GPS원시속도:0.129
16:27:34  GPS원시방향유효:1
16:27:34  GPS원시방향:323.4
16:27:34  가속도:7.599,5.205,-2.528
16:27:34  자이로:1.458,0.947,-0.206
16:27:34  자력계:-39.450,94.650,-28.950
16:27:34  IMU방향유효:0
16:27:34  IMU방향:332.1
16:27:34  방향가속도크기:9.55
16:27:34  방향자이로크기:1.75
16:27:34  방향자세cos:0.5722
16:27:34  자기모델잔차:14.35
16:27:34  자기모델반경:1.209
16:27:34  방향채택:71
16:27:34  방향거부:150061
16:27:34  송신:12126
16:27:34  GPS위성:7
16:27:34  GPS_HDOP:1.45
16:27:34  원시위도:37.496255
16:27:34  원시경도:126.955199
16:27:34  GPS채택:1791
16:27:34  GPS이상치거부:4
16:27:34  GPS품질거부:34
16:27:34  GPS재기준:0
16:27:34  RSSI원시:-80
16:27:34  RSSI평활:-79.9
16:27:34  RSSI샘플:20820
16:27:34  RSSI경과ms:65
16:27:34  차량수신:10348
16:27:35  시각ms:1257358
16:27:35  IMU시각ms:1257346
16:27:35  위험:0
16:27:35  GPS유효:1
16:27:35  위도:37.496273
16:27:35  경도:126.955193
16:27:35  속도:0.331
16:27:35  방향:0.0
16:27:35  GPS원시속도:0.129
16:27:35  GPS원시방향유효:1
16:27:35  GPS원시방향:323.4
16:27:35  가속도:7.666,5.401,-2.447
16:27:35  자이로:0.435,1.985,0.000
16:27:35  자력계:-39.300,93.300,-31.050
16:27:35  IMU방향유효:0
16:27:35  IMU방향:332.1
16:27:35  방향가속도크기:9.69
16:27:35  방향자이로크기:2.03
16:27:35  방향자세cos:0.5836
16:27:35  자기모델잔차:14.35
16:27:35  자기모델반경:1.209
16:27:35  방향채택:71
16:27:35  방향거부:150074
16:27:35  송신:12127
16:27:35  GPS위성:7
16:27:35  GPS_HDOP:1.45
16:27:35  원시위도:37.496255
16:27:35  원시경도:126.955199
16:27:35  GPS채택:1791
16:27:35  GPS이상치거부:4
16:27:35  GPS품질거부:34
16:27:35  GPS재기준:0
16:27:35  RSSI원시:-79
16:27:35  RSSI평활:-79.7
16:27:35  RSSI샘플:20821
16:27:35  RSSI경과ms:63
16:27:35  차량수신:10349
16:27:35  시각ms:1257463
16:27:35  IMU시각ms:1257451
16:27:35  위험:0
16:27:35  GPS유효:1
16:27:35  위도:37.496273
16:27:35  경도:126.955193
16:27:35  속도:0.331
16:27:35  방향:0.0
16:27:35  GPS원시속도:0.129
16:27:35  GPS원시방향유효:1
16:27:35  GPS원시방향:323.4
16:27:35  가속도:7.781,5.104,-2.878
16:27:35  자이로:-4.595,-5.267,1.817
16:27:35  자력계:-39.750,94.500,-28.800
16:27:35  IMU방향유효:0
16:27:35  IMU방향:332.1
16:27:35  방향가속도크기:9.74
16:27:35  방향자이로크기:7.22
16:27:35  방향자세cos:0.5440
16:27:35  자기모델잔차:14.35
16:27:35  자기모델반경:1.209
16:27:35  방향채택:71
16:27:35  방향거부:150087
16:27:35  송신:12128
16:27:35  GPS위성:7
16:27:35  GPS_HDOP:1.45
16:27:35  원시위도:37.496255
16:27:35  원시경도:126.955199
16:27:35  GPS채택:1791
16:27:35  GPS이상치거부:4
16:27:35  GPS품질거부:34
16:27:35  GPS재기준:0
16:27:35  RSSI원시:-78
16:27:35  RSSI평활:-79.2
16:27:35  RSSI샘플:20823
16:27:35  RSSI경과ms:69
16:27:35  차량수신:10350
16:27:35  시각ms:1257568
16:27:35  IMU시각ms:1257556
16:27:35  위험:0
16:27:35  GPS유효:1
16:27:35  위도:37.496273
16:27:35  경도:126.955193
16:27:35  속도:0.331
16:27:35  방향:0.0
16:27:35  GPS원시속도:0.129
16:27:35  GPS원시방향유효:1
16:27:35  GPS원시방향:323.4
16:27:35  가속도:7.748,5.013,-2.500
16:27:35  자이로:3.832,-0.763,2.061
16:27:35  자력계:-40.200,93.900,-28.200
16:27:35  IMU방향유효:0
16:27:35  IMU방향:332.1
16:27:35  방향가속도크기:9.56
16:27:35  방향자이로크기:4.42
16:27:35  방향자세cos:0.5724
16:27:35  자기모델잔차:14.35
16:27:35  자기모델반경:1.209
16:27:35  방향채택:71
16:27:35  방향거부:150100
16:27:35  송신:12129
16:27:35  GPS위성:7
16:27:35  GPS_HDOP:1.45
16:27:35  원시위도:37.496255
16:27:35  원시경도:126.955199
16:27:35  GPS채택:1791
16:27:35  GPS이상치거부:4
16:27:35  GPS품질거부:34
16:27:35  GPS재기준:0
16:27:35  RSSI원시:-76
16:27:35  RSSI평활:-78.2
16:27:35  RSSI샘플:20825
16:27:35  RSSI경과ms:68
16:27:35  차량수신:10351
16:27:35  시각ms:1257673
16:27:35  IMU시각ms:1257661
16:27:35  위험:0
16:27:35  GPS유효:1
16:27:35  위도:37.496273
16:27:35  경도:126.955193
16:27:35  속도:0.331
16:27:35  방향:0.0
16:27:35  GPS원시속도:0.129
16:27:35  GPS원시방향유효:1
16:27:35  GPS원시방향:323.4
16:27:35  가속도:7.700,5.181,-2.768
16:27:35  자이로:-4.092,-2.603,0.290
16:27:35  자력계:-39.450,93.900,-30.450
16:27:35  IMU방향유효:0
16:27:35  IMU방향:332.1
16:27:35  방향가속도크기:9.68
16:27:35  방향자이로크기:4.86
16:27:35  방향자세cos:0.5535
16:27:35  자기모델잔차:14.35
16:27:35  자기모델반경:1.209
16:27:35  방향채택:71
16:27:35  방향거부:150113
16:27:35  송신:12130
16:27:35  GPS위성:7
16:27:35  GPS_HDOP:1.45
16:27:35  원시위도:37.496255
16:27:35  원시경도:126.955199
16:27:35  GPS채택:1791
16:27:35  GPS이상치거부:4
16:27:35  GPS품질거부:34
16:27:35  GPS재기준:0
16:27:35  RSSI원시:-74
16:27:35  RSSI평활:-76.7
16:27:35  RSSI샘플:20827
16:27:35  RSSI경과ms:69
16:27:35  차량수신:10352
16:27:35  시각ms:1257777
16:27:35  IMU시각ms:1257765
16:27:35  위험:0
16:27:35  GPS유효:1
16:27:35  위도:37.496273
16:27:35  경도:126.955193
16:27:35  속도:0.331
16:27:35  방향:0.0
16:27:35  GPS원시속도:0.129
16:27:35  GPS원시방향유효:1
16:27:35  GPS원시방향:323.4
16:27:35  가속도:7.709,5.219,-2.729
16:27:35  자이로:-3.511,-0.855,-0.580
16:27:35  자력계:-39.300,95.700,-29.550
16:27:35  IMU방향유효:0
16:27:35  IMU방향:332.1
16:27:35  방향가속도크기:9.70
16:27:35  방향자이로크기:3.66
16:27:35  방향자세cos:0.5576
16:27:35  자기모델잔차:14.35
16:27:35  자기모델반경:1.209
16:27:35  방향채택:71
16:27:35  방향거부:150126
16:27:35  송신:12131
16:27:35  GPS위성:7
16:27:35  GPS_HDOP:1.45
16:27:35  원시위도:37.496255
16:27:35  원시경도:126.955199
16:27:35  GPS채택:1791
16:27:35  GPS이상치거부:4
16:27:35  GPS품질거부:34
16:27:35  GPS재기준:0
16:27:35  RSSI원시:-74
16:27:35  RSSI평활:-76.2
16:27:35  RSSI샘플:20828
16:27:35  RSSI경과ms:99
16:27:35  차량수신:10352
16:27:35  시각ms:1257881
16:27:35  IMU시각ms:1257869
16:27:35  위험:0
16:27:35  GPS유효:1
16:27:35  위도:37.496273
16:27:35  경도:126.955193
16:27:35  속도:0.331
16:27:35  방향:0.0
16:27:35  GPS원시속도:0.129
16:27:35  GPS원시방향유효:1
16:27:35  GPS원시방향:323.4
16:27:35  가속도:7.661,5.325,-2.648
16:27:35  자이로:-1.435,1.985,-0.824
16:27:35  자력계:-38.400,95.400,-30.450
16:27:35  IMU방향유효:0
16:27:35  IMU방향:332.1
16:27:35  방향가속도크기:9.70
16:27:35  방향자이로크기:2.58
16:27:35  방향자세cos:0.5657
16:27:35  자기모델잔차:14.35
16:27:35  자기모델반경:1.209
16:27:35  방향채택:71
16:27:35  방향거부:150139
16:27:35  송신:12132
16:27:35  GPS위성:7
16:27:35  GPS_HDOP:1.45
16:27:35  원시위도:37.496255
16:27:35  원시경도:126.955199
16:27:35  GPS채택:1791
16:27:35  GPS이상치거부:4
16:27:35  GPS품질거부:34
16:27:35  GPS재기준:0
16:27:35  RSSI원시:-73
16:27:35  RSSI평활:-74.7
16:27:35  RSSI샘플:20830
16:27:35  RSSI경과ms:66
16:27:35  차량수신:10353
16:27:35  시각ms:1257985
16:27:35  IMU시각ms:1257973
16:27:35  위험:0
16:27:35  GPS유효:1
16:27:35  위도:37.496273
16:27:35  경도:126.955193
16:27:35  속도:0.331
16:27:35  방향:0.0
16:27:35  GPS원시속도:0.129
16:27:35  GPS원시방향유효:1
16:27:35  GPS원시방향:323.4
16:27:35  가속도:7.566,5.315,-2.514
16:27:35  자이로:-0.855,-2.191,1.466
16:27:35  자력계:-39.750,94.800,-28.050
16:27:35  IMU방향유효:0
16:27:35  IMU방향:332.1
16:27:35  방향가속도크기:9.58
16:27:35  방향자이로크기:2.77
16:27:35  방향자세cos:0.5752
16:27:35  자기모델잔차:14.35
16:27:35  자기모델반경:1.209
16:27:35  방향채택:71
16:27:35  방향거부:150152
16:27:35  송신:12133
16:27:35  GPS위성:7
16:27:35  GPS_HDOP:1.45
16:27:35  원시위도:37.496255
16:27:35  원시경도:126.955199
16:27:35  GPS채택:1791
16:27:35  GPS이상치거부:4
16:27:35  GPS품질거부:34
16:27:35  GPS재기준:0
16:27:35  RSSI원시:-73
16:27:35  RSSI평활:-74.1
16:27:35  RSSI샘플:20832
16:27:35  RSSI경과ms:64
16:27:35  차량수신:10354
16:27:35  시각ms:1258193
16:27:35  IMU시각ms:1258181
16:27:35  위험:0
16:27:35  GPS유효:1
16:27:35  위도:37.496273
16:27:35  경도:126.955193
16:27:35  속도:0.331
16:27:35  방향:0.0
16:27:35  GPS원시속도:0.129
16:27:35  GPS원시방향유효:1
16:27:35  GPS원시방향:323.4
16:27:35  가속도:7.647,5.382,-2.500
16:27:35  자이로:2.756,1.183,-1.557
16:27:35  자력계:-40.650,95.100,-28.650
16:27:35  IMU방향유효:0
16:27:35  IMU방향:332.1
16:27:35  방향가속도크기:9.68
16:27:35  방향자이로크기:3.38
16:27:35  방향자세cos:0.5787
16:27:35  자기모델잔차:14.35
16:27:35  자기모델반경:1.209
16:27:35  방향채택:71
16:27:35  방향거부:150178
16:27:35  송신:12135
16:27:35  GPS위성:7
16:27:35  GPS_HDOP:1.45
16:27:35  원시위도:37.496255
16:27:35  원시경도:126.955199
16:27:35  GPS채택:1791
16:27:35  GPS이상치거부:4
16:27:35  GPS품질거부:34
16:27:35  GPS재기준:0
16:27:35  RSSI원시:-76
16:27:35  RSSI평활:-74.9
16:27:35  RSSI샘플:20836
16:27:35  RSSI경과ms:63
16:27:35  차량수신:10356
16:27:35  시각ms:1258298
16:27:35  IMU시각ms:1258286
16:27:35  위험:0
16:27:35  GPS유효:1
16:27:35  위도:37.496258
16:27:35  경도:126.955193
16:27:35  속도:0.231
16:27:35  방향:0.0
16:27:35  GPS원시속도:0.046
16:27:35  GPS원시방향유효:1
16:27:35  GPS원시방향:323.4
16:27:35  가속도:7.781,5.248,-2.863
16:27:35  자이로:-3.855,-5.931,0.267
16:27:35  자력계:-40.500,93.750,-30.300
16:27:35  IMU방향유효:0
16:27:35  IMU방향:332.1
16:27:35  방향가속도크기:9.81
16:27:35  방향자이로크기:7.08
16:27:35  방향자세cos:0.5484
16:27:35  자기모델잔차:14.35
16:27:35  자기모델반경:1.209
16:27:35  방향채택:71
16:27:35  방향거부:150191
16:27:35  송신:12136
16:27:35  GPS위성:7
16:27:35  GPS_HDOP:1.45
16:27:35  원시위도:37.496240
16:27:35  원시경도:126.955203
16:27:35  GPS채택:1792
16:27:35  GPS이상치거부:4
16:27:35  GPS품질거부:34
16:27:35  GPS재기준:0
16:27:35  RSSI원시:-80
16:27:35  RSSI평활:-76.4
16:27:35  RSSI샘플:20838
16:27:35  RSSI경과ms:59
16:27:35  차량수신:10357
16:27:35  시각ms:1258403
16:27:35  IMU시각ms:1258391
16:27:35  위험:0
16:27:35  GPS유효:1
16:27:35  위도:37.496258
16:27:35  경도:126.955193
16:27:35  속도:0.231
16:27:35  방향:0.0
16:27:35  GPS원시속도:0.046
16:27:35  GPS원시방향유효:1
16:27:35  GPS원시방향:323.4
16:27:35  가속도:7.647,5.373,-2.294
16:27:35  자이로:1.099,3.595,-0.275
16:27:35  자력계:-38.550,94.500,-28.050
16:27:35  IMU방향유효:0
16:27:35  IMU방향:332.1
16:27:35  방향가속도크기:9.62
16:27:35  방향자이로크기:3.77
16:27:35  방향자세cos:0.5952
16:27:35  자기모델잔차:14.35
16:27:35  자기모델반경:1.209
16:27:35  방향채택:71
16:27:35  방향거부:150204
16:27:35  송신:12137
16:27:35  GPS위성:7
16:27:35  GPS_HDOP:1.45
16:27:35  원시위도:37.496240
16:27:35  원시경도:126.955203
16:27:35  GPS채택:1792
16:27:35  GPS이상치거부:4
16:27:35  GPS품질거부:34
16:27:35  GPS재기준:0
16:27:35  RSSI원시:-80
16:27:35  RSSI평활:-77.5
16:27:35  RSSI샘플:20840
16:27:35  RSSI경과ms:61
16:27:35  차량수신:10358
16:27:36  시각ms:1258508
16:27:36  IMU시각ms:1258496
16:27:36  위험:0
16:27:36  GPS유효:1
16:27:36  위도:37.496258
16:27:36  경도:126.955193
16:27:36  속도:0.231
16:27:36  방향:0.0
16:27:36  GPS원시속도:0.046
16:27:36  GPS원시방향유효:1
16:27:36  GPS원시방향:323.4
16:27:36  가속도:7.628,5.191,-2.883
16:27:36  자이로:-0.061,0.252,1.153
16:27:36  자력계:-39.000,94.800,-29.550
16:27:36  IMU방향유효:0
16:27:36  IMU방향:332.1
16:27:36  방향가속도크기:9.67
16:27:36  방향자이로크기:1.18
16:27:36  방향자세cos:0.5432
16:27:36  자기모델잔차:14.35
16:27:36  자기모델반경:1.209
16:27:36  방향채택:71
16:27:36  방향거부:150217
16:27:36  송신:12138
16:27:36  GPS위성:7
16:27:36  GPS_HDOP:1.45
16:27:36  원시위도:37.496240
16:27:36  원시경도:126.955203
16:27:36  GPS채택:1792
16:27:36  GPS이상치거부:4
16:27:36  GPS품질거부:34
16:27:36  GPS재기준:0
16:27:36  RSSI원시:-77
16:27:36  RSSI평활:-77.5
16:27:36  RSSI샘플:20842
16:27:36  RSSI경과ms:7
16:27:36  차량수신:10359
16:27:36  시각ms:1258611
16:27:36  IMU시각ms:1258599
16:27:36  위험:0
16:27:36  GPS유효:1
16:27:36  위도:37.496258
16:27:36  경도:126.955193
16:27:36  속도:0.231
16:27:36  방향:0.0
16:27:36  GPS원시속도:0.046
16:27:36  GPS원시방향유효:1
16:27:36  GPS원시방향:323.4
16:27:36  가속도:7.896,5.191,-2.782
16:27:36  자이로:-7.092,-5.641,0.023
16:27:36  자력계:-38.400,95.100,-27.900
16:27:36  IMU방향유효:0
16:27:36  IMU방향:332.1
16:27:36  방향가속도크기:9.85
16:27:36  방향자이로크기:9.06
16:27:36  방향자세cos:0.5553
16:27:36  자기모델잔차:14.35
16:27:36  자기모델반경:1.209
16:27:36  방향채택:71
16:27:36  방향거부:150229
16:27:36  송신:12139
16:27:36  GPS위성:7
16:27:36  GPS_HDOP:1.45
16:27:36  원시위도:37.496240
16:27:36  원시경도:126.955203
16:27:36  GPS채택:1792
16:27:36  GPS이상치거부:4
16:27:36  GPS품질거부:34
16:27:36  GPS재기준:0
16:27:36  RSSI원시:-77
16:27:36  RSSI평활:-77.2
16:27:36  RSSI샘플:20844
16:27:36  RSSI경과ms:5
16:27:36  차량수신:10360
16:27:36  시각ms:1258714
16:27:36  IMU시각ms:1258702
16:27:36  위험:0
16:27:36  GPS유효:1
16:27:36  위도:37.496258
16:27:36  경도:126.955193
16:27:36  속도:0.231
16:27:36  방향:0.0
16:27:36  GPS원시속도:0.046
16:27:36  GPS원시방향유효:1
16:27:36  GPS원시방향:323.4
16:27:36  가속도:7.681,5.382,-2.447
16:27:36  자이로:-0.290,2.916,0.069
16:27:36  자력계:-40.500,95.250,-27.300
16:27:36  IMU방향유효:0
16:27:36  IMU방향:332.1
16:27:36  방향가속도크기:9.69
16:27:36  방향자이로크기:2.93
16:27:36  방향자세cos:0.5834
16:27:36  자기모델잔차:14.35
16:27:36  자기모델반경:1.209
16:27:36  방향채택:71
16:27:36  방향거부:150241
16:27:36  송신:12140
16:27:36  GPS위성:7
16:27:36  GPS_HDOP:1.45
16:27:36  원시위도:37.496240
16:27:36  원시경도:126.955203
16:27:36  GPS채택:1792
16:27:36  GPS이상치거부:4
16:27:36  GPS품질거부:34
16:27:36  GPS재기준:0
16:27:36  RSSI원시:-76
16:27:36  RSSI평활:-76.9
16:27:36  RSSI샘플:20845
16:27:36  RSSI경과ms:4
16:27:36  차량수신:10360
16:27:36  시각ms:1258816
16:27:36  IMU시각ms:1258804
16:27:36  위험:0
16:27:36  GPS유효:1
16:27:36  위도:37.496258
16:27:36  경도:126.955193
16:27:36  속도:0.231
16:27:36  방향:0.0
16:27:36  GPS원시속도:0.046
16:27:36  GPS원시방향유효:1
16:27:36  GPS원시방향:323.4
16:27:36  가속도:7.681,5.195,-3.122
16:27:36  자이로:-7.481,-6.351,-1.855
16:27:36  자력계:-39.000,93.750,-26.550
16:27:36  IMU방향유효:0
16:27:36  IMU방향:332.1
16:27:36  방향가속도크기:9.78
16:27:36  방향자이로크기:9.99
16:27:36  방향자세cos:0.5245
16:27:36  자기모델잔차:14.35
16:27:36  자기모델반경:1.209
16:27:36  방향채택:71
16:27:36  방향거부:150253
16:27:36  송신:12141
16:27:36  GPS위성:7
16:27:36  GPS_HDOP:1.45
16:27:36  원시위도:37.496240
16:27:36  원시경도:126.955203
16:27:36  GPS채택:1792
16:27:36  GPS이상치거부:4
16:27:36  GPS품질거부:34
16:27:36  GPS재기준:0
16:27:36  RSSI원시:-76
16:27:36  RSSI평활:-76.7
16:27:36  RSSI샘플:20846
16:27:36  RSSI경과ms:58
16:27:36  차량수신:10361
16:27:36  시각ms:1258920
16:27:36  IMU시각ms:1258908
16:27:36  위험:0
16:27:36  GPS유효:1
16:27:36  위도:37.496258
16:27:36  경도:126.955193
16:27:36  속도:0.231
16:27:36  방향:0.0
16:27:36  GPS원시속도:0.046
16:27:36  GPS원시방향유효:1
16:27:36  GPS원시방향:323.4
16:27:36  가속도:7.475,5.368,-2.140
16:27:36  자이로:5.260,0.763,-0.282
16:27:36  자력계:-39.750,96.000,-29.550
16:27:36  IMU방향유효:0
16:27:36  IMU방향:332.1
16:27:36  방향가속도크기:9.45
16:27:36  방향자이로크기:5.32
16:27:36  방향자세cos:0.6057
16:27:36  자기모델잔차:14.35
16:27:36  자기모델반경:1.209
16:27:36  방향채택:71
16:27:36  방향거부:150266
16:27:36  송신:12142
16:27:36  GPS위성:7
16:27:36  GPS_HDOP:1.45
16:27:36  원시위도:37.496240
16:27:36  원시경도:126.955203
16:27:36  GPS채택:1792
16:27:36  GPS이상치거부:4
16:27:36  GPS품질거부:34
16:27:36  GPS재기준:0
16:27:36  RSSI원시:-74
16:27:36  RSSI평활:-76.0
16:27:36  RSSI샘플:20849
16:27:36  RSSI경과ms:6
16:27:36  차량수신:10362
16:27:36  시각ms:1259022
16:27:36  IMU시각ms:1259010
16:27:36  위험:0
16:27:36  GPS유효:1
16:27:36  위도:37.496258
16:27:36  경도:126.955193
16:27:36  속도:0.231
16:27:36  방향:0.0
16:27:36  GPS원시속도:0.046
16:27:36  GPS원시방향유효:1
16:27:36  GPS원시방향:323.4
16:27:36  가속도:7.863,5.253,-2.634
16:27:36  자이로:-5.634,-3.603,1.015
16:27:36  자력계:-40.500,95.250,-28.050
16:27:36  IMU방향유효:0
16:27:36  IMU방향:332.1
16:27:36  방향가속도크기:9.82
16:27:36  방향자이로크기:6.76
16:27:36  방향자세cos:0.5681
16:27:36  자기모델잔차:14.35
16:27:36  자기모델반경:1.209
16:27:36  방향채택:71
16:27:36  방향거부:150278
16:27:36  송신:12143
16:27:36  GPS위성:7
16:27:36  GPS_HDOP:1.45
16:27:36  원시위도:37.496240
16:27:36  원시경도:126.955203
16:27:36  GPS채택:1792
16:27:36  GPS이상치거부:4
16:27:36  GPS품질거부:34
16:27:36  GPS재기준:0
16:27:36  RSSI원시:-75
16:27:36  RSSI평활:-75.6
16:27:36  RSSI샘플:20851
16:27:36  RSSI경과ms:2
16:27:36  차량수신:10363
16:27:37  시각ms:1259329
16:27:37  IMU시각ms:1259317
16:27:37  위험:0
16:27:37  GPS유효:1
16:27:37  위도:37.496246
16:27:37  경도:126.955200
16:27:37  속도:0.154
16:27:37  방향:0.0
16:27:37  GPS원시속도:0.010
16:27:37  GPS원시방향유효:1
16:27:37  GPS원시방향:323.4
16:27:37  가속도:7.642,5.387,-2.658
16:27:37  자이로:-1.710,-0.977,-1.840
16:27:37  자력계:-37.650,95.100,-27.600
16:27:37  IMU방향유효:0
16:27:37  IMU방향:332.1
16:27:37  방향가속도크기:9.72
16:27:37  방향자이로크기:2.70
16:27:37  방향자세cos:0.5660
16:27:37  자기모델잔차:14.35
16:27:37  자기모델반경:1.209
16:27:37  방향채택:71
16:27:37  방향거부:150314
16:27:37  송신:12146
16:27:37  GPS위성:7
16:27:37  GPS_HDOP:1.45
16:27:37  원시위도:37.496227
16:27:37  원시경도:126.955209
16:27:37  GPS채택:1793
16:27:37  GPS이상치거부:4
16:27:37  GPS품질거부:34
16:27:37  GPS재기준:0
16:27:37  RSSI원시:-80
16:27:37  RSSI평활:-76.8
16:27:37  RSSI샘플:20856
16:27:37  RSSI경과ms:8
16:27:37  차량수신:10365
16:27:37  시각ms:1259432
16:27:37  IMU시각ms:1259420
16:27:37  위험:0
16:27:37  GPS유효:1
16:27:37  위도:37.496246
16:27:37  경도:126.955200
16:27:37  속도:0.154
16:27:37  방향:0.0
16:27:37  GPS원시속도:0.010
16:27:37  GPS원시방향유효:1
16:27:37  GPS원시방향:323.4
16:27:37  가속도:7.896,5.109,-2.404
16:27:37  자이로:-6.595,-6.931,-0.450
16:27:37  자력계:-39.150,95.400,-30.450
16:27:37  IMU방향유효:0
16:27:37  IMU방향:332.1
16:27:37  방향가속도크기:9.71
16:27:37  방향자이로크기:9.58
16:27:37  방향자세cos:0.5840
16:27:37  자기모델잔차:14.35
16:27:37  자기모델반경:1.209
16:27:37  방향채택:71
16:27:37  방향거부:150326
16:27:37  송신:12147
16:27:37  GPS위성:7
16:27:37  GPS_HDOP:1.45
16:27:37  원시위도:37.496227
16:27:37  원시경도:126.955209
16:27:37  GPS채택:1793
16:27:37  GPS이상치거부:4
16:27:37  GPS품질거부:34
16:27:37  GPS재기준:0
16:27:37  RSSI원시:-80
16:27:37  RSSI평활:-78.1
16:27:37  RSSI샘플:20858
16:27:37  RSSI경과ms:5
16:27:37  차량수신:10366
16:27:37  시각ms:1259535
16:27:37  IMU시각ms:1259523
16:27:37  위험:0
16:27:37  GPS유효:1
16:27:37  위도:37.496246
16:27:37  경도:126.955200
16:27:37  속도:0.154
16:27:37  방향:0.0
16:27:37  GPS원시속도:0.010
16:27:37  GPS원시방향유효:1
16:27:37  GPS원시방향:323.4
16:27:37  가속도:7.551,5.406,-2.327
16:27:37  자이로:9.427,7.313,-1.733
16:27:37  자력계:-39.150,94.350,-28.200
16:27:37  IMU방향유효:0
16:27:37  IMU방향:332.1
16:27:37  방향가속도크기:9.57
16:27:37  방향자이로크기:12.06
16:27:37  방향자세cos:0.5920
16:27:37  자기모델잔차:14.35
16:27:37  자기모델반경:1.209
16:27:37  방향채택:71
16:27:37  방향거부:150338
16:27:37  송신:12148
16:27:37  GPS위성:7
16:27:37  GPS_HDOP:1.45
16:27:37  원시위도:37.496227
16:27:37  원시경도:126.955209
16:27:37  GPS채택:1793
16:27:37  GPS이상치거부:4
16:27:37  GPS품질거부:34
16:27:37  GPS재기준:0
16:27:37  RSSI원시:-80
16:27:37  RSSI평활:-78.5
16:27:37  RSSI샘플:20859
16:27:37  RSSI경과ms:3
16:27:37  차량수신:10366
16:27:37  시각ms:1259638
16:27:37  IMU시각ms:1259626
16:27:37  위험:0
16:27:37  GPS유효:1
16:27:37  위도:37.496246
16:27:37  경도:126.955200
16:27:37  속도:0.154
16:27:37  방향:0.0
16:27:37  GPS원시속도:0.010
16:27:37  GPS원시방향유효:1
16:27:37  GPS원시방향:323.4
16:27:37  가속도:7.700,5.468,-2.509
16:27:37  자이로:-3.229,-0.313,2.313
16:27:37  자력계:-37.800,94.500,-28.800
16:27:37  IMU방향유효:0
16:27:37  IMU방향:332.1
16:27:37  방향가속도크기:9.77
16:27:37  방향자이로크기:3.98
16:27:37  방향자세cos:0.5803
16:27:37  자기모델잔차:14.35
16:27:37  자기모델반경:1.209
16:27:37  방향채택:71
16:27:37  방향거부:150350
16:27:37  송신:12149
16:27:37  GPS위성:7
16:27:37  GPS_HDOP:1.45
16:27:37  원시위도:37.496227
16:27:37  원시경도:126.955209
16:27:37  GPS채택:1793
16:27:37  GPS이상치거부:4
16:27:37  GPS품질거부:34
16:27:37  GPS재기준:0
16:27:37  RSSI원시:-81
16:27:37  RSSI평활:-79.0
16:27:37  RSSI샘플:20860
16:27:37  RSSI경과ms:45
16:27:37  차량수신:10367
16:27:37  시각ms:1259845
16:27:37  IMU시각ms:1259833
16:27:37  위험:0
16:27:37  GPS유효:1
16:27:37  위도:37.496246
16:27:37  경도:126.955200
16:27:37  속도:0.154
16:27:37  방향:0.0
16:27:37  GPS원시속도:0.010
16:27:37  GPS원시방향유효:1
16:27:37  GPS원시방향:323.4
16:27:37  가속도:7.547,5.325,-2.543
16:27:37  자이로:5.573,0.947,-0.748
16:27:37  자력계:-39.150,94.350,-27.900
16:27:37  IMU방향유효:0
16:27:37  IMU방향:332.1
16:27:37  방향가속도크기:9.58
16:27:37  방향자이로크기:5.70
16:27:37  방향자세cos:0.5728
16:27:37  자기모델잔차:14.35
16:27:37  자기모델반경:1.209
16:27:37  방향채택:71
16:27:37  방향거부:150375
16:27:37  송신:12151
16:27:37  GPS위성:7
16:27:37  GPS_HDOP:1.45
16:27:37  원시위도:37.496227
16:27:37  원시경도:126.955209
16:27:37  GPS채택:1793
16:27:37  GPS이상치거부:4
16:27:37  GPS품질거부:34
16:27:37  GPS재기준:0
16:27:37  RSSI원시:-76
16:27:37  RSSI평활:-77.9
16:27:37  RSSI샘플:20863
16:27:37  RSSI경과ms:3
16:27:37  차량수신:10368
16:27:37  시각ms:1259947
16:27:37  IMU시각ms:1259935
16:27:37  위험:0
16:27:37  GPS유효:1
16:27:37  위도:37.496246
16:27:37  경도:126.955200
16:27:37  속도:0.154
16:27:37  방향:0.0
16:27:37  GPS원시속도:0.010
16:27:37  GPS원시방향유효:1
16:27:37  GPS원시방향:323.4
16:27:37  가속도:7.786,5.205,-2.820
16:27:37  자이로:-5.046,-0.053,0.290
16:27:37  자력계:-38.400,93.150,-28.650
16:27:37  IMU방향유효:0
16:27:37  IMU방향:332.1
16:27:37  방향가속도크기:9.78
16:27:37  방향자이로크기:5.05
16:27:37  방향자세cos:0.5510
16:27:37  자기모델잔차:14.35
16:27:37  자기모델반경:1.209
16:27:37  방향채택:71
16:27:37  방향거부:150387
16:27:37  송신:12152
16:27:37  GPS위성:7
16:27:37  GPS_HDOP:1.45
16:27:37  원시위도:37.496227
16:27:37  원시경도:126.955209
16:27:37  GPS채택:1793
16:27:37  GPS이상치거부:4
16:27:37  GPS품질거부:34
16:27:37  GPS재기준:0
16:27:37  RSSI원시:-75
16:27:37  RSSI평활:-77.2
16:27:37  RSSI샘플:20865
16:27:37  RSSI경과ms:7
16:27:37  차량수신:10369
16:27:37  시각ms:1260049
16:27:37  IMU시각ms:1260037
16:27:37  위험:0
16:27:37  GPS유효:1
16:27:37  위도:37.496246
16:27:37  경도:126.955200
16:27:37  속도:0.154
16:27:37  방향:0.0
16:27:37  GPS원시속도:0.010
16:27:37  GPS원시방향유효:1
16:27:37  GPS원시방향:323.4
16:27:37  가속도:7.661,5.373,-2.686
16:27:37  자이로:2.107,3.489,-2.290
16:27:37  자력계:-39.750,94.500,-27.750
16:27:37  IMU방향유효:0
16:27:37  IMU방향:332.1
16:27:37  방향가속도크기:9.74
16:27:37  방향자이로크기:4.67
16:27:37  방향자세cos:0.5636
16:27:37  자기모델잔차:14.35
16:27:37  자기모델반경:1.209
16:27:37  방향채택:71
16:27:37  방향거부:150399
16:27:37  송신:12153
16:27:37  GPS위성:7
16:27:37  GPS_HDOP:1.45
16:27:37  원시위도:37.496227
16:27:37  원시경도:126.955209
16:27:37  GPS채택:1793
16:27:37  GPS이상치거부:4
16:27:37  GPS품질거부:34
16:27:37  GPS재기준:0
16:27:37  RSSI원시:-78
16:27:37  RSSI평활:-77.3
16:27:37  RSSI샘플:20867
16:27:37  RSSI경과ms:3
16:27:37  차량수신:10370
16:27:37  시각ms:1260151
16:27:37  IMU시각ms:1260139
16:27:37  위험:0
16:27:37  GPS유효:1
16:27:37  위도:37.496246
16:27:37  경도:126.955200
16:27:37  속도:0.154
16:27:37  방향:0.0
16:27:37  GPS원시속도:0.010
16:27:37  GPS원시방향유효:1
16:27:37  GPS원시방향:323.4
16:27:37  가속도:7.599,5.349,-2.701
16:27:37  자이로:-2.031,-1.947,-0.489
16:27:37  자력계:-39.000,93.300,-28.800
16:27:37  IMU방향유효:0
16:27:37  IMU방향:332.1
16:27:37  방향가속도크기:9.68
16:27:37  방향자이로크기:2.85
16:27:37  방향자세cos:0.5611
16:27:37  자기모델잔차:14.35
16:27:37  자기모델반경:1.209
16:27:37  방향채택:71
16:27:37  방향거부:150411
16:27:37  송신:12154
16:27:37  GPS위성:7
16:27:37  GPS_HDOP:1.45
16:27:37  원시위도:37.496227
16:27:37  원시경도:126.955209
16:27:37  GPS채택:1793
16:27:37  GPS이상치거부:4
16:27:37  GPS품질거부:34
16:27:37  GPS재기준:0
16:27:37  RSSI원시:-79
16:27:37  RSSI평활:-77.7
16:27:37  RSSI샘플:20868
16:27:37  RSSI경과ms:32
16:27:37  차량수신:10371
16:27:37  시각ms:1260256
16:27:37  IMU시각ms:1260244
16:27:37  위험:0
16:27:37  GPS유효:1
16:27:37  위도:37.496231
16:27:37  경도:126.955208
16:27:37  속도:0.118
16:27:37  방향:0.0
16:27:37  GPS원시속도:0.051
16:27:37  GPS원시방향유효:1
16:27:37  GPS원시방향:323.4
16:27:37  가속도:7.724,5.344,-2.504
16:27:37  자이로:-3.092,-6.771,0.290
16:27:37  자력계:-39.750,96.000,-28.050
16:27:37  IMU방향유효:0
16:27:37  IMU방향:332.1
16:27:37  방향가속도크기:9.72
16:27:37  방향자이로크기:7.45
16:27:37  방향자세cos:0.5786
16:27:37  자기모델잔차:14.35
16:27:37  자기모델반경:1.209
16:27:37  방향채택:71
16:27:37  방향거부:150424
16:27:37  송신:12155
16:27:37  GPS위성:7
16:27:37  GPS_HDOP:1.07
16:27:37  원시위도:37.496212
16:27:37  원시경도:126.955209
16:27:37  GPS채택:1794
16:27:37  GPS이상치거부:4
16:27:37  GPS품질거부:34
16:27:37  GPS재기준:0
16:27:37  RSSI원시:-79
16:27:37  RSSI평활:-77.7
16:27:37  RSSI샘플:20868
16:27:37  RSSI경과ms:137
16:27:37  차량수신:10371
16:27:37  시각ms:1260361
16:27:37  IMU시각ms:1260349
16:27:37  위험:0
16:27:37  GPS유효:1
16:27:37  위도:37.496231
16:27:37  경도:126.955208
16:27:37  속도:0.118
16:27:37  방향:0.0
16:27:37  GPS원시속도:0.051
16:27:37  GPS원시방향유효:1
16:27:37  GPS원시방향:323.4
16:27:37  가속도:7.642,5.186,-2.610
16:27:37  자이로:1.718,-1.985,3.107
16:27:37  자력계:-39.900,94.350,-30.450
16:27:37  IMU방향유효:0
16:27:37  IMU방향:332.1
16:27:37  방향가속도크기:9.60
16:27:37  방향자이로크기:4.07
16:27:37  방향자세cos:0.5657
16:27:37  자기모델잔차:14.35
16:27:37  자기모델반경:1.209
16:27:37  방향채택:71
16:27:37  방향거부:150437
16:27:37  송신:12156
16:27:37  GPS위성:7
16:27:37  GPS_HDOP:1.07
16:27:37  원시위도:37.496212
16:27:37  원시경도:126.955209
16:27:37  GPS채택:1794
16:27:37  GPS이상치거부:4
16:27:37  GPS품질거부:34
16:27:37  GPS재기준:0
16:27:37  RSSI원시:-77
16:27:37  RSSI평활:-77.3
16:27:37  RSSI샘플:20871
16:27:37  RSSI경과ms:4
16:27:37  차량수신:10372
16:27:38  시각ms:1260464
16:27:38  IMU시각ms:1260452
16:27:38  위험:0
16:27:38  GPS유효:1
16:27:38  위도:37.496231
16:27:38  경도:126.955208
16:27:38  속도:0.118
16:27:38  방향:0.0
16:27:38  GPS원시속도:0.051
16:27:38  GPS원시방향유효:1
16:27:38  GPS원시방향:323.4
16:27:38  가속도:7.695,5.349,-2.720
16:27:38  자이로:-1.023,-2.275,2.145
16:27:38  자력계:-40.800,94.050,-29.550
16:27:38  IMU방향유효:0
16:27:38  IMU방향:332.1
16:27:38  방향가속도크기:9.76
16:27:38  방향자이로크기:3.29
16:27:38  방향자세cos:0.5609
16:27:38  자기모델잔차:14.35
16:27:38  자기모델반경:1.209
16:27:38  방향채택:71
16:27:38  방향거부:150449
16:27:38  송신:12157
16:27:38  GPS위성:7
16:27:38  GPS_HDOP:1.07
16:27:38  원시위도:37.496212
16:27:38  원시경도:126.955209
16:27:38  GPS채택:1794
16:27:38  GPS이상치거부:4
16:27:38  GPS품질거부:34
16:27:38  GPS재기준:0
16:27:38  RSSI원시:-76
16:27:38  RSSI평활:-77.0
16:27:38  RSSI샘플:20873
16:27:38  RSSI경과ms:7
16:27:38  차량수신:10373
16:27:38  시각ms:1260567
16:27:38  IMU시각ms:1260555
16:27:38  위험:0
16:27:38  GPS유효:1
16:27:38  위도:37.496231
16:27:38  경도:126.955208
16:27:38  속도:0.118
16:27:38  방향:0.0
16:27:38  GPS원시속도:0.051
16:27:38  GPS원시방향유효:1
16:27:38  GPS원시방향:323.4
16:27:38  가속도:7.633,5.200,-2.758
16:27:38  자이로:1.153,1.611,2.015
16:27:38  자력계:-40.050,94.050,-29.250
16:27:38  IMU방향유효:0
16:27:38  IMU방향:332.1
16:27:38  방향가속도크기:9.64
16:27:38  방향자이로크기:2.83
16:27:38  방향자세cos:0.5537
16:27:38  자기모델잔차:14.35
16:27:38  자기모델반경:1.209
16:27:38  방향채택:71
16:27:38  방향거부:150461
16:27:38  송신:12158
16:27:38  GPS위성:7
16:27:38  GPS_HDOP:1.07
16:27:38  원시위도:37.496212
16:27:38  원시경도:126.955209
16:27:38  GPS채택:1794
16:27:38  GPS이상치거부:4
16:27:38  GPS품질거부:34
16:27:38  GPS재기준:0
16:27:38  RSSI원시:-74
16:27:38  RSSI평활:-75.9
16:27:38  RSSI샘플:20875
16:27:38  RSSI경과ms:2
16:27:38  차량수신:10374
16:27:38  시각ms:1260670
16:27:38  IMU시각ms:1260658
16:27:38  위험:0
16:27:38  GPS유효:1
16:27:38  위도:37.496231
16:27:38  경도:126.955208
16:27:38  속도:0.118
16:27:38  방향:0.0
16:27:38  GPS원시속도:0.051
16:27:38  GPS원시방향유효:1
16:27:38  GPS원시방향:323.4
16:27:38  가속도:7.585,5.373,-2.308
16:27:38  자이로:-0.053,-0.092,3.160
16:27:38  자력계:-37.800,93.300,-29.250
16:27:38  IMU방향유효:0
16:27:38  IMU방향:332.1
16:27:38  방향가속도크기:9.58
16:27:38  방향자이로크기:3.16
16:27:38  방향자세cos:0.5933
16:27:38  자기모델잔차:14.35
16:27:38  자기모델반경:1.209
16:27:38  방향채택:71
16:27:38  방향거부:150473
16:27:38  송신:12159
16:27:38  GPS위성:7
16:27:38  GPS_HDOP:1.07
16:27:38  원시위도:37.496212
16:27:38  원시경도:126.955209
16:27:38  GPS채택:1794
16:27:38  GPS이상치거부:4
16:27:38  GPS품질거부:34
16:27:38  GPS재기준:0
16:27:38  RSSI원시:-74
16:27:38  RSSI평활:-75.4
16:27:38  RSSI샘플:20877
16:27:38  RSSI경과ms:6
16:27:38  차량수신:10375
16:27:38  시각ms:1260773
16:27:38  IMU시각ms:1260761
16:27:38  위험:0
16:27:38  GPS유효:1
16:27:38  위도:37.496231
16:27:38  경도:126.955208
16:27:38  속도:0.118
16:27:38  방향:0.0
16:27:38  GPS원시속도:0.051
16:27:38  GPS원시방향유효:1
16:27:38  GPS원시방향:323.4
16:27:38  가속도:7.752,5.272,-2.916
16:27:38  자이로:-4.214,-4.008,3.305
16:27:38  자력계:-38.700,93.900,-29.700
16:27:38  IMU방향유효:0
16:27:38  IMU방향:332.1
16:27:38  방향가속도크기:9.82
16:27:38  방향자이로크기:6.69
16:27:38  방향자세cos:0.5442
16:27:38  자기모델잔차:14.35
16:27:38  자기모델반경:1.209
16:27:38  방향채택:71
16:27:38  방향거부:150485
16:27:38  송신:12160
16:27:38  GPS위성:7
16:27:38  GPS_HDOP:1.07
16:27:38  원시위도:37.496212
16:27:38  원시경도:126.955209
16:27:38  GPS채택:1794
16:27:38  GPS이상치거부:4
16:27:38  GPS품질거부:34
16:27:38  GPS재기준:0
16:27:38  RSSI원시:-77
16:27:38  RSSI평활:-75.7
16:27:38  RSSI샘플:20878
16:27:38  RSSI경과ms:49
16:27:38  차량수신:10376
16:27:38  시각ms:1260877
16:27:38  IMU시각ms:1260865
16:27:38  위험:0
16:27:38  GPS유효:1
16:27:38  위도:37.496231
16:27:38  경도:126.955208
16:27:38  속도:0.118
16:27:38  방향:0.0
16:27:38  GPS원시속도:0.051
16:27:38  GPS원시방향유효:1
16:27:38  GPS원시방향:323.4
16:27:38  가속도:7.642,5.186,-2.533
16:27:38  자이로:0.366,1.282,-0.748
16:27:38  자력계:-38.250,96.000,-29.850
16:27:38  IMU방향유효:0
16:27:38  IMU방향:332.1
16:27:38  방향가속도크기:9.58
16:27:38  방향자이로크기:1.53
16:27:38  방향자세cos:0.5720
16:27:38  자기모델잔차:14.35
16:27:38  자기모델반경:1.209
16:27:38  방향채택:71
16:27:38  방향거부:150498
16:27:38  송신:12161
16:27:38  GPS위성:7
16:27:38  GPS_HDOP:1.07
16:27:38  원시위도:37.496212
16:27:38  원시경도:126.955209
16:27:38  GPS채택:1794
16:27:38  GPS이상치거부:4
16:27:38  GPS품질거부:34
16:27:38  GPS재기준:0
16:27:38  RSSI원시:-76
16:27:38  RSSI평활:-75.7
16:27:38  RSSI샘플:20881
16:27:38  RSSI경과ms:4
16:27:38  차량수신:10377
16:27:38  시각ms:1260979
16:27:38  IMU시각ms:1260967
16:27:38  위험:0
16:27:38  GPS유효:1
16:27:38  위도:37.496231
16:27:38  경도:126.955208
16:27:38  속도:0.118
16:27:38  방향:0.0
16:27:38  GPS원시속도:0.051
16:27:38  GPS원시방향유효:1
16:27:38  GPS원시방향:323.4
16:27:38  가속도:7.714,5.119,-2.485
16:27:38  자이로:1.046,2.550,0.603
16:27:38  자력계:-37.800,94.500,-29.550
16:27:38  IMU방향유효:0
16:27:38  IMU방향:332.1
16:27:38  방향가속도크기:9.59
16:27:38  방향자이로크기:2.82
16:27:38  방향자세cos:0.5755
16:27:38  자기모델잔차:14.35
16:27:38  자기모델반경:1.209
16:27:38  방향채택:71
16:27:38  방향거부:150510
16:27:38  송신:12162
16:27:38  GPS위성:7
16:27:38  GPS_HDOP:1.07
16:27:38  원시위도:37.496212
16:27:38  원시경도:126.955209
16:27:38  GPS채택:1794
16:27:38  GPS이상치거부:4
16:27:38  GPS품질거부:34
16:27:38  GPS재기준:0
16:27:38  RSSI원시:-75
16:27:38  RSSI평활:-75.8
16:27:38  RSSI샘플:20883
16:27:38  RSSI경과ms:8
16:27:38  차량수신:10378
16:27:38  시각ms:1261183
16:27:38  IMU시각ms:1261171
16:27:38  위험:0
16:27:38  GPS유효:1
16:27:38  위도:37.496231
16:27:38  경도:126.955208
16:27:38  속도:0.118
16:27:38  방향:0.0
16:27:38  GPS원시속도:0.051
16:27:38  GPS원시방향유효:1
16:27:38  GPS원시방향:323.4
16:27:38  가속도:7.556,5.277,-2.643
16:27:38  자이로:-1.137,-1.481,-1.786
16:27:38  자력계:-40.050,94.500,-28.800
16:27:38  IMU방향유효:0
16:27:38  IMU방향:332.1
16:27:38  방향가속도크기:9.59
16:27:38  방향자이로크기:2.58
16:27:38  방향자세cos:0.5637
16:27:38  자기모델잔차:14.35
16:27:38  자기모델반경:1.209
16:27:38  방향채택:71
16:27:38  방향거부:150534
16:27:38  송신:12164
16:27:38  GPS위성:7
16:27:38  GPS_HDOP:1.07
16:27:38  원시위도:37.496212
16:27:38  원시경도:126.955209
16:27:38  GPS채택:1794
16:27:38  GPS이상치거부:4
16:27:38  GPS품질거부:34
16:27:38  GPS재기준:0
16:27:38  RSSI원시:-79
16:27:38  RSSI평활:-76.6
16:27:38  RSSI샘플:20886
16:27:38  RSSI경과ms:38
16:27:38  차량수신:10380
16:27:39  시각ms:1261391
16:27:39  IMU시각ms:1261379
16:27:39  위험:0
16:27:39  GPS유효:1
16:27:39  위도:37.496212
16:27:39  경도:126.955208
16:27:39  속도:0.086
16:27:39  방향:0.0
16:27:39  GPS원시속도:0.026
16:27:39  GPS원시방향유효:1
16:27:39  GPS원시방향:323.4
16:27:39  가속도:7.767,5.176,-2.701
16:27:39  자이로:2.099,-3.397,-0.237
16:27:39  자력계:-38.550,93.000,-31.050
16:27:39  IMU방향유효:0
16:27:39  IMU방향:332.1
16:27:39  방향가속도크기:9.72
16:27:39  방향자이로크기:4.00
16:27:39  방향자세cos:0.5598
16:27:39  자기모델잔차:14.35
16:27:39  자기모델반경:1.209
16:27:39  방향채택:71
16:27:39  방향거부:150559
16:27:39  송신:12166
16:27:39  GPS위성:7
16:27:39  GPS_HDOP:1.38
16:27:39  원시위도:37.496187
16:27:39  원시경도:126.955216
16:27:39  GPS채택:1795
16:27:39  GPS이상치거부:4
16:27:39  GPS품질거부:34
16:27:39  GPS재기준:0
16:27:39  RSSI원시:-81
16:27:39  RSSI평활:-79.3
16:27:39  RSSI샘플:20890
16:27:39  RSSI경과ms:27
16:27:39  차량수신:10382
16:27:39  시각ms:1261496
16:27:39  IMU시각ms:1261484
16:27:39  위험:0
16:27:39  GPS유효:1
16:27:39  위도:37.496212
16:27:39  경도:126.955208
16:27:39  속도:0.086
16:27:39  방향:0.0
16:27:39  GPS원시속도:0.026
16:27:39  GPS원시방향유효:1
16:27:39  GPS원시방향:323.4
16:27:39  가속도:7.705,5.406,-2.787
16:27:39  자이로:-1.198,-0.870,-0.740
16:27:39  자력계:-38.550,95.250,-29.250
16:27:39  IMU방향유효:0
16:27:39  IMU방향:332.1
16:27:39  방향가속도크기:9.82
16:27:39  방향자이로크기:1.66
16:27:39  방향자세cos:0.5568
16:27:39  자기모델잔차:14.35
16:27:39  자기모델반경:1.209
16:27:39  방향채택:71
16:27:39  방향거부:150572
16:27:39  송신:12167
16:27:39  GPS위성:7
16:27:39  GPS_HDOP:1.38
16:27:39  원시위도:37.496187
16:27:39  원시경도:126.955216
16:27:39  GPS채택:1795
16:27:39  GPS이상치거부:4
16:27:39  GPS품질거부:34
16:27:39  GPS재기준:0
16:27:39  RSSI원시:-85
16:27:39  RSSI평활:-81.0
16:27:39  RSSI샘플:20892
16:27:39  RSSI경과ms:2
16:27:39  차량수신:10383
16:27:39  시각ms:1261804
16:27:39  IMU시각ms:1261792
16:27:39  위험:0
16:27:39  GPS유효:1
16:27:39  위도:37.496212
16:27:39  경도:126.955208
16:27:39  속도:0.086
16:27:39  방향:0.0
16:27:39  GPS원시속도:0.026
16:27:39  GPS원시방향유효:1
16:27:39  GPS원시방향:323.4
16:27:39  가속도:7.484,5.468,-2.404
16:27:39  자이로:2.916,4.313,-0.481
16:27:39  자력계:-37.050,96.000,-30.600
16:27:39  IMU방향유효:0
16:27:39  IMU방향:332.1
16:27:39  방향가속도크기:9.58
16:27:39  방향자이로크기:5.23
16:27:39  방향자세cos:0.5860
16:27:39  자기모델잔차:14.35
16:27:39  자기모델반경:1.209
16:27:39  방향채택:71
16:27:39  방향거부:150608
16:27:39  송신:12170
16:27:39  GPS위성:7
16:27:39  GPS_HDOP:1.38
16:27:39  원시위도:37.496187
16:27:39  원시경도:126.955216
16:27:39  GPS채택:1795
16:27:39  GPS이상치거부:4
16:27:39  GPS품질거부:34
16:27:39  GPS재기준:0
16:27:39  RSSI원시:-85
16:27:39  RSSI평활:-84.0
16:27:39  RSSI샘플:20898
16:27:39  RSSI경과ms:3
16:27:39  차량수신:10386
16:27:39  시각ms:1262008
16:27:39  IMU시각ms:1261996
16:27:39  위험:0
16:27:39  GPS유효:1
16:27:39  위도:37.496212
16:27:39  경도:126.955208
16:27:39  속도:0.086
16:27:39  방향:0.0
16:27:39  GPS원시속도:0.026
16:27:39  GPS원시방향유효:1
16:27:39  GPS원시방향:323.4
16:27:39  가속도:7.690,5.148,-2.504
16:27:39  자이로:1.191,-0.924,1.053
16:27:39  자력계:-39.300,94.800,-28.500
16:27:39  IMU방향유효:0
16:27:39  IMU방향:332.1
16:27:39  방향가속도크기:9.59
16:27:39  방향자이로크기:1.84
16:27:39  방향자세cos:0.5742
16:27:39  자기모델잔차:14.35
16:27:39  자기모델반경:1.209
16:27:39  방향채택:71
16:27:39  방향거부:150632
16:27:39  송신:12172
16:27:39  GPS위성:7
16:27:39  GPS_HDOP:1.38
16:27:39  원시위도:37.496187
16:27:39  원시경도:126.955216
16:27:39  GPS채택:1795
16:27:39  GPS이상치거부:4
16:27:39  GPS품질거부:34
16:27:39  GPS재기준:0
16:27:39  RSSI원시:-84
16:27:39  RSSI평활:-84.6
16:27:39  RSSI샘플:20901
16:27:39  RSSI경과ms:22
16:27:39  차량수신:10388
16:27:39  시각ms:1262217
16:27:39  IMU시각ms:1262205
16:27:39  위험:0
16:27:39  GPS유효:1
16:27:39  위도:37.496212
16:27:39  경도:126.955208
16:27:39  속도:0.086
16:27:39  방향:0.0
16:27:39  GPS원시속도:0.216
16:27:39  GPS원시방향유효:1
16:27:39  GPS원시방향:323.4
16:27:39  가속도:7.676,5.286,-2.988
16:27:39  자이로:-1.206,-2.412,-0.115
16:27:39  자력계:-39.750,95.250,-29.250
16:27:39  IMU방향유효:0
16:27:39  IMU방향:332.1
16:27:39  방향가속도크기:9.79
16:27:39  방향자이로크기:2.70
16:27:39  방향자세cos:0.5374
16:27:39  자기모델잔차:14.35
16:27:39  자기모델반경:1.209
16:27:39  방향채택:71
16:27:39  방향거부:150658
16:27:39  송신:12174
16:27:39  GPS위성:7
16:27:39  GPS_HDOP:1.07
16:27:39  원시위도:37.496165
16:27:39  원시경도:126.955224
16:27:39  GPS채택:1795
16:27:39  GPS이상치거부:5
16:27:39  GPS품질거부:34
16:27:39  GPS재기준:0
16:27:39  RSSI원시:-84
16:27:39  RSSI평활:-84.2
16:27:39  RSSI샘플:20904
16:27:39  RSSI경과ms:99
16:27:39  차량수신:10389
16:27:40  시각ms:1262427
16:27:40  IMU시각ms:1262415
16:27:40  위험:0
16:27:40  GPS유효:1
16:27:40  위도:37.496212
16:27:40  경도:126.955208
16:27:40  속도:0.086
16:27:40  방향:0.0
16:27:40  GPS원시속도:0.216
16:27:40  GPS원시방향유효:1
16:27:40  GPS원시방향:323.4
16:27:40  가속도:7.805,5.162,-2.954
16:27:40  자이로:-9.130,-3.969,1.672
16:27:40  자력계:-36.150,93.450,-29.700
16:27:40  IMU방향유효:0
16:27:40  IMU방향:332.1
16:27:40  방향가속도크기:9.81
16:27:40  방향자이로크기:10.09
16:27:40  방향자세cos:0.5394
16:27:40  자기모델잔차:14.35
16:27:40  자기모델반경:1.209
16:27:40  방향채택:71
16:27:40  방향거부:150684
16:27:40  송신:12176
16:27:40  GPS위성:7
16:27:40  GPS_HDOP:1.07
16:27:40  원시위도:37.496165
16:27:40  원시경도:126.955224
16:27:40  GPS채택:1795
16:27:40  GPS이상치거부:5
16:27:40  GPS품질거부:34
16:27:40  GPS재기준:0
16:27:40  RSSI원시:-86
16:27:40  RSSI평활:-84.3
16:27:40  RSSI샘플:20907
16:27:40  RSSI경과ms:1
16:27:40  차량수신:10390
16:27:40  시각ms:1262738
16:27:40  IMU시각ms:1262726
16:27:40  위험:0
16:27:40  GPS유효:1
16:27:40  위도:37.496212
16:27:40  경도:126.955208
16:27:40  속도:0.086
16:27:40  방향:0.0
16:27:40  GPS원시속도:0.216
16:27:40  GPS원시방향유효:1
16:27:40  GPS원시방향:323.4
16:27:40  가속도:7.465,5.545,-3.170
16:27:40  자이로:3.649,5.641,3.565
16:27:40  자력계:-39.000,95.250,-28.800
16:27:40  IMU방향유효:0
16:27:40  IMU방향:332.1
16:27:40  방향가속도크기:9.82
16:27:40  방향자이로크기:7.61
16:27:40  방향자세cos:0.5246
16:27:40  자기모델잔차:14.35
16:27:40  자기모델반경:1.209
16:27:40  방향채택:71
16:27:40  방향거부:150721
16:27:40  송신:12179
16:27:40  GPS위성:7
16:27:40  GPS_HDOP:1.07
16:27:40  원시위도:37.496165
16:27:40  원시경도:126.955224
16:27:40  GPS채택:1795
16:27:40  GPS이상치거부:5
16:27:40  GPS품질거부:34
16:27:40  GPS재기준:0
16:27:40  RSSI원시:-78
16:27:40  RSSI평활:-82.4
16:27:40  RSSI샘플:20913
16:27:40  RSSI경과ms:2
16:27:40  차량수신:10393
16:27:40  시각ms:1263048
16:27:40  IMU시각ms:1263036
16:27:40  위험:0
16:27:40  GPS유효:1
16:27:40  위도:37.496212
16:27:40  경도:126.955208
16:27:40  속도:0.086
16:27:40  방향:0.0
16:27:40  GPS원시속도:0.216
16:27:40  GPS원시방향유효:1
16:27:40  GPS원시방향:323.4
16:27:40  가속도:7.590,5.444,-2.495
16:27:40  자이로:72.420,59.534,-10.580
16:27:40  자력계:-38.400,93.450,-30.450
16:27:40  IMU방향유효:0
16:27:40  IMU방향:332.1
16:27:40  방향가속도크기:9.67
16:27:40  방향자이로크기:94.34
16:27:40  방향자세cos:0.3026
16:27:40  자기모델잔차:14.35
16:27:40  자기모델반경:1.209
16:27:40  방향채택:71
16:27:40  방향거부:150759
16:27:40  송신:12182
16:27:40  GPS위성:7
16:27:40  GPS_HDOP:1.07
16:27:40  원시위도:37.496165
16:27:40  원시경도:126.955224
16:27:40  GPS채택:1795
16:27:40  GPS이상치거부:5
16:27:40  GPS품질거부:34
16:27:40  GPS재기준:0
16:27:40  RSSI원시:-84
16:27:40  RSSI평활:-78.1
16:27:40  RSSI샘플:20918
16:27:40  RSSI경과ms:19
16:27:40  차량수신:10396
16:27:40  시각ms:1263152
16:27:40  IMU시각ms:1263140
16:27:40  위험:0
16:27:40  GPS유효:1
16:27:40  위도:37.496212
16:27:40  경도:126.955208
16:27:40  속도:0.086
16:27:40  방향:0.0
16:27:40  GPS원시속도:0.216
16:27:40  GPS원시방향유효:1
16:27:40  GPS원시방향:323.4
16:27:40  가속도:7.791,5.224,-1.877
16:27:40  자이로:44.603,38.901,-5.710
16:27:40  자력계:-37.800,93.000,-36.150
16:27:40  IMU방향유효:0
16:27:40  IMU방향:332.1
16:27:40  방향가속도크기:9.57
16:27:40  방향자이로크기:59.46
16:27:40  방향자세cos:0.3026
16:27:40  자기모델잔차:14.35
16:27:40  자기모델반경:1.209
16:27:40  방향채택:71
16:27:40  방향거부:150772
16:27:40  송신:12183
16:27:40  GPS위성:7
16:27:40  GPS_HDOP:1.07
16:27:40  원시위도:37.496165
16:27:40  원시경도:126.955224
16:27:40  GPS채택:1795
16:27:40  GPS이상치거부:5
16:27:40  GPS품질거부:34
16:27:40  GPS재기준:0
16:27:40  RSSI원시:-81
16:27:40  RSSI평활:-80.3
16:27:40  RSSI샘플:20920
16:27:40  RSSI경과ms:3
16:27:40  차량수신:10396
16:27:40  시각ms:1263255
16:27:40  IMU시각ms:1263243
16:27:40  위험:0
16:27:40  GPS유효:1
16:27:40  위도:37.496212
16:27:40  경도:126.955208
16:27:40  속도:0.086
16:27:40  방향:0.0
16:27:40  GPS원시속도:0.252
16:27:40  GPS원시방향유효:1
16:27:40  GPS원시방향:323.4
16:27:40  가속도:8.322,4.621,-2.346
16:27:40  자이로:50.992,49.229,-4.145
16:27:40  자력계:-38.550,93.750,-37.950
16:27:40  IMU방향유효:0
16:27:40  IMU방향:332.1
16:27:40  방향가속도크기:9.80
16:27:40  방향자이로크기:71.00
16:27:40  방향자세cos:0.3026
16:27:40  자기모델잔차:14.35
16:27:40  자기모델반경:1.209
16:27:40  방향채택:71
16:27:40  방향거부:150784
16:27:40  송신:12184
16:27:40  GPS위성:7
16:27:40  GPS_HDOP:1.07
16:27:40  원시위도:37.496152
16:27:40  원시경도:126.955226
16:27:40  GPS채택:1795
16:27:40  GPS이상치거부:6
16:27:40  GPS품질거부:34
16:27:40  GPS재기준:0
16:27:40  RSSI원시:-78
16:27:40  RSSI평활:-79.8
16:27:40  RSSI샘플:20921
16:27:40  RSSI경과ms:15
16:27:40  차량수신:10397
16:27:41  시각ms:1263360
16:27:41  IMU시각ms:1263348
16:27:41  위험:0
16:27:41  GPS유효:1
16:27:41  위도:37.496212
16:27:41  경도:126.955208
16:27:41  속도:0.086
16:27:41  방향:0.0
16:27:41  GPS원시속도:0.252
16:27:41  GPS원시방향유효:1
16:27:41  GPS원시방향:323.4
16:27:41  가속도:7.987,4.755,-2.447
16:27:41  자이로:43.924,46.954,-2.466
16:27:41  자력계:-42.000,91.050,-39.750
16:27:41  IMU방향유효:0
16:27:41  IMU방향:332.1
16:27:41  방향가속도크기:9.61
16:27:41  방향자이로크기:64.34
16:27:41  방향자세cos:0.6110
16:27:41  자기모델잔차:14.35
16:27:41  자기모델반경:1.209
16:27:41  방향채택:71
16:27:41  방향거부:150797
16:27:41  송신:12185
16:27:41  GPS위성:7
16:27:41  GPS_HDOP:1.07
16:27:41  원시위도:37.496152
16:27:41  원시경도:126.955226
16:27:41  GPS채택:1795
16:27:41  GPS이상치거부:6
16:27:41  GPS품질거부:34
16:27:41  GPS재기준:0
16:27:41  RSSI원시:-78
16:27:41  RSSI평활:-80.0
16:27:41  RSSI샘플:20923
16:27:41  RSSI경과ms:5
16:27:41  차량수신:10398
16:27:41  시각ms:1263463
16:27:41  IMU시각ms:1263451
16:27:41  위험:0
16:27:41  GPS유효:1
16:27:41  위도:37.496212
16:27:41  경도:126.955208
16:27:41  속도:0.086
16:27:41  방향:0.0
16:27:41  GPS원시속도:0.252
16:27:41  GPS원시방향유효:1
16:27:41  GPS원시방향:323.4
16:27:41  가속도:9.060,3.582,-0.484
16:27:41  자이로:165.962,160.305,-6.382
16:27:41  자력계:-42.750,91.350,-42.750
16:27:41  IMU방향유효:0
16:27:41  IMU방향:332.1
16:27:41  방향가속도크기:9.75
16:27:41  방향자이로크기:230.83
16:27:41  방향자세cos:0.6110
16:27:41  자기모델잔차:14.35
16:27:41  자기모델반경:1.209
16:27:41  방향채택:71
16:27:41  방향거부:150809
16:27:41  송신:12186
16:27:41  GPS위성:7
16:27:41  GPS_HDOP:1.07
16:27:41  원시위도:37.496152
16:27:41  원시경도:126.955226
16:27:41  GPS채택:1795
16:27:41  GPS이상치거부:6
16:27:41  GPS품질거부:34
16:27:41  GPS재기준:0
16:27:41  RSSI원시:-76
16:27:41  RSSI평활:-78.4
16:27:41  RSSI샘플:20925
16:27:41  RSSI경과ms:8
16:27:41  차량수신:10399
16:27:41  시각ms:1263566
16:27:41  IMU시각ms:1263554
16:27:41  위험:0
16:27:41  GPS유효:1
16:27:41  위도:37.496212
16:27:41  경도:126.955208
16:27:41  속도:0.086
16:27:41  방향:0.0
16:27:41  GPS원시속도:0.252
16:27:41  GPS원시방향유효:1
16:27:41  GPS원시방향:323.4
16:27:41  가속도:8.188,4.884,-1.202
16:27:41  자이로:135.534,123.244,-22.229
16:27:41  자력계:-45.000,84.450,-47.400
16:27:41  IMU방향유효:0
16:27:41  IMU방향:332.1
16:27:41  방향가속도크기:9.61
16:27:41  방향자이로크기:184.53
16:27:41  방향자세cos:0.6110
16:27:41  자기모델잔차:14.35
16:27:41  자기모델반경:1.209
16:27:41  방향채택:71
16:27:41  방향거부:150821
16:27:41  송신:12187
16:27:41  GPS위성:7
16:27:41  GPS_HDOP:1.07
16:27:41  원시위도:37.496152
16:27:41  원시경도:126.955226
16:27:41  GPS채택:1795
16:27:41  GPS이상치거부:6
16:27:41  GPS품질거부:34
16:27:41  GPS재기준:0
16:27:41  RSSI원시:-76
16:27:41  RSSI평활:-78.4
16:27:41  RSSI샘플:20925
16:27:41  RSSI경과ms:111
16:27:41  차량수신:10399
16:27:41  시각ms:1263671
16:27:41  IMU시각ms:1263659
16:27:41  위험:0
16:27:41  GPS유효:1
16:27:41  위도:37.496212
16:27:41  경도:126.955208
16:27:41  속도:0.086
16:27:41  방향:0.0
16:27:41  GPS원시속도:0.252
16:27:41  GPS원시방향유효:1
16:27:41  GPS원시방향:323.4
16:27:41  가속도:7.092,6.124,-1.259
16:27:41  자이로:97.328,92.863,-10.687
16:27:41  자력계:-49.950,78.900,-49.500
16:27:41  IMU방향유효:0
16:27:41  IMU방향:332.1
16:27:41  방향가속도크기:9.45
16:27:41  방향자이로크기:134.95
16:27:41  방향자세cos:0.6110
16:27:41  자기모델잔차:14.35
16:27:41  자기모델반경:1.209
16:27:41  방향채택:71
16:27:41  방향거부:150834
16:27:41  송신:12188
16:27:41  GPS위성:7
16:27:41  GPS_HDOP:1.07
16:27:41  원시위도:37.496152
16:27:41  원시경도:126.955226
16:27:41  GPS채택:1795
16:27:41  GPS이상치거부:6
16:27:41  GPS품질거부:34
16:27:41  GPS재기준:0
16:27:41  RSSI원시:-80
16:27:41  RSSI평활:-78.9
16:27:41  RSSI샘플:20928
16:27:41  RSSI경과ms:6
16:27:41  차량수신:10400
16:27:41  시각ms:1263774
16:27:41  IMU시각ms:1263762
16:27:41  위험:0
16:27:41  GPS유효:1
16:27:41  위도:37.496212
16:27:41  경도:126.955208
16:27:41  속도:0.086
16:27:41  방향:0.0
16:27:41  GPS원시속도:0.252
16:27:41  GPS원시방향유효:1
16:27:41  GPS원시방향:323.4
16:27:41  가속도:7.614,5.219,0.278
16:27:41  자이로:-12.855,-4.679,-1.763
16:27:41  자력계:-52.200,75.450,-52.050
16:27:41  IMU방향유효:0
16:27:41  IMU방향:332.1
16:27:41  방향가속도크기:9.23
16:27:41  방향자이로크기:13.79
16:27:41  방향자세cos:0.7863
16:27:41  자기모델잔차:14.35
16:27:41  자기모델반경:1.209
16:27:41  방향채택:71
16:27:41  방향거부:150846
16:27:41  송신:12189
16:27:41  GPS위성:7
16:27:41  GPS_HDOP:1.07
16:27:41  원시위도:37.496152
16:27:41  원시경도:126.955226
16:27:41  GPS채택:1795
16:27:41  GPS이상치거부:6
16:27:41  GPS품질거부:34
16:27:41  GPS재기준:0
16:27:41  RSSI원시:-76
16:27:41  RSSI평활:-78.3
16:27:41  RSSI샘플:20929
16:27:41  RSSI경과ms:12
16:27:41  차량수신:10401
16:27:41  시각ms:1263879
16:27:41  IMU시각ms:1263867
16:27:41  위험:0
16:27:41  GPS유효:1
16:27:41  위도:37.496212
16:27:41  경도:126.955208
16:27:41  속도:0.086
16:27:41  방향:0.0
16:27:41  GPS원시속도:0.252
16:27:41  GPS원시방향유효:1
16:27:41  GPS원시방향:323.4
16:27:41  가속도:8.155,4.726,-1.844
16:27:41  자이로:-17.710,3.458,-9.779
16:27:41  자력계:-51.450,78.150,-49.800
16:27:41  IMU방향유효:0
16:27:41  IMU방향:332.1
16:27:41  방향가속도크기:9.60
16:27:41  방향자이로크기:20.52
16:27:41  방향자세cos:0.6227
16:27:41  자기모델잔차:14.35
16:27:41  자기모델반경:1.209
16:27:41  방향채택:71
16:27:41  방향거부:150858
16:27:41  송신:12190
16:27:41  GPS위성:7
16:27:41  GPS_HDOP:1.07
16:27:41  원시위도:37.496152
16:27:41  원시경도:126.955226
16:27:41  GPS채택:1795
16:27:41  GPS이상치거부:6
16:27:41  GPS품질거부:34
16:27:41  GPS재기준:0
16:27:41  RSSI원시:-73
16:27:41  RSSI평활:-76.6
16:27:41  RSSI샘플:20931
16:27:41  RSSI경과ms:14
16:27:41  차량수신:10402
16:27:41  시각ms:1264083
16:27:41  IMU시각ms:1264071
16:27:41  위험:0
16:27:41  GPS유효:1
16:27:41  위도:37.496212
16:27:41  경도:126.955208
16:27:41  속도:0.086
16:27:41  방향:0.0
16:27:41  GPS원시속도:0.252
16:27:41  GPS원시방향유효:1
16:27:41  GPS원시방향:323.4
16:27:41  가속도:6.158,7.025,0.766
16:27:41  자이로:16.771,15.824,-18.649
16:27:41  자력계:-51.900,80.100,-49.050
16:27:41  IMU방향유효:0
16:27:41  IMU방향:332.1
16:27:41  방향가속도크기:9.37
16:27:41  방향자이로크기:29.66
16:27:41  방향자세cos:0.8154
16:27:41  자기모델잔차:14.35
16:27:41  자기모델반경:1.209
16:27:41  방향채택:71
16:27:41  방향거부:150881
16:27:41  송신:12192
16:27:41  GPS위성:7
16:27:41  GPS_HDOP:1.07
16:27:41  원시위도:37.496152
16:27:41  원시경도:126.955226
16:27:41  GPS채택:1795
16:27:41  GPS이상치거부:6
16:27:41  GPS품질거부:34
16:27:41  GPS재기준:0
16:27:41  RSSI원시:-73
16:27:41  RSSI평활:-74.1
16:27:41  RSSI샘플:20935
16:27:41  RSSI경과ms:8
16:27:41  차량수신:10403
16:27:41  시각ms:1264185
16:27:41  IMU시각ms:1264173
16:27:41  위험:0
16:27:41  GPS유효:1
16:27:41  위도:37.496212
16:27:41  경도:126.955208
16:27:41  속도:0.086
16:27:41  방향:0.0
16:27:41  GPS원시속도:0.252
16:27:41  GPS원시방향유효:1
16:27:41  GPS원시방향:323.4
16:27:41  가속도:7.250,6.345,1.058
16:27:41  자이로:-10.321,-0.725,9.115
16:27:41  자력계:-51.150,81.600,-49.050
16:27:41  IMU방향유효:0
16:27:41  IMU방향:332.1
16:27:41  방향가속도크기:9.69
16:27:41  방향자이로크기:13.79
16:27:41  방향자세cos:0.8376
16:27:41  자기모델잔차:14.35
16:27:41  자기모델반경:1.209
16:27:41  방향채택:71
16:27:41  방향거부:150893
16:27:41  송신:12193
16:27:41  GPS위성:7
16:27:41  GPS_HDOP:1.07
16:27:41  원시위도:37.496152
16:27:41  원시경도:126.955226
16:27:41  GPS채택:1795
16:27:41  GPS이상치거부:6
16:27:41  GPS품질거부:34
16:27:41  GPS재기준:0
16:27:41  RSSI원시:-77
16:27:41  RSSI평활:-74.3
16:27:41  RSSI샘플:20937
16:27:41  RSSI경과ms:7
16:27:41  차량수신:10404
16:27:41  시각ms:1264288
16:27:41  IMU시각ms:1264276
16:27:41  위험:0
16:27:41  GPS유효:0
16:27:41  위도:37.496212
16:27:41  경도:126.955208
16:27:41  속도:0.000
16:27:41  방향:0.0
16:27:41  GPS원시속도:0.139
16:27:41  GPS원시방향유효:1
16:27:41  GPS원시방향:323.4
16:27:41  가속도:8.279,4.305,0.589
16:27:41  자이로:-3.885,-3.550,5.405
16:27:41  자력계:-51.300,78.300,-49.350
16:27:41  IMU방향유효:0
16:27:41  IMU방향:332.1
16:27:41  방향가속도크기:9.35
16:27:41  방향자이로크기:7.54
16:27:41  방향자세cos:0.7895
16:27:41  자기모델잔차:14.35
16:27:41  자기모델반경:1.209
16:27:41  방향채택:71
16:27:41  방향거부:150905
16:27:41  송신:12194
16:27:41  GPS위성:7
16:27:41  GPS_HDOP:1.07
16:27:41  원시위도:37.496161
16:27:41  원시경도:126.955227
16:27:41  GPS채택:1795
16:27:41  GPS이상치거부:7
16:27:41  GPS품질거부:34
16:27:41  GPS재기준:0
16:27:41  RSSI원시:-78
16:27:41  RSSI평활:-75.1
16:27:41  RSSI샘플:20938
16:27:41  RSSI경과ms:91
16:27:41  차량수신:10405
16:27:42  시각ms:1264393
16:27:42  IMU시각ms:1264381
16:27:42  위험:0
16:27:42  GPS유효:0
16:27:42  위도:37.496212
16:27:42  경도:126.955208
16:27:42  속도:0.000
16:27:42  방향:0.0
16:27:42  GPS원시속도:0.139
16:27:42  GPS원시방향유효:1
16:27:42  GPS원시방향:323.4
16:27:42  가속도:7.628,5.722,1.417
16:27:42  자이로:10.496,14.901,-2.290
16:27:42  자력계:-52.500,75.600,-49.350
16:27:42  IMU방향유효:0
16:27:42  IMU방향:332.1
16:27:42  방향가속도크기:9.64
16:27:42  방향자이로크기:18.37
16:27:42  방향자세cos:0.8557
16:27:42  자기모델잔차:14.35
16:27:42  자기모델반경:1.209
16:27:42  방향채택:71
16:27:42  방향거부:150918
16:27:42  송신:12195
16:27:42  GPS위성:7
16:27:42  GPS_HDOP:1.07
16:27:42  원시위도:37.496161
16:27:42  원시경도:126.955227
16:27:42  GPS채택:1795
16:27:42  GPS이상치거부:7
16:27:42  GPS품질거부:34
16:27:42  GPS재기준:0
16:27:42  RSSI원시:-77
16:27:42  RSSI평활:-75.8
16:27:42  RSSI샘플:20940
16:27:42  RSSI경과ms:3
16:27:42  차량수신:10406
16:27:42  시각ms:1264499
16:27:42  IMU시각ms:1264487
16:27:42  위험:0
16:27:42  GPS유효:0
16:27:42  위도:37.496212
16:27:42  경도:126.955208
16:27:42  속도:0.000
16:27:42  방향:0.0
16:27:42  GPS원시속도:0.139
16:27:42  GPS원시방향유효:1
16:27:42  GPS원시방향:323.4
16:27:42  가속도:7.796,5.473,1.834
16:27:42  자이로:1.168,0.412,0.405
16:27:42  자력계:-52.500,76.800,-47.100
16:27:42  IMU방향유효:0
16:27:42  IMU방향:332.1
16:27:42  방향가속도크기:9.70
16:27:42  방향자이로크기:1.30
16:27:42  방향자세cos:0.8747
16:27:42  자기모델잔차:14.35
16:27:42  자기모델반경:1.209
16:27:42  방향채택:71
16:27:42  방향거부:150930
16:27:42  송신:12196
16:27:42  GPS위성:7
16:27:42  GPS_HDOP:1.07
16:27:42  원시위도:37.496161
16:27:42  원시경도:126.955227
16:27:42  GPS채택:1795
16:27:42  GPS이상치거부:7
16:27:42  GPS품질거부:34
16:27:42  GPS재기준:0
16:27:42  RSSI원시:-76
16:27:42  RSSI평활:-75.8
16:27:42  RSSI샘플:20941
16:27:42  RSSI경과ms:103
16:27:42  차량수신:10407
16:27:42  시각ms:1264603
16:27:42  IMU시각ms:1264591
16:27:42  위험:0
16:27:42  GPS유효:0
16:27:42  위도:37.496212
16:27:42  경도:126.955208
16:27:42  속도:0.000
16:27:42  방향:0.0
16:27:42  GPS원시속도:0.139
16:27:42  GPS원시방향유효:1
16:27:42  GPS원시방향:323.4
16:27:42  가속도:7.427,5.856,1.709
16:27:42  자이로:-0.931,-8.672,3.160
16:27:42  자력계:-54.300,77.550,-47.100
16:27:42  IMU방향유효:0
16:27:42  IMU방향:332.1
16:27:42  방향가속도크기:9.61
16:27:42  방향자이로크기:9.28
16:27:42  방향자세cos:0.8725
16:27:42  자기모델잔차:14.35
16:27:42  자기모델반경:1.209
16:27:42  방향채택:71
16:27:42  방향거부:150943
16:27:42  송신:12197
16:27:42  GPS위성:7
16:27:42  GPS_HDOP:1.07
16:27:42  원시위도:37.496161
16:27:42  원시경도:126.955227
16:27:42  GPS채택:1795
16:27:42  GPS이상치거부:7
16:27:42  GPS품질거부:34
16:27:42  GPS재기준:0
16:27:42  RSSI원시:-78
16:27:42  RSSI평활:-76.2
16:27:42  RSSI샘플:20942
16:27:42  RSSI경과ms:3
16:27:42  차량수신:10407
16:27:42  시각ms:1264706
16:27:42  IMU시각ms:1264694
16:27:42  위험:0
16:27:42  GPS유효:0
16:27:42  위도:37.496212
16:27:42  경도:126.955208
16:27:42  속도:0.000
16:27:42  방향:0.0
16:27:42  GPS원시속도:0.139
16:27:42  GPS원시방향유효:1
16:27:42  GPS원시방향:323.4
16:27:42  가속도:7.791,5.306,0.733
16:27:42  자이로:0.260,-5.794,3.076
16:27:42  자력계:-52.500,77.550,-48.900
16:27:42  IMU방향유효:0
16:27:42  IMU방향:332.1
16:27:42  방향가속도크기:9.45
16:27:42  방향자이로크기:6.57
16:27:42  방향자세cos:0.8142
16:27:42  자기모델잔차:14.35
16:27:42  자기모델반경:1.209
16:27:42  방향채택:71
16:27:42  방향거부:150955
16:27:42  송신:12198
16:27:42  GPS위성:7
16:27:42  GPS_HDOP:1.07
16:27:42  원시위도:37.496161
16:27:42  원시경도:126.955227
16:27:42  GPS채택:1795
16:27:42  GPS이상치거부:7
16:27:42  GPS품질거부:34
16:27:42  GPS재기준:0
16:27:42  RSSI원시:-77
16:27:42  RSSI평활:-76.4
16:27:42  RSSI샘플:20943
16:27:42  RSSI경과ms:103
16:27:42  차량수신:10408
16:27:42  시각ms:1264810
16:27:42  IMU시각ms:1264798
16:27:42  위험:0
16:27:42  GPS유효:0
16:27:42  위도:37.496212
16:27:42  경도:126.955208
16:27:42  속도:0.000
16:27:42  방향:0.0
16:27:42  GPS원시속도:0.139
16:27:42  GPS원시방향유효:1
16:27:42  GPS원시방향:323.4
16:27:42  가속도:8.226,5.104,0.871
16:27:42  자이로:-5.107,-3.672,1.038
16:27:42  자력계:-51.450,79.350,-48.300
16:27:42  IMU방향유효:0
16:27:42  IMU방향:332.1
16:27:42  방향가속도크기:9.72
16:27:42  방향자이로크기:6.37
16:27:42  방향자세cos:0.8165
16:27:42  자기모델잔차:14.35
16:27:42  자기모델반경:1.209
16:27:42  방향채택:71
16:27:42  방향거부:150968
16:27:42  송신:12199
16:27:42  GPS위성:7
16:27:42  GPS_HDOP:1.07
16:27:42  원시위도:37.496161
16:27:42  원시경도:126.955227
16:27:42  GPS채택:1795
16:27:42  GPS이상치거부:7
16:27:42  GPS품질거부:34
16:27:42  GPS재기준:0
16:27:42  RSSI원시:-73
16:27:42  RSSI평활:-76.6
16:27:42  RSSI샘플:20945
16:27:42  RSSI경과ms:3
16:27:42  차량수신:10408
16:27:42  시각ms:1264912
16:27:42  IMU시각ms:1264900
16:27:42  위험:0
16:27:42  GPS유효:0
16:27:42  위도:37.496212
16:27:42  경도:126.955208
16:27:42  속도:0.000
16:27:42  방향:0.0
16:27:42  GPS원시속도:0.139
16:27:42  GPS원시방향유효:1
16:27:42  GPS원시방향:323.4
16:27:42  가속도:7.709,5.444,1.006
16:27:42  자이로:-0.336,-3.840,-2.282
16:27:42  자력계:-51.450,77.700,-48.750
16:27:42  IMU방향유효:0
16:27:42  IMU방향:332.1
16:27:42  방향가속도크기:9.49
16:27:42  방향자이로크기:4.48
16:27:42  방향자세cos:0.8317
16:27:42  자기모델잔차:14.35
16:27:42  자기모델반경:1.209
16:27:42  방향채택:71
16:27:42  방향거부:150980
16:27:42  송신:12200
16:27:42  GPS위성:7
16:27:42  GPS_HDOP:1.07
16:27:42  원시위도:37.496161
16:27:42  원시경도:126.955227
16:27:42  GPS채택:1795
16:27:42  GPS이상치거부:7
16:27:42  GPS품질거부:34
16:27:42  GPS재기준:0
16:27:42  RSSI원시:-73
16:27:42  RSSI평활:-75.3
16:27:42  RSSI샘플:20947
16:27:42  RSSI경과ms:8
16:27:42  차량수신:10409
16:27:42  시각ms:1265015
16:27:42  IMU시각ms:1265003
16:27:42  위험:0
16:27:42  GPS유효:0
16:27:42  위도:37.496212
16:27:42  경도:126.955208
16:27:42  속도:0.000
16:27:42  방향:0.0
16:27:42  GPS원시속도:0.139
16:27:42  GPS원시방향유효:1
16:27:42  GPS원시방향:323.4
16:27:42  가속도:7.288,6.258,1.389
16:27:42  자이로:-12.786,5.344,-2.084
16:27:42  자력계:-52.500,77.250,-48.600
16:27:42  IMU방향유효:0
16:27:42  IMU방향:332.1
16:27:42  방향가속도크기:9.71
16:27:42  방향자이로크기:14.01
16:27:42  방향자세cos:0.8557
16:27:42  자기모델잔차:14.35
16:27:42  자기모델반경:1.209
16:27:42  방향채택:71
16:27:42  방향거부:150992
16:27:42  송신:12201
16:27:42  GPS위성:7
16:27:42  GPS_HDOP:1.07
16:27:42  원시위도:37.496161
16:27:42  원시경도:126.955227
16:27:42  GPS채택:1795
16:27:42  GPS이상치거부:7
16:27:42  GPS품질거부:34
16:27:42  GPS재기준:0
16:27:42  RSSI원시:-71
16:27:42  RSSI평활:-74.4
16:27:42  RSSI샘플:20949
16:27:42  RSSI경과ms:4
16:27:42  차량수신:10410
16:27:43  시각ms:1265325
16:27:43  IMU시각ms:1265313
16:27:43  위험:0
16:27:43  GPS유효:1
16:27:43  위도:37.496189
16:27:43  경도:126.955215
16:27:43  속도:0.022
16:27:43  방향:0.0
16:27:43  GPS원시속도:0.062
16:27:43  GPS원시방향유효:1
16:27:43  GPS원시방향:323.4
16:27:43  가속도:8.064,5.344,1.283
16:27:43  자이로:-0.763,-4.763,-2.588
16:27:43  자력계:-52.500,78.750,-50.400
16:27:43  IMU방향유효:0
16:27:43  IMU방향:332.1
16:27:43  방향가속도크기:9.76
16:27:43  방향자이로크기:5.47
16:27:43  방향자세cos:0.8429
16:27:43  자기모델잔차:14.35
16:27:43  자기모델반경:1.209
16:27:43  방향채택:71
16:27:43  방향거부:151029
16:27:43  송신:12204
16:27:43  GPS위성:7
16:27:43  GPS_HDOP:1.45
16:27:43  원시위도:37.496163
16:27:43  원시경도:126.955227
16:27:43  GPS채택:1796
16:27:43  GPS이상치거부:7
16:27:43  GPS품질거부:34
16:27:43  GPS재기준:0
16:27:43  RSSI원시:-74
16:27:43  RSSI평활:-72.9
16:27:43  RSSI샘플:20953
16:27:43  RSSI경과ms:109
16:27:43  차량수신:10412
16:27:43  시각ms:1265533
16:27:43  IMU시각ms:1265521
16:27:43  위험:0
16:27:43  GPS유효:1
16:27:43  위도:37.496189
16:27:43  경도:126.955215
16:27:43  속도:0.022
16:27:43  방향:0.0
16:27:43  GPS원시속도:0.062
16:27:43  GPS원시방향유효:1
16:27:43  GPS원시방향:323.4
16:27:43  가속도:8.131,5.296,-0.431
16:27:43  자이로:-0.824,-0.885,-4.878
16:27:43  자력계:-51.300,77.250,-49.950
16:27:43  IMU방향유효:0
16:27:43  IMU방향:332.1
16:27:43  방향가속도크기:9.71
16:27:43  방향자이로크기:5.03
16:27:43  방향자세cos:0.7364
16:27:43  자기모델잔차:14.35
16:27:43  자기모델반경:1.209
16:27:43  방향채택:71
16:27:43  방향거부:151054
16:27:43  송신:12206
16:27:43  GPS위성:7
16:27:43  GPS_HDOP:1.45
16:27:43  원시위도:37.496163
16:27:43  원시경도:126.955227
16:27:43  GPS채택:1796
16:27:43  GPS이상치거부:7
16:27:43  GPS품질거부:34
16:27:43  GPS재기준:0
16:27:43  RSSI원시:-71
16:27:43  RSSI평활:-73.2
16:27:43  RSSI샘플:20955
16:27:43  RSSI경과ms:3
16:27:43  차량수신:10412
16:27:43  시각ms:1265741
16:27:43  IMU시각ms:1265729
16:27:43  위험:0
16:27:43  GPS유효:1
16:27:43  위도:37.496189
16:27:43  경도:126.955215
16:27:43  속도:0.022
16:27:43  방향:0.0
16:27:43  GPS원시속도:0.062
16:27:43  GPS원시방향유효:1
16:27:43  GPS원시방향:323.4
16:27:43  가속도:6.972,6.436,2.102
16:27:43  자이로:-1.008,1.924,-1.084
16:27:43  자력계:-51.900,80.100,-50.550
16:27:43  IMU방향유효:0
16:27:43  IMU방향:332.1
16:27:43  방향가속도크기:9.72
16:27:43  방향자이로크기:2.43
16:27:43  방향자세cos:0.8916
16:27:43  자기모델잔차:14.35
16:27:43  자기모델반경:1.209
16:27:43  방향채택:71
16:27:43  방향거부:151079
16:27:43  송신:12208
16:27:43  GPS위성:7
16:27:43  GPS_HDOP:1.45
16:27:43  원시위도:37.496163
16:27:43  원시경도:126.955227
16:27:43  GPS채택:1796
16:27:43  GPS이상치거부:7
16:27:43  GPS품질거부:34
16:27:43  GPS재기준:0
16:27:43  RSSI원시:-69
16:27:43  RSSI평활:-71.3
16:27:43  RSSI샘플:20958
16:27:43  RSSI경과ms:85
16:27:43  차량수신:10414
16:27:43  시각ms:1265845
16:27:43  IMU시각ms:1265833
16:27:43  위험:0
16:27:43  GPS유효:1
16:27:43  위도:37.496189
16:27:43  경도:126.955215
16:27:43  속도:0.022
16:27:43  방향:0.0
16:27:43  GPS원시속도:0.062
16:27:43  GPS원시방향유효:1
16:27:43  GPS원시방향:323.4
16:27:43  가속도:7.566,5.823,0.527
16:27:43  자이로:5.252,8.053,3.794
16:27:43  자력계:-50.700,78.600,-48.300
16:27:43  IMU방향유효:0
16:27:43  IMU방향:332.1
16:27:43  방향가속도크기:9.56
16:27:43  방향자이로크기:10.34
16:27:43  방향자세cos:0.8052
16:27:43  자기모델잔차:14.35
16:27:43  자기모델반경:1.209
16:27:43  방향채택:71
16:27:43  방향거부:151092
16:27:43  송신:12209
16:27:43  GPS위성:7
16:27:43  GPS_HDOP:1.45
16:27:43  원시위도:37.496163
16:27:43  원시경도:126.955227
16:27:43  GPS채택:1796
16:27:43  GPS이상치거부:7
16:27:43  GPS품질거부:34
16:27:43  GPS재기준:0
16:27:43  RSSI원시:-73
16:27:43  RSSI평활:-71.6
16:27:43  RSSI샘플:20959
16:27:43  RSSI경과ms:83
16:27:43  차량수신:10415
16:27:43  시각ms:1265949
16:27:43  IMU시각ms:1265937
16:27:43  위험:0
16:27:43  GPS유효:1
16:27:43  위도:37.496189
16:27:43  경도:126.955215
16:27:43  속도:0.022
16:27:43  방향:0.0
16:27:43  GPS원시속도:0.062
16:27:43  GPS원시방향유효:1
16:27:43  GPS원시방향:323.4
16:27:43  가속도:7.269,6.014,1.413
16:27:43  자이로:4.176,1.504,1.206
16:27:43  자력계:-52.050,77.250,-50.400
16:27:43  IMU방향유효:0
16:27:43  IMU방향:332.1
16:27:43  방향가속도크기:9.54
16:27:43  방향자이로크기:4.60
16:27:43  방향자세cos:0.8581
16:27:43  자기모델잔차:14.35
16:27:43  자기모델반경:1.209
16:27:43  방향채택:71
16:27:43  방향거부:151105
16:27:43  송신:12210
16:27:43  GPS위성:7
16:27:43  GPS_HDOP:1.45
16:27:43  원시위도:37.496163
16:27:43  원시경도:126.955227
16:27:43  GPS채택:1796
16:27:43  GPS이상치거부:7
16:27:43  GPS품질거부:34
16:27:43  GPS재기준:0
16:27:43  RSSI원시:-73
16:27:43  RSSI평활:-71.6
16:27:43  RSSI샘플:20959
16:27:43  RSSI경과ms:187
16:27:43  차량수신:10415
16:27:44  시각ms:1266778
16:27:44  IMU시각ms:1266766
16:27:44  위험:0
16:27:44  GPS유효:1
16:27:44  위도:37.496197
16:27:44  경도:126.955231
16:27:44  속도:0.030
16:27:44  방향:0.0
16:27:44  GPS원시속도:0.046
16:27:44  GPS원시방향유효:1
16:27:44  GPS원시방향:323.4
16:27:44  가속도:7.791,5.488,0.699
16:27:44  자이로:-2.786,0.450,-0.183
16:27:44  자력계:-52.050,78.750,-51.900
16:27:44  IMU방향유효:0
16:27:44  IMU방향:332.1
16:27:44  방향가속도크기:9.55
16:27:44  방향자이로크기:2.83
16:27:44  방향자세cos:0.8131
16:27:44  자기모델잔차:14.35
16:27:44  자기모델반경:1.209
16:27:44  방향채택:71
16:27:44  방향거부:151204
16:27:44  송신:12218
16:27:44  GPS위성:7
16:27:44  GPS_HDOP:1.07
16:27:44  원시위도:37.496207
16:27:44  원시경도:126.955243
16:27:44  GPS채택:1797
16:27:44  GPS이상치거부:7
16:27:44  GPS품질거부:34
16:27:44  GPS재기준:0
16:27:44  RSSI원시:-81
16:27:44  RSSI평활:-79.8
16:27:44  RSSI샘플:20972
16:27:44  RSSI경과ms:88
16:27:44  차량수신:10421
16:27:44  시각ms:1266882
16:27:44  IMU시각ms:1266870
16:27:44  위험:0
16:27:44  GPS유효:1
16:27:44  위도:37.496197
16:27:44  경도:126.955231
16:27:44  속도:0.030
16:27:44  방향:0.0
16:27:44  GPS원시속도:0.046
16:27:44  GPS원시방향유효:1
16:27:44  GPS원시방향:323.4
16:27:44  가속도:7.633,5.693,1.025
16:27:44  자이로:0.076,0.893,1.420
16:27:44  자력계:-52.050,78.000,-49.650
16:27:44  IMU방향유효:0
16:27:44  IMU방향:332.1
16:27:44  방향가속도크기:9.58
16:27:44  방향자이로크기:1.68
16:27:44  방향자세cos:0.8341
16:27:44  자기모델잔차:14.35
16:27:44  자기모델반경:1.209
16:27:44  방향채택:71
16:27:44  방향거부:151217
16:27:44  송신:12219
16:27:44  GPS위성:7
16:27:44  GPS_HDOP:1.07
16:27:44  원시위도:37.496207
16:27:44  원시경도:126.955243
16:27:44  GPS채택:1797
16:27:44  GPS이상치거부:7
16:27:44  GPS품질거부:34
16:27:44  GPS재기준:0
16:27:44  RSSI원시:-77
16:27:44  RSSI평활:-78.6
16:27:44  RSSI샘플:20974
16:27:44  RSSI경과ms:82
16:27:44  차량수신:10422
16:27:45  시각ms:1267404
16:27:45  IMU시각ms:1267392
16:27:45  위험:0
16:27:45  GPS유효:1
16:27:45  위도:37.496208
16:27:45  경도:126.955238
16:27:45  속도:0.045
16:27:45  방향:0.0
16:27:45  GPS원시속도:0.072
16:27:45  GPS원시방향유효:1
16:27:45  GPS원시방향:323.4
16:27:45  가속도:7.819,5.444,0.881
16:27:45  자이로:-1.084,-2.687,1.893
16:27:45  자력계:-50.550,78.300,-49.650
16:27:45  IMU방향유효:0
16:27:45  IMU방향:332.1
16:27:45  방향가속도크기:9.57
16:27:45  방향자이로크기:3.46
16:27:45  방향자세cos:0.8234
16:27:45  자기모델잔차:14.35
16:27:45  자기모델반경:1.209
16:27:45  방향채택:71
16:27:45  방향거부:151281
16:27:45  송신:12224
16:27:45  GPS위성:7
16:27:45  GPS_HDOP:1.07
16:27:45  원시위도:37.496223
16:27:45  원시경도:126.955248
16:27:45  GPS채택:1798
16:27:45  GPS이상치거부:7
16:27:45  GPS품질거부:34
16:27:45  GPS재기준:0
16:27:45  RSSI원시:-75
16:27:45  RSSI평활:-76.1
16:27:45  RSSI샘플:20981
16:27:45  RSSI경과ms:75
16:27:45  차량수신:10426
16:27:45  시각ms:1267612
16:27:45  IMU시각ms:1267600
16:27:45  위험:0
16:27:45  GPS유효:1
16:27:45  위도:37.496208
16:27:45  경도:126.955238
16:27:45  속도:0.045
16:27:45  방향:0.0
16:27:45  GPS원시속도:0.072
16:27:45  GPS원시방향유효:1
16:27:45  GPS원시방향:323.4
16:27:45  가속도:7.575,5.751,1.020
16:27:45  자이로:-2.740,3.076,-0.611
16:27:45  자력계:-52.800,77.250,-51.150
16:27:45  IMU방향유효:0
16:27:45  IMU방향:332.1
16:27:45  방향가속도크기:9.57
16:27:45  방향자이로크기:4.16
16:27:45  방향자세cos:0.8343
16:27:45  자기모델잔차:14.35
16:27:45  자기모델반경:1.209
16:27:45  방향채택:71
16:27:45  방향거부:151306
16:27:45  송신:12226
16:27:45  GPS위성:7
16:27:45  GPS_HDOP:1.07
16:27:45  원시위도:37.496223
16:27:45  원시경도:126.955248
16:27:45  GPS채택:1798
16:27:45  GPS이상치거부:7
16:27:45  GPS품질거부:34
16:27:45  GPS재기준:0
16:27:45  RSSI원시:-70
16:27:45  RSSI평활:-73.9
16:27:45  RSSI샘플:20984
16:27:45  RSSI경과ms:72
16:27:45  차량수신:10428
16:27:45  시각ms:1267716
16:27:45  IMU시각ms:1267704
16:27:45  위험:0
16:27:45  GPS유효:1
16:27:45  위도:37.496208
16:27:45  경도:126.955238
16:27:45  속도:0.045
16:27:45  방향:0.0
16:27:45  GPS원시속도:0.072
16:27:45  GPS원시방향유효:1
16:27:45  GPS원시방향:323.4
16:27:45  가속도:7.776,5.507,0.838
16:27:45  자이로:-2.756,-2.443,2.389
16:27:45  자력계:-51.750,77.250,-50.700
16:27:45  IMU방향유효:0
16:27:45  IMU방향:332.1
16:27:45  방향가속도크기:9.57
16:27:45  방향자이로크기:4.39
16:27:45  방향자세cos:0.8215
16:27:45  자기모델잔차:14.35
16:27:45  자기모델반경:1.209
16:27:45  방향채택:71
16:27:45  방향거부:151319
16:27:45  송신:12227
16:27:45  GPS위성:7
16:27:45  GPS_HDOP:1.07
16:27:45  원시위도:37.496223
16:27:45  원시경도:126.955248
16:27:45  GPS채택:1798
16:27:45  GPS이상치거부:7
16:27:45  GPS품질거부:34
16:27:45  GPS재기준:0
16:27:45  RSSI원시:-74
16:27:45  RSSI평활:-73.8
16:27:45  RSSI샘플:20986
16:27:45  RSSI경과ms:70
16:27:45  차량수신:10429
16:27:45  시각ms:1267820
16:27:45  IMU시각ms:1267808
16:27:45  위험:0
16:27:45  GPS유효:1
16:27:45  위도:37.496208
16:27:45  경도:126.955238
16:27:45  속도:0.045
16:27:45  방향:0.0
16:27:45  GPS원시속도:0.072
16:27:45  GPS원시방향유효:1
16:27:45  GPS원시방향:323.4
16:27:45  가속도:7.977,5.334,0.967
16:27:45  자이로:-0.702,-0.931,1.473
16:27:45  자력계:-52.800,78.750,-51.450
16:27:45  IMU방향유효:0
16:27:45  IMU방향:332.1
16:27:45  방향가속도크기:9.65
16:27:45  방향자이로크기:1.88
16:27:45  방향자세cos:0.8263
16:27:45  자기모델잔차:14.35
16:27:45  자기모델반경:1.209
16:27:45  방향채택:71
16:27:45  방향거부:151332
16:27:45  송신:12228
16:27:45  GPS위성:7
16:27:45  GPS_HDOP:1.07
16:27:45  원시위도:37.496223
16:27:45  원시경도:126.955248
16:27:45  GPS채택:1798
16:27:45  GPS이상치거부:7
16:27:45  GPS품질거부:34
16:27:45  GPS재기준:0
16:27:45  RSSI원시:-70
16:27:45  RSSI평활:-72.4
16:27:45  RSSI샘플:20988
16:27:45  RSSI경과ms:3
16:27:45  차량수신:10430
16:27:45  시각ms:1267922
16:27:45  IMU시각ms:1267910
16:27:45  위험:0
16:27:45  GPS유효:1
16:27:45  위도:37.496208
16:27:45  경도:126.955238
16:27:45  속도:0.045
16:27:45  방향:0.0
16:27:45  GPS원시속도:0.072
16:27:45  GPS원시방향유효:1
16:27:45  GPS원시방향:323.4
16:27:45  가속도:7.872,5.401,0.646
16:27:45  자이로:0.634,2.466,-0.809
16:27:45  자력계:-53.400,78.150,-49.800
16:27:45  IMU방향유효:0
16:27:45  IMU방향:332.1
16:27:45  방향가속도크기:9.57
16:27:45  방향자이로크기:2.67
16:27:45  방향자세cos:0.8088
16:27:45  자기모델잔차:14.35
16:27:45  자기모델반경:1.209
16:27:45  방향채택:71
16:27:45  방향거부:151344
16:27:45  송신:12229
16:27:45  GPS위성:7
16:27:45  GPS_HDOP:1.07
16:27:45  원시위도:37.496223
16:27:45  원시경도:126.955248
16:27:45  GPS채택:1798
16:27:45  GPS이상치거부:7
16:27:45  GPS품질거부:34
16:27:45  GPS재기준:0
16:27:45  RSSI원시:-73
16:27:45  RSSI평활:-72.5
16:27:45  RSSI샘플:20989
16:27:45  RSSI경과ms:71
16:27:45  차량수신:10431
16:27:45  시각ms:1268026
16:27:45  IMU시각ms:1268014
16:27:45  위험:0
16:27:45  GPS유효:1
16:27:45  위도:37.496208
16:27:45  경도:126.955238
16:27:45  속도:0.045
16:27:45  방향:0.0
16:27:45  GPS원시속도:0.072
16:27:45  GPS원시방향유효:1
16:27:45  GPS원시방향:323.4
16:27:45  가속도:7.537,5.842,0.943
16:27:45  자이로:-1.931,-3.176,3.969
16:27:45  자력계:-52.800,78.300,-50.700
16:27:45  IMU방향유효:0
16:27:45  IMU방향:332.1
16:27:45  방향가속도크기:9.58
16:27:45  방향자이로크기:5.44
16:27:45  방향자세cos:0.8303
16:27:45  자기모델잔차:14.35
16:27:45  자기모델반경:1.209
16:27:45  방향채택:71
16:27:45  방향거부:151357
16:27:45  송신:12230
16:27:45  GPS위성:7
16:27:45  GPS_HDOP:1.07
16:27:45  원시위도:37.496223
16:27:45  원시경도:126.955248
16:27:45  GPS채택:1798
16:27:45  GPS이상치거부:7
16:27:45  GPS품질거부:34
16:27:45  GPS재기준:0
16:27:45  RSSI원시:-73
16:27:45  RSSI평활:-73.3
16:27:45  RSSI샘플:20992
16:27:45  RSSI경과ms:1
16:27:45  차량수신:10432
16:27:45  시각ms:1268128
16:27:45  IMU시각ms:1268116
16:27:45  위험:0
16:27:45  GPS유효:1
16:27:45  위도:37.496208
16:27:45  경도:126.955238
16:27:45  속도:0.045
16:27:45  방향:0.0
16:27:45  GPS원시속도:0.072
16:27:45  GPS원시방향유효:1
16:27:45  GPS원시방향:323.4
16:27:45  가속도:8.212,5.009,0.838
16:27:45  자이로:-4.542,-3.450,1.328
16:27:45  자력계:-53.250,78.300,-50.700
16:27:45  IMU방향유효:0
16:27:45  IMU방향:332.1
16:27:45  방향가속도크기:9.66
16:27:45  방향자이로크기:5.86
16:27:45  방향자세cos:0.8139
16:27:45  자기모델잔차:14.35
16:27:45  자기모델반경:1.209
16:27:45  방향채택:71
16:27:45  방향거부:151369
16:27:45  송신:12231
16:27:45  GPS위성:7
16:27:45  GPS_HDOP:1.07
16:27:45  원시위도:37.496223
16:27:45  원시경도:126.955248
16:27:45  GPS채택:1798
16:27:45  GPS이상치거부:7
16:27:45  GPS품질거부:34
16:27:45  GPS재기준:0
16:27:45  RSSI원시:-76
16:27:45  RSSI평활:-74.6
16:27:45  RSSI샘플:20994
16:27:45  RSSI경과ms:1
16:27:45  차량수신:10433
16:27:45  시각ms:1268334
16:27:45  IMU시각ms:1268322
16:27:45  위험:0
16:27:45  GPS유효:1
16:27:45  위도:37.496220
16:27:45  경도:126.955246
16:27:46  속도:0.065
16:27:46  방향:0.0
16:27:46  GPS원시속도:0.103
16:27:46  GPS원시방향유효:1
16:27:46  GPS원시방향:323.4
16:27:46  가속도:7.886,5.459,0.819
16:27:46  자이로:-1.221,1.542,-0.031
16:27:46  자력계:-49.950,78.900,-50.550
16:27:46  IMU방향유효:0
16:27:46  IMU방향:332.1
16:27:46  방향가속도크기:9.63
16:27:46  방향자이로크기:1.97
16:27:46  방향자세cos:0.8192
16:27:46  자기모델잔차:14.35
16:27:46  자기모델반경:1.209
16:27:46  방향채택:71
16:27:46  방향거부:151393
16:27:46  송신:12233
16:27:46  GPS위성:7
16:27:46  GPS_HDOP:1.45
16:27:46  원시위도:37.496235
16:27:46  원시경도:126.955252
16:27:46  GPS채택:1799
16:27:46  GPS이상치거부:7
16:27:46  GPS품질거부:34
16:27:46  GPS재기준:0
16:27:46  RSSI원시:-71
16:27:46  RSSI평활:-75.1
16:27:46  RSSI샘플:20997
16:27:46  RSSI경과ms:62
16:27:46  차량수신:10435
16:27:46  시각ms:1268439
16:27:46  IMU시각ms:1268427
16:27:46  위험:0
16:27:46  GPS유효:1
16:27:46  위도:37.496220
16:27:46  경도:126.955246
16:27:46  속도:0.065
16:27:46  방향:0.0
16:27:46  GPS원시속도:0.103
16:27:46  GPS원시방향유효:1
16:27:46  GPS원시방향:323.4
16:27:46  가속도:7.920,5.569,0.857
16:27:46  자이로:-2.214,-3.389,-0.473
16:27:46  자력계:-51.450,78.600,-50.550
16:27:46  IMU방향유효:0
16:27:46  IMU방향:332.1
16:27:46  방향가속도크기:9.72
16:27:46  방향자이로크기:4.08
16:27:46  방향자세cos:0.8216
16:27:46  자기모델잔차:14.35
16:27:46  자기모델반경:1.209
16:27:46  방향채택:71
16:27:46  방향거부:151406
16:27:46  송신:12234
16:27:46  GPS위성:7
16:27:46  GPS_HDOP:1.45
16:27:46  원시위도:37.496235
16:27:46  원시경도:126.955252
16:27:46  GPS채택:1799
16:27:46  GPS이상치거부:7
16:27:46  GPS품질거부:34
16:27:46  GPS재기준:0
16:27:46  RSSI원시:-74
16:27:46  RSSI평활:-72.9
16:27:46  RSSI샘플:21000
16:27:46  RSSI경과ms:4
16:27:46  차량수신:10436
16:27:46  시각ms:1268752
16:27:46  IMU시각ms:1268740
16:27:46  위험:0
16:27:46  GPS유효:1
16:27:46  위도:37.496220
16:27:46  경도:126.955246
16:27:46  속도:0.065
16:27:46  방향:0.0
16:27:46  GPS원시속도:0.103
16:27:46  GPS원시방향유효:1
16:27:46  GPS원시방향:323.4
16:27:46  가속도:8.179,5.080,0.905
16:27:46  자이로:0.374,-1.992,-2.695
16:27:46  자력계:-52.050,78.750,-49.350
16:27:46  IMU방향유효:0
16:27:46  IMU방향:332.1
16:27:46  방향가속도크기:9.67
16:27:46  방향자이로크기:3.37
16:27:46  방향자세cos:0.8188
16:27:46  자기모델잔차:14.35
16:27:46  자기모델반경:1.209
16:27:46  방향채택:71
16:27:46  방향거부:151444
16:27:46  송신:12237
16:27:46  GPS위성:7
16:27:46  GPS_HDOP:1.45
16:27:46  원시위도:37.496235
16:27:46  원시경도:126.955252
16:27:46  GPS채택:1799
16:27:46  GPS이상치거부:7
16:27:46  GPS품질거부:34
16:27:46  GPS재기준:0
16:27:46  RSSI원시:-69
16:27:46  RSSI평활:-72.2
16:27:46  RSSI샘플:21005
16:27:46  RSSI경과ms:55
16:27:46  차량수신:10439
16:27:47  시각ms:1269368
16:27:47  IMU시각ms:1269356
16:27:47  위험:0
16:27:47  GPS유효:1
16:27:47  위도:37.496231
16:27:47  경도:126.955246
16:27:47  속도:0.077
16:27:47  방향:0.0
16:27:47  GPS원시속도:0.098
16:27:47  GPS원시방향유효:1
16:27:47  GPS원시방향:323.4
16:27:47  가속도:7.944,5.411,1.111
16:27:47  자이로:-2.710,-1.611,0.847
16:27:47  자력계:-53.550,79.050,-49.350
16:27:47  IMU방향유효:0
16:27:47  IMU방향:332.1
16:27:47  방향가속도크기:9.68
16:27:47  방향자이로크기:3.26
16:27:47  방향자세cos:0.8351
16:27:47  자기모델잔차:14.35
16:27:47  자기모델반경:1.209
16:27:47  방향채택:71
16:27:47  방향거부:151517
16:27:47  송신:12243
16:27:47  GPS위성:7
16:27:47  GPS_HDOP:1.38
16:27:47  원시위도:37.496244
16:27:47  원시경도:126.955256
16:27:47  GPS채택:1800
16:27:47  GPS이상치거부:7
16:27:47  GPS품질거부:34
16:27:47  GPS재기준:0
16:27:47  RSSI원시:-72
16:27:47  RSSI평활:-71.5
16:27:47  RSSI샘플:21018
16:27:47  RSSI경과ms:4
16:27:47  차량수신:10445
16:27:47  시각ms:1269677
16:27:47  IMU시각ms:1269665
16:27:47  위험:0
16:27:47  GPS유효:1
16:27:47  위도:37.496231
16:27:47  경도:126.955246
16:27:47  속도:0.077
16:27:47  방향:0.0
16:27:47  GPS원시속도:0.098
16:27:47  GPS원시방향유효:1
16:27:47  GPS원시방향:323.4
16:27:47  가속도:8.021,5.306,0.795
16:27:47  자이로:-1.160,-0.221,0.084
16:27:47  자력계:-50.700,78.600,-49.800
16:27:47  IMU방향유효:0
16:27:47  IMU방향:332.1
16:27:47  방향가속도크기:9.65
16:27:47  방향자이로크기:1.18
16:27:47  방향자세cos:0.8157
16:27:47  자기모델잔차:14.35
16:27:47  자기모델반경:1.209
16:27:47  방향채택:71
16:27:47  방향거부:151553
16:27:47  송신:12246
16:27:47  GPS위성:7
16:27:47  GPS_HDOP:1.38
16:27:47  원시위도:37.496244
16:27:47  원시경도:126.955256
16:27:47  GPS채택:1800
16:27:47  GPS이상치거부:7
16:27:47  GPS품질거부:34
16:27:47  GPS재기준:0
16:27:47  RSSI원시:-75
16:27:47  RSSI평활:-71.1
16:27:47  RSSI샘플:21023
16:27:47  RSSI경과ms:24
16:27:47  차량수신:10448
16:27:47  시각ms:1269781
16:27:47  IMU시각ms:1269769
16:27:47  위험:0
16:27:47  GPS유효:1
16:27:47  위도:37.496231
16:27:47  경도:126.955246
16:27:47  속도:0.077
16:27:47  방향:0.0
16:27:47  GPS원시속도:0.098
16:27:47  GPS원시방향유효:1
16:27:47  GPS원시방향:323.4
16:27:47  가속도:7.958,5.277,0.934
16:27:47  자이로:-2.794,-0.969,-3.099
16:27:47  자력계:-52.650,78.900,-49.800
16:27:47  IMU방향유효:0
16:27:47  IMU방향:332.1
16:27:47  방향가속도크기:9.59
16:27:47  방향자이로크기:4.28
16:27:47  방향자세cos:0.8242
16:27:47  자기모델잔차:14.35
16:27:47  자기모델반경:1.209
16:27:47  방향채택:71
16:27:47  방향거부:151566
16:27:47  송신:12247
16:27:47  GPS위성:7
16:27:47  GPS_HDOP:1.38
16:27:47  원시위도:37.496244
16:27:47  원시경도:126.955256
16:27:47  GPS채택:1800
16:27:47  GPS이상치거부:7
16:27:47  GPS품질거부:34
16:27:47  GPS재기준:0
16:27:47  RSSI원시:-71
16:27:47  RSSI평활:-70.8
16:27:47  RSSI샘플:21026
16:27:47  RSSI경과ms:3
16:27:47  차량수신:10449
16:27:48  시각ms:1270498
16:27:48  IMU시각ms:1270486
16:27:48  위험:0
16:27:48  GPS유효:1
16:27:48  위도:37.496235
16:27:48  경도:126.955254
16:27:48  속도:0.095
16:27:48  방향:0.0
16:27:48  GPS원시속도:0.129
16:27:48  GPS원시방향유효:1
16:27:48  GPS원시방향:323.4
16:27:48  가속도:7.599,5.454,0.642
16:27:48  자이로:-3.000,-1.748,2.504
16:27:48  자력계:-49.650,78.600,-48.300
16:27:48  IMU방향유효:0
16:27:48  IMU방향:332.1
16:27:48  방향가속도크기:9.38
16:27:48  방향자이로크기:4.28
16:27:48  방향자세cos:0.8110
16:27:48  자기모델잔차:14.35
16:27:48  자기모델반경:1.209
16:27:48  방향채택:71
16:27:48  방향거부:151650
16:27:48  송신:12254
16:27:48  GPS위성:7
16:27:48  GPS_HDOP:1.45
16:27:48  원시위도:37.496244
16:27:48  원시경도:126.955265
16:27:48  GPS채택:1801
16:27:48  GPS이상치거부:7
16:27:48  GPS품질거부:34
16:27:48  GPS재기준:0
16:27:48  RSSI원시:-69
16:27:48  RSSI평활:-68.0
16:27:48  RSSI샘플:21040
16:27:48  RSSI경과ms:3
16:27:48  차량수신:10456
16:27:48  시각ms:1271422
16:27:49  IMU시각ms:1271410
16:27:49  위험:0
16:27:49  GPS유효:1
16:27:49  위도:37.496243
16:27:49  경도:126.955261
16:27:49  속도:0.103
16:27:49  방향:0.0
16:27:49  GPS원시속도:0.118
16:27:49  GPS원시방향유효:1
16:27:49  GPS원시방향:323.4
16:27:49  가속도:7.719,5.698,0.871
16:27:49  자이로:-3.924,2.931,-2.947
16:27:49  자력계:-51.300,80.700,-49.650
16:27:49  IMU방향유효:0
16:27:49  IMU방향:332.1
16:27:49  방향가속도크기:9.63
16:27:49  방향자이로크기:5.72
16:27:49  방향자세cos:0.8245
16:27:49  자기모델잔차:14.35
16:27:49  자기모델반경:1.209
16:27:49  방향채택:71
16:27:49  방향거부:151758
16:27:49  송신:12263
16:27:49  GPS위성:7
16:27:49  GPS_HDOP:1.07
16:27:49  원시위도:37.496250
16:27:49  원시경도:126.955267
16:27:49  GPS채택:1802
16:27:49  GPS이상치거부:7
16:27:49  GPS품질거부:34
16:27:49  GPS재기준:0
16:27:49  RSSI원시:-60
16:27:49  RSSI평활:-62.3
16:27:49  RSSI샘플:21057
16:27:49  RSSI경과ms:6
16:27:49  차량수신:10464
16:27:49  시각ms:1272039
16:27:49  IMU시각ms:1272027
16:27:49  위험:0
16:27:49  GPS유효:1
16:27:49  위도:37.496243
16:27:49  경도:126.955261
16:27:49  속도:0.103
16:27:49  방향:0.0
16:27:49  GPS원시속도:0.118
16:27:49  GPS원시방향유효:1
16:27:49  GPS원시방향:323.4
16:27:49  가속도:7.944,5.358,0.694
16:27:49  자이로:-1.679,1.031,-1.870
16:27:49  자력계:-50.550,80.700,-48.150
16:27:49  IMU방향유효:0
16:27:49  IMU방향:332.1
16:27:49  방향가속도크기:9.61
16:27:49  방향자이로크기:2.72
16:27:49  방향자세cos:0.8108
16:27:49  자기모델잔차:14.35
16:27:49  자기모델반경:1.209
16:27:49  방향채택:71
16:27:49  방향거부:151831
16:27:49  송신:12269
16:27:49  GPS위성:7
16:27:49  GPS_HDOP:1.07
16:27:49  원시위도:37.496250
16:27:49  원시경도:126.955267
16:27:49  GPS채택:1802
16:27:49  GPS이상치거부:7
16:27:49  GPS품질거부:34
16:27:49  GPS재기준:0
16:27:49  RSSI원시:-61
16:27:49  RSSI평활:-60.7
16:27:49  RSSI샘플:21068
16:27:49  RSSI경과ms:2
16:27:49  차량수신:10469
16:27:49  시각ms:1272141
16:27:49  IMU시각ms:1272129
16:27:49  위험:0
16:27:49  GPS유효:1
16:27:49  위도:37.496243
16:27:49  경도:126.955261
16:27:49  속도:0.103
16:27:49  방향:0.0
16:27:49  GPS원시속도:0.118
16:27:49  GPS원시방향유효:1
16:27:49  GPS원시방향:323.4
16:27:49  가속도:7.441,5.827,1.087
16:27:49  자이로:-4.458,-3.870,-0.450
16:27:49  자력계:-51.900,80.400,-50.250
16:27:49  IMU방향유효:0
16:27:49  IMU방향:332.1
16:27:49  방향가속도크기:9.51
16:27:49  방향자이로크기:5.92
16:27:49  방향자세cos:0.8392
16:27:49  자기모델잔차:14.35
16:27:49  자기모델반경:1.209
16:27:49  방향채택:71
16:27:49  방향거부:151843
16:27:49  송신:12270
16:27:49  GPS위성:7
16:27:49  GPS_HDOP:1.07
16:27:49  원시위도:37.496250
16:27:49  원시경도:126.955267
16:27:49  GPS채택:1802
16:27:49  GPS이상치거부:7
16:27:49  GPS품질거부:34
16:27:49  GPS재기준:0
16:27:49  RSSI원시:-61
16:27:49  RSSI평활:-60.8
16:27:49  RSSI샘플:21069
16:27:49  RSSI경과ms:71
16:27:49  차량수신:10470
16:27:49  시각ms:1272245
16:27:49  IMU시각ms:1272233
16:27:49  위험:0
16:27:49  GPS유효:1
16:27:49  위도:37.496246
16:27:49  경도:126.955261
16:27:49  속도:0.105
16:27:49  방향:0.0
16:27:49  GPS원시속도:0.108
16:27:49  GPS원시방향유효:1
16:27:49  GPS원시방향:323.4
16:27:49  가속도:8.241,4.946,0.728
16:27:49  자이로:-7.244,-8.282,5.282
16:27:49  자력계:-50.250,79.950,-49.650
16:27:49  IMU방향유효:0
16:27:49  IMU방향:332.1
16:27:49  방향가속도크기:9.64
16:27:49  방향자이로크기:12.21
16:27:49  방향자세cos:0.8065
16:27:49  자기모델잔차:14.35
16:27:49  자기모델반경:1.209
16:27:49  방향채택:71
16:27:49  방향거부:151856
16:27:49  송신:12271
16:27:49  GPS위성:7
16:27:49  GPS_HDOP:1.45
16:27:49  원시위도:37.496249
16:27:49  원시경도:126.955269
16:27:49  GPS채택:1803
16:27:49  GPS이상치거부:7
16:27:49  GPS품질거부:34
16:27:49  GPS재기준:0
16:27:49  RSSI원시:-61
16:27:49  RSSI평활:-60.9
16:27:49  RSSI샘플:21072
16:27:49  RSSI경과ms:1
16:27:49  차량수신:10471
16:27:49  시각ms:1272348
16:27:49  IMU시각ms:1272336
16:27:49  위험:0
16:27:49  GPS유효:1
16:27:49  위도:37.496246
16:27:49  경도:126.955261
16:27:49  속도:0.105
16:27:49  방향:0.0
16:27:49  GPS원시속도:0.108
16:27:49  GPS원시방향유효:1
16:27:49  GPS원시방향:323.4
16:27:49  가속도:7.891,5.310,0.666
16:27:49  자이로:0.038,2.473,-2.725
16:27:49  자력계:-49.800,78.300,-48.150
16:27:49  IMU방향유효:0
16:27:49  IMU방향:332.1
16:27:49  방향가속도크기:9.53
16:27:49  방향자이로크기:3.68
16:27:49  방향자세cos:0.8092
16:27:49  자기모델잔차:14.35
16:27:49  자기모델반경:1.209
16:27:49  방향채택:71
16:27:49  방향거부:151868
16:27:49  송신:12272
16:27:49  GPS위성:7
16:27:49  GPS_HDOP:1.45
16:27:49  원시위도:37.496249
16:27:49  원시경도:126.955269
16:27:49  GPS채택:1803
16:27:49  GPS이상치거부:7
16:27:49  GPS품질거부:34
16:27:49  GPS재기준:0
16:27:49  RSSI원시:-62
16:27:49  RSSI평활:-61.3
16:27:49  RSSI샘플:21074
16:27:49  RSSI경과ms:1
16:27:49  차량수신:10472
16:27:50  시각ms:1273176
16:27:50  IMU시각ms:1273164
16:27:50  위험:0
16:27:50  GPS유효:1
16:27:50  위도:37.496246
16:27:50  경도:126.955261
16:27:50  속도:0.105
16:27:50  방향:0.0
16:27:50  GPS원시속도:0.108
16:27:50  GPS원시방향유효:1
16:27:50  GPS원시방향:323.4
16:27:50  가속도:8.016,5.478,0.953
16:27:50  자이로:-2.939,-2.702,3.008
16:27:50  자력계:-49.800,79.500,-48.900
16:27:50  IMU방향유효:0
16:27:50  IMU방향:332.1
16:27:50  방향가속도크기:9.76
16:27:50  방향자이로크기:5.00
16:27:50  방향자세cos:0.8258
16:27:50  자기모델잔차:14.35
16:27:50  자기모델반경:1.209
16:27:50  방향채택:71
16:27:50  방향거부:151968
16:27:50  송신:12280
16:27:50  GPS위성:7
16:27:50  GPS_HDOP:1.45
16:27:50  원시위도:37.496249
16:27:50  원시경도:126.955269
16:27:50  GPS채택:1803
16:27:50  GPS이상치거부:7
16:27:50  GPS품질거부:34
16:27:50  GPS재기준:0
16:27:50  RSSI원시:-63
16:27:50  RSSI평활:-62.6
16:27:50  RSSI샘플:21090
16:27:50  RSSI경과ms:8
16:27:50  차량수신:10480
16:27:51  시각ms:1273489
16:27:51  IMU시각ms:1273477
16:27:51  위험:0
16:27:51  GPS유효:1
16:27:51  위도:37.496246
16:27:51  경도:126.955269
16:27:51  속도:0.113
16:27:51  방향:0.0
16:27:51  GPS원시속도:0.129
16:27:51  GPS원시방향유효:1
16:27:51  GPS원시방향:323.4
16:27:51  가속도:7.877,5.406,0.986
16:27:51  자이로:-4.466,1.458,-2.137
16:27:51  자력계:-51.750,79.950,-49.350
16:27:51  IMU방향유효:0
16:27:51  IMU방향:332.1
16:27:51  방향가속도크기:9.60
16:27:51  방향자이로크기:5.16
16:27:51  방향자세cos:0.8288
16:27:51  자기모델잔차:14.35
16:27:51  자기모델반경:1.209
16:27:51  방향채택:71
16:27:51  방향거부:152006
16:27:51  송신:12283
16:27:51  GPS위성:7
16:27:51  GPS_HDOP:1.07
16:27:51  원시위도:37.496246
16:27:51  원시경도:126.955272
16:27:51  GPS채택:1804
16:27:51  GPS이상치거부:7
16:27:51  GPS품질거부:34
16:27:51  GPS재기준:0
16:27:51  RSSI원시:-63
16:27:51  RSSI평활:-62.5
16:27:51  RSSI샘플:21096
16:27:51  RSSI경과ms:4
16:27:51  차량수신:10483
16:27:51  시각ms:1273592
16:27:51  IMU시각ms:1273580
16:27:51  위험:0
16:27:51  GPS유효:1
16:27:51  위도:37.496246
16:27:51  경도:126.955269
16:27:51  속도:0.113
16:27:51  방향:0.0
16:27:51  GPS원시속도:0.129
16:27:51  GPS원시방향유효:1
16:27:51  GPS원시방향:323.4
16:27:51  가속도:8.021,5.200,0.833
16:27:51  자이로:-0.221,-2.916,-0.481
16:27:51  자력계:-52.500,79.950,-48.150
16:27:51  IMU방향유효:0
16:27:51  IMU방향:332.1
16:27:51  방향가속도크기:9.60
16:27:51  방향자이로크기:2.96
16:27:51  방향자세cos:0.8172
16:27:51  자기모델잔차:14.35
16:27:51  자기모델반경:1.209
16:27:51  방향채택:71
16:27:51  방향거부:152018
16:27:51  송신:12284
16:27:51  GPS위성:7
16:27:51  GPS_HDOP:1.07
16:27:51  원시위도:37.496246
16:27:51  원시경도:126.955272
16:27:51  GPS채택:1804
16:27:51  GPS이상치거부:7
16:27:51  GPS품질거부:34
16:27:51  GPS재기준:0
16:27:51  RSSI원시:-62
16:27:51  RSSI평활:-62.4
16:27:51  RSSI샘플:21098
16:27:51  RSSI경과ms:2
16:27:51  차량수신:10484
16:27:51  시각ms:1274007
16:27:51  IMU시각ms:1273995
16:27:51  위험:0
16:27:51  GPS유효:1
16:27:51  위도:37.496246
16:27:51  경도:126.955269
16:27:51  속도:0.113
16:27:51  방향:0.0
16:27:51  GPS원시속도:0.129
16:27:51  GPS원시방향유효:1
16:27:51  GPS원시방향:323.4
16:27:51  가속도:8.188,5.071,0.555
16:27:51  자이로:1.832,-6.305,0.504
16:27:51  자력계:-51.450,79.650,-50.550
16:27:51  IMU방향유효:0
16:27:51  IMU방향:332.1
16:27:51  방향가속도크기:9.65
16:27:51  방향자이로크기:6.59
16:27:51  방향자세cos:0.7979
16:27:51  자기모델잔차:14.35
16:27:51  자기모델반경:1.209
16:27:51  방향채택:71
16:27:51  방향거부:152069
16:27:51  송신:12288
16:27:51  GPS위성:7
16:27:51  GPS_HDOP:1.07
16:27:51  원시위도:37.496246
16:27:51  원시경도:126.955272
16:27:51  GPS채택:1804
16:27:51  GPS이상치거부:7
16:27:51  GPS품질거부:34
16:27:51  GPS재기준:0
16:27:51  RSSI원시:-64
16:27:51  RSSI평활:-62.8
16:27:51  RSSI샘플:21106
16:27:51  RSSI경과ms:4
16:27:51  차량수신:10488
16:27:51  시각ms:1274109
16:27:51  IMU시각ms:1274097
16:27:51  위험:0
16:27:51  GPS유효:1
16:27:51  위도:37.496246
16:27:51  경도:126.955269
16:27:51  속도:0.113
16:27:51  방향:0.0
16:27:51  GPS원시속도:0.129
16:27:51  GPS원시방향유효:1
16:27:51  GPS원시방향:323.4
16:27:51  가속도:7.848,5.215,0.737
16:27:51  자이로:0.847,-6.282,4.351
16:27:51  자력계:-50.400,79.350,-51.300
16:27:51  IMU방향유효:0
16:27:51  IMU방향:332.1
16:27:51  방향가속도크기:9.45
16:27:51  방향자이로크기:7.69
16:27:51  방향자세cos:0.8134
16:27:51  자기모델잔차:14.35
16:27:51  자기모델반경:1.209
16:27:51  방향채택:71
16:27:51  방향거부:152081
16:27:51  송신:12289
16:27:51  GPS위성:7
16:27:51  GPS_HDOP:1.07
16:27:51  원시위도:37.496246
16:27:51  원시경도:126.955272
16:27:51  GPS채택:1804
16:27:51  GPS이상치거부:7
16:27:51  GPS품질거부:34
16:27:51  GPS재기준:0
16:27:51  RSSI원시:-66
16:27:51  RSSI평활:-63.8
16:27:51  RSSI샘플:21108
16:27:51  RSSI경과ms:7
16:27:51  차량수신:10489
16:27:52  시각ms:1275134
16:27:52  IMU시각ms:1275122
16:27:52  위험:0
16:27:52  GPS유효:1
16:27:52  위도:37.496246
16:27:52  경도:126.955269
16:27:52  속도:0.138
16:27:52  방향:0.0
16:27:52  GPS원시속도:0.185
16:27:52  GPS원시방향유효:1
16:27:52  GPS원시방향:323.4
16:27:52  가속도:8.107,4.937,0.479
16:27:52  자이로:-3.473,0.565,1.473
16:27:52  자력계:-50.250,77.550,-50.700
16:27:52  IMU방향유효:0
16:27:52  IMU방향:332.1
16:27:52  방향가속도크기:9.50
16:27:52  방향자이로크기:3.81
16:27:52  방향자세cos:0.7926
16:27:52  자기모델잔차:14.35
16:27:52  자기모델반경:1.209
16:27:52  방향채택:71
16:27:52  방향거부:152201
16:27:52  송신:12299
16:27:52  GPS위성:7
16:27:52  GPS_HDOP:1.07
16:27:52  원시위도:37.496247
16:27:52  원시경도:126.955271
16:27:52  GPS채택:1805
16:27:52  GPS이상치거부:7
16:27:52  GPS품질거부:34
16:27:52  GPS재기준:0
16:27:52  RSSI원시:-63
16:27:52  RSSI평활:-63.7
16:27:52  RSSI샘플:21127
16:27:52  RSSI경과ms:22
16:27:52  차량수신:10499
16:27:54  시각ms:1276480
16:27:54  IMU시각ms:1276468
16:27:54  위험:0
16:27:54  GPS유효:1
16:27:54  위도:37.496254
16:27:54  경도:126.955276
16:27:54  속도:0.112
16:27:54  방향:0.0
16:27:54  GPS원시속도:0.046
16:27:54  GPS원시방향유효:1
16:27:54  GPS원시방향:323.4
16:27:54  가속도:8.045,5.444,1.705
16:27:54  자이로:5.221,6.168,3.870
16:27:54  자력계:-50.250,78.750,-51.450
16:27:54  IMU방향유효:0
16:27:54  IMU방향:332.1
16:27:54  방향가속도크기:9.86
16:27:54  방향자이로크기:8.96
16:27:54  방향자세cos:0.8652
16:27:54  자기모델잔차:14.35
16:27:54  자기모델반경:1.209
16:27:54  방향채택:71
16:27:54  방향거부:152362
16:27:54  송신:12312
16:27:54  GPS위성:7
16:27:54  GPS_HDOP:1.45
16:27:54  원시위도:37.496266
16:27:54  원시경도:126.955284
16:27:54  GPS채택:1807
16:27:54  GPS이상치거부:7
16:27:54  GPS품질거부:34
16:27:54  GPS재기준:0
16:27:54  RSSI원시:-64
16:27:54  RSSI평활:-63.3
16:27:54  RSSI샘플:21153
16:27:54  RSSI경과ms:12
16:27:54  차량수신:10512
16:27:54  시각ms:1276580
16:27:54  IMU시각ms:1276568
16:27:54  위험:0
16:27:54  GPS유효:1
16:27:54  위도:37.496254
16:27:54  경도:126.955276
16:27:54  속도:0.112
16:27:54  방향:0.0
16:27:54  GPS원시속도:0.046
16:27:54  GPS원시방향유효:1
16:27:54  GPS원시방향:323.4
16:27:54  가속도:7.944,5.215,-0.177
16:27:54  자이로:0.282,-7.252,1.382
16:27:54  자력계:-50.700,78.900,-52.050
16:27:54  IMU방향유효:0
16:27:54  IMU방향:332.1
16:27:54  방향가속도크기:9.50
16:27:54  방향자이로크기:7.39
16:27:54  방향자세cos:0.7537
16:27:54  자기모델잔차:14.35
16:27:54  자기모델반경:1.209
16:27:54  방향채택:71
16:27:54  방향거부:152373
16:27:54  송신:12313
16:27:54  GPS위성:7
16:27:54  GPS_HDOP:1.45
16:27:54  원시위도:37.496266
16:27:54  원시경도:126.955284
16:27:54  GPS채택:1807
16:27:54  GPS이상치거부:7
16:27:54  GPS품질거부:34
16:27:54  GPS재기준:0
16:27:54  RSSI원시:-64
16:27:54  RSSI평활:-63.7
16:27:54  RSSI샘플:21155
16:27:54  RSSI경과ms:4
16:27:54  차량수신:10512
16:27:54  시각ms:1276683
16:27:54  IMU시각ms:1276671
16:27:54  위험:0
16:27:54  GPS유효:1
16:27:54  위도:37.496254
16:27:54  경도:126.955276
16:27:54  속도:0.112
16:27:54  방향:0.0
16:27:54  GPS원시속도:0.046
16:27:54  GPS원시방향유효:1
16:27:54  GPS원시방향:323.4
16:27:54  가속도:8.155,4.774,-0.043
16:27:54  자이로:-0.542,-2.153,0.954
16:27:54  자력계:-49.950,78.900,-49.800
16:27:54  IMU방향유효:0
16:27:54  IMU방향:332.1
16:27:54  방향가속도크기:9.45
16:27:54  방향자이로크기:2.42
16:27:54  방향자세cos:0.7563
16:27:54  자기모델잔차:14.35
16:27:54  자기모델반경:1.209
16:27:54  방향채택:71
16:27:54  방향거부:152385
16:27:54  송신:12314
16:27:54  GPS위성:7
16:27:54  GPS_HDOP:1.45
16:27:54  원시위도:37.496266
16:27:54  원시경도:126.955284
16:27:54  GPS채택:1807
16:27:54  GPS이상치거부:7
16:27:54  GPS품질거부:34
16:27:54  GPS재기준:0
16:27:54  RSSI원시:-64
16:27:54  RSSI평활:-63.8
16:27:54  RSSI샘플:21156
16:27:54  RSSI경과ms:91
16:27:54  차량수신:10513
16:27:54  시각ms:1276991
16:27:54  IMU시각ms:1276979
16:27:54  위험:0
16:27:54  GPS유효:1
16:27:54  위도:37.496254
16:27:54  경도:126.955276
16:27:54  속도:0.112
16:27:54  방향:0.0
16:27:54  GPS원시속도:0.046
16:27:54  GPS원시방향유효:1
16:27:54  GPS원시방향:323.4
16:27:54  가속도:8.284,4.879,0.244
16:27:54  자이로:1.328,-0.313,0.840
16:27:54  자력계:-52.500,76.800,-51.450
16:27:54  IMU방향유효:0
16:27:54  IMU방향:332.1
16:27:54  방향가속도크기:9.62
16:27:54  방향자이로크기:1.60
16:27:54  방향자세cos:0.7755
16:27:54  자기모델잔차:14.35
16:27:54  자기모델반경:1.209
16:27:54  방향채택:71
16:27:54  방향거부:152422
16:27:54  송신:12317
16:27:54  GPS위성:7
16:27:54  GPS_HDOP:1.45
16:27:54  원시위도:37.496266
16:27:54  원시경도:126.955284
16:27:54  GPS채택:1807
16:27:54  GPS이상치거부:7
16:27:54  GPS품질거부:34
16:27:54  GPS재기준:0
16:27:54  RSSI원시:-61
16:27:54  RSSI평활:-62.3
16:27:54  RSSI샘플:21163
16:27:54  RSSI경과ms:0
16:27:54  차량수신:10516
16:27:54  시각ms:1277298
16:27:54  IMU시각ms:1277286
16:27:54  위험:0
16:27:54  GPS유효:1
16:27:54  위도:37.496262
16:27:54  경도:126.955284
16:27:54  속도:0.089
16:27:54  방향:0.0
16:27:54  GPS원시속도:0.046
16:27:54  GPS원시방향유효:1
16:27:54  GPS원시방향:323.4
16:27:54  가속도:8.380,4.899,0.134
16:27:54  자이로:-0.908,-3.855,3.489
16:27:54  자력계:-51.150,77.700,-52.350
16:27:54  IMU방향유효:0
16:27:54  IMU방향:332.1
16:27:54  방향가속도크기:9.71
16:27:54  방향자이로크기:5.28
16:27:54  방향자세cos:0.7678
16:27:54  자기모델잔차:14.35
16:27:54  자기모델반경:1.209
16:27:54  방향채택:71
16:27:54  방향거부:152458
16:27:54  송신:12320
16:27:54  GPS위성:7
16:27:54  GPS_HDOP:1.45
16:27:54  원시위도:37.496272
16:27:54  원시경도:126.955289
16:27:54  GPS채택:1808
16:27:54  GPS이상치거부:7
16:27:54  GPS품질거부:34
16:27:54  GPS재기준:0
16:27:54  RSSI원시:-61
16:27:54  RSSI평활:-61.8
16:27:54  RSSI샘플:21169
16:27:54  RSSI경과ms:1
16:27:54  차량수신:10519
16:27:55  시각ms:1277504
16:27:55  IMU시각ms:1277492
16:27:55  위험:0
16:27:55  GPS유효:1
16:27:55  위도:37.496262
16:27:55  경도:126.955284
16:27:55  속도:0.089
16:27:55  방향:0.0
16:27:55  GPS원시속도:0.046
16:27:55  GPS원시방향유효:1
16:27:55  GPS원시방향:323.4
16:27:55  가속도:8.274,4.702,0.105
16:27:55  자이로:-0.771,0.305,-0.656
16:27:55  자력계:-51.150,77.400,-52.350
16:27:55  IMU방향유효:0
16:27:55  IMU방향:332.1
16:27:55  방향가속도크기:9.52
16:27:55  방향자이로크기:1.06
16:27:55  방향자세cos:0.7643
16:27:55  자기모델잔차:14.35
16:27:55  자기모델반경:1.209
16:27:55  방향채택:71
16:27:55  방향거부:152482
16:27:55  송신:12322
16:27:55  GPS위성:7
16:27:55  GPS_HDOP:1.45
16:27:55  원시위도:37.496272
16:27:55  원시경도:126.955289
16:27:55  GPS채택:1808
16:27:55  GPS이상치거부:7
16:27:55  GPS품질거부:34
16:27:55  GPS재기준:0
16:27:55  RSSI원시:-61
16:27:55  RSSI평활:-61.0
16:27:55  RSSI샘플:21173
16:27:55  RSSI경과ms:3
16:27:55  차량수신:10521
16:27:55  시각ms:1277607
16:27:55  IMU시각ms:1277595
16:27:55  위험:0
16:27:55  GPS유효:1
16:27:55  위도:37.496262
16:27:55  경도:126.955284
16:27:55  속도:0.089
16:27:55  방향:0.0
16:27:55  GPS원시속도:0.046
16:27:55  GPS원시방향유효:1
16:27:55  GPS원시방향:323.4
16:27:55  가속도:8.370,4.827,-0.005
16:27:55  자이로:0.641,-3.221,0.252
16:27:55  자력계:-50.550,77.250,-51.900
16:27:55  IMU방향유효:0
16:27:55  IMU방향:332.1
16:27:55  방향가속도크기:9.66
16:27:55  방향자이로크기:3.29
16:27:55  방향자세cos:0.7579
16:27:55  자기모델잔차:14.35
16:27:55  자기모델반경:1.209
16:27:55  방향채택:71
16:27:55  방향거부:152494
16:27:55  송신:12323
16:27:55  GPS위성:7
16:27:55  GPS_HDOP:1.45
16:27:55  원시위도:37.496272
16:27:55  원시경도:126.955289
16:27:55  GPS채택:1808
16:27:55  GPS이상치거부:7
16:27:55  GPS품질거부:34
16:27:55  GPS재기준:0
16:27:55  RSSI원시:-61
16:27:55  RSSI평활:-60.8
16:27:55  RSSI샘플:21175
16:27:55  RSSI경과ms:4
16:27:55  차량수신:10522
16:27:55  시각ms:1277813
16:27:55  IMU시각ms:1277801
16:27:55  위험:0
16:27:55  GPS유효:1
16:27:55  위도:37.496262
16:27:55  경도:126.955284
16:27:55  속도:0.089
16:27:55  방향:0.0
16:27:55  GPS원시속도:0.046
16:27:55  GPS원시방향유효:1
16:27:55  GPS원시방향:323.4
16:27:55  가속도:8.164,5.076,0.163
16:27:55  자이로:1.076,-1.969,-1.702
16:27:55  자력계:-50.400,78.600,-51.300
16:27:55  IMU방향유효:0
16:27:55  IMU방향:332.1
16:27:55  방향가속도크기:9.61
16:27:55  방향자이로크기:2.82
16:27:55  방향자세cos:0.7734
16:27:55  자기모델잔차:14.35
16:27:55  자기모델반경:1.209
16:27:55  방향채택:71
16:27:55  방향거부:152518
16:27:55  송신:12325
16:27:55  GPS위성:7
16:27:55  GPS_HDOP:1.45
16:27:55  원시위도:37.496272
16:27:55  원시경도:126.955289
16:27:55  GPS채택:1808
16:27:55  GPS이상치거부:7
16:27:55  GPS품질거부:34
16:27:55  GPS재기준:0
16:27:55  RSSI원시:-61
16:27:55  RSSI평활:-60.8
16:27:55  RSSI샘플:21179
16:27:55  RSSI경과ms:5
16:27:55  차량수신:10524
16:27:55  시각ms:1278017
16:27:55  IMU시각ms:1278005
16:27:55  위험:0
16:27:55  GPS유효:1
16:27:55  위도:37.496262
16:27:55  경도:126.955284
16:27:55  속도:0.089
16:27:55  방향:0.0
16:27:55  GPS원시속도:0.046
16:27:55  GPS원시방향유효:1
16:27:55  GPS원시방향:323.4
16:27:55  가속도:8.758,4.405,-0.024
16:27:55  자이로:3.153,2.969,-4.000
16:27:55  자력계:-50.700,77.700,-52.050
16:27:55  IMU방향유효:0
16:27:55  IMU방향:332.1
16:27:55  방향가속도크기:9.80
16:27:55  방향자이로크기:5.90
16:27:55  방향자세cos:0.7469
16:27:55  자기모델잔차:14.35
16:27:55  자기모델반경:1.209
16:27:55  방향채택:71
16:27:55  방향거부:152542
16:27:55  송신:12327
16:27:55  GPS위성:7
16:27:55  GPS_HDOP:1.45
16:27:55  원시위도:37.496272
16:27:55  원시경도:126.955289
16:27:55  GPS채택:1808
16:27:55  GPS이상치거부:7
16:27:55  GPS품질거부:34
16:27:55  GPS재기준:0
16:27:55  RSSI원시:-63
16:27:55  RSSI평활:-61.8
16:27:55  RSSI샘플:21183
16:27:55  RSSI경과ms:0
16:27:55  차량수신:10526
16:27:55  시각ms:1278221
16:27:55  IMU시각ms:1278209
16:27:55  위험:0
16:27:55  GPS유효:1
16:27:55  위도:37.496265
16:27:55  경도:126.955292
16:27:55  속도:0.092
16:27:55  방향:0.0
16:27:55  GPS원시속도:0.098
16:27:55  GPS원시방향유효:1
16:27:55  GPS원시방향:323.4
16:27:55  가속도:8.442,4.841,0.268
16:27:55  자이로:-7.061,-5.298,-2.519
16:27:55  자력계:-51.300,77.550,-51.450
16:27:55  IMU방향유효:0
16:27:55  IMU방향:332.1
16:27:55  방향가속도크기:9.74
16:27:55  방향자이로크기:9.18
16:27:55  방향자세cos:0.7751
16:27:55  자기모델잔차:14.35
16:27:55  자기모델반경:1.209
16:27:55  방향채택:71
16:27:55  방향거부:152566
16:27:55  송신:12329
16:27:55  GPS위성:7
16:27:55  GPS_HDOP:1.45
16:27:55  원시위도:37.496268
16:27:55  원시경도:126.955301
16:27:55  GPS채택:1809
16:27:55  GPS이상치거부:7
16:27:55  GPS품질거부:34
16:27:55  GPS재기준:0
16:27:55  RSSI원시:-62
16:27:55  RSSI평활:-61.9
16:27:55  RSSI샘플:21186
16:27:55  RSSI경과ms:90
16:27:55  차량수신:10528
