16:07:38  위험:0
16:07:38  GPS유효:0
16:07:38  위도:0.000000
16:07:38  경도:0.000000
16:07:38  속도:0.00
16:07:38  방향:0.0
16:07:38  가속도:1.43,-1.82,9.38
16:07:38  송신:3082
16:07:38  GPS위성:0
16:07:38  GPS_HDOP:99.00
16:07:38  원시위도:0.000000
16:07:39  원시경도:0.000000
16:07:39  GPS채택:0
16:07:39  GPS이상치거부:0
16:07:39  GPS품질거부:0
16:07:39  GPS재기준:0
16:07:39  RSSI원시:-75
16:07:39  RSSI평활:-75.1
16:07:39  RSSI샘플:5995
16:07:39  RSSI경과ms:7
16:07:39  차량수신:2981
16:07:40  위험:0
16:07:40  GPS유효:0
16:07:40  위도:0.000000
16:07:40  경도:0.000000
16:07:40  속도:0.00
16:07:40  방향:0.0
16:07:40  가속도:1.62,-1.86,9.49
16:07:40  송신:3101
16:07:40  GPS위성:0
16:07:40  GPS_HDOP:99.00
16:07:40  원시위도:0.000000
16:07:40  원시경도:0.000000
16:07:40  GPS채택:0
16:07:40  GPS이상치거부:0
16:07:40  GPS품질거부:0
16:07:40  GPS재기준:0
16:07:40  RSSI원시:-76
16:07:41  RSSI평활:-76.2
16:07:41  RSSI샘플:6032
16:07:41  RSSI경과ms:15
16:07:41  차량수신:3000
16:07:42  위험:0
16:07:42  GPS유효:0
16:07:42  위도:0.000000
16:07:42  경도:0.000000
16:07:42  속도:0.00
16:07:42  방향:0.0
16:07:42  가속도:1.48,-1.80,9.44
16:07:42  송신:3120
16:07:42  GPS위성:0
16:07:42  GPS_HDOP:99.00
16:07:42  원시위도:0.000000
16:07:42  원시경도:0.000000
16:07:42  GPS채택:0
16:07:42  GPS이상치거부:0
16:07:42  GPS품질거부:0
16:07:43  GPS재기준:0
16:07:43  RSSI원시:-75
16:07:43  RSSI평활:-74.9
16:07:43  RSSI샘플:6068
16:07:43  RSSI경과ms:35
16:07:43  차량수신:3018
16:07:43  위험:0
16:07:43  GPS유효:0
16:07:43  위도:0.000000
16:07:43  경도:0.000000
16:07:43  속도:0.00
16:07:43  방향:0.0
16:07:43  가속도:1.35,-1.84,9.61
16:07:43  송신:3130
16:07:43  GPS위성:0
16:07:43  GPS_HDOP:99.00
16:07:44  원시위도:0.000000
16:07:44  원시경도:0.000000
16:07:44  GPS채택:0
16:07:44  GPS이상치거부:0
16:07:44  GPS품질거부:0
16:07:44  GPS재기준:0
16:07:44  RSSI원시:-74
16:07:44  RSSI평활:-74.0
16:07:44  RSSI샘플:6087
16:07:44  RSSI경과ms:6
16:07:44  차량수신:3028
16:07:44  위험:0
16:07:44  GPS유효:0
16:07:44  위도:0.000000
16:07:44  경도:0.000000
16:07:44  속도:0.00
16:07:44  방향:0.0
16:07:44  가속도:1.50,-1.81,9.50
16:07:44  송신:3139
16:07:44  GPS위성:0
16:07:44  GPS_HDOP:99.00
16:07:44  원시위도:0.000000
16:07:44  원시경도:0.000000
16:07:44  GPS채택:0
16:07:44  GPS이상치거부:0
16:07:44  GPS품질거부:0
16:07:45  GPS재기준:0
16:07:45  RSSI원시:-73
16:07:45  RSSI평활:-73.2
16:07:45  RSSI샘플:6106
16:07:45  RSSI경과ms:56
16:07:45  차량수신:3037
16:07:45  위험:0
16:07:45  GPS유효:0
16:07:45  위도:0.000000
16:07:45  경도:0.000000
16:07:45  속도:0.00
16:07:45  방향:0.0
16:07:45  가속도:1.46,-1.93,9.37
16:07:46  송신:3149
16:07:46  GPS위성:0
16:07:46  GPS_HDOP:99.00
16:07:46  원시위도:0.000000
16:07:46  원시경도:0.000000
16:07:46  GPS채택:0
16:07:46  GPS이상치거부:0
16:07:46  GPS품질거부:0
16:07:46  GPS재기준:0
16:07:46  RSSI원시:-74
16:07:46  RSSI평활:-74.7
16:07:46  RSSI샘플:6125
16:07:46  RSSI경과ms:25
16:07:46  차량수신:3047
16:07:46  위험:0
16:07:46  GPS유효:0
16:07:46  위도:0.000000
16:07:46  경도:0.000000
16:07:46  속도:0.00
16:07:46  방향:0.0
16:07:46  가속도:1.47,-1.92,9.60
16:07:46  송신:3158
16:07:46  GPS위성:0
16:07:47  GPS_HDOP:99.00
16:07:47  원시위도:0.000000
16:07:47  원시경도:0.000000
16:07:47  GPS채택:0
16:07:47  GPS이상치거부:0
16:07:47  GPS품질거부:0
16:07:47  GPS재기준:0
16:07:47  RSSI원시:-73
16:07:47  RSSI평활:-73.6
16:07:47  RSSI샘플:6143
16:07:47  RSSI경과ms:64
16:07:47  차량수신:3056
16:07:47  위험:0
16:07:47  GPS유효:0
16:07:47  위도:0.000000
16:07:47  경도:0.000000
16:07:47  속도:0.00
16:07:47  방향:0.0
16:07:47  가속도:1.58,-1.86,9.40
16:07:47  송신:3168
16:07:47  GPS위성:0
16:07:47  GPS_HDOP:99.00
16:07:47  원시위도:0.000000
16:07:47  원시경도:0.000000
16:07:47  GPS채택:0
16:07:47  GPS이상치거부:0
16:07:47  GPS품질거부:0
16:07:47  GPS재기준:0
16:07:47  RSSI원시:-76
16:07:47  RSSI평활:-75.2
16:07:47  RSSI샘플:6162
16:07:48  RSSI경과ms:13
16:07:48  차량수신:3066
16:07:48  위험:0
16:07:48  GPS유효:0
16:07:48  위도:0.000000
16:07:48  경도:0.000000
16:07:48  속도:0.00
16:07:48  방향:0.0
16:07:48  가속도:1.49,-1.84,9.48
16:07:48  송신:3177
16:07:48  GPS위성:0
16:07:48  GPS_HDOP:99.00
16:07:49  원시위도:0.000000
16:07:49  원시경도:0.000000
16:07:49  GPS채택:0
16:07:49  GPS이상치거부:0
16:07:49  GPS품질거부:0
16:07:49  GPS재기준:0
16:07:49  RSSI원시:-76
16:07:49  RSSI평활:-75.4
16:07:49  RSSI샘플:6180
16:07:49  RSSI경과ms:85
16:07:49  차량수신:3075
16:07:50  위험:0
16:07:50  GPS유효:0
16:07:50  위도:0.000000
16:07:50  경도:0.000000
16:07:50  속도:0.00
16:07:50  방향:0.0
16:07:50  가속도:1.49,-1.86,9.50
16:07:50  송신:3197
16:07:50  GPS위성:0
16:07:50  GPS_HDOP:99.00
16:07:50  원시위도:0.000000
16:07:51  원시경도:0.000000
16:07:51  GPS채택:0
16:07:51  GPS이상치거부:0
16:07:51  GPS품질거부:0
16:07:51  GPS재기준:0
16:07:51  RSSI원시:-74
16:07:51  RSSI평활:-73.1
16:07:51  RSSI샘플:6213
16:07:51  RSSI경과ms:13
16:07:51  차량수신:3092
16:07:51  위험:0
16:07:51  GPS유효:0
16:07:51  위도:0.000000
16:07:51  경도:0.000000
16:07:51  속도:0.00
16:07:51  방향:0.0
16:07:51  가속도:1.44,-1.93,9.52
16:07:51  송신:3206
16:07:51  GPS위성:0
16:07:52  GPS_HDOP:99.00
16:07:52  원시위도:0.000000
16:07:52  원시경도:0.000000
16:07:52  GPS채택:0
16:07:52  GPS이상치거부:0
16:07:52  GPS품질거부:0
16:07:52  GPS재기준:0
16:07:52  RSSI원시:-72
16:07:52  RSSI평활:-72.4
16:07:52  RSSI샘플:6232
16:07:52  RSSI경과ms:68
16:07:52  차량수신:3101
16:07:52  위험:0
16:07:52  GPS유효:0
16:07:52  위도:0.000000
16:07:52  경도:0.000000
16:07:52  속도:0.00
16:07:52  방향:0.0
16:07:52  가속도:1.56,-1.91,9.69
16:07:53  송신:3216
16:07:53  GPS위성:0
16:07:53  GPS_HDOP:99.00
16:07:53  원시위도:0.000000
16:07:53  원시경도:0.000000
16:07:53  GPS채택:0
16:07:53  GPS이상치거부:0
16:07:53  GPS품질거부:0
16:07:53  GPS재기준:0
16:07:53  RSSI원시:-72
16:07:53  RSSI평활:-72.4
16:07:53  RSSI샘플:6251
16:07:53  RSSI경과ms:4
16:07:53  차량수신:3111
16:07:53  위험:0
16:07:53  GPS유효:0
16:07:53  위도:0.000000
16:07:53  경도:0.000000
16:07:53  속도:0.00
16:07:53  방향:0.0
16:07:53  가속도:1.43,-1.91,9.47
16:07:53  송신:3225
16:07:53  GPS위성:0
16:07:53  GPS_HDOP:99.00
16:07:53  원시위도:0.000000
16:07:53  원시경도:0.000000
16:07:54  GPS채택:0
16:07:54  GPS이상치거부:0
16:07:54  GPS품질거부:0
16:07:54  GPS재기준:0
16:07:54  RSSI원시:-71
16:07:54  RSSI평활:-73.2
16:07:54  RSSI샘플:6269
16:07:54  RSSI경과ms:87
16:07:54  차량수신:3120
16:07:56  위험:0
16:07:56  GPS유효:0
16:07:56  위도:0.000000
16:07:56  경도:0.000000
16:07:56  속도:0.00
16:07:56  방향:0.0
16:07:56  가속도:1.47,-1.92,9.39
16:07:56  송신:3245
16:07:56  GPS위성:0
16:07:56  GPS_HDOP:99.00
16:07:56  원시위도:0.000000
16:07:56  원시경도:0.000000
16:07:56  GPS채택:0
16:07:56  GPS이상치거부:0
16:07:56  GPS품질거부:0
16:07:56  GPS재기준:0
16:07:56  RSSI원시:-77
16:07:56  RSSI평활:-76.4
16:07:56  RSSI샘플:6307
16:07:56  RSSI경과ms:11
16:07:56  차량수신:3140
16:07:56  위험:0
16:07:56  GPS유효:0
16:07:56  위도:0.000000
16:07:56  경도:0.000000
16:07:56  속도:0.00
16:07:56  방향:0.0
16:07:57  가속도:1.58,-1.81,9.39
16:07:57  송신:3254
16:07:57  GPS위성:0
16:07:57  GPS_HDOP:99.00
16:07:57  원시위도:0.000000
16:07:57  원시경도:0.000000
16:07:57  GPS채택:0
16:07:57  GPS이상치거부:0
16:07:57  GPS품질거부:0
16:07:57  GPS재기준:0
16:07:57  RSSI원시:-76
16:07:57  RSSI평활:-75.8
16:07:57  RSSI샘플:6326
16:07:57  RSSI경과ms:62
16:07:57  차량수신:3149
16:07:58  위험:0
16:07:58  GPS유효:0
16:07:58  위도:0.000000
16:07:58  경도:0.000000
16:07:58  속도:0.00
16:07:58  방향:0.0
16:07:59  가속도:1.50,-1.72,9.38
16:07:59  송신:3273
16:07:59  GPS위성:0
16:07:59  GPS_HDOP:99.00
16:07:59  원시위도:0.000000
16:07:59  원시경도:0.000000
16:07:59  GPS채택:0
16:07:59  GPS이상치거부:0
16:07:59  GPS품질거부:0
16:07:59  GPS재기준:0
16:07:59  RSSI원시:-74
16:07:59  RSSI평활:-74.2
16:07:59  RSSI샘플:6363
16:07:59  RSSI경과ms:67
16:07:59  차량수신:3168
16:07:59  위험:0
16:07:59  GPS유효:0
16:07:59  위도:0.000000
16:07:59  경도:0.000000
16:08:00  속도:0.00
16:08:00  방향:0.0
16:08:00  가속도:1.38,-1.80,9.57
16:08:00  송신:3283
16:08:00  GPS위성:0
16:08:00  GPS_HDOP:99.00
16:08:00  원시위도:0.000000
16:08:00  원시경도:0.000000
16:08:00  GPS채택:0
16:08:00  GPS이상치거부:0
16:08:00  GPS품질거부:0
16:08:00  GPS재기준:0
16:08:00  RSSI원시:-76
16:08:00  RSSI평활:-77.1
16:08:00  RSSI샘플:6380
16:08:00  RSSI경과ms:15
16:08:00  차량수신:3176
16:08:01  위험:0
16:08:01  GPS유효:0
16:08:01  위도:0.000000
16:08:01  경도:0.000000
16:08:01  속도:0.00
16:08:01  방향:0.0
16:08:01  가속도:1.55,-1.78,9.43
16:08:01  송신:3292
16:08:01  GPS위성:0
16:08:01  GPS_HDOP:99.00
16:08:01  원시위도:0.000000
16:08:01  원시경도:0.000000
16:08:01  GPS채택:0
16:08:01  GPS이상치거부:0
16:08:01  GPS품질거부:0
16:08:01  GPS재기준:0
16:08:01  RSSI원시:-76
16:08:01  RSSI평활:-77.2
16:08:01  RSSI샘플:6398
16:08:01  RSSI경과ms:76
16:08:01  차량수신:3185
16:08:02  위험:0
16:08:02  GPS유효:0
16:08:02  위도:0.000000
16:08:02  경도:0.000000
16:08:02  속도:0.00
16:08:02  방향:0.0
16:08:02  가속도:1.51,-1.90,9.44
16:08:02  송신:3302
16:08:02  GPS위성:0
16:08:02  GPS_HDOP:99.00
16:08:02  원시위도:0.000000
16:08:02  원시경도:0.000000
16:08:02  GPS채택:0
16:08:02  GPS이상치거부:0
16:08:02  GPS품질거부:0
16:08:02  GPS재기준:0
16:08:02  RSSI원시:-73
16:08:02  RSSI평활:-75.2
16:08:02  RSSI샘플:6418
16:08:02  RSSI경과ms:25
16:08:02  차량수신:3195
16:08:03  위험:0
16:08:03  GPS유효:0
16:08:03  위도:0.000000
16:08:03  경도:0.000000
16:08:03  속도:0.00
16:08:03  방향:0.0
16:08:03  가속도:1.44,-1.90,9.45
16:08:03  송신:3312
16:08:03  GPS위성:0
16:08:03  GPS_HDOP:99.00
16:08:03  원시위도:0.000000
16:08:03  원시경도:0.000000
16:08:03  GPS채택:0
16:08:03  GPS이상치거부:0
16:08:03  GPS품질거부:0
16:08:03  GPS재기준:0
16:08:03  RSSI원시:-72
16:08:03  RSSI평활:-72.0
16:08:03  RSSI샘플:6437
16:08:03  RSSI경과ms:5
16:08:03  차량수신:3205
16:08:03  위험:0
16:08:03  GPS유효:0
16:08:03  위도:0.000000
16:08:03  경도:0.000000
16:08:03  속도:0.00
16:08:03  방향:0.0
16:08:03  가속도:1.51,-1.89,9.39
16:08:03  송신:3321
16:08:04  GPS위성:0
16:08:04  GPS_HDOP:99.00
16:08:04  원시위도:0.000000
16:08:04  원시경도:0.000000
16:08:04  GPS채택:0
16:08:04  GPS이상치거부:0
16:08:04  GPS품질거부:0
16:08:04  GPS재기준:0
16:08:04  RSSI원시:-71
16:08:04  RSSI평활:-71.3
16:08:04  RSSI샘플:6455
16:08:04  RSSI경과ms:61
16:08:04  차량수신:3213
16:08:05  위험:0
16:08:05  GPS유효:0
16:08:05  위도:0.000000
16:08:05  경도:0.000000
16:08:05  속도:0.00
16:08:05  방향:0.0
16:08:05  가속도:1.55,-1.95,9.56
16:08:05  송신:3331
16:08:05  GPS위성:0
16:08:05  GPS_HDOP:99.00
16:08:05  원시위도:0.000000
16:08:05  원시경도:0.000000
16:08:05  GPS채택:0
16:08:05  GPS이상치거부:0
16:08:05  GPS품질거부:0
16:08:05  GPS재기준:0
16:08:05  RSSI원시:-72
16:08:05  RSSI평활:-72.3
16:08:05  RSSI샘플:6474
16:08:05  RSSI경과ms:3
16:08:05  차량수신:3222
16:08:06  위험:0
16:08:06  GPS유효:0
16:08:06  위도:0.000000
16:08:06  경도:0.000000
16:08:06  속도:0.00
16:08:06  방향:0.0
16:08:06  가속도:1.57,-1.92,9.51
16:08:06  송신:3340
16:08:06  GPS위성:0
16:08:06  GPS_HDOP:99.00
16:08:06  원시위도:0.000000
16:08:06  원시경도:0.000000
16:08:06  GPS채택:0
16:08:06  GPS이상치거부:0
16:08:06  GPS품질거부:0
16:08:06  GPS재기준:0
16:08:06  RSSI원시:-74
16:08:06  RSSI평활:-73.1
16:08:06  RSSI샘플:6492
16:08:06  RSSI경과ms:64
16:08:06  차량수신:3231
