16:07:37  위험:0
16:07:37  원시위험:0
16:07:37  GPS유효:0
16:07:37  위도:0.000000
16:07:37  경도:0.000000
16:07:37  속도:0.00
16:07:37  방향:0.0
16:07:37  가속도:-0.45,1.40,9.62
16:07:37  자이로:-0.5,1.1,0.4
16:07:37  충격값:0.09
16:07:37  송신:4406
16:07:37  지팡이수신:3547
16:07:37  GPS위성:0
16:07:37  GPS_HDOP:99.00
16:07:37  원시위도:0.000000
16:07:37  원시경도:0.000000
16:07:37  GPS채택:0
16:07:37  GPS이상치거부:0
16:07:37  GPS품질거부:0
16:07:37  GPS재기준:0
16:07:37  계산거리:-1.00
16:07:37  접근속도:0.00
16:07:37  TTC:999.00
16:07:37  방향오차:0.0
16:07:37  전방여부:0
16:07:37  위험음성횟수:0
16:07:37  충격음성횟수:0
16:07:37  마지막위험음성:0
16:07:37  RSSI원시:-74
16:07:37  RSSI평활:-72.2
16:07:37  RSSI샘플:3547
16:07:37  RSSI경과ms:81
16:07:37  위험송신:3547
16:07:38  위험:0
16:07:38  원시위험:0
16:07:38  GPS유효:0
16:07:38  위도:0.000000
16:07:38  경도:0.000000
16:07:38  속도:0.00
16:07:38  방향:0.0
16:07:38  가속도:-0.43,1.30,9.66
16:07:38  자이로:0.3,-0.3,2.0
16:07:38  충격값:0.08
16:07:38  송신:4416
16:07:38  지팡이수신:3556
16:07:38  GPS위성:0
16:07:38  GPS_HDOP:99.00
16:07:38  원시위도:0.000000
16:07:38  원시경도:0.000000
16:07:38  GPS채택:0
16:07:38  GPS이상치거부:0
16:07:38  GPS품질거부:0
16:07:38  GPS재기준:0
16:07:38  계산거리:-1.00
16:07:38  접근속도:0.00
16:07:38  TTC:999.00
16:07:38  방향오차:0.0
16:07:38  전방여부:0
16:07:38  위험음성횟수:0
16:07:38  충격음성횟수:0
16:07:38  마지막위험음성:0
16:07:38  RSSI원시:-76
16:07:38  RSSI평활:-77.6
16:07:38  RSSI샘플:3556
16:07:38  RSSI경과ms:38
16:07:38  위험송신:3556
16:07:40  위험:0
16:07:40  원시위험:0
16:07:40  GPS유효:0
16:07:40  위도:0.000000
16:07:40  경도:0.000000
16:07:40  속도:0.00
16:07:40  방향:0.0
16:07:40  가속도:-0.52,1.22,9.63
16:07:40  자이로:0.4,-2.7,-0.0
16:07:40  충격값:0.11
16:07:40  송신:4435
16:07:40  지팡이수신:3574
16:07:40  GPS위성:0
16:07:40  GPS_HDOP:99.00
16:07:40  원시위도:0.000000
16:07:40  원시경도:0.000000
16:07:40  GPS채택:0
16:07:40  GPS이상치거부:0
16:07:40  GPS품질거부:0
16:07:40  GPS재기준:0
16:07:40  계산거리:-1.00
16:07:40  접근속도:0.00
16:07:40  TTC:999.00
16:07:40  방향오차:0.0
16:07:40  전방여부:0
16:07:40  위험음성횟수:0
16:07:40  충격음성횟수:0
16:07:40  마지막위험음성:0
16:07:40  RSSI원시:-77
16:07:40  RSSI평활:-75.1
16:07:40  RSSI샘플:3574
16:07:40  RSSI경과ms:155
16:07:40  위험송신:3574
16:07:41  위험:0
16:07:41  원시위험:0
16:07:41  GPS유효:0
16:07:41  위도:0.000000
16:07:41  경도:0.000000
16:07:41  속도:0.00
16:07:41  방향:0.0
16:07:41  가속도:-0.45,1.27,9.57
16:07:41  자이로:1.7,-0.7,-1.3
16:07:41  충격값:0.06
16:07:41  송신:4445
16:07:41  지팡이수신:3583
16:07:41  GPS위성:0
16:07:41  GPS_HDOP:99.00
16:07:41  원시위도:0.000000
16:07:41  원시경도:0.000000
16:07:41  GPS채택:0
16:07:41  GPS이상치거부:0
16:07:41  GPS품질거부:0
16:07:41  GPS재기준:0
16:07:41  계산거리:-1.00
16:07:41  접근속도:0.00
16:07:41  TTC:999.00
16:07:41  방향오차:0.0
16:07:41  전방여부:0
16:07:41  위험음성횟수:0
16:07:41  충격음성횟수:0
16:07:41  마지막위험음성:0
16:07:41  RSSI원시:-73
16:07:41  RSSI평활:-75.3
16:07:41  RSSI샘플:3583
16:07:41  RSSI경과ms:2
16:07:41  위험송신:3583
16:07:42  위험:0
16:07:42  원시위험:0
16:07:42  GPS유효:0
16:07:42  위도:0.000000
16:07:42  경도:0.000000
16:07:42  속도:0.00
16:07:42  방향:0.0
16:07:42  가속도:-0.55,1.37,9.61
16:07:42  자이로:2.6,-1.6,-0.2
16:07:42  충격값:0.09
16:07:42  송신:4454
16:07:42  지팡이수신:3592
16:07:42  GPS위성:0
16:07:42  GPS_HDOP:99.00
16:07:42  원시위도:0.000000
16:07:42  원시경도:0.000000
16:07:42  GPS채택:0
16:07:42  GPS이상치거부:0
16:07:42  GPS품질거부:0
16:07:42  GPS재기준:0
16:07:42  계산거리:-1.00
16:07:42  접근속도:0.00
16:07:42  TTC:999.00
16:07:42  방향오차:0.0
16:07:42  전방여부:0
16:07:42  위험음성횟수:0
16:07:42  충격음성횟수:0
16:07:42  마지막위험음성:0
16:07:42  RSSI원시:-76
16:07:42  RSSI평활:-74.3
16:07:42  RSSI샘플:3592
16:07:42  RSSI경과ms:66
16:07:42  위험송신:3592
16:07:43  위험:0
16:07:43  원시위험:0
16:07:43  GPS유효:0
16:07:43  위도:0.000000
16:07:43  경도:0.000000
16:07:43  속도:0.00
16:07:43  방향:0.0
16:07:43  가속도:-0.48,1.34,9.56
16:07:43  자이로:3.5,-0.9,-0.7
16:07:43  충격값:0.03
16:07:43  송신:4464
16:07:43  지팡이수신:3602
16:07:43  GPS위성:0
16:07:43  GPS_HDOP:99.00
16:07:43  원시위도:0.000000
16:07:43  원시경도:0.000000
16:07:43  GPS채택:0
16:07:43  GPS이상치거부:0
16:07:43  GPS품질거부:0
16:07:43  GPS재기준:0
16:07:43  계산거리:-1.00
16:07:43  접근속도:0.00
16:07:43  TTC:999.00
16:07:43  방향오차:0.0
16:07:43  전방여부:0
16:07:43  위험음성횟수:0
16:07:43  충격음성횟수:0
16:07:43  마지막위험음성:0
16:07:43  RSSI원시:-75
16:07:43  RSSI평활:-74.9
16:07:43  RSSI샘플:3602
16:07:43  RSSI경과ms:23
16:07:43  위험송신:3602
16:07:44  위험:0
16:07:44  원시위험:0
16:07:44  GPS유효:0
16:07:44  위도:0.000000
16:07:44  경도:0.000000
16:07:44  속도:0.00
16:07:44  방향:0.0
16:07:44  가속도:-0.47,1.25,9.57
16:07:44  자이로:-0.4,0.2,0.0
16:07:44  충격값:0.06
16:07:44  송신:4473
16:07:44  지팡이수신:3611
16:07:44  GPS위성:0
16:07:44  GPS_HDOP:99.00
16:07:44  원시위도:0.000000
16:07:44  원시경도:0.000000
16:07:44  GPS채택:0
16:07:44  GPS이상치거부:0
16:07:44  GPS품질거부:0
16:07:44  GPS재기준:0
16:07:44  계산거리:-1.00
16:07:44  접근속도:0.00
16:07:44  TTC:999.00
16:07:44  방향오차:0.0
16:07:44  전방여부:0
16:07:44  위험음성횟수:0
16:07:44  충격음성횟수:0
16:07:44  마지막위험음성:0
16:07:44  RSSI원시:-75
16:07:44  RSSI평활:-74.4
16:07:44  RSSI샘플:3611
16:07:44  RSSI경과ms:80
16:07:44  위험송신:3611
16:07:45  위험:0
16:07:45  원시위험:0
16:07:45  GPS유효:0
16:07:45  위도:0.000000
16:07:45  경도:0.000000
16:07:45  속도:0.00
16:07:45  방향:0.0
16:07:45  가속도:-0.57,1.36,9.55
16:07:45  자이로:1.6,0.8,-1.0
16:07:45  충격값:0.10
16:07:45  송신:4483
16:07:45  지팡이수신:3621
16:07:45  GPS위성:0
16:07:45  GPS_HDOP:99.00
16:07:45  원시위도:0.000000
16:07:45  원시경도:0.000000
16:07:45  GPS채택:0
16:07:45  GPS이상치거부:0
16:07:45  GPS품질거부:0
16:07:45  GPS재기준:0
16:07:45  계산거리:-1.00
16:07:45  접근속도:0.00
16:07:45  TTC:999.00
16:07:45  방향오차:0.0
16:07:45  전방여부:0
16:07:45  위험음성횟수:0
16:07:45  충격음성횟수:0
16:07:45  마지막위험음성:0
16:07:45  RSSI원시:-77
16:07:45  RSSI평활:-75.5
16:07:45  RSSI샘플:3621
16:07:45  RSSI경과ms:39
16:07:45  위험송신:3621
16:07:46  위험:0
16:07:46  원시위험:0
16:07:46  GPS유효:0
16:07:46  위도:0.000000
16:07:46  경도:0.000000
16:07:46  속도:0.00
16:07:46  방향:0.0
16:07:46  가속도:-0.44,1.28,9.67
16:07:46  자이로:-0.9,0.9,-3.5
16:07:46  충격값:0.09
16:07:46  송신:4492
16:07:46  지팡이수신:3629
16:07:46  GPS위성:0
16:07:46  GPS_HDOP:99.00
16:07:46  원시위도:0.000000
16:07:46  원시경도:0.000000
16:07:46  GPS채택:0
16:07:46  GPS이상치거부:0
16:07:46  GPS품질거부:0
16:07:46  GPS재기준:0
16:07:46  계산거리:-1.00
16:07:46  접근속도:0.00
16:07:46  TTC:999.00
16:07:46  방향오차:0.0
16:07:46  전방여부:0
16:07:46  위험음성횟수:0
16:07:46  충격음성횟수:0
16:07:46  마지막위험음성:0
16:07:46  RSSI원시:-73
16:07:46  RSSI평활:-75.4
16:07:46  RSSI샘플:3629
16:07:46  RSSI경과ms:103
16:07:46  위험송신:3629
16:07:47  위험:0
16:07:47  원시위험:0
16:07:47  GPS유효:0
16:07:47  위도:0.000000
16:07:47  경도:0.000000
16:07:47  속도:0.00
16:07:47  방향:0.0
16:07:47  가속도:-0.52,1.41,9.56
16:07:47  자이로:1.7,-1.9,-1.8
16:07:47  충격값:0.10
16:07:47  송신:4502
16:07:47  지팡이수신:3638
16:07:47  GPS위성:0
16:07:47  GPS_HDOP:99.00
16:07:47  원시위도:0.000000
16:07:47  원시경도:0.000000
16:07:47  GPS채택:0
16:07:47  GPS이상치거부:0
16:07:47  GPS품질거부:0
16:07:47  GPS재기준:0
16:07:47  계산거리:-1.00
16:07:47  접근속도:0.00
16:07:47  TTC:999.00
16:07:47  방향오차:0.0
16:07:47  전방여부:0
16:07:47  위험음성횟수:0
16:07:47  충격음성횟수:0
16:07:47  마지막위험음성:0
16:07:47  RSSI원시:-76
16:07:47  RSSI평활:-75.3
16:07:47  RSSI샘플:3638
16:07:47  RSSI경과ms:51
16:07:47  위험송신:3638
16:07:48  위험:0
16:07:48  원시위험:0
16:07:48  GPS유효:0
16:07:48  위도:0.000000
16:07:48  경도:0.000000
16:07:48  속도:0.00
16:07:48  방향:0.0
16:07:48  가속도:-0.53,1.38,9.52
16:07:48  자이로:0.0,-0.6,-1.6
16:07:48  충격값:0.10
16:07:48  송신:4512
16:07:48  지팡이수신:3648
16:07:48  GPS위성:0
16:07:48  GPS_HDOP:99.00
16:07:48  원시위도:0.000000
16:07:48  원시경도:0.000000
16:07:48  GPS채택:0
16:07:48  GPS이상치거부:0
16:07:48  GPS품질거부:0
16:07:48  GPS재기준:0
16:07:48  계산거리:-1.00
16:07:48  접근속도:0.00
16:07:48  TTC:999.00
16:07:48  방향오차:0.0
16:07:48  전방여부:0
16:07:48  위험음성횟수:0
16:07:48  충격음성횟수:0
16:07:48  마지막위험음성:0
16:07:48  RSSI원시:-77
16:07:48  RSSI평활:-76.2
16:07:48  RSSI샘플:3648
16:07:48  RSSI경과ms:9
16:07:48  위험송신:3648
16:07:49  위험:0
16:07:49  원시위험:0
16:07:49  GPS유효:0
16:07:49  위도:0.000000
16:07:49  경도:0.000000
16:07:49  속도:0.00
16:07:49  방향:0.0
16:07:49  가속도:-0.48,1.30,9.58
16:07:49  자이로:0.7,-0.3,-2.0
16:07:49  충격값:0.04
16:07:49  송신:4521
16:07:49  지팡이수신:3656
16:07:49  GPS위성:0
16:07:49  GPS_HDOP:99.00
16:07:49  원시위도:0.000000
16:07:49  원시경도:0.000000
16:07:49  GPS채택:0
16:07:49  GPS이상치거부:0
16:07:49  GPS품질거부:0
16:07:49  GPS재기준:0
16:07:49  계산거리:-1.00
16:07:49  접근속도:0.00
16:07:49  TTC:999.00
16:07:49  방향오차:0.0
16:07:49  전방여부:0
16:07:49  위험음성횟수:0
16:07:49  충격음성횟수:0
16:07:49  마지막위험음성:0
16:07:49  RSSI원시:-76
16:07:49  RSSI평활:-76.0
16:07:49  RSSI샘플:3656
16:07:49  RSSI경과ms:66
16:07:49  위험송신:3656
16:07:52  위험:0
16:07:52  원시위험:0
16:07:52  GPS유효:0
16:07:52  위도:0.000000
16:07:52  경도:0.000000
16:07:52  속도:0.00
16:07:52  방향:0.0
16:07:52  가속도:-0.52,1.35,9.65
16:07:52  자이로:2.4,0.2,1.5
16:07:52  충격값:0.08
16:07:52  송신:4550
16:07:52  지팡이수신:3683
16:07:52  GPS위성:0
16:07:52  GPS_HDOP:99.00
16:07:52  원시위도:0.000000
16:07:52  원시경도:0.000000
16:07:52  GPS채택:0
16:07:52  GPS이상치거부:0
16:07:52  GPS품질거부:0
16:07:52  GPS재기준:0
16:07:52  계산거리:-1.00
16:07:52  접근속도:0.00
16:07:52  TTC:999.00
16:07:52  방향오차:0.0
16:07:52  전방여부:0
16:07:52  위험음성횟수:0
16:07:52  충격음성횟수:0
16:07:52  마지막위험음성:0
16:07:52  RSSI원시:-73
16:07:52  RSSI평활:-72.9
16:07:52  RSSI샘플:3683
16:07:52  RSSI경과ms:39
16:07:52  위험송신:3683
16:07:54  위험:0
16:07:54  원시위험:0
16:07:54  GPS유효:0
16:07:54  위도:0.000000
16:07:54  경도:0.000000
16:07:54  속도:0.00
16:07:54  방향:0.0
16:07:54  가속도:-0.60,1.22,9.54
16:07:54  자이로:-0.9,1.4,-3.3
16:07:54  충격값:0.15
16:07:54  송신:4569
16:07:54  지팡이수신:3700
16:07:54  GPS위성:0
16:07:54  GPS_HDOP:99.00
16:07:54  원시위도:0.000000
16:07:54  원시경도:0.000000
16:07:54  GPS채택:0
16:07:54  GPS이상치거부:0
16:07:54  GPS품질거부:0
16:07:54  GPS재기준:0
16:07:54  계산거리:-1.00
16:07:54  접근속도:0.00
16:07:54  TTC:999.00
16:07:54  방향오차:0.0
16:07:54  전방여부:0
16:07:54  위험음성횟수:0
16:07:54  충격음성횟수:0
16:07:54  마지막위험음성:0
16:07:54  RSSI원시:-74
16:07:54  RSSI평활:-74.2
16:07:54  RSSI샘플:3700
16:07:54  RSSI경과ms:65
16:07:54  위험송신:3700
16:07:55  위험:0
16:07:55  원시위험:0
16:07:55  GPS유효:0
16:07:55  위도:0.000000
16:07:55  경도:0.000000
16:07:55  속도:0.00
16:07:55  방향:0.0
16:07:55  가속도:-0.46,1.36,9.59
16:07:55  자이로:1.6,-1.7,1.7
16:07:55  충격값:0.05
16:07:55  송신:4579
16:07:55  지팡이수신:3710
16:07:55  GPS위성:0
16:07:55  GPS_HDOP:99.00
16:07:55  원시위도:0.000000
16:07:55  원시경도:0.000000
16:07:55  GPS채택:0
16:07:55  GPS이상치거부:0
16:07:55  GPS품질거부:0
16:07:55  GPS재기준:0
16:07:55  계산거리:-1.00
16:07:55  접근속도:0.00
16:07:55  TTC:999.00
16:07:55  방향오차:0.0
16:07:55  전방여부:0
16:07:55  위험음성횟수:0
16:07:55  충격음성횟수:0
16:07:55  마지막위험음성:0
16:07:55  RSSI원시:-78
16:07:55  RSSI평활:-75.5
16:07:55  RSSI샘플:3710
16:07:55  RSSI경과ms:23
16:07:56  위험송신:3710
16:07:56  위험:0
16:07:56  원시위험:0
16:07:56  GPS유효:0
16:07:56  위도:0.000000
16:07:56  경도:0.000000
16:07:56  속도:0.00
16:07:56  방향:0.0
16:07:56  가속도:-0.48,1.18,9.56
16:07:56  자이로:2.0,-0.4,-0.8
16:07:56  충격값:0.15
16:07:56  송신:4588
16:07:56  지팡이수신:3719
16:07:56  GPS위성:0
16:07:56  GPS_HDOP:99.00
16:07:56  원시위도:0.000000
16:07:56  원시경도:0.000000
16:07:56  GPS채택:0
16:07:56  GPS이상치거부:0
16:07:56  GPS품질거부:0
16:07:56  GPS재기준:0
16:07:56  계산거리:-1.00
16:07:56  접근속도:0.00
16:07:56  TTC:999.00
16:07:56  방향오차:0.0
16:07:56  전방여부:0
16:07:56  위험음성횟수:0
16:07:56  충격음성횟수:0
16:07:56  마지막위험음성:0
16:07:56  RSSI원시:-74
16:07:56  RSSI평활:-76.0
16:07:56  RSSI샘플:3719
16:07:56  RSSI경과ms:51
16:07:56  위험송신:3719
16:07:57  위험:0
16:07:57  원시위험:0
16:07:57  GPS유효:0
16:07:57  위도:0.000000
16:07:57  경도:0.000000
16:07:57  속도:0.00
16:07:57  방향:0.0
16:07:57  가속도:-0.60,1.28,9.66
16:07:57  자이로:4.4,-2.7,-0.7
16:07:57  충격값:0.13
16:07:57  송신:4598
16:07:57  지팡이수신:3729
16:07:57  GPS위성:0
16:07:57  GPS_HDOP:99.00
16:07:57  원시위도:0.000000
16:07:57  원시경도:0.000000
16:07:57  GPS채택:0
16:07:57  GPS이상치거부:0
16:07:57  GPS품질거부:0
16:07:57  GPS재기준:0
16:07:57  계산거리:-1.00
16:07:57  접근속도:0.00
16:07:57  TTC:999.00
16:07:57  방향오차:0.0
16:07:57  전방여부:0
16:07:57  위험음성횟수:0
16:07:57  충격음성횟수:0
16:07:57  마지막위험음성:0
16:07:57  RSSI원시:-74
16:07:57  RSSI평활:-74.7
16:07:57  RSSI샘플:3729
16:07:57  RSSI경과ms:21
16:07:57  위험송신:3729
16:08:00  위험:0
16:08:00  원시위험:0
16:08:00  GPS유효:0
16:08:00  위도:0.000000
16:08:00  경도:0.000000
16:08:00  속도:0.00
16:08:00  방향:0.0
16:08:00  가속도:-0.42,1.24,9.67
16:08:00  자이로:-1.1,0.9,-3.5
16:08:00  충격값:0.12
16:08:00  송신:4627
16:08:00  지팡이수신:3756
16:08:00  GPS위성:0
16:08:00  GPS_HDOP:99.00
16:08:00  원시위도:0.000000
16:08:00  원시경도:0.000000
16:08:00  GPS채택:0
16:08:00  GPS이상치거부:0
16:08:00  GPS품질거부:0
16:08:00  GPS재기준:0
16:08:00  계산거리:-1.00
16:08:00  접근속도:0.00
16:08:00  TTC:999.00
16:08:00  방향오차:0.0
16:08:00  전방여부:0
16:08:00  위험음성횟수:0
16:08:00  충격음성횟수:0
16:08:00  마지막위험음성:0
16:08:00  RSSI원시:-77
16:08:00  RSSI평활:-78.9
16:08:01  RSSI샘플:3756
16:08:01  RSSI경과ms:1
16:08:01  위험송신:3756
16:08:01  위험:0
16:08:01  원시위험:0
16:08:01  GPS유효:0
16:08:01  위도:0.000000
16:08:01  경도:0.000000
16:08:01  속도:0.00
16:08:01  방향:0.0
16:08:01  가속도:-0.48,1.29,9.70
16:08:01  자이로:1.2,-0.3,-3.8
16:08:01  충격값:0.11
16:08:01  송신:4636
16:08:01  지팡이수신:3765
16:08:01  GPS위성:0
16:08:01  GPS_HDOP:99.00
16:08:01  원시위도:0.000000
16:08:01  원시경도:0.000000
16:08:01  GPS채택:0
16:08:01  GPS이상치거부:0
16:08:01  GPS품질거부:0
16:08:01  GPS재기준:0
16:08:01  계산거리:-1.00
16:08:01  접근속도:0.00
16:08:01  TTC:999.00
16:08:01  방향오차:0.0
16:08:01  전방여부:0
16:08:01  위험음성횟수:0
16:08:01  충격음성횟수:0
16:08:01  마지막위험음성:0
16:08:01  RSSI원시:-77
16:08:01  RSSI평활:-78.6
16:08:01  RSSI샘플:3765
16:08:01  RSSI경과ms:60
16:08:01  위험송신:3765
16:08:02  위험:0
16:08:02  원시위험:0
16:08:02  GPS유효:0
16:08:02  위도:0.000000
16:08:02  경도:0.000000
16:08:02  속도:0.00
16:08:02  방향:0.0
16:08:02  가속도:-0.35,1.26,9.47
16:08:02  자이로:2.1,-0.3,0.8
16:08:02  충격값:0.19
16:08:02  송신:4646
16:08:02  지팡이수신:3775
16:08:02  GPS위성:0
16:08:02  GPS_HDOP:99.00
16:08:02  원시위도:0.000000
16:08:02  원시경도:0.000000
16:08:02  GPS채택:0
16:08:02  GPS이상치거부:0
16:08:02  GPS품질거부:0
16:08:02  GPS재기준:0
16:08:02  계산거리:-1.00
16:08:02  접근속도:0.00
16:08:02  TTC:999.00
16:08:02  방향오차:0.0
16:08:02  전방여부:0
16:08:02  위험음성횟수:0
16:08:02  충격음성횟수:0
16:08:02  마지막위험음성:0
16:08:02  RSSI원시:-72
16:08:02  RSSI평활:-72.9
16:08:02  RSSI샘플:3775
16:08:02  RSSI경과ms:10
16:08:02  위험송신:3775
16:08:03  위험:0
16:08:03  원시위험:0
16:08:03  GPS유효:0
16:08:03  위도:0.000000
16:08:03  경도:0.000000
16:08:03  속도:0.00
16:08:03  방향:0.0
16:08:03  가속도:-0.53,1.34,9.62
16:08:03  자이로:0.6,0.4,-0.1
16:08:03  충격값:0.05
16:08:03  송신:4655
16:08:03  지팡이수신:3784
16:08:03  GPS위성:0
16:08:03  GPS_HDOP:99.00
16:08:03  원시위도:0.000000
16:08:03  원시경도:0.000000
16:08:03  GPS채택:0
16:08:03  GPS이상치거부:0
16:08:03  GPS품질거부:0
16:08:03  GPS재기준:0
16:08:03  계산거리:-1.00
16:08:03  접근속도:0.00
16:08:03  TTC:999.00
16:08:03  방향오차:0.0
16:08:03  전방여부:0
16:08:03  위험음성횟수:0
16:08:03  충격음성횟수:0
16:08:03  마지막위험음성:0
16:08:03  RSSI원시:-72
16:08:03  RSSI평활:-73.0
16:08:03  RSSI샘플:3784
16:08:03  RSSI경과ms:73
16:08:03  위험송신:3784
16:08:04  위험:0
16:08:04  원시위험:0
16:08:04  GPS유효:0
16:08:04  위도:0.000000
16:08:04  경도:0.000000
16:08:04  속도:0.00
16:08:04  방향:0.0
16:08:04  가속도:-0.57,1.34,9.64
16:08:04  자이로:1.8,-3.0,-1.7
16:08:04  충격값:0.09
16:08:04  송신:4665
16:08:04  지팡이수신:3794
16:08:04  GPS위성:0
16:08:04  GPS_HDOP:99.00
16:08:04  원시위도:0.000000
16:08:04  원시경도:0.000000
16:08:04  GPS채택:0
16:08:04  GPS이상치거부:0
16:08:04  GPS품질거부:0
16:08:04  GPS재기준:0
16:08:04  계산거리:-1.00
16:08:04  접근속도:0.00
16:08:04  TTC:999.00
16:08:04  방향오차:0.0
16:08:04  전방여부:0
16:08:04  위험음성횟수:0
16:08:04  충격음성횟수:0
16:08:04  마지막위험음성:0
16:08:04  RSSI원시:-74
16:08:05  RSSI평활:-73.2
16:08:05  RSSI샘플:3794
16:08:05  RSSI경과ms:30
16:08:05  위험송신:3794
16:08:05  위험:0
16:08:05  원시위험:0
16:08:05  GPS유효:0
16:08:05  위도:0.000000
16:08:05  경도:0.000000
16:08:05  속도:0.00
16:08:05  방향:0.0
16:08:05  가속도:-0.49,1.38,9.56
16:08:05  자이로:2.1,1.0,-2.6
16:08:05  충격값:0.06
16:08:05  송신:4674
16:08:05  지팡이수신:3803
16:08:05  GPS위성:0
16:08:05  GPS_HDOP:99.00
16:08:05  원시위도:0.000000
16:08:05  원시경도:0.000000
16:08:05  GPS채택:0
16:08:05  GPS이상치거부:0
16:08:05  GPS품질거부:0
16:08:05  GPS재기준:0
16:08:05  계산거리:-1.00
16:08:05  접근속도:0.00
16:08:05  TTC:999.00
16:08:05  방향오차:0.0
16:08:05  전방여부:0
16:08:05  위험음성횟수:0
16:08:06  충격음성횟수:0
16:08:06  마지막위험음성:0
16:08:06  RSSI원시:-75
16:08:06  RSSI평활:-73.4
16:08:06  RSSI샘플:3803
16:08:06  RSSI경과ms:91
16:08:06  위험송신:3803
