14:45:06  위험:0
14:45:06  GPS유효:1
14:45:06  위도:37.496788
14:45:06  경도:126.957886
14:45:06  속도:0.14
14:45:06  방향:34.4
14:45:06  가속도:-1.68,3.13,9.10
14:45:06  송신:12526
14:45:06  GPS위성:7
14:45:06  GPS_HDOP:1.43
14:45:06  원시위도:37.496791
14:45:06  원시경도:126.957885
14:45:06  GPS채택:1674
14:45:06  GPS이상치거부:3
14:45:06  GPS품질거부:24
14:45:06  GPS재기준:1
14:45:06  차량수신:12179
14:45:07  위험:0
14:45:07  GPS유효:1
14:45:07  위도:37.496796
14:45:07  경도:126.957886
14:45:07  속도:0.12
14:45:07  방향:34.4
14:45:07  가속도:-1.63,3.23,9.06
14:45:07  송신:12535
14:45:07  GPS위성:7
14:45:07  GPS_HDOP:1.43
14:45:07  원시위도:37.496797
14:45:07  원시경도:126.957890
14:45:07  GPS채택:1676
14:45:07  GPS이상치거부:3
14:45:07  GPS품질거부:24
14:45:07  GPS재기준:1
14:45:07  차량수신:12189
14:45:08  위험:0
14:45:08  GPS유효:1
14:45:08  위도:37.496799
14:45:08  경도:126.957893
14:45:08  속도:0.20
14:45:08  방향:34.4
14:45:08  가속도:-1.77,3.17,9.10
14:45:08  송신:12545
14:45:08  GPS위성:7
14:45:08  GPS_HDOP:1.43
14:45:08  원시위도:37.496803
14:45:08  원시경도:126.957892
14:45:08  GPS채택:1678
14:45:08  GPS이상치거부:3
14:45:08  GPS품질거부:24
14:45:08  GPS재기준:1
14:45:08  차량수신:12199
14:45:09  위험:0
14:45:09  GPS유효:1
14:45:09  위도:37.496807
14:45:09  경도:126.957893
14:45:09  속도:0.19
14:45:09  방향:34.4
14:45:09  가속도:-1.68,3.20,9.05
14:45:09  송신:12555
14:45:09  GPS위성:7
14:45:09  GPS_HDOP:1.43
14:45:09  원시위도:37.496809
14:45:09  원시경도:126.957897
14:45:09  GPS채택:1680
14:45:09  GPS이상치거부:3
14:45:09  GPS품질거부:24
14:45:09  GPS재기준:1
14:45:09  차량수신:12208
14:45:10  위험:0
14:45:10  GPS유효:1
14:45:10  위도:37.496815
14:45:10  경도:126.957901
14:45:10  속도:0.23
14:45:10  방향:34.4
14:45:10  가속도:-1.74,3.22,9.11
14:45:10  송신:12565
14:45:10  GPS위성:7
14:45:10  GPS_HDOP:1.43
14:45:10  원시위도:37.496816
14:45:10  원시경도:126.957906
14:45:10  GPS채택:1682
14:45:10  GPS이상치거부:3
14:45:10  GPS품질거부:24
14:45:10  GPS재기준:1
14:45:10  차량수신:12218
14:45:11  위험:0
14:45:11  GPS유효:1
14:45:11  위도:37.496819
14:45:11  경도:126.957916
14:45:11  속도:0.19
14:45:11  방향:34.4
14:45:11  가속도:-1.81,3.22,9.09
14:45:11  송신:12575
14:45:11  GPS위성:7
14:45:11  GPS_HDOP:1.43
14:45:11  원시위도:37.496819
14:45:11  원시경도:126.957917
14:45:11  GPS채택:1684
14:45:11  GPS이상치거부:3
14:45:11  GPS품질거부:24
14:45:11  GPS재기준:1
14:45:11  차량수신:12228
14:45:12  위험:0
14:45:12  GPS유효:1
14:45:12  위도:37.496822
14:45:12  경도:126.957924
14:45:12  속도:0.24
14:45:12  방향:34.4
14:45:12  가속도:-1.62,3.18,9.06
14:45:12  송신:12584
14:45:12  GPS위성:7
14:45:12  GPS_HDOP:1.43
14:45:12  원시위도:37.496823
14:45:12  원시경도:126.957930
14:45:12  GPS채택:1686
14:45:12  GPS이상치거부:3
14:45:12  GPS품질거부:24
14:45:12  GPS재기준:1
14:45:12  차량수신:12238
14:45:13  위험:0
14:45:13  GPS유효:1
14:45:13  위도:37.496826
14:45:13  경도:126.957939
14:45:13  속도:0.25
14:45:13  방향:34.4
14:45:13  가속도:-1.71,3.06,9.03
14:45:13  송신:12594
14:45:13  GPS위성:7
14:45:13  GPS_HDOP:1.43
14:45:13  원시위도:37.496828
14:45:13  원시경도:126.957939
14:45:13  GPS채택:1688
14:45:13  GPS이상치거부:3
14:45:13  GPS품질거부:24
14:45:13  GPS재기준:1
14:45:13  차량수신:12247
14:45:14  위험:0
14:45:14  GPS유효:1
14:45:14  위도:37.496830
14:45:14  경도:126.957947
14:45:14  속도:0.23
14:45:14  방향:34.4
14:45:14  가속도:-1.64,3.07,8.98
14:45:14  송신:12604
14:45:14  GPS위성:6
14:45:14  GPS_HDOP:1.43
14:45:14  원시위도:37.496832
14:45:14  원시경도:126.957949
14:45:14  GPS채택:1690
14:45:14  GPS이상치거부:3
14:45:14  GPS품질거부:24
14:45:14  GPS재기준:1
14:45:14  차량수신:12257
14:45:15  위험:0
14:45:15  GPS유효:1
14:45:15  위도:37.496834
14:45:15  경도:126.957954
14:45:15  속도:0.17
14:45:15  방향:34.4
14:45:15  가속도:-1.80,3.09,9.05
14:45:15  송신:12614
14:45:15  GPS위성:7
14:45:15  GPS_HDOP:1.43
14:45:15  원시위도:37.496834
14:45:15  원시경도:126.957960
14:45:15  GPS채택:1692
14:45:15  GPS이상치거부:3
14:45:15  GPS품질거부:24
14:45:15  GPS재기준:1
14:45:15  차량수신:12267
14:45:16  위험:0
14:45:16  GPS유효:1
14:45:16  위도:37.496834
14:45:16  경도:126.957962
14:45:16  속도:0.10
14:45:16  방향:34.4
14:45:16  가속도:-1.77,3.16,9.02
14:45:16  송신:12624
14:45:16  GPS위성:7
14:45:16  GPS_HDOP:1.43
14:45:16  원시위도:37.496834
14:45:16  원시경도:126.957969
14:45:16  GPS채택:1694
14:45:16  GPS이상치거부:3
14:45:16  GPS품질거부:24
14:45:16  GPS재기준:1
14:45:16  차량수신:12276
14:45:17  위험:0
14:45:17  GPS유효:1
14:45:17  위도:37.496834
14:45:17  경도:126.957977
14:45:17  속도:0.13
14:45:17  방향:34.4
14:45:17  가속도:-1.60,3.15,9.01
14:45:17  송신:12633
14:45:17  GPS위성:7
14:45:17  GPS_HDOP:1.43
14:45:17  원시위도:37.496832
14:45:17  원시경도:126.957978
14:45:17  GPS채택:1696
14:45:17  GPS이상치거부:3
14:45:17  GPS품질거부:24
14:45:17  GPS재기준:1
14:45:17  차량수신:12286
14:45:18  위험:0
14:45:18  GPS유효:1
14:45:18  위도:37.496830
14:45:18  경도:126.957977
14:45:18  속도:0.12
14:45:18  방향:34.4
14:45:18  가속도:-1.56,3.15,8.95
14:45:18  송신:12643
14:45:18  GPS위성:7
14:45:18  GPS_HDOP:1.43
14:45:18  원시위도:37.496831
14:45:18  원시경도:126.957981
14:45:18  GPS채택:1698
14:45:18  GPS이상치거부:3
14:45:18  GPS품질거부:24
14:45:18  GPS재기준:1
14:45:18  차량수신:12296
14:45:19  위험:0
14:45:19  GPS유효:1
14:45:19  위도:37.496830
14:45:19  경도:126.957977
14:45:19  속도:0.10
14:45:19  방향:34.4
14:45:19  가속도:-1.62,3.19,8.95
14:45:19  송신:12653
14:45:19  GPS위성:7
14:45:19  GPS_HDOP:1.43
14:45:19  원시위도:37.496829
14:45:19  원시경도:126.957981
14:45:19  GPS채택:1700
14:45:19  GPS이상치거부:3
14:45:19  GPS품질거부:24
14:45:19  GPS재기준:1
14:45:19  차량수신:12306
14:45:20  위험:0
14:45:20  GPS유효:1
14:45:20  위도:37.496826
14:45:20  경도:126.957977
14:45:20  속도:0.08
14:45:20  방향:34.4
14:45:20  가속도:-1.67,3.16,8.98
14:45:20  송신:12663
14:45:20  GPS위성:7
14:45:20  GPS_HDOP:1.43
14:45:20  원시위도:37.496825
14:45:20  원시경도:126.957979
14:45:20  GPS채택:1702
14:45:20  GPS이상치거부:3
14:45:20  GPS품질거부:24
14:45:20  GPS재기준:1
14:45:20  차량수신:12315
14:45:21  위험:0
14:45:21  GPS유효:1
14:45:21  위도:37.496822
14:45:21  경도:126.957977
14:45:21  속도:0.07
14:45:21  방향:34.4
14:45:21  가속도:-1.75,3.11,8.90
14:45:21  송신:12673
14:45:21  GPS위성:8
14:45:21  GPS_HDOP:1.43
14:45:21  원시위도:37.496820
14:45:21  원시경도:126.957977
14:45:21  GPS채택:1704
14:45:21  GPS이상치거부:3
14:45:21  GPS품질거부:24
14:45:21  GPS재기준:1
14:45:21  차량수신:12325
14:45:22  위험:0
14:45:22  GPS유효:1
14:45:22  위도:37.496815
14:45:22  경도:126.957977
14:45:22  속도:0.04
14:45:22  방향:34.4
14:45:22  가속도:-1.79,3.27,8.91
14:45:22  송신:12682
14:45:22  GPS위성:8
14:45:22  GPS_HDOP:1.43
14:45:22  원시위도:37.496814
14:45:22  원시경도:126.957973
14:45:22  GPS채택:1706
14:45:22  GPS이상치거부:3
14:45:22  GPS품질거부:24
14:45:22  GPS재기준:1
14:45:22  차량수신:12335
14:45:23  위험:0
14:45:23  GPS유효:1
14:45:23  위도:37.496811
14:45:23  경도:126.957970
14:45:23  속도:0.06
14:45:23  방향:34.4
14:45:23  가속도:-1.69,3.18,8.92
14:45:23  송신:12692
14:45:23  GPS위성:8
14:45:23  GPS_HDOP:1.43
14:45:23  원시위도:37.496808
14:45:23  원시경도:126.957972
14:45:23  GPS채택:1708
14:45:23  GPS이상치거부:3
14:45:23  GPS품질거부:24
14:45:23  GPS재기준:1
14:45:23  차량수신:12344
14:45:24  위험:0
14:45:24  GPS유효:1
14:45:24  위도:37.496803
14:45:24  경도:126.957970
14:45:24  속도:0.03
14:45:24  방향:34.4
14:45:24  가속도:-1.73,3.31,9.04
14:45:24  송신:12702
14:45:24  GPS위성:8
14:45:24  GPS_HDOP:1.43
14:45:24  원시위도:37.496799
14:45:24  원시경도:126.957968
14:45:24  GPS채택:1710
14:45:24  GPS이상치거부:3
14:45:24  GPS품질거부:24
14:45:24  GPS재기준:1
14:45:24  차량수신:12354
14:45:25  위험:0
14:45:25  GPS유효:1
14:45:25  위도:37.496792
14:45:25  경도:126.957962
14:45:25  속도:0.05
14:45:25  방향:34.4
14:45:25  가속도:-1.65,3.30,8.98
14:45:25  송신:12712
14:45:25  GPS위성:8
14:45:25  GPS_HDOP:1.43
14:45:25  원시위도:37.496786
14:45:25  원시경도:126.957954
14:45:25  GPS채택:1712
14:45:25  GPS이상치거부:3
14:45:25  GPS품질거부:24
14:45:25  GPS재기준:1
14:45:25  차량수신:12364
14:45:27  위험:0
14:45:27  GPS유효:1
14:45:27  위도:37.496777
14:45:27  경도:126.957954
14:45:27  속도:0.06
14:45:27  방향:34.4
14:45:27  가속도:-1.62,3.27,9.03
14:45:27  송신:12731
14:45:27  GPS위성:6
14:45:27  GPS_HDOP:1.43
14:45:27  원시위도:37.496773
14:45:27  원시경도:126.957955
14:45:27  GPS채택:1716
14:45:27  GPS이상치거부:3
14:45:27  GPS품질거부:24
14:45:27  GPS재기준:1
14:45:27  차량수신:12384
14:45:28  위험:0
14:45:28  GPS유효:1
14:45:28  위도:37.496769
14:45:28  경도:126.957954
14:45:28  속도:0.05
14:45:28  방향:34.4
14:45:28  가속도:-1.71,3.36,8.93
14:45:28  송신:12741
14:45:28  GPS위성:6
14:45:28  GPS_HDOP:1.43
14:45:28  원시위도:37.496767
14:45:28  원시경도:126.957956
14:45:28  GPS채택:1718
14:45:28  GPS이상치거부:3
14:45:28  GPS품질거부:24
14:45:28  GPS재기준:1
14:45:28  차량수신:12393
14:45:29  위험:0
14:45:29  GPS유효:1
14:45:29  위도:37.496765
14:45:29  경도:126.957954
14:45:29  속도:0.04
14:45:29  방향:34.4
14:45:29  가속도:-1.78,3.21,9.03
14:45:29  송신:12751
14:45:29  GPS위성:6
14:45:29  GPS_HDOP:1.94
14:45:29  원시위도:37.496762
14:45:29  원시경도:126.957956
14:45:29  GPS채택:1720
14:45:29  GPS이상치거부:3
14:45:29  GPS품질거부:24
14:45:29  GPS재기준:1
14:45:29  차량수신:12403
14:45:30  위험:0
14:45:30  GPS유효:1
14:45:30  위도:37.496758
14:45:30  경도:126.957954
14:45:30  속도:0.04
14:45:30  방향:34.4
14:45:30  가속도:-1.58,3.17,9.05
14:45:30  송신:12761
14:45:30  GPS위성:6
14:45:30  GPS_HDOP:1.43
14:45:30  원시위도:37.496757
14:45:30  원시경도:126.957955
14:45:30  GPS채택:1722
14:45:30  GPS이상치거부:3
14:45:30  GPS품질거부:24
14:45:30  GPS재기준:1
14:45:30  차량수신:12413
14:45:31  위험:0
14:45:31  GPS유효:1
14:45:31  위도:37.496754
14:45:31  경도:126.957954
14:45:31  속도:0.08
14:45:31  방향:34.4
14:45:31  가속도:-1.75,3.12,9.09
14:45:31  송신:12771
14:45:31  GPS위성:6
14:45:31  GPS_HDOP:1.43
14:45:31  원시위도:37.496751
14:45:31  원시경도:126.957952
14:45:31  GPS채택:1724
14:45:31  GPS이상치거부:3
14:45:31  GPS품질거부:24
14:45:31  GPS재기준:1
14:45:31  차량수신:12422
14:45:32  위험:0
14:45:32  GPS유효:1
14:45:32  위도:37.496750
14:45:32  경도:126.957947
14:45:32  속도:0.04
14:45:32  방향:34.4
14:45:32  가속도:-1.78,3.22,9.10
14:45:32  송신:12781
14:45:32  GPS위성:6
14:45:32  GPS_HDOP:1.43
14:45:32  원시위도:37.496747
14:45:32  원시경도:126.957949
14:45:32  GPS채택:1726
14:45:32  GPS이상치거부:3
14:45:32  GPS품질거부:24
14:45:32  GPS재기준:1
14:45:32  차량수신:12432
14:45:33  위험:0
14:45:33  GPS유효:1
14:45:33  위도:37.496746
14:45:33  경도:126.957947
14:45:33  속도:0.04
14:45:33  방향:34.4
14:45:33  가속도:-1.68,3.25,9.00
14:45:33  송신:12790
14:45:33  GPS위성:6
14:45:33  GPS_HDOP:1.43
14:45:33  원시위도:37.496746
14:45:33  원시경도:126.957947
14:45:33  GPS채택:1728
14:45:33  GPS이상치거부:3
14:45:33  GPS품질거부:24
14:45:33  GPS재기준:1
14:45:33  차량수신:12442
14:45:35  위험:0
14:45:35  GPS유효:1
14:45:35  위도:37.496746
14:45:35  경도:126.957947
14:45:35  속도:0.03
14:45:35  방향:34.4
14:45:35  가속도:-1.67,3.28,9.15
14:45:35  송신:12810
14:45:35  GPS위성:6
14:45:35  GPS_HDOP:1.43
14:45:35  원시위도:37.496746
14:45:35  원시경도:126.957947
14:45:35  GPS채택:1732
14:45:35  GPS이상치거부:3
14:45:35  GPS품질거부:24
14:45:35  GPS재기준:1
14:45:35  차량수신:12461
14:45:36  위험:0
14:45:36  GPS유효:1
14:45:36  위도:37.496746
14:45:36  경도:126.957947
14:45:36  속도:0.05
14:45:36  방향:34.4
14:45:36  가속도:-1.59,3.03,9.00
14:45:36  송신:12820
14:45:36  GPS위성:6
14:45:36  GPS_HDOP:1.43
14:45:36  원시위도:37.496744
14:45:36  원시경도:126.957946
14:45:36  GPS채택:1734
14:45:36  GPS이상치거부:3
14:45:36  GPS품질거부:24
14:45:36  GPS재기준:1
14:45:36  차량수신:12471
