14:45:07  위험:0
14:45:07  GPS유효:1
14:45:07  위도:37.496959
14:45:07  경도:126.957892
14:45:07  속도:0.26
14:45:07  방향:0.0
14:45:07  가속도:-1.36,1.27,9.62
14:45:07  자이로:1.6,-2.6,0.4
14:45:07  충격값:0.09
14:45:07  송신:15823
14:45:07  지팡이수신:15555
14:45:07  GPS위성:4
14:45:07  GPS_HDOP:2.50
14:45:07  원시위도:37.496958
14:45:07  원시경도:126.957892
14:45:07  GPS채택:1650
14:45:07  GPS이상치거부:4
14:45:07  GPS품질거부:223
14:45:07  GPS재기준:1
14:45:07  위험송신:15555
14:45:08  위험:0
14:45:08  GPS유효:1
14:45:08  위도:37.496963
14:45:08  경도:126.957892
14:45:08  속도:0.18
14:45:08  방향:0.0
14:45:08  가속도:-1.40,1.31,9.57
14:45:08  자이로:1.4,-1.0,-1.1
14:45:08  충격값:0.03
14:45:08  송신:15833
14:45:08  지팡이수신:15565
14:45:08  GPS위성:4
14:45:08  GPS_HDOP:2.50
14:45:08  원시위도:37.496963
14:45:08  원시경도:126.957892
14:45:08  GPS채택:1652
14:45:08  GPS이상치거부:4
14:45:08  GPS품질거부:223
14:45:08  GPS재기준:1
14:45:08  위험송신:15565
14:45:09  위험:0
14:45:09  GPS유효:1
14:45:09  위도:37.496965
14:45:09  경도:126.957888
14:45:09  속도:0.17
14:45:09  방향:0.0
14:45:09  가속도:-1.36,1.37,9.54
14:45:09  자이로:-0.5,1.3,-0.4
14:45:09  충격값:0.09
14:45:09  송신:15842
14:45:09  지팡이수신:15575
14:45:09  GPS위성:4
14:45:09  GPS_HDOP:2.50
14:45:09  원시위도:37.496967
14:45:09  원시경도:126.957887
14:45:09  GPS채택:1653
14:45:09  GPS이상치거부:4
14:45:09  GPS품질거부:223
14:45:09  GPS재기준:1
14:45:09  위험송신:15575
14:45:10  위험:0
14:45:10  GPS유효:1
14:45:10  위도:37.496970
14:45:10  경도:126.957885
14:45:10  속도:0.20
14:45:10  방향:0.0
14:45:10  가속도:-1.45,1.39,9.59
14:45:10  자이로:-0.2,2.2,0.3
14:45:10  충격값:0.12
14:45:10  송신:15852
14:45:10  지팡이수신:15585
14:45:10  GPS위성:4
14:45:10  GPS_HDOP:2.50
14:45:10  원시위도:37.496970
14:45:10  원시경도:126.957885
14:45:10  GPS채택:1656
14:45:10  GPS이상치거부:4
14:45:10  GPS품질거부:223
14:45:10  GPS재기준:1
14:45:10  위험송신:15585
14:45:11  위험:0
14:45:11  GPS유효:1
14:45:11  위도:37.496974
14:45:11  경도:126.957886
14:45:11  속도:0.13
14:45:11  방향:0.0
14:45:11  가속도:-1.40,1.27,9.54
14:45:11  자이로:1.5,-1.3,-1.9
14:45:11  충격값:0.01
14:45:11  송신:15862
14:45:11  지팡이수신:15595
14:45:11  GPS위성:4
14:45:11  GPS_HDOP:2.50
14:45:11  원시위도:37.496975
14:45:11  원시경도:126.957887
14:45:11  GPS채택:1658
14:45:11  GPS이상치거부:4
14:45:11  GPS품질거부:223
14:45:11  GPS재기준:1
14:45:11  위험송신:15595
14:45:12  위험:0
14:45:12  GPS유효:1
14:45:12  위도:37.496974
14:45:12  경도:126.957884
14:45:12  속도:0.13
14:45:12  방향:0.0
14:45:12  가속도:-1.51,1.16,9.50
14:45:12  자이로:2.3,0.4,1.2
14:45:12  충격값:0.17
14:45:12  송신:15872
14:45:12  지팡이수신:15604
14:45:12  GPS위성:4
14:45:12  GPS_HDOP:2.50
14:45:12  원시위도:37.496973
14:45:12  원시경도:126.957883
14:45:12  GPS채택:1660
14:45:12  GPS이상치거부:4
14:45:12  GPS품질거부:223
14:45:12  GPS재기준:1
14:45:12  위험송신:15604
14:45:13  위험:0
14:45:13  GPS유효:1
14:45:13  위도:37.496969
14:45:13  경도:126.957882
14:45:13  속도:0.27
14:45:13  방향:0.0
14:45:13  가속도:-1.43,1.22,9.44
14:45:13  자이로:-0.8,1.1,-5.1
14:45:13  충격값:0.12
14:45:13  송신:15881
14:45:13  지팡이수신:15614
14:45:13  GPS위성:4
14:45:13  GPS_HDOP:2.50
14:45:13  원시위도:37.496968
14:45:13  원시경도:126.957882
14:45:13  GPS채택:1662
14:45:13  GPS이상치거부:4
14:45:13  GPS품질거부:223
14:45:13  GPS재기준:1
14:45:13  위험송신:15614
14:45:14  위험:0
14:45:14  GPS유효:1
14:45:14  위도:37.496967
14:45:14  경도:126.957881
14:45:14  속도:0.33
14:45:14  방향:0.0
14:45:14  가속도:-1.45,1.29,9.53
14:45:14  자이로:0.2,-0.2,0.9
14:45:14  충격값:0.03
14:45:14  송신:15891
14:45:14  지팡이수신:15624
14:45:14  GPS위성:4
14:45:14  GPS_HDOP:2.50
14:45:14  원시위도:37.496968
14:45:14  원시경도:126.957882
14:45:14  GPS채택:1663
14:45:14  GPS이상치거부:4
14:45:14  GPS품질거부:223
14:45:14  GPS재기준:1
14:45:14  위험송신:15624
14:45:15  위험:0
14:45:15  GPS유효:1
14:45:15  위도:37.496968
14:45:15  경도:126.957883
14:45:15  속도:0.19
14:45:15  방향:0.0
14:45:15  가속도:-1.43,1.31,9.53
14:45:15  자이로:-1.1,1.8,-1.6
14:45:15  충격값:0.03
14:45:15  송신:15901
14:45:15  지팡이수신:15634
14:45:15  GPS위성:4
14:45:15  GPS_HDOP:2.50
14:45:15  원시위도:37.496968
14:45:15  원시경도:126.957883
14:45:15  GPS채택:1666
14:45:15  GPS이상치거부:4
14:45:15  GPS품질거부:223
14:45:15  GPS재기준:1
14:45:15  위험송신:15634
14:45:16  위험:0
14:45:16  GPS유효:1
14:45:16  위도:37.496973
14:45:16  경도:126.957885
14:45:16  속도:0.15
14:45:16  방향:0.0
14:45:16  가속도:-1.52,1.43,9.49
14:45:16  자이로:-1.9,-2.0,3.1
14:45:16  충격값:0.19
14:45:16  송신:15910
14:45:16  지팡이수신:15644
14:45:16  GPS위성:4
14:45:16  GPS_HDOP:2.50
14:45:16  원시위도:37.496973
14:45:16  원시경도:126.957885
14:45:16  GPS채택:1668
14:45:16  GPS이상치거부:4
14:45:16  GPS품질거부:223
14:45:16  GPS재기준:1
14:45:16  위험송신:15644
14:45:17  위험:0
14:45:17  GPS유효:1
14:45:17  위도:37.496972
14:45:17  경도:126.957885
14:45:17  속도:0.13
14:45:17  방향:0.0
14:45:17  가속도:-1.38,1.41,9.59
14:45:17  자이로:0.5,0.7,-2.3
14:45:17  충격값:0.13
14:45:17  송신:15920
14:45:17  지팡이수신:15653
14:45:17  GPS위성:4
14:45:17  GPS_HDOP:2.50
14:45:17  원시위도:37.496972
14:45:17  원시경도:126.957885
14:45:17  GPS채택:1670
14:45:17  GPS이상치거부:4
14:45:17  GPS품질거부:223
14:45:17  GPS재기준:1
14:45:17  위험송신:15653
14:45:18  위험:0
14:45:18  GPS유효:1
14:45:18  위도:37.496967
14:45:18  경도:126.957879
14:45:18  속도:0.16
14:45:18  방향:0.0
14:45:18  가속도:-1.44,1.22,9.48
14:45:18  자이로:1.0,-0.1,-2.8
14:45:18  충격값:0.10
14:45:18  송신:15930
14:45:18  지팡이수신:15663
14:45:18  GPS위성:4
14:45:18  GPS_HDOP:2.50
14:45:18  원시위도:37.496967
14:45:18  원시경도:126.957878
14:45:18  GPS채택:1672
14:45:18  GPS이상치거부:4
14:45:18  GPS품질거부:223
14:45:18  GPS재기준:1
14:45:18  위험송신:15663
14:45:19  위험:0
14:45:19  GPS유효:1
14:45:19  위도:37.496962
14:45:19  경도:126.957876
14:45:19  속도:0.18
14:45:19  방향:0.0
14:45:19  가속도:-1.35,1.32,9.63
14:45:19  자이로:1.1,-3.0,0.7
14:45:19  충격값:0.10
14:45:19  송신:15940
14:45:19  지팡이수신:15672
14:45:19  GPS위성:4
14:45:19  GPS_HDOP:2.50
14:45:19  원시위도:37.496960
14:45:19  원시경도:126.957875
14:45:19  GPS채택:1673
14:45:19  GPS이상치거부:4
14:45:19  GPS품질거부:223
14:45:19  GPS재기준:1
14:45:19  위험송신:15672
14:45:20  위험:0
14:45:20  GPS유효:1
14:45:20  위도:37.496960
14:45:20  경도:126.957876
14:45:20  속도:0.24
14:45:20  방향:0.0
14:45:20  가속도:-1.39,1.38,9.52
14:45:20  자이로:0.8,-0.1,1.1
14:45:20  충격값:0.09
14:45:20  송신:15949
14:45:20  지팡이수신:15682
14:45:20  GPS위성:4
14:45:20  GPS_HDOP:2.50
14:45:20  원시위도:37.496960
14:45:20  원시경도:126.957877
14:45:20  GPS채택:1676
14:45:20  GPS이상치거부:4
14:45:20  GPS품질거부:223
14:45:20  GPS재기준:1
14:45:20  위험송신:15682
14:45:21  위험:0
14:45:21  GPS유효:1
14:45:21  위도:37.496957
14:45:21  경도:126.957875
14:45:21  속도:0.22
14:45:21  방향:0.0
14:45:21  가속도:-1.32,1.17,9.45
14:45:21  자이로:0.4,-0.6,1.2
14:45:21  충격값:0.18
14:45:21  송신:15959
14:45:21  지팡이수신:15692
14:45:21  GPS위성:4
14:45:21  GPS_HDOP:2.50
14:45:21  원시위도:37.496957
14:45:21  원시경도:126.957875
14:45:21  GPS채택:1678
14:45:21  GPS이상치거부:4
14:45:21  GPS품질거부:223
14:45:21  GPS재기준:1
14:45:21  위험송신:15692
14:45:23  위험:0
14:45:23  GPS유효:1
14:45:23  위도:37.496958
14:45:23  경도:126.957886
14:45:23  속도:0.32
14:45:23  방향:0.0
14:45:23  가속도:-1.38,1.29,9.52
14:45:23  자이로:1.5,-1.1,0.5
14:45:23  충격값:0.03
14:45:23  송신:15979
14:45:23  지팡이수신:15711
14:45:23  GPS위성:4
14:45:23  GPS_HDOP:2.50
14:45:23  원시위도:37.496958
14:45:23  원시경도:126.957887
14:45:23  GPS채택:1682
14:45:23  GPS이상치거부:4
14:45:23  GPS품질거부:223
14:45:23  GPS재기준:1
14:45:23  위험송신:15711
14:45:24  위험:0
14:45:24  GPS유효:1
14:45:24  위도:37.496958
14:45:24  경도:126.957893
14:45:24  속도:0.37
14:45:24  방향:0.0
14:45:24  가속도:-1.39,1.40,9.56
14:45:24  자이로:2.2,-2.2,-1.0
14:45:24  충격값:0.10
14:45:24  송신:15988
14:45:24  지팡이수신:15721
14:45:24  GPS위성:4
14:45:24  GPS_HDOP:2.60
14:45:24  원시위도:37.496958
14:45:24  원시경도:126.957895
14:45:24  GPS채택:1683
14:45:24  GPS이상치거부:4
14:45:24  GPS품질거부:223
14:45:24  GPS재기준:1
14:45:24  위험송신:15721
14:45:25  위험:0
14:45:25  GPS유효:1
14:45:25  위도:37.496959
14:45:25  경도:126.957905
14:45:25  속도:0.49
14:45:25  방향:0.0
14:45:25  가속도:-1.47,1.17,9.57
14:45:25  자이로:2.6,-0.9,-2.2
14:45:25  충격값:0.16
14:45:25  송신:15998
14:45:25  지팡이수신:15731
14:45:25  GPS위성:4
14:45:25  GPS_HDOP:2.60
14:45:25  원시위도:37.496960
14:45:25  원시경도:126.957905
14:45:25  GPS채택:1686
14:45:25  GPS이상치거부:4
14:45:25  GPS품질거부:223
14:45:25  GPS재기준:1
14:45:25  위험송신:15731
14:45:26  위험:0
14:45:26  GPS유효:1
14:45:26  위도:37.496956
14:45:26  경도:126.957912
14:45:26  속도:0.53
14:45:26  방향:0.0
14:45:26  가속도:-1.43,1.29,9.57
14:45:26  자이로:1.0,1.6,-3.2
14:45:26  충격값:0.02
14:45:26  송신:16008
14:45:26  지팡이수신:15741
14:45:26  GPS위성:4
14:45:26  GPS_HDOP:2.60
14:45:26  원시위도:37.496957
14:45:26  원시경도:126.957912
14:45:26  GPS채택:1688
14:45:26  GPS이상치거부:4
14:45:26  GPS품질거부:223
14:45:26  GPS재기준:1
14:45:26  위험송신:15741
14:45:28  위험:0
14:45:28  GPS유효:1
14:45:28  위도:37.496950
14:45:28  경도:126.957926
14:45:28  속도:0.33
14:45:28  방향:0.0
14:45:28  가속도:-1.50,1.26,9.47
14:45:28  자이로:0.2,0.9,0.7
14:45:28  충격값:0.13
14:45:28  송신:16027
14:45:28  지팡이수신:15760
14:45:28  GPS위성:4
14:45:28  GPS_HDOP:2.60
14:45:28  원시위도:37.496950
14:45:28  원시경도:126.957927
14:45:28  GPS채택:1692
14:45:28  GPS이상치거부:4
14:45:28  GPS품질거부:223
14:45:28  GPS재기준:1
14:45:28  위험송신:15760
14:45:29  위험:0
14:45:29  GPS유효:1
14:45:29  위도:37.496945
14:45:29  경도:126.957928
14:45:29  속도:0.29
14:45:29  방향:0.0
14:45:29  가속도:-1.37,1.26,9.39
14:45:29  자이로:3.0,0.4,0.9
14:45:29  충격값:0.17
14:45:29  송신:16037
14:45:29  지팡이수신:15770
14:45:29  GPS위성:4
14:45:29  GPS_HDOP:2.60
14:45:29  원시위도:37.496943
14:45:29  원시경도:126.957928
14:45:29  GPS채택:1693
14:45:29  GPS이상치거부:4
14:45:29  GPS품질거부:223
14:45:29  GPS재기준:1
14:45:29  위험송신:15770
14:45:30  위험:0
14:45:30  GPS유효:1
14:45:30  위도:37.496943
14:45:30  경도:126.957928
14:45:30  속도:0.17
14:45:30  방향:0.0
14:45:30  가속도:-1.48,1.29,9.54
14:45:30  자이로:1.0,-1.6,-2.6
14:45:30  충격값:0.06
14:45:30  송신:16047
14:45:30  지팡이수신:15780
14:45:30  GPS위성:3
14:45:30  GPS_HDOP:3.50
14:45:30  원시위도:37.496933
14:45:30  원시경도:126.957927
14:45:30  GPS채택:1694
14:45:30  GPS이상치거부:4
14:45:30  GPS품질거부:225
14:45:30  GPS재기준:1
14:45:30  위험송신:15780
14:45:31  위험:0
14:45:31  GPS유효:1
14:45:31  위도:37.496925
14:45:31  경도:126.957927
14:45:31  속도:0.25
14:45:31  방향:0.0
14:45:31  가속도:-1.43,1.24,9.53
14:45:31  자이로:-1.0,-0.1,-2.8
14:45:31  충격값:0.07
14:45:31  송신:16056
14:45:31  지팡이수신:15790
14:45:31  GPS위성:4
14:45:31  GPS_HDOP:2.60
14:45:31  원시위도:37.496923
14:45:31  원시경도:126.957927
14:45:31  GPS채택:1696
14:45:31  GPS이상치거부:4
14:45:31  GPS품질거부:225
14:45:31  GPS재기준:1
14:45:31  위험송신:15790
14:45:32  위험:0
14:45:32  GPS유효:1
14:45:32  위도:37.496909
14:45:32  경도:126.957926
14:45:32  속도:0.29
14:45:32  방향:0.0
14:45:32  가속도:-1.51,1.35,9.59
14:45:32  자이로:-1.0,-0.4,-2.1
14:45:32  충격값:0.12
14:45:32  송신:16066
14:45:32  지팡이수신:15799
14:45:32  GPS위성:4
14:45:32  GPS_HDOP:2.60
14:45:32  원시위도:37.496910
14:45:32  원시경도:126.957927
14:45:32  GPS채택:1698
14:45:32  GPS이상치거부:4
14:45:32  GPS품질거부:225
14:45:32  GPS재기준:1
14:45:32  위험송신:15799
14:45:33  위험:0
14:45:33  GPS유효:1
14:45:33  위도:37.496901
14:45:33  경도:126.957927
14:45:33  속도:0.26
14:45:33  방향:0.0
14:45:33  가속도:-1.41,1.24,9.62
14:45:33  자이로:-1.1,1.5,-2.7
14:45:33  충격값:0.09
14:45:33  송신:16076
14:45:33  지팡이수신:15809
14:45:33  GPS위성:4
14:45:33  GPS_HDOP:2.60
14:45:33  원시위도:37.496902
14:45:33  원시경도:126.957927
14:45:33  GPS채택:1700
14:45:33  GPS이상치거부:4
14:45:33  GPS품질거부:225
14:45:33  GPS재기준:1
14:45:33  위험송신:15809
14:45:34  위험:0
14:45:34  GPS유효:1
14:45:34  위도:37.496893
14:45:34  경도:126.957924
14:45:34  속도:0.24
14:45:34  방향:0.0
14:45:34  가속도:-1.38,1.38,9.56
14:45:34  자이로:2.0,-0.6,0.5
14:45:34  충격값:0.09
14:45:34  송신:16086
14:45:34  지팡이수신:15819
14:45:34  GPS위성:4
14:45:34  GPS_HDOP:2.60
14:45:34  원시위도:37.496890
14:45:34  원시경도:126.957923
14:45:34  GPS채택:1701
14:45:34  GPS이상치거부:4
14:45:34  GPS품질거부:225
14:45:34  GPS재기준:1
14:45:34  위험송신:15819
14:45:36  위험:0
14:45:36  GPS유효:1
14:45:36  위도:37.496851
14:45:36  경도:126.957918
14:45:36  속도:0.35
14:45:36  방향:0.0
14:45:36  가속도:-1.46,1.21,9.51
14:45:36  자이로:-0.7,4.0,1.1
14:45:36  충격값:0.10
14:45:36  송신:16105
14:45:36  지팡이수신:15839
14:45:36  GPS위성:4
14:45:36  GPS_HDOP:2.60
14:45:36  원시위도:37.496852
14:45:36  원시경도:126.957918
14:45:36  GPS채택:1706
14:45:36  GPS이상치거부:4
14:45:36  GPS품질거부:225
14:45:36  GPS재기준:1
14:45:36  위험송신:15839
