1785922704.166 RX ets Jul 29 2019 12:21:46
1785922704.171 RX rst:0x1 (POWERON_RESET),boot:0x13 (SPI_FAST_FLASH_BOOT)
1785922704.174 RX configsip: 0, SPIWP:0xee
1785922704.180 RX clk_drv:0x00,q_drv:0x00,d_drv:0x00,cs0_drv:0x00,hd_drv:0x00,wp_drv:0x00
1785922704.182 RX mode:DIO, clock div:1
1785922704.185 RX load:0x3fff0030,len:4876
1785922704.185 RX ho 0 tail 12 room 4
1785922704.188 RX load:0x40078000,len:16532
1785922704.191 RX load:0x40080400,len:3500
1785922704.191 RX entry 0x400805b4
1785922705.154 RX {"type":"bridge_boot","node_id":4125657604,"channel":6,"version":2,"wdt_ms":10000}
1785922706.633 RX ets Jul 29 2019 12:21:46
1785922706.638 RX rst:0x1 (POWERON_RESET),boot:0x13 (SPI_FAST_FLASH_BOOT)
1785922706.641 RX configsip: 0, SPIWP:0xee
1785922706.646 RX clk_drv:0x00,q_drv:0x00,d_drv:0x00,cs0_drv:0x00,hd_drv:0x00,wp_drv:0x00
1785922706.649 RX mode:DIO, clock div:1
1785922706.652 RX load:0x3fff0030,len:4876
1785922706.652 RX ho 0 tail 12 room 4
1785922706.655 RX load:0x40078000,len:16532
1785922706.657 RX load:0x40080400,len:3500
1785922706.658 RX entry 0x400805b4
1785922707.665 RX {"type":"bridge_boot","node_id":4125657604,"channel":6,"version":2,"wdt_ms":10000}
