19:14:28  시각ms:749306
19:14:28  IMU시각ms:749294
19:14:28  위험:1
19:14:28  GPS유효:1
19:14:28  위도:37.496677
19:14:28  경도:126.957832
19:14:28  속도:0.236
19:14:28  방향:182.5
19:14:28  GPS원시속도:0.237
19:14:28  GPS원시방향유효:1
19:14:28  GPS원시방향:95.3
19:14:28  가속도:17.028,-3.165,8.231
19:14:28  자이로:22.725,-10.252,2.580
19:14:28  자력계:-36.000,51.750,16.350
19:14:28  IMU방향유효:1
19:14:28  IMU방향:182.5
19:14:28  방향가속도크기:19.18
19:14:28  방향자이로크기:25.06
19:14:28  방향자세cos:-0.0000
19:14:28  자기모델잔차:0.51
19:14:28  자기모델반경:1.185
19:14:28  방향채택:24327
19:14:28  방향거부:68760
19:14:28  송신:7168
19:14:28  GPS위성:6
19:14:28  GPS_HDOP:1.58
19:14:28  원시위도:37.496676
19:14:28  원시경도:126.957836
19:14:28  GPS채택:785
19:14:28  GPS이상치거부:0
19:14:28  GPS품질거부:411
19:14:28  GPS재기준:0
19:14:28  RSSI원시:-79
19:14:28  RSSI평활:-79.0
19:14:28  RSSI샘플:14199
19:14:28  RSSI경과ms:2
19:14:28  차량수신:7097
19:14:30  시각ms:750663
19:14:30  IMU시각ms:750651
19:14:30  위험:0
19:14:30  GPS유효:1
19:14:30  위도:37.496677
19:14:30  경도:126.957840
19:14:30  속도:0.141
19:14:30  방향:183.1
19:14:30  GPS원시속도:0.118
19:14:30  GPS원시방향유효:1
19:14:30  GPS원시방향:95.3
19:14:30  가속도:4.290,5.138,7.298
19:14:30  자이로:7.725,3.221,1.389
19:14:30  자력계:-36.150,48.600,14.400
19:14:30  IMU방향유효:1
19:14:30  IMU방향:183.1
19:14:30  방향가속도크기:9.90
19:14:30  방향자이로크기:8.48
19:14:30  방향자세cos:0.9836
19:14:30  자기모델잔차:2.43
19:14:30  자기모델반경:1.183
19:14:30  방향채택:24415
19:14:30  방향거부:68841
19:14:30  송신:7181
19:14:30  GPS위성:6
19:14:30  GPS_HDOP:1.58
19:14:30  원시위도:37.496679
19:14:30  원시경도:126.957839
19:14:30  GPS채택:788
19:14:30  GPS이상치거부:0
19:14:30  GPS품질거부:411
19:14:30  GPS재기준:0
19:14:30  RSSI원시:-74
19:14:30  RSSI평활:-77.7
19:14:30  RSSI샘플:14222
19:14:30  RSSI경과ms:0
19:14:30  차량수신:7108
19:14:31  시각ms:752018
19:14:31  IMU시각ms:752006
19:14:31  위험:0
19:14:31  GPS유효:1
19:14:31  위도:37.496681
19:14:31  경도:126.957840
19:14:31  속도:0.163
19:14:31  방향:180.0
19:14:31  GPS원시속도:0.185
19:14:31  GPS원시방향유효:1
19:14:31  GPS원시방향:95.3
19:14:31  가속도:4.453,4.822,7.063
19:14:31  자이로:-0.153,6.344,1.763
19:14:31  자력계:-32.550,48.750,14.850
19:14:31  IMU방향유효:1
19:14:31  IMU방향:180.0
19:14:31  방향가속도크기:9.64
19:14:31  방향자이로크기:6.59
19:14:31  방향자세cos:0.9879
19:14:31  자기모델잔차:4.63
19:14:31  자기모델반경:1.204
19:14:31  방향채택:24515
19:14:31  방향거부:68910
19:14:31  송신:7194
19:14:31  GPS위성:6
19:14:31  GPS_HDOP:1.58
19:14:31  원시위도:37.496684
19:14:31  원시경도:126.957843
19:14:31  GPS채택:791
19:14:31  GPS이상치거부:0
19:14:31  GPS품질거부:411
19:14:31  GPS재기준:0
19:14:31  RSSI원시:-74
19:14:31  RSSI평활:-71.6
19:14:31  RSSI샘플:14247
19:14:31  RSSI경과ms:41
19:14:31  차량수신:7121
19:14:31  시각ms:752227
19:14:31  IMU시각ms:752215
19:14:31  위험:0
19:14:31  GPS유효:1
19:14:31  위도:37.496681
19:14:31  경도:126.957840
19:14:31  속도:0.163
19:14:31  방향:179.7
19:14:31  GPS원시속도:0.185
19:14:31  GPS원시방향유효:1
19:14:31  GPS원시방향:95.3
19:14:31  가속도:4.951,4.204,7.331
19:14:31  자이로:-4.656,-7.321,-0.008
19:14:31  자력계:-31.950,46.650,16.200
19:14:31  IMU방향유효:1
19:14:31  IMU방향:179.7
19:14:31  방향가속도크기:9.79
19:14:31  방향자이로크기:8.68
19:14:31  방향자세cos:0.9874
19:14:31  자기모델잔차:5.13
19:14:31  자기모델반경:1.286
19:14:31  방향채택:24527
19:14:31  방향거부:68924
19:14:31  송신:7196
19:14:31  GPS위성:6
19:14:31  GPS_HDOP:1.58
19:14:31  원시위도:37.496684
19:14:31  원시경도:126.957843
19:14:31  GPS채택:791
19:14:31  GPS이상치거부:0
19:14:31  GPS품질거부:411
19:14:31  GPS재기준:0
19:14:31  RSSI원시:-76
19:14:31  RSSI평활:-74.1
19:14:31  RSSI샘플:14252
19:14:31  RSSI경과ms:5
19:14:31  차량수신:7123
19:14:31  시각ms:752331
19:14:31  IMU시각ms:752319
19:14:31  위험:0
19:14:31  GPS유효:1
19:14:31  위도:37.496681
19:14:31  경도:126.957840
19:14:31  속도:0.163
19:14:31  방향:179.6
19:14:31  GPS원시속도:0.185
19:14:31  GPS원시방향유효:1
19:14:31  GPS원시방향:95.3
19:14:31  가속도:4.482,4.836,7.077
19:14:31  자이로:-10.466,-6.679,-1.321
19:14:31  자력계:-32.250,47.250,16.050
19:14:31  IMU방향유효:1
19:14:31  IMU방향:179.6
19:14:31  방향가속도크기:9.67
19:14:31  방향자이로크기:12.49
19:14:31  방향자세cos:0.9882
19:14:31  자기모델잔차:4.76
19:14:31  자기모델반경:1.267
19:14:31  방향채택:24540
19:14:31  방향거부:68924
19:14:31  송신:7197
19:14:31  GPS위성:6
19:14:31  GPS_HDOP:1.58
19:14:31  원시위도:37.496684
19:14:31  원시경도:126.957843
19:14:31  GPS채택:791
19:14:31  GPS이상치거부:0
19:14:31  GPS품질거부:411
19:14:31  GPS재기준:0
19:14:31  RSSI원시:-75
19:14:31  RSSI평활:-74.3
19:14:31  RSSI샘플:14253
19:14:31  RSSI경과ms:4
19:14:31  차량수신:7123
19:14:32  시각ms:752539
19:14:32  IMU시각ms:752527
19:14:32  위험:0
19:14:32  GPS유효:1
19:14:32  위도:37.496681
19:14:32  경도:126.957840
19:14:32  속도:0.163
19:14:32  방향:179.6
19:14:32  GPS원시속도:0.185
19:14:32  GPS원시방향유효:1
19:14:32  GPS원시방향:95.3
19:14:32  가속도:4.458,4.793,7.293
19:14:32  자이로:1.870,1.893,0.618
19:14:32  자력계:-32.400,46.200,17.700
19:14:32  IMU방향유효:1
19:14:32  IMU방향:179.6
19:14:32  방향가속도크기:9.80
19:14:32  방향자이로크기:2.73
19:14:32  방향자세cos:0.9857
19:14:32  자기모델잔차:4.11
19:14:32  자기모델반경:1.326
19:14:32  방향채택:24563
19:14:32  방향거부:68927
19:14:32  송신:7199
19:14:32  GPS위성:6
19:14:32  GPS_HDOP:1.58
19:14:32  원시위도:37.496684
19:14:32  원시경도:126.957843
19:14:32  GPS채택:791
19:14:32  GPS이상치거부:0
19:14:32  GPS품질거부:411
19:14:32  GPS재기준:0
19:14:32  RSSI원시:-73
19:14:32  RSSI평활:-74.0
19:14:32  RSSI샘플:14256
19:14:32  RSSI경과ms:38
19:14:32  차량수신:7125
19:14:32  시각ms:752748
19:14:32  IMU시각ms:752736
19:14:32  위험:0
19:14:32  GPS유효:1
19:14:32  위도:37.496685
19:14:32  경도:126.957848
19:14:32  속도:0.286
19:14:32  방향:179.5
19:14:32  GPS원시속도:0.376
19:14:32  GPS원시방향유효:1
19:14:32  GPS원시방향:95.3
19:14:32  가속도:4.525,4.539,6.785
19:14:32  자이로:6.756,9.405,-0.740
19:14:32  자력계:-31.200,47.400,16.500
19:14:32  IMU방향유효:1
19:14:32  IMU방향:179.5
19:14:32  방향가속도크기:9.33
19:14:32  방향자이로크기:11.60
19:14:32  방향자세cos:0.9908
19:14:32  자기모델잔차:5.00
19:14:32  자기모델반경:1.291
19:14:32  방향채택:24589
19:14:32  방향거부:68927
19:14:32  송신:7201
19:14:32  GPS위성:6
19:14:32  GPS_HDOP:1.58
19:14:32  원시위도:37.496688
19:14:32  원시경도:126.957848
19:14:32  GPS채택:793
19:14:32  GPS이상치거부:0
19:14:32  GPS품질거부:411
19:14:32  GPS재기준:0
19:14:32  RSSI원시:-75
19:14:32  RSSI평활:-73.9
19:14:32  RSSI샘플:14261
19:14:32  RSSI경과ms:0
19:14:32  차량수신:7127
19:14:32  시각ms:752853
19:14:32  IMU시각ms:752841
19:14:32  위험:0
19:14:32  GPS유효:1
19:14:32  위도:37.496685
19:14:32  경도:126.957848
19:14:32  속도:0.286
19:14:32  방향:179.3
19:14:32  GPS원시속도:0.376
19:14:32  GPS원시방향유효:1
19:14:32  GPS원시방향:95.3
19:14:32  가속도:4.573,4.884,7.149
19:14:32  자이로:2.817,2.733,0.046
19:14:32  자력계:-29.700,48.150,14.400
19:14:32  IMU방향유효:1
19:14:32  IMU방향:179.3
19:14:32  방향가속도크기:9.79
19:14:32  방향자이로크기:3.92
19:14:32  방향자세cos:0.9888
19:14:32  자기모델잔차:6.87
19:14:32  자기모델반경:1.246
19:14:32  방향채택:24602
19:14:32  방향거부:68927
19:14:32  송신:7202
19:14:32  GPS위성:6
19:14:32  GPS_HDOP:1.58
19:14:32  원시위도:37.496688
19:14:32  원시경도:126.957848
19:14:32  GPS채택:793
19:14:32  GPS이상치거부:0
19:14:32  GPS품질거부:411
19:14:32  GPS재기준:0
19:14:32  RSSI원시:-75
19:14:32  RSSI평활:-74.1
19:14:32  RSSI샘플:14263
19:14:32  RSSI경과ms:6
19:14:32  차량수신:7128
19:14:32  시각ms:753063
19:14:32  IMU시각ms:753051
19:14:32  위험:0
19:14:32  GPS유효:1
19:14:32  위도:37.496689
19:14:32  경도:126.957848
19:14:32  속도:0.286
19:14:32  방향:178.9
19:14:32  GPS원시속도:0.376
19:14:32  GPS원시방향유효:1
19:14:32  GPS원시방향:95.3
19:14:32  가속도:4.329,4.966,7.082
19:14:32  자이로:-0.321,0.802,0.069
19:14:32  자력계:-30.750,47.550,14.550
19:14:32  IMU방향유효:1
19:14:32  IMU방향:178.9
19:14:32  방향가속도크기:9.67
19:14:32  방향자이로크기:0.87
19:14:32  방향자세cos:0.9862
19:14:32  자기모델잔차:6.46
19:14:32  자기모델반경:1.244
19:14:32  방향채택:24627
19:14:32  방향거부:68928
19:14:32  송신:7204
19:14:32  GPS위성:6
19:14:32  GPS_HDOP:1.58
19:14:32  원시위도:37.496688
19:14:32  원시경도:126.957848
19:14:32  GPS채택:793
19:14:32  GPS이상치거부:0
19:14:32  GPS품질거부:411
19:14:32  GPS재기준:0
19:14:32  RSSI원시:-74
19:14:32  RSSI평활:-73.9
19:14:32  RSSI샘플:14267
19:14:32  RSSI경과ms:2
19:14:32  차량수신:7130
19:14:32  시각ms:753375
19:14:32  IMU시각ms:753363
19:14:32  위험:0
19:14:32  GPS유효:1
19:14:32  위도:37.496689
19:14:32  경도:126.957848
19:14:32  속도:0.286
19:14:32  방향:178.3
19:14:32  GPS원시속도:0.376
19:14:32  GPS원시방향유효:1
19:14:32  GPS원시방향:95.3
19:14:32  가속도:4.314,4.846,6.986
19:14:32  자이로:-1.802,-3.412,-1.046
19:14:32  자력계:-32.250,47.250,15.600
19:14:32  IMU방향유효:1
19:14:32  IMU방향:178.3
19:14:32  방향가속도크기:9.53
19:14:32  방향자이로크기:4.00
19:14:32  방향자세cos:0.9868
19:14:32  자기모델잔차:5.05
19:14:32  자기모델반경:1.255
19:14:32  방향채택:24665
19:14:32  방향거부:68929
19:14:32  송신:7207
19:14:32  GPS위성:6
19:14:32  GPS_HDOP:1.58
19:14:32  원시위도:37.496688
19:14:32  원시경도:126.957848
19:14:32  GPS채택:793
19:14:32  GPS이상치거부:0
19:14:32  GPS품질거부:411
19:14:32  GPS재기준:0
19:14:32  RSSI원시:-75
19:14:32  RSSI평활:-74.5
19:14:32  RSSI샘플:14272
19:14:32  RSSI경과ms:41
19:14:32  차량수신:7133
19:14:33  시각ms:753688
19:14:33  IMU시각ms:753676
19:14:33  위험:0
19:14:33  GPS유효:1
19:14:33  위도:37.496693
19:14:33  경도:126.957855
19:14:33  속도:0.278
19:14:33  방향:177.5
19:14:33  GPS원시속도:0.262
19:14:33  GPS원시방향유효:1
19:14:33  GPS원시방향:95.3
19:14:33  가속도:4.243,4.956,7.015
19:14:33  자이로:-1.206,0.779,-0.802
19:14:33  자력계:-30.900,48.150,15.900
19:14:33  IMU방향유효:1
19:14:33  IMU방향:177.5
19:14:33  방향가속도크기:9.58
19:14:33  방향자이로크기:1.64
19:14:33  방향자세cos:0.9855
19:14:33  자기모델잔차:5.19
19:14:33  자기모델반경:1.267
19:14:33  방향채택:24683
19:14:33  방향거부:68950
19:14:33  송신:7210
19:14:33  GPS위성:6
19:14:33  GPS_HDOP:1.58
19:14:33  원시위도:37.496694
19:14:33  원시경도:126.957855
19:14:33  GPS채택:794
19:14:33  GPS이상치거부:0
19:14:33  GPS품질거부:411
19:14:33  GPS재기준:0
19:14:33  RSSI원시:-76
19:14:33  RSSI평활:-75.5
19:14:33  RSSI샘플:14278
19:14:33  RSSI경과ms:0
19:14:33  차량수신:7136
19:14:33  시각ms:754001
19:14:33  IMU시각ms:753989
19:14:33  위험:0
19:14:33  GPS유효:1
19:14:33  위도:37.496693
19:14:33  경도:126.957855
19:14:33  속도:0.272
19:14:33  방향:178.0
19:14:33  GPS원시속도:0.262
19:14:33  GPS원시방향유효:1
19:14:33  GPS원시방향:95.3
19:14:33  가속도:4.520,4.549,6.929
19:14:33  자이로:-1.618,1.076,1.176
19:14:33  자력계:-33.750,46.500,16.050
19:14:33  IMU방향유효:1
19:14:33  IMU방향:178.0
19:14:33  방향가속도크기:9.44
19:14:33  방향자이로크기:2.27
19:14:33  방향자세cos:0.9894
19:14:33  자기모델잔차:4.26
19:14:33  자기모델반경:1.259
19:14:33  방향채택:24711
19:14:33  방향거부:68961
19:14:33  송신:7213
19:14:33  GPS위성:6
19:14:33  GPS_HDOP:1.58
19:14:33  원시위도:37.496694
19:14:33  원시경도:126.957855
19:14:33  GPS채택:795
19:14:33  GPS이상치거부:0
19:14:33  GPS품질거부:411
19:14:33  GPS재기준:0
19:14:33  RSSI원시:-74
19:14:33  RSSI평활:-75.3
19:14:33  RSSI샘플:14284
19:14:33  RSSI경과ms:5
19:14:33  차량수신:7139
19:14:33  시각ms:754314
19:14:33  IMU시각ms:754302
19:14:33  위험:0
19:14:33  GPS유효:1
19:14:33  위도:37.496693
19:14:33  경도:126.957855
19:14:33  속도:0.272
19:14:33  방향:178.9
19:14:33  GPS원시속도:0.262
19:14:33  GPS원시방향유효:1
19:14:33  GPS원시방향:95.3
19:14:33  가속도:4.501,4.539,6.891
19:14:33  자이로:-4.176,-2.389,-1.031
19:14:33  자력계:-32.700,42.750,14.850
19:14:33  IMU방향유효:1
19:14:33  IMU방향:178.9
19:14:33  방향가속도크기:9.40
19:14:33  방향자이로크기:4.92
19:14:33  방향자세cos:0.9895
19:14:33  자기모델잔차:7.48
19:14:33  자기모델반경:1.314
19:14:33  방향채택:24750
19:14:33  방향거부:68961
19:14:33  송신:7216
19:14:33  GPS위성:6
19:14:33  GPS_HDOP:1.58
19:14:33  원시위도:37.496694
19:14:33  원시경도:126.957855
19:14:33  GPS채택:795
19:14:33  GPS이상치거부:0
19:14:33  GPS품질거부:411
19:14:33  GPS재기준:0
19:14:33  RSSI원시:-74
19:14:33  RSSI평활:-74.8
19:14:33  RSSI샘플:14289
19:14:33  RSSI경과ms:5
19:14:33  차량수신:7141
19:14:33  시각ms:754418
19:14:33  IMU시각ms:754406
19:14:33  위험:0
19:14:33  GPS유효:1
19:14:33  위도:37.496696
19:14:33  경도:126.957855
19:14:33  속도:0.272
19:14:33  방향:179.3
19:14:33  GPS원시속도:0.262
19:14:33  GPS원시방향유효:1
19:14:33  GPS원시방향:95.3
19:14:33  가속도:4.520,4.563,7.317
19:14:33  자이로:-3.038,-1.863,-1.176
19:14:33  자력계:-33.900,43.950,15.450
19:14:33  IMU방향유효:1
19:14:33  IMU방향:179.3
19:14:33  방향가속도크기:9.74
19:14:33  방향자이로크기:3.75
19:14:33  방향자세cos:0.9854
19:14:33  자기모델잔차:5.81
19:14:33  자기모델반경:1.291
19:14:33  방향채택:24763
19:14:33  방향거부:68961
19:14:33  송신:7217
19:14:33  GPS위성:6
19:14:33  GPS_HDOP:1.58
19:14:33  원시위도:37.496694
19:14:33  원시경도:126.957855
19:14:33  GPS채택:795
19:14:33  GPS이상치거부:0
19:14:33  GPS품질거부:411
19:14:33  GPS재기준:0
19:14:33  RSSI원시:-73
19:14:33  RSSI평활:-74.1
19:14:33  RSSI샘플:14291
19:14:33  RSSI경과ms:0
19:14:33  차량수신:7142
19:14:34  시각ms:754522
19:14:34  IMU시각ms:754510
19:14:34  위험:0
19:14:34  GPS유효:1
19:14:34  위도:37.496696
19:14:34  경도:126.957855
19:14:34  속도:0.272
19:14:34  방향:179.6
19:14:34  GPS원시속도:0.262
19:14:34  GPS원시방향유효:1
19:14:34  GPS원시방향:95.3
19:14:34  가속도:4.559,4.630,7.082
19:14:34  자이로:0.847,0.794,-0.221
19:14:34  자력계:-33.150,44.250,15.450
19:14:34  IMU방향유효:1
19:14:34  IMU방향:179.6
19:14:34  방향가속도크기:9.61
19:14:34  방향자이로크기:1.18
19:14:34  방향자세cos:0.9886
19:14:34  자기모델잔차:6.10
19:14:34  자기모델반경:1.295
19:14:34  방향채택:24775
19:14:34  방향거부:68962
19:14:34  송신:7218
19:14:34  GPS위성:6
19:14:34  GPS_HDOP:1.58
19:14:34  원시위도:37.496694
19:14:34  원시경도:126.957855
19:14:34  GPS채택:795
19:14:34  GPS이상치거부:0
19:14:34  GPS품질거부:411
19:14:34  GPS재기준:0
19:14:34  RSSI원시:-73
19:14:34  RSSI평활:-73.9
19:14:34  RSSI샘플:14293
19:14:34  RSSI경과ms:3
19:14:34  차량수신:7143
19:14:34  시각ms:754836
19:14:34  IMU시각ms:754824
19:14:34  위험:0
19:14:34  GPS유효:1
19:14:34  위도:37.496700
19:14:34  경도:126.957863
19:14:34  속도:0.278
19:14:34  방향:180.1
19:14:34  GPS원시속도:0.283
19:14:34  GPS원시방향유효:1
19:14:34  GPS원시방향:95.3
19:14:34  가속도:4.616,4.688,7.058
19:14:34  자이로:4.588,-0.122,-2.359
19:14:34  자력계:-32.400,46.650,15.450
19:14:34  IMU방향유효:1
19:14:34  IMU방향:180.1
19:14:34  방향가속도크기:9.65
19:14:34  방향자이로크기:5.16
19:14:34  방향자세cos:0.9897
19:14:34  자기모델잔차:5.36
19:14:34  자기모델반경:1.260
19:14:34  방향채택:24814
19:14:34  방향거부:68962
19:14:34  송신:7221
19:14:34  GPS위성:6
19:14:34  GPS_HDOP:1.58
19:14:34  원시위도:37.496700
19:14:34  원시경도:126.957860
19:14:34  GPS채택:797
19:14:34  GPS이상치거부:0
19:14:34  GPS품질거부:411
19:14:34  GPS재기준:0
19:14:34  RSSI원시:-74
19:14:34  RSSI평활:-73.7
19:14:34  RSSI샘플:14299
19:14:34  RSSI경과ms:2
19:14:34  차량수신:7146
19:14:35  시각ms:755567
19:14:35  IMU시각ms:755555
19:14:35  위험:0
19:14:35  GPS유효:1
19:14:35  위도:37.496700
19:14:35  경도:126.957863
19:14:35  속도:0.278
19:14:35  방향:179.6
19:14:35  GPS원시속도:0.283
19:14:35  GPS원시방향유효:1
19:14:35  GPS원시방향:95.3
19:14:35  가속도:4.448,4.774,7.072
19:14:35  자이로:-0.992,2.176,1.145
19:14:35  자력계:-30.300,46.500,16.350
19:14:35  IMU방향유효:1
19:14:35  IMU방향:179.6
19:14:35  방향가속도크기:9.62
19:14:35  방향자이로크기:2.65
19:14:35  방향자세cos:0.9877
19:14:35  자기모델잔차:6.05
19:14:35  자기모델반경:1.316
19:14:35  방향채택:24905
19:14:35  방향거부:68962
19:14:35  송신:7228
19:14:35  GPS위성:6
19:14:35  GPS_HDOP:1.58
19:14:35  원시위도:37.496700
19:14:35  원시경도:126.957860
19:14:35  GPS채택:797
19:14:35  GPS이상치거부:0
19:14:35  GPS품질거부:411
19:14:35  GPS재기준:0
19:14:35  RSSI원시:-73
19:14:35  RSSI평활:-73.2
19:14:35  RSSI샘플:14313
19:14:35  RSSI경과ms:7
19:14:35  차량수신:7153
19:14:35  시각ms:756298
19:14:35  IMU시각ms:756286
19:14:35  위험:0
19:14:35  GPS유효:1
19:14:35  위도:37.496704
19:14:35  경도:126.957863
19:14:35  속도:0.222
19:14:35  방향:178.8
19:14:35  GPS원시속도:0.180
19:14:35  GPS원시방향유효:1
19:14:35  GPS원시방향:95.3
19:14:35  가속도:4.453,4.702,6.953
19:14:35  자이로:-2.618,-1.298,1.374
19:14:35  자력계:-31.950,46.950,15.450
19:14:35  IMU방향유효:1
19:14:35  IMU방향:178.8
19:14:35  방향가속도크기:9.50
19:14:35  방향자이로크기:3.23
19:14:35  방향자세cos:0.9888
19:14:35  자기모델잔차:5.47
19:14:35  자기모델반경:1.261
19:14:35  방향채택:24978
19:14:35  방향거부:68980
19:14:35  송신:7235
19:14:35  GPS위성:6
19:14:35  GPS_HDOP:1.58
19:14:35  원시위도:37.496702
19:14:35  원시경도:126.957867
19:14:35  GPS채택:799
19:14:35  GPS이상치거부:0
19:14:35  GPS품질거부:411
19:14:35  GPS재기준:0
19:14:35  RSSI원시:-74
19:14:35  RSSI평활:-74.4
19:14:35  RSSI샘플:14325
19:14:35  RSSI경과ms:2
19:14:35  차량수신:7159
19:14:35  시각ms:756402
19:14:35  IMU시각ms:756390
19:14:35  위험:0
19:14:35  GPS유효:1
19:14:35  위도:37.496704
19:14:35  경도:126.957870
19:14:35  속도:0.222
19:14:35  방향:178.7
19:14:35  GPS원시속도:0.180
19:14:35  GPS원시방향유효:1
19:14:35  GPS원시방향:95.3
19:14:35  가속도:4.506,4.535,7.106
19:14:35  자이로:0.092,1.947,0.664
19:14:35  자력계:-31.950,47.850,16.950
19:14:35  IMU방향유효:1
19:14:35  IMU방향:178.7
19:14:35  방향가속도크기:9.56
19:14:35  방향자이로크기:2.06
19:14:35  방향자세cos:0.9874
19:14:35  자기모델잔차:4.05
19:14:35  자기모델반경:1.284
19:14:35  방향채택:24991
19:14:35  방향거부:68980
19:14:35  송신:7236
19:14:35  GPS위성:6
19:14:35  GPS_HDOP:1.58
19:14:35  원시위도:37.496702
19:14:35  원시경도:126.957867
19:14:35  GPS채택:799
19:14:35  GPS이상치거부:0
19:14:35  GPS품질거부:411
19:14:35  GPS재기준:0
19:14:35  RSSI원시:-74
19:14:35  RSSI평활:-74.3
19:14:35  RSSI샘플:14327
19:14:35  RSSI경과ms:1
19:14:35  차량수신:7160
19:14:36  시각ms:757135
19:14:36  IMU시각ms:757123
19:14:36  위험:0
19:14:36  GPS유효:1
19:14:36  위도:37.496704
19:14:36  경도:126.957870
19:14:36  속도:0.218
19:14:36  방향:178.3
19:14:36  GPS원시속도:0.216
19:14:36  GPS원시방향유효:1
19:14:36  GPS원시방향:95.3
19:14:36  가속도:4.276,4.750,6.924
19:14:36  자이로:-1.641,-3.168,1.725
19:14:36  자력계:-32.700,47.850,16.200
19:14:36  IMU방향유효:1
19:14:36  IMU방향:178.3
19:14:36  방향가속도크기:9.42
19:14:36  방향자이로크기:3.96
19:14:36  방향자세cos:0.9867
19:14:36  자기모델잔차:4.11
19:14:36  자기모델반경:1.253
19:14:36  방향채택:25069
19:14:36  방향거부:68993
19:14:36  송신:7243
19:14:36  GPS위성:6
19:14:36  GPS_HDOP:1.58
19:14:36  원시위도:37.496706
19:14:36  원시경도:126.957868
19:14:36  GPS채택:801
19:14:36  GPS이상치거부:0
19:14:36  GPS품질거부:411
19:14:36  GPS재기준:0
19:14:36  RSSI원시:-72
19:14:36  RSSI평활:-72.8
19:14:36  RSSI샘플:14339
19:14:36  RSSI경과ms:2
19:14:36  차량수신:7166
19:14:38  시각ms:759327
19:14:38  IMU시각ms:759315
19:14:38  위험:0
19:14:38  GPS유효:1
19:14:38  위도:37.496708
19:14:38  경도:126.957870
19:14:38  속도:0.182
19:14:38  방향:180.1
19:14:38  GPS원시속도:0.165
19:14:38  GPS원시방향유효:1
19:14:38  GPS원시방향:95.3
19:14:38  가속도:4.530,4.750,6.900
19:14:38  자이로:-0.534,-1.061,-0.840
19:14:38  자력계:-32.550,45.300,16.350
19:14:38  IMU방향유효:1
19:14:38  IMU방향:180.1
19:14:38  방향가속도크기:9.52
19:14:38  방향자이로크기:1.45
19:14:38  방향자세cos:0.9902
19:14:38  자기모델잔차:5.34
19:14:38  자기모델반경:1.306
19:14:38  방향채택:25335
19:14:38  방향거부:69000
19:14:38  송신:7264
19:14:38  GPS위성:6
19:14:38  GPS_HDOP:1.58
19:14:38  원시위도:37.496707
19:14:38  원시경도:126.957874
19:14:38  GPS채택:805
19:14:38  GPS이상치거부:0
19:14:38  GPS품질거부:411
19:14:38  GPS재기준:0
19:14:38  RSSI원시:-75
19:14:38  RSSI평활:-74.5
19:14:38  RSSI샘플:14380
19:14:38  RSSI경과ms:32
19:14:38  차량수신:7187
19:14:39  시각ms:759849
19:14:39  IMU시각ms:759837
19:14:39  위험:0
19:14:39  GPS유효:1
19:14:39  위도:37.496708
19:14:39  경도:126.957878
19:14:39  속도:0.142
19:14:39  방향:179.7
19:14:39  GPS원시속도:0.113
19:14:39  GPS원시방향유효:1
19:14:39  GPS원시방향:95.3
19:14:39  가속도:4.554,4.583,7.120
19:14:39  자이로:-1.809,0.137,-0.656
19:14:39  자력계:-32.700,47.550,16.800
19:14:39  IMU방향유효:1
19:14:39  IMU방향:179.7
19:14:39  방향가속도크기:9.61
19:14:39  방향자이로크기:1.93
19:14:39  방향자세cos:0.9880
19:14:39  자기모델잔차:3.86
19:14:39  자기모델반경:1.274
19:14:39  방향채택:25399
19:14:39  방향거부:69001
19:14:39  송신:7269
19:14:39  GPS위성:6
19:14:39  GPS_HDOP:1.58
19:14:39  원시위도:37.496707
19:14:39  원시경도:126.957878
19:14:39  GPS채택:807
19:14:39  GPS이상치거부:0
19:14:39  GPS품질거부:411
19:14:39  GPS재기준:0
19:14:39  RSSI원시:-75
19:14:39  RSSI평활:-75.1
19:14:39  RSSI샘플:14390
19:14:39  RSSI경과ms:28
19:14:39  차량수신:7192
19:14:39  시각ms:760163
19:14:39  IMU시각ms:760151
19:14:39  위험:0
19:14:39  GPS유효:1
19:14:39  위도:37.496708
19:14:39  경도:126.957878
19:14:39  속도:0.142
19:14:39  방향:179.6
19:14:39  GPS원시속도:0.113
19:14:39  GPS원시방향유효:1
19:14:39  GPS원시방향:95.3
19:14:39  가속도:4.515,4.621,7.087
19:14:39  자이로:2.084,-0.282,-0.237
19:14:39  자력계:-34.500,47.250,17.550
19:14:39  IMU방향유효:1
19:14:39  IMU방향:179.6
19:14:39  방향가속도크기:9.59
19:14:39  방향자이로크기:2.12
19:14:39  방향자세cos:0.9880
19:14:39  자기모델잔차:2.48
19:14:39  자기모델반경:1.274
19:14:39  방향채택:25438
19:14:39  방향거부:69001
19:14:39  송신:7272
19:14:39  GPS위성:6
19:14:39  GPS_HDOP:1.58
19:14:39  원시위도:37.496707
19:14:39  원시경도:126.957878
19:14:39  GPS채택:807
19:14:39  GPS이상치거부:0
19:14:39  GPS품질거부:411
19:14:39  GPS재기준:0
19:14:39  RSSI원시:-72
19:14:39  RSSI평활:-74.7
19:14:39  RSSI샘플:14397
19:14:39  RSSI경과ms:8
19:14:39  차량수신:7195
19:14:40  시각ms:760789
19:14:40  IMU시각ms:760777
19:14:40  위험:0
19:14:40  GPS유효:1
19:14:40  위도:37.496708
19:14:40  경도:126.957878
19:14:40  속도:0.117
19:14:40  방향:179.5
19:14:40  GPS원시속도:0.098
19:14:40  GPS원시방향유효:1
19:14:40  GPS원시방향:95.3
19:14:40  가속도:4.487,4.640,7.125
19:14:40  자이로:-0.885,-0.985,-4.137
19:14:40  자력계:-31.950,46.950,16.500
19:14:40  IMU방향유효:1
19:14:40  IMU방향:179.5
19:14:40  방향가속도크기:9.61
19:14:40  방향자이로크기:4.34
19:14:40  방향자세cos:0.9873
19:14:40  자기모델잔차:4.78
19:14:40  자기모델반경:1.288
19:14:40  방향채택:25514
19:14:40  방향거부:69003
19:14:40  송신:7278
19:14:40  GPS위성:6
19:14:40  GPS_HDOP:1.58
19:14:40  원시위도:37.496708
19:14:40  원시경도:126.957880
19:14:40  GPS채택:809
19:14:40  GPS이상치거부:0
19:14:40  GPS품질거부:411
19:14:40  GPS재기준:0
19:14:40  RSSI원시:-76
19:14:40  RSSI평활:-75.8
19:14:40  RSSI샘플:14409
19:14:40  RSSI경과ms:3
19:14:40  차량수신:7201
19:14:40  시각ms:760894
19:14:40  IMU시각ms:760882
19:14:40  위험:0
19:14:40  GPS유효:1
19:14:40  위도:37.496708
19:14:40  경도:126.957878
19:14:40  속도:0.117
19:14:40  방향:179.4
19:14:40  GPS원시속도:0.098
19:14:40  GPS원시방향유효:1
19:14:40  GPS원시방향:95.3
19:14:40  가속도:4.506,4.669,7.025
19:14:40  자이로:-2.206,-1.595,-1.160
19:14:40  자력계:-31.050,45.300,15.300
19:14:40  IMU방향유효:1
19:14:40  IMU방향:179.4
19:14:40  방향가속도크기:9.56
19:14:40  방향자이로크기:2.96
19:14:40  방향자세cos:0.9886
19:14:40  자기모델잔차:6.89
19:14:40  자기모델반경:1.299
19:14:40  방향채택:25527
19:14:40  방향거부:69003
19:14:40  송신:7279
19:14:40  GPS위성:6
19:14:40  GPS_HDOP:1.58
19:14:40  원시위도:37.496708
19:14:40  원시경도:126.957880
19:14:40  GPS채택:809
19:14:40  GPS이상치거부:0
19:14:40  GPS품질거부:411
19:14:40  GPS재기준:0
19:14:40  RSSI원시:-75
19:14:40  RSSI평활:-75.5
19:14:40  RSSI샘플:14411
19:14:40  RSSI경과ms:5
19:14:40  차량수신:7202
19:14:40  시각ms:761208
19:14:40  IMU시각ms:761196
19:14:40  위험:0
19:14:40  GPS유효:1
19:14:40  위도:37.496708
19:14:40  경도:126.957878
19:14:40  속도:0.117
19:14:40  방향:179.3
19:14:40  GPS원시속도:0.098
19:14:40  GPS원시방향유효:1
19:14:40  GPS원시방향:95.3
19:14:40  가속도:4.405,4.717,7.001
19:14:40  자이로:-0.244,-2.756,0.725
19:14:40  자력계:-33.750,46.800,15.300
19:14:40  IMU방향유효:1
19:14:40  IMU방향:179.3
19:14:40  방향가속도크기:9.52
19:14:40  방향자이로크기:2.86
19:14:40  방향자세cos:0.9877
19:14:40  자기모델잔차:4.60
19:14:40  자기모델반경:1.234
19:14:40  방향채택:25566
19:14:40  방향거부:69003
19:14:40  송신:7282
19:14:40  GPS위성:6
19:14:40  GPS_HDOP:1.58
19:14:40  원시위도:37.496708
19:14:40  원시경도:126.957880
19:14:40  GPS채택:809
19:14:40  GPS이상치거부:0
19:14:40  GPS품질거부:411
19:14:40  GPS재기준:0
19:14:40  RSSI원시:-75
19:14:40  RSSI평활:-75.4
19:14:40  RSSI샘플:14416
19:14:40  RSSI경과ms:7
19:14:40  차량수신:7204
19:14:42  시각ms:763298
19:14:42  IMU시각ms:763286
19:14:42  위험:0
19:14:42  GPS유효:1
19:14:42  위도:37.496708
19:14:42  경도:126.957886
19:14:42  속도:0.125
19:14:42  방향:178.5
19:14:42  GPS원시속도:0.170
19:14:42  GPS원시방향유효:1
19:14:42  GPS원시방향:95.3
19:14:42  가속도:4.482,4.731,7.087
19:14:42  자이로:-1.069,-2.344,0.748
19:14:42  자력계:-29.550,48.000,17.850
19:14:42  IMU방향유효:1
19:14:42  IMU방향:178.5
19:14:42  방향가속도크기:9.63
19:14:42  방향자이로크기:2.68
19:14:42  방향자세cos:0.9879
19:14:42  자기모델잔차:4.77
19:14:42  자기모델반경:1.342
19:14:42  방향채택:25814
19:14:42  방향거부:69015
19:14:42  송신:7302
19:14:42  GPS위성:6
19:14:42  GPS_HDOP:1.58
19:14:42  원시위도:37.496706
19:14:42  원시경도:126.957886
19:14:42  GPS채택:813
19:14:42  GPS이상치거부:0
19:14:42  GPS품질거부:411
19:14:42  GPS재기준:0
19:14:42  RSSI원시:-76
19:14:42  RSSI평활:-75.0
19:14:42  RSSI샘플:14450
19:14:42  RSSI경과ms:5
19:14:42  차량수신:7220
19:14:42  시각ms:763506
19:14:42  IMU시각ms:763494
19:14:42  위험:0
19:14:42  GPS유효:1
19:14:42  위도:37.496708
19:14:42  경도:126.957886
19:14:42  속도:0.125
19:14:42  방향:178.7
19:14:42  GPS원시속도:0.170
19:14:42  GPS원시방향유효:1
19:14:42  GPS원시방향:95.3
19:14:42  가속도:4.295,4.650,7.020
19:14:42  자이로:-1.366,-0.992,0.534
19:14:42  자력계:-32.250,46.050,16.350
19:14:42  IMU방향유효:1
19:14:42  IMU방향:178.7
19:14:42  방향가속도크기:9.45
19:14:42  방향자이로크기:1.77
19:14:42  방향자세cos:0.9859
19:14:42  자기모델잔차:5.15
19:14:42  자기모델반경:1.296
19:14:42  방향채택:25839
19:14:42  방향거부:69016
19:14:42  송신:7304
19:14:42  GPS위성:6
19:14:42  GPS_HDOP:1.58
19:14:42  원시위도:37.496706
19:14:42  원시경도:126.957886
19:14:42  GPS채택:813
19:14:42  GPS이상치거부:0
19:14:42  GPS품질거부:411
19:14:42  GPS재기준:0
19:14:42  RSSI원시:-75
19:14:42  RSSI평활:-75.1
19:14:42  RSSI샘플:14454
19:14:42  RSSI경과ms:5
19:14:42  차량수신:7222
19:14:43  시각ms:763610
19:14:43  IMU시각ms:763598
19:14:43  위험:0
19:14:43  GPS유효:1
19:14:43  위도:37.496708
19:14:43  경도:126.957886
19:14:43  속도:0.125
19:14:43  방향:178.7
19:14:43  GPS원시속도:0.170
19:14:43  GPS원시방향유효:1
19:14:43  GPS원시방향:95.3
19:14:43  가속도:4.319,4.707,7.072
19:14:43  자이로:-1.031,-3.565,-0.870
19:14:43  자력계:-32.250,46.500,14.550
19:14:43  IMU방향유효:1
19:14:43  IMU방향:178.7
19:14:43  방향가속도크기:9.53
19:14:43  방향자이로크기:3.81
19:14:43  방향자세cos:0.9858
19:14:43  자기모델잔차:6.10
19:14:43  자기모델반경:1.241
19:14:43  방향채택:25852
19:14:43  방향거부:69016
19:14:43  송신:7305
19:14:43  GPS위성:6
19:14:43  GPS_HDOP:1.58
19:14:43  원시위도:37.496706
19:14:43  원시경도:126.957886
19:14:43  GPS채택:813
19:14:43  GPS이상치거부:0
19:14:43  GPS품질거부:411
19:14:43  GPS재기준:0
19:14:43  RSSI원시:-75
19:14:43  RSSI평활:-75.2
19:14:43  RSSI샘플:14456
19:14:43  RSSI경과ms:4
19:14:43  차량수신:7223
19:14:43  시각ms:763820
19:14:43  IMU시각ms:763808
19:14:43  위험:0
19:14:43  GPS유효:1
19:14:43  위도:37.496704
19:14:43  경도:126.957886
19:14:43  속도:0.065
19:14:43  방향:178.6
19:14:43  GPS원시속도:0.021
19:14:43  GPS원시방향유효:1
19:14:43  GPS원시방향:95.3
19:14:43  가속도:4.257,4.731,7.173
19:14:43  자이로:0.229,2.489,0.344
19:14:43  자력계:-31.950,47.850,16.200
19:14:43  IMU방향유효:1
19:14:43  IMU방향:178.6
19:14:43  방향가속도크기:9.59
19:14:43  방향자이로크기:2.52
19:14:43  방향자세cos:0.9839
19:14:43  자기모델잔차:5.48
19:14:43  자기모델반경:1.226
19:14:43  방향채택:25876
19:14:43  방향거부:69018
19:14:43  송신:7307
19:14:43  GPS위성:6
19:14:43  GPS_HDOP:1.58
19:14:43  원시위도:37.496704
19:14:43  원시경도:126.957888
19:14:43  GPS채택:815
19:14:43  GPS이상치거부:0
19:14:43  GPS품질거부:411
19:14:43  GPS재기준:0
19:14:43  RSSI원시:-74
19:14:43  RSSI평활:-74.8
19:14:43  RSSI샘플:14460
19:14:43  RSSI경과ms:2
19:14:43  차량수신:7225
19:14:43  시각ms:764238
19:14:43  IMU시각ms:764226
19:14:43  위험:0
19:14:43  GPS유효:1
19:14:43  위도:37.496704
19:14:43  경도:126.957886
19:14:43  속도:0.065
19:14:43  방향:178.5
19:14:43  GPS원시속도:0.021
19:14:43  GPS원시방향유효:1
19:14:43  GPS원시방향:95.3
19:14:43  가속도:4.343,4.774,7.149
19:14:43  자이로:1.321,1.031,-0.160
19:14:43  자력계:-31.050,45.600,16.050
19:14:43  IMU방향유효:1
19:14:43  IMU방향:178.5
19:14:43  방향가속도크기:9.63
19:14:43  방향자이로크기:1.68
19:14:43  방향자세cos:0.9855
19:14:43  자기모델잔차:6.26
19:14:43  자기모델반경:1.313
19:14:43  방향채택:25926
19:14:43  방향거부:69020
19:14:43  송신:7311
19:14:43  GPS위성:6
19:14:43  GPS_HDOP:1.58
19:14:43  원시위도:37.496704
19:14:43  원시경도:126.957888
19:14:43  GPS채택:815
19:14:43  GPS이상치거부:0
19:14:43  GPS품질거부:411
19:14:43  GPS재기준:0
19:14:43  RSSI원시:-74
19:14:43  RSSI평활:-74.7
19:14:43  RSSI샘플:14467
19:14:43  RSSI경과ms:18
19:14:43  차량수신:7229
19:14:44  시각ms:764550
19:14:44  IMU시각ms:764538
19:14:44  위험:0
19:14:44  GPS유효:1
19:14:44  위도:37.496704
19:14:44  경도:126.957886
19:14:44  속도:0.065
19:14:44  방향:178.6
19:14:44  GPS원시속도:0.021
19:14:44  GPS원시방향유효:1
19:14:44  GPS원시방향:95.3
19:14:44  가속도:4.276,4.788,7.144
19:14:44  자이로:-1.481,1.237,-1.313
19:14:44  자력계:-32.700,48.600,15.150
19:14:44  IMU방향유효:1
19:14:44  IMU방향:178.6
19:14:44  방향가속도크기:9.60
19:14:44  방향자이로크기:2.33
19:14:44  방향자세cos:0.9846
19:14:44  자기모델잔차:4.44
19:14:44  자기모델반경:1.307
19:14:44  방향채택:25961
19:14:44  방향거부:69024
19:14:44  송신:7314
19:14:44  GPS위성:6
19:14:44  GPS_HDOP:1.58
19:14:44  원시위도:37.496704
19:14:44  원시경도:126.957888
19:14:44  GPS채택:815
19:14:44  GPS이상치거부:0
19:14:44  GPS품질거부:411
19:14:44  GPS재기준:0
19:14:44  RSSI원시:-74
19:14:44  RSSI평활:-73.9
19:14:44  RSSI샘플:14474
19:14:44  RSSI경과ms:1
19:14:44  차량수신:7232
19:14:44  시각ms:764759
19:14:44  IMU시각ms:764747
19:14:44  위험:0
19:14:44  GPS유효:1
19:14:44  위도:37.496704
19:14:44  경도:126.957893
19:14:44  속도:0.030
19:14:44  방향:178.7
19:14:44  GPS원시속도:0.005
19:14:44  GPS원시방향유효:1
19:14:44  GPS원시방향:95.3
19:14:44  가속도:4.386,4.683,7.077
19:14:44  자이로:-0.466,-1.076,1.115
19:14:44  자력계:-31.200,46.200,16.200
19:14:44  IMU방향유효:1
19:14:44  IMU방향:178.7
19:14:44  방향가속도크기:9.55
19:14:44  방향자이로크기:1.62
19:14:44  방향자세cos:0.9866
19:14:44  자기모델잔차:5.78
19:14:44  자기모델반경:1.304
19:14:44  방향채택:25986
19:14:44  방향거부:69025
19:14:44  송신:7316
19:14:44  GPS위성:6
19:14:44  GPS_HDOP:1.58
19:14:44  원시위도:37.496701
19:14:44  원시경도:126.957892
19:14:44  GPS채택:817
19:14:44  GPS이상치거부:0
19:14:44  GPS품질거부:411
19:14:44  GPS재기준:0
19:14:44  RSSI원시:-74
19:14:44  RSSI평활:-73.7
19:14:44  RSSI샘플:14478
19:14:44  RSSI경과ms:5
19:14:44  차량수신:7234
19:14:44  시각ms:764969
19:14:44  IMU시각ms:764957
19:14:44  위험:0
19:14:44  GPS유효:1
19:14:44  위도:37.496700
19:14:44  경도:126.957893
19:14:44  속도:0.030
19:14:44  방향:178.4
19:14:44  GPS원시속도:0.005
19:14:44  GPS원시방향유효:1
19:14:44  GPS원시방향:95.3
19:14:44  가속도:4.338,4.769,7.173
19:14:44  자이로:-0.939,-2.031,-0.481
19:14:44  자력계:-32.250,47.550,17.100
19:14:44  IMU방향유효:1
19:14:44  IMU방향:178.4
19:14:44  방향가속도크기:9.64
19:14:44  방향자이로크기:2.29
19:14:44  방향자세cos:0.9852
19:14:44  자기모델잔차:3.92
19:14:44  자기모델반경:1.289
19:14:44  방향채택:26006
19:14:44  방향거부:69031
19:14:44  송신:7318
19:14:44  GPS위성:6
19:14:44  GPS_HDOP:1.58
19:14:44  원시위도:37.496701
19:14:44  원시경도:126.957892
19:14:44  GPS채택:817
19:14:44  GPS이상치거부:0
19:14:44  GPS품질거부:411
19:14:44  GPS재기준:0
19:14:44  RSSI원시:-73
19:14:44  RSSI평활:-73.4
19:14:44  RSSI샘플:14482
19:14:44  RSSI경과ms:5
19:14:44  차량수신:7236
19:14:44  시각ms:765386
19:14:44  IMU시각ms:765374
19:14:44  위험:0
19:14:44  GPS유효:1
19:14:44  위도:37.496700
19:14:44  경도:126.957893
19:14:44  속도:0.030
19:14:44  방향:178.3
19:14:44  GPS원시속도:0.005
19:14:44  GPS원시방향유효:1
19:14:44  GPS원시방향:95.3
19:14:44  가속도:4.185,4.717,7.192
19:14:44  자이로:0.595,-2.038,-0.618
19:14:44  자력계:-31.200,47.400,14.700
19:14:44  IMU방향유효:1
19:14:44  IMU방향:178.3
19:14:44  방향가속도크기:9.56
19:14:44  방향자이로크기:2.21
19:14:44  방향자세cos:0.9825
19:14:44  자기모델잔차:5.78
19:14:44  자기모델반경:1.299
19:14:44  방향채택:26051
19:14:44  방향거부:69038
19:14:44  송신:7322
19:14:44  GPS위성:6
19:14:44  GPS_HDOP:1.58
19:14:44  원시위도:37.496701
19:14:44  원시경도:126.957892
19:14:44  GPS채택:817
19:14:44  GPS이상치거부:0
19:14:44  GPS품질거부:411
19:14:44  GPS재기준:0
19:14:44  RSSI원시:-73
19:14:44  RSSI평활:-73.0
19:14:44  RSSI샘플:14489
19:14:44  RSSI경과ms:3
19:14:44  차량수신:7239
19:14:46  시각ms:766533
19:14:46  IMU시각ms:766521
19:14:46  위험:0
19:14:46  GPS유효:1
19:14:46  위도:37.496700
19:14:46  경도:126.957893
19:14:46  속도:0.040
19:14:46  방향:177.9
19:14:46  GPS원시속도:0.046
19:14:46  GPS원시방향유효:1
19:14:46  GPS원시방향:95.3
19:14:46  가속도:4.386,4.875,6.991
19:14:46  자이로:-1.313,0.450,-0.267
19:14:46  자력계:-30.750,48.750,17.100
19:14:46  IMU방향유효:1
19:14:46  IMU방향:177.9
19:14:46  방향가속도크기:9.59
19:14:46  방향자이로크기:1.41
19:14:46  방향자세cos:0.9878
19:14:46  자기모델잔차:4.20
19:14:46  자기모델반경:1.291
19:14:46  방향채택:26152
19:14:46  방향거부:69080
19:14:46  송신:7333
19:14:46  GPS위성:6
19:14:46  GPS_HDOP:1.58
19:14:46  원시위도:37.496699
19:14:46  원시경도:126.957897
19:14:46  GPS채택:819
19:14:46  GPS이상치거부:0
19:14:46  GPS품질거부:411
19:14:46  GPS재기준:0
19:14:46  RSSI원시:-75
19:14:46  RSSI평활:-73.6
19:14:46  RSSI샘플:14510
19:14:46  RSSI경과ms:4
19:14:46  차량수신:7249
19:14:46  시각ms:766637
19:14:46  IMU시각ms:766625
19:14:46  위험:0
19:14:46  GPS유효:1
19:14:46  위도:37.496700
19:14:46  경도:126.957901
19:14:46  속도:0.038
19:14:46  방향:177.8
19:14:46  GPS원시속도:0.036
19:14:46  GPS원시방향유효:1
19:14:46  GPS원시방향:95.3
19:14:46  가속도:4.334,4.688,7.116
19:14:46  자이로:0.947,0.656,0.565
19:14:46  자력계:-32.550,47.550,14.850
19:14:46  IMU방향유효:1
19:14:46  IMU방향:177.8
19:14:46  방향가속도크기:9.56
19:14:46  방향자이로크기:1.28
19:14:46  방향자세cos:0.9855
19:14:46  자기모델잔차:5.22
19:14:46  자기모델반경:1.226
19:14:46  방향채택:26162
19:14:46  방향거부:69083
19:14:46  송신:7334
19:14:46  GPS위성:6
19:14:46  GPS_HDOP:1.58
19:14:46  원시위도:37.496698
19:14:46  원시경도:126.957902
19:14:46  GPS채택:820
19:14:46  GPS이상치거부:0
19:14:46  GPS품질거부:411
19:14:46  GPS재기준:0
19:14:46  RSSI원시:-74
19:14:46  RSSI평활:-73.7
19:14:46  RSSI샘플:14512
19:14:46  RSSI경과ms:7
19:14:46  차량수신:7250
19:14:46  시각ms:767472
19:14:46  IMU시각ms:767460
19:14:46  위험:0
19:14:46  GPS유효:1
19:14:46  위도:37.496696
19:14:46  경도:126.957901
19:14:46  속도:0.038
19:14:46  방향:177.5
19:14:46  GPS원시속도:0.036
19:14:46  GPS원시방향유효:1
19:14:46  GPS원시방향:95.3
19:14:46  가속도:4.429,4.774,7.063
19:14:46  자이로:0.870,-2.718,-0.511
19:14:46  자력계:-30.900,47.850,16.950
19:14:46  IMU방향유효:1
19:14:46  IMU방향:177.5
19:14:46  방향가속도크기:9.61
19:14:46  방향자이로크기:2.90
19:14:46  방향자세cos:0.9875
19:14:46  자기모델잔차:4.66
19:14:46  자기모델반경:1.300
19:14:46  방향채택:26230
19:14:46  방향거부:69119
19:14:46  송신:7342
19:14:46  GPS위성:6
19:14:46  GPS_HDOP:1.58
19:14:46  원시위도:37.496698
19:14:46  원시경도:126.957902
19:14:46  GPS채택:821
19:14:46  GPS이상치거부:0
19:14:46  GPS품질거부:411
19:14:46  GPS재기준:0
19:14:46  RSSI원시:-72
19:14:46  RSSI평활:-72.7
19:14:46  RSSI샘플:14526
19:14:46  RSSI경과ms:1
19:14:46  차량수신:7257
19:14:47  시각ms:767681
19:14:47  IMU시각ms:767669
19:14:47  위험:0
19:14:47  GPS유효:1
19:14:47  위도:37.496696
19:14:47  경도:126.957901
19:14:47  속도:0.032
19:14:47  방향:177.7
19:14:47  GPS원시속도:0.021
19:14:47  GPS원시방향유효:1
19:14:47  GPS원시방향:95.3
19:14:47  가속도:4.338,4.760,7.001
19:14:47  자이로:-0.550,-3.160,-0.679
19:14:47  자력계:-33.000,48.000,16.050
19:14:47  IMU방향유효:1
19:14:47  IMU방향:177.7
19:14:47  방향가속도크기:9.51
19:14:47  방향자이로크기:3.28
19:14:47  방향자세cos:0.9869
19:14:47  자기모델잔차:3.96
19:14:47  자기모델반경:1.242
19:14:47  방향채택:26250
19:14:47  방향거부:69125
19:14:47  송신:7344
19:14:47  GPS위성:6
19:14:47  GPS_HDOP:1.58
19:14:47  원시위도:37.496698
19:14:47  원시경도:126.957904
19:14:47  GPS채택:822
19:14:47  GPS이상치거부:0
19:14:47  GPS품질거부:411
19:14:47  GPS재기준:0
19:14:47  RSSI원시:-73
19:14:47  RSSI평활:-72.9
19:14:47  RSSI샘플:14530
19:14:47  RSSI경과ms:4
19:14:47  차량수신:7259
19:14:47  시각ms:767786
19:14:47  IMU시각ms:767774
19:14:47  위험:0
19:14:47  GPS유효:1
19:14:47  위도:37.496696
19:14:47  경도:126.957901
19:14:47  속도:0.028
19:14:47  방향:177.8
19:14:47  GPS원시속도:0.021
19:14:47  GPS원시방향유효:1
19:14:47  GPS원시방향:95.3
19:14:47  가속도:4.252,4.894,7.020
19:14:47  자이로:-1.267,-0.588,0.863
19:14:47  자력계:-31.050,46.500,16.800
19:14:47  IMU방향유효:1
19:14:47  IMU방향:177.8
19:14:47  방향가속도크기:9.56
19:14:47  방향자이로크기:1.64
19:14:47  방향자세cos:0.9856
19:14:47  자기모델잔차:5.33
19:14:47  자기모델반경:1.317
19:14:47  방향채택:26260
19:14:47  방향거부:69128
19:14:47  송신:7345
19:14:47  GPS위성:6
19:14:47  GPS_HDOP:1.58
19:14:47  원시위도:37.496698
19:14:47  원시경도:126.957904
19:14:47  GPS채택:823
19:14:47  GPS이상치거부:0
19:14:47  GPS품질거부:411
19:14:47  GPS재기준:0
19:14:47  RSSI원시:-73
19:14:47  RSSI평활:-72.9
19:14:47  RSSI샘플:14532
19:14:47  RSSI경과ms:1
19:14:47  차량수신:7260
19:14:47  시각ms:768203
19:14:47  IMU시각ms:768191
19:14:47  위험:0
19:14:47  GPS유효:1
19:14:47  위도:37.496696
19:14:47  경도:126.957901
19:14:47  속도:0.028
19:14:47  방향:177.7
19:14:47  GPS원시속도:0.021
19:14:47  GPS원시방향유효:1
19:14:47  GPS원시방향:95.3
19:14:47  가속도:4.314,4.966,6.943
19:14:47  자이로:-1.374,2.046,-1.275
19:14:47  자력계:-30.000,46.050,17.100
19:14:47  IMU방향유효:1
19:14:47  IMU방향:177.7
19:14:47  방향가속도크기:9.56
19:14:47  방향자이로크기:2.77
19:14:47  방향자세cos:0.9872
19:14:47  자기모델잔차:5.96
19:14:47  자기모델반경:1.348
19:14:47  방향채택:26288
19:14:47  방향거부:69152
19:14:47  송신:7349
19:14:47  GPS위성:6
19:14:47  GPS_HDOP:1.58
19:14:47  원시위도:37.496698
19:14:47  원시경도:126.957904
19:14:47  GPS채택:823
19:14:47  GPS이상치거부:0
19:14:47  GPS품질거부:411
19:14:47  GPS재기준:0
19:14:47  RSSI원시:-72
19:14:47  RSSI평활:-72.8
19:14:47  RSSI샘플:14540
19:14:47  RSSI경과ms:3
19:14:47  차량수신:7264
19:14:48  시각ms:768724
19:14:48  IMU시각ms:768712
19:14:48  위험:0
19:14:48  GPS유효:1
19:14:48  위도:37.496700
19:14:48  경도:126.957901
19:14:48  속도:0.050
19:14:48  방향:177.5
19:14:48  GPS원시속도:0.093
19:14:48  GPS원시방향유효:1
19:14:48  GPS원시방향:95.3
19:14:48  가속도:4.214,4.774,7.092
19:14:48  자이로:0.359,0.275,0.275
19:14:48  자력계:-30.450,46.950,15.900
19:14:48  IMU방향유효:1
19:14:48  IMU방향:177.5
19:14:48  방향가속도크기:9.53
19:14:48  방향자이로크기:0.53
19:14:48  방향자세cos:0.9842
19:14:48  자기모델잔차:6.01
19:14:48  자기모델반경:1.317
19:14:48  방향채택:26325
19:14:48  방향거부:69180
19:14:48  송신:7354
19:14:48  GPS위성:6
19:14:48  GPS_HDOP:1.58
19:14:48  원시위도:37.496700
19:14:48  원시경도:126.957906
19:14:48  GPS채택:824
19:14:48  GPS이상치거부:0
19:14:48  GPS품질거부:411
19:14:48  GPS재기준:0
19:14:48  RSSI원시:-73
19:14:48  RSSI평활:-73.3
19:14:48  RSSI샘플:14549
19:14:48  RSSI경과ms:0
19:14:48  차량수신:7268
19:14:48  시각ms:768829
19:14:48  IMU시각ms:768817
19:14:48  위험:0
19:14:48  GPS유효:1
19:14:48  위도:37.496700
19:14:48  경도:126.957909
19:14:48  속도:0.065
19:14:48  방향:177.4
19:14:48  GPS원시속도:0.093
19:14:48  GPS원시방향유효:1
19:14:48  GPS원시방향:95.3
19:14:48  가속도:4.175,4.841,7.020
19:14:48  자이로:-1.214,0.649,-0.931
19:14:48  자력계:-31.500,46.800,16.050
19:14:48  IMU방향유효:1
19:14:48  IMU방향:177.4
19:14:48  방향가속도크기:9.49
19:14:48  방향자이로크기:1.66
19:14:48  방향자세cos:0.9844
19:14:48  자기모델잔차:5.14
19:14:48  자기모델반경:1.240
19:14:48  방향채택:26334
19:14:48  방향거부:69184
19:14:48  송신:7355
19:14:48  GPS위성:6
19:14:48  GPS_HDOP:1.58
19:14:48  원시위도:37.496700
19:14:48  원시경도:126.957906
19:14:48  GPS채택:825
19:14:48  GPS이상치거부:0
19:14:48  GPS품질거부:411
19:14:48  GPS재기준:0
19:14:48  RSSI원시:-71
19:14:48  RSSI평활:-72.9
19:14:48  RSSI샘플:14550
19:14:48  RSSI경과ms:81
19:14:48  차량수신:7269
