19:14:28  시각ms:778471
19:14:28  IMU시각ms:778470
19:14:28  위험:0
19:14:28  원시위험:0
19:14:28  GPS유효:1
19:14:28  위도:37.496831
19:14:28  경도:126.957581
19:14:28  속도:0.06
19:14:28  방향:0.0
19:14:28  이동방향유효:0
19:14:28  GPS이동방향:111.8
19:14:28  차체방향유효:0
19:14:28  차체방향:315.0
19:14:28  후진판정:0
19:14:28  IMU요회전속도:0.00
19:14:28  방향가속도크기:9.72
19:14:28  방향자이로크기:2.37
19:14:28  방향자세cos:0.9990
19:14:28  자기모델잔차:0.34
19:14:28  자기모델반경:1.820
19:14:28  방향채택:9467
19:14:28  방향거부:88654
19:14:28  GPS원시속도:0.051
19:14:28  GPS원시방향유효:1
19:14:28  GPS원시방향:131.4
19:14:28  가속도:-0.31,0.08,9.71
19:14:28  자이로:0.0,-0.0,-2.4
19:14:28  자력계:-5.700,-83.400,4.500
19:14:28  충격값:0.13
19:14:28  충격피크:2.64
19:14:28  마지막충격발생값:44.27
19:14:28  마지막충격발생ms:70226
19:14:28  송신:7488
19:14:28  지팡이수신:7309
19:14:28  GPS위성:5
19:14:28  GPS_HDOP:1.60
19:14:28  원시위도:37.496832
19:14:28  원시경도:126.957588
19:14:28  GPS채택:744
19:14:28  GPS이상치거부:115
19:14:28  GPS품질거부:359
19:14:28  GPS재기준:18
19:14:28  계산거리:28.50
19:14:28  접근속도:0.00
19:14:28  TTC:999.00
19:14:28  방향오차:127.1
19:14:28  전방여부:0
19:14:28  위험음성횟수:49
19:14:28  충격음성횟수:1
19:14:28  마지막위험음성:1
19:14:28  RSSI원시:-77
19:14:28  RSSI평활:-77.8
19:14:28  RSSI샘플:7309
19:14:28  RSSI경과ms:64
19:14:28  위험송신:7309
19:14:29  시각ms:779826
19:14:29  IMU시각ms:779826
19:14:29  위험:0
19:14:29  원시위험:0
19:14:29  GPS유효:1
19:14:29  위도:37.496831
19:14:29  경도:126.957583
19:14:29  속도:0.12
19:14:29  방향:0.0
19:14:29  이동방향유효:0
19:14:29  GPS이동방향:111.8
19:14:29  차체방향유효:0
19:14:29  차체방향:315.0
19:14:29  후진판정:0
19:14:29  IMU요회전속도:0.00
19:14:29  방향가속도크기:9.70
19:14:29  방향자이로크기:0.59
19:14:29  방향자세cos:0.9981
19:14:29  자기모델잔차:1.99
19:14:29  자기모델반경:1.754
19:14:29  방향채택:9467
19:14:29  방향거부:88820
19:14:29  GPS원시속도:0.154
19:14:29  GPS원시방향유효:1
19:14:29  GPS원시방향:131.4
19:14:29  가속도:-0.19,-0.05,9.70
19:14:29  자이로:-0.5,0.0,-0.4
19:14:29  자력계:-5.400,-81.600,1.950
19:14:29  충격값:0.16
19:14:29  충격피크:1.34
19:14:29  마지막충격발생값:44.27
19:14:29  마지막충격발생ms:70226
19:14:29  송신:7501
19:14:29  지팡이수신:7321
19:14:29  GPS위성:5
19:14:29  GPS_HDOP:1.60
19:14:29  원시위도:37.496828
19:14:29  원시경도:126.957592
19:14:29  GPS채택:747
19:14:29  GPS이상치거부:115
19:14:29  GPS품질거부:359
19:14:29  GPS재기준:18
19:14:29  계산거리:27.96
19:14:29  접근속도:0.00
19:14:29  TTC:999.00
19:14:29  방향오차:128.2
19:14:29  전방여부:0
19:14:29  위험음성횟수:49
19:14:29  충격음성횟수:1
19:14:29  마지막위험음성:1
19:14:29  RSSI원시:-80
19:14:29  RSSI평활:-78.7
19:14:29  RSSI샘플:7321
19:14:29  RSSI경과ms:60
19:14:29  위험송신:7321
19:14:29  시각ms:779931
19:14:29  IMU시각ms:779931
19:14:29  위험:0
19:14:29  원시위험:0
19:14:29  GPS유효:1
19:14:29  위도:37.496831
19:14:29  경도:126.957583
19:14:29  속도:0.12
19:14:29  방향:0.0
19:14:29  이동방향유효:0
19:14:29  GPS이동방향:111.8
19:14:29  차체방향유효:0
19:14:29  차체방향:315.0
19:14:29  후진판정:0
19:14:29  IMU요회전속도:0.00
19:14:29  방향가속도크기:10.95
19:14:29  방향자이로크기:3.64
19:14:29  방향자세cos:0.9969
19:14:29  자기모델잔차:1.98
19:14:29  자기모델반경:1.964
19:14:29  방향채택:9467
19:14:29  방향거부:88833
19:14:29  GPS원시속도:0.154
19:14:29  GPS원시방향유효:1
19:14:29  GPS원시방향:131.4
19:14:29  가속도:-0.97,1.25,10.83
19:14:29  자이로:-2.4,2.7,-0.4
19:14:29  자력계:-7.800,-87.900,2.700
19:14:29  충격값:1.73
19:14:29  충격피크:1.73
19:14:29  마지막충격발생값:44.27
19:14:29  마지막충격발생ms:70226
19:14:29  송신:7502
19:14:29  지팡이수신:7322
19:14:29  GPS위성:5
19:14:29  GPS_HDOP:1.60
19:14:29  원시위도:37.496828
19:14:29  원시경도:126.957592
19:14:29  GPS채택:747
19:14:29  GPS이상치거부:115
19:14:29  GPS품질거부:359
19:14:29  GPS재기준:18
19:14:29  계산거리:27.96
19:14:29  접근속도:0.00
19:14:29  TTC:999.00
19:14:29  방향오차:128.2
19:14:29  전방여부:0
19:14:29  위험음성횟수:49
19:14:29  충격음성횟수:1
19:14:29  마지막위험음성:1
19:14:29  RSSI원시:-82
19:14:29  RSSI평활:-79.4
19:14:29  RSSI샘플:7322
19:14:29  RSSI경과ms:63
19:14:29  위험송신:7322
19:14:30  시각ms:780246
19:14:30  IMU시각ms:780246
19:14:30  위험:0
19:14:30  원시위험:0
19:14:30  GPS유효:1
19:14:30  위도:37.496831
19:14:30  경도:126.957583
19:14:30  속도:0.12
19:14:30  방향:0.0
19:14:30  이동방향유효:0
19:14:30  GPS이동방향:111.8
19:14:30  차체방향유효:0
19:14:30  차체방향:315.0
19:14:30  후진판정:0
19:14:30  IMU요회전속도:0.00
19:14:30  방향가속도크기:9.80
19:14:30  방향자이로크기:2.19
19:14:30  방향자세cos:0.9987
19:14:30  자기모델잔차:1.59
19:14:30  자기모델반경:1.808
19:14:30  방향채택:9467
19:14:30  방향거부:88872
19:14:30  GPS원시속도:0.154
19:14:30  GPS원시방향유효:1
19:14:30  GPS원시방향:131.4
19:14:30  가속도:-0.30,0.00,9.79
19:14:30  자이로:1.6,-1.5,-0.2
19:14:30  자력계:-4.950,-83.400,2.550
19:14:30  충격값:0.07
19:14:30  충격피크:0.21
19:14:30  마지막충격발생값:44.27
19:14:30  마지막충격발생ms:70226
19:14:30  송신:7505
19:14:30  지팡이수신:7325
19:14:30  GPS위성:5
19:14:30  GPS_HDOP:1.60
19:14:30  원시위도:37.496828
19:14:30  원시경도:126.957592
19:14:30  GPS채택:747
19:14:30  GPS이상치거부:115
19:14:30  GPS품질거부:359
19:14:30  GPS재기준:18
19:14:30  계산거리:27.96
19:14:30  접근속도:0.00
19:14:30  TTC:999.00
19:14:30  방향오차:128.2
19:14:30  전방여부:0
19:14:30  위험음성횟수:49
19:14:30  충격음성횟수:1
19:14:30  마지막위험음성:1
19:14:30  RSSI원시:-77
19:14:30  RSSI평활:-79.1
19:14:30  RSSI샘플:7325
19:14:30  RSSI경과ms:58
19:14:30  위험송신:7325
19:14:31  시각ms:781399
19:14:31  IMU시각ms:781398
19:14:31  위험:0
19:14:31  원시위험:0
19:14:31  GPS유효:1
19:14:31  위도:37.496830
19:14:31  경도:126.957584
19:14:31  속도:0.15
19:14:31  방향:0.0
19:14:31  이동방향유효:0
19:14:31  GPS이동방향:111.8
19:14:31  차체방향유효:0
19:14:31  차체방향:315.0
19:14:31  후진판정:0
19:14:31  IMU요회전속도:0.00
19:14:31  방향가속도크기:9.73
19:14:31  방향자이로크기:1.39
19:14:31  방향자세cos:0.9986
19:14:31  자기모델잔차:0.92
19:14:31  자기모델반경:1.778
19:14:31  방향채택:9467
19:14:31  방향거부:89013
19:14:31  GPS원시속도:0.154
19:14:31  GPS원시방향유효:1
19:14:31  GPS원시방향:131.4
19:14:31  가속도:-0.25,0.01,9.73
19:14:31  자이로:-0.9,-0.8,0.7
19:14:31  자력계:-3.900,-82.350,4.950
19:14:31  충격값:0.07
19:14:31  충격피크:0.15
19:14:31  마지막충격발생값:44.27
19:14:31  마지막충격발생ms:70226
19:14:31  송신:7516
19:14:31  지팡이수신:7336
19:14:31  GPS위성:5
19:14:31  GPS_HDOP:1.60
19:14:31  원시위도:37.496828
19:14:31  원시경도:126.957587
19:14:31  GPS채택:749
19:14:31  GPS이상치거부:115
19:14:31  GPS품질거부:359
19:14:31  GPS재기준:18
19:14:31  계산거리:28.50
19:14:31  접근속도:0.00
19:14:31  TTC:999.00
19:14:31  방향오차:127.4
19:14:31  전방여부:0
19:14:31  위험음성횟수:49
19:14:31  충격음성횟수:1
19:14:31  마지막위험음성:1
19:14:31  RSSI원시:-69
19:14:31  RSSI평활:-71.6
19:14:31  RSSI샘플:7336
19:14:31  RSSI경과ms:71
19:14:31  위험송신:7336
19:14:31  시각ms:781504
19:14:31  IMU시각ms:781503
19:14:31  위험:0
19:14:31  원시위험:0
19:14:31  GPS유효:1
19:14:31  위도:37.496830
19:14:31  경도:126.957584
19:14:31  속도:0.15
19:14:31  방향:0.0
19:14:31  이동방향유효:0
19:14:31  GPS이동방향:111.8
19:14:31  차체방향유효:0
19:14:31  차체방향:315.0
19:14:31  후진판정:0
19:14:31  IMU요회전속도:0.00
19:14:31  방향가속도크기:9.75
19:14:31  방향자이로크기:3.39
19:14:31  방향자세cos:0.9990
19:14:31  자기모델잔차:2.63
19:14:31  자기모델반경:1.801
19:14:31  방향채택:9467
19:14:31  방향거부:89026
19:14:31  GPS원시속도:0.154
19:14:31  GPS원시방향유효:1
19:14:31  GPS원시방향:131.4
19:14:31  가속도:-0.23,0.10,9.74
19:14:31  자이로:2.9,-1.0,1.4
19:14:31  자력계:-4.500,-83.400,1.500
19:14:31  충격값:0.10
19:14:31  충격피크:0.15
19:14:31  마지막충격발생값:44.27
19:14:31  마지막충격발생ms:70226
19:14:31  송신:7517
19:14:31  지팡이수신:7337
19:14:31  GPS위성:5
19:14:31  GPS_HDOP:1.60
19:14:31  원시위도:37.496828
19:14:31  원시경도:126.957578
19:14:31  GPS채택:750
19:14:31  GPS이상치거부:115
19:14:31  GPS품질거부:359
19:14:31  GPS재기준:18
19:14:31  계산거리:28.25
19:14:31  접근속도:0.00
19:14:31  TTC:999.00
19:14:31  방향오차:127.1
19:14:31  전방여부:0
19:14:31  위험음성횟수:49
19:14:31  충격음성횟수:1
19:14:31  마지막위험음성:1
19:14:31  RSSI원시:-68
19:14:31  RSSI평활:-70.9
19:14:31  RSSI샘플:7337
19:14:31  RSSI경과ms:72
19:14:31  위험송신:7337
19:14:31  시각ms:782025
19:14:31  IMU시각ms:782025
19:14:31  위험:0
19:14:31  원시위험:0
19:14:31  GPS유효:1
19:14:31  위도:37.496830
19:14:31  경도:126.957583
19:14:31  속도:0.20
19:14:31  방향:0.0
19:14:31  이동방향유효:0
19:14:31  GPS이동방향:111.8
19:14:31  차체방향유효:0
19:14:31  차체방향:315.0
19:14:31  후진판정:0
19:14:31  IMU요회전속도:0.00
19:14:31  방향가속도크기:9.72
19:14:31  방향자이로크기:1.84
19:14:31  방향자세cos:0.9989
19:14:31  자기모델잔차:0.47
19:14:31  자기모델반경:1.741
19:14:31  방향채택:9467
19:14:31  방향거부:89089
19:14:31  GPS원시속도:0.257
19:14:31  GPS원시방향유효:1
19:14:31  GPS원시방향:131.4
19:14:31  가속도:-0.27,0.06,9.72
19:14:31  자이로:0.5,0.8,-1.6
19:14:31  자력계:-2.400,-81.600,3.450
19:14:31  충격값:0.04
19:14:31  충격피크:0.14
19:14:31  마지막충격발생값:44.27
19:14:31  마지막충격발생ms:70226
19:14:31  송신:7522
19:14:31  지팡이수신:7342
19:14:31  GPS위성:5
19:14:31  GPS_HDOP:1.60
19:14:31  원시위도:37.496828
19:14:31  원시경도:126.957578
19:14:31  GPS채택:751
19:14:31  GPS이상치거부:115
19:14:31  GPS품질거부:359
19:14:31  GPS재기준:18
19:14:31  계산거리:28.25
19:14:31  접근속도:0.00
19:14:31  TTC:999.00
19:14:31  방향오차:127.0
19:14:31  전방여부:0
19:14:31  위험음성횟수:49
19:14:31  충격음성횟수:1
19:14:31  마지막위험음성:1
19:14:31  RSSI원시:-76
19:14:31  RSSI평활:-72.5
19:14:31  RSSI샘플:7342
19:14:31  RSSI경과ms:72
19:14:31  위험송신:7342
19:14:32  시각ms:782859
19:14:32  IMU시각ms:782859
19:14:32  위험:0
19:14:32  원시위험:0
19:14:32  GPS유효:1
19:14:32  위도:37.496830
19:14:32  경도:126.957582
19:14:32  속도:0.17
19:14:32  방향:0.0
19:14:32  이동방향유효:0
19:14:32  GPS이동방향:111.8
19:14:32  차체방향유효:0
19:14:32  차체방향:315.0
19:14:32  후진판정:0
19:14:32  IMU요회전속도:0.00
19:14:32  방향가속도크기:9.67
19:14:32  방향자이로크기:4.01
19:14:32  방향자세cos:0.9992
19:14:32  자기모델잔차:1.46
19:14:32  자기모델반경:1.771
19:14:32  방향채택:9467
19:14:32  방향거부:89189
19:14:32  GPS원시속도:0.113
19:14:32  GPS원시방향유효:1
19:14:32  GPS원시방향:131.4
19:14:32  가속도:-0.33,0.11,9.67
19:14:32  자이로:-2.1,3.2,-1.2
19:14:32  자력계:-4.950,-82.200,2.550
19:14:32  충격값:0.07
19:14:32  충격피크:0.23
19:14:32  마지막충격발생값:44.27
19:14:32  마지막충격발생ms:70226
19:14:32  송신:7530
19:14:32  지팡이수신:7350
19:14:32  GPS위성:5
19:14:32  GPS_HDOP:1.60
19:14:32  원시위도:37.496828
19:14:32  원시경도:126.957575
19:14:32  GPS채택:753
19:14:32  GPS이상치거부:115
19:14:32  GPS품질거부:359
19:14:32  GPS재기준:18
19:14:32  계산거리:28.32
19:14:32  접근속도:0.00
19:14:32  TTC:999.00
19:14:32  방향오차:124.6
19:14:32  전방여부:0
19:14:32  위험음성횟수:49
19:14:32  충격음성횟수:1
19:14:32  마지막위험음성:1
19:14:32  RSSI원시:-74
19:14:32  RSSI평활:-72.9
19:14:32  RSSI샘플:7350
19:14:32  RSSI경과ms:69
19:14:32  위험송신:7350
19:14:33  시각ms:783798
19:14:33  IMU시각ms:783797
19:14:33  위험:0
19:14:33  원시위험:0
19:14:33  GPS유효:1
19:14:33  위도:37.496830
19:14:33  경도:126.957581
19:14:33  속도:0.14
19:14:33  방향:0.0
19:14:33  이동방향유효:0
19:14:33  GPS이동방향:111.8
19:14:33  차체방향유효:0
19:14:33  차체방향:315.0
19:14:33  후진판정:0
19:14:33  IMU요회전속도:0.00
19:14:33  방향가속도크기:9.78
19:14:33  방향자이로크기:3.26
19:14:33  방향자세cos:0.9989
19:14:33  자기모델잔차:0.03
19:14:33  자기모델반경:1.816
19:14:33  방향채택:9467
19:14:33  방향거부:89305
19:14:33  GPS원시속도:0.113
19:14:33  GPS원시방향유효:1
19:14:33  GPS원시방향:131.4
19:14:33  가속도:-0.23,0.07,9.78
19:14:33  자이로:0.1,2.8,-1.6
19:14:33  자력계:-4.650,-83.550,4.200
19:14:33  충격값:0.10
19:14:33  충격피크:0.16
19:14:33  마지막충격발생값:44.27
19:14:33  마지막충격발생ms:70226
19:14:33  송신:7539
19:14:33  지팡이수신:7358
19:14:33  GPS위성:5
19:14:33  GPS_HDOP:1.60
19:14:33  원시위도:37.496830
19:14:33  원시경도:126.957570
19:14:33  GPS채택:754
19:14:33  GPS이상치거부:115
19:14:33  GPS품질거부:359
19:14:33  GPS재기준:18
19:14:33  계산거리:28.66
19:14:33  접근속도:0.00
19:14:33  TTC:999.00
19:14:33  방향오차:122.1
19:14:33  전방여부:0
19:14:33  위험음성횟수:49
19:14:33  충격음성횟수:1
19:14:33  마지막위험음성:1
19:14:33  RSSI원시:-74
19:14:33  RSSI평활:-74.1
19:14:33  RSSI샘플:7358
19:14:33  RSSI경과ms:70
19:14:33  위험송신:7358
19:14:36  시각ms:786307
19:14:36  IMU시각ms:786307
19:14:36  위험:0
19:14:36  원시위험:0
19:14:36  GPS유효:1
19:14:36  위도:37.496830
19:14:36  경도:126.957575
19:14:36  속도:0.13
19:14:36  방향:0.0
19:14:36  이동방향유효:0
19:14:36  GPS이동방향:111.8
19:14:36  차체방향유효:0
19:14:36  차체방향:315.0
19:14:36  후진판정:0
19:14:36  IMU요회전속도:0.00
19:14:36  방향가속도크기:9.79
19:14:36  방향자이로크기:3.02
19:14:36  방향자세cos:0.9987
19:14:36  자기모델잔차:0.44
19:14:36  자기모델반경:1.787
19:14:36  방향채택:9467
19:14:36  방향거부:89614
19:14:36  GPS원시속도:0.108
19:14:36  GPS원시방향유효:1
19:14:36  GPS원시방향:131.4
19:14:36  가속도:-0.25,0.02,9.78
19:14:36  자이로:0.6,2.6,-1.5
19:14:36  자력계:-4.200,-82.650,4.500
19:14:36  충격값:0.08
19:14:36  충격피크:0.21
19:14:36  마지막충격발생값:44.27
19:14:36  마지막충격발생ms:70226
19:14:36  송신:7563
19:14:36  지팡이수신:7381
19:14:36  GPS위성:5
19:14:36  GPS_HDOP:1.60
19:14:36  원시위도:37.496832
19:14:36  원시경도:126.957562
19:14:36  GPS채택:759
19:14:36  GPS이상치거부:115
19:14:36  GPS품질거부:359
19:14:36  GPS재기준:18
19:14:36  계산거리:29.77
19:14:36  접근속도:0.00
19:14:36  TTC:999.00
19:14:36  방향오차:119.0
19:14:36  전방여부:0
19:14:36  위험음성횟수:49
19:14:36  충격음성횟수:1
19:14:36  마지막위험음성:1
19:14:36  RSSI원시:-71
19:14:36  RSSI평활:-72.3
19:14:36  RSSI샘플:7381
19:14:36  RSSI경과ms:69
19:14:36  위험송신:7381
19:14:36  시각ms:786727
19:14:36  IMU시각ms:786727
19:14:36  위험:0
19:14:36  원시위험:0
19:14:36  GPS유효:1
19:14:36  위도:37.496830
19:14:36  경도:126.957573
19:14:36  속도:0.16
19:14:36  방향:0.0
19:14:36  이동방향유효:0
19:14:36  GPS이동방향:111.8
19:14:36  차체방향유효:0
19:14:36  차체방향:315.0
19:14:36  후진판정:0
19:14:36  IMU요회전속도:0.00
19:14:36  방향가속도크기:9.83
19:14:36  방향자이로크기:1.43
19:14:36  방향자세cos:0.9986
19:14:36  자기모델잔차:1.09
19:14:36  자기모델반경:1.732
19:14:36  방향채택:9467
19:14:36  방향거부:89666
19:14:36  GPS원시속도:0.201
19:14:36  GPS원시방향유효:1
19:14:36  GPS원시방향:131.4
19:14:36  가속도:-0.35,-0.02,9.83
19:14:36  자이로:-0.8,1.1,-0.3
19:14:36  자력계:-3.900,-80.850,4.950
19:14:36  충격값:0.13
19:14:36  충격피크:0.18
19:14:36  마지막충격발생값:44.27
19:14:36  마지막충격발생ms:70226
19:14:36  송신:7567
19:14:36  지팡이수신:7385
19:14:36  GPS위성:5
19:14:36  GPS_HDOP:1.60
19:14:36  원시위도:37.496832
19:14:36  원시경도:126.957560
19:14:36  GPS채택:761
19:14:36  GPS이상치거부:115
19:14:36  GPS품질거부:359
19:14:36  GPS재기준:18
19:14:36  계산거리:29.77
19:14:36  접근속도:0.00
19:14:36  TTC:999.00
19:14:36  방향오차:118.8
19:14:36  전방여부:0
19:14:36  위험음성횟수:49
19:14:36  충격음성횟수:1
19:14:36  마지막위험음성:1
19:14:36  RSSI원시:-71
19:14:36  RSSI평활:-71.9
19:14:36  RSSI샘플:7385
19:14:36  RSSI경과ms:73
19:14:36  위험송신:7385
19:14:36  시각ms:787146
19:14:36  IMU시각ms:787146
19:14:36  위험:0
19:14:36  원시위험:0
19:14:36  GPS유효:1
19:14:36  위도:37.496830
19:14:36  경도:126.957573
19:14:36  속도:0.16
19:14:36  방향:0.0
19:14:36  이동방향유효:0
19:14:36  GPS이동방향:111.8
19:14:36  차체방향유효:0
19:14:36  차체방향:315.0
19:14:36  후진판정:0
19:14:36  IMU요회전속도:0.00
19:14:36  방향가속도크기:9.73
19:14:36  방향자이로크기:1.82
19:14:36  방향자세cos:0.9991
19:14:36  자기모델잔차:0.04
19:14:36  자기모델반경:1.754
19:14:36  방향채택:9467
19:14:36  방향거부:89718
19:14:36  GPS원시속도:0.201
19:14:36  GPS원시방향유효:1
19:14:36  GPS원시방향:131.4
19:14:36  가속도:-0.30,0.09,9.72
19:14:36  자이로:-0.8,1.2,-1.0
19:14:36  자력계:-4.350,-81.600,3.900
19:14:36  충격값:0.02
19:14:36  충격피크:0.14
19:14:36  마지막충격발생값:44.27
19:14:36  마지막충격발생ms:70226
19:14:36  송신:7571
19:14:36  지팡이수신:7388
19:14:36  GPS위성:5
19:14:36  GPS_HDOP:1.60
19:14:36  원시위도:37.496832
19:14:36  원시경도:126.957560
19:14:36  GPS채택:761
19:14:36  GPS이상치거부:115
19:14:36  GPS품질거부:359
19:14:36  GPS재기준:18
19:14:36  계산거리:29.77
19:14:36  접근속도:0.00
19:14:36  TTC:999.00
19:14:36  방향오차:118.8
19:14:36  전방여부:0
19:14:36  위험음성횟수:49
19:14:36  충격음성횟수:1
19:14:36  마지막위험음성:1
19:14:36  RSSI원시:-72
19:14:36  RSSI평활:-71.8
19:14:36  RSSI샘플:7388
19:14:36  RSSI경과ms:77
19:14:36  위험송신:7388
19:14:37  시각ms:787567
19:14:37  IMU시각ms:787566
19:14:37  위험:0
19:14:37  원시위험:0
19:14:37  GPS유효:1
19:14:37  위도:37.496830
19:14:37  경도:126.957572
19:14:37  속도:0.18
19:14:37  방향:0.0
19:14:37  이동방향유효:0
19:14:37  GPS이동방향:111.8
19:14:37  차체방향유효:0
19:14:37  차체방향:315.0
19:14:37  후진판정:0
19:14:37  IMU요회전속도:0.00
19:14:37  방향가속도크기:9.76
19:14:37  방향자이로크기:3.84
19:14:37  방향자세cos:0.9984
19:14:37  자기모델잔차:0.00
19:14:37  자기모델반경:1.742
19:14:37  방향채택:9467
19:14:37  방향거부:89770
19:14:37  GPS원시속도:0.201
19:14:37  GPS원시방향유효:1
19:14:37  GPS원시방향:131.4
19:14:37  가속도:-0.25,-0.04,9.75
19:14:37  자이로:2.7,-2.7,0.7
19:14:37  자력계:-3.900,-81.300,3.900
19:14:37  충격값:0.13
19:14:37  충격피크:0.20
19:14:37  마지막충격발생값:44.27
19:14:37  마지막충격발생ms:70226
19:14:37  송신:7575
19:14:37  지팡이수신:7392
19:14:37  GPS위성:5
19:14:37  GPS_HDOP:1.60
19:14:37  원시위도:37.496830
19:14:37  원시경도:126.957558
19:14:37  GPS채택:762
19:14:37  GPS이상치거부:115
19:14:37  GPS품질거부:359
19:14:37  GPS재기준:18
19:14:37  계산거리:29.57
19:14:37  접근속도:0.00
19:14:37  TTC:999.00
19:14:37  방향오차:118.1
19:14:37  전방여부:0
19:14:37  위험음성횟수:49
19:14:37  충격음성횟수:1
19:14:37  마지막위험음성:1
19:14:37  RSSI원시:-73
19:14:37  RSSI평활:-72.2
19:14:37  RSSI샘플:7392
19:14:37  RSSI경과ms:80
19:14:37  위험송신:7392
19:14:38  시각ms:788507
19:14:38  IMU시각ms:788506
19:14:38  위험:0
19:14:38  원시위험:0
19:14:38  GPS유효:1
19:14:38  위도:37.496830
19:14:38  경도:126.957570
19:14:38  속도:0.27
19:14:38  방향:0.0
19:14:38  이동방향유효:0
19:14:38  GPS이동방향:111.8
19:14:38  차체방향유효:0
19:14:38  차체방향:315.0
19:14:38  후진판정:0
19:14:38  IMU요회전속도:0.00
19:14:38  방향가속도크기:9.71
19:14:38  방향자이로크기:2.89
19:14:38  방향자세cos:0.9989
19:14:38  자기모델잔차:0.64
19:14:38  자기모델반경:1.799
19:14:38  방향채택:9467
19:14:38  방향거부:89883
19:14:38  GPS원시속도:0.304
19:14:38  GPS원시방향유효:1
19:14:38  GPS원시방향:131.4
19:14:38  가속도:-0.23,0.08,9.71
19:14:38  자이로:-1.5,0.9,-2.3
19:14:38  자력계:-5.850,-82.800,3.450
19:14:38  충격값:0.07
19:14:38  충격피크:0.16
19:14:38  마지막충격발생값:44.27
19:14:38  마지막충격발생ms:70226
19:14:38  송신:7584
19:14:38  지팡이수신:7401
19:14:38  GPS위성:5
19:14:38  GPS_HDOP:1.60
19:14:38  원시위도:37.496828
19:14:38  원시경도:126.957557
19:14:38  GPS채택:764
19:14:38  GPS이상치거부:115
19:14:38  GPS품질거부:359
19:14:38  GPS재기준:18
19:14:38  계산거리:29.57
19:14:38  접근속도:0.00
19:14:38  TTC:999.00
19:14:38  방향오차:118.0
19:14:38  전방여부:0
19:14:38  위험음성횟수:49
19:14:38  충격음성횟수:1
19:14:38  마지막위험음성:1
19:14:38  RSSI원시:-73
19:14:38  RSSI평활:-72.2
19:14:38  RSSI샘플:7401
19:14:38  RSSI경과ms:78
19:14:38  위험송신:7401
19:14:38  시각ms:789239
19:14:38  IMU시각ms:789239
19:14:38  위험:0
19:14:38  원시위험:0
19:14:38  GPS유효:1
19:14:38  위도:37.496830
19:14:38  경도:126.957569
19:14:38  속도:0.30
19:14:38  방향:0.0
19:14:38  이동방향유효:0
19:14:38  GPS이동방향:111.8
19:14:38  차체방향유효:0
19:14:38  차체방향:315.0
19:14:38  후진판정:0
19:14:38  IMU요회전속도:0.00
19:14:38  방향가속도크기:9.70
19:14:38  방향자이로크기:3.19
19:14:38  방향자세cos:0.9993
19:14:38  자기모델잔차:0.41
19:14:38  자기모델반경:1.735
19:14:38  방향채택:9467
19:14:38  방향거부:89972
19:14:38  GPS원시속도:0.329
19:14:38  GPS원시방향유효:1
19:14:38  GPS원시방향:131.4
19:14:38  가속도:-0.40,0.11,9.69
19:14:38  자이로:2.1,-2.4,0.2
19:14:38  자력계:-5.100,-80.850,3.450
19:14:38  충격값:0.09
19:14:38  충격피크:0.14
19:14:38  마지막충격발생값:44.27
19:14:38  마지막충격발생ms:70226
19:14:38  송신:7591
19:14:38  지팡이수신:7408
19:14:38  GPS위성:5
19:14:38  GPS_HDOP:1.60
19:14:38  원시위도:37.496828
19:14:38  원시경도:126.957557
19:14:38  GPS채택:765
19:14:38  GPS이상치거부:115
19:14:38  GPS품질거부:359
19:14:38  GPS재기준:18
19:14:38  계산거리:30.17
19:14:38  접근속도:0.00
19:14:38  TTC:999.00
19:14:38  방향오차:117.8
19:14:38  전방여부:0
19:14:38  위험음성횟수:49
19:14:38  충격음성횟수:1
19:14:38  마지막위험음성:1
19:14:38  RSSI원시:-74
19:14:38  RSSI평활:-73.7
19:14:38  RSSI샘플:7408
19:14:38  RSSI경과ms:79
19:14:38  위험송신:7408
19:14:39  시각ms:789555
19:14:39  IMU시각ms:789554
19:14:39  위험:0
19:14:39  원시위험:0
19:14:39  GPS유효:1
19:14:39  위도:37.496829
19:14:39  경도:126.957567
19:14:39  속도:0.32
19:14:39  방향:0.0
19:14:39  이동방향유효:0
19:14:39  GPS이동방향:111.8
19:14:39  차체방향유효:0
19:14:39  차체방향:315.0
19:14:39  후진판정:0
19:14:39  IMU요회전속도:0.00
19:14:39  방향가속도크기:9.66
19:14:39  방향자이로크기:1.05
19:14:39  방향자세cos:0.9994
19:14:39  자기모델잔차:0.75
19:14:39  자기모델반경:1.738
19:14:39  방향채택:9467
19:14:39  방향거부:90011
19:14:39  GPS원시속도:0.329
19:14:39  GPS원시방향유효:1
19:14:39  GPS원시방향:131.4
19:14:39  가속도:-0.31,0.17,9.66
19:14:39  자이로:1.0,0.1,-0.1
19:14:39  자력계:-3.600,-81.300,3.150
19:14:39  충격값:0.11
19:14:39  충격피크:0.16
19:14:39  마지막충격발생값:44.27
19:14:39  마지막충격발생ms:70226
19:14:39  송신:7594
19:14:39  지팡이수신:7411
19:14:39  GPS위성:5
19:14:39  GPS_HDOP:1.60
19:14:39  원시위도:37.496825
19:14:39  원시경도:126.957552
19:14:39  GPS채택:766
19:14:39  GPS이상치거부:115
19:14:39  GPS품질거부:359
19:14:39  GPS재기준:18
19:14:39  계산거리:30.78
19:14:39  접근속도:0.00
19:14:39  TTC:999.00
19:14:39  방향오차:117.1
19:14:39  전방여부:0
19:14:39  위험음성횟수:49
19:14:39  충격음성횟수:1
19:14:39  마지막위험음성:1
19:14:39  RSSI원시:-73
19:14:39  RSSI평활:-73.5
19:14:39  RSSI샘플:7411
19:14:39  RSSI경과ms:81
19:14:39  위험송신:7411
19:14:40  시각ms:790914
19:14:40  IMU시각ms:790914
19:14:40  위험:0
19:14:40  원시위험:0
19:14:40  GPS유효:1
19:14:40  위도:37.496828
19:14:40  경도:126.957563
19:14:40  속도:0.23
19:14:40  방향:0.0
19:14:40  이동방향유효:0
19:14:40  GPS이동방향:111.8
19:14:40  차체방향유효:0
19:14:40  차체방향:315.0
19:14:40  후진판정:0
19:14:40  IMU요회전속도:0.00
19:14:40  방향가속도크기:9.76
19:14:40  방향자이로크기:2.56
19:14:40  방향자세cos:0.9988
19:14:40  자기모델잔차:0.26
19:14:40  자기모델반경:1.773
19:14:40  방향채택:9467
19:14:40  방향거부:90176
19:14:40  GPS원시속도:0.165
19:14:40  GPS원시방향유효:1
19:14:40  GPS원시방향:131.4
19:14:40  가속도:-0.26,0.05,9.76
19:14:40  자이로:-1.1,0.1,-2.3
19:14:40  자력계:-4.500,-82.200,3.750
19:14:40  충격값:0.07
19:14:40  충격피크:0.23
19:14:40  마지막충격발생값:44.27
19:14:40  마지막충격발생ms:70226
19:14:40  송신:7607
19:14:40  지팡이수신:7424
19:14:40  GPS위성:5
19:14:40  GPS_HDOP:1.60
19:14:40  원시위도:37.496823
19:14:40  원시경도:126.957547
19:14:40  GPS채택:769
19:14:40  GPS이상치거부:115
19:14:40  GPS품질거부:359
19:14:40  GPS재기준:18
19:14:40  계산거리:30.59
19:14:40  접근속도:0.00
19:14:40  TTC:999.00
19:14:40  방향오차:115.9
19:14:40  전방여부:0
19:14:40  위험음성횟수:49
19:14:40  충격음성횟수:1
19:14:40  마지막위험음성:1
19:14:40  RSSI원시:-74
19:14:40  RSSI평활:-74.5
19:14:40  RSSI샘플:7424
19:14:40  RSSI경과ms:83
19:14:40  위험송신:7424
19:14:42  시각ms:792373
19:14:42  IMU시각ms:792372
19:14:42  위험:0
19:14:42  원시위험:0
19:14:42  GPS유효:1
19:14:42  위도:37.496827
19:14:42  경도:126.957560
19:14:42  속도:0.15
19:14:42  방향:0.0
19:14:42  이동방향유효:0
19:14:42  GPS이동방향:111.8
19:14:42  차체방향유효:0
19:14:42  차체방향:315.0
19:14:42  후진판정:0
19:14:42  IMU요회전속도:0.00
19:14:42  방향가속도크기:9.79
19:14:42  방향자이로크기:1.95
19:14:42  방향자세cos:0.9986
19:14:42  자기모델잔차:0.84
19:14:42  자기모델반경:1.767
19:14:42  방향채택:9467
19:14:42  방향거부:90358
19:14:42  GPS원시속도:0.113
19:14:42  GPS원시방향유효:1
19:14:42  GPS원시방향:131.4
19:14:42  가속도:-0.30,-0.00,9.79
19:14:42  자이로:1.3,0.1,-1.4
19:14:42  자력계:-4.650,-82.050,3.150
19:14:42  충격값:0.11
19:14:42  충격피크:0.17
19:14:42  마지막충격발생값:44.27
19:14:42  마지막충격발생ms:70226
19:14:42  송신:7621
19:14:42  지팡이수신:7436
19:14:42  GPS위성:5
19:14:42  GPS_HDOP:1.60
19:14:42  원시위도:37.496823
19:14:42  원시경도:126.957542
19:14:42  GPS채택:771
19:14:42  GPS이상치거부:115
19:14:42  GPS품질거부:359
19:14:42  GPS재기준:18
19:14:42  계산거리:31.82
19:14:42  접근속도:0.00
19:14:42  TTC:999.00
19:14:42  방향오차:115.1
19:14:42  전방여부:0
19:14:42  위험음성횟수:49
19:14:42  충격음성횟수:1
19:14:42  마지막위험음성:1
19:14:42  RSSI원시:-74
19:14:42  RSSI평활:-73.9
19:14:42  RSSI샘플:7436
19:14:42  RSSI경과ms:182
19:14:42  위험송신:7436
19:14:44  시각ms:795034
19:14:44  IMU시각ms:795011
19:14:44  위험:0
19:14:44  원시위험:0
19:14:44  GPS유효:1
19:14:44  위도:37.496824
19:14:44  경도:126.957551
19:14:44  속도:0.20
19:14:44  방향:0.0
19:14:44  이동방향유효:0
19:14:44  GPS이동방향:111.8
19:14:44  차체방향유효:0
19:14:44  차체방향:315.0
19:14:44  후진판정:0
19:14:44  IMU요회전속도:0.00
19:14:44  방향가속도크기:9.78
19:14:44  방향자이로크기:2.75
19:14:44  방향자세cos:0.9987
19:14:44  자기모델잔차:0.05
19:14:44  자기모델반경:1.761
19:14:44  방향채택:9467
19:14:44  방향거부:90675
19:14:44  GPS원시속도:0.211
19:14:44  GPS원시방향유효:1
19:14:44  GPS원시방향:131.4
19:14:44  가속도:-0.38,-0.00,9.77
19:14:44  자이로:2.1,-1.2,1.3
19:14:44  자력계:-5.400,-81.600,3.900
19:14:44  충격값:0.10
19:14:44  충격피크:0.13
19:14:44  마지막충격발생값:44.27
19:14:44  마지막충격발생ms:70226
19:14:44  송신:7646
19:14:44  지팡이수신:7462
19:14:44  GPS위성:5
19:14:44  GPS_HDOP:1.60
19:14:44  원시위도:37.496818
19:14:44  원시경도:126.957537
19:14:44  GPS채택:777
19:14:44  GPS이상치거부:115
19:14:44  GPS품질거부:359
19:14:44  GPS재기준:18
19:14:44  계산거리:33.22
19:14:44  접근속도:0.00
19:14:44  TTC:999.00
19:14:44  방향오차:114.4
19:14:44  전방여부:0
19:14:44  위험음성횟수:49
19:14:44  충격음성횟수:1
19:14:44  마지막위험음성:1
19:14:44  RSSI원시:-73
19:14:44  RSSI평활:-72.7
19:14:44  RSSI샘플:7462
19:14:44  RSSI경과ms:25
19:14:44  위험송신:7462
19:14:44  시각ms:795136
19:14:44  IMU시각ms:795113
19:14:44  위험:0
19:14:44  원시위험:0
19:14:44  GPS유효:1
19:14:44  위도:37.496824
19:14:44  경도:126.957551
19:14:44  속도:0.20
19:14:44  방향:0.0
19:14:44  이동방향유효:0
19:14:44  GPS이동방향:111.8
19:14:44  차체방향유효:0
19:14:44  차체방향:315.0
19:14:44  후진판정:0
19:14:44  IMU요회전속도:0.00
19:14:44  방향가속도크기:9.71
19:14:44  방향자이로크기:3.86
19:14:44  방향자세cos:0.9987
19:14:44  자기모델잔차:0.01
19:14:44  자기모델반경:1.786
19:14:44  방향채택:9467
19:14:44  방향거부:90686
19:14:44  GPS원시속도:0.211
19:14:44  GPS원시방향유효:1
19:14:44  GPS원시방향:131.4
19:14:44  가속도:-0.24,0.03,9.71
19:14:44  자이로:0.2,1.4,-3.6
19:14:44  자력계:-4.200,-82.650,4.050
19:14:44  충격값:0.08
19:14:44  충격피크:0.16
19:14:44  마지막충격발생값:44.27
19:14:44  마지막충격발생ms:70226
19:14:44  송신:7647
19:14:44  지팡이수신:7463
19:14:44  GPS위성:5
19:14:44  GPS_HDOP:1.60
19:14:44  원시위도:37.496818
19:14:44  원시경도:126.957537
19:14:44  GPS채택:777
19:14:44  GPS이상치거부:115
19:14:44  GPS품질거부:359
19:14:44  GPS재기준:18
19:14:44  계산거리:33.22
19:14:44  접근속도:0.00
19:14:44  TTC:999.00
19:14:44  방향오차:114.4
19:14:44  전방여부:0
19:14:44  위험음성횟수:49
19:14:44  충격음성횟수:1
19:14:44  마지막위험음성:1
19:14:44  RSSI원시:-73
19:14:44  RSSI평활:-72.7
19:14:44  RSSI샘플:7463
19:14:44  RSSI경과ms:23
19:14:44  위험송신:7463
19:14:45  시각ms:795662
19:14:45  IMU시각ms:795639
19:14:45  위험:0
19:14:45  원시위험:0
19:14:45  GPS유효:1
19:14:45  위도:37.496822
19:14:45  경도:126.957549
19:14:45  속도:0.22
19:14:45  방향:0.0
19:14:45  이동방향유효:0
19:14:45  GPS이동방향:111.8
19:14:45  차체방향유효:0
19:14:45  차체방향:315.0
19:14:45  후진판정:0
19:14:45  IMU요회전속도:0.00
19:14:45  방향가속도크기:9.68
19:14:45  방향자이로크기:1.41
19:14:45  방향자세cos:0.9988
19:14:45  자기모델잔차:1.51
19:14:45  자기모델반경:1.750
19:14:45  방향채택:9467
19:14:45  방향거부:90743
19:14:45  GPS원시속도:0.242
19:14:45  GPS원시방향유효:1
19:14:45  GPS원시방향:131.4
19:14:45  가속도:-0.31,0.03,9.68
19:14:45  자이로:-0.2,1.3,0.5
19:14:45  자력계:-5.850,-81.300,2.400
19:14:45  충격값:0.05
19:14:45  충격피크:0.18
19:14:45  마지막충격발생값:44.27
19:14:45  마지막충격발생ms:70226
19:14:45  송신:7652
19:14:45  지팡이수신:7468
19:14:45  GPS위성:5
19:14:45  GPS_HDOP:1.60
19:14:45  원시위도:37.496815
19:14:45  원시경도:126.957535
19:14:45  GPS채택:779
19:14:45  GPS이상치거부:115
19:14:45  GPS품질거부:359
19:14:45  GPS재기준:18
19:14:45  계산거리:33.22
19:14:45  접근속도:0.00
19:14:45  TTC:999.00
19:14:45  방향오차:114.2
19:14:45  전방여부:0
19:14:45  위험음성횟수:49
19:14:45  충격음성횟수:1
19:14:45  마지막위험음성:1
19:14:45  RSSI원시:-74
19:14:45  RSSI평활:-73.0
19:14:45  RSSI샘플:7468
19:14:45  RSSI경과ms:26
19:14:45  위험송신:7468
19:14:45  시각ms:795973
19:14:45  IMU시각ms:795950
19:14:45  위험:0
19:14:45  원시위험:0
19:14:45  GPS유효:1
19:14:45  위도:37.496822
19:14:45  경도:126.957549
19:14:45  속도:0.22
19:14:45  방향:0.0
19:14:45  이동방향유효:0
19:14:45  GPS이동방향:111.8
19:14:45  차체방향유효:0
19:14:45  차체방향:315.0
19:14:45  후진판정:0
19:14:45  IMU요회전속도:0.00
19:14:45  방향가속도크기:9.77
19:14:45  방향자이로크기:2.80
19:14:45  방향자세cos:0.9991
19:14:45  자기모델잔차:1.50
19:14:45  자기모델반경:1.775
19:14:45  방향채택:9467
19:14:45  방향거부:90775
19:14:45  GPS원시속도:0.242
19:14:45  GPS원시방향유효:1
19:14:45  GPS원시방향:131.4
19:14:45  가속도:-0.31,0.09,9.76
19:14:45  자이로:1.5,-1.1,-2.1
19:14:45  자력계:-3.300,-82.650,2.550
19:14:45  충격값:0.05
19:14:45  충격피크:0.24
19:14:45  마지막충격발생값:44.27
19:14:45  마지막충격발생ms:70226
19:14:45  송신:7655
19:14:45  지팡이수신:7471
19:14:45  GPS위성:5
19:14:45  GPS_HDOP:1.60
19:14:45  원시위도:37.496815
19:14:45  원시경도:126.957535
19:14:45  GPS채택:779
19:14:45  GPS이상치거부:115
19:14:45  GPS품질거부:359
19:14:45  GPS재기준:18
19:14:45  계산거리:33.22
19:14:45  접근속도:0.00
19:14:45  TTC:999.00
19:14:45  방향오차:114.2
19:14:45  전방여부:0
19:14:45  위험음성횟수:49
19:14:45  충격음성횟수:1
19:14:45  마지막위험음성:1
19:14:45  RSSI원시:-73
19:14:45  RSSI평활:-72.9
19:14:45  RSSI샘플:7471
19:14:45  RSSI경과ms:24
19:14:45  위험송신:7471
19:14:45  시각ms:796075
19:14:45  IMU시각ms:796052
19:14:45  위험:0
19:14:45  원시위험:0
19:14:45  GPS유효:1
19:14:45  위도:37.496822
19:14:45  경도:126.957549
19:14:45  속도:0.22
19:14:45  방향:0.0
19:14:45  이동방향유효:0
19:14:45  GPS이동방향:111.8
19:14:45  차체방향유효:0
19:14:45  차체방향:315.0
19:14:45  후진판정:0
19:14:45  IMU요회전속도:0.00
19:14:45  방향가속도크기:9.79
19:14:45  방향자이로크기:5.20
19:14:45  방향자세cos:0.9992
19:14:45  자기모델잔차:1.20
19:14:45  자기모델반경:1.741
19:14:45  방향채택:9467
19:14:45  방향거부:90786
19:14:45  GPS원시속도:0.242
19:14:45  GPS원시방향유효:1
19:14:45  GPS원시방향:131.4
19:14:45  가속도:-0.28,0.13,9.78
19:14:45  자이로:0.9,-2.8,4.3
19:14:45  자력계:-4.350,-81.300,2.700
19:14:45  충격값:0.10
19:14:45  충격피크:0.17
19:14:45  마지막충격발생값:44.27
19:14:45  마지막충격발생ms:70226
19:14:45  송신:7656
19:14:45  지팡이수신:7472
19:14:45  GPS위성:5
19:14:45  GPS_HDOP:1.60
19:14:45  원시위도:37.496815
19:14:45  원시경도:126.957535
19:14:45  GPS채택:779
19:14:45  GPS이상치거부:115
19:14:45  GPS품질거부:359
19:14:45  GPS재기준:18
19:14:45  계산거리:33.22
19:14:45  접근속도:0.00
19:14:45  TTC:999.00
19:14:45  방향오차:114.2
19:14:45  전방여부:0
19:14:45  위험음성횟수:49
19:14:45  충격음성횟수:1
19:14:45  마지막위험음성:1
19:14:45  RSSI원시:-73
19:14:45  RSSI평활:-72.9
19:14:45  RSSI샘플:7472
19:14:45  RSSI경과ms:23
19:14:45  위험송신:7472
19:14:47  시각ms:798060
19:14:47  IMU시각ms:798060
19:14:47  위험:0
19:14:47  원시위험:0
19:14:47  GPS유효:1
19:14:47  위도:37.496819
19:14:47  경도:126.957543
19:14:47  속도:0.11
19:14:47  방향:0.0
19:14:47  이동방향유효:0
19:14:47  GPS이동방향:111.8
19:14:47  차체방향유효:0
19:14:47  차체방향:315.0
19:14:47  후진판정:0
19:14:47  IMU요회전속도:0.00
19:14:47  방향가속도크기:9.80
19:14:47  방향자이로크기:3.86
19:14:47  방향자세cos:0.9987
19:14:47  자기모델잔차:0.82
19:14:47  자기모델반경:1.766
19:14:47  방향채택:9467
19:14:47  방향거부:91006
19:14:47  GPS원시속도:0.031
19:14:47  GPS원시방향유효:1
19:14:47  GPS원시방향:131.4
19:14:47  가속도:-0.24,0.02,9.80
19:14:47  자이로:-2.3,2.6,-1.6
19:14:47  자력계:-4.200,-81.900,4.800
19:14:47  충격값:0.10
19:14:47  충격피크:0.17
19:14:47  마지막충격발생값:44.27
19:14:47  마지막충격발생ms:70226
19:14:47  송신:7675
19:14:47  지팡이수신:7490
19:14:47  GPS위성:5
19:14:47  GPS_HDOP:1.60
19:14:47  원시위도:37.496810
19:14:47  원시경도:126.957528
19:14:47  GPS채택:783
19:14:47  GPS이상치거부:115
19:14:47  GPS품질거부:359
19:14:47  GPS재기준:18
19:14:47  계산거리:34.45
19:14:47  접근속도:0.00
19:14:47  TTC:999.00
19:14:47  방향오차:113.1
19:14:47  전방여부:0
19:14:47  위험음성횟수:49
19:14:47  충격음성횟수:1
19:14:47  마지막위험음성:1
19:14:47  RSSI원시:-73
19:14:47  RSSI평활:-72.3
19:14:47  RSSI샘플:7490
19:14:47  RSSI경과ms:27
19:14:47  위험송신:7490
