1787642934.673 RX :AB:D1:73:5C"}
1787642934.673 RX :AB:D1:73:5C"}
1787642934.674 RX :AB:D1:73:5C"}
1787642934.674 RX :AB:D1:73:5C"}
1787642934.675 RX :AB:D1:73:5C"}
1787642934.675 RX :AB:D1:73:5C"}
1787642934.675 RX :AB:D1:73:5C"}
1787642934.676 RX :AB:D1:73:5C"}
1787642934.676 RX :AB:D1:73:5C"}
1787642934.676 RX :AB:D1:73:5C"}
1787642934.677 RX :AB:D1:73:5C"}
1787642934.677 RX :AB:D1:73:5C"}
1787642934.677 RX :AB:D1:73:5C"}
1787642934.678 RX :AB:D1:73:5C"}
1787642934.678 RX :AB:D1:73:5C"}
1787642934.678 RX :AB:D1:73:5C"}
1787642934.679 RX :AB:D1:73:5C"}
1787642934.679 RX :AB:D1:73:5C"}
1787642934.679 RX :AB:D1:73:5C"}
1787642934.680 RX :AB:D1:73:5C"}
1787642934.680 RX :AB:D1:73:5C"}
1787642934.681 RX :AB:D1:73:5C"}
1787642934.681 RX :AB:D1:73:5C"}
1787642934.681 RX :AB:D1:73:5C"}
1787642934.682 RX :AB:D1:73:5C"}
1787642934.682 RX :AB:D1:73:5C"}
1787642934.683 RX :AB:D1:73:5C"}
1787642934.683 RX :AB:D1:73:5C"}
1787642934.683 RX :AB:D1:73:5C"}
1787642934.684 RX :AB:D1:73:5C"}
1787642934.684 RX :AB:D1:73:5C"}
1787642934.685 RX :AB:D1:73:5C"}
1787642934.685 RX :AB:D1:73:5C"}
1787642934.685 RX :AB:D1:73:5C"}
1787642934.686 RX :AB:D1:73:5C"}
1787642934.686 RX :AB:D1:73:5C"}
1787642934.686 RX :AB:D1:73:5C"}
1787642934.687 RX :AB:D1:73:5C"}
1787642934.687 RX :AB:D1:73:5C"}
1787642934.687 RX :AB:D1:73:5C"}
1787642934.688 RX :AB:D1:73:5C"}
1787642934.688 RX :AB:D1:73:5C"}
1787642934.689 RX :AB:D1:73:5C"}
1787642934.689 RX :AB:D1:73:5C"}
1787642934.689 RX :AB:D1:73:5C"}
1787642934.690 RX :AB:D1:73:5C"}
1787642934.690 RX :AB:D1:73:5C"}
1787642934.690 RX :AB:D1:73:5C"}
1787642934.691 RX :AB:D1:73:5C"}
1787642934.691 RX :AB:D1:73:5C"}
1787642934.691 RX ets Jul 29 2019 12:21:46
1787642934.692 RX rst:ets Jul 29 2019 12:21:46
1787642934.693 RX rst:ets Jul 29 2019 12:21:46
1787642934.693 RX rst:ets Jul 29 2019 12:21:46
1787642934.694 RX rst:ets Jul 29 2019 12:21:46
1787642934.694 RX rst:ets Jul 29 2019 12:21:46
1787642934.695 RX rst:ets Jul 29 2019 12:21:46
1787642934.696 RX rst:ets Jul 29 2019 12:21:46
1787642934.696 RX rst:ets Jul 29 2019 12:21:46
1787642934.697 RX rst:ets Jul 29 2019 12:21:46
1787642934.697 RX rst:ets Jul 29 2019 12:21:46
1787642934.698 RX rst:ets Jul 29 2019 12:21:46
1787642934.698 RX rst:ets Jul 29 2019 12:21:46
1787642934.699 RX rst:ets Jul 29 2019 12:21:46
1787642934.699 RX rst:ets Jul 29 2019 12:21:46
1787642934.701 RX rst:ets Jul 29 2019 12:21:46
1787642934.704 RX rst:ets Jul 29 2019 12:21:46
1787642934.705 RX rst:ets Jul 29 2019 12:21:46
1787642934.705 RX rst:ets Jul 29 2019 12:21:46
1787642934.706 RX rst:ets Jul 29 2019 12:21:46
1787642934.706 RX rst:ets Jul 29 2019 12:21:46
1787642934.706 RX rst:ets Jul 29 2019 12:21:46
1787642934.707 RX rst:ets Jul 29 2019 12:21:46
1787642934.707 RX rst:ets Jul 29 2019 12:21:46
1787642934.708 RX rst:ets Jul 29 2019 12:21:46
1787642934.708 RX rst:ets Jul 29 2019 12:21:46
1787642934.709 RX rst:ets Jul 29 2019 12:21:46
1787642934.709 RX rst:ets Jul 29 2019 12:21:46
1787642934.710 RX rst:ets Jul 29 2019 12:21:46
1787642934.710 RX rst:ets Jul 29 2019 12:21:46
1787642934.711 RX rst:ets Jul 29 2019 12:21:46
1787642934.711 RX rst:ets Jul 29 2019 12:21:46
1787642934.712 RX rst:ets Jul 29 2019 12:21:46
1787642934.713 RX rst:ets Jul 29 2019 12:21:46
1787642934.713 RX rst:ets Jul 29 2019 12:21:46
1787642934.714 RX rst:ets Jul 29 2019 12:21:46
1787642934.714 RX rst:ets Jul 29 2019 12:21:46
1787642934.715 RX rst:ets Jul 29 2019 12:21:46
1787642934.715 RX rst:ets Jul 29 2019 12:21:46
1787642934.716 RX rst:ets Jul 29 2019 12:21:46
1787642934.716 RX rst:ets Jul 29 2019 12:21:46
1787642934.717 RX rst:ets Jul 29 2019 12:21:46
1787642934.718 RX rst:ets Jul 29 2019 12:21:46
1787642934.718 RX rst:ets Jul 29 2019 12:21:46
1787642934.719 RX rst:ets Jul 29 2019 12:21:46
1787642934.719 RX rst:ets Jul 29 2019 12:21:46
1787642934.720 RX rst:ets Jul 29 2019 12:21:46
1787642934.720 RX rst:ets Jul 29 2019 12:21:46
1787642934.721 RX rst:ets Jul 29 2019 12:21:46
1787642934.721 RX rst:ets Jul 29 2019 12:21:46
1787642934.721 RX rst:ets Jul 29 2019 12:21:46
1787642934.722 RX rst:ets Jul 29 2019 12:21:46
1787642934.722 RX rst:ets Jul 29 2019 12:21:46
1787642934.723 RX rst:ets Jul 29 2019 12:21:46
1787642934.723 RX rst:ets Jul 29 2019 12:21:46
1787642934.724 RX rst:ets Jul 29 2019 12:21:46
1787642934.724 RX rst:ets Jul 29 2019 12:21:46
1787642934.725 RX rst:ets Jul 29 2019 12:21:46
1787642934.725 RX rst:ets Jul 29 2019 12:21:46
1787642934.726 RX rst:ets Jul 29 2019 12:21:46
1787642934.726 RX rst:ets Jul 29 2019 12:21:46
1787642934.727 RX rst:ets Jul 29 2019 12:21:46
1787642934.727 RX rst:ets Jul 29 2019 12:21:46
1787642934.727 RX rst:ets Jul 29 2019 12:21:46
1787642934.728 RX rst:ets Jul 29 2019 12:21:46
1787642934.728 RX rst:ets Jul 29 2019 12:21:46
1787642934.729 RX rst:ets Jul 29 2019 12:21:46
1787642934.729 RX rst:ets Jul 29 2019 12:21:46
1787642934.730 RX rst:ets Jul 29 2019 12:21:46
1787642934.730 RX rst:ets Jul 29 2019 12:21:46
1787642934.730 RX rst:ets Jul 29 2019 12:21:46
1787642934.731 RX rst:0x1 (POWERON_RESET),boot:0x13 (SPI_FAST_FLASH_BOOT)
1787642934.731 RX configsip: 0, SPIWP:0xee
1787642934.732 RX clk_drv:0x00,q_drv:0x00,d_drv:0x00,cs0_drv:0x00,hd_drv:0x00,wp_drv:0x00
1787642934.733 RX mode:DIO, clock div:1
1787642934.733 RX load:0x3fff0030,len:4876
1787642934.733 RX ho 0 tail 12 room 4
1787642934.734 RX load:0x40078000,len:16532
1787642934.734 RX load:0x40080400,len:3500
1787642934.734 RX entry 0x400805b4
1787642935.709 RX {"type":"bridge_boot","node_id":4125657604,"channel":6,"version":3,"wdt_ms":10000}
1787642935.767 RX {"type":"cane","node_id":4125577512,"seq":13521,"gps_valid":0,"heading_valid":0,"lat":0.000000,"lng":0.000000,"speed_mps":0.000,"heading_deg":0.00,"node_risk":0,"tx_ms":1461191,"rx_ms":787,"recv_count":1,"lost_count":0,"rssi":-42,"rssi_dist":-1.00,"src_mac":"30:76:F5:E7:51:28"}
1787642935.792 RX {"type":"vehicle","node_id":2882630492,"seq":13876,"gps_valid":1,"heading_valid":1,"lat":37.497353,"lng":126.958557,"speed_mps":0.539,"heading_deg":113.17,"node_risk":0,"tx_ms":1465486,"rx_ms":787,"recv_count":1,"lost_count":0,"rssi":-69,"rssi_dist":4.92,"src_mac":"1C:C3:AB:D1:73:5C"}
1787642935.808 RX {"type":"uwb","node_id":2882630492,"seq":7064,"uwb_dist":4.915,"uwb_raw":4.910,"uwb_closing":0.013,"uwb_calib":1,"gps_valid":0,"tx_ms":1465524,"rx_ms":818,"rssi":-69,"src_mac":"1C:C3:AB:D1:73:5C"}
1787642935.873 RX {"type":"cane","node_id":4125577512,"seq":13522,"gps_valid":0,"heading_valid":0,"lat":0.000000,"lng":0.000000,"speed_mps":0.000,"heading_deg":0.00,"node_risk":0,"tx_ms":1461298,"rx_ms":891,"recv_count":2,"lost_count":0,"rssi":-42,"rssi_dist":-1.00,"src_mac":"30:76:F5:E7:51:28"}
1787642935.873 TX {"target_id":0,"risk":0}
1787642935.897 RX {"type":"vehicle","node_id":2882630492,"seq":13877,"gps_valid":1,"heading_valid":1,"lat":37.497353,"lng":126.958557,"speed_mps":0.539,"heading_deg":113.17,"node_risk":0,"tx_ms":1465592,"rx_ms":892,"recv_count":2,"lost_count":0,"rssi":-68,"rssi_dist":4.92,"src_mac":"1C:C3:AB:D1:73:5C"}
1787642935.968 RX {"type":"vehicle","node_id":2882630492,"seq":13878,"gps_valid":1,"heading_valid":1,"lat":37.497353,"lng":126.958557,"speed_mps":0.539,"heading_deg":113.17,"node_risk":0,"tx_ms":1465693,"rx_ms":988,"recv_count":3,"lost_count":0,"rssi":-69,"rssi_dist":4.92,"src_mac":"1C:C3:AB:D1:73:5C"}
1787642935.993 RX {"type":"cane","node_id":4125577512,"seq":13523,"gps_valid":0,"heading_valid":0,"lat":0.000000,"lng":0.000000,"speed_mps":0.000,"heading_deg":0.00,"node_risk":0,"tx_ms":1461406,"rx_ms":1000,"recv_count":3,"lost_count":0,"rssi":-38,"rssi_dist":-1.00,"src_mac":"30:76:F5:E7:51:28"}
1787642936.009 RX {"type":"uwb","node_id":2882630492,"seq":7065,"uwb_dist":4.913,"uwb_raw":4.910,"uwb_closing":0.012,"uwb_calib":1,"gps_valid":0,"tx_ms":1465717,"rx_ms":1021,"rssi":-70,"src_mac":"1C:C3:AB:D1:73:5C"}
1787642936.075 RX {"type":"vehicle","node_id":2882630492,"seq":13879,"gps_valid":1,"heading_valid":1,"lat":37.497353,"lng":126.958557,"speed_mps":0.539,"heading_deg":113.17,"node_risk":0,"tx_ms":1465800,"rx_ms":1095,"recv_count":4,"lost_count":0,"rssi":-69,"rssi_dist":4.91,"src_mac":"1C:C3:AB:D1:73:5C"}
1787642936.076 TX {"target_id":0,"risk":0}
1787642936.099 RX {"type":"cane","node_id":4125577512,"seq":13524,"gps_valid":0,"heading_valid":0,"lat":0.000000,"lng":0.000000,"speed_mps":0.000,"heading_deg":0.00,"node_risk":0,"tx_ms":1461512,"rx_ms":1108,"recv_count":4,"lost_count":0,"rssi":-42,"rssi_dist":-1.00,"src_mac":"30:76:F5:E7:51:28"}
1787642936.180 RX {"type":"vehicle","node_id":2882630492,"seq":13880,"gps_valid":1,"heading_valid":1,"lat":37.497353,"lng":126.958557,"speed_mps":0.539,"heading_deg":113.17,"node_risk":0,"tx_ms":1465904,"rx_ms":1198,"recv_count":5,"lost_count":0,"rssi":-70,"rssi_dist":4.91,"src_mac":"1C:C3:AB:D1:73:5C"}
1787642936.205 RX {"type":"cane","node_id":4125577512,"seq":13525,"gps_valid":0,"heading_valid":0,"lat":0.000000,"lng":0.000000,"speed_mps":0.000,"heading_deg":0.00,"node_risk":0,"tx_ms":1461619,"rx_ms":1211,"recv_count":5,"lost_count":0,"rssi":-39,"rssi_dist":-1.00,"src_mac":"30:76:F5:E7:51:28"}
1787642936.221 RX {"type":"uwb","node_id":2882630492,"seq":7066,"uwb_dist":4.912,"uwb_raw":4.920,"uwb_closing":0.010,"uwb_calib":1,"gps_valid":0,"tx_ms":1465917,"rx_ms":1212,"rssi":-69,"src_mac":"1C:C3:AB:D1:73:5C"}
1787642936.281 RX {"type":"vehicle","node_id":2882630492,"seq":13881,"gps_valid":1,"heading_valid":1,"lat":37.497349,"lng":126.958542,"speed_mps":0.614,"heading_deg":113.17,"node_risk":0,"tx_ms":1466005,"rx_ms":1299,"recv_count":6,"lost_count":0,"rssi":-70,"rssi_dist":4.91,"src_mac":"1C:C3:AB:D1:73:5C"}
1787642936.281 TX {"target_id":0,"risk":0}
1787642936.314 RX {"type":"cane","node_id":4125577512,"seq":13526,"gps_valid":0,"heading_valid":0,"lat":0.000000,"lng":0.000000,"speed_mps":0.000,"heading_deg":0.00,"node_risk":0,"tx_ms":1461726,"rx_ms":1334,"recv_count":6,"lost_count":0,"rssi":-38,"rssi_dist":-1.00,"src_mac":"30:76:F5:E7:51:28"}
1787642936.385 RX {"type":"vehicle","node_id":2882630492,"seq":13882,"gps_valid":1,"heading_valid":1,"lat":37.497345,"lng":126.958542,"speed_mps":0.614,"heading_deg":113.17,"node_risk":0,"tx_ms":1466109,"rx_ms":1403,"recv_count":7,"lost_count":0,"rssi":-69,"rssi_dist":4.91,"src_mac":"1C:C3:AB:D1:73:5C"}
1787642936.404 RX {"type":"uwb","node_id":2882630492,"seq":7067,"uwb_dist":4.911,"uwb_raw":4.880,"uwb_closing":0.008,"uwb_calib":1,"gps_valid":0,"tx_ms":1466120,"rx_ms":1414,"rssi":-69,"src_mac":"1C:C3:AB:D1:73:5C"}
1787642936.426 RX {"type":"cane","node_id":4125577512,"seq":13527,"gps_valid":0,"heading_valid":0,"lat":0.000000,"lng":0.000000,"speed_mps":0.000,"heading_deg":0.00,"node_risk":0,"tx_ms":1461833,"rx_ms":1440,"recv_count":7,"lost_count":0,"rssi":-39,"rssi_dist":-1.00,"src_mac":"30:76:F5:E7:51:28"}
1787642936.492 RX {"type":"vehicle","node_id":2882630492,"seq":13883,"gps_valid":1,"heading_valid":1,"lat":37.497345,"lng":126.958542,"speed_mps":0.614,"heading_deg":113.17,"node_risk":0,"tx_ms":1466216,"rx_ms":1511,"recv_count":8,"lost_count":0,"rssi":-69,"rssi_dist":4.91,"src_mac":"1C:C3:AB:D1:73:5C"}
1787642936.492 TX {"target_id":0,"risk":0}
1787642936.521 RX {"type":"cane","node_id":4125577512,"seq":13528,"gps_valid":0,"heading_valid":0,"lat":0.000000,"lng":0.000000,"speed_mps":0.000,"heading_deg":0.00,"node_risk":0,"tx_ms":1461940,"rx_ms":1541,"recv_count":8,"lost_count":0,"rssi":-39,"rssi_dist":-1.00,"src_mac":"30:76:F5:E7:51:28"}
1787642936.599 RX {"type":"vehicle","node_id":2882630492,"seq":13884,"gps_valid":1,"heading_valid":1,"lat":37.497345,"lng":126.958542,"speed_mps":0.614,"heading_deg":113.17,"node_risk":0,"tx_ms":1466323,"rx_ms":1618,"recv_count":9,"lost_count":0,"rssi":-69,"rssi_dist":4.91,"src_mac":"1C:C3:AB:D1:73:5C"}
1787642936.623 RX {"type":"cane","node_id":4125577512,"seq":13529,"gps_valid":0,"heading_valid":0,"lat":0.000000,"lng":0.000000,"speed_mps":0.000,"heading_deg":0.00,"node_risk":0,"tx_ms":1462047,"rx_ms":1639,"recv_count":9,"lost_count":0,"rssi":-42,"rssi_dist":-1.00,"src_mac":"30:76:F5:E7:51:28"}
1787642936.640 RX {"type":"uwb","node_id":2882630492,"seq":7068,"uwb_dist":4.911,"uwb_raw":4.930,"uwb_closing":0.006,"uwb_calib":1,"gps_valid":0,"tx_ms":1466349,"rx_ms":1643,"rssi":-69,"src_mac":"1C:C3:AB:D1:73:5C"}
1787642936.702 RX {"type":"vehicle","node_id":2882630492,"seq":13885,"gps_valid":1,"heading_valid":1,"lat":37.497345,"lng":126.958542,"speed_mps":0.614,"heading_deg":113.17,"node_risk":0,"tx_ms":1466427,"rx_ms":1721,"recv_count":10,"lost_count":0,"rssi":-68,"rssi_dist":4.91,"src_mac":"1C:C3:AB:D1:73:5C"}
1787642936.702 TX {"target_id":0,"risk":0}
1787642936.727 RX {"type":"cane","node_id":4125577512,"seq":13530,"gps_valid":0,"heading_valid":0,"lat":0.000000,"lng":0.000000,"speed_mps":0.000,"heading_deg":0.00,"node_risk":0,"tx_ms":1462154,"rx_ms":1747,"recv_count":10,"lost_count":0,"rssi":-42,"rssi_dist":-1.00,"src_mac":"30:76:F5:E7:51:28"}
1787642936.789 RX {"type":"uwb","node_id":2882630492,"seq":7069,"uwb_dist":4.914,"uwb_raw":4.920,"uwb_closing":-0.001,"uwb_calib":1,"gps_valid":0,"tx_ms":1466517,"rx_ms":1815,"rssi":-68,"src_mac":"1C:C3:AB:D1:73:5C"}
1787642936.813 RX {"type":"vehicle","node_id":2882630492,"seq":13886,"gps_valid":1,"heading_valid":1,"lat":37.497345,"lng":126.958542,"speed_mps":0.614,"heading_deg":113.17,"node_risk":0,"tx_ms":1466533,"rx_ms":1827,"recv_count":11,"lost_count":0,"rssi":-68,"rssi_dist":4.91,"src_mac":"1C:C3:AB:D1:73:5C"}
1787642936.847 RX {"type":"cane","node_id":4125577512,"seq":13531,"gps_valid":0,"heading_valid":0,"lat":0.000000,"lng":0.000000,"speed_mps":0.000,"heading_deg":0.00,"node_risk":0,"tx_ms":1462261,"rx_ms":1867,"recv_count":11,"lost_count":0,"rssi":-42,"rssi_dist":-1.00,"src_mac":"30:76:F5:E7:51:28"}
1787642936.910 RX {"type":"vehicle","node_id":2882630492,"seq":13887,"gps_valid":1,"heading_valid":1,"lat":37.497345,"lng":126.958542,"speed_mps":0.614,"heading_deg":113.17,"node_risk":0,"tx_ms":1466635,"rx_ms":1930,"recv_count":12,"lost_count":0,"rssi":-68,"rssi_dist":4.91,"src_mac":"1C:C3:AB:D1:73:5C"}
1787642936.910 TX {"target_id":0,"risk":0}
1787642936.959 RX {"type":"cane","node_id":4125577512,"seq":13532,"gps_valid":0,"heading_valid":0,"lat":0.000000,"lng":0.000000,"speed_mps":0.000,"heading_deg":0.00,"node_risk":0,"tx_ms":1462368,"rx_ms":1979,"recv_count":12,"lost_count":0,"rssi":-42,"rssi_dist":-1.00,"src_mac":"30:76:F5:E7:51:28"}
1787642936.990 RX {"type":"uwb","node_id":2882630492,"seq":7070,"uwb_dist":4.916,"uwb_raw":4.900,"uwb_closing":-0.004,"uwb_calib":1,"gps_valid":0,"tx_ms":1466723,"rx_ms":2017,"rssi":-68,"src_mac":"1C:C3:AB:D1:73:5C"}
1787642937.019 RX {"type":"vehicle","node_id":2882630492,"seq":13888,"gps_valid":1,"heading_valid":1,"lat":37.497345,"lng":126.958542,"speed_mps":0.614,"heading_deg":113.17,"node_risk":0,"tx_ms":1466741,"rx_ms":2038,"recv_count":13,"lost_count":0,"rssi":-68,"rssi_dist":4.92,"src_mac":"1C:C3:AB:D1:73:5C"}
1787642937.050 RX {"type":"cane","node_id":4125577512,"seq":13533,"gps_valid":0,"heading_valid":0,"lat":0.000000,"lng":0.000000,"speed_mps":0.000,"heading_deg":0.00,"node_risk":0,"tx_ms":1462475,"rx_ms":2069,"recv_count":13,"lost_count":0,"rssi":-42,"rssi_dist":-1.00,"src_mac":"30:76:F5:E7:51:28"}
1787642937.121 RX {"type":"vehicle","node_id":2882630492,"seq":13889,"gps_valid":1,"heading_valid":1,"lat":37.497345,"lng":126.958542,"speed_mps":0.614,"heading_deg":113.17,"node_risk":0,"tx_ms":1466843,"rx_ms":2141,"recv_count":14,"lost_count":0,"rssi":-69,"rssi_dist":4.92,"src_mac":"1C:C3:AB:D1:73:5C"}
1787642937.121 TX {"target_id":0,"risk":0}
1787642937.154 RX {"type":"cane","node_id":4125577512,"seq":13534,"gps_valid":0,"heading_valid":0,"lat":0.000000,"lng":0.000000,"speed_mps":0.000,"heading_deg":0.00,"node_risk":0,"tx_ms":1462582,"rx_ms":2174,"recv_count":14,"lost_count":0,"rssi":-42,"rssi_dist":-1.00,"src_mac":"30:76:F5:E7:51:28"}
1787642937.185 RX {"type":"uwb","node_id":2882630492,"seq":7071,"uwb_dist":4.918,"uwb_raw":4.930,"uwb_closing":-0.005,"uwb_calib":1,"gps_valid":0,"tx_ms":1466917,"rx_ms":2212,"rssi":-68,"src_mac":"1C:C3:AB:D1:73:5C"}
1787642937.228 RX {"type":"vehicle","node_id":2882630492,"seq":13890,"gps_valid":1,"heading_valid":1,"lat":37.497334,"lng":126.958527,"speed_mps":0.842,"heading_deg":113.17,"node_risk":0,"tx_ms":1466945,"rx_ms":2247,"recv_count":15,"lost_count":0,"rssi":-69,"rssi_dist":4.92,"src_mac":"1C:C3:AB:D1:73:5C"}
1787642937.263 RX {"type":"cane","node_id":4125577512,"seq":13535,"gps_valid":0,"heading_valid":0,"lat":0.000000,"lng":0.000000,"speed_mps":0.000,"heading_deg":0.00,"node_risk":0,"tx_ms":1462689,"rx_ms":2283,"recv_count":15,"lost_count":0,"rssi":-42,"rssi_dist":-1.00,"src_mac":"30:76:F5:E7:51:28"}
1787642937.336 RX {"type":"vehicle","node_id":2882630492,"seq":13891,"gps_valid":1,"heading_valid":1,"lat":37.497334,"lng":126.958527,"speed_mps":0.842,"heading_deg":113.17,"node_risk":0,"tx_ms":1467049,"rx_ms":2355,"recv_count":16,"lost_count":0,"rssi":-69,"rssi_dist":4.92,"src_mac":"1C:C3:AB:D1:73:5C"}
1787642937.336 TX {"target_id":0,"risk":0}
1787642937.371 RX {"type":"cane","node_id":4125577512,"seq":13536,"gps_valid":0,"heading_valid":0,"lat":0.000000,"lng":0.000000,"speed_mps":0.000,"heading_deg":0.00,"node_risk":0,"tx_ms":1462796,"rx_ms":2391,"recv_count":16,"lost_count":0,"rssi":-38,"rssi_dist":-1.00,"src_mac":"30:76:F5:E7:51:28"}
1787642937.390 RX {"type":"uwb","node_id":2882630492,"seq":7072,"uwb_dist":4.922,"uwb_raw":4.930,"uwb_closing":-0.010,"uwb_calib":1,"gps_valid":0,"tx_ms":1467122,"rx_ms":2416,"rssi":-69,"src_mac":"1C:C3:AB:D1:73:5C"}
1787642937.441 RX {"type":"vehicle","node_id":2882630492,"seq":13892,"gps_valid":1,"heading_valid":1,"lat":37.497334,"lng":126.958527,"speed_mps":0.842,"heading_deg":113.17,"node_risk":0,"tx_ms":1467157,"rx_ms":2459,"recv_count":17,"lost_count":0,"rssi":-68,"rssi_dist":4.92,"src_mac":"1C:C3:AB:D1:73:5C"}
1787642937.492 RX {"type":"cane","node_id":4125577512,"seq":13537,"gps_valid":0,"heading_valid":0,"lat":0.000000,"lng":0.000000,"speed_mps":0.000,"heading_deg":0.00,"node_risk":0,"tx_ms":1462903,"rx_ms":2512,"recv_count":17,"lost_count":0,"rssi":-38,"rssi_dist":-1.00,"src_mac":"30:76:F5:E7:51:28"}
1787642937.547 RX {"type":"vehicle","node_id":2882630492,"seq":13893,"gps_valid":1,"heading_valid":1,"lat":37.497334,"lng":126.958527,"speed_mps":0.842,"heading_deg":113.17,"node_risk":0,"tx_ms":1467262,"rx_ms":2566,"recv_count":18,"lost_count":0,"rssi":-69,"rssi_dist":4.92,"src_mac":"1C:C3:AB:D1:73:5C"}
1787642937.547 TX {"target_id":0,"risk":0}
1787642937.585 RX {"type":"cane","node_id":4125577512,"seq":13538,"gps_valid":0,"heading_valid":0,"lat":0.000000,"lng":0.000000,"speed_mps":0.000,"heading_deg":0.00,"node_risk":0,"tx_ms":1463010,"rx_ms":2603,"recv_count":18,"lost_count":0,"rssi":-41,"rssi_dist":-1.00,"src_mac":"30:76:F5:E7:51:28"}
1787642937.601 RX {"type":"uwb","node_id":2882630492,"seq":7073,"uwb_dist":4.921,"uwb_raw":4.920,"uwb_closing":-0.006,"uwb_calib":1,"gps_valid":0,"tx_ms":1467317,"rx_ms":2615,"rssi":-68,"src_mac":"1C:C3:AB:D1:73:5C"}
1787642937.648 RX {"type":"vehicle","node_id":2882630492,"seq":13894,"gps_valid":1,"heading_valid":1,"lat":37.497334,"lng":126.958527,"speed_mps":0.842,"heading_deg":113.17,"node_risk":0,"tx_ms":1467365,"rx_ms":2666,"recv_count":19,"lost_count":0,"rssi":-69,"rssi_dist":4.92,"src_mac":"1C:C3:AB:D1:73:5C"}
1787642937.701 RX {"type":"cane","node_id":4125577512,"seq":13539,"gps_valid":0,"heading_valid":0,"lat":0.000000,"lng":0.000000,"speed_mps":0.000,"heading_deg":0.00,"node_risk":0,"tx_ms":1463117,"rx_ms":2721,"recv_count":19,"lost_count":0,"rssi":-42,"rssi_dist":-1.00,"src_mac":"30:76:F5:E7:51:28"}
1787642937.748 RX {"type":"vehicle","node_id":2882630492,"seq":13895,"gps_valid":1,"heading_valid":1,"lat":37.497334,"lng":126.958527,"speed_mps":0.842,"heading_deg":113.17,"node_risk":0,"tx_ms":1467468,"rx_ms":2767,"recv_count":20,"lost_count":0,"rssi":-69,"rssi_dist":4.92,"src_mac":"1C:C3:AB:D1:73:5C"}
1787642937.748 TX {"target_id":0,"risk":0}
1787642937.794 RX {"type":"uwb","node_id":2882630492,"seq":7074,"uwb_dist":4.921,"uwb_raw":4.900,"uwb_closing":-0.003,"uwb_calib":1,"gps_valid":0,"tx_ms":1467523,"rx_ms":2818,"rssi":-69,"src_mac":"1C:C3:AB:D1:73:5C"}
1787642937.816 RX {"type":"cane","node_id":4125577512,"seq":13540,"gps_valid":0,"heading_valid":0,"lat":0.000000,"lng":0.000000,"speed_mps":0.000,"heading_deg":0.00,"node_risk":0,"tx_ms":1463224,"rx_ms":2819,"recv_count":20,"lost_count":0,"rssi":-39,"rssi_dist":-1.00,"src_mac":"30:76:F5:E7:51:28"}
1787642937.853 RX {"type":"vehicle","node_id":2882630492,"seq":13896,"gps_valid":1,"heading_valid":1,"lat":37.497334,"lng":126.958527,"speed_mps":0.842,"heading_deg":113.17,"node_risk":0,"tx_ms":1467574,"rx_ms":2873,"recv_count":21,"lost_count":0,"rssi":-69,"rssi_dist":4.92,"src_mac":"1C:C3:AB:D1:73:5C"}
1787642937.912 RX {"type":"cane","node_id":4125577512,"seq":13541,"gps_valid":0,"heading_valid":0,"lat":0.000000,"lng":0.000000,"speed_mps":0.000,"heading_deg":0.00,"node_risk":0,"tx_ms":1463331,"rx_ms":2932,"recv_count":21,"lost_count":0,"rssi":-42,"rssi_dist":-1.00,"src_mac":"30:76:F5:E7:51:28"}
1787642937.957 RX {"type":"vehicle","node_id":2882630492,"seq":13897,"gps_valid":1,"heading_valid":1,"lat":37.497330,"lng":126.958527,"speed_mps":0.842,"heading_deg":113.17,"node_risk":0,"tx_ms":1467677,"rx_ms":2976,"recv_count":22,"lost_count":0,"rssi":-69,"rssi_dist":4.92,"src_mac":"1C:C3:AB:D1:73:5C"}
1787642937.957 TX {"target_id":0,"risk":0}
1787642937.993 RX {"type":"uwb","node_id":2882630492,"seq":7075,"uwb_dist":4.921,"uwb_raw":4.920,"uwb_closing":-0.002,"uwb_calib":1,"gps_valid":0,"tx_ms":1467723,"rx_ms":3017,"rssi":-69,"src_mac":"1C:C3:AB:D1:73:5C"}
1787642938.015 RX {"type":"cane","node_id":4125577512,"seq":13542,"gps_valid":0,"heading_valid":0,"lat":0.000000,"lng":0.000000,"speed_mps":0.000,"heading_deg":0.00,"node_risk":0,"tx_ms":1463438,"rx_ms":3032,"recv_count":22,"lost_count":0,"rssi":-42,"rssi_dist":-1.00,"src_mac":"30:76:F5:E7:51:28"}
1787642938.064 RX {"type":"vehicle","node_id":2882630492,"seq":13898,"gps_valid":1,"heading_valid":1,"lat":37.497330,"lng":126.958527,"speed_mps":0.842,"heading_deg":113.17,"node_risk":0,"tx_ms":1467784,"rx_ms":3083,"recv_count":23,"lost_count":0,"rssi":-69,"rssi_dist":4.92,"src_mac":"1C:C3:AB:D1:73:5C"}
1787642938.115 RX {"type":"cane","node_id":4125577512,"seq":13543,"gps_valid":0,"heading_valid":0,"lat":0.000000,"lng":0.000000,"speed_mps":0.000,"heading_deg":0.00,"node_risk":0,"tx_ms":1463545,"rx_ms":3135,"recv_count":23,"lost_count":0,"rssi":-39,"rssi_dist":-1.00,"src_mac":"30:76:F5:E7:51:28"}
1787642938.190 RX {"type":"uwb","node_id":2882630492,"seq":7076,"uwb_dist":4.920,"uwb_raw":4.920,"uwb_closing":-0.001,"uwb_calib":1,"gps_valid":0,"tx_ms":1467923,"rx_ms":3218,"rssi":-69,"src_mac":"1C:C3:AB:D1:73:5C"}
1787642938.222 RX {"type":"cane","node_id":4125577512,"seq":13544,"gps_valid":0,"heading_valid":0,"lat":0.000000,"lng":0.000000,"speed_mps":0.000,"heading_deg":0.00,"node_risk":0,"tx_ms":1463652,"rx_ms":3242,"recv_count":24,"lost_count":0,"rssi":-38,"rssi_dist":-1.00,"src_mac":"30:76:F5:E7:51:28"}
1787642938.223 TX {"target_id":0,"risk":0}
1787642938.275 RX {"type":"vehicle","node_id":2882630492,"seq":13900,"gps_valid":1,"heading_valid":1,"lat":37.497322,"lng":126.958519,"speed_mps":0.900,"heading_deg":113.17,"node_risk":0,"tx_ms":1467995,"rx_ms":3293,"recv_count":24,"lost_count":1,"rssi":-69,"rssi_dist":4.92,"src_mac":"1C:C3:AB:D1:73:5C"}
1787642938.338 RX {"type":"cane","node_id":4125577512,"seq":13545,"gps_valid":0,"heading_valid":0,"lat":0.000000,"lng":0.000000,"speed_mps":0.000,"heading_deg":0.00,"node_risk":0,"tx_ms":1463759,"rx_ms":3358,"recv_count":25,"lost_count":0,"rssi":-42,"rssi_dist":-1.00,"src_mac":"30:76:F5:E7:51:28"}
1787642938.381 RX {"type":"vehicle","node_id":2882630492,"seq":13901,"gps_valid":1,"heading_valid":1,"lat":37.497322,"lng":126.958519,"speed_mps":0.900,"heading_deg":113.17,"node_risk":0,"tx_ms":1468099,"rx_ms":3397,"recv_count":25,"lost_count":1,"rssi":-69,"rssi_dist":4.92,"src_mac":"1C:C3:AB:D1:73:5C"}
1787642938.396 RX {"type":"uwb","node_id":2882630492,"seq":7077,"uwb_dist":4.920,"uwb_raw":4.930,"uwb_closing":-0.001,"uwb_calib":1,"gps_valid":0,"tx_ms":1468120,"rx_ms":3414,"rssi":-69,"src_mac":"1C:C3:AB:D1:73:5C"}
1787642938.439 RX {"type":"cane","node_id":4125577512,"seq":13546,"gps_valid":0,"heading_valid":0,"lat":0.000000,"lng":0.000000,"speed_mps":0.000,"heading_deg":0.00,"node_risk":0,"tx_ms":1463866,"rx_ms":3458,"recv_count":26,"lost_count":0,"rssi":-42,"rssi_dist":-1.00,"src_mac":"30:76:F5:E7:51:28"}
1787642938.440 TX {"target_id":0,"risk":0}
1787642938.487 RX {"type":"vehicle","node_id":2882630492,"seq":13902,"gps_valid":1,"heading_valid":1,"lat":37.497322,"lng":126.958519,"speed_mps":0.900,"heading_deg":113.17,"node_risk":0,"tx_ms":1468206,"rx_ms":3505,"recv_count":26,"lost_count":1,"rssi":-70,"rssi_dist":4.92,"src_mac":"1C:C3:AB:D1:73:5C"}
1787642938.547 RX {"type":"cane","node_id":4125577512,"seq":13547,"gps_valid":0,"heading_valid":0,"lat":0.000000,"lng":0.000000,"speed_mps":0.000,"heading_deg":0.00,"node_risk":0,"tx_ms":1463973,"rx_ms":3567,"recv_count":27,"lost_count":0,"rssi":-42,"rssi_dist":-1.00,"src_mac":"30:76:F5:E7:51:28"}
1787642938.592 RX {"type":"vehicle","node_id":2882630492,"seq":13903,"gps_valid":1,"heading_valid":1,"lat":37.497322,"lng":126.958527,"speed_mps":0.900,"heading_deg":113.17,"node_risk":0,"tx_ms":1468310,"rx_ms":3608,"recv_count":27,"lost_count":1,"rssi":-70,"rssi_dist":4.92,"src_mac":"1C:C3:AB:D1:73:5C"}
1787642938.607 RX {"type":"uwb","node_id":2882630492,"seq":7078,"uwb_dist":4.920,"uwb_raw":4.900,"uwb_closing":-0.000,"uwb_calib":1,"gps_valid":0,"tx_ms":1468322,"rx_ms":3616,"rssi":-70,"src_mac":"1C:C3:AB:D1:73:5C"}
1787642938.652 RX {"type":"cane","node_id":4125577512,"seq":13548,"gps_valid":0,"heading_valid":0,"lat":0.000000,"lng":0.000000,"speed_mps":0.000,"heading_deg":0.00,"node_risk":0,"tx_ms":1464080,"rx_ms":3673,"recv_count":28,"lost_count":0,"rssi":-42,"rssi_dist":-1.00,"src_mac":"30:76:F5:E7:51:28"}
1787642938.653 TX {"target_id":0,"risk":0}
1787642938.693 RX {"type":"vehicle","node_id":2882630492,"seq":13904,"gps_valid":1,"heading_valid":1,"lat":37.497322,"lng":126.958527,"speed_mps":0.900,"heading_deg":113.17,"node_risk":0,"tx_ms":1468412,"rx_ms":3713,"recv_count":28,"lost_count":1,"rssi":-69,"rssi_dist":4.92,"src_mac":"1C:C3:AB:D1:73:5C"}
1787642938.760 RX {"type":"cane","node_id":4125577512,"seq":13549,"gps_valid":0,"heading_valid":0,"lat":0.000000,"lng":0.000000,"speed_mps":0.000,"heading_deg":0.00,"node_risk":0,"tx_ms":1464187,"rx_ms":3779,"recv_count":29,"lost_count":0,"rssi":-38,"rssi_dist":-1.00,"src_mac":"30:76:F5:E7:51:28"}
1787642938.793 RX {"type":"uwb","node_id":2882630492,"seq":7079,"uwb_dist":4.920,"uwb_raw":4.960,"uwb_closing":-0.000,"uwb_calib":1,"gps_valid":0,"tx_ms":1468519,"rx_ms":3817,"rssi":-70,"src_mac":"1C:C3:AB:D1:73:5C"}
1787642938.816 RX {"type":"vehicle","node_id":2882630492,"seq":13905,"gps_valid":1,"heading_valid":1,"lat":37.497322,"lng":126.958527,"speed_mps":0.900,"heading_deg":113.17,"node_risk":0,"tx_ms":1468519,"rx_ms":3818,"recv_count":29,"lost_count":1,"rssi":-70,"rssi_dist":4.92,"src_mac":"1C:C3:AB:D1:73:5C"}
1787642938.876 RX {"type":"cane","node_id":4125577512,"seq":13550,"gps_valid":0,"heading_valid":0,"lat":0.000000,"lng":0.000000,"speed_mps":0.000,"heading_deg":0.00,"node_risk":0,"tx_ms":1464294,"rx_ms":3894,"recv_count":30,"lost_count":0,"rssi":-39,"rssi_dist":-1.00,"src_mac":"30:76:F5:E7:51:28"}
1787642938.876 TX {"target_id":0,"risk":0}
1787642938.900 RX {"type":"vehicle","node_id":2882630492,"seq":13906,"gps_valid":1,"heading_valid":1,"lat":37.497322,"lng":126.958527,"speed_mps":0.900,"heading_deg":113.17,"node_risk":0,"tx_ms":1468620,"rx_ms":3920,"recv_count":30,"lost_count":1,"rssi":-69,"rssi_dist":4.92,"src_mac":"1C:C3:AB:D1:73:5C"}
1787642938.979 RX {"type":"cane","node_id":4125577512,"seq":13551,"gps_valid":0,"heading_valid":0,"lat":0.000000,"lng":0.000000,"speed_mps":0.000,"heading_deg":0.00,"node_risk":0,"tx_ms":1464402,"rx_ms":3998,"recv_count":31,"lost_count":0,"rssi":-42,"rssi_dist":-1.00,"src_mac":"30:76:F5:E7:51:28"}
1787642939.001 RX {"type":"uwb","node_id":2882630492,"seq":7080,"uwb_dist":4.924,"uwb_raw":4.930,"uwb_closing":-0.005,"uwb_calib":1,"gps_valid":0,"tx_ms":1468726,"rx_ms":4027,"rssi":-70,"src_mac":"1C:C3:AB:D1:73:5C"}
1787642939.024 RX {"type":"vehicle","node_id":2882630492,"seq":13907,"gps_valid":1,"heading_valid":1,"lat":37.497318,"lng":126.958527,"speed_mps":0.900,"heading_deg":113.17,"node_risk":0,"tx_ms":1468727,"rx_ms":4028,"recv_count":31,"lost_count":1,"rssi":-70,"rssi_dist":4.92,"src_mac":"1C:C3:AB:D1:73:5C"}
1787642939.083 RX {"type":"cane","node_id":4125577512,"seq":13552,"gps_valid":0,"heading_valid":0,"lat":0.000000,"lng":0.000000,"speed_mps":0.000,"heading_deg":0.00,"node_risk":0,"tx_ms":1464508,"rx_ms":4102,"recv_count":32,"lost_count":0,"rssi":-39,"rssi_dist":-1.00,"src_mac":"30:76:F5:E7:51:28"}
1787642939.084 TX {"target_id":0,"risk":0}
1787642939.194 RX {"type":"cane","node_id":4125577512,"seq":13553,"gps_valid":0,"heading_valid":0,"lat":0.000000,"lng":0.000000,"speed_mps":0.000,"heading_deg":0.00,"node_risk":0,"tx_ms":1464616,"rx_ms":4214,"recv_count":33,"lost_count":0,"rssi":-42,"rssi_dist":-1.00,"src_mac":"30:76:F5:E7:51:28"}
1787642939.213 RX {"type":"uwb","node_id":2882630492,"seq":7081,"uwb_dist":4.926,"uwb_raw":4.860,"uwb_closing":-0.007,"uwb_calib":1,"gps_valid":0,"tx_ms":1468917,"rx_ms":4214,"rssi":-70,"src_mac":"1C:C3:AB:D1:73:5C"}
1787642939.235 RX {"type":"vehicle","node_id":2882630492,"seq":13909,"gps_valid":1,"heading_valid":1,"lat":37.497318,"lng":126.958527,"speed_mps":0.900,"heading_deg":113.17,"node_risk":0,"tx_ms":1468937,"rx_ms":4238,"recv_count":32,"lost_count":2,"rssi":-69,"rssi_dist":4.93,"src_mac":"1C:C3:AB:D1:73:5C"}
1787642939.294 RX {"type":"cane","node_id":4125577512,"seq":13554,"gps_valid":0,"heading_valid":0,"lat":0.000000,"lng":0.000000,"speed_mps":0.000,"heading_deg":0.00,"node_risk":0,"tx_ms":1464722,"rx_ms":4315,"recv_count":34,"lost_count":0,"rssi":-39,"rssi_dist":-1.00,"src_mac":"30:76:F5:E7:51:28"}
1787642939.295 TX {"target_id":0,"risk":0}
1787642939.323 RX {"type":"vehicle","node_id":2882630492,"seq":13910,"gps_valid":1,"heading_valid":1,"lat":37.497318,"lng":126.958527,"speed_mps":0.900,"heading_deg":113.17,"node_risk":0,"tx_ms":1469041,"rx_ms":4343,"recv_count":33,"lost_count":2,"rssi":-69,"rssi_dist":4.93,"src_mac":"1C:C3:AB:D1:73:5C"}
1787642939.402 RX {"type":"cane","node_id":4125577512,"seq":13555,"gps_valid":0,"heading_valid":0,"lat":0.000000,"lng":0.000000,"speed_mps":0.000,"heading_deg":0.00,"node_risk":0,"tx_ms":1464829,"rx_ms":4421,"recv_count":35,"lost_count":0,"rssi":-42,"rssi_dist":-1.00,"src_mac":"30:76:F5:E7:51:28"}
1787642939.421 RX {"type":"uwb","node_id":2882630492,"seq":7082,"uwb_dist":4.924,"uwb_raw":4.920,"uwb_closing":-0.002,"uwb_calib":1,"gps_valid":0,"tx_ms":1469120,"rx_ms":4422,"rssi":-70,"src_mac":"1C:C3:AB:D1:73:5C"}
1787642939.443 RX {"type":"vehicle","node_id":2882630492,"seq":13911,"gps_valid":1,"heading_valid":1,"lat":37.497318,"lng":126.958527,"speed_mps":0.900,"heading_deg":113.17,"node_risk":0,"tx_ms":1469148,"rx_ms":4447,"recv_count":34,"lost_count":2,"rssi":-70,"rssi_dist":4.92,"src_mac":"1C:C3:AB:D1:73:5C"}
1787642939.517 RX {"type":"cane","node_id":4125577512,"seq":13556,"gps_valid":0,"heading_valid":0,"lat":0.000000,"lng":0.000000,"speed_mps":0.000,"heading_deg":0.00,"node_risk":0,"tx_ms":1464936,"rx_ms":4535,"recv_count":36,"lost_count":0,"rssi":-43,"rssi_dist":-1.00,"src_mac":"30:76:F5:E7:51:28"}
1787642939.517 TX {"target_id":0,"risk":0}
1787642939.541 RX {"type":"vehicle","node_id":2882630492,"seq":13912,"gps_valid":1,"heading_valid":1,"lat":37.497318,"lng":126.958527,"speed_mps":0.900,"heading_deg":113.17,"node_risk":0,"tx_ms":1469251,"rx_ms":4550,"recv_count":35,"lost_count":2,"rssi":-71,"rssi_dist":4.92,"src_mac":"1C:C3:AB:D1:73:5C"}
1787642939.586 RX {"type":"uwb","node_id":2882630492,"seq":7083,"uwb_dist":4.922,"uwb_raw":4.900,"uwb_closing":0.001,"uwb_calib":1,"gps_valid":0,"tx_ms":1469319,"rx_ms":4613,"rssi":-71,"src_mac":"1C:C3:AB:D1:73:5C"}
1787642939.619 RX {"type":"cane","node_id":4125577512,"seq":13557,"gps_valid":0,"heading_valid":0,"lat":0.000000,"lng":0.000000,"speed_mps":0.000,"heading_deg":0.00,"node_risk":0,"tx_ms":1465043,"rx_ms":4639,"recv_count":37,"lost_count":0,"rssi":-42,"rssi_dist":-1.00,"src_mac":"30:76:F5:E7:51:28"}
1787642939.643 RX {"type":"vehicle","node_id":2882630492,"seq":13913,"gps_valid":1,"heading_valid":1,"lat":37.497318,"lng":126.958527,"speed_mps":0.900,"heading_deg":113.17,"node_risk":0,"tx_ms":1469360,"rx_ms":4657,"recv_count":36,"lost_count":2,"rssi":-70,"rssi_dist":4.92,"src_mac":"1C:C3:AB:D1:73:5C"}
1787642939.731 RX {"type":"cane","node_id":4125577512,"seq":13558,"gps_valid":0,"heading_valid":0,"lat":0.000000,"lng":0.000000,"speed_mps":0.000,"heading_deg":0.00,"node_risk":0,"tx_ms":1465150,"rx_ms":4751,"recv_count":38,"lost_count":0,"rssi":-42,"rssi_dist":-1.00,"src_mac":"30:76:F5:E7:51:28"}
1787642939.731 TX {"target_id":0,"risk":0}
