16:08:46  위험:0
16:08:46  GPS유효:0
16:08:46  위도:0.000000
16:08:46  경도:0.000000
16:08:46  속도:0.00
16:08:46  방향:0.0
16:08:46  가속도:1.58,-1.85,9.41
16:08:46  송신:3724
16:08:46  GPS위성:0
16:08:46  GPS_HDOP:99.00
16:08:46  원시위도:0.000000
16:08:46  원시경도:0.000000
16:08:46  GPS채택:0
16:08:46  GPS이상치거부:0
16:08:46  GPS품질거부:0
16:08:46  GPS재기준:0
16:08:46  RSSI원시:-71
16:08:46  RSSI평활:-71.7
16:08:46  RSSI샘플:7207
16:08:46  RSSI경과ms:95
16:08:46  차량수신:3587
16:08:49  위험:0
16:08:49  GPS유효:0
16:08:49  위도:0.000000
16:08:49  경도:0.000000
16:08:49  속도:0.00
16:08:49  방향:0.0
16:08:49  가속도:1.57,-1.86,9.36
16:08:49  송신:3752
16:08:49  GPS위성:0
16:08:49  GPS_HDOP:99.00
16:08:49  원시위도:0.000000
16:08:49  원시경도:0.000000
16:08:49  GPS채택:0
16:08:49  GPS이상치거부:0
16:08:49  GPS품질거부:0
16:08:49  GPS재기준:0
16:08:49  RSSI원시:-72
16:08:49  RSSI평활:-71.8
16:08:49  RSSI샘플:7263
16:08:49  RSSI경과ms:70
16:08:49  차량수신:3615
16:08:50  위험:0
16:08:50  GPS유효:0
16:08:50  위도:0.000000
16:08:50  경도:0.000000
16:08:50  속도:0.00
16:08:50  방향:0.0
16:08:50  가속도:4.88,-5.88,9.99
16:08:50  송신:3762
16:08:50  GPS위성:0
16:08:50  GPS_HDOP:99.00
16:08:50  원시위도:0.000000
16:08:50  원시경도:0.000000
16:08:50  GPS채택:0
16:08:50  GPS이상치거부:0
16:08:50  GPS품질거부:0
16:08:50  GPS재기준:0
16:08:50  RSSI원시:-75
16:08:50  RSSI평활:-74.6
16:08:50  RSSI샘플:7280
16:08:50  RSSI경과ms:28
16:08:50  차량수신:3623
16:08:51  위험:0
16:08:51  GPS유효:0
16:08:51  위도:0.000000
16:08:51  경도:0.000000
16:08:51  속도:0.00
16:08:51  방향:0.0
16:08:51  가속도:2.72,1.56,9.17
16:08:51  송신:3772
16:08:51  GPS위성:0
16:08:51  GPS_HDOP:99.00
16:08:51  원시위도:0.000000
16:08:51  원시경도:0.000000
16:08:51  GPS채택:0
16:08:51  GPS이상치거부:0
16:08:51  GPS품질거부:0
16:08:51  GPS재기준:0
16:08:51  RSSI원시:-74
16:08:51  RSSI평활:-72.2
16:08:51  RSSI샘플:7297
16:08:51  RSSI경과ms:97
16:08:51  차량수신:3632
16:08:53  위험:0
16:08:53  GPS유효:0
16:08:53  위도:0.000000
16:08:53  경도:0.000000
16:08:53  속도:0.00
16:08:53  방향:0.0
16:08:53  가속도:1.33,-0.47,12.08
16:08:53  송신:3791
16:08:53  GPS위성:0
16:08:53  GPS_HDOP:99.00
16:08:53  원시위도:0.000000
16:08:53  원시경도:0.000000
16:08:53  GPS채택:0
16:08:53  GPS이상치거부:0
16:08:53  GPS품질거부:0
16:08:53  GPS재기준:0
16:08:53  RSSI원시:-76
16:08:53  RSSI평활:-73.4
16:08:53  RSSI샘플:7333
16:08:53  RSSI경과ms:11
16:08:53  차량수신:3649
16:08:54  위험:0
16:08:54  GPS유효:0
16:08:54  위도:0.000000
16:08:54  경도:0.000000
16:08:54  속도:0.00
16:08:54  방향:0.0
16:08:54  가속도:-4.95,3.27,7.69
16:08:54  송신:3800
16:08:54  GPS위성:0
16:08:54  GPS_HDOP:99.00
16:08:54  원시위도:0.000000
16:08:54  원시경도:0.000000
16:08:54  GPS채택:0
16:08:54  GPS이상치거부:0
16:08:54  GPS품질거부:0
16:08:54  GPS재기준:0
16:08:54  RSSI원시:-71
16:08:54  RSSI평활:-70.8
16:08:54  RSSI샘플:7351
16:08:54  RSSI경과ms:47
16:08:54  차량수신:3659
16:08:55  위험:0
16:08:55  GPS유효:0
16:08:55  위도:0.000000
16:08:55  경도:0.000000
16:08:55  속도:0.00
16:08:55  방향:0.0
16:08:55  가속도:-2.68,3.28,8.68
16:08:55  송신:3810
16:08:55  GPS위성:0
16:08:55  GPS_HDOP:99.00
16:08:55  원시위도:0.000000
16:08:55  원시경도:0.000000
16:08:55  GPS채택:0
16:08:55  GPS이상치거부:0
16:08:55  GPS품질거부:0
16:08:55  GPS재기준:0
16:08:55  RSSI원시:-69
16:08:55  RSSI평활:-68.1
16:08:55  RSSI샘플:7370
16:08:55  RSSI경과ms:27
16:08:55  차량수신:3668
16:08:56  위험:0
16:08:56  GPS유효:0
16:08:56  위도:0.000000
16:08:56  경도:0.000000
16:08:56  속도:0.00
16:08:56  방향:0.0
16:08:56  가속도:-2.57,3.36,8.75
16:08:56  송신:3819
16:08:56  GPS위성:0
16:08:56  GPS_HDOP:99.00
16:08:56  원시위도:0.000000
16:08:56  원시경도:0.000000
16:08:56  GPS채택:0
16:08:56  GPS이상치거부:0
16:08:56  GPS품질거부:0
16:08:56  GPS재기준:0
16:08:56  RSSI원시:-69
16:08:56  RSSI평활:-71.1
16:08:56  RSSI샘플:7388
16:08:56  RSSI경과ms:44
16:08:56  차량수신:3678
16:08:58  위험:0
16:08:58  GPS유효:0
16:08:58  위도:0.000000
16:08:58  경도:0.000000
16:08:58  속도:0.00
16:08:58  방향:0.0
16:08:58  가속도:-2.67,3.30,8.69
16:08:58  송신:3838
16:08:58  GPS위성:0
16:08:58  GPS_HDOP:99.00
16:08:58  원시위도:0.000000
16:08:58  원시경도:0.000000
16:08:58  GPS채택:0
16:08:58  GPS이상치거부:0
16:08:58  GPS품질거부:0
16:08:58  GPS재기준:0
16:08:58  RSSI원시:-68
16:08:58  RSSI평활:-67.4
16:08:58  RSSI샘플:7426
16:08:58  RSSI경과ms:31
16:08:58  차량수신:3697
16:08:59  위험:0
16:08:59  GPS유효:0
16:08:59  위도:0.000000
16:08:59  경도:0.000000
16:08:59  속도:0.00
16:08:59  방향:0.0
16:08:59  가속도:-2.60,3.39,8.65
16:08:59  송신:3848
16:08:59  GPS위성:0
16:08:59  GPS_HDOP:99.00
16:08:59  원시위도:0.000000
16:08:59  원시경도:0.000000
16:08:59  GPS채택:0
16:08:59  GPS이상치거부:0
16:08:59  GPS품질거부:0
16:08:59  GPS재기준:0
16:08:59  RSSI원시:-71
16:08:59  RSSI평활:-69.4
16:08:59  RSSI샘플:7445
16:08:59  RSSI경과ms:41
16:08:59  차량수신:3706
16:09:00  위험:0
16:09:00  GPS유효:0
16:09:00  위도:0.000000
16:09:00  경도:0.000000
16:09:00  속도:0.00
16:09:00  방향:0.0
16:09:00  가속도:-2.83,3.39,8.70
16:09:00  송신:3858
16:09:00  GPS위성:0
16:09:00  GPS_HDOP:99.00
16:09:00  원시위도:0.000000
16:09:00  원시경도:0.000000
16:09:00  GPS채택:0
16:09:00  GPS이상치거부:0
16:09:00  GPS품질거부:0
16:09:00  GPS재기준:0
16:09:00  RSSI원시:-69
16:09:00  RSSI평활:-69.2
16:09:00  RSSI샘플:7463
16:09:00  RSSI경과ms:45
16:09:00  차량수신:3715
16:09:02  위험:0
16:09:02  GPS유효:0
16:09:02  위도:0.000000
16:09:02  경도:0.000000
16:09:02  속도:0.00
16:09:02  방향:0.0
16:09:02  가속도:-2.54,3.45,8.67
16:09:02  송신:3877
16:09:02  GPS위성:0
16:09:02  GPS_HDOP:99.00
16:09:02  원시위도:0.000000
16:09:02  원시경도:0.000000
16:09:02  GPS채택:0
16:09:02  GPS이상치거부:0
16:09:02  GPS품질거부:0
16:09:02  GPS재기준:0
16:09:02  RSSI원시:-68
16:09:02  RSSI평활:-68.7
16:09:02  RSSI샘플:7501
16:09:02  RSSI경과ms:1
16:09:02  차량수신:3733
16:09:03  위험:0
16:09:03  GPS유효:0
16:09:03  위도:0.000000
16:09:03  경도:0.000000
16:09:03  속도:0.00
16:09:03  방향:0.0
16:09:03  가속도:-2.57,3.45,8.69
16:09:03  송신:3886
16:09:03  GPS위성:0
16:09:03  GPS_HDOP:99.00
16:09:03  원시위도:0.000000
16:09:03  원시경도:0.000000
16:09:03  GPS채택:0
16:09:03  GPS이상치거부:0
16:09:03  GPS품질거부:0
16:09:03  GPS재기준:0
16:09:03  RSSI원시:-68
16:09:03  RSSI평활:-68.4
16:09:03  RSSI샘플:7519
16:09:03  RSSI경과ms:2
16:09:03  차량수신:3742
16:09:09  위험:0
16:09:09  GPS유효:0
16:09:09  위도:0.000000
16:09:09  경도:0.000000
16:09:09  속도:0.00
16:09:09  방향:0.0
16:09:09  가속도:-2.60,3.28,8.60
16:09:09  송신:3943
16:09:09  GPS위성:0
16:09:09  GPS_HDOP:99.00
16:09:09  원시위도:0.000000
16:09:09  원시경도:0.000000
16:09:09  GPS채택:0
16:09:09  GPS이상치거부:0
16:09:09  GPS품질거부:0
16:09:09  GPS재기준:0
16:09:09  RSSI원시:-68
16:09:09  RSSI평활:-68.2
16:09:09  RSSI샘플:7631
16:09:09  RSSI경과ms:13
16:09:09  차량수신:3798
16:09:10  위험:0
16:09:10  GPS유효:0
16:09:10  위도:0.000000
16:09:10  경도:0.000000
16:09:10  속도:0.00
16:09:10  방향:0.0
16:09:10  가속도:-2.60,3.29,8.77
16:09:10  송신:3953
16:09:10  GPS위성:0
16:09:10  GPS_HDOP:99.00
16:09:10  원시위도:0.000000
16:09:10  원시경도:0.000000
16:09:10  GPS채택:0
16:09:10  GPS이상치거부:0
16:09:10  GPS품질거부:0
16:09:10  GPS재기준:0
16:09:10  RSSI원시:-66
16:09:10  RSSI평활:-66.1
16:09:10  RSSI샘플:7650
16:09:10  RSSI경과ms:30
16:09:10  차량수신:3807
16:09:12  위험:0
16:09:12  GPS유효:0
16:09:12  위도:0.000000
16:09:12  경도:0.000000
16:09:12  속도:0.00
16:09:12  방향:0.0
16:09:12  가속도:-2.76,3.34,8.69
16:09:12  송신:3972
16:09:12  GPS위성:0
16:09:12  GPS_HDOP:99.00
16:09:12  원시위도:0.000000
16:09:12  원시경도:0.000000
16:09:12  GPS채택:0
16:09:12  GPS이상치거부:0
16:09:12  GPS품질거부:0
16:09:12  GPS재기준:0
16:09:12  RSSI원시:-68
16:09:12  RSSI평활:-67.7
16:09:12  RSSI샘플:7686
16:09:12  RSSI경과ms:35
16:09:12  차량수신:3825
16:09:13  위험:0
16:09:13  GPS유효:0
16:09:13  위도:0.000000
16:09:13  경도:0.000000
16:09:13  속도:0.00
16:09:13  방향:0.0
16:09:13  가속도:-2.75,3.28,8.65
16:09:13  송신:3981
16:09:13  GPS위성:0
16:09:13  GPS_HDOP:99.00
16:09:13  원시위도:0.000000
16:09:13  원시경도:0.000000
16:09:13  GPS채택:0
16:09:13  GPS이상치거부:0
16:09:13  GPS품질거부:0
16:09:13  GPS재기준:0
16:09:13  RSSI원시:-67
16:09:13  RSSI평활:-68.1
16:09:13  RSSI샘플:7704
16:09:13  RSSI경과ms:13
16:09:13  차량수신:3834
16:09:15  위험:0
16:09:15  GPS유효:0
16:09:15  위도:0.000000
16:09:15  경도:0.000000
16:09:15  속도:0.00
16:09:15  방향:0.0
16:09:15  가속도:-2.66,3.31,8.71
16:09:15  송신:4001
16:09:15  GPS위성:0
16:09:15  GPS_HDOP:99.00
16:09:15  원시위도:0.000000
16:09:15  원시경도:0.000000
16:09:15  GPS채택:0
16:09:15  GPS이상치거부:0
16:09:15  GPS품질거부:0
16:09:15  GPS재기준:0
16:09:15  RSSI원시:-67
16:09:15  RSSI평활:-67.9
16:09:15  RSSI샘플:7740
16:09:15  RSSI경과ms:34
16:09:15  차량수신:3852
16:09:16  위험:0
16:09:16  GPS유효:0
16:09:16  위도:0.000000
16:09:16  경도:0.000000
16:09:16  속도:0.00
16:09:16  방향:0.0
16:09:16  가속도:-2.65,3.26,8.73
16:09:16  송신:4010
16:09:16  GPS위성:0
16:09:16  GPS_HDOP:99.00
16:09:16  원시위도:0.000000
16:09:16  원시경도:0.000000
16:09:16  GPS채택:0
16:09:16  GPS이상치거부:0
16:09:16  GPS품질거부:0
16:09:16  GPS재기준:0
16:09:16  RSSI원시:-68
16:09:16  RSSI평활:-67.4
16:09:16  RSSI샘플:7759
16:09:16  RSSI경과ms:50
16:09:16  차량수신:3861
16:09:18  위험:0
16:09:18  GPS유효:0
16:09:18  위도:0.000000
16:09:18  경도:0.000000
16:09:18  속도:0.00
16:09:18  방향:0.0
16:09:18  가속도:-2.56,3.45,8.73
16:09:18  송신:4029
16:09:18  GPS위성:0
16:09:18  GPS_HDOP:99.00
16:09:18  원시위도:0.000000
16:09:18  원시경도:0.000000
16:09:18  GPS채택:0
16:09:18  GPS이상치거부:0
16:09:18  GPS품질거부:0
16:09:18  GPS재기준:0
16:09:18  RSSI원시:-69
16:09:18  RSSI평활:-68.4
16:09:18  RSSI샘플:7796
16:09:18  RSSI경과ms:58
16:09:18  차량수신:3879
16:09:23  위험:0
16:09:23  GPS유효:0
16:09:23  위도:0.000000
16:09:23  경도:0.000000
16:09:23  속도:0.00
16:09:23  방향:0.0
16:09:23  가속도:-2.66,3.36,8.69
16:09:23  송신:4077
16:09:23  GPS위성:0
16:09:23  GPS_HDOP:99.00
16:09:23  원시위도:0.000000
16:09:23  원시경도:0.000000
16:09:23  GPS채택:0
16:09:23  GPS이상치거부:0
16:09:23  GPS품질거부:0
16:09:23  GPS재기준:0
16:09:23  RSSI원시:-69
16:09:23  RSSI평활:-68.5
16:09:23  RSSI샘플:7891
16:09:23  RSSI경과ms:14
16:09:23  차량수신:3926
16:09:24  위험:0
16:09:24  GPS유효:0
16:09:24  위도:0.000000
16:09:24  경도:0.000000
16:09:24  속도:0.00
16:09:24  방향:0.0
16:09:24  가속도:-2.63,3.34,8.73
16:09:24  송신:4086
16:09:24  GPS위성:0
16:09:24  GPS_HDOP:99.00
16:09:24  원시위도:0.000000
16:09:24  원시경도:0.000000
16:09:24  GPS채택:0
16:09:24  GPS이상치거부:0
16:09:24  GPS품질거부:0
16:09:24  GPS재기준:0
16:09:24  RSSI원시:-66
16:09:24  RSSI평활:-67.6
16:09:24  RSSI샘플:7910
16:09:24  RSSI경과ms:27
16:09:24  차량수신:3936
16:09:25  위험:0
16:09:25  GPS유효:0
16:09:25  위도:0.000000
16:09:25  경도:0.000000
16:09:25  속도:0.00
16:09:25  방향:0.0
16:09:25  가속도:-2.61,3.39,8.75
16:09:25  송신:4096
16:09:25  GPS위성:0
16:09:25  GPS_HDOP:99.00
16:09:25  원시위도:0.000000
16:09:25  원시경도:0.000000
16:09:25  GPS채택:0
16:09:25  GPS이상치거부:0
16:09:25  GPS품질거부:0
16:09:25  GPS재기준:0
16:09:25  RSSI원시:-68
16:09:25  RSSI평활:-67.9
16:09:25  RSSI샘플:7929
16:09:25  RSSI경과ms:30
16:09:25  차량수신:3945
16:09:26  위험:0
16:09:26  GPS유효:0
16:09:26  위도:0.000000
16:09:26  경도:0.000000
16:09:26  속도:0.00
16:09:26  방향:0.0
16:09:26  가속도:-2.60,3.39,8.68
16:09:26  송신:4105
16:09:26  GPS위성:0
16:09:26  GPS_HDOP:99.00
16:09:26  원시위도:0.000000
16:09:26  원시경도:0.000000
16:09:26  GPS채택:0
16:09:26  GPS이상치거부:0
16:09:26  GPS품질거부:0
16:09:26  GPS재기준:0
16:09:26  RSSI원시:-70
16:09:26  RSSI평활:-70.6
16:09:26  RSSI샘플:7947
16:09:26  RSSI경과ms:31
16:09:26  차량수신:3954
16:09:27  위험:0
16:09:27  GPS유효:0
16:09:27  위도:0.000000
16:09:27  경도:0.000000
16:09:27  속도:0.00
16:09:27  방향:0.0
16:09:27  가속도:-2.51,3.22,8.65
16:09:27  송신:4115
16:09:27  GPS위성:0
16:09:27  GPS_HDOP:99.00
16:09:27  원시위도:0.000000
16:09:27  원시경도:0.000000
16:09:27  GPS채택:0
16:09:27  GPS이상치거부:0
16:09:27  GPS품질거부:0
16:09:27  GPS재기준:0
16:09:27  RSSI원시:-69
16:09:27  RSSI평활:-68.1
16:09:27  RSSI샘플:7965
16:09:27  RSSI경과ms:34
16:09:27  차량수신:3962
16:09:28  위험:0
16:09:28  GPS유효:0
16:09:28  위도:0.000000
16:09:28  경도:0.000000
16:09:28  속도:0.00
16:09:28  방향:0.0
16:09:28  가속도:-2.49,3.37,8.65
16:09:28  송신:4124
16:09:28  GPS위성:0
16:09:28  GPS_HDOP:99.00
16:09:28  원시위도:0.000000
16:09:28  원시경도:0.000000
16:09:28  GPS채택:0
16:09:28  GPS이상치거부:0
16:09:28  GPS품질거부:0
16:09:28  GPS재기준:0
16:09:28  RSSI원시:-67
16:09:28  RSSI평활:-67.6
16:09:28  RSSI샘플:7984
16:09:28  RSSI경과ms:40
16:09:28  차량수신:3972
16:09:31  위험:0
16:09:31  GPS유효:0
16:09:31  위도:0.000000
16:09:31  경도:0.000000
16:09:31  속도:0.00
16:09:31  방향:0.0
16:09:31  가속도:-2.66,3.32,8.69
16:09:31  송신:4153
16:09:31  GPS위성:0
16:09:31  GPS_HDOP:99.00
16:09:31  원시위도:0.000000
16:09:31  원시경도:0.000000
16:09:31  GPS채택:0
16:09:31  GPS이상치거부:0
16:09:31  GPS품질거부:0
16:09:31  GPS재기준:0
16:09:31  RSSI원시:-69
16:09:31  RSSI평활:-68.7
16:09:31  RSSI샘플:8040
16:09:31  RSSI경과ms:10
16:09:31  차량수신:4000
16:09:32  위험:0
16:09:32  GPS유효:0
16:09:32  위도:0.000000
16:09:32  경도:0.000000
16:09:32  속도:0.00
16:09:32  방향:0.0
16:09:32  가속도:-2.52,3.23,8.67
16:09:32  송신:4163
16:09:32  GPS위성:0
16:09:32  GPS_HDOP:99.00
16:09:32  원시위도:0.000000
16:09:32  원시경도:0.000000
16:09:32  GPS채택:0
16:09:32  GPS이상치거부:0
16:09:32  GPS품질거부:0
16:09:32  GPS재기준:0
16:09:32  RSSI원시:-73
16:09:32  RSSI평활:-70.8
16:09:32  RSSI샘플:8059
16:09:32  RSSI경과ms:1
16:09:32  차량수신:4009
