16:08:45  위험:0
16:08:45  원시위험:0
16:08:45  GPS유효:0
16:08:46  위도:0.000000
16:08:46  경도:0.000000
16:08:46  속도:0.00
16:08:46  방향:0.0
16:08:46  가속도:-0.52,1.11,9.75
16:08:46  자이로:-0.2,1.4,-0.7
16:08:46  충격값:0.16
16:08:46  송신:5057
16:08:46  지팡이수신:4162
16:08:46  GPS위성:0
16:08:46  GPS_HDOP:99.00
16:08:46  원시위도:0.000000
16:08:46  원시경도:0.000000
16:08:46  GPS채택:0
16:08:46  GPS이상치거부:0
16:08:46  GPS품질거부:0
16:08:46  GPS재기준:0
16:08:46  계산거리:-1.00
16:08:46  접근속도:0.00
16:08:46  TTC:999.00
16:08:46  방향오차:0.0
16:08:46  전방여부:0
16:08:46  위험음성횟수:0
16:08:46  충격음성횟수:0
16:08:46  마지막위험음성:0
16:08:46  RSSI원시:-73
16:08:46  RSSI평활:-74.3
16:08:46  RSSI샘플:4162
16:08:46  RSSI경과ms:89
16:08:46  위험송신:4162
16:08:46  위험:0
16:08:46  원시위험:0
16:08:46  GPS유효:0
16:08:46  위도:0.000000
16:08:46  경도:0.000000
16:08:46  속도:0.00
16:08:46  방향:0.0
16:08:46  가속도:-0.40,1.03,9.69
16:08:46  자이로:0.8,-0.5,-0.1
16:08:46  충격값:0.12
16:08:46  송신:5067
16:08:46  지팡이수신:4171
16:08:46  GPS위성:0
16:08:47  GPS_HDOP:99.00
16:08:47  원시위도:0.000000
16:08:47  원시경도:0.000000
16:08:47  GPS채택:0
16:08:47  GPS이상치거부:0
16:08:47  GPS품질거부:0
16:08:47  GPS재기준:0
16:08:47  계산거리:-1.00
16:08:47  접근속도:0.00
16:08:47  TTC:999.00
16:08:47  방향오차:0.0
16:08:47  전방여부:0
16:08:47  위험음성횟수:0
16:08:47  충격음성횟수:0
16:08:47  마지막위험음성:0
16:08:47  RSSI원시:-75
16:08:47  RSSI평활:-74.1
16:08:47  RSSI샘플:4171
16:08:47  RSSI경과ms:39
16:08:47  위험송신:4171
16:08:48  위험:0
16:08:48  원시위험:0
16:08:48  GPS유효:0
16:08:48  위도:0.000000
16:08:48  경도:0.000000
16:08:48  속도:0.00
16:08:48  방향:0.0
16:08:48  가속도:-0.52,1.00,9.58
16:08:48  자이로:2.8,-0.5,-1.6
16:08:48  충격값:0.17
16:08:48  송신:5086
16:08:48  지팡이수신:4190
16:08:48  GPS위성:0
16:08:48  GPS_HDOP:99.00
16:08:49  원시위도:0.000000
16:08:49  원시경도:0.000000
16:08:49  GPS채택:0
16:08:49  GPS이상치거부:0
16:08:49  GPS품질거부:0
16:08:49  GPS재기준:0
16:08:49  계산거리:-1.00
16:08:49  접근속도:0.00
16:08:49  TTC:999.00
16:08:49  방향오차:0.0
16:08:49  전방여부:0
16:08:49  위험음성횟수:0
16:08:49  충격음성횟수:0
16:08:49  마지막위험음성:0
16:08:49  RSSI원시:-72
16:08:49  RSSI평활:-73.2
16:08:49  RSSI샘플:4190
16:08:49  RSSI경과ms:59
16:08:49  위험송신:4190
16:08:49  위험:0
16:08:49  원시위험:0
16:08:49  GPS유효:0
16:08:49  위도:0.000000
16:08:49  경도:0.000000
16:08:49  속도:0.00
16:08:49  방향:0.0
16:08:49  가속도:-0.51,0.97,9.68
16:08:49  자이로:-0.3,-1.0,1.0
16:08:49  충격값:0.20
16:08:49  송신:5096
16:08:49  지팡이수신:4199
16:08:49  GPS위성:0
16:08:49  GPS_HDOP:99.00
16:08:49  원시위도:0.000000
16:08:49  원시경도:0.000000
16:08:49  GPS채택:0
16:08:49  GPS이상치거부:0
16:08:50  GPS품질거부:0
16:08:50  GPS재기준:0
16:08:50  계산거리:-1.00
16:08:50  접근속도:0.00
16:08:50  TTC:999.00
16:08:50  방향오차:0.0
16:08:50  전방여부:0
16:08:50  위험음성횟수:0
16:08:50  충격음성횟수:0
16:08:50  마지막위험음성:0
16:08:50  RSSI원시:-74
16:08:50  RSSI평활:-73.1
16:08:50  RSSI샘플:4199
16:08:50  RSSI경과ms:17
16:08:50  위험송신:4199
16:08:51  위험:0
16:08:51  원시위험:0
16:08:51  GPS유효:0
16:08:51  위도:0.000000
16:08:51  경도:0.000000
16:08:51  속도:0.00
16:08:51  방향:0.0
16:08:51  가속도:-0.47,1.04,9.49
16:08:51  자이로:1.3,-3.9,0.1
16:08:51  충격값:0.16
16:08:51  송신:5115
16:08:51  지팡이수신:4216
16:08:51  GPS위성:0
16:08:51  GPS_HDOP:99.00
16:08:51  원시위도:0.000000
16:08:52  원시경도:0.000000
16:08:52  GPS채택:0
16:08:52  GPS이상치거부:0
16:08:52  GPS품질거부:0
16:08:52  GPS재기준:0
16:08:52  계산거리:-1.00
16:08:52  접근속도:0.00
16:08:52  TTC:999.00
16:08:52  방향오차:0.0
16:08:52  전방여부:0
16:08:52  위험음성횟수:0
16:08:52  충격음성횟수:0
16:08:52  마지막위험음성:0
16:08:52  RSSI원시:-63
16:08:52  RSSI평활:-68.2
16:08:52  RSSI샘플:4216
16:08:52  RSSI경과ms:44
16:08:52  위험송신:4216
16:08:52  위험:0
16:08:52  원시위험:0
16:08:52  GPS유효:0
16:08:52  위도:0.000000
16:08:52  경도:0.000000
16:08:52  속도:0.00
16:08:52  방향:0.0
16:08:52  가속도:-0.29,1.18,9.60
16:08:52  자이로:4.0,-1.1,2.9
16:08:52  충격값:0.14
16:08:52  송신:5124
16:08:52  지팡이수신:4225
16:08:52  GPS위성:0
16:08:52  GPS_HDOP:99.00
16:08:52  원시위도:0.000000
16:08:52  원시경도:0.000000
16:08:53  GPS채택:0
16:08:53  GPS이상치거부:0
16:08:53  GPS품질거부:0
16:08:53  GPS재기준:0
16:08:53  계산거리:-1.00
16:08:53  접근속도:0.00
16:08:53  TTC:999.00
16:08:53  방향오차:0.0
16:08:53  전방여부:0
16:08:53  위험음성횟수:0
16:08:53  충격음성횟수:0
16:08:53  마지막위험음성:0
16:08:53  RSSI원시:-73
16:08:53  RSSI평활:-68.4
16:08:53  RSSI샘플:4225
16:08:53  RSSI경과ms:74
16:08:53  위험송신:4225
16:08:54  위험:0
16:08:54  원시위험:0
16:08:54  GPS유효:0
16:08:54  위도:0.000000
16:08:54  경도:0.000000
16:08:54  속도:0.00
16:08:54  방향:0.0
16:08:54  가속도:-0.45,1.18,9.61
16:08:54  자이로:3.1,0.0,-2.2
16:08:54  충격값:0.05
16:08:54  송신:5143
16:08:54  지팡이수신:4244
16:08:54  GPS위성:0
16:08:54  GPS_HDOP:99.00
16:08:54  원시위도:0.000000
16:08:54  원시경도:0.000000
16:08:54  GPS채택:0
16:08:55  GPS이상치거부:0
16:08:55  GPS품질거부:0
16:08:55  GPS재기준:0
16:08:55  계산거리:-1.00
16:08:55  접근속도:0.00
16:08:55  TTC:999.00
16:08:55  방향오차:0.0
16:08:55  전방여부:0
16:08:55  위험음성횟수:0
16:08:55  충격음성횟수:0
16:08:55  마지막위험음성:0
16:08:55  RSSI원시:-68
16:08:55  RSSI평활:-69.1
16:08:55  RSSI샘플:4244
16:08:55  RSSI경과ms:17
16:08:55  위험송신:4244
16:08:56  위험:0
16:08:56  원시위험:0
16:08:56  GPS유효:0
16:08:56  위도:0.000000
16:08:56  경도:0.000000
16:08:56  속도:0.00
16:08:56  방향:0.0
16:08:56  가속도:-0.46,1.16,9.60
16:08:56  자이로:-0.2,-1.7,-1.6
16:08:56  충격값:0.06
16:08:57  송신:5162
16:08:57  지팡이수신:4262
16:08:57  GPS위성:0
16:08:57  GPS_HDOP:99.00
16:08:57  원시위도:0.000000
16:08:57  원시경도:0.000000
16:08:57  GPS채택:0
16:08:57  GPS이상치거부:0
16:08:57  GPS품질거부:0
16:08:57  GPS재기준:0
16:08:57  계산거리:-1.00
16:08:57  접근속도:0.00
16:08:57  TTC:999.00
16:08:57  방향오차:0.0
16:08:57  전방여부:0
16:08:57  위험음성횟수:0
16:08:57  충격음성횟수:0
16:08:57  마지막위험음성:0
16:08:57  RSSI원시:-67
16:08:57  RSSI평활:-67.8
16:08:57  RSSI샘플:4262
16:08:57  RSSI경과ms:20
16:08:57  위험송신:4262
16:08:58  위험:0
16:08:58  원시위험:0
16:08:58  GPS유효:0
16:08:58  위도:0.000000
16:08:58  경도:0.000000
16:08:58  속도:0.00
16:08:58  방향:0.0
16:08:58  가속도:-0.50,1.07,9.64
16:08:58  자이로:0.7,-0.8,1.4
16:08:58  충격값:0.10
16:08:58  송신:5181
16:08:58  지팡이수신:4281
16:08:58  GPS위성:0
16:08:58  GPS_HDOP:99.00
16:08:58  원시위도:0.000000
16:08:58  원시경도:0.000000
16:08:59  GPS채택:0
16:08:59  GPS이상치거부:0
16:08:59  GPS품질거부:0
16:08:59  GPS재기준:0
16:08:59  계산거리:-1.00
16:08:59  접근속도:0.00
16:08:59  TTC:999.00
16:08:59  방향오차:0.0
16:08:59  전방여부:0
16:08:59  위험음성횟수:0
16:08:59  충격음성횟수:0
16:08:59  마지막위험음성:0
16:08:59  RSSI원시:-69
16:08:59  RSSI평활:-68.3
16:08:59  RSSI샘플:4281
16:08:59  RSSI경과ms:17
16:08:59  위험송신:4281
16:08:59  위험:0
16:08:59  원시위험:0
16:08:59  GPS유효:0
16:08:59  위도:0.000000
16:08:59  경도:0.000000
16:08:59  속도:0.00
16:08:59  방향:0.0
16:08:59  가속도:-0.39,1.09,9.48
16:08:59  자이로:3.7,1.3,1.1
16:08:59  충격값:0.17
16:08:59  송신:5191
16:09:00  지팡이수신:4290
16:09:00  GPS위성:0
16:09:00  GPS_HDOP:99.00
16:09:00  원시위도:0.000000
16:09:00  원시경도:0.000000
16:09:00  GPS채택:0
16:09:00  GPS이상치거부:0
16:09:00  GPS품질거부:0
16:09:00  GPS재기준:0
16:09:00  계산거리:-1.00
16:09:00  접근속도:0.00
16:09:00  TTC:999.00
16:09:00  방향오차:0.0
16:09:00  전방여부:0
16:09:00  위험음성횟수:0
16:09:00  충격음성횟수:0
16:09:00  마지막위험음성:0
16:09:00  RSSI원시:-69
16:09:00  RSSI평활:-69.6
16:09:00  RSSI샘플:4290
16:09:00  RSSI경과ms:50
16:09:00  위험송신:4290
16:09:06  위험:0
16:09:06  원시위험:0
16:09:06  GPS유효:0
16:09:06  위도:0.000000
16:09:06  경도:0.000000
16:09:06  속도:0.00
16:09:06  방향:0.0
16:09:06  가속도:-0.38,1.18,9.72
16:09:06  자이로:2.2,-0.5,-0.8
16:09:06  충격값:0.12
16:09:06  송신:5257
16:09:06  지팡이수신:4357
16:09:06  GPS위성:0
16:09:07  GPS_HDOP:99.00
16:09:07  원시위도:0.000000
16:09:07  원시경도:0.000000
16:09:07  GPS채택:0
16:09:07  GPS이상치거부:0
16:09:07  GPS품질거부:0
16:09:07  GPS재기준:0
16:09:07  계산거리:-1.00
16:09:07  접근속도:0.00
16:09:07  TTC:999.00
16:09:07  방향오차:0.0
16:09:07  전방여부:0
16:09:07  위험음성횟수:0
16:09:07  충격음성횟수:0
16:09:07  마지막위험음성:0
16:09:07  RSSI원시:-68
16:09:07  RSSI평활:-68.8
16:09:07  RSSI샘플:4357
16:09:07  RSSI경과ms:35
16:09:07  위험송신:4357
16:09:07  위험:0
16:09:07  원시위험:0
16:09:07  GPS유효:0
16:09:07  위도:0.000000
16:09:07  경도:0.000000
16:09:07  속도:0.00
16:09:07  방향:0.0
16:09:07  가속도:-0.40,1.14,9.67
16:09:08  자이로:2.6,4.2,-0.9
16:09:08  충격값:0.06
16:09:08  송신:5267
16:09:08  지팡이수신:4365
16:09:08  GPS위성:0
16:09:08  GPS_HDOP:99.00
16:09:08  원시위도:0.000000
16:09:08  원시경도:0.000000
16:09:08  GPS채택:0
16:09:08  GPS이상치거부:0
16:09:08  GPS품질거부:0
16:09:08  GPS재기준:0
16:09:08  계산거리:-1.00
16:09:08  접근속도:0.00
16:09:08  TTC:999.00
16:09:08  방향오차:0.0
16:09:08  전방여부:0
16:09:08  위험음성횟수:0
16:09:08  충격음성횟수:0
16:09:08  마지막위험음성:0
16:09:08  RSSI원시:-69
16:09:08  RSSI평활:-68.8
16:09:08  RSSI샘플:4365
16:09:08  RSSI경과ms:96
16:09:08  위험송신:4365
16:09:08  위험:0
16:09:08  원시위험:0
16:09:08  GPS유효:0
16:09:08  위도:0.000000
16:09:08  경도:0.000000
16:09:08  속도:0.00
16:09:08  방향:0.0
16:09:08  가속도:-0.42,1.13,9.70
16:09:09  자이로:1.4,-2.0,-1.1
16:09:09  충격값:0.07
16:09:09  송신:5276
16:09:09  지팡이수신:4375
16:09:09  GPS위성:0
16:09:09  GPS_HDOP:99.00
16:09:09  원시위도:0.000000
16:09:09  원시경도:0.000000
16:09:09  GPS채택:0
16:09:09  GPS이상치거부:0
16:09:09  GPS품질거부:0
16:09:09  GPS재기준:0
16:09:09  계산거리:-1.00
16:09:09  접근속도:0.00
16:09:09  TTC:999.00
16:09:09  방향오차:0.0
16:09:09  전방여부:0
16:09:09  위험음성횟수:0
16:09:09  충격음성횟수:0
16:09:09  마지막위험음성:0
16:09:09  RSSI원시:-69
16:09:09  RSSI평활:-68.2
16:09:09  RSSI샘플:4375
16:09:09  RSSI경과ms:29
16:09:09  위험송신:4375
16:09:09  위험:0
16:09:09  원시위험:0
16:09:09  GPS유효:0
16:09:09  위도:0.000000
16:09:09  경도:0.000000
16:09:09  속도:0.00
16:09:09  방향:0.0
16:09:09  가속도:-0.51,1.07,9.62
16:09:09  자이로:-2.8,-1.3,-1.0
16:09:09  충격값:0.11
16:09:10  송신:5286
16:09:10  지팡이수신:4385
16:09:10  GPS위성:0
16:09:10  GPS_HDOP:99.00
16:09:10  원시위도:0.000000
16:09:10  원시경도:0.000000
16:09:10  GPS채택:0
16:09:10  GPS이상치거부:0
16:09:10  GPS품질거부:0
16:09:10  GPS재기준:0
16:09:10  계산거리:-1.00
16:09:10  접근속도:0.00
16:09:10  TTC:999.00
16:09:10  방향오차:0.0
16:09:10  전방여부:0
16:09:10  위험음성횟수:0
16:09:10  충격음성횟수:0
16:09:10  마지막위험음성:0
16:09:10  RSSI원시:-66
16:09:10  RSSI평활:-67.2
16:09:10  RSSI샘플:4385
16:09:10  RSSI경과ms:1
16:09:10  위험송신:4385
16:09:13  위험:0
16:09:13  원시위험:0
16:09:13  GPS유효:0
16:09:13  위도:0.000000
16:09:13  경도:0.000000
16:09:13  속도:0.00
16:09:13  방향:0.0
16:09:13  가속도:-0.48,1.08,9.66
16:09:14  자이로:-1.0,0.6,-0.3
16:09:14  충격값:0.08
16:09:14  송신:5324
16:09:14  지팡이수신:4422
16:09:14  GPS위성:0
16:09:14  GPS_HDOP:99.00
16:09:14  원시위도:0.000000
16:09:14  원시경도:0.000000
16:09:14  GPS채택:0
16:09:14  GPS이상치거부:0
16:09:14  GPS품질거부:0
16:09:14  GPS재기준:0
16:09:14  계산거리:-1.00
16:09:14  접근속도:0.00
16:09:14  TTC:999.00
16:09:14  방향오차:0.0
16:09:14  전방여부:0
16:09:14  위험음성횟수:0
16:09:14  충격음성횟수:0
16:09:14  마지막위험음성:0
16:09:14  RSSI원시:-70
16:09:14  RSSI평활:-69.1
16:09:14  RSSI샘플:4422
16:09:14  RSSI경과ms:2
16:09:14  위험송신:4422
16:09:17  위험:0
16:09:17  원시위험:0
16:09:17  GPS유효:0
16:09:17  위도:0.000000
16:09:17  경도:0.000000
16:09:17  속도:0.00
16:09:17  방향:0.0
16:09:17  가속도:-0.42,1.12,9.69
16:09:17  자이로:2.0,-0.0,-3.0
16:09:17  충격값:0.05
16:09:17  송신:5362
16:09:17  지팡이수신:4459
16:09:18  GPS위성:0
16:09:18  GPS_HDOP:99.00
16:09:18  원시위도:0.000000
16:09:18  원시경도:0.000000
16:09:18  GPS채택:0
16:09:18  GPS이상치거부:0
16:09:18  GPS품질거부:0
16:09:18  GPS재기준:0
16:09:18  계산거리:-1.00
16:09:18  접근속도:0.00
16:09:18  TTC:999.00
16:09:18  방향오차:0.0
16:09:18  전방여부:0
16:09:18  위험음성횟수:0
16:09:18  충격음성횟수:0
16:09:18  마지막위험음성:0
16:09:18  RSSI원시:-68
16:09:18  RSSI평활:-68.4
16:09:18  RSSI샘플:4459
16:09:18  RSSI경과ms:21
16:09:18  위험송신:4459
16:09:19  위험:0
16:09:19  원시위험:0
16:09:19  GPS유효:0
16:09:19  위도:0.000000
16:09:19  경도:0.000000
16:09:19  속도:0.00
16:09:19  방향:0.0
16:09:19  가속도:-0.44,0.98,9.58
16:09:20  자이로:1.3,1.7,-2.1
16:09:20  충격값:0.15
16:09:20  송신:5381
16:09:20  지팡이수신:4478
16:09:20  GPS위성:0
16:09:20  GPS_HDOP:99.00
16:09:20  원시위도:0.000000
16:09:20  원시경도:0.000000
16:09:20  GPS채택:0
16:09:20  GPS이상치거부:0
16:09:20  GPS품질거부:0
16:09:20  GPS재기준:0
16:09:20  계산거리:-1.00
16:09:20  접근속도:0.00
16:09:20  TTC:999.00
16:09:20  방향오차:0.0
16:09:20  전방여부:0
16:09:20  위험음성횟수:0
16:09:20  충격음성횟수:0
16:09:20  마지막위험음성:0
16:09:20  RSSI원시:-68
16:09:20  RSSI평활:-68.3
16:09:20  RSSI샘플:4478
16:09:20  RSSI경과ms:24
16:09:20  위험송신:4478
16:09:22  위험:0
16:09:22  원시위험:0
16:09:22  GPS유효:0
16:09:22  위도:0.000000
16:09:22  경도:0.000000
16:09:22  속도:0.00
16:09:22  방향:0.0
16:09:22  가속도:-0.34,1.14,9.59
16:09:22  자이로:-0.2,2.3,-0.9
16:09:22  충격값:0.10
16:09:23  송신:5410
16:09:23  지팡이수신:4506
16:09:23  GPS위성:0
16:09:23  GPS_HDOP:99.00
16:09:23  원시위도:0.000000
16:09:23  원시경도:0.000000
16:09:23  GPS채택:0
16:09:23  GPS이상치거부:0
16:09:23  GPS품질거부:0
16:09:23  GPS재기준:0
16:09:23  계산거리:-1.00
16:09:23  접근속도:0.00
16:09:23  TTC:999.00
16:09:23  방향오차:0.0
16:09:23  전방여부:0
16:09:23  위험음성횟수:0
16:09:23  충격음성횟수:0
16:09:23  마지막위험음성:0
16:09:23  RSSI원시:-68
16:09:23  RSSI평활:-68.4
16:09:23  RSSI샘플:4506
16:09:23  RSSI경과ms:82
16:09:23  위험송신:4506
16:09:23  위험:0
16:09:23  원시위험:0
16:09:23  GPS유효:0
16:09:23  위도:0.000000
16:09:23  경도:0.000000
16:09:23  속도:0.00
16:09:23  방향:0.0
16:09:23  가속도:-0.46,1.24,9.66
16:09:23  자이로:4.9,-2.7,1.7
16:09:23  충격값:0.12
16:09:23  송신:5419
16:09:24  지팡이수신:4516
16:09:24  GPS위성:0
16:09:24  GPS_HDOP:99.00
16:09:24  원시위도:0.000000
16:09:24  원시경도:0.000000
16:09:24  GPS채택:0
16:09:24  GPS이상치거부:0
16:09:24  GPS품질거부:0
16:09:24  GPS재기준:0
16:09:24  계산거리:-1.00
16:09:24  접근속도:0.00
16:09:24  TTC:999.00
16:09:24  방향오차:0.0
16:09:24  전방여부:0
16:09:24  위험음성횟수:0
16:09:24  충격음성횟수:0
16:09:24  마지막위험음성:0
16:09:24  RSSI원시:-67
16:09:24  RSSI평활:-68.3
16:09:24  RSSI샘플:4516
16:09:24  RSSI경과ms:31
16:09:24  위험송신:4516
16:09:24  위험:0
16:09:24  원시위험:0
16:09:24  GPS유효:0
16:09:24  위도:0.000000
16:09:24  경도:0.000000
16:09:24  속도:0.00
16:09:25  방향:0.0
16:09:25  가속도:-0.52,1.14,9.64
16:09:25  자이로:-0.9,-2.6,-1.8
16:09:25  충격값:0.08
16:09:25  송신:5429
16:09:25  지팡이수신:4525
16:09:25  GPS위성:0
16:09:25  GPS_HDOP:99.00
16:09:25  원시위도:0.000000
16:09:25  원시경도:0.000000
16:09:25  GPS채택:0
16:09:25  GPS이상치거부:0
16:09:25  GPS품질거부:0
16:09:25  GPS재기준:0
16:09:25  계산거리:-1.00
16:09:25  접근속도:0.00
16:09:25  TTC:999.00
16:09:25  방향오차:0.0
16:09:25  전방여부:0
16:09:25  위험음성횟수:0
16:09:25  충격음성횟수:0
16:09:25  마지막위험음성:0
16:09:25  RSSI원시:-67
16:09:25  RSSI평활:-67.3
16:09:25  RSSI샘플:4525
16:09:25  RSSI경과ms:84
16:09:25  위험송신:4525
16:09:25  위험:0
16:09:25  원시위험:0
16:09:25  GPS유효:0
16:09:25  위도:0.000000
16:09:25  경도:0.000000
16:09:25  속도:0.00
16:09:25  방향:0.0
16:09:25  가속도:-0.34,1.24,9.53
16:09:25  자이로:-0.1,-2.6,-1.1
16:09:26  충격값:0.17
16:09:26  송신:5438
16:09:26  지팡이수신:4535
16:09:26  GPS위성:0
16:09:26  GPS_HDOP:99.00
16:09:26  원시위도:0.000000
16:09:26  원시경도:0.000000
16:09:26  GPS채택:0
16:09:26  GPS이상치거부:0
16:09:26  GPS품질거부:0
16:09:26  GPS재기준:0
16:09:26  계산거리:-1.00
16:09:26  접근속도:0.00
16:09:26  TTC:999.00
16:09:26  방향오차:0.0
16:09:26  전방여부:0
16:09:26  위험음성횟수:0
16:09:26  충격음성횟수:0
16:09:26  마지막위험음성:0
16:09:26  RSSI원시:-72
16:09:26  RSSI평활:-70.6
16:09:26  RSSI샘플:4535
16:09:26  RSSI경과ms:32
16:09:26  위험송신:4535
16:09:26  위험:0
16:09:27  원시위험:0
16:09:27  GPS유효:0
16:09:27  위도:0.000000
16:09:27  경도:0.000000
16:09:27  속도:0.00
16:09:27  방향:0.0
16:09:27  가속도:-0.38,1.24,9.60
16:09:27  자이로:4.4,-0.3,0.4
16:09:27  충격값:0.11
16:09:27  송신:5448
16:09:27  지팡이수신:4544
16:09:27  GPS위성:0
16:09:27  GPS_HDOP:99.00
16:09:27  원시위도:0.000000
16:09:27  원시경도:0.000000
16:09:27  GPS채택:0
16:09:27  GPS이상치거부:0
16:09:27  GPS품질거부:0
16:09:27  GPS재기준:0
16:09:27  계산거리:-1.00
16:09:27  접근속도:0.00
16:09:27  TTC:999.00
16:09:27  방향오차:0.0
16:09:27  전방여부:0
16:09:27  위험음성횟수:0
16:09:27  충격음성횟수:0
16:09:27  마지막위험음성:0
16:09:27  RSSI원시:-67
16:09:27  RSSI평활:-68.5
16:09:27  RSSI샘플:4544
16:09:27  RSSI경과ms:85
16:09:27  위험송신:4544
16:09:27  위험:0
16:09:27  원시위험:0
16:09:27  GPS유효:0
16:09:27  위도:0.000000
16:09:27  경도:0.000000
16:09:27  속도:0.00
16:09:27  방향:0.0
16:09:27  가속도:-0.36,1.17,9.62
16:09:28  자이로:3.7,-0.5,1.2
16:09:28  충격값:0.07
16:09:28  송신:5457
16:09:28  지팡이수신:4554
16:09:28  GPS위성:0
16:09:28  GPS_HDOP:99.00
16:09:28  원시위도:0.000000
16:09:28  원시경도:0.000000
16:09:28  GPS채택:0
16:09:28  GPS이상치거부:0
16:09:28  GPS품질거부:0
16:09:28  GPS재기준:0
16:09:28  계산거리:-1.00
16:09:28  접근속도:0.00
16:09:28  TTC:999.00
16:09:28  방향오차:0.0
16:09:28  전방여부:0
16:09:28  위험음성횟수:0
16:09:28  충격음성횟수:0
16:09:28  마지막위험음성:0
16:09:28  RSSI원시:-69
16:09:28  RSSI평활:-68.7
16:09:28  RSSI샘플:4554
16:09:28  RSSI경과ms:40
16:09:28  위험송신:4554
16:09:30  위험:0
16:09:30  원시위험:0
16:09:30  GPS유효:0
16:09:30  위도:0.000000
16:09:30  경도:0.000000
16:09:30  속도:0.00
16:09:30  방향:0.0
16:09:30  가속도:-0.35,1.24,9.57
16:09:30  자이로:2.3,-0.8,-2.5
16:09:30  충격값:0.15
16:09:31  송신:5486
16:09:31  지팡이수신:4581
16:09:31  GPS위성:0
16:09:31  GPS_HDOP:99.00
16:09:31  원시위도:0.000000
16:09:31  원시경도:0.000000
16:09:31  GPS채택:0
16:09:31  GPS이상치거부:0
16:09:31  GPS품질거부:0
16:09:31  GPS재기준:0
16:09:31  계산거리:-1.00
16:09:31  접근속도:0.00
16:09:31  TTC:999.00
16:09:31  방향오차:0.0
16:09:31  전방여부:0
16:09:31  위험음성횟수:0
16:09:31  충격음성횟수:0
16:09:31  마지막위험음성:0
16:09:31  RSSI원시:-73
16:09:31  RSSI평활:-69.5
16:09:31  RSSI샘플:4581
16:09:31  RSSI경과ms:101
16:09:31  위험송신:4581
16:09:31  위험:0
16:09:31  원시위험:0
16:09:31  GPS유효:0
16:09:31  위도:0.000000
16:09:31  경도:0.000000
16:09:31  속도:0.00
16:09:32  방향:0.0
16:09:32  가속도:-0.44,1.15,9.58
16:09:32  자이로:-0.2,0.2,-2.7
16:09:32  충격값:0.05
16:09:32  송신:5496
16:09:32  지팡이수신:4591
16:09:32  GPS위성:0
16:09:32  GPS_HDOP:99.00
16:09:32  원시위도:0.000000
16:09:32  원시경도:0.000000
16:09:32  GPS채택:0
16:09:32  GPS이상치거부:0
16:09:32  GPS품질거부:0
16:09:32  GPS재기준:0
16:09:32  계산거리:-1.00
16:09:32  접근속도:0.00
16:09:32  TTC:999.00
16:09:32  방향오차:0.0
16:09:32  전방여부:0
16:09:32  위험음성횟수:0
16:09:32  충격음성횟수:0
16:09:32  마지막위험음성:0
16:09:32  RSSI원시:-70
16:09:32  RSSI평활:-70.9
16:09:32  RSSI샘플:4591
16:09:32  RSSI경과ms:51
16:09:32  위험송신:4591
16:09:32  위험:0
16:09:32  원시위험:0
16:09:32  GPS유효:0
16:09:32  위도:0.000000
16:09:32  경도:0.000000
16:09:32  속도:0.00
16:09:32  방향:0.0
16:09:32  가속도:-0.38,1.17,9.61
16:09:32  자이로:0.5,-2.2,0.4
16:09:33  충격값:0.06
16:09:33  송신:5505
16:09:33  지팡이수신:4600
16:09:33  GPS위성:0
16:09:33  GPS_HDOP:99.00
16:09:33  원시위도:0.000000
16:09:33  원시경도:0.000000
16:09:33  GPS채택:0
16:09:33  GPS이상치거부:0
16:09:33  GPS품질거부:0
16:09:33  GPS재기준:0
16:09:33  계산거리:-1.00
16:09:33  접근속도:0.00
16:09:33  TTC:999.00
16:09:33  방향오차:0.0
16:09:33  전방여부:0
16:09:33  위험음성횟수:0
16:09:33  충격음성횟수:0
16:09:33  마지막위험음성:0
16:09:33  RSSI원시:-69
16:09:33  RSSI평활:-71.4
16:09:33  RSSI샘플:4600
16:09:33  RSSI경과ms:104
16:09:33  위험송신:4600
