16:05:25  위험:0
16:05:25  GPS유효:0
16:05:25  위도:0.000000
16:05:25  경도:0.000000
16:05:25  속도:0.00
16:05:25  방향:0.0
16:05:25  가속도:0.61,-0.81,9.70
16:05:25  송신:1812
16:05:25  GPS위성:0
16:05:25  GPS_HDOP:99.00
16:05:25  원시위도:0.000000
16:05:25  원시경도:0.000000
16:05:25  GPS채택:0
16:05:25  GPS이상치거부:0
16:05:25  GPS품질거부:0
16:05:25  GPS재기준:0
16:05:25  RSSI원시:-54
16:05:25  RSSI평활:-54.3
16:05:25  RSSI샘플:3539
16:05:25  RSSI경과ms:61
16:05:25  차량수신:1770
16:05:26  위험:0
16:05:26  GPS유효:0
16:05:26  위도:0.000000
16:05:26  경도:0.000000
16:05:26  속도:0.00
16:05:26  방향:0.0
16:05:26  가속도:0.75,-0.90,9.70
16:05:26  송신:1821
16:05:26  GPS위성:0
16:05:26  GPS_HDOP:99.00
16:05:26  원시위도:0.000000
16:05:26  원시경도:0.000000
16:05:26  GPS채택:0
16:05:26  GPS이상치거부:0
16:05:26  GPS품질거부:0
16:05:26  GPS재기준:0
16:05:26  RSSI원시:-54
16:05:26  RSSI평활:-54.0
16:05:26  RSSI샘플:3559
16:05:26  RSSI경과ms:14
16:05:26  차량수신:1780
16:05:27  위험:0
16:05:27  GPS유효:0
16:05:27  위도:0.000000
16:05:27  경도:0.000000
16:05:27  속도:0.00
16:05:27  방향:0.0
16:05:27  가속도:0.67,-0.79,9.61
16:05:27  송신:1831
16:05:27  GPS위성:0
16:05:27  GPS_HDOP:99.00
16:05:27  원시위도:0.000000
16:05:27  원시경도:0.000000
16:05:27  GPS채택:0
16:05:27  GPS이상치거부:0
16:05:27  GPS품질거부:0
16:05:27  GPS재기준:0
16:05:27  RSSI원시:-53
16:05:27  RSSI평활:-53.9
16:05:27  RSSI샘플:3578
16:05:27  RSSI경과ms:5
16:05:27  차량수신:1789
16:05:28  위험:0
16:05:28  GPS유효:0
16:05:28  위도:0.000000
16:05:28  경도:0.000000
16:05:28  속도:0.00
16:05:28  방향:0.0
16:05:28  가속도:0.64,-0.79,9.68
16:05:28  송신:1840
16:05:28  GPS위성:0
16:05:28  GPS_HDOP:99.00
16:05:28  원시위도:0.000000
16:05:28  원시경도:0.000000
16:05:28  GPS채택:0
16:05:28  GPS이상치거부:0
16:05:28  GPS품질거부:0
16:05:28  GPS재기준:0
16:05:28  RSSI원시:-54
16:05:28  RSSI평활:-54.2
16:05:28  RSSI샘플:3597
16:05:28  RSSI경과ms:12
16:05:28  차량수신:1799
16:05:29  위험:0
16:05:29  GPS유효:0
16:05:29  위도:0.000000
16:05:29  경도:0.000000
16:05:29  속도:0.00
16:05:29  방향:0.0
16:05:29  가속도:0.67,-0.89,9.81
16:05:29  송신:1850
16:05:29  GPS위성:0
16:05:29  GPS_HDOP:99.00
16:05:29  원시위도:0.000000
16:05:29  원시경도:0.000000
16:05:29  GPS채택:0
16:05:29  GPS이상치거부:0
16:05:29  GPS품질거부:0
16:05:29  GPS재기준:0
16:05:29  RSSI원시:-54
16:05:29  RSSI평활:-54.1
16:05:29  RSSI샘플:3615
16:05:29  RSSI경과ms:83
16:05:29  차량수신:1808
16:05:30  위험:0
16:05:30  GPS유효:0
16:05:30  위도:0.000000
16:05:30  경도:0.000000
16:05:30  속도:0.00
16:05:30  방향:0.0
16:05:30  가속도:0.72,-0.84,9.70
16:05:30  송신:1859
16:05:30  GPS위성:0
16:05:30  GPS_HDOP:99.00
16:05:30  원시위도:0.000000
16:05:30  원시경도:0.000000
16:05:30  GPS채택:0
16:05:30  GPS이상치거부:0
16:05:30  GPS품질거부:0
16:05:30  GPS재기준:0
16:05:30  RSSI원시:-55
16:05:30  RSSI평활:-54.4
16:05:30  RSSI샘플:3635
16:05:30  RSSI경과ms:34
16:05:30  차량수신:1818
16:05:31  위험:0
16:05:31  GPS유효:0
16:05:31  위도:0.000000
16:05:31  경도:0.000000
16:05:31  속도:0.00
16:05:31  방향:0.0
16:05:31  가속도:0.57,-1.02,9.64
16:05:31  송신:1869
16:05:31  GPS위성:0
16:05:31  GPS_HDOP:99.00
16:05:31  원시위도:0.000000
16:05:31  원시경도:0.000000
16:05:31  GPS채택:0
16:05:31  GPS이상치거부:0
16:05:31  GPS품질거부:0
16:05:31  GPS재기준:0
16:05:31  RSSI원시:-54
16:05:31  RSSI평활:-54.2
16:05:31  RSSI샘플:3654
16:05:31  RSSI경과ms:22
16:05:31  차량수신:1827
16:05:32  위험:0
16:05:32  GPS유효:0
16:05:32  위도:0.000000
16:05:32  경도:0.000000
16:05:32  속도:0.00
16:05:32  방향:0.0
16:05:32  가속도:0.62,-0.87,9.72
16:05:32  송신:1878
16:05:32  GPS위성:0
16:05:32  GPS_HDOP:99.00
16:05:32  원시위도:0.000000
16:05:32  원시경도:0.000000
16:05:32  GPS채택:0
16:05:32  GPS이상치거부:0
16:05:32  GPS품질거부:0
16:05:32  GPS재기준:0
16:05:32  RSSI원시:-54
16:05:32  RSSI평활:-54.4
16:05:32  RSSI샘플:3673
16:05:32  RSSI경과ms:48
16:05:32  차량수신:1837
16:05:34  위험:0
16:05:34  GPS유효:0
16:05:34  위도:0.000000
16:05:34  경도:0.000000
16:05:34  속도:0.00
16:05:34  방향:0.0
16:05:34  가속도:0.56,-0.81,9.70
16:05:34  송신:1897
16:05:34  GPS위성:0
16:05:34  GPS_HDOP:99.00
16:05:34  원시위도:0.000000
16:05:34  원시경도:0.000000
16:05:34  GPS채택:0
16:05:34  GPS이상치거부:0
16:05:34  GPS품질거부:0
16:05:34  GPS재기준:0
16:05:34  RSSI원시:-55
16:05:34  RSSI평활:-54.7
16:05:34  RSSI샘플:3710
16:05:34  RSSI경과ms:42
16:05:34  차량수신:1856
16:05:35  위험:0
16:05:35  GPS유효:0
16:05:35  위도:0.000000
16:05:35  경도:0.000000
16:05:35  속도:0.00
16:05:35  방향:0.0
16:05:35  가속도:0.63,-0.85,9.71
16:05:35  송신:1907
16:05:35  GPS위성:0
16:05:35  GPS_HDOP:99.00
16:05:35  원시위도:0.000000
16:05:35  원시경도:0.000000
16:05:35  GPS채택:0
16:05:35  GPS이상치거부:0
16:05:35  GPS품질거부:0
16:05:35  GPS재기준:0
16:05:35  RSSI원시:-54
16:05:35  RSSI평활:-54.8
16:05:35  RSSI샘플:3729
16:05:35  RSSI경과ms:32
16:05:35  차량수신:1865
16:05:36  위험:0
16:05:36  GPS유효:0
16:05:36  위도:0.000000
16:05:36  경도:0.000000
16:05:36  속도:0.00
16:05:36  방향:0.0
16:05:36  가속도:0.71,-0.93,9.78
16:05:36  송신:1916
16:05:36  GPS위성:0
16:05:36  GPS_HDOP:99.00
16:05:36  원시위도:0.000000
16:05:36  원시경도:0.000000
16:05:36  GPS채택:0
16:05:36  GPS이상치거부:0
16:05:36  GPS품질거부:0
16:05:36  GPS재기준:0
16:05:36  RSSI원시:-54
16:05:36  RSSI평활:-54.1
16:05:36  RSSI샘플:3748
16:05:36  RSSI경과ms:50
16:05:36  차량수신:1875
16:05:37  위험:0
16:05:37  GPS유효:0
16:05:37  위도:0.000000
16:05:37  경도:0.000000
16:05:37  속도:0.00
16:05:37  방향:0.0
16:05:37  가속도:0.73,-0.93,9.74
16:05:37  송신:1926
16:05:37  GPS위성:0
16:05:37  GPS_HDOP:99.00
16:05:37  원시위도:0.000000
16:05:37  원시경도:0.000000
16:05:37  GPS채택:0
16:05:37  GPS이상치거부:0
16:05:37  GPS품질거부:0
16:05:37  GPS재기준:0
16:05:37  RSSI원시:-54
16:05:37  RSSI평활:-54.1
16:05:37  RSSI샘플:3767
16:05:37  RSSI경과ms:41
16:05:37  차량수신:1884
16:05:38  위험:0
16:05:38  GPS유효:0
16:05:38  위도:0.000000
16:05:38  경도:0.000000
16:05:38  속도:0.00
16:05:38  방향:0.0
16:05:38  가속도:0.65,-1.04,9.79
16:05:38  송신:1936
16:05:38  GPS위성:0
16:05:38  GPS_HDOP:99.00
16:05:38  원시위도:0.000000
16:05:38  원시경도:0.000000
16:05:38  GPS채택:0
16:05:38  GPS이상치거부:0
16:05:38  GPS품질거부:0
16:05:38  GPS재기준:0
16:05:38  RSSI원시:-53
16:05:38  RSSI평활:-53.4
16:05:38  RSSI샘플:3786
16:05:38  RSSI경과ms:60
16:05:38  차량수신:1894
16:05:39  위험:0
16:05:39  GPS유효:0
16:05:39  위도:0.000000
16:05:39  경도:0.000000
16:05:39  속도:0.00
16:05:39  방향:0.0
16:05:39  가속도:0.79,-0.98,9.70
16:05:39  송신:1945
16:05:39  GPS위성:0
16:05:39  GPS_HDOP:99.00
16:05:39  원시위도:0.000000
16:05:39  원시경도:0.000000
16:05:39  GPS채택:0
16:05:39  GPS이상치거부:0
16:05:39  GPS품질거부:0
16:05:39  GPS재기준:0
16:05:39  RSSI원시:-54
16:05:39  RSSI평활:-54.2
16:05:39  RSSI샘플:3806
16:05:39  RSSI경과ms:3
16:05:39  차량수신:1904
16:05:40  위험:0
16:05:40  GPS유효:0
16:05:40  위도:0.000000
16:05:40  경도:0.000000
16:05:40  속도:0.00
16:05:40  방향:0.0
16:05:40  가속도:0.66,-0.99,9.62
16:05:40  송신:1955
16:05:40  GPS위성:0
16:05:40  GPS_HDOP:99.00
16:05:40  원시위도:0.000000
16:05:40  원시경도:0.000000
16:05:40  GPS채택:0
16:05:40  GPS이상치거부:0
16:05:40  GPS품질거부:0
16:05:40  GPS재기준:0
16:05:40  RSSI원시:-54
16:05:40  RSSI평활:-54.4
16:05:40  RSSI샘플:3823
16:05:40  RSSI경과ms:63
16:05:40  차량수신:1913
16:05:41  위험:0
16:05:41  GPS유효:0
16:05:41  위도:0.000000
16:05:41  경도:0.000000
16:05:41  속도:0.00
16:05:41  방향:0.0
16:05:41  가속도:0.71,-1.04,9.70
16:05:41  송신:1964
16:05:41  GPS위성:0
16:05:41  GPS_HDOP:99.00
16:05:41  원시위도:0.000000
16:05:41  원시경도:0.000000
16:05:41  GPS채택:0
16:05:41  GPS이상치거부:0
16:05:41  GPS품질거부:0
16:05:41  GPS재기준:0
16:05:41  RSSI원시:-55
16:05:41  RSSI평활:-55.0
16:05:41  RSSI샘플:3842
16:05:41  RSSI경과ms:1
16:05:41  차량수신:1923
16:05:42  위험:0
16:05:42  GPS유효:0
16:05:42  위도:0.000000
16:05:42  경도:0.000000
16:05:42  속도:0.00
16:05:42  방향:0.0
16:05:42  가속도:0.68,-1.03,9.72
16:05:42  송신:1974
16:05:42  GPS위성:0
16:05:42  GPS_HDOP:99.00
16:05:42  원시위도:0.000000
16:05:42  원시경도:0.000000
16:05:42  GPS채택:0
16:05:42  GPS이상치거부:0
16:05:42  GPS품질거부:0
16:05:42  GPS재기준:0
16:05:42  RSSI원시:-55
16:05:42  RSSI평활:-54.6
16:05:42  RSSI샘플:3861
16:05:42  RSSI경과ms:10
16:05:42  차량수신:1932
16:05:44  위험:0
16:05:44  GPS유효:0
16:05:44  위도:0.000000
16:05:44  경도:0.000000
16:05:44  속도:0.00
16:05:44  방향:0.0
16:05:44  가속도:0.84,-1.08,9.69
16:05:44  송신:1993
16:05:44  GPS위성:0
16:05:44  GPS_HDOP:99.00
16:05:44  원시위도:0.000000
16:05:44  원시경도:0.000000
16:05:44  GPS채택:0
16:05:44  GPS이상치거부:0
16:05:44  GPS품질거부:0
16:05:44  GPS재기준:0
16:05:44  RSSI원시:-54
16:05:44  RSSI평활:-54.5
16:05:44  RSSI샘플:3899
16:05:44  RSSI경과ms:15
16:05:44  차량수신:1951
16:05:45  위험:0
16:05:45  GPS유효:0
16:05:45  위도:0.000000
16:05:45  경도:0.000000
16:05:45  속도:0.00
16:05:45  방향:0.0
16:05:45  가속도:0.78,-0.95,9.67
16:05:45  송신:2002
16:05:45  GPS위성:0
16:05:45  GPS_HDOP:99.00
16:05:45  원시위도:0.000000
16:05:45  원시경도:0.000000
16:05:45  GPS채택:0
16:05:45  GPS이상치거부:0
16:05:45  GPS품질거부:0
16:05:45  GPS재기준:0
16:05:45  RSSI원시:-54
16:05:45  RSSI평활:-54.5
16:05:45  RSSI샘플:3917
16:05:45  RSSI경과ms:11
16:05:45  차량수신:1961
16:05:47  위험:0
16:05:47  GPS유효:0
16:05:47  위도:0.000000
16:05:47  경도:0.000000
16:05:47  속도:0.00
16:05:47  방향:0.0
16:05:47  가속도:0.70,-0.98,9.64
16:05:47  송신:2021
16:05:47  GPS위성:0
16:05:47  GPS_HDOP:99.00
16:05:47  원시위도:0.000000
16:05:47  원시경도:0.000000
16:05:47  GPS채택:0
16:05:47  GPS이상치거부:0
16:05:47  GPS품질거부:0
16:05:47  GPS재기준:0
16:05:47  RSSI원시:-53
16:05:47  RSSI평활:-54.1
16:05:47  RSSI샘플:3955
16:05:47  RSSI경과ms:21
16:05:47  차량수신:1980
16:05:48  위험:0
16:05:48  GPS유효:0
16:05:48  위도:0.000000
16:05:48  경도:0.000000
16:05:48  속도:0.00
16:05:48  방향:0.0
16:05:48  가속도:0.76,-0.99,9.76
16:05:48  송신:2031
16:05:48  GPS위성:0
16:05:48  GPS_HDOP:99.00
16:05:48  원시위도:0.000000
16:05:48  원시경도:0.000000
16:05:48  GPS채택:0
16:05:48  GPS이상치거부:0
16:05:48  GPS품질거부:0
16:05:48  GPS재기준:0
16:05:48  RSSI원시:-54
16:05:48  RSSI평활:-53.9
16:05:48  RSSI샘플:3974
16:05:48  RSSI경과ms:24
16:05:48  차량수신:1989
16:05:49  위험:0
16:05:49  GPS유효:0
16:05:49  위도:0.000000
16:05:49  경도:0.000000
16:05:49  속도:0.00
16:05:49  방향:0.0
16:05:49  가속도:0.94,-1.02,9.74
16:05:49  송신:2040
16:05:49  GPS위성:0
16:05:49  GPS_HDOP:99.00
16:05:49  원시위도:0.000000
16:05:49  원시경도:0.000000
16:05:49  GPS채택:0
16:05:49  GPS이상치거부:0
16:05:49  GPS품질거부:0
16:05:49  GPS재기준:0
16:05:49  RSSI원시:-54
16:05:49  RSSI평활:-54.1
16:05:49  RSSI샘플:3993
16:05:49  RSSI경과ms:35
16:05:49  차량수신:1999
16:05:51  위험:0
16:05:51  GPS유효:0
16:05:51  위도:0.000000
16:05:51  경도:0.000000
16:05:51  속도:0.00
16:05:51  방향:0.0
16:05:51  가속도:0.77,-1.09,9.65
16:05:51  송신:2059
16:05:51  GPS위성:0
16:05:51  GPS_HDOP:99.00
16:05:51  원시위도:0.000000
16:05:51  원시경도:0.000000
16:05:51  GPS채택:0
16:05:51  GPS이상치거부:0
16:05:51  GPS품질거부:0
16:05:51  GPS재기준:0
16:05:51  RSSI원시:-53
16:05:51  RSSI평활:-53.7
16:05:51  RSSI샘플:4031
16:05:51  RSSI경과ms:47
16:05:51  차량수신:2018
