16:05:23  위험:0
16:05:23  원시위험:0
16:05:23  GPS유효:0
16:05:23  위도:0.000000
16:05:23  경도:0.000000
16:05:23  속도:0.00
16:05:23  방향:0.0
16:05:23  가속도:-0.40,1.19,9.51
16:05:23  자이로:1.4,0.3,-0.6
16:05:23  충격값:0.15
16:05:23  송신:3129
16:05:23  지팡이수신:2294
16:05:23  GPS위성:0
16:05:23  GPS_HDOP:99.00
16:05:23  원시위도:0.000000
16:05:23  원시경도:0.000000
16:05:23  GPS채택:0
16:05:23  GPS이상치거부:0
16:05:23  GPS품질거부:0
16:05:23  GPS재기준:0
16:05:23  계산거리:-1.00
16:05:23  접근속도:0.00
16:05:23  TTC:999.00
16:05:23  방향오차:0.0
16:05:23  전방여부:0
16:05:23  위험음성횟수:0
16:05:23  충격음성횟수:0
16:05:23  마지막위험음성:0
16:05:23  RSSI원시:-55
16:05:23  RSSI평활:-55.7
16:05:23  RSSI샘플:2294
16:05:23  RSSI경과ms:69
16:05:23  위험송신:2294
16:05:24  위험:0
16:05:24  원시위험:0
16:05:24  GPS유효:0
16:05:24  위도:0.000000
16:05:24  경도:0.000000
16:05:24  속도:0.00
16:05:24  방향:0.0
16:05:24  가속도:-0.42,1.25,9.56
16:05:24  자이로:-1.1,2.2,-3.2
16:05:24  충격값:0.06
16:05:24  송신:3138
16:05:24  지팡이수신:2304
16:05:24  GPS위성:0
16:05:24  GPS_HDOP:99.00
16:05:24  원시위도:0.000000
16:05:24  원시경도:0.000000
16:05:24  GPS채택:0
16:05:24  GPS이상치거부:0
16:05:24  GPS품질거부:0
16:05:24  GPS재기준:0
16:05:24  계산거리:-1.00
16:05:24  접근속도:0.00
16:05:24  TTC:999.00
16:05:24  방향오차:0.0
16:05:24  전방여부:0
16:05:24  위험음성횟수:0
16:05:24  충격음성횟수:0
16:05:24  마지막위험음성:0
16:05:24  RSSI원시:-54
16:05:24  RSSI평활:-55.4
16:05:24  RSSI샘플:2304
16:05:24  RSSI경과ms:16
16:05:24  위험송신:2304
16:05:25  위험:0
16:05:25  원시위험:0
16:05:25  GPS유효:0
16:05:25  위도:0.000000
16:05:25  경도:0.000000
16:05:25  속도:0.00
16:05:25  방향:0.0
16:05:25  가속도:-0.48,1.24,9.49
16:05:25  자이로:2.0,-1.2,-0.7
16:05:25  충격값:0.13
16:05:25  송신:3148
16:05:25  지팡이수신:2313
16:05:25  GPS위성:0
16:05:25  GPS_HDOP:99.00
16:05:25  원시위도:0.000000
16:05:25  원시경도:0.000000
16:05:25  GPS채택:0
16:05:25  GPS이상치거부:0
16:05:25  GPS품질거부:0
16:05:25  GPS재기준:0
16:05:25  계산거리:-1.00
16:05:25  접근속도:0.00
16:05:25  TTC:999.00
16:05:25  방향오차:0.0
16:05:25  전방여부:0
16:05:25  위험음성횟수:0
16:05:25  충격음성횟수:0
16:05:25  마지막위험음성:0
16:05:25  RSSI원시:-55
16:05:25  RSSI평활:-55.0
16:05:25  RSSI샘플:2313
16:05:25  RSSI경과ms:70
16:05:25  위험송신:2313
16:05:28  위험:0
16:05:28  원시위험:0
16:05:28  GPS유효:0
16:05:28  위도:0.000000
16:05:28  경도:0.000000
16:05:28  속도:0.00
16:05:28  방향:0.0
16:05:28  가속도:-0.44,1.31,9.62
16:05:28  자이로:0.2,0.2,-1.0
16:05:28  충격값:0.04
16:05:28  송신:3176
16:05:28  지팡이수신:2342
16:05:28  GPS위성:0
16:05:28  GPS_HDOP:99.00
16:05:28  원시위도:0.000000
16:05:28  원시경도:0.000000
16:05:28  GPS채택:0
16:05:28  GPS이상치거부:0
16:05:28  GPS품질거부:0
16:05:28  GPS재기준:0
16:05:28  계산거리:-1.00
16:05:28  접근속도:0.00
16:05:28  TTC:999.00
16:05:28  방향오차:0.0
16:05:28  전방여부:0
16:05:28  위험음성횟수:0
16:05:28  충격음성횟수:0
16:05:28  마지막위험음성:0
16:05:28  RSSI원시:-55
16:05:28  RSSI평활:-54.6
16:05:28  RSSI샘플:2342
16:05:28  RSSI경과ms:25
16:05:28  위험송신:2342
16:05:31  위험:0
16:05:31  원시위험:0
16:05:31  GPS유효:0
16:05:31  위도:0.000000
16:05:31  경도:0.000000
16:05:31  속도:0.00
16:05:31  방향:0.0
16:05:31  가속도:-0.49,1.29,9.57
16:05:31  자이로:-0.2,1.7,-0.1
16:05:31  충격값:0.04
16:05:31  송신:3205
16:05:31  지팡이수신:2370
16:05:31  GPS위성:0
16:05:31  GPS_HDOP:99.00
16:05:31  원시위도:0.000000
16:05:31  원시경도:0.000000
16:05:31  GPS채택:0
16:05:31  GPS이상치거부:0
16:05:31  GPS품질거부:0
16:05:31  GPS재기준:0
16:05:31  계산거리:-1.00
16:05:31  접근속도:0.00
16:05:31  TTC:999.00
16:05:31  방향오차:0.0
16:05:31  전방여부:0
16:05:31  위험음성횟수:0
16:05:31  충격음성횟수:0
16:05:31  마지막위험음성:0
16:05:31  RSSI원시:-55
16:05:31  RSSI평활:-54.8
16:05:31  RSSI샘플:2370
16:05:31  RSSI경과ms:87
16:05:31  위험송신:2370
16:05:32  위험:0
16:05:32  원시위험:0
16:05:32  GPS유효:0
16:05:32  위도:0.000000
16:05:32  경도:0.000000
16:05:32  속도:0.00
16:05:32  방향:0.0
16:05:32  가속도:-0.37,1.28,9.65
16:05:32  자이로:3.2,-0.4,0.8
16:05:32  충격값:0.10
16:05:32  송신:3215
16:05:32  지팡이수신:2380
16:05:32  GPS위성:0
16:05:32  GPS_HDOP:99.00
16:05:32  원시위도:0.000000
16:05:32  원시경도:0.000000
16:05:32  GPS채택:0
16:05:32  GPS이상치거부:0
16:05:32  GPS품질거부:0
16:05:32  GPS재기준:0
16:05:32  계산거리:-1.00
16:05:32  접근속도:0.00
16:05:32  TTC:999.00
16:05:32  방향오차:0.0
16:05:32  전방여부:0
16:05:32  위험음성횟수:0
16:05:32  충격음성횟수:0
16:05:32  마지막위험음성:0
16:05:32  RSSI원시:-55
16:05:32  RSSI평활:-54.9
16:05:32  RSSI샘플:2380
16:05:32  RSSI경과ms:41
16:05:32  위험송신:2380
16:05:33  위험:0
16:05:33  원시위험:0
16:05:33  GPS유효:0
16:05:33  위도:0.000000
16:05:33  경도:0.000000
16:05:33  속도:0.00
16:05:33  방향:0.0
16:05:33  가속도:-0.54,1.35,9.65
16:05:33  자이로:-0.9,0.9,1.4
16:05:33  충격값:0.11
16:05:33  송신:3224
16:05:33  지팡이수신:2388
16:05:33  GPS위성:0
16:05:33  GPS_HDOP:99.00
16:05:33  원시위도:0.000000
16:05:33  원시경도:0.000000
16:05:33  GPS채택:0
16:05:33  GPS이상치거부:0
16:05:33  GPS품질거부:0
16:05:33  GPS재기준:0
16:05:33  계산거리:-1.00
16:05:33  접근속도:0.00
16:05:33  TTC:999.00
16:05:33  방향오차:0.0
16:05:33  전방여부:0
16:05:33  위험음성횟수:0
16:05:33  충격음성횟수:0
16:05:33  마지막위험음성:0
16:05:33  RSSI원시:-54
16:05:33  RSSI평활:-55.0
16:05:33  RSSI샘플:2388
16:05:33  RSSI경과ms:200
16:05:33  위험송신:2388
16:05:35  위험:0
16:05:35  원시위험:0
16:05:35  GPS유효:0
16:05:35  위도:0.000000
16:05:35  경도:0.000000
16:05:35  속도:0.00
16:05:35  방향:0.0
16:05:35  가속도:-0.45,1.38,9.64
16:05:35  자이로:4.2,0.1,2.8
16:05:35  충격값:0.12
16:05:35  송신:3243
16:05:35  지팡이수신:2407
16:05:35  GPS위성:0
16:05:35  GPS_HDOP:99.00
16:05:35  원시위도:0.000000
16:05:35  원시경도:0.000000
16:05:35  GPS채택:0
16:05:35  GPS이상치거부:0
16:05:35  GPS품질거부:0
16:05:35  GPS재기준:0
16:05:35  계산거리:-1.00
16:05:35  접근속도:0.00
16:05:35  TTC:999.00
16:05:35  방향오차:0.0
16:05:35  전방여부:0
16:05:35  위험음성횟수:0
16:05:35  충격음성횟수:0
16:05:35  마지막위험음성:0
16:05:35  RSSI원시:-55
16:05:35  RSSI평활:-55.3
16:05:35  RSSI샘플:2407
16:05:35  RSSI경과ms:98
16:05:35  위험송신:2407
16:05:36  위험:0
16:05:36  원시위험:0
16:05:36  GPS유효:0
16:05:36  위도:0.000000
16:05:36  경도:0.000000
16:05:36  속도:0.00
16:05:36  방향:0.0
16:05:36  가속도:-0.45,1.30,9.59
16:05:36  자이로:2.6,0.3,-1.8
16:05:36  충격값:0.04
16:05:36  송신:3253
16:05:36  지팡이수신:2417
16:05:36  GPS위성:0
16:05:36  GPS_HDOP:99.00
16:05:36  원시위도:0.000000
16:05:36  원시경도:0.000000
16:05:36  GPS채택:0
16:05:36  GPS이상치거부:0
16:05:36  GPS품질거부:0
16:05:36  GPS재기준:0
16:05:36  계산거리:-1.00
16:05:36  접근속도:0.00
16:05:36  TTC:999.00
16:05:36  방향오차:0.0
16:05:36  전방여부:0
16:05:36  위험음성횟수:0
16:05:36  충격음성횟수:0
16:05:36  마지막위험음성:0
16:05:36  RSSI원시:-56
16:05:36  RSSI평활:-55.5
16:05:36  RSSI샘플:2417
16:05:36  RSSI경과ms:45
16:05:36  위험송신:2417
16:05:37  위험:0
16:05:37  원시위험:0
16:05:37  GPS유효:0
16:05:37  위도:0.000000
16:05:37  경도:0.000000
16:05:37  속도:0.00
16:05:37  방향:0.0
16:05:37  가속도:-0.45,1.31,9.53
16:05:37  자이로:2.4,-0.1,-3.9
16:05:37  충격값:0.08
16:05:37  송신:3262
16:05:37  지팡이수신:2426
16:05:37  GPS위성:0
16:05:37  GPS_HDOP:99.00
16:05:37  원시위도:0.000000
16:05:37  원시경도:0.000000
16:05:37  GPS채택:0
16:05:37  GPS이상치거부:0
16:05:37  GPS품질거부:0
16:05:37  GPS재기준:0
16:05:37  계산거리:-1.00
16:05:37  접근속도:0.00
16:05:37  TTC:999.00
16:05:37  방향오차:0.0
16:05:37  전방여부:0
16:05:37  위험음성횟수:0
16:05:37  충격음성횟수:0
16:05:37  마지막위험음성:0
16:05:37  RSSI원시:-54
16:05:37  RSSI평활:-54.8
16:05:37  RSSI샘플:2426
16:05:37  RSSI경과ms:102
16:05:37  위험송신:2426
16:05:38  위험:0
16:05:38  원시위험:0
16:05:38  GPS유효:0
16:05:38  위도:0.000000
16:05:38  경도:0.000000
16:05:38  속도:0.00
16:05:38  방향:0.0
16:05:38  가속도:-0.44,1.23,9.62
16:05:38  자이로:1.3,-2.4,-1.3
16:05:38  충격값:0.07
16:05:38  송신:3272
16:05:38  지팡이수신:2436
16:05:38  GPS위성:0
16:05:38  GPS_HDOP:99.00
16:05:38  원시위도:0.000000
16:05:38  원시경도:0.000000
16:05:38  GPS채택:0
16:05:38  GPS이상치거부:0
16:05:38  GPS품질거부:0
16:05:38  GPS재기준:0
16:05:38  계산거리:-1.00
16:05:38  접근속도:0.00
16:05:38  TTC:999.00
16:05:38  방향오차:0.0
16:05:38  전방여부:0
16:05:38  위험음성횟수:0
16:05:38  충격음성횟수:0
16:05:38  마지막위험음성:0
16:05:38  RSSI원시:-55
16:05:38  RSSI평활:-55.2
16:05:38  RSSI샘플:2436
16:05:38  RSSI경과ms:52
16:05:38  위험송신:2436
16:05:39  위험:0
16:05:39  원시위험:0
16:05:39  GPS유효:0
16:05:39  위도:0.000000
16:05:39  경도:0.000000
16:05:39  속도:0.00
16:05:39  방향:0.0
16:05:39  가속도:-0.47,1.35,9.62
16:05:39  자이로:1.6,0.3,0.3
16:05:39  충격값:0.07
16:05:39  송신:3281
16:05:39  지팡이수신:2445
16:05:39  GPS위성:0
16:05:39  GPS_HDOP:99.00
16:05:39  원시위도:0.000000
16:05:39  원시경도:0.000000
16:05:39  GPS채택:0
16:05:39  GPS이상치거부:0
16:05:39  GPS품질거부:0
16:05:39  GPS재기준:0
16:05:39  계산거리:-1.00
16:05:39  접근속도:0.00
16:05:39  TTC:999.00
16:05:39  방향오차:0.0
16:05:39  전방여부:0
16:05:39  위험음성횟수:0
16:05:39  충격음성횟수:0
16:05:39  마지막위험음성:0
16:05:39  RSSI원시:-56
16:05:39  RSSI평활:-55.3
16:05:39  RSSI샘플:2445
16:05:39  RSSI경과ms:102
16:05:39  위험송신:2445
16:05:40  위험:0
16:05:40  원시위험:0
16:05:40  GPS유효:0
16:05:40  위도:0.000000
16:05:40  경도:0.000000
16:05:40  속도:0.00
16:05:40  방향:0.0
16:05:40  가속도:-0.47,1.28,9.67
16:05:40  자이로:1.0,0.0,-3.7
16:05:40  충격값:0.06
16:05:40  송신:3291
16:05:40  지팡이수신:2454
16:05:40  GPS위성:0
16:05:40  GPS_HDOP:99.00
16:05:40  원시위도:0.000000
16:05:40  원시경도:0.000000
16:05:40  GPS채택:0
16:05:40  GPS이상치거부:0
16:05:40  GPS품질거부:0
16:05:40  GPS재기준:0
16:05:40  계산거리:-1.00
16:05:40  접근속도:0.00
16:05:40  TTC:999.00
16:05:40  방향오차:0.0
16:05:40  전방여부:0
16:05:40  위험음성횟수:0
16:05:40  충격음성횟수:0
16:05:40  마지막위험음성:0
16:05:40  RSSI원시:-55
16:05:40  RSSI평활:-55.4
16:05:40  RSSI샘플:2454
16:05:40  RSSI경과ms:53
16:05:40  위험송신:2454
16:05:41  위험:0
16:05:41  원시위험:0
16:05:41  GPS유효:0
16:05:41  위도:0.000000
16:05:41  경도:0.000000
16:05:41  속도:0.00
16:05:41  방향:0.0
16:05:41  가속도:-0.42,1.30,9.64
16:05:41  자이로:0.8,-2.0,-0.2
16:05:41  충격값:0.07
16:05:41  송신:3300
16:05:41  지팡이수신:2463
16:05:41  GPS위성:0
16:05:41  GPS_HDOP:99.00
16:05:41  원시위도:0.000000
16:05:41  원시경도:0.000000
16:05:41  GPS채택:0
16:05:41  GPS이상치거부:0
16:05:41  GPS품질거부:0
16:05:41  GPS재기준:0
16:05:41  계산거리:-1.00
16:05:41  접근속도:0.00
16:05:41  TTC:999.00
16:05:41  방향오차:0.0
16:05:41  전방여부:0
16:05:41  위험음성횟수:0
16:05:41  충격음성횟수:0
16:05:41  마지막위험음성:0
16:05:41  RSSI원시:-55
16:05:41  RSSI평활:-55.5
16:05:41  RSSI샘플:2463
16:05:41  RSSI경과ms:105
16:05:41  위험송신:2463
16:05:42  위험:0
16:05:42  원시위험:0
16:05:42  GPS유효:0
16:05:42  위도:0.000000
16:05:42  경도:0.000000
16:05:42  속도:0.00
16:05:42  방향:0.0
16:05:42  가속도:-0.52,1.24,9.62
16:05:42  자이로:-1.1,1.1,0.9
16:05:42  충격값:0.08
16:05:42  송신:3310
16:05:42  지팡이수신:2472
16:05:42  GPS위성:0
16:05:42  GPS_HDOP:99.00
16:05:42  원시위도:0.000000
16:05:42  원시경도:0.000000
16:05:42  GPS채택:0
16:05:42  GPS이상치거부:0
16:05:42  GPS품질거부:0
16:05:42  GPS재기준:0
16:05:42  계산거리:-1.00
16:05:42  접근속도:0.00
16:05:42  TTC:999.00
16:05:42  방향오차:0.0
16:05:42  전방여부:0
16:05:42  위험음성횟수:0
16:05:42  충격음성횟수:0
16:05:42  마지막위험음성:0
16:05:42  RSSI원시:-57
16:05:42  RSSI평활:-55.9
16:05:42  RSSI샘플:2472
16:05:42  RSSI경과ms:57
16:05:42  위험송신:2472
16:05:48  위험:0
16:05:48  원시위험:0
16:05:48  GPS유효:0
16:05:48  위도:0.000000
16:05:48  경도:0.000000
16:05:48  속도:0.00
16:05:48  방향:0.0
16:05:48  가속도:-0.44,1.40,9.52
16:05:48  자이로:1.6,-0.5,1.7
16:05:48  충격값:0.14
16:05:48  송신:3367
16:05:48  지팡이수신:2528
16:05:48  GPS위성:0
16:05:48  GPS_HDOP:99.00
16:05:48  원시위도:0.000000
16:05:48  원시경도:0.000000
16:05:48  GPS채택:0
16:05:48  GPS이상치거부:0
16:05:48  GPS품질거부:0
16:05:48  GPS재기준:0
16:05:48  계산거리:-1.00
16:05:48  접근속도:0.00
16:05:48  TTC:999.00
16:05:48  방향오차:0.0
16:05:48  전방여부:0
16:05:48  위험음성횟수:0
16:05:48  충격음성횟수:0
16:05:48  마지막위험음성:0
16:05:48  RSSI원시:-55
16:05:48  RSSI평활:-54.8
16:05:48  RSSI샘플:2528
16:05:48  RSSI경과ms:76
16:05:48  위험송신:2528
16:05:49  위험:0
16:05:49  원시위험:0
16:05:49  GPS유효:0
16:05:49  위도:0.000000
16:05:49  경도:0.000000
16:05:49  속도:0.00
16:05:49  방향:0.0
16:05:49  가속도:-0.62,1.27,9.61
16:05:49  자이로:0.8,1.8,1.6
16:05:49  충격값:0.16
16:05:49  송신:3376
16:05:49  지팡이수신:2538
16:05:49  GPS위성:0
16:05:49  GPS_HDOP:99.00
16:05:49  원시위도:0.000000
16:05:49  원시경도:0.000000
16:05:49  GPS채택:0
16:05:49  GPS이상치거부:0
16:05:49  GPS품질거부:0
16:05:49  GPS재기준:0
16:05:49  계산거리:-1.00
16:05:49  접근속도:0.00
16:05:49  TTC:999.00
16:05:49  방향오차:0.0
16:05:49  전방여부:0
16:05:49  위험음성횟수:0
16:05:49  충격음성횟수:0
16:05:49  마지막위험음성:0
16:05:49  RSSI원시:-54
16:05:49  RSSI평활:-54.7
16:05:49  RSSI샘플:2538
16:05:49  RSSI경과ms:24
16:05:49  위험송신:2538
16:05:50  위험:0
16:05:50  원시위험:0
16:05:50  GPS유효:0
16:05:50  위도:0.000000
16:05:50  경도:0.000000
16:05:50  속도:0.00
16:05:50  방향:0.0
16:05:50  가속도:-0.41,1.27,9.64
16:05:50  자이로:0.6,2.5,-1.0
16:05:50  충격값:0.08
16:05:50  송신:3386
16:05:50  지팡이수신:2547
16:05:50  GPS위성:0
16:05:50  GPS_HDOP:99.00
16:05:50  원시위도:0.000000
16:05:50  원시경도:0.000000
16:05:50  GPS채택:0
16:05:50  GPS이상치거부:0
16:05:50  GPS품질거부:0
16:05:50  GPS재기준:0
16:05:50  계산거리:-1.00
16:05:50  접근속도:0.00
16:05:50  TTC:999.00
16:05:50  방향오차:0.0
16:05:50  전방여부:0
16:05:50  위험음성횟수:0
16:05:50  충격음성횟수:0
16:05:50  마지막위험음성:0
16:05:50  RSSI원시:-54
16:05:50  RSSI평활:-54.8
16:05:50  RSSI샘플:2547
16:05:50  RSSI경과ms:78
16:05:50  위험송신:2547
16:05:53  위험:0
16:05:53  원시위험:0
16:05:53  GPS유효:0
16:05:53  위도:0.000000
16:05:53  경도:0.000000
16:05:53  속도:0.00
16:05:53  방향:0.0
16:05:53  가속도:-0.45,1.35,9.59
16:05:53  자이로:1.9,0.3,1.3
16:05:53  충격값:0.07
16:05:53  송신:3414
16:05:53  지팡이수신:2576
16:05:53  GPS위성:0
16:05:53  GPS_HDOP:99.00
16:05:53  원시위도:0.000000
16:05:53  원시경도:0.000000
16:05:53  GPS채택:0
16:05:53  GPS이상치거부:0
16:05:53  GPS품질거부:0
16:05:53  GPS재기준:0
16:05:53  계산거리:-1.00
16:05:53  접근속도:0.00
16:05:53  TTC:999.00
16:05:53  방향오차:0.0
16:05:53  전방여부:0
16:05:53  위험음성횟수:0
16:05:53  충격음성횟수:0
16:05:53  마지막위험음성:0
16:05:53  RSSI원시:-55
16:05:53  RSSI평활:-54.4
16:05:53  RSSI샘플:2576
16:05:53  RSSI경과ms:29
16:05:53  위험송신:2576
