16:25:19  위험:0
16:25:19  GPS유효:1
16:25:19  위도:37.496960
16:25:19  경도:126.958153
16:25:19  속도:0.01
16:25:19  방향:20.2
16:25:19  가속도:-2.44,3.29,8.78
16:25:19  송신:13301
16:25:19  GPS위성:8
16:25:19  GPS_HDOP:1.16
16:25:19  원시위도:37.496961
16:25:19  원시경도:126.958151
16:25:19  GPS채택:991
16:25:19  GPS이상치거부:6
16:25:19  GPS품질거부:24
16:25:19  GPS재기준:1
16:25:19  RSSI원시:-74
16:25:19  RSSI평활:-73.1
16:25:19  RSSI샘플:24761
16:25:19  RSSI경과ms:4
16:25:19  차량수신:12290
16:25:20  위험:0
16:25:20  GPS유효:1
16:25:20  위도:37.496964
16:25:20  경도:126.958153
16:25:20  속도:0.02
16:25:20  방향:20.2
16:25:20  가속도:-2.40,3.14,8.73
16:25:20  송신:13310
16:25:20  GPS위성:8
16:25:20  GPS_HDOP:1.16
16:25:20  원시위도:37.496964
16:25:20  원시경도:126.958153
16:25:20  GPS채택:993
16:25:20  GPS이상치거부:6
16:25:20  GPS품질거부:24
16:25:20  GPS재기준:1
16:25:20  RSSI원시:-72
16:25:20  RSSI평활:-71.9
16:25:20  RSSI샘플:24778
16:25:20  RSSI경과ms:70
16:25:20  차량수신:12298
16:25:21  위험:0
16:25:21  GPS유효:1
16:25:21  위도:37.496964
16:25:21  경도:126.958153
16:25:21  속도:0.02
16:25:21  방향:20.2
16:25:21  가속도:-2.41,3.11,8.83
16:25:21  송신:13320
16:25:21  GPS위성:8
16:25:21  GPS_HDOP:1.16
16:25:21  원시위도:37.496966
16:25:21  원시경도:126.958156
16:25:21  GPS채택:995
16:25:21  GPS이상치거부:6
16:25:21  GPS품질거부:24
16:25:21  GPS재기준:1
16:25:21  RSSI원시:-70
16:25:21  RSSI평활:-71.6
16:25:21  RSSI샘플:24798
16:25:21  RSSI경과ms:35
16:25:21  차량수신:12308
16:25:23  위험:0
16:25:23  GPS유효:1
16:25:23  위도:37.496967
16:25:23  경도:126.958160
16:25:23  속도:0.03
16:25:23  방향:20.2
16:25:23  가속도:-2.43,3.20,9.46
16:25:23  송신:13340
16:25:23  GPS위성:8
16:25:23  GPS_HDOP:1.16
16:25:23  원시위도:37.496969
16:25:23  원시경도:126.958163
16:25:23  GPS채택:999
16:25:23  GPS이상치거부:6
16:25:23  GPS품질거부:24
16:25:23  GPS재기준:1
16:25:23  RSSI원시:-71
16:25:23  RSSI평활:-73.2
16:25:23  RSSI샘플:24833
16:25:23  RSSI경과ms:9
16:25:23  차량수신:12324
16:25:24  위험:0
16:25:24  GPS유효:1
16:25:24  위도:37.496971
16:25:24  경도:126.958160
16:25:24  속도:0.06
16:25:24  방향:20.2
16:25:24  가속도:-1.53,0.43,2.84
16:25:24  송신:13349
16:25:24  GPS위성:8
16:25:24  GPS_HDOP:1.16
16:25:24  원시위도:37.496970
16:25:24  원시경도:126.958164
16:25:24  GPS채택:1001
16:25:24  GPS이상치거부:6
16:25:24  GPS품질거부:24
16:25:24  GPS재기준:1
16:25:24  RSSI원시:-76
16:25:24  RSSI평활:-72.4
16:25:24  RSSI샘플:24850
16:25:24  RSSI경과ms:57
16:25:24  차량수신:12333
16:25:25  위험:0
16:25:25  GPS유효:1
16:25:25  위도:37.496975
16:25:25  경도:126.958160
16:25:25  속도:0.26
16:25:25  방향:20.2
16:25:25  가속도:-1.54,2.24,9.62
16:25:25  송신:13359
16:25:25  GPS위성:8
16:25:25  GPS_HDOP:1.16
16:25:25  원시위도:37.496975
16:25:25  원시경도:126.958162
16:25:25  GPS채택:1003
16:25:25  GPS이상치거부:6
16:25:25  GPS품질거부:24
16:25:25  GPS재기준:1
16:25:25  RSSI원시:-74
16:25:25  RSSI평활:-75.1
16:25:25  RSSI샘플:24867
16:25:25  RSSI경과ms:26
16:25:25  차량수신:12341
16:25:26  위험:0
16:25:26  GPS유효:1
16:25:26  위도:37.496979
16:25:26  경도:126.958168
16:25:26  속도:0.28
16:25:26  방향:20.2
16:25:26  가속도:-2.34,3.10,8.49
16:25:26  송신:13369
16:25:26  GPS위성:8
16:25:26  GPS_HDOP:1.16
16:25:26  원시위도:37.496980
16:25:26  원시경도:126.958172
16:25:26  GPS채택:1005
16:25:26  GPS이상치거부:6
16:25:26  GPS품질거부:24
16:25:26  GPS재기준:1
16:25:26  RSSI원시:-75
16:25:26  RSSI평활:-74.1
16:25:26  RSSI샘플:24885
16:25:26  RSSI경과ms:6
16:25:26  차량수신:12349
16:25:27  위험:0
16:25:27  GPS유효:1
16:25:27  위도:37.496983
16:25:27  경도:126.958176
16:25:27  속도:0.17
16:25:27  방향:20.2
16:25:27  가속도:-2.78,3.55,8.60
16:25:27  송신:13379
16:25:27  GPS위성:8
16:25:27  GPS_HDOP:1.16
16:25:27  원시위도:37.496983
16:25:27  원시경도:126.958173
16:25:27  GPS채택:1007
16:25:27  GPS이상치거부:6
16:25:27  GPS품질거부:24
16:25:27  GPS재기준:1
16:25:27  RSSI원시:-73
16:25:27  RSSI평활:-73.0
16:25:27  RSSI샘플:24904
16:25:27  RSSI경과ms:28
16:25:27  차량수신:12358
16:25:28  위험:0
16:25:28  GPS유효:1
16:25:28  위도:37.496986
16:25:28  경도:126.958176
16:25:28  속도:0.12
16:25:28  방향:20.2
16:25:28  가속도:-2.71,3.43,8.62
16:25:28  송신:13389
16:25:28  GPS위성:8
16:25:28  GPS_HDOP:1.05
16:25:28  원시위도:37.496988
16:25:28  원시경도:126.958178
16:25:28  GPS채택:1009
16:25:28  GPS이상치거부:6
16:25:28  GPS품질거부:24
16:25:28  GPS재기준:1
16:25:28  RSSI원시:-74
16:25:28  RSSI평활:-73.0
16:25:28  RSSI샘플:24923
16:25:28  RSSI경과ms:13
16:25:28  차량수신:12368
16:25:29  위험:1
16:25:29  GPS유효:1
16:25:29  위도:37.496990
16:25:29  경도:126.958183
16:25:29  속도:0.17
16:25:29  방향:20.2
16:25:29  가속도:-2.66,3.63,8.63
16:25:29  송신:13398
16:25:29  GPS위성:8
16:25:29  GPS_HDOP:1.05
16:25:29  원시위도:37.496991
16:25:29  원시경도:126.958186
16:25:29  GPS채택:1011
16:25:29  GPS이상치거부:6
16:25:29  GPS품질거부:24
16:25:29  GPS재기준:1
16:25:29  RSSI원시:-74
16:25:29  RSSI평활:-73.5
16:25:29  RSSI샘플:24941
16:25:29  RSSI경과ms:29
16:25:29  차량수신:12378
16:25:30  위험:1
16:25:30  GPS유효:1
16:25:30  위도:37.496994
16:25:30  경도:126.958191
16:25:30  속도:0.22
16:25:30  방향:20.2
16:25:30  가속도:-2.67,3.49,8.64
16:25:30  송신:13408
16:25:30  GPS위성:7
16:25:30  GPS_HDOP:1.23
16:25:30  원시위도:37.496995
16:25:30  원시경도:126.958191
16:25:30  GPS채택:1013
16:25:30  GPS이상치거부:6
16:25:30  GPS품질거부:24
16:25:30  GPS재기준:1
16:25:30  RSSI원시:-77
16:25:30  RSSI평활:-75.0
16:25:30  RSSI샘플:24958
16:25:30  RSSI경과ms:0
16:25:30  차량수신:12386
16:25:31  위험:1
16:25:31  GPS유효:1
16:25:31  위도:37.496998
16:25:31  경도:126.958191
16:25:31  속도:0.19
16:25:31  방향:20.2
16:25:31  가속도:-2.68,3.51,8.76
16:25:31  송신:13418
16:25:31  GPS위성:7
16:25:31  GPS_HDOP:1.23
16:25:31  원시위도:37.496998
16:25:31  원시경도:126.958195
16:25:31  GPS채택:1015
16:25:31  GPS이상치거부:6
16:25:31  GPS품질거부:24
16:25:31  GPS재기준:1
16:25:31  RSSI원시:-69
16:25:31  RSSI평활:-72.0
16:25:31  RSSI샘플:24976
16:25:31  RSSI경과ms:49
16:25:31  차량수신:12394
16:25:32  위험:1
16:25:32  GPS유효:1
16:25:32  위도:37.497002
16:25:32  경도:126.958199
16:25:32  속도:0.20
16:25:32  방향:20.2
16:25:32  가속도:-2.70,3.53,8.54
16:25:32  송신:13428
16:25:32  GPS위성:7
16:25:32  GPS_HDOP:1.23
16:25:32  원시위도:37.497001
16:25:32  원시경도:126.958201
16:25:32  GPS채택:1017
16:25:32  GPS이상치거부:6
16:25:32  GPS품질거부:24
16:25:32  GPS재기준:1
16:25:32  RSSI원시:-74
16:25:32  RSSI평활:-73.1
16:25:32  RSSI샘플:24995
16:25:32  RSSI경과ms:23
16:25:32  차량수신:12403
16:25:33  위험:1
16:25:33  GPS유효:1
16:25:33  위도:37.497002
16:25:33  경도:126.958199
16:25:33  속도:0.15
16:25:33  방향:20.2
16:25:33  가속도:-2.60,3.61,8.51
16:25:33  송신:13438
16:25:33  GPS위성:7
16:25:33  GPS_HDOP:1.23
16:25:33  원시위도:37.497004
16:25:33  원시경도:126.958202
16:25:33  GPS채택:1019
16:25:33  GPS이상치거부:6
16:25:33  GPS품질거부:24
16:25:33  GPS재기준:1
16:25:33  RSSI원시:-73
16:25:33  RSSI평활:-72.9
16:25:33  RSSI샘플:25012
16:25:33  RSSI경과ms:20
16:25:33  차량수신:12411
16:25:34  위험:1
16:25:34  GPS유효:1
16:25:34  위도:37.497005
16:25:34  경도:126.958206
16:25:34  속도:0.18
16:25:34  방향:20.2
16:25:34  가속도:-2.69,3.43,8.51
16:25:34  송신:13447
16:25:34  GPS위성:7
16:25:34  GPS_HDOP:1.23
16:25:34  원시위도:37.497006
16:25:34  원시경도:126.958207
16:25:34  GPS채택:1021
16:25:34  GPS이상치거부:6
16:25:34  GPS품질거부:24
16:25:34  GPS재기준:1
16:25:34  RSSI원시:-75
16:25:34  RSSI평활:-73.5
16:25:34  RSSI샘플:25028
16:25:34  RSSI경과ms:84
16:25:34  차량수신:12419
16:25:35  위험:0
16:25:35  GPS유효:1
16:25:35  위도:37.497009
16:25:35  경도:126.958206
16:25:35  속도:0.13
16:25:35  방향:20.2
16:25:35  가속도:-2.59,3.48,8.60
16:25:35  송신:13457
16:25:35  GPS위성:7
16:25:35  GPS_HDOP:1.23
16:25:35  원시위도:37.497009
16:25:35  원시경도:126.958208
16:25:35  GPS채택:1023
16:25:35  GPS이상치거부:6
16:25:35  GPS품질거부:24
16:25:35  GPS재기준:1
16:25:35  RSSI원시:-76
16:25:35  RSSI평활:-74.4
16:25:35  RSSI샘플:25045
16:25:35  RSSI경과ms:65
16:25:35  차량수신:12427
16:25:38  위험:0
16:25:38  GPS유효:1
16:25:38  위도:37.497013
16:25:38  경도:126.958214
16:25:38  속도:0.05
16:25:38  방향:20.2
16:25:38  가속도:-2.70,3.41,8.62
16:25:38  송신:13487
16:25:38  GPS위성:7
16:25:38  GPS_HDOP:1.22
16:25:38  원시위도:37.497015
16:25:38  원시경도:126.958214
16:25:38  GPS채택:1029
16:25:38  GPS이상치거부:6
16:25:38  GPS품질거부:24
16:25:38  GPS재기준:1
16:25:38  RSSI원시:-75
16:25:38  RSSI평활:-73.9
16:25:38  RSSI샘플:25094
16:25:38  RSSI경과ms:2
16:25:38  차량수신:12450
16:25:39  위험:0
16:25:39  GPS유효:1
16:25:39  위도:37.497017
16:25:39  경도:126.958214
16:25:39  속도:0.08
16:25:39  방향:20.2
16:25:39  가속도:-2.71,3.49,8.51
16:25:39  송신:13497
16:25:39  GPS위성:7
16:25:39  GPS_HDOP:1.22
16:25:39  원시위도:37.497016
16:25:39  원시경도:126.958217
16:25:39  GPS채택:1031
16:25:39  GPS이상치거부:6
16:25:39  GPS품질거부:24
16:25:39  GPS재기준:1
16:25:39  RSSI원시:-75
16:25:39  RSSI평활:-74.6
16:25:39  RSSI샘플:25110
16:25:39  RSSI경과ms:0
16:25:39  차량수신:12457
16:25:40  위험:0
16:25:40  GPS유효:1
16:25:40  위도:37.497017
16:25:40  경도:126.958221
16:25:40  속도:0.22
16:25:40  방향:20.2
16:25:40  가속도:-2.74,3.62,8.60
16:25:40  송신:13506
16:25:40  GPS위성:7
16:25:40  GPS_HDOP:1.22
16:25:40  원시위도:37.497016
16:25:40  원시경도:126.958225
16:25:40  GPS채택:1033
16:25:40  GPS이상치거부:6
16:25:40  GPS품질거부:24
16:25:40  GPS재기준:1
16:25:40  RSSI원시:-75
16:25:40  RSSI평활:-74.8
16:25:40  RSSI샘플:25126
16:25:40  RSSI경과ms:10
16:25:40  차량수신:12467
16:25:43  위험:0
16:25:43  GPS유효:1
16:25:43  위도:37.497017
16:25:43  경도:126.958229
16:25:43  속도:0.16
16:25:43  방향:20.2
16:25:43  가속도:-2.72,3.48,8.65
16:25:43  송신:13536
16:25:43  GPS위성:7
16:25:43  GPS_HDOP:1.22
16:25:43  원시위도:37.497019
16:25:43  원시경도:126.958234
16:25:43  GPS채택:1039
16:25:43  GPS이상치거부:6
16:25:43  GPS품질거부:24
16:25:43  GPS재기준:1
16:25:43  RSSI원시:-76
16:25:43  RSSI평활:-75.5
16:25:43  RSSI샘플:25182
16:25:43  RSSI경과ms:16
16:25:43  차량수신:12494
16:25:45  위험:0
16:25:45  GPS유효:1
16:25:45  위도:37.497025
16:25:45  경도:126.958229
16:25:45  속도:0.06
16:25:45  방향:20.2
16:25:45  가속도:-2.69,3.37,8.58
16:25:45  송신:13555
16:25:45  GPS위성:8
16:25:45  GPS_HDOP:1.22
16:25:45  원시위도:37.497025
16:25:45  원시경도:126.958232
16:25:45  GPS채택:1043
16:25:45  GPS이상치거부:6
16:25:45  GPS품질거부:24
16:25:45  GPS재기준:1
16:25:45  RSSI원시:-76
16:25:45  RSSI평활:-76.0
16:25:45  RSSI샘플:25213
16:25:45  RSSI경과ms:63
16:25:45  차량수신:12509
16:25:47  위험:0
16:25:47  GPS유효:1
16:25:47  위도:37.497028
16:25:47  경도:126.958237
16:25:47  속도:0.17
16:25:47  방향:20.2
16:25:47  가속도:-2.69,3.56,8.58
16:25:47  송신:13575
16:25:47  GPS위성:8
16:25:47  GPS_HDOP:1.22
16:25:47  원시위도:37.497028
16:25:47  원시경도:126.958239
16:25:47  GPS채택:1047
16:25:47  GPS이상치거부:6
16:25:47  GPS품질거부:24
16:25:47  GPS재기준:1
16:25:47  RSSI원시:-74
16:25:47  RSSI평활:-74.1
16:25:47  RSSI샘플:25246
16:25:47  RSSI경과ms:10
16:25:47  차량수신:12526
16:25:48  위험:0
16:25:48  GPS유효:1
16:25:48  위도:37.497028
16:25:48  경도:126.958237
16:25:48  속도:0.13
16:25:48  방향:20.2
16:25:48  가속도:-2.63,3.49,8.69
16:25:48  송신:13585
16:25:48  GPS위성:8
16:25:48  GPS_HDOP:1.22
16:25:48  원시위도:37.497029
16:25:48  원시경도:126.958240
16:25:48  GPS채택:1049
16:25:48  GPS이상치거부:6
16:25:48  GPS품질거부:24
16:25:48  GPS재기준:1
16:25:48  RSSI원시:-74
16:25:48  RSSI평활:-75.6
16:25:48  RSSI샘플:25259
16:25:48  RSSI경과ms:14
16:25:48  차량수신:12534
16:25:53  위험:0
16:25:53  GPS유효:1
16:25:53  위도:37.497036
16:25:53  경도:126.958244
16:25:53  속도:0.15
16:25:53  방향:20.2
16:25:53  가속도:-2.68,3.47,8.62
16:25:53  송신:13634
16:25:53  GPS위성:6
16:25:53  GPS_HDOP:1.67
16:25:53  원시위도:37.497036
16:25:53  원시경도:126.958244
16:25:53  GPS채택:1059
16:25:53  GPS이상치거부:6
16:25:53  GPS품질거부:24
16:25:53  GPS재기준:1
16:25:53  RSSI원시:-77
16:25:53  RSSI평활:-74.8
16:25:53  RSSI샘플:25344
16:25:53  RSSI경과ms:21
16:25:53  차량수신:12579
16:25:54  위험:0
16:25:54  GPS유효:1
16:25:54  위도:37.497036
16:25:54  경도:126.958244
16:25:54  속도:0.08
16:25:54  방향:20.2
16:25:54  가속도:-2.81,3.40,8.68
16:25:54  송신:13643
16:25:54  GPS위성:7
16:25:54  GPS_HDOP:1.67
16:25:54  원시위도:37.497038
16:25:54  원시경도:126.958242
16:25:54  GPS채택:1061
16:25:54  GPS이상치거부:6
16:25:54  GPS품질거부:24
16:25:54  GPS재기준:1
16:25:54  RSSI원시:-77
16:25:54  RSSI평활:-76.3
16:25:54  RSSI샘플:25360
16:25:54  RSSI경과ms:75
16:25:54  차량수신:12586
16:25:55  위험:0
16:25:55  GPS유효:1
16:25:55  위도:37.497036
16:25:55  경도:126.958252
16:25:55  속도:0.22
16:25:55  방향:20.2
16:25:55  가속도:-2.69,3.51,8.57
16:25:55  송신:13653
16:25:55  GPS위성:7
16:25:55  GPS_HDOP:1.67
16:25:55  원시위도:37.497036
16:25:55  원시경도:126.958251
16:25:55  GPS채택:1063
16:25:55  GPS이상치거부:6
16:25:55  GPS품질거부:24
16:25:55  GPS재기준:1
16:25:55  RSSI원시:-71
16:25:55  RSSI평활:-72.5
16:25:55  RSSI샘플:25377
16:25:55  RSSI경과ms:58
16:25:55  차량수신:12594
16:25:56  위험:0
16:25:56  GPS유효:1
16:25:56  위도:37.497036
16:25:56  경도:126.958260
16:25:56  속도:0.37
16:25:56  방향:20.2
16:25:56  가속도:-2.67,3.48,8.68
16:25:56  송신:13663
16:25:56  GPS위성:8
16:25:56  GPS_HDOP:1.22
16:25:56  원시위도:37.497034
16:25:56  원시경도:126.958262
16:25:56  GPS채택:1065
16:25:56  GPS이상치거부:6
16:25:56  GPS품질거부:24
16:25:56  GPS재기준:1
16:25:56  RSSI원시:-73
16:25:56  RSSI평활:-74.3
16:25:56  RSSI샘플:25393
16:25:56  RSSI경과ms:5
16:25:56  차량수신:12602
16:25:57  위험:0
16:25:57  GPS유효:1
16:25:57  위도:37.497032
16:25:57  경도:126.958275
16:25:57  속도:0.47
16:25:57  방향:58.0
16:25:57  가속도:-2.81,3.39,8.57
16:25:57  송신:13673
16:25:57  GPS위성:8
16:25:57  GPS_HDOP:1.05
16:25:57  원시위도:37.497030
16:25:57  원시경도:126.958276
16:25:57  GPS채택:1067
16:25:57  GPS이상치거부:6
16:25:57  GPS품질거부:24
16:25:57  GPS재기준:1
16:25:57  RSSI원시:-75
16:25:57  RSSI평활:-73.6
16:25:57  RSSI샘플:25411
16:25:57  RSSI경과ms:24
16:25:57  차량수신:12610
16:25:58  위험:0
16:25:58  GPS유효:1
16:25:58  위도:37.497025
16:25:58  경도:126.958298
16:25:58  속도:0.67
16:25:58  방향:81.8
16:25:58  가속도:-2.63,3.49,8.62
16:25:58  송신:13683
16:25:58  GPS위성:8
16:25:58  GPS_HDOP:1.05
16:25:58  원시위도:37.497023
16:25:58  원시경도:126.958299
16:25:58  GPS채택:1069
16:25:58  GPS이상치거부:6
16:25:58  GPS품질거부:24
16:25:58  GPS재기준:1
16:25:58  RSSI원시:-73
16:25:58  RSSI평활:-73.7
16:25:58  RSSI샘플:25429
16:25:58  RSSI경과ms:10
16:25:58  차량수신:12620
16:25:59  위험:0
16:25:59  GPS유효:1
16:25:59  위도:37.497017
16:25:59  경도:126.958313
16:25:59  속도:0.73
16:25:59  방향:96.6
16:25:59  가속도:-2.76,3.35,8.60
16:25:59  송신:13693
16:25:59  GPS위성:8
16:25:59  GPS_HDOP:1.05
16:25:59  원시위도:37.497019
16:25:59  원시경도:126.958314
16:25:59  GPS채택:1071
16:25:59  GPS이상치거부:6
16:25:59  GPS품질거부:24
16:25:59  GPS재기준:1
16:25:59  RSSI원시:-73
16:25:59  RSSI평활:-72.3
16:25:59  RSSI샘플:25447
16:25:59  RSSI경과ms:5
16:25:59  차량수신:12628
16:26:01  위험:0
16:26:01  GPS유효:1
16:26:01  위도:37.497013
16:26:01  경도:126.958344
16:26:01  속도:0.95
16:26:01  방향:108.8
16:26:01  가속도:-2.72,3.31,8.53
16:26:01  송신:13712
16:26:01  GPS위성:8
16:26:01  GPS_HDOP:1.22
16:26:01  원시위도:37.497014
16:26:01  원시경도:126.958335
16:26:01  GPS채택:1075
16:26:01  GPS이상치거부:6
16:26:01  GPS품질거부:24
16:26:01  GPS재기준:1
16:26:01  RSSI원시:-74
16:26:01  RSSI평활:-73.2
16:26:01  RSSI샘플:25483
16:26:01  RSSI경과ms:49
16:26:01  차량수신:12645
16:26:03  위험:0
16:26:03  GPS유효:1
16:26:03  위도:37.497005
16:26:03  경도:126.958359
16:26:03  속도:0.98
16:26:03  방향:112.5
16:26:03  가속도:-2.75,3.45,8.74
16:26:03  송신:13732
16:26:03  GPS위성:8
16:26:03  GPS_HDOP:1.22
16:26:03  원시위도:37.497008
16:26:03  원시경도:126.958354
16:26:03  GPS채택:1079
16:26:03  GPS이상치거부:6
16:26:03  GPS품질거부:24
16:26:03  GPS재기준:1
16:26:03  RSSI원시:-74
16:26:03  RSSI평활:-74.7
16:26:03  RSSI샘플:25514
16:26:03  RSSI경과ms:98
16:26:03  차량수신:12659
16:26:04  위험:0
16:26:04  GPS유효:1
16:26:04  위도:37.497005
16:26:04  경도:126.958359
16:26:04  속도:0.69
16:26:04  방향:112.5
16:26:04  가속도:-2.51,3.36,8.61
16:26:04  송신:13741
16:26:04  GPS위성:8
16:26:04  GPS_HDOP:1.05
16:26:04  원시위도:37.497008
16:26:04  원시경도:126.958355
16:26:04  GPS채택:1081
16:26:04  GPS이상치거부:6
16:26:04  GPS품질거부:24
16:26:04  GPS재기준:1
16:26:04  RSSI원시:-74
16:26:04  RSSI평활:-73.7
16:26:04  RSSI샘플:25532
16:26:04  RSSI경과ms:66
16:26:04  차량수신:12668
16:26:05  위험:0
16:26:05  GPS유효:1
16:26:05  위도:37.497002
16:26:05  경도:126.958374
16:26:05  속도:0.83
16:26:05  방향:113.1
16:26:05  가속도:-2.76,3.55,8.69
16:26:05  송신:13751
16:26:05  GPS위성:8
16:26:05  GPS_HDOP:1.05
16:26:05  원시위도:37.497002
16:26:05  원시경도:126.958373
16:26:05  GPS채택:1083
16:26:05  GPS이상치거부:6
16:26:05  GPS품질거부:24
16:26:05  GPS재기준:1
16:26:05  RSSI원시:-74
16:26:05  RSSI평활:-74.3
16:26:05  RSSI샘플:25549
16:26:05  RSSI경과ms:25
16:26:05  차량수신:12676
16:26:06  위험:0
16:26:06  GPS유효:1
16:26:06  위도:37.496998
16:26:06  경도:126.958389
16:26:06  속도:0.83
16:26:06  방향:113.3
16:26:06  가속도:-2.70,3.56,8.58
16:26:06  송신:13761
16:26:06  GPS위성:8
16:26:06  GPS_HDOP:1.05
16:26:06  원시위도:37.496997
16:26:06  원시경도:126.958386
16:26:06  GPS채택:1085
16:26:06  GPS이상치거부:6
16:26:06  GPS품질거부:24
16:26:06  GPS재기준:1
16:26:06  RSSI원시:-74
16:26:06  RSSI평활:-74.1
16:26:06  RSSI샘플:25569
16:26:06  RSSI경과ms:3
16:26:06  차량수신:12686
16:26:07  위험:0
16:26:07  GPS유효:1
16:26:07  위도:37.496994
16:26:07  경도:126.958389
16:26:07  속도:0.62
16:26:07  방향:113.3
16:26:07  가속도:-2.73,3.50,8.74
16:26:07  송신:13771
16:26:07  GPS위성:8
16:26:07  GPS_HDOP:1.05
16:26:07  원시위도:37.496996
16:26:07  원시경도:126.958388
16:26:07  GPS채택:1087
16:26:07  GPS이상치거부:6
16:26:07  GPS품질거부:24
16:26:07  GPS재기준:1
16:26:07  RSSI원시:-73
16:26:07  RSSI평활:-73.7
16:26:07  RSSI샘플:25583
16:26:07  RSSI경과ms:15
16:26:07  차량수신:12691
16:26:08  위험:0
16:26:08  GPS유효:1
16:26:08  위도:37.496994
16:26:08  경도:126.958397
16:26:08  속도:0.62
16:26:08  방향:114.0
16:26:08  가속도:-2.73,3.54,8.56
16:26:08  송신:13781
16:26:08  GPS위성:8
16:26:08  GPS_HDOP:1.05
16:26:08  원시위도:37.496994
16:26:08  원시경도:126.958395
16:26:08  GPS채택:1089
16:26:08  GPS이상치거부:6
16:26:08  GPS품질거부:24
16:26:08  GPS재기준:1
16:26:08  RSSI원시:-73
16:26:08  RSSI평활:-74.1
16:26:08  RSSI샘플:25598
16:26:08  RSSI경과ms:7
16:26:08  차량수신:12698
16:26:12  위험:0
16:26:12  GPS유효:1
16:26:12  위도:37.496990
16:26:12  경도:126.958405
16:26:12  속도:0.26
16:26:12  방향:114.5
16:26:12  가속도:-2.56,3.45,8.63
16:26:12  송신:13820
16:26:12  GPS위성:8
16:26:12  GPS_HDOP:1.05
16:26:12  원시위도:37.496989
16:26:12  원시경도:126.958401
16:26:12  GPS채택:1097
16:26:12  GPS이상치거부:6
16:26:12  GPS품질거부:24
16:26:12  GPS재기준:1
16:26:12  RSSI원시:-74
16:26:12  RSSI평활:-73.3
16:26:12  RSSI샘플:25664
16:26:12  RSSI경과ms:23
16:26:12  차량수신:12726
16:26:13  위험:0
16:26:13  GPS유효:1
16:26:13  위도:37.496990
16:26:13  경도:126.958397
16:26:13  속도:0.21
16:26:13  방향:114.5
16:26:13  가속도:-2.81,3.45,8.49
16:26:13  송신:13830
16:26:13  GPS위성:8
16:26:13  GPS_HDOP:1.05
16:26:13  원시위도:37.496990
16:26:13  원시경도:126.958398
16:26:13  GPS채택:1099
16:26:13  GPS이상치거부:6
16:26:13  GPS품질거부:24
16:26:13  GPS재기준:1
16:26:13  RSSI원시:-74
16:26:13  RSSI평활:-73.5
16:26:13  RSSI샘플:25681
16:26:13  RSSI경과ms:12
16:26:13  차량수신:12733
16:26:14  위험:0
16:26:14  GPS유효:1
16:26:14  위도:37.496990
16:26:14  경도:126.958397
16:26:14  속도:0.16
16:26:14  방향:114.5
16:26:14  가속도:-2.62,3.42,8.63
16:26:14  송신:13839
16:26:14  GPS위성:8
16:26:14  GPS_HDOP:1.05
16:26:14  원시위도:37.496990
16:26:14  원시경도:126.958397
16:26:14  GPS채택:1101
16:26:14  GPS이상치거부:6
16:26:14  GPS품질거부:24
16:26:14  GPS재기준:1
16:26:14  RSSI원시:-75
16:26:14  RSSI평활:-73.9
16:26:14  RSSI샘플:25697
16:26:14  RSSI경과ms:90
16:26:14  차량수신:12741
16:26:15  위험:0
16:26:15  GPS유효:1
16:26:15  위도:37.496990
16:26:15  경도:126.958397
16:26:15  속도:0.12
16:26:15  방향:114.5
16:26:15  가속도:-2.68,3.58,8.54
16:26:15  송신:13849
16:26:15  GPS위성:8
16:26:15  GPS_HDOP:1.05
16:26:15  원시위도:37.496989
16:26:15  원시경도:126.958396
16:26:15  GPS채택:1103
16:26:15  GPS이상치거부:6
16:26:15  GPS품질거부:24
16:26:15  GPS재기준:1
16:26:15  RSSI원시:-76
16:26:15  RSSI평활:-75.4
16:26:15  RSSI샘플:25713
16:26:15  RSSI경과ms:65
16:26:15  차량수신:12748
16:26:16  위험:0
16:26:16  GPS유효:1
16:26:16  위도:37.496990
16:26:16  경도:126.958397
16:26:16  속도:0.10
16:26:16  방향:114.5
16:26:16  가속도:-2.71,3.58,8.64
16:26:16  송신:13859
16:26:16  GPS위성:7
16:26:16  GPS_HDOP:1.22
16:26:16  원시위도:37.496991
16:26:16  원시경도:126.958393
16:26:16  GPS채택:1105
16:26:16  GPS이상치거부:6
16:26:16  GPS품질거부:24
16:26:16  GPS재기준:1
16:26:16  RSSI원시:-74
16:26:16  RSSI평활:-73.4
16:26:16  RSSI샘플:25733
16:26:16  RSSI경과ms:41
16:26:16  차량수신:12758
16:26:17  위험:0
16:26:17  GPS유효:1
16:26:17  위도:37.496990
16:26:17  경도:126.958389
16:26:17  속도:0.10
16:26:17  방향:114.5
16:26:17  가속도:-2.76,3.50,8.68
16:26:17  송신:13869
16:26:17  GPS위성:8
16:26:17  GPS_HDOP:1.05
16:26:17  원시위도:37.496990
16:26:17  원시경도:126.958393
16:26:17  GPS채택:1107
16:26:17  GPS이상치거부:6
16:26:17  GPS품질거부:24
16:26:17  GPS재기준:1
16:26:17  RSSI원시:-75
16:26:17  RSSI평활:-75.3
16:26:17  RSSI샘플:25753
16:26:17  RSSI경과ms:1
16:26:17  차량수신:12768
