16:25:18  위험:0
16:25:18  원시위험:0
16:25:18  GPS유효:1
16:25:18  위도:37.496962
16:25:18  경도:126.958308
16:25:18  속도:0.42
16:25:18  방향:61.1
16:25:18  가속도:-1.05,1.13,9.79
16:25:18  자이로:-1.2,-0.5,-1.2
16:25:18  충격값:0.20
16:25:18  송신:14534
16:25:18  지팡이수신:13009
16:25:18  GPS위성:6
16:25:18  GPS_HDOP:1.50
16:25:18  원시위도:37.496968
16:25:18  원시경도:126.958322
16:25:18  GPS채택:160
16:25:18  GPS이상치거부:14
16:25:18  GPS품질거부:50
16:25:18  GPS재기준:4
16:25:18  계산거리:14.33
16:25:18  접근속도:-0.10
16:25:18  TTC:999.00
16:25:18  방향오차:-151.1
16:25:18  전방여부:0
16:25:18  위험음성횟수:11
16:25:18  충격음성횟수:3
16:25:18  마지막위험음성:1
16:25:18  RSSI원시:-71
16:25:18  RSSI평활:-72.4
16:25:18  RSSI샘플:13009
16:25:18  RSSI경과ms:49
16:25:18  위험송신:13009
16:25:19  위험:0
16:25:19  원시위험:0
16:25:19  GPS유효:1
16:25:19  위도:37.496963
16:25:19  경도:126.958311
16:25:19  속도:0.26
16:25:19  방향:61.1
16:25:19  가속도:-0.98,1.12,9.53
16:25:19  자이로:1.7,-1.1,-0.8
16:25:19  충격값:0.12
16:25:19  송신:14544
16:25:19  지팡이수신:13019
16:25:19  GPS위성:6
16:25:19  GPS_HDOP:1.50
16:25:19  원시위도:37.496963
16:25:19  원시경도:126.958330
16:25:19  GPS채택:162
16:25:19  GPS이상치거부:14
16:25:19  GPS품질거부:50
16:25:19  GPS재기준:4
16:25:19  계산거리:13.98
16:25:19  접근속도:0.16
16:25:19  TTC:999.00
16:25:19  방향오차:-151.1
16:25:19  전방여부:0
16:25:19  위험음성횟수:11
16:25:19  충격음성횟수:3
16:25:19  마지막위험음성:1
16:25:19  RSSI원시:-72
16:25:19  RSSI평활:-71.8
16:25:19  RSSI샘플:13019
16:25:19  RSSI경과ms:15
16:25:19  위험송신:13019
16:25:20  위험:0
16:25:20  원시위험:0
16:25:20  GPS유효:1
16:25:20  위도:37.496962
16:25:20  경도:126.958315
16:25:20  속도:0.15
16:25:20  방향:61.1
16:25:20  가속도:-1.21,1.00,9.60
16:25:20  자이로:-0.5,-0.2,-1.5
16:25:20  충격값:0.19
16:25:20  송신:14553
16:25:20  지팡이수신:13027
16:25:20  GPS위성:6
16:25:20  GPS_HDOP:1.50
16:25:20  원시위도:37.496957
16:25:20  원시경도:126.958335
16:25:20  GPS채택:164
16:25:20  GPS이상치거부:14
16:25:20  GPS품질거부:50
16:25:20  GPS재기준:4
16:25:20  계산거리:14.32
16:25:20  접근속도:0.11
16:25:20  TTC:999.00
16:25:20  방향오차:-151.1
16:25:20  전방여부:0
16:25:20  위험음성횟수:11
16:25:20  충격음성횟수:3
16:25:20  마지막위험음성:1
16:25:20  RSSI원시:-71
16:25:20  RSSI평활:-70.5
16:25:20  RSSI샘플:13027
16:25:20  RSSI경과ms:100
16:25:20  위험송신:13027
16:25:21  위험:0
16:25:21  원시위험:0
16:25:21  GPS유효:1
16:25:21  위도:37.496959
16:25:21  경도:126.958319
16:25:21  속도:0.17
16:25:21  방향:61.1
16:25:21  가속도:-0.97,1.13,9.58
16:25:21  자이로:0.3,-1.0,0.1
16:25:21  충격값:0.11
16:25:21  송신:14563
16:25:21  지팡이수신:13037
16:25:21  GPS위성:6
16:25:21  GPS_HDOP:1.50
16:25:21  원시위도:37.496947
16:25:21  원시경도:126.958342
16:25:21  GPS채택:166
16:25:21  GPS이상치거부:14
16:25:21  GPS품질거부:50
16:25:21  GPS재기준:4
16:25:21  계산거리:14.70
16:25:21  접근속도:-0.20
16:25:21  TTC:999.00
16:25:21  방향오차:-151.1
16:25:21  전방여부:0
16:25:21  위험음성횟수:11
16:25:21  충격음성횟수:3
16:25:21  마지막위험음성:1
16:25:21  RSSI원시:-68
16:25:21  RSSI평활:-69.3
16:25:21  RSSI샘플:13037
16:25:21  RSSI경과ms:76
16:25:21  위험송신:13037
16:25:23  위험:0
16:25:23  원시위험:0
16:25:23  GPS유효:1
16:25:23  위도:37.496953
16:25:23  경도:126.958329
16:25:23  속도:0.19
16:25:23  방향:61.1
16:25:23  가속도:-0.93,1.05,9.61
16:25:23  자이로:-1.3,0.8,-0.8
16:25:23  충격값:0.09
16:25:23  송신:14583
16:25:23  지팡이수신:13056
16:25:23  GPS위성:6
16:25:23  GPS_HDOP:1.50
16:25:23  원시위도:37.496933
16:25:23  원시경도:126.958352
16:25:23  GPS채택:170
16:25:23  GPS이상치거부:14
16:25:23  GPS품질거부:50
16:25:23  GPS재기준:4
16:25:23  계산거리:14.95
16:25:23  접근속도:-0.19
16:25:23  TTC:999.00
16:25:23  방향오차:-145.3
16:25:23  전방여부:0
16:25:23  위험음성횟수:11
16:25:23  충격음성횟수:3
16:25:23  마지막위험음성:1
16:25:23  RSSI원시:-74
16:25:23  RSSI평활:-71.9
16:25:23  RSSI샘플:13056
16:25:23  RSSI경과ms:28
16:25:23  위험송신:13056
16:25:25  위험:0
16:25:25  원시위험:0
16:25:25  GPS유효:1
16:25:25  위도:37.496944
16:25:25  경도:126.958329
16:25:25  속도:0.31
16:25:25  방향:61.1
16:25:25  가속도:-0.99,1.02,9.62
16:25:25  자이로:0.9,1.3,-1.1
16:25:25  충격값:0.03
16:25:25  송신:14602
16:25:25  지팡이수신:13073
16:25:25  GPS위성:6
16:25:25  GPS_HDOP:1.50
16:25:25  원시위도:37.496922
16:25:25  원시경도:126.958317
16:25:25  GPS채택:174
16:25:25  GPS이상치거부:14
16:25:25  GPS품질거부:50
16:25:25  GPS재기준:4
16:25:25  계산거리:15.22
16:25:25  접근속도:-0.17
16:25:25  TTC:999.00
16:25:25  방향오차:-138.9
16:25:25  전방여부:0
16:25:25  위험음성횟수:11
16:25:25  충격음성횟수:3
16:25:25  마지막위험음성:1
16:25:25  RSSI원시:-74
16:25:25  RSSI평활:-74.8
16:25:25  RSSI샘플:13073
16:25:25  RSSI경과ms:99
16:25:25  위험송신:13073
16:25:27  위험:0
16:25:27  원시위험:0
16:25:27  GPS유효:1
16:25:27  위도:37.496940
16:25:27  경도:126.958323
16:25:27  속도:0.38
16:25:27  방향:61.1
16:25:27  가속도:-0.93,1.13,9.58
16:25:27  자이로:-0.9,1.9,0.6
16:25:27  충격값:0.13
16:25:27  송신:14622
16:25:27  지팡이수신:13092
16:25:27  GPS위성:5
16:25:27  GPS_HDOP:1.80
16:25:27  원시위도:37.496923
16:25:27  원시경도:126.958270
16:25:27  GPS채택:176
16:25:27  GPS이상치거부:16
16:25:27  GPS품질거부:50
16:25:27  GPS재기준:4
16:25:27  계산거리:13.80
16:25:27  접근속도:0.48
16:25:27  TTC:999.00
16:25:27  방향오차:-131.8
16:25:27  전방여부:0
16:25:27  위험음성횟수:11
16:25:27  충격음성횟수:3
16:25:27  마지막위험음성:1
16:25:27  RSSI원시:-73
16:25:27  RSSI평활:-72.8
16:25:27  RSSI샘플:13092
16:25:27  RSSI경과ms:55
16:25:27  위험송신:13092
16:25:30  위험:1
16:25:30  원시위험:1
16:25:30  GPS유효:1
16:25:30  위도:37.496941
16:25:30  경도:126.958185
16:25:30  속도:0.53
16:25:30  방향:65.0
16:25:30  가속도:-1.03,0.93,9.48
16:25:30  자이로:-2.0,-0.1,-1.8
16:25:30  충격값:0.39
16:25:30  송신:14651
16:25:30  지팡이수신:13119
16:25:30  GPS위성:6
16:25:30  GPS_HDOP:1.50
16:25:30  원시위도:37.496940
16:25:30  원시경도:126.958180
16:25:30  GPS채택:182
16:25:30  GPS이상치거부:17
16:25:30  GPS품질거부:50
16:25:30  GPS재기준:5
16:25:30  계산거리:5.97
16:25:30  접근속도:2.15
16:25:30  TTC:999.00
16:25:30  방향오차:-60.6
16:25:30  전방여부:0
16:25:30  위험음성횟수:12
16:25:30  충격음성횟수:4
16:25:30  마지막위험음성:1
16:25:30  RSSI원시:-72
16:25:30  RSSI평활:-72.3
16:25:30  RSSI샘플:13119
16:25:30  RSSI경과ms:94
16:25:30  위험송신:13119
16:25:31  위험:1
16:25:31  원시위험:1
16:25:31  GPS유효:1
16:25:31  위도:37.496945
16:25:31  경도:126.958160
16:25:31  속도:0.57
16:25:31  방향:39.2
16:25:31  가속도:0.61,3.28,12.49
16:25:31  자이로:-9.9,-2.1,2.8
16:25:31  충격값:4.07
16:25:31  송신:14660
16:25:31  지팡이수신:13129
16:25:31  GPS위성:6
16:25:31  GPS_HDOP:1.50
16:25:31  원시위도:37.496943
16:25:31  원시경도:126.958158
16:25:31  GPS채택:184
16:25:31  GPS이상치거부:17
16:25:31  GPS품질거부:50
16:25:31  GPS재기준:5
16:25:31  계산거리:6.53
16:25:31  접근속도:0.74
16:25:31  TTC:999.00
16:25:31  방향오차:-14.7
16:25:31  전방여부:1
16:25:31  위험음성횟수:12
16:25:31  충격음성횟수:4
16:25:31  마지막위험음성:1
16:25:31  RSSI원시:-72
16:25:31  RSSI평활:-72.5
16:25:31  RSSI샘플:13129
16:25:31  RSSI경과ms:72
16:25:31  위험송신:13129
16:25:32  위험:1
16:25:32  원시위험:1
16:25:32  GPS유효:1
16:25:32  위도:37.496951
16:25:32  경도:126.958137
16:25:32  속도:0.63
16:25:32  방향:1.6
16:25:32  가속도:-1.00,0.92,9.46
16:25:32  자이로:1.9,-3.3,-1.3
16:25:32  충격값:0.48
16:25:32  송신:14670
16:25:32  지팡이수신:13139
16:25:32  GPS위성:6
16:25:32  GPS_HDOP:1.50
16:25:32  원시위도:37.496950
16:25:32  원시경도:126.958135
16:25:32  GPS채택:186
16:25:32  GPS이상치거부:17
16:25:32  GPS품질거부:50
16:25:32  GPS재기준:5
16:25:32  계산거리:7.85
16:25:32  접근속도:-0.31
16:25:32  TTC:999.00
16:25:32  방향오차:43.9
16:25:32  전방여부:1
16:25:32  위험음성횟수:12
16:25:32  충격음성횟수:4
16:25:32  마지막위험음성:1
16:25:32  RSSI원시:-73
16:25:32  RSSI평활:-72.6
16:25:32  RSSI샘플:13139
16:25:32  RSSI경과ms:49
16:25:32  위험송신:13139
16:25:34  위험:0
16:25:34  원시위험:0
16:25:34  GPS유효:1
16:25:34  위도:37.496963
16:25:34  경도:126.958095
16:25:34  속도:0.80
16:25:34  방향:309.4
16:25:34  가속도:-1.12,1.04,9.50
16:25:34  자이로:3.4,-1.0,-1.7
16:25:34  충격값:0.13
16:25:34  송신:14690
16:25:34  지팡이수신:13157
16:25:34  GPS위성:6
16:25:34  GPS_HDOP:1.50
16:25:34  원시위도:37.496962
16:25:34  원시경도:126.958098
16:25:34  GPS채택:190
16:25:34  GPS이상치거부:17
16:25:34  GPS품질거부:50
16:25:34  GPS재기준:5
16:25:34  계산거리:10.91
16:25:34  접근속도:-1.40
16:25:34  TTC:999.00
16:25:34  방향오차:115.8
16:25:34  전방여부:0
16:25:34  위험음성횟수:12
16:25:34  충격음성횟수:4
16:25:34  마지막위험음성:1
16:25:34  RSSI원시:-72
16:25:34  RSSI평활:-72.0
16:25:34  RSSI샘플:13157
16:25:34  RSSI경과ms:28
16:25:34  위험송신:13157
16:25:35  위험:0
16:25:35  원시위험:0
16:25:35  GPS유효:1
16:25:35  위도:37.496967
16:25:35  경도:126.958081
16:25:35  속도:0.66
16:25:35  방향:298.6
16:25:35  가속도:-1.05,0.99,9.53
16:25:35  자이로:-0.7,2.2,-0.4
16:25:35  충격값:0.09
16:25:35  송신:14699
16:25:35  지팡이수신:13164
16:25:35  GPS위성:6
16:25:35  GPS_HDOP:1.50
16:25:35  원시위도:37.496965
16:25:35  원시경도:126.958085
16:25:35  GPS채택:192
16:25:35  GPS이상치거부:17
16:25:35  GPS품질거부:50
16:25:35  GPS재기준:5
16:25:35  계산거리:11.98
16:25:35  접근속도:-1.29
16:25:35  TTC:999.00
16:25:35  방향오차:128.0
16:25:35  전방여부:0
16:25:35  위험음성횟수:12
16:25:35  충격음성횟수:4
16:25:35  마지막위험음성:1
16:25:35  RSSI원시:-75
16:25:35  RSSI평활:-73.9
16:25:35  RSSI샘플:13164
16:25:35  RSSI경과ms:96
16:25:35  위험송신:13164
16:25:39  위험:0
16:25:39  원시위험:0
16:25:39  GPS유효:1
16:25:39  위도:37.496953
16:25:39  경도:126.958081
16:25:39  속도:0.22
16:25:39  방향:295.9
16:25:39  가속도:-1.02,1.03,9.63
16:25:39  자이로:-0.2,1.7,0.5
16:25:39  충격값:0.03
16:25:39  송신:14738
16:25:39  지팡이수신:13198
16:25:39  GPS위성:6
16:25:39  GPS_HDOP:1.50
16:25:39  원시위도:37.496925
16:25:39  원시경도:126.958090
16:25:39  GPS채택:200
16:25:39  GPS이상치거부:17
16:25:39  GPS품질거부:50
16:25:39  GPS재기준:5
16:25:39  계산거리:13.72
16:25:39  접근속도:-0.44
16:25:39  TTC:999.00
16:25:39  방향오차:121.8
16:25:39  전방여부:0
16:25:39  위험음성횟수:12
16:25:39  충격음성횟수:4
16:25:39  마지막위험음성:1
16:25:39  RSSI원시:-73
16:25:39  RSSI평활:-73.3
16:25:39  RSSI샘플:13198
16:25:39  RSSI경과ms:200
16:25:39  위험송신:13198
16:25:40  위험:0
16:25:40  원시위험:0
16:25:40  GPS유효:1
16:25:40  위도:37.496953
16:25:40  경도:126.958081
16:25:40  속도:0.22
16:25:40  방향:295.9
16:25:40  가속도:-1.05,0.99,9.63
16:25:40  자이로:1.1,0.3,0.0
16:25:40  충격값:0.04
16:25:40  송신:14748
16:25:40  지팡이수신:13206
16:25:40  GPS위성:6
16:25:40  GPS_HDOP:1.50
16:25:40  원시위도:37.496915
16:25:40  원시경도:126.958093
16:25:40  GPS채택:200
16:25:40  GPS이상치거부:19
16:25:40  GPS품질거부:50
16:25:40  GPS재기준:5
16:25:40  계산거리:14.30
16:25:40  접근속도:-0.59
16:25:40  TTC:999.00
16:25:40  방향오차:123.3
16:25:40  전방여부:0
16:25:40  위험음성횟수:12
16:25:40  충격음성횟수:4
16:25:40  마지막위험음성:1
16:25:40  RSSI원시:-73
16:25:40  RSSI평활:-73.1
16:25:40  RSSI샘플:13206
16:25:40  RSSI경과ms:64
16:25:40  위험송신:13206
16:25:42  위험:0
16:25:42  원시위험:0
16:25:42  GPS유효:1
16:25:42  위도:37.496902
16:25:42  경도:126.958092
16:25:42  속도:0.32
16:25:42  방향:295.9
16:25:42  가속도:-1.06,0.89,9.58
16:25:42  자이로:2.3,-0.6,-0.4
16:25:42  충격값:0.15
16:25:42  송신:14767
16:25:42  지팡이수신:13225
16:25:42  GPS위성:6
16:25:42  GPS_HDOP:1.50
16:25:42  원시위도:37.496895
16:25:42  원시경도:126.958090
16:25:42  GPS채택:204
16:25:42  GPS이상치거부:20
16:25:42  GPS품질거부:50
16:25:42  GPS재기준:6
16:25:42  계산거리:17.56
16:25:42  접근속도:-1.08
16:25:42  TTC:999.00
16:25:42  방향오차:107.6
16:25:42  전방여부:0
16:25:42  위험음성횟수:12
16:25:42  충격음성횟수:4
16:25:42  마지막위험음성:1
16:25:42  RSSI원시:-74
16:25:42  RSSI평활:-73.9
16:25:42  RSSI샘플:13225
16:25:42  RSSI경과ms:20
16:25:42  위험송신:13225
16:25:43  위험:0
16:25:43  원시위험:0
16:25:43  GPS유효:1
16:25:43  위도:37.496900
16:25:43  경도:126.958091
16:25:43  속도:0.25
16:25:43  방향:295.9
16:25:43  가속도:-0.90,1.15,9.58
16:25:43  자이로:-1.4,-1.6,0.3
16:25:43  충격값:0.17
16:25:43  송신:14777
16:25:43  지팡이수신:13234
16:25:43  GPS위성:6
16:25:43  GPS_HDOP:1.50
16:25:43  원시위도:37.496890
16:25:43  원시경도:126.958087
16:25:43  GPS채택:206
16:25:43  GPS이상치거부:20
16:25:43  GPS품질거부:50
16:25:43  GPS재기준:6
16:25:43  계산거리:17.77
16:25:43  접근속도:-0.68
16:25:43  TTC:999.00
16:25:43  방향오차:105.7
16:25:43  전방여부:0
16:25:43  위험음성횟수:12
16:25:43  충격음성횟수:4
16:25:43  마지막위험음성:1
16:25:43  RSSI원시:-73
16:25:43  RSSI평활:-74.1
16:25:43  RSSI샘플:13234
16:25:43  RSSI경과ms:107
16:25:43  위험송신:13234
16:25:44  위험:0
16:25:44  원시위험:0
16:25:44  GPS유효:1
16:25:44  위도:37.496898
16:25:44  경도:126.958089
16:25:44  속도:0.25
16:25:44  방향:295.9
16:25:44  가속도:-0.95,1.03,9.60
16:25:44  자이로:0.6,-3.6,-0.3
16:25:44  충격값:0.06
16:25:44  송신:14786
16:25:44  지팡이수신:13242
16:25:44  GPS위성:6
16:25:44  GPS_HDOP:1.50
16:25:44  원시위도:37.496888
16:25:44  원시경도:126.958078
16:25:44  GPS채택:208
16:25:44  GPS이상치거부:20
16:25:44  GPS품질거부:50
16:25:44  GPS재기준:6
16:25:44  계산거리:18.36
16:25:44  접근속도:-0.68
16:25:44  TTC:999.00
16:25:44  방향오차:105.4
16:25:44  전방여부:0
16:25:44  위험음성횟수:12
16:25:44  충격음성횟수:4
16:25:44  마지막위험음성:1
16:25:44  RSSI원시:-75
16:25:44  RSSI평활:-73.9
16:25:44  RSSI샘플:13242
16:25:44  RSSI경과ms:87
16:25:44  위험송신:13242
16:25:45  위험:0
16:25:45  원시위험:0
16:25:45  GPS유효:1
16:25:45  위도:37.496897
16:25:45  경도:126.958087
16:25:45  속도:0.22
16:25:45  방향:295.9
16:25:45  가속도:-0.96,0.97,9.69
16:25:45  자이로:0.1,2.3,-2.7
16:25:45  충격값:0.12
16:25:45  송신:14796
16:25:45  지팡이수신:13250
16:25:45  GPS위성:6
16:25:45  GPS_HDOP:1.50
16:25:45  원시위도:37.496888
16:25:45  원시경도:126.958075
16:25:45  GPS채택:210
16:25:45  GPS이상치거부:20
16:25:45  GPS품질거부:50
16:25:45  GPS재기준:6
16:25:45  계산거리:18.95
16:25:45  접근속도:-0.67
16:25:45  TTC:999.00
16:25:45  방향오차:104.8
16:25:45  전방여부:0
16:25:45  위험음성횟수:12
16:25:45  충격음성횟수:4
16:25:45  마지막위험음성:1
16:25:45  RSSI원시:-74
16:25:45  RSSI평활:-74.5
16:25:45  RSSI샘플:13250
16:25:45  RSSI경과ms:66
16:25:45  위험송신:13250
16:25:46  위험:0
16:25:46  원시위험:0
16:25:46  GPS유효:1
16:25:46  위도:37.496895
16:25:46  경도:126.958084
16:25:46  속도:0.18
16:25:46  방향:295.9
16:25:46  가속도:-1.01,1.14,9.63
16:25:46  자이로:0.8,-0.9,-0.1
16:25:46  충격값:0.12
16:25:46  송신:14806
16:25:46  지팡이수신:13259
16:25:46  GPS위성:6
16:25:46  GPS_HDOP:1.50
16:25:46  원시위도:37.496887
16:25:46  원시경도:126.958072
16:25:46  GPS채택:212
16:25:46  GPS이상치거부:20
16:25:46  GPS품질거부:50
16:25:46  GPS재기준:6
16:25:46  계산거리:19.68
16:25:46  접근속도:-0.75
16:25:46  TTC:999.00
16:25:46  방향오차:106.7
16:25:46  전방여부:0
16:25:46  위험음성횟수:12
16:25:46  충격음성횟수:4
16:25:46  마지막위험음성:1
16:25:46  RSSI원시:-73
16:25:46  RSSI평활:-73.7
16:25:46  RSSI샘플:13259
16:25:46  RSSI경과ms:41
16:25:46  위험송신:13259
16:25:47  위험:0
16:25:47  원시위험:0
16:25:47  GPS유효:1
16:25:47  위도:37.496894
16:25:47  경도:126.958081
16:25:47  속도:0.18
16:25:47  방향:295.9
16:25:47  가속도:-1.11,1.04,9.64
16:25:47  자이로:-2.1,-0.8,-0.8
16:25:47  충격값:0.09
16:25:47  송신:14815
16:25:47  지팡이수신:13266
16:25:47  GPS위성:6
16:25:47  GPS_HDOP:1.50
16:25:47  원시위도:37.496887
16:25:47  원시경도:126.958067
16:25:47  GPS채택:214
16:25:47  GPS이상치거부:20
16:25:47  GPS품질거부:50
16:25:47  GPS재기준:6
16:25:47  계산거리:20.27
16:25:47  접근속도:-0.66
16:25:47  TTC:999.00
16:25:47  방향오차:106.9
16:25:47  전방여부:0
16:25:47  위험음성횟수:12
16:25:47  충격음성횟수:4
16:25:47  마지막위험음성:1
16:25:47  RSSI원시:-74
16:25:47  RSSI평활:-73.8
16:25:47  RSSI샘플:13266
16:25:47  RSSI경과ms:121
16:25:47  위험송신:13266
16:25:49  위험:0
16:25:49  원시위험:0
16:25:49  GPS유효:1
16:25:49  위도:37.496892
16:25:49  경도:126.958076
16:25:49  속도:0.23
16:25:49  방향:295.9
16:25:49  가속도:-1.12,0.98,9.60
16:25:49  자이로:-0.3,2.6,-0.8
16:25:49  충격값:0.09
16:25:49  송신:14835
16:25:49  지팡이수신:13279
16:25:49  GPS위성:6
16:25:49  GPS_HDOP:1.50
16:25:49  원시위도:37.496887
16:25:49  원시경도:126.958065
16:25:49  GPS채택:218
16:25:49  GPS이상치거부:20
16:25:49  GPS품질거부:50
16:25:49  GPS재기준:6
16:25:49  계산거리:21.07
16:25:49  접근속도:-0.56
16:25:49  TTC:999.00
16:25:49  방향오차:107.1
16:25:49  전방여부:0
16:25:49  위험음성횟수:12
16:25:49  충격음성횟수:4
16:25:49  마지막위험음성:1
16:25:49  RSSI원시:-73
16:25:49  RSSI평활:-73.0
16:25:49  RSSI샘플:13279
16:25:49  RSSI경과ms:83
16:25:49  위험송신:13279
16:25:51  위험:0
16:25:51  원시위험:0
16:25:51  GPS유효:1
16:25:51  위도:37.496891
16:25:51  경도:126.958070
16:25:51  속도:0.20
16:25:51  방향:295.9
16:25:51  가속도:-1.05,1.09,9.59
16:25:51  자이로:2.3,-1.5,2.0
16:25:51  충격값:0.07
16:25:51  송신:14854
16:25:51  지팡이수신:13296
16:25:51  GPS위성:6
16:25:51  GPS_HDOP:1.50
16:25:51  원시위도:37.496888
16:25:51  원시경도:126.958057
16:25:51  GPS채택:222
16:25:51  GPS이상치거부:20
16:25:51  GPS품질거부:50
16:25:51  GPS재기준:6
16:25:51  계산거리:21.49
16:25:51  접근속도:-0.31
16:25:51  TTC:999.00
16:25:51  방향오차:108.1
16:25:51  전방여부:0
16:25:51  위험음성횟수:12
16:25:51  충격음성횟수:4
16:25:51  마지막위험음성:1
16:25:51  RSSI원시:-74
16:25:51  RSSI평활:-73.5
16:25:51  RSSI샘플:13296
16:25:51  RSSI경과ms:36
16:25:51  위험송신:13296
16:25:56  위험:0
16:25:56  원시위험:0
16:25:56  GPS유효:1
16:25:56  위도:37.496880
16:25:56  경도:126.958063
16:25:56  속도:0.15
16:25:56  방향:295.9
16:25:56  가속도:-0.97,0.97,9.63
16:25:56  자이로:-0.6,2.2,-2.4
16:25:56  충격값:0.07
16:25:56  송신:14902
16:25:56  지팡이수신:13338
16:25:56  GPS위성:5
16:25:56  GPS_HDOP:2.00
16:25:56  원시위도:37.496867
16:25:56  원시경도:126.958058
16:25:56  GPS채택:232
16:25:56  GPS이상치거부:20
16:25:56  GPS품질거부:50
16:25:56  GPS재기준:6
16:25:56  계산거리:24.55
16:25:56  접근속도:-0.73
16:25:56  TTC:999.00
16:25:56  방향오차:108.9
16:25:56  전방여부:0
16:25:56  위험음성횟수:12
16:25:56  충격음성횟수:4
16:25:56  마지막위험음성:1
16:25:56  RSSI원시:-73
16:25:56  RSSI평활:-72.6
16:25:56  RSSI샘플:13338
16:25:56  RSSI경과ms:16
16:25:56  위험송신:13338
16:25:57  위험:0
16:25:57  원시위험:0
16:25:57  GPS유효:1
16:25:57  위도:37.496878
16:25:57  경도:126.958062
16:25:57  속도:0.21
16:25:57  방향:295.9
16:25:57  가속도:-1.14,1.03,9.58
16:25:57  자이로:1.9,-3.3,-0.3
16:25:57  충격값:0.12
16:25:57  송신:14912
16:25:57  지팡이수신:13347
16:25:57  GPS위성:6
16:25:57  GPS_HDOP:1.50
16:25:57  원시위도:37.496867
16:25:57  원시경도:126.958058
16:25:57  GPS채택:234
16:25:57  GPS이상치거부:20
16:25:57  GPS품질거부:50
16:25:57  GPS재기준:6
16:25:57  계산거리:25.44
16:25:57  접근속도:-0.74
16:25:57  TTC:999.00
16:25:57  방향오차:111.8
16:25:57  전방여부:0
16:25:57  위험음성횟수:12
16:25:57  충격음성횟수:4
16:25:57  마지막위험음성:1
16:25:57  RSSI원시:-72
16:25:57  RSSI평활:-72.7
16:25:57  RSSI샘플:13347
16:25:57  RSSI경과ms:93
16:25:57  위험송신:13347
16:25:59  위험:0
16:25:59  원시위험:0
16:25:59  GPS유효:1
16:25:59  위도:37.496876
16:25:59  경도:126.958064
16:25:59  속도:0.18
16:25:59  방향:295.9
16:25:59  가속도:-1.11,1.03,9.56
16:25:59  자이로:-2.2,1.5,-1.9
16:25:59  충격값:0.09
16:25:59  송신:14931
16:25:59  지팡이수신:13365
16:25:59  GPS위성:6
16:25:59  GPS_HDOP:1.50
16:25:59  원시위도:37.496872
16:25:59  원시경도:126.958070
16:25:59  GPS채택:238
16:25:59  GPS이상치거부:20
16:25:59  GPS품질거부:50
16:25:59  GPS재기준:6
16:25:59  계산거리:27.58
16:25:59  접근속도:-0.74
16:25:59  TTC:999.00
16:25:59  방향오차:119.6
16:25:59  전방여부:0
16:25:59  위험음성횟수:12
16:25:59  충격음성횟수:4
16:25:59  마지막위험음성:1
16:25:59  RSSI원시:-73
16:25:59  RSSI평활:-72.5
16:25:59  RSSI샘플:13365
16:25:59  RSSI경과ms:52
16:25:59  위험송신:13365
16:26:02  위험:0
16:26:02  원시위험:0
16:26:02  GPS유효:1
16:26:02  위도:37.496874
16:26:02  경도:126.958067
16:26:02  속도:0.15
16:26:02  방향:295.9
16:26:02  가속도:-0.93,1.05,9.65
16:26:02  자이로:0.2,1.0,-1.3
16:26:02  충격값:0.10
16:26:02  송신:14960
16:26:02  지팡이수신:13394
16:26:02  GPS위성:6
16:26:02  GPS_HDOP:1.50
16:26:02  원시위도:37.496872
16:26:02  원시경도:126.958070
16:26:02  GPS채택:244
16:26:02  GPS이상치거부:20
16:26:02  GPS품질거부:50
16:26:02  GPS재기준:6
16:26:02  계산거리:29.24
16:26:02  접근속도:-0.67
16:26:02  TTC:999.00
16:26:02  방향오차:123.9
16:26:02  전방여부:0
16:26:02  위험음성횟수:12
16:26:02  충격음성횟수:4
16:26:02  마지막위험음성:1
16:26:02  RSSI원시:-75
16:26:02  RSSI평활:-74.5
16:26:02  RSSI샘플:13394
16:26:02  RSSI경과ms:92
16:26:02  위험송신:13394
16:26:03  위험:0
16:26:03  원시위험:0
16:26:03  GPS유효:1
16:26:03  위도:37.496874
16:26:03  경도:126.958068
16:26:03  속도:0.12
16:26:03  방향:295.9
16:26:03  가속도:-1.01,1.01,9.56
16:26:03  자이로:-1.5,-1.1,-1.4
16:26:03  충격값:0.07
16:26:03  송신:14970
16:26:03  지팡이수신:13401
16:26:03  GPS위성:6
16:26:03  GPS_HDOP:1.50
16:26:03  원시위도:37.496872
16:26:03  원시경도:126.958075
16:26:03  GPS채택:246
16:26:03  GPS이상치거부:20
16:26:03  GPS품질거부:50
16:26:03  GPS재기준:6
16:26:03  계산거리:29.53
16:26:03  접근속도:-0.44
16:26:03  TTC:999.00
16:26:03  방향오차:125.1
16:26:03  전방여부:0
16:26:03  위험음성횟수:12
16:26:03  충격음성횟수:4
16:26:03  마지막위험음성:1
16:26:03  RSSI원시:-72
16:26:03  RSSI평활:-74.2
16:26:03  RSSI샘플:13401
16:26:03  RSSI경과ms:69
16:26:03  위험송신:13401
16:26:04  위험:0
16:26:04  원시위험:0
16:26:04  GPS유효:1
16:26:04  위도:37.496874
16:26:04  경도:126.958071
16:26:04  속도:0.08
16:26:04  방향:295.9
16:26:04  가속도:-0.98,1.00,9.62
16:26:04  자이로:-1.6,1.1,-3.8
16:26:04  충격값:0.06
16:26:04  송신:14980
16:26:04  지팡이수신:13411
16:26:04  GPS위성:6
16:26:04  GPS_HDOP:1.50
16:26:04  원시위도:37.496873
16:26:04  원시경도:126.958087
16:26:04  GPS채택:248
16:26:04  GPS이상치거부:20
16:26:04  GPS품질거부:50
16:26:04  GPS재기준:6
16:26:04  계산거리:29.31
16:26:04  접근속도:-0.11
16:26:04  TTC:999.00
16:26:04  방향오차:124.2
16:26:04  전방여부:0
16:26:04  위험음성횟수:12
16:26:04  충격음성횟수:4
16:26:04  마지막위험음성:1
16:26:04  RSSI원시:-74
16:26:04  RSSI평활:-73.1
16:26:04  RSSI샘플:13411
16:26:04  RSSI경과ms:43
16:26:04  위험송신:13411
16:26:05  위험:0
16:26:05  원시위험:0
16:26:05  GPS유효:1
16:26:05  위도:37.496874
16:26:05  경도:126.958076
16:26:05  속도:0.07
16:26:05  방향:295.9
16:26:05  가속도:-0.93,1.04,9.59
16:26:05  자이로:0.3,0.7,-2.6
16:26:05  충격값:0.09
16:26:05  송신:14989
16:26:05  지팡이수신:13420
16:26:05  GPS위성:6
16:26:05  GPS_HDOP:1.50
16:26:05  원시위도:37.496873
16:26:05  원시경도:126.958100
16:26:05  GPS채택:250
16:26:05  GPS이상치거부:20
16:26:05  GPS품질거부:50
16:26:05  GPS재기준:6
16:26:05  계산거리:29.93
16:26:05  접근속도:-0.34
16:26:05  TTC:999.00
16:26:05  방향오차:125.7
16:26:05  전방여부:0
16:26:05  위험음성횟수:12
16:26:05  충격음성횟수:4
16:26:05  마지막위험음성:1
16:26:05  RSSI원시:-75
16:26:05  RSSI평활:-73.9
16:26:05  RSSI샘플:13420
16:26:05  RSSI경과ms:20
16:26:05  위험송신:13420
16:26:06  위험:0
16:26:06  원시위험:0
16:26:06  GPS유효:1
16:26:06  위도:37.496873
16:26:06  경도:126.958082
16:26:06  속도:0.11
16:26:06  방향:295.9
16:26:06  가속도:-1.08,1.02,9.53
16:26:06  자이로:1.0,3.6,0.4
16:26:06  충격값:0.09
16:26:06  송신:14999
16:26:06  지팡이수신:13429
16:26:06  GPS위성:6
16:26:06  GPS_HDOP:1.50
16:26:06  원시위도:37.496872
16:26:06  원시경도:126.958113
16:26:06  GPS채택:252
16:26:06  GPS이상치거부:20
16:26:06  GPS품질거부:50
16:26:06  GPS재기준:6
16:26:06  계산거리:30.28
16:26:06  접근속도:-0.35
16:26:06  TTC:999.00
16:26:06  방향오차:127.1
16:26:06  전방여부:0
16:26:06  위험음성횟수:12
16:26:06  충격음성횟수:4
16:26:06  마지막위험음성:1
16:26:06  RSSI원시:-73
16:26:06  RSSI평활:-73.4
16:26:06  RSSI샘플:13429
16:26:06  RSSI경과ms:14
16:26:06  위험송신:13429
16:26:12  위험:0
16:26:12  원시위험:0
16:26:12  GPS유효:1
16:26:12  위도:37.496863
16:26:12  경도:126.958150
16:26:12  속도:0.21
16:26:12  방향:295.9
16:26:12  가속도:-0.89,1.05,9.61
16:26:12  자이로:2.0,0.4,-0.1
16:26:12  충격값:0.12
16:26:12  송신:15058
16:26:12  지팡이수신:13484
16:26:12  GPS위성:6
16:26:12  GPS_HDOP:1.50
16:26:12  원시위도:37.496860
16:26:12  원시경도:126.958163
16:26:12  GPS채택:262
16:26:12  GPS이상치거부:23
16:26:12  GPS품질거부:50
16:26:12  GPS재기준:7
16:26:12  계산거리:26.52
16:26:12  접근속도:0.28
16:26:12  TTC:999.00
16:26:12  방향오차:122.4
16:26:12  전방여부:0
16:26:12  위험음성횟수:12
16:26:12  충격음성횟수:4
16:26:12  마지막위험음성:1
16:26:12  RSSI원시:-74
16:26:12  RSSI평활:-73.0
16:26:12  RSSI샘플:13484
16:26:12  RSSI경과ms:99
16:26:12  위험송신:13484
16:26:16  위험:0
16:26:16  원시위험:0
16:26:16  GPS유효:1
16:26:16  위도:37.496863
16:26:16  경도:126.958160
16:26:16  속도:0.16
16:26:16  방향:295.9
16:26:16  가속도:-0.90,1.02,9.65
16:26:16  자이로:0.5,-0.2,0.1
16:26:16  충격값:0.12
16:26:16  송신:15097
16:26:16  지팡이수신:13521
16:26:16  GPS위성:6
16:26:16  GPS_HDOP:1.50
16:26:16  원시위도:37.496865
16:26:16  원시경도:126.958172
16:26:16  GPS채택:270
16:26:16  GPS이상치거부:23
16:26:16  GPS품질거부:50
16:26:16  GPS재기준:7
16:26:16  계산거리:25.25
16:26:16  접근속도:0.25
16:26:16  TTC:999.00
16:26:16  방향오차:120.6
16:26:16  전방여부:0
16:26:16  위험음성횟수:12
16:26:16  충격음성횟수:4
16:26:16  마지막위험음성:1
16:26:16  RSSI원시:-73
16:26:16  RSSI평활:-73.1
16:26:16  RSSI샘플:13521
16:26:17  RSSI경과ms:111
16:26:17  위험송신:13521
16:26:17  위험:0
16:26:17  원시위험:0
16:26:17  GPS유효:1
16:26:17  위도:37.496864
16:26:17  경도:126.958162
16:26:17  속도:0.19
16:26:17  방향:295.9
16:26:17  가속도:-1.09,0.93,9.99
16:26:17  자이로:-0.2,0.5,-0.6
16:26:17  충격값:0.40
16:26:17  송신:15106
16:26:17  지팡이수신:13531
16:26:17  GPS위성:5
16:26:17  GPS_HDOP:2.00
16:26:17  원시위도:37.496865
16:26:17  원시경도:126.958173
16:26:17  GPS채택:272
16:26:17  GPS이상치거부:23
16:26:17  GPS품질거부:50
16:26:17  GPS재기준:7
16:26:17  계산거리:24.52
16:26:17  접근속도:0.54
16:26:17  TTC:999.00
16:26:17  방향오차:119.5
16:26:17  전방여부:0
16:26:17  위험음성횟수:12
16:26:17  충격음성횟수:4
16:26:17  마지막위험음성:1
16:26:17  RSSI원시:-73
16:26:17  RSSI평활:-73.9
16:26:17  RSSI샘플:13531
16:26:18  RSSI경과ms:86
16:26:18  위험송신:13531
16:26:18  위험:0
16:26:18  원시위험:0
16:26:18  GPS유효:1
16:26:18  위도:37.496864
16:26:18  경도:126.958164
16:26:18  속도:0.16
16:26:18  방향:295.9
16:26:18  가속도:-1.13,1.03,9.69
16:26:18  자이로:-1.3,2.3,-2.2
16:26:18  충격값:0.14
16:26:18  송신:15116
16:26:18  지팡이수신:13540
16:26:18  GPS위성:6
16:26:18  GPS_HDOP:1.50
16:26:18  원시위도:37.496863
16:26:18  원시경도:126.958175
16:26:18  GPS채택:274
16:26:18  GPS이상치거부:23
16:26:18  GPS품질거부:50
16:26:18  GPS재기준:7
16:26:18  계산거리:24.38
16:26:18  접근속도:0.35
16:26:18  TTC:999.00
16:26:18  방향오차:119.3
16:26:18  전방여부:0
16:26:18  위험음성횟수:12
16:26:18  충격음성횟수:4
16:26:18  마지막위험음성:1
16:26:18  RSSI원시:-72
16:26:18  RSSI평활:-72.8
16:26:18  RSSI샘플:13540
16:26:18  RSSI경과ms:64
16:26:18  위험송신:13540
16:26:20  위험:0
16:26:20  원시위험:0
16:26:20  GPS유효:1
16:26:20  위도:37.496862
16:26:20  경도:126.958168
16:26:20  속도:0.13
16:26:20  방향:295.9
16:26:20  가속도:-0.94,0.98,9.61
16:26:20  자이로:-0.3,-0.1,-2.2
16:26:20  충격값:0.09
16:26:20  송신:15135
16:26:20  지팡이수신:13560
16:26:20  GPS위성:6
16:26:20  GPS_HDOP:1.50
16:26:20  원시위도:37.496857
16:26:20  원시경도:126.958180
16:26:20  GPS채택:278
16:26:20  GPS이상치거부:23
16:26:20  GPS품질거부:50
16:26:20  GPS재기준:7
16:26:20  계산거리:24.19
16:26:20  접근속도:0.16
16:26:20  TTC:999.00
16:26:20  방향오차:118.0
16:26:20  전방여부:0
16:26:20  위험음성횟수:12
16:26:20  충격음성횟수:4
16:26:20  마지막위험음성:1
16:26:20  RSSI원시:-73
16:26:20  RSSI평활:-72.8
16:26:20  RSSI샘플:13560
16:26:20  RSSI경과ms:19
16:26:20  위험송신:13560
