15:00:30  위험:0
15:00:30  GPS유효:1
15:00:30  위도:37.496529
15:00:30  경도:126.957832
15:00:30  속도:0.36
15:00:30  방향:174.9
15:00:30  가속도:-1.81,3.26,9.05
15:00:30  송신:21529
15:00:30  GPS위성:6
15:00:30  GPS_HDOP:1.32
15:00:30  원시위도:37.496528
15:00:30  원시경도:126.957831
15:00:30  GPS채택:3518
15:00:30  GPS이상치거부:3
15:00:30  GPS품질거부:28
15:00:30  GPS재기준:1
15:00:30  차량수신:20594
15:00:32  위험:0
15:00:32  GPS유효:1
15:00:32  위도:37.496521
15:00:32  경도:126.957832
15:00:32  속도:0.18
15:00:32  방향:174.9
15:00:32  가속도:-1.65,3.24,9.03
15:00:32  송신:21549
15:00:32  GPS위성:6
15:00:32  GPS_HDOP:1.33
15:00:32  원시위도:37.496520
15:00:32  원시경도:126.957831
15:00:32  GPS채택:3522
15:00:32  GPS이상치거부:3
15:00:32  GPS품질거부:28
15:00:32  GPS재기준:1
15:00:32  차량수신:20613
15:00:33  위험:0
15:00:33  GPS유효:1
15:00:33  위도:37.496517
15:00:33  경도:126.957832
15:00:33  속도:0.12
15:00:33  방향:174.9
15:00:33  가속도:-1.75,3.21,9.01
15:00:33  송신:21558
15:00:33  GPS위성:6
15:00:33  GPS_HDOP:1.33
15:00:33  원시위도:37.496516
15:00:33  원시경도:126.957833
15:00:33  GPS채택:3524
15:00:33  GPS이상치거부:3
15:00:33  GPS품질거부:28
15:00:33  GPS재기준:1
15:00:33  차량수신:20623
15:00:34  위험:0
15:00:34  GPS유효:1
15:00:34  위도:37.496513
15:00:34  경도:126.957832
15:00:34  속도:0.06
15:00:34  방향:174.9
15:00:34  가속도:-1.62,3.20,8.93
15:00:34  송신:21568
15:00:34  GPS위성:6
15:00:34  GPS_HDOP:1.33
15:00:34  원시위도:37.496512
15:00:34  원시경도:126.957834
15:00:34  GPS채택:3526
15:00:34  GPS이상치거부:3
15:00:34  GPS품질거부:28
15:00:34  GPS재기준:1
15:00:34  차량수신:20632
15:00:35  위험:0
15:00:35  GPS유효:1
15:00:35  위도:37.496510
15:00:35  경도:126.957832
15:00:35  속도:0.04
15:00:35  방향:174.9
15:00:35  가속도:-1.77,3.27,8.91
15:00:35  송신:21578
15:00:35  GPS위성:6
15:00:35  GPS_HDOP:1.33
15:00:35  원시위도:37.496510
15:00:35  원시경도:126.957834
15:00:35  GPS채택:3528
15:00:35  GPS이상치거부:3
15:00:35  GPS품질거부:28
15:00:35  GPS재기준:1
15:00:35  차량수신:20640
15:00:36  위험:0
15:00:36  GPS유효:1
15:00:36  위도:37.496510
15:00:36  경도:126.957832
15:00:36  속도:0.08
15:00:36  방향:174.9
15:00:36  가속도:-1.67,3.18,9.07
15:00:36  송신:21588
15:00:36  GPS위성:6
15:00:36  GPS_HDOP:1.32
15:00:36  원시위도:37.496509
15:00:36  원시경도:126.957831
15:00:36  GPS채택:3530
15:00:36  GPS이상치거부:3
15:00:36  GPS품질거부:28
15:00:36  GPS재기준:1
15:00:36  차량수신:20650
15:00:37  위험:0
15:00:37  GPS유효:1
15:00:37  위도:37.496510
15:00:37  경도:126.957832
15:00:37  속도:0.07
15:00:37  방향:174.9
15:00:37  가속도:-1.65,3.26,9.06
15:00:37  송신:21598
15:00:37  GPS위성:7
15:00:37  GPS_HDOP:1.32
15:00:37  원시위도:37.496510
15:00:37  원시경도:126.957832
15:00:37  GPS채택:3532
15:00:37  GPS이상치거부:3
15:00:37  GPS품질거부:28
15:00:37  GPS재기준:1
15:00:37  차량수신:20660
15:00:38  위험:0
15:00:38  GPS유효:1
15:00:38  위도:37.496510
15:00:38  경도:126.957832
15:00:38  속도:0.13
15:00:38  방향:174.9
15:00:38  가속도:-1.81,3.17,9.00
15:00:38  송신:21607
15:00:38  GPS위성:7
15:00:38  GPS_HDOP:1.32
15:00:38  원시위도:37.496510
15:00:38  원시경도:126.957832
15:00:38  GPS채택:3534
15:00:38  GPS이상치거부:3
15:00:38  GPS품질거부:28
15:00:38  GPS재기준:1
15:00:38  차량수신:20669
15:00:39  위험:0
15:00:39  GPS유효:1
15:00:39  위도:37.496510
15:00:39  경도:126.957832
15:00:39  속도:0.17
15:00:39  방향:174.9
15:00:39  가속도:-1.75,3.10,9.02
15:00:39  송신:21617
15:00:39  GPS위성:7
15:00:39  GPS_HDOP:1.32
15:00:39  원시위도:37.496509
15:00:39  원시경도:126.957831
15:00:39  GPS채택:3536
15:00:39  GPS이상치거부:3
15:00:39  GPS품질거부:28
15:00:39  GPS재기준:1
15:00:39  차량수신:20678
15:00:40  위험:0
15:00:40  GPS유효:1
15:00:40  위도:37.496506
15:00:40  경도:126.957832
15:00:40  속도:0.12
15:00:40  방향:174.9
15:00:40  가속도:-1.66,3.24,9.07
15:00:40  송신:21627
15:00:40  GPS위성:6
15:00:40  GPS_HDOP:1.32
15:00:40  원시위도:37.496506
15:00:40  원시경도:126.957833
15:00:40  GPS채택:3538
15:00:40  GPS이상치거부:3
15:00:40  GPS품질거부:28
15:00:40  GPS재기준:1
15:00:40  차량수신:20688
15:00:41  위험:0
15:00:41  GPS유효:1
15:00:41  위도:37.496506
15:00:41  경도:126.957832
15:00:41  속도:0.11
15:00:41  방향:174.9
15:00:41  가속도:-1.86,3.24,8.90
15:00:41  송신:21637
15:00:41  GPS위성:6
15:00:41  GPS_HDOP:1.32
15:00:41  원시위도:37.496506
15:00:41  원시경도:126.957834
15:00:41  GPS채택:3540
15:00:41  GPS이상치거부:3
15:00:41  GPS품질거부:28
15:00:41  GPS재기준:1
15:00:41  차량수신:20696
15:00:43  위험:0
15:00:43  GPS유효:1
15:00:43  위도:37.496506
15:00:43  경도:126.957832
15:00:43  속도:0.19
15:00:43  방향:174.9
15:00:43  가속도:-1.57,3.19,9.05
15:00:43  송신:21656
15:00:43  GPS위성:6
15:00:43  GPS_HDOP:1.32
15:00:43  원시위도:37.496506
15:00:43  원시경도:126.957835
15:00:43  GPS채택:3544
15:00:43  GPS이상치거부:3
15:00:43  GPS품질거부:28
15:00:43  GPS재기준:1
15:00:43  차량수신:20714
15:00:44  위험:0
15:00:44  GPS유효:1
15:00:44  위도:37.496506
15:00:44  경도:126.957832
15:00:44  속도:0.28
15:00:44  방향:174.9
15:00:44  가속도:-1.70,3.16,9.03
15:00:44  송신:21666
15:00:44  GPS위성:8
15:00:44  GPS_HDOP:1.14
15:00:44  원시위도:37.496505
15:00:44  원시경도:126.957832
15:00:44  GPS채택:3546
15:00:44  GPS이상치거부:3
15:00:44  GPS품질거부:28
15:00:44  GPS재기준:1
15:00:44  차량수신:20723
15:00:46  위험:0
15:00:46  GPS유효:1
15:00:46  위도:37.496502
15:00:46  경도:126.957832
15:00:46  속도:0.15
15:00:46  방향:174.9
15:00:46  가속도:-1.67,3.19,9.11
15:00:46  송신:21686
15:00:46  GPS위성:8
15:00:46  GPS_HDOP:1.32
15:00:46  원시위도:37.496501
15:00:46  원시경도:126.957835
15:00:46  GPS채택:3550
15:00:46  GPS이상치거부:3
15:00:46  GPS품질거부:28
15:00:46  GPS재기준:1
15:00:46  차량수신:20742
15:00:47  위험:0
15:00:47  GPS유효:1
15:00:47  위도:37.496498
15:00:47  경도:126.957832
15:00:47  속도:0.08
15:00:47  방향:174.9
15:00:47  가속도:-1.70,3.24,9.03
15:00:47  송신:21695
15:00:47  GPS위성:8
15:00:47  GPS_HDOP:1.32
15:00:47  원시위도:37.496499
15:00:47  원시경도:126.957837
15:00:47  GPS채택:3552
15:00:47  GPS이상치거부:3
15:00:47  GPS품질거부:28
15:00:47  GPS재기준:1
15:00:47  차량수신:20752
15:00:48  위험:0
15:00:48  GPS유효:1
15:00:48  위도:37.496498
15:00:48  경도:126.957840
15:00:48  속도:0.11
15:00:48  방향:174.9
15:00:48  가속도:-1.73,3.19,8.96
15:00:48  송신:21705
15:00:48  GPS위성:8
15:00:48  GPS_HDOP:1.11
15:00:48  원시위도:37.496498
15:00:48  원시경도:126.957845
15:00:48  GPS채택:3554
15:00:48  GPS이상치거부:3
15:00:48  GPS품질거부:28
15:00:48  GPS재기준:1
15:00:48  차량수신:20762
15:00:49  위험:0
15:00:49  GPS유효:1
15:00:49  위도:37.496498
15:00:49  경도:126.957848
15:00:49  속도:0.17
15:00:49  방향:174.9
15:00:49  가속도:-1.67,3.23,9.03
15:00:49  송신:21715
15:00:49  GPS위성:8
15:00:49  GPS_HDOP:1.11
15:00:49  원시위도:37.496495
15:00:49  원시경도:126.957852
15:00:49  GPS채택:3556
15:00:49  GPS이상치거부:3
15:00:49  GPS품질거부:28
15:00:49  GPS재기준:1
15:00:49  차량수신:20772
15:00:50  위험:0
15:00:50  GPS유효:1
15:00:50  위도:37.496498
15:00:50  경도:126.957855
15:00:50  속도:0.14
15:00:50  방향:174.9
15:00:50  가속도:-1.74,3.18,8.97
15:00:50  송신:21725
15:00:50  GPS위성:8
15:00:50  GPS_HDOP:1.41
15:00:50  원시위도:37.496497
15:00:50  원시경도:126.957853
15:00:50  GPS채택:3558
15:00:50  GPS이상치거부:3
15:00:50  GPS품질거부:28
15:00:50  GPS재기준:1
15:00:50  차량수신:20780
15:00:52  위험:0
15:00:52  GPS유효:1
15:00:52  위도:37.496498
15:00:52  경도:126.957855
15:00:52  속도:0.10
15:00:52  방향:174.9
15:00:52  가속도:-1.67,3.14,9.05
15:00:52  송신:21744
15:00:52  GPS위성:7
15:00:52  GPS_HDOP:1.41
15:00:52  원시위도:37.496501
15:00:52  원시경도:126.957856
15:00:52  GPS채택:3562
15:00:52  GPS이상치거부:3
15:00:52  GPS품질거부:28
15:00:52  GPS재기준:1
15:00:52  차량수신:20799
15:00:56  위험:0
15:00:56  GPS유효:1
15:00:56  위도:37.496502
15:00:56  경도:126.957817
15:00:56  속도:0.21
15:00:56  방향:174.9
15:00:56  가속도:-1.84,3.26,8.98
15:00:56  송신:21784
15:00:56  GPS위성:6
15:00:56  GPS_HDOP:1.60
15:00:56  원시위도:37.496502
15:00:56  원시경도:126.957810
15:00:56  GPS채택:3570
15:00:56  GPS이상치거부:3
15:00:56  GPS품질거부:28
15:00:56  GPS재기준:1
15:00:56  차량수신:20837
15:01:00  위험:0
15:01:00  GPS유효:1
15:01:00  위도:37.496506
15:01:00  경도:126.957794
15:01:00  속도:0.09
15:01:00  방향:174.9
15:01:00  가속도:-1.77,3.21,9.08
15:01:00  송신:21823
15:01:00  GPS위성:7
15:01:00  GPS_HDOP:2.02
15:01:00  원시위도:37.496505
15:01:00  원시경도:126.957791
15:01:00  GPS채택:3578
15:01:00  GPS이상치거부:3
15:01:00  GPS품질거부:28
15:01:00  GPS재기준:1
15:01:00  차량수신:20876
15:01:02  위험:0
15:01:02  GPS유효:1
15:01:02  위도:37.496506
15:01:02  경도:126.957787
15:01:02  속도:0.09
15:01:02  방향:174.9
15:01:02  가속도:-1.72,3.07,8.96
15:01:02  송신:21842
15:01:02  GPS위성:7
15:01:02  GPS_HDOP:1.48
15:01:02  원시위도:37.496505
15:01:02  원시경도:126.957790
15:01:02  GPS채택:3582
15:01:02  GPS이상치거부:3
15:01:02  GPS품질거부:28
15:01:02  GPS재기준:1
15:01:02  차량수신:20895
15:01:03  위험:0
15:01:03  GPS유효:1
15:01:03  위도:37.496506
15:01:03  경도:126.957787
15:01:03  속도:0.08
15:01:03  방향:174.9
15:01:03  가속도:-1.64,3.24,8.97
15:01:03  송신:21852
15:01:03  GPS위성:7
15:01:03  GPS_HDOP:1.48
15:01:03  원시위도:37.496505
15:01:03  원시경도:126.957789
15:01:03  GPS채택:3584
15:01:03  GPS이상치거부:3
15:01:03  GPS품질거부:28
15:01:03  GPS재기준:1
15:01:03  차량수신:20904
15:01:05  위험:0
15:01:05  GPS유효:1
15:01:05  위도:37.496506
15:01:05  경도:126.957787
15:01:05  속도:0.20
15:01:05  방향:174.9
15:01:05  가속도:-1.67,3.25,9.01
15:01:05  송신:21872
15:01:05  GPS위성:7
15:01:05  GPS_HDOP:1.48
15:01:05  원시위도:37.496505
15:01:05  원시경도:126.957782
15:01:05  GPS채택:3588
15:01:05  GPS이상치거부:3
15:01:05  GPS품질거부:28
15:01:05  GPS재기준:1
15:01:05  차량수신:20923
