15:00:31  위험:0
15:00:31  GPS유효:1
15:00:31  위도:37.496352
15:00:31  경도:126.958087
15:00:31  속도:0.01
15:00:31  방향:36.4
15:00:31  가속도:-0.28,1.05,9.64
15:00:31  자이로:-0.0,0.7,-3.0
15:00:31  충격값:0.11
15:00:31  송신:24736
15:00:31  지팡이수신:24220
15:00:31  GPS위성:5
15:00:31  GPS_HDOP:1.70
15:00:31  원시위도:37.496352
15:00:31  원시경도:126.958087
15:00:31  GPS채택:2974
15:00:31  GPS이상치거부:4
15:00:31  GPS품질거부:332
15:00:31  GPS재기준:1
15:00:31  위험송신:24220
15:00:32  위험:0
15:00:32  GPS유효:1
15:00:32  위도:37.496352
15:00:32  경도:126.958087
15:00:32  속도:0.00
15:00:32  방향:36.4
15:00:32  가속도:-0.36,1.20,9.63
15:00:32  자이로:1.7,-0.0,-0.1
15:00:32  충격값:0.07
15:00:32  송신:24746
15:00:32  지팡이수신:24230
15:00:32  GPS위성:5
15:00:32  GPS_HDOP:1.70
15:00:32  원시위도:37.496352
15:00:32  원시경도:126.958087
15:00:32  GPS채택:2976
15:00:32  GPS이상치거부:4
15:00:32  GPS품질거부:332
15:00:32  GPS재기준:1
15:00:32  위험송신:24230
15:00:33  위험:0
15:00:33  GPS유효:1
15:00:33  위도:37.496350
15:00:33  경도:126.958062
15:00:33  속도:0.04
15:00:33  방향:36.4
15:00:33  가속도:-0.34,1.17,9.64
15:00:33  자이로:1.2,-1.0,-2.8
15:00:33  충격값:0.06
15:00:33  송신:24755
15:00:33  지팡이수신:24240
15:00:33  GPS위성:5
15:00:33  GPS_HDOP:1.70
15:00:33  원시위도:37.496350
15:00:33  원시경도:126.958062
15:00:33  GPS채택:2978
15:00:33  GPS이상치거부:4
15:00:33  GPS품질거부:332
15:00:33  GPS재기준:1
15:00:33  위험송신:24240
15:00:34  위험:0
15:00:34  GPS유효:1
15:00:34  위도:37.496346
15:00:34  경도:126.958043
15:00:34  속도:0.21
15:00:34  방향:36.4
15:00:34  가속도:-0.29,1.11,9.66
15:00:34  자이로:0.9,-0.7,-2.2
15:00:34  충격값:0.08
15:00:34  송신:24765
15:00:34  지팡이수신:24250
15:00:34  GPS위성:5
15:00:34  GPS_HDOP:1.70
15:00:34  원시위도:37.496347
15:00:34  원시경도:126.958045
15:00:34  GPS채택:2980
15:00:34  GPS이상치거부:4
15:00:34  GPS품질거부:332
15:00:34  GPS재기준:1
15:00:34  위험송신:24250
15:00:35  위험:0
15:00:35  GPS유효:1
15:00:35  위도:37.496341
15:00:35  경도:126.958024
15:00:35  속도:0.31
15:00:35  방향:36.4
15:00:35  가속도:-0.40,1.16,9.62
15:00:35  자이로:-0.1,0.2,1.6
15:00:35  충격값:0.07
15:00:35  송신:24775
15:00:35  지팡이수신:24259
15:00:35  GPS위성:5
15:00:35  GPS_HDOP:1.70
15:00:35  원시위도:37.496342
15:00:35  원시경도:126.958025
15:00:35  GPS채택:2982
15:00:35  GPS이상치거부:4
15:00:35  GPS품질거부:332
15:00:35  GPS재기준:1
15:00:35  위험송신:24259
15:00:36  위험:0
15:00:36  GPS유효:1
15:00:36  위도:37.496338
15:00:36  경도:126.958004
15:00:36  속도:0.26
15:00:36  방향:36.4
15:00:36  가속도:-0.30,1.14,9.78
15:00:36  자이로:0.4,2.3,0.3
15:00:36  충격값:0.18
15:00:36  송신:24785
15:00:36  지팡이수신:24269
15:00:36  GPS위성:5
15:00:36  GPS_HDOP:1.70
15:00:36  원시위도:37.496338
15:00:36  원시경도:126.958005
15:00:36  GPS채택:2984
15:00:36  GPS이상치거부:4
15:00:36  GPS품질거부:332
15:00:36  GPS재기준:1
15:00:36  위험송신:24269
15:00:37  위험:0
15:00:37  GPS유효:1
15:00:37  위도:37.496333
15:00:37  경도:126.957990
15:00:37  속도:0.32
15:00:37  방향:36.4
15:00:37  가속도:-0.44,1.15,9.62
15:00:37  자이로:-2.1,-1.0,-2.7
15:00:37  충격값:0.08
15:00:37  송신:24794
15:00:37  지팡이수신:24279
15:00:37  GPS위성:5
15:00:37  GPS_HDOP:1.70
15:00:37  원시위도:37.496333
15:00:37  원시경도:126.957992
15:00:37  GPS채택:2986
15:00:37  GPS이상치거부:4
15:00:37  GPS품질거부:332
15:00:37  GPS재기준:1
15:00:37  위험송신:24279
15:00:38  위험:0
15:00:38  GPS유효:1
15:00:38  위도:37.496336
15:00:38  경도:126.957988
15:00:38  속도:0.18
15:00:38  방향:36.4
15:00:38  가속도:-0.47,1.04,9.64
15:00:38  자이로:0.1,-2.4,-0.7
15:00:38  충격값:0.13
15:00:38  송신:24804
15:00:38  지팡이수신:24288
15:00:38  GPS위성:5
15:00:38  GPS_HDOP:1.70
15:00:38  원시위도:37.496337
15:00:38  원시경도:126.957988
15:00:38  GPS채택:2988
15:00:38  GPS이상치거부:4
15:00:38  GPS품질거부:332
15:00:38  GPS재기준:1
15:00:38  위험송신:24288
15:00:39  위험:0
15:00:39  GPS유효:1
15:00:39  위도:37.496337
15:00:39  경도:126.957988
15:00:39  속도:0.05
15:00:39  방향:36.4
15:00:39  가속도:-0.44,1.13,9.54
15:00:39  자이로:1.3,-3.8,-1.7
15:00:39  충격값:0.11
15:00:39  송신:24814
15:00:39  지팡이수신:24297
15:00:39  GPS위성:5
15:00:39  GPS_HDOP:1.70
15:00:39  원시위도:37.496337
15:00:39  원시경도:126.957988
15:00:39  GPS채택:2990
15:00:39  GPS이상치거부:4
15:00:39  GPS품질거부:332
15:00:39  GPS재기준:1
15:00:39  위험송신:24297
15:00:42  위험:0
15:00:42  GPS유효:1
15:00:42  위도:37.496337
15:00:42  경도:126.957987
15:00:42  속도:0.00
15:00:42  방향:36.4
15:00:42  가속도:0.05,1.71,9.86
15:00:42  자이로:2.1,5.7,-1.9
15:00:42  충격값:0.80
15:00:42  송신:24843
15:00:42  지팡이수신:24327
15:00:42  GPS위성:5
15:00:42  GPS_HDOP:1.70
15:00:42  원시위도:37.496337
15:00:42  원시경도:126.957987
15:00:42  GPS채택:2996
15:00:42  GPS이상치거부:4
15:00:42  GPS품질거부:332
15:00:42  GPS재기준:1
15:00:42  위험송신:24327
15:00:45  위험:0
15:00:45  GPS유효:1
15:00:45  위도:37.496337
15:00:45  경도:126.957985
15:00:45  속도:0.14
15:00:45  방향:36.4
15:00:45  가속도:-0.47,1.11,9.73
15:00:45  자이로:0.1,0.5,0.7
15:00:45  충격값:0.20
15:00:45  송신:24872
15:00:45  지팡이수신:24355
15:00:45  GPS위성:5
15:00:45  GPS_HDOP:1.70
15:00:45  원시위도:37.496337
15:00:45  원시경도:126.957985
15:00:45  GPS채택:3002
15:00:45  GPS이상치거부:4
15:00:45  GPS품질거부:332
15:00:45  GPS재기준:1
15:00:45  위험송신:24355
15:00:46  위험:0
15:00:46  GPS유효:1
15:00:46  위도:37.496335
15:00:46  경도:126.957987
15:00:46  속도:0.11
15:00:46  방향:36.4
15:00:46  가속도:-0.40,1.16,9.58
15:00:46  자이로:2.6,-2.5,1.1
15:00:46  충격값:0.07
15:00:46  송신:24882
15:00:46  지팡이수신:24364
15:00:46  GPS위성:5
15:00:46  GPS_HDOP:1.70
15:00:46  원시위도:37.496335
15:00:46  원시경도:126.957987
15:00:46  GPS채택:3004
15:00:46  GPS이상치거부:4
15:00:46  GPS품질거부:332
15:00:46  GPS재기준:1
15:00:46  위험송신:24364
15:00:51  위험:0
15:00:51  GPS유효:1
15:00:51  위도:37.496304
15:00:51  경도:126.957998
15:00:51  속도:0.43
15:00:51  방향:36.4
15:00:51  가속도:-0.40,1.08,9.60
15:00:51  자이로:0.7,-1.4,-2.1
15:00:51  충격값:0.05
15:00:51  송신:24930
15:00:51  지팡이수신:24413
15:00:51  GPS위성:5
15:00:51  GPS_HDOP:1.70
15:00:51  원시위도:37.496305
15:00:51  원시경도:126.957997
15:00:51  GPS채택:3014
15:00:51  GPS이상치거부:4
15:00:51  GPS품질거부:332
15:00:51  GPS재기준:1
15:00:51  위험송신:24413
15:00:54  위험:0
15:00:54  GPS유효:1
15:00:54  위도:37.496290
15:00:54  경도:126.957992
15:00:54  속도:0.22
15:00:54  방향:36.4
15:00:54  가속도:-0.37,1.10,9.57
15:00:54  자이로:1.5,0.1,-0.3
15:00:54  충격값:0.05
15:00:54  송신:24960
15:00:54  지팡이수신:24442
15:00:54  GPS위성:5
15:00:54  GPS_HDOP:1.70
15:00:54  원시위도:37.496290
15:00:54  원시경도:126.957992
15:00:54  GPS채택:3020
15:00:54  GPS이상치거부:4
15:00:54  GPS품질거부:332
15:00:54  GPS재기준:1
15:00:54  위험송신:24442
15:00:57  위험:0
15:00:57  GPS유효:1
15:00:57  위도:37.496273
15:00:57  경도:126.957984
15:00:57  속도:0.39
15:00:57  방향:36.4
15:00:57  가속도:-0.43,1.11,9.64
15:00:57  자이로:-2.3,0.2,0.6
15:00:57  충격값:0.08
15:00:57  송신:24989
15:00:57  지팡이수신:24472
15:00:57  GPS위성:5
15:00:57  GPS_HDOP:1.70
15:00:57  원시위도:37.496273
15:00:57  원시경도:126.957983
15:00:57  GPS채택:3026
15:00:57  GPS이상치거부:4
15:00:57  GPS품질거부:332
15:00:57  GPS재기준:1
15:00:57  위험송신:24472
15:00:58  위험:0
15:00:58  GPS유효:1
15:00:58  위도:37.496262
15:00:58  경도:126.957981
15:00:58  속도:0.56
15:00:58  방향:36.4
15:00:58  가속도:-0.32,1.20,9.66
15:00:58  자이로:0.3,2.7,-1.7
15:00:58  충격값:0.09
15:00:58  송신:24999
15:00:58  지팡이수신:24481
15:00:58  GPS위성:5
15:00:58  GPS_HDOP:1.70
15:00:58  원시위도:37.496265
15:00:58  원시경도:126.957980
15:00:58  GPS채택:3028
15:00:58  GPS이상치거부:4
15:00:58  GPS품질거부:332
15:00:58  GPS재기준:1
15:00:58  위험송신:24481
15:00:59  위험:0
15:00:59  GPS유효:1
15:00:59  위도:37.496250
15:00:59  경도:126.957976
15:00:59  속도:0.61
15:00:59  방향:36.4
15:00:59  가속도:-0.30,1.17,9.59
15:00:59  자이로:-1.5,0.7,-1.7
15:00:59  충격값:0.07
15:00:59  송신:25008
15:00:59  지팡이수신:24491
15:00:59  GPS위성:5
15:00:59  GPS_HDOP:1.70
15:00:59  원시위도:37.496255
15:00:59  원시경도:126.957975
15:00:59  GPS채택:3030
15:00:59  GPS이상치거부:4
15:00:59  GPS품질거부:332
15:00:59  GPS재기준:1
15:00:59  위험송신:24491
15:01:00  위험:0
15:01:00  GPS유효:1
15:01:00  위도:37.496243
15:01:00  경도:126.957971
15:01:00  속도:0.58
15:01:00  방향:36.4
15:01:00  가속도:-0.35,1.07,9.53
15:01:00  자이로:4.3,-2.9,1.2
15:01:00  충격값:0.09
15:01:00  송신:25018
15:01:00  지팡이수신:24501
15:01:00  GPS위성:5
15:01:00  GPS_HDOP:1.70
15:01:00  원시위도:37.496247
15:01:00  원시경도:126.957970
15:01:00  GPS채택:3032
15:01:00  GPS이상치거부:4
15:01:00  GPS품질거부:332
15:01:00  GPS재기준:1
15:01:00  위험송신:24501
15:01:04  위험:0
15:01:04  GPS유효:1
15:01:04  위도:37.496219
15:01:04  경도:126.957975
15:01:04  속도:0.62
15:01:04  방향:36.4
15:01:04  가속도:-0.32,1.12,9.51
15:01:04  자이로:2.6,-0.6,1.5
15:01:04  충격값:0.10
15:01:04  송신:25057
15:01:04  지팡이수신:24540
15:01:04  GPS위성:5
15:01:04  GPS_HDOP:1.70
15:01:04  원시위도:37.496220
15:01:04  원시경도:126.957977
15:01:04  GPS채택:3041
15:01:04  GPS이상치거부:4
15:01:04  GPS품질거부:332
15:01:04  GPS재기준:1
15:01:04  위험송신:24540
15:01:05  위험:0
15:01:05  GPS유효:1
15:01:05  위도:37.496215
15:01:05  경도:126.957980
15:01:05  속도:0.40
15:01:05  방향:36.4
15:01:05  가속도:-0.38,1.08,9.61
15:01:05  자이로:-0.1,-2.6,2.4
15:01:05  충격값:0.03
15:01:05  송신:25067
15:01:05  지팡이수신:24550
15:01:05  GPS위성:5
15:01:05  GPS_HDOP:1.70
15:01:05  원시위도:37.496213
15:01:05  원시경도:126.957982
15:01:05  GPS채택:3043
15:01:05  GPS이상치거부:4
15:01:05  GPS품질거부:332
15:01:05  GPS재기준:1
15:01:05  위험송신:24550
