18:28:17  시각ms:294042
18:28:17  IMU시각ms:294030
18:28:17  위험:0
18:28:17  GPS유효:1
18:28:17  위도:37.496754
18:28:17  경도:126.958176
18:28:17  속도:0.109
18:28:17  방향:0.0
18:28:17  GPS원시속도:0.113
18:28:17  GPS원시방향유효:1
18:28:17  GPS원시방향:179.9
18:28:17  가속도:3.539,3.773,-8.495
18:28:17  자이로:0.191,-3.260,1.260
18:28:17  자력계:-37.050,32.250,-72.750
18:28:17  IMU방향유효:0
18:28:17  IMU방향:168.0
18:28:17  방향가속도크기:9.95
18:28:17  방향자이로크기:3.50
18:28:17  방향자세cos:-0.1419
18:28:17  자기모델잔차:14.51
18:28:17  자기모델반경:1.323
18:28:17  방향채택:1080
18:28:17  방향거부:35292
18:28:17  송신:2799
18:28:17  GPS위성:7
18:28:17  GPS_HDOP:2.11
18:28:17  원시위도:37.496759
18:28:17  원시경도:126.958172
18:28:17  GPS채택:409
18:28:17  GPS이상치거부:7
18:28:17  GPS품질거부:7
18:28:17  GPS재기준:1
18:28:17  RSSI원시:-63
18:28:17  RSSI평활:-62.2
18:28:17  RSSI샘플:5338
18:28:17  RSSI경과ms:3
18:28:17  차량수신:2595
18:28:17  시각ms:294250
18:28:17  IMU시각ms:294238
18:28:17  위험:0
18:28:17  GPS유효:1
18:28:17  위도:37.496761
18:28:17  경도:126.958168
18:28:17  속도:0.114
18:28:17  방향:0.0
18:28:17  GPS원시속도:0.123
18:28:17  GPS원시방향유효:1
18:28:17  GPS원시방향:179.9
18:28:17  가속도:3.428,3.706,-8.562
18:28:17  자이로:0.160,-0.221,1.557
18:28:17  자력계:-35.700,34.350,-72.900
18:28:17  IMU방향유효:0
18:28:17  IMU방향:168.0
18:28:17  방향가속도크기:9.94
18:28:17  방향자이로크기:1.58
18:28:17  방향자세cos:-0.1562
18:28:17  자기모델잔차:14.51
18:28:17  자기모델반경:1.323
18:28:17  방향채택:1080
18:28:17  방향거부:35318
18:28:17  송신:2801
18:28:17  GPS위성:7
18:28:17  GPS_HDOP:2.11
18:28:17  원시위도:37.496769
18:28:17  원시경도:126.958169
18:28:17  GPS채택:410
18:28:17  GPS이상치거부:7
18:28:17  GPS품질거부:7
18:28:17  GPS재기준:1
18:28:17  RSSI원시:-62
18:28:17  RSSI평활:-62.1
18:28:17  RSSI샘플:5342
18:28:17  RSSI경과ms:2
18:28:17  차량수신:2597
18:28:17  시각ms:294458
18:28:17  IMU시각ms:294446
18:28:17  위험:0
18:28:17  GPS유효:1
18:28:17  위도:37.496765
18:28:17  경도:126.958168
18:28:17  속도:0.117
18:28:17  방향:0.0
18:28:17  GPS원시속도:0.123
18:28:17  GPS원시방향유효:1
18:28:17  GPS원시방향:179.9
18:28:17  가속도:3.467,3.836,-8.519
18:28:17  자이로:0.282,-2.252,0.969
18:28:17  자력계:-34.950,33.900,-73.650
18:28:17  IMU방향유효:0
18:28:17  IMU방향:168.0
18:28:17  방향가속도크기:9.96
18:28:17  방향자이로크기:2.47
18:28:17  방향자세cos:-0.1442
18:28:17  자기모델잔차:14.51
18:28:17  자기모델반경:1.323
18:28:17  방향채택:1080
18:28:17  방향거부:35344
18:28:17  송신:2803
18:28:17  GPS위성:7
18:28:17  GPS_HDOP:2.46
18:28:17  원시위도:37.496769
18:28:17  원시경도:126.958169
18:28:17  GPS채택:411
18:28:17  GPS이상치거부:7
18:28:17  GPS품질거부:7
18:28:17  GPS재기준:1
18:28:17  RSSI원시:-62
18:28:17  RSSI평활:-62.0
18:28:17  RSSI샘플:5346
18:28:17  RSSI경과ms:7
18:28:17  차량수신:2599
18:28:17  시각ms:294666
18:28:17  IMU시각ms:294654
18:28:17  위험:0
18:28:17  GPS유효:1
18:28:17  위도:37.496765
18:28:17  경도:126.958168
18:28:17  속도:0.117
18:28:17  방향:0.0
18:28:17  GPS원시속도:0.123
18:28:17  GPS원시방향유효:1
18:28:17  GPS원시방향:179.9
18:28:17  가속도:3.443,3.797,-8.485
18:28:17  자이로:0.145,-3.481,1.763
18:28:17  자력계:-37.050,33.000,-74.100
18:28:17  IMU방향유효:0
18:28:17  IMU방향:168.0
18:28:17  방향가속도크기:9.91
18:28:17  방향자이로크기:3.90
18:28:17  방향자세cos:-0.1462
18:28:17  자기모델잔차:14.51
18:28:17  자기모델반경:1.323
18:28:17  방향채택:1080
18:28:17  방향거부:35370
18:28:17  송신:2805
18:28:17  GPS위성:7
18:28:17  GPS_HDOP:2.46
18:28:17  원시위도:37.496769
18:28:17  원시경도:126.958169
18:28:17  GPS채택:411
18:28:17  GPS이상치거부:7
18:28:17  GPS품질거부:7
18:28:17  GPS재기준:1
18:28:17  RSSI원시:-62
18:28:17  RSSI평활:-62.0
18:28:17  RSSI샘플:5350
18:28:17  RSSI경과ms:5
18:28:17  차량수신:2601
18:28:17  시각ms:294874
18:28:17  IMU시각ms:294862
18:28:17  위험:0
18:28:17  GPS유효:1
18:28:17  위도:37.496765
18:28:17  경도:126.958168
18:28:17  속도:0.117
18:28:17  방향:0.0
18:28:17  GPS원시속도:0.123
18:28:17  GPS원시방향유효:1
18:28:17  GPS원시방향:179.9
18:28:17  가속도:3.400,3.965,-8.519
18:28:17  자이로:-3.336,-0.885,-0.237
18:28:17  자력계:-36.900,33.600,-72.900
18:28:17  IMU방향유효:0
18:28:17  IMU방향:168.0
18:28:17  방향가속도크기:9.99
18:28:17  방향자이로크기:3.46
18:28:17  방향자세cos:-0.1411
18:28:17  자기모델잔차:14.51
18:28:17  자기모델반경:1.323
18:28:17  방향채택:1080
18:28:17  방향거부:35396
18:28:17  송신:2807
18:28:17  GPS위성:7
18:28:17  GPS_HDOP:2.46
18:28:17  원시위도:37.496769
18:28:17  원시경도:126.958169
18:28:17  GPS채택:411
18:28:17  GPS이상치거부:7
18:28:17  GPS품질거부:7
18:28:17  GPS재기준:1
18:28:17  RSSI원시:-63
18:28:17  RSSI평활:-62.5
18:28:17  RSSI샘플:5354
18:28:17  RSSI경과ms:4
18:28:17  차량수신:2603
18:28:18  시각ms:294978
18:28:18  IMU시각ms:294966
18:28:18  위험:0
18:28:18  GPS유효:1
18:28:18  위도:37.496765
18:28:18  경도:126.958168
18:28:18  속도:0.117
18:28:18  방향:0.0
18:28:18  GPS원시속도:0.123
18:28:18  GPS원시방향유효:1
18:28:18  GPS원시방향:179.9
18:28:18  가속도:3.342,3.840,-8.605
18:28:18  자이로:-0.580,-2.168,-2.756
18:28:18  자력계:-35.700,34.350,-72.450
18:28:18  IMU방향유효:0
18:28:18  IMU방향:168.0
18:28:18  방향가속도크기:10.00
18:28:18  방향자이로크기:3.55
18:28:18  방향자세cos:-0.1562
18:28:18  자기모델잔차:14.51
18:28:18  자기모델반경:1.323
18:28:18  방향채택:1080
18:28:18  방향거부:35409
18:28:18  송신:2808
18:28:18  GPS위성:7
18:28:18  GPS_HDOP:2.46
18:28:18  원시위도:37.496769
18:28:18  원시경도:126.958169
18:28:18  GPS채택:411
18:28:18  GPS이상치거부:7
18:28:18  GPS품질거부:7
18:28:18  GPS재기준:1
18:28:18  RSSI원시:-62
18:28:18  RSSI평활:-62.4
18:28:18  RSSI샘플:5355
18:28:18  RSSI경과ms:66
18:28:18  차량수신:2604
18:28:18  시각ms:295186
18:28:18  IMU시각ms:295174
18:28:18  위험:0
18:28:18  GPS유효:1
18:28:18  위도:37.496765
18:28:18  경도:126.958168
18:28:18  속도:0.117
18:28:18  방향:0.0
18:28:18  GPS원시속도:0.123
18:28:18  GPS원시방향유효:1
18:28:18  GPS원시방향:179.9
18:28:18  가속도:3.328,3.807,-8.399
18:28:18  자이로:-1.878,-2.802,-0.191
18:28:18  자력계:-36.450,33.150,-73.200
18:28:18  IMU방향유효:0
18:28:18  IMU방향:168.0
18:28:18  방향가속도크기:9.80
18:28:18  방향자이로크기:3.38
18:28:18  방향자세cos:-0.1485
18:28:18  자기모델잔차:14.51
18:28:18  자기모델반경:1.323
18:28:18  방향채택:1080
18:28:18  방향거부:35435
18:28:18  송신:2810
18:28:18  GPS위성:7
18:28:18  GPS_HDOP:2.46
18:28:18  원시위도:37.496769
18:28:18  원시경도:126.958169
18:28:18  GPS채택:411
18:28:18  GPS이상치거부:7
18:28:18  GPS품질거부:7
18:28:18  GPS재기준:1
18:28:18  RSSI원시:-65
18:28:18  RSSI평활:-63.6
18:28:18  RSSI샘플:5359
18:28:18  RSSI경과ms:66
18:28:18  차량수신:2606
18:28:18  시각ms:295602
18:28:18  IMU시각ms:295590
18:28:18  위험:0
18:28:18  GPS유효:1
18:28:18  위도:37.496773
18:28:18  경도:126.958168
18:28:18  속도:0.109
18:28:18  방향:0.0
18:28:18  GPS원시속도:0.103
18:28:18  GPS원시방향유효:1
18:28:18  GPS원시방향:179.9
18:28:18  가속도:3.328,3.797,-8.523
18:28:18  자이로:-0.573,0.817,1.405
18:28:18  자력계:-35.700,33.600,-72.900
18:28:18  IMU방향유효:0
18:28:18  IMU방향:168.0
18:28:18  방향가속도크기:9.91
18:28:18  방향자이로크기:1.72
18:28:18  방향자세cos:-0.1555
18:28:18  자기모델잔차:14.51
18:28:18  자기모델반경:1.323
18:28:18  방향채택:1080
18:28:18  방향거부:35487
18:28:18  송신:2814
18:28:18  GPS위성:7
18:28:18  GPS_HDOP:2.10
18:28:18  원시위도:37.496777
18:28:18  원시경도:126.958168
18:28:18  GPS채택:413
18:28:18  GPS이상치거부:7
18:28:18  GPS품질거부:7
18:28:18  GPS재기준:1
18:28:18  RSSI원시:-62
18:28:18  RSSI평활:-64.3
18:28:18  RSSI샘플:5368
18:28:18  RSSI경과ms:3
18:28:18  차량수신:2610
18:28:19  시각ms:296122
18:28:19  IMU시각ms:296110
18:28:19  위험:0
18:28:19  GPS유효:1
18:28:19  위도:37.496773
18:28:19  경도:126.958168
18:28:19  속도:0.109
18:28:19  방향:0.0
18:28:19  GPS원시속도:0.103
18:28:19  GPS원시방향유효:1
18:28:19  GPS원시방향:179.9
18:28:19  가속도:3.505,3.783,-8.408
18:28:19  자이로:0.122,-3.137,-1.374
18:28:19  자력계:-35.700,33.600,-72.900
18:28:19  IMU방향유효:0
18:28:19  IMU방향:168.0
18:28:19  방향가속도크기:9.86
18:28:19  방향자이로크기:3.43
18:28:19  방향자세cos:-0.1390
18:28:19  자기모델잔차:14.51
18:28:19  자기모델반경:1.323
18:28:19  방향채택:1080
18:28:19  방향거부:35552
18:28:19  송신:2819
18:28:19  GPS위성:7
18:28:19  GPS_HDOP:2.10
18:28:19  원시위도:37.496777
18:28:19  원시경도:126.958168
18:28:19  GPS채택:413
18:28:19  GPS이상치거부:7
18:28:19  GPS품질거부:7
18:28:19  GPS재기준:1
18:28:19  RSSI원시:-66
18:28:19  RSSI평활:-64.6
18:28:19  RSSI샘플:5378
18:28:19  RSSI경과ms:3
18:28:19  차량수신:2615
18:28:19  시각ms:296226
18:28:19  IMU시각ms:296214
18:28:19  위험:0
18:28:19  GPS유효:1
18:28:19  위도:37.496777
18:28:19  경도:126.958168
18:28:19  속도:0.103
18:28:19  방향:0.0
18:28:19  GPS원시속도:0.093
18:28:19  GPS원시방향유효:1
18:28:19  GPS원시방향:179.9
18:28:19  가속도:3.409,3.821,-8.519
18:28:19  자이로:-2.313,-0.992,3.130
18:28:19  자력계:-35.550,34.200,-72.300
18:28:19  IMU방향유효:0
18:28:19  IMU방향:168.0
18:28:19  방향가속도크기:9.94
18:28:19  방향자이로크기:4.02
18:28:19  방향자세cos:-0.1487
18:28:19  자기모델잔차:14.51
18:28:19  자기모델반경:1.323
18:28:19  방향채택:1080
18:28:19  방향거부:35565
18:28:19  송신:2820
18:28:19  GPS위성:7
18:28:19  GPS_HDOP:2.10
18:28:19  원시위도:37.496782
18:28:19  원시경도:126.958167
18:28:19  GPS채택:414
18:28:19  GPS이상치거부:7
18:28:19  GPS품질거부:7
18:28:19  GPS재기준:1
18:28:19  RSSI원시:-67
18:28:19  RSSI평활:-65.6
18:28:19  RSSI샘플:5380
18:28:19  RSSI경과ms:8
18:28:19  차량수신:2616
18:28:19  시각ms:296434
18:28:19  IMU시각ms:296422
18:28:19  위험:0
18:28:19  GPS유효:1
18:28:19  위도:37.496780
18:28:19  경도:126.958168
18:28:19  속도:0.100
18:28:19  방향:0.0
18:28:19  GPS원시속도:0.093
18:28:19  GPS원시방향유효:1
18:28:19  GPS원시방향:179.9
18:28:19  가속도:3.405,3.864,-8.519
18:28:19  자이로:-0.595,0.748,-0.718
18:28:19  자력계:-34.950,33.900,-73.650
18:28:19  IMU방향유효:0
18:28:19  IMU방향:168.0
18:28:19  방향가속도크기:9.95
18:28:19  방향자이로크기:1.20
18:28:19  방향자세cos:-0.1465
18:28:19  자기모델잔차:14.51
18:28:19  자기모델반경:1.323
18:28:19  방향채택:1080
18:28:19  방향거부:35591
18:28:19  송신:2822
18:28:19  GPS위성:7
18:28:19  GPS_HDOP:2.10
18:28:19  원시위도:37.496782
18:28:19  원시경도:126.958167
18:28:19  GPS채택:415
18:28:19  GPS이상치거부:7
18:28:19  GPS품질거부:7
18:28:19  GPS재기준:1
18:28:19  RSSI원시:-64
18:28:19  RSSI평활:-64.7
18:28:19  RSSI샘플:5384
18:28:19  RSSI경과ms:7
18:28:19  차량수신:2618
18:28:19  시각ms:296642
18:28:19  IMU시각ms:296630
18:28:19  위험:0
18:28:19  GPS유효:1
18:28:19  위도:37.496780
18:28:19  경도:126.958168
18:28:19  속도:0.100
18:28:19  방향:0.0
18:28:19  GPS원시속도:0.093
18:28:19  GPS원시방향유효:1
18:28:19  GPS원시방향:179.9
18:28:19  가속도:3.285,3.840,-8.519
18:28:19  자이로:-0.466,-0.481,1.603
18:28:19  자력계:-36.900,32.850,-73.950
18:28:19  IMU방향유효:0
18:28:19  IMU방향:168.0
18:28:19  방향가속도크기:9.90
18:28:19  방향자이로크기:1.74
18:28:19  방향자세cos:-0.1555
18:28:19  자기모델잔차:14.51
18:28:19  자기모델반경:1.323
18:28:19  방향채택:1080
18:28:19  방향거부:35617
18:28:19  송신:2824
18:28:19  GPS위성:7
18:28:19  GPS_HDOP:2.10
18:28:19  원시위도:37.496782
18:28:19  원시경도:126.958167
18:28:19  GPS채택:415
18:28:19  GPS이상치거부:7
18:28:19  GPS품질거부:7
18:28:19  GPS재기준:1
18:28:19  RSSI원시:-62
18:28:19  RSSI평활:-63.0
18:28:19  RSSI샘플:5388
18:28:19  RSSI경과ms:4
18:28:19  차량수신:2620
18:28:19  시각ms:296746
18:28:19  IMU시각ms:296734
18:28:19  위험:0
18:28:19  GPS유효:1
18:28:19  위도:37.496780
18:28:19  경도:126.958168
18:28:19  속도:0.100
18:28:19  방향:0.0
18:28:19  GPS원시속도:0.093
18:28:19  GPS원시방향유효:1
18:28:19  GPS원시방향:179.9
18:28:19  가속도:3.443,3.792,-8.423
18:28:19  자이로:-2.000,-4.260,0.794
18:28:19  자력계:-36.750,33.750,-72.300
18:28:19  IMU방향유효:0
18:28:19  IMU방향:168.0
18:28:19  방향가속도크기:9.86
18:28:19  방향자이로크기:4.77
18:28:19  방향자세cos:-0.1432
18:28:19  자기모델잔차:14.51
18:28:19  자기모델반경:1.323
18:28:19  방향채택:1080
18:28:19  방향거부:35630
18:28:19  송신:2825
18:28:19  GPS위성:7
18:28:19  GPS_HDOP:2.10
18:28:19  원시위도:37.496782
18:28:19  원시경도:126.958167
18:28:19  GPS채택:415
18:28:19  GPS이상치거부:7
18:28:19  GPS품질거부:7
18:28:19  GPS재기준:1
18:28:19  RSSI원시:-62
18:28:19  RSSI평활:-62.8
18:28:19  RSSI샘플:5390
18:28:19  RSSI경과ms:4
18:28:19  차량수신:2621
18:28:20  시각ms:297058
18:28:20  IMU시각ms:297046
18:28:20  위험:0
18:28:20  GPS유효:1
18:28:20  위도:37.496780
18:28:20  경도:126.958168
18:28:20  속도:0.100
18:28:20  방향:0.0
18:28:20  GPS원시속도:0.093
18:28:20  GPS원시방향유효:1
18:28:20  GPS원시방향:179.9
18:28:20  가속도:3.385,3.903,-8.452
18:28:20  자이로:-1.634,-1.237,-1.366
18:28:20  자력계:-36.450,33.900,-71.400
18:28:20  IMU방향유효:0
18:28:20  IMU방향:168.0
18:28:20  방향가속도크기:9.91
18:28:20  방향자이로크기:2.46
18:28:20  방향자세cos:-0.1421
18:28:20  자기모델잔차:14.51
18:28:20  자기모델반경:1.323
18:28:20  방향채택:1080
18:28:20  방향거부:35669
18:28:20  송신:2828
18:28:20  GPS위성:7
18:28:20  GPS_HDOP:2.10
18:28:20  원시위도:37.496782
18:28:20  원시경도:126.958167
18:28:20  GPS채택:415
18:28:20  GPS이상치거부:7
18:28:20  GPS품질거부:7
18:28:20  GPS재기준:1
18:28:20  RSSI원시:-65
18:28:20  RSSI평활:-65.2
18:28:20  RSSI샘플:5396
18:28:20  RSSI경과ms:8
18:28:20  차량수신:2624
18:28:20  시각ms:297370
18:28:20  IMU시각ms:297358
18:28:20  위험:0
18:28:20  GPS유효:1
18:28:20  위도:37.496784
18:28:20  경도:126.958168
18:28:20  속도:0.084
18:28:20  방향:0.0
18:28:20  GPS원시속도:0.072
18:28:20  GPS원시방향유효:1
18:28:20  GPS원시방향:179.9
18:28:20  가속도:3.357,3.821,-8.499
18:28:20  자이로:-1.145,-0.122,-1.725
18:28:20  자력계:-35.550,35.250,-72.000
18:28:20  IMU방향유효:0
18:28:20  IMU방향:168.0
18:28:20  방향가속도크기:9.90
18:28:20  방향자이로크기:2.07
18:28:20  방향자세cos:-0.1510
18:28:20  자기모델잔차:14.51
18:28:20  자기모델반경:1.323
18:28:20  방향채택:1080
18:28:20  방향거부:35708
18:28:20  송신:2831
18:28:20  GPS위성:7
18:28:20  GPS_HDOP:2.10
18:28:20  원시위도:37.496786
18:28:20  원시경도:126.958167
18:28:20  GPS채택:417
18:28:20  GPS이상치거부:7
18:28:20  GPS품질거부:7
18:28:20  GPS재기준:1
18:28:20  RSSI원시:-67
18:28:20  RSSI평활:-65.6
18:28:20  RSSI샘플:5401
18:28:20  RSSI경과ms:43
18:28:20  차량수신:2627
18:28:20  시각ms:297994
18:28:20  IMU시각ms:297982
18:28:20  위험:0
18:28:20  GPS유효:1
18:28:20  위도:37.496784
18:28:20  경도:126.958168
18:28:20  속도:0.084
18:28:20  방향:0.0
18:28:20  GPS원시속도:0.072
18:28:20  GPS원시방향유효:1
18:28:20  GPS원시방향:179.9
18:28:20  가속도:3.529,3.864,-8.408
18:28:20  자이로:-1.977,1.847,0.672
18:28:20  자력계:-36.300,34.500,-74.550
18:28:20  IMU방향유효:0
18:28:20  IMU방향:168.0
18:28:20  방향가속도크기:9.90
18:28:20  방향자이로크기:2.79
18:28:20  방향자세cos:-0.1329
18:28:20  자기모델잔차:14.51
18:28:20  자기모델반경:1.323
18:28:20  방향채택:1080
18:28:20  방향거부:35786
18:28:20  송신:2837
18:28:20  GPS위성:7
18:28:20  GPS_HDOP:2.10
18:28:20  원시위도:37.496786
18:28:20  원시경도:126.958167
18:28:20  GPS채택:417
18:28:20  GPS이상치거부:7
18:28:20  GPS품질거부:7
18:28:20  GPS재기준:1
18:28:20  RSSI원시:-68
18:28:20  RSSI평활:-68.0
18:28:20  RSSI샘플:5414
18:28:20  RSSI경과ms:8
18:28:20  차량수신:2633
18:28:21  시각ms:298516
18:28:21  IMU시각ms:298504
18:28:21  위험:0
18:28:21  GPS유효:1
18:28:21  위도:37.496788
18:28:21  경도:126.958168
18:28:21  속도:0.089
18:28:21  방향:0.0
18:28:21  GPS원시속도:0.093
18:28:21  GPS원시방향유효:1
18:28:21  GPS원시방향:179.9
18:28:21  가속도:3.361,3.788,-8.423
18:28:21  자이로:0.061,-1.504,-0.794
18:28:21  자력계:-36.150,33.150,-73.650
18:28:21  IMU방향유효:0
18:28:21  IMU방향:168.0
18:28:21  방향가속도크기:9.83
18:28:21  방향자이로크기:1.70
18:28:21  방향자세cos:-0.1487
18:28:21  자기모델잔차:14.51
18:28:21  자기모델반경:1.323
18:28:21  방향채택:1080
18:28:21  방향거부:35851
18:28:21  송신:2842
18:28:21  GPS위성:7
18:28:21  GPS_HDOP:2.46
18:28:21  원시위도:37.496792
18:28:21  원시경도:126.958163
18:28:21  GPS채택:419
18:28:21  GPS이상치거부:7
18:28:21  GPS품질거부:7
18:28:21  GPS재기준:1
18:28:21  RSSI원시:-72
18:28:21  RSSI평활:-70.1
18:28:21  RSSI샘플:5422
18:28:21  RSSI경과ms:37
18:28:21  차량수신:2637
18:28:21  시각ms:298724
18:28:21  IMU시각ms:298712
18:28:21  위험:0
18:28:21  GPS유효:1
18:28:21  위도:37.496788
18:28:21  경도:126.958168
18:28:21  속도:0.089
18:28:21  방향:0.0
18:28:21  GPS원시속도:0.093
18:28:21  GPS원시방향유효:1
18:28:21  GPS원시방향:179.9
18:28:21  가속도:3.500,3.812,-8.423
18:28:21  자이로:-2.725,-0.977,-0.099
18:28:21  자력계:-34.800,33.300,-72.300
18:28:21  IMU방향유효:0
18:28:21  IMU방향:168.0
18:28:21  방향가속도크기:9.89
18:28:21  방향자이로크기:2.90
18:28:21  방향자세cos:-0.1385
18:28:21  자기모델잔차:14.51
18:28:21  자기모델반경:1.323
18:28:21  방향채택:1080
18:28:21  방향거부:35877
18:28:21  송신:2844
18:28:21  GPS위성:7
18:28:21  GPS_HDOP:2.46
18:28:21  원시위도:37.496792
18:28:21  원시경도:126.958163
18:28:21  GPS채택:419
18:28:21  GPS이상치거부:7
18:28:21  GPS품질거부:7
18:28:21  GPS재기준:1
18:28:21  RSSI원시:-72
18:28:21  RSSI평활:-72.0
18:28:21  RSSI샘플:5425
18:28:21  RSSI경과ms:27
18:28:21  차량수신:2638
18:28:23  시각ms:300180
18:28:23  IMU시각ms:300168
18:28:23  위험:0
18:28:23  GPS유효:1
18:28:23  위도:37.496796
18:28:23  경도:126.958160
18:28:23  속도:0.085
18:28:23  방향:0.0
18:28:23  GPS원시속도:0.082
18:28:23  GPS원시방향유효:1
18:28:23  GPS원시방향:179.9
18:28:23  가속도:3.323,3.725,-8.456
18:28:23  자이로:-1.504,-0.153,0.908
18:28:23  자력계:-36.000,34.200,-73.350
18:28:23  IMU방향유효:0
18:28:23  IMU방향:168.0
18:28:23  방향가속도크기:9.82
18:28:23  방향자이로크기:1.76
18:28:23  방향자세cos:-0.1565
18:28:23  자기모델잔차:14.51
18:28:23  자기모델반경:1.323
18:28:23  방향채택:1080
18:28:23  방향거부:36059
18:28:23  송신:2858
18:28:23  GPS위성:7
18:28:23  GPS_HDOP:2.10
18:28:23  원시위도:37.496795
18:28:23  원시경도:126.958162
18:28:23  GPS채택:421
18:28:23  GPS이상치거부:7
18:28:23  GPS품질거부:7
18:28:23  GPS재기준:1
18:28:23  RSSI원시:-72
18:28:23  RSSI평활:-72.2
18:28:23  RSSI샘플:5450
18:28:23  RSSI경과ms:5
18:28:23  차량수신:2649
18:28:23  시각ms:300284
18:28:23  IMU시각ms:300272
18:28:23  위험:0
18:28:23  GPS유효:1
18:28:23  위도:37.496796
18:28:23  경도:126.958160
18:28:23  속도:0.088
18:28:23  방향:0.0
18:28:23  GPS원시속도:0.093
18:28:23  GPS원시방향유효:1
18:28:23  GPS원시방향:179.9
18:28:23  가속도:3.467,3.826,-8.557
18:28:23  자이로:-2.061,0.008,-1.649
18:28:23  자력계:-36.900,35.100,-72.150
18:28:23  IMU방향유효:0
18:28:23  IMU방향:168.0
18:28:23  방향가속도크기:9.99
18:28:23  방향자이로크기:2.64
18:28:23  방향자세cos:-0.1467
18:28:23  자기모델잔차:14.51
18:28:23  자기모델반경:1.323
18:28:23  방향채택:1080
18:28:23  방향거부:36072
18:28:23  송신:2859
18:28:23  GPS위성:7
18:28:23  GPS_HDOP:2.10
18:28:23  원시위도:37.496797
18:28:23  원시경도:126.958162
18:28:23  GPS채택:422
18:28:23  GPS이상치거부:7
18:28:23  GPS품질거부:7
18:28:23  GPS재기준:1
18:28:23  RSSI원시:-75
18:28:23  RSSI평활:-74.0
18:28:23  RSSI샘플:5452
18:28:23  RSSI경과ms:4
18:28:23  차량수신:2650
18:28:23  시각ms:300909
18:28:23  IMU시각ms:300897
18:28:23  위험:0
18:28:23  GPS유효:1
18:28:23  위도:37.496796
18:28:23  경도:126.958160
18:28:23  속도:0.089
18:28:23  방향:0.0
18:28:23  GPS원시속도:0.093
18:28:23  GPS원시방향유효:1
18:28:23  GPS원시방향:179.9
18:28:23  가속도:3.347,3.773,-8.399
18:28:23  자이로:0.122,0.969,-0.076
18:28:23  자력계:-36.450,33.600,-71.700
18:28:23  IMU방향유효:0
18:28:23  IMU방향:168.0
18:28:23  방향가속도크기:9.80
18:28:23  방향자이로크기:0.98
18:28:23  방향자세cos:-0.1492
18:28:23  자기모델잔차:14.51
18:28:23  자기모델반경:1.323
18:28:23  방향채택:1080
18:28:23  방향거부:36150
18:28:23  송신:2865
18:28:23  GPS위성:7
18:28:23  GPS_HDOP:2.10
18:28:23  원시위도:37.496797
18:28:23  원시경도:126.958162
18:28:23  GPS채택:423
18:28:23  GPS이상치거부:7
18:28:23  GPS품질거부:7
18:28:23  GPS재기준:1
18:28:23  RSSI원시:-79
18:28:23  RSSI평활:-77.1
18:28:23  RSSI샘플:5464
18:28:23  RSSI경과ms:4
18:28:23  차량수신:2656
18:28:24  시각ms:301117
18:28:24  IMU시각ms:301105
18:28:24  위험:0
18:28:24  GPS유효:1
18:28:24  위도:37.496796
18:28:24  경도:126.958160
18:28:24  속도:0.089
18:28:24  방향:0.0
18:28:24  GPS원시속도:0.093
18:28:24  GPS원시방향유효:1
18:28:24  GPS원시방향:179.9
18:28:24  가속도:3.476,3.950,-8.538
18:28:24  자이로:1.023,1.641,0.244
18:28:24  자력계:-35.400,34.350,-72.900
18:28:24  IMU방향유효:0
18:28:24  IMU방향:168.0
18:28:24  방향가속도크기:10.03
18:28:24  방향자이로크기:1.95
18:28:24  방향자세cos:-0.1381
18:28:24  자기모델잔차:14.51
18:28:24  자기모델반경:1.323
18:28:24  방향채택:1080
18:28:24  방향거부:36176
18:28:24  송신:2867
18:28:24  GPS위성:7
18:28:24  GPS_HDOP:2.10
18:28:24  원시위도:37.496797
18:28:24  원시경도:126.958162
18:28:24  GPS채택:423
18:28:24  GPS이상치거부:7
18:28:24  GPS품질거부:7
18:28:24  GPS재기준:1
18:28:24  RSSI원시:-81
18:28:24  RSSI평활:-78.9
18:28:24  RSSI샘플:5467
18:28:24  RSSI경과ms:1
18:28:24  차량수신:2657
18:28:24  시각ms:301743
18:28:24  IMU시각ms:301731
18:28:24  위험:0
18:28:24  GPS유효:1
18:28:24  위도:37.496799
18:28:24  경도:126.958160
18:28:24  속도:0.076
18:28:24  방향:0.0
18:28:24  GPS원시속도:0.067
18:28:24  GPS원시방향유효:1
18:28:24  GPS원시방향:179.9
18:28:24  가속도:3.390,3.898,-8.432
18:28:24  자이로:-0.710,-1.107,2.076
18:28:24  자력계:-36.000,32.250,-73.050
18:28:24  IMU방향유효:0
18:28:24  IMU방향:168.0
18:28:24  방향가속도크기:9.89
18:28:24  방향자이로크기:2.46
18:28:24  방향자세cos:-0.1411
18:28:24  자기모델잔차:14.51
18:28:24  자기모델반경:1.323
18:28:24  방향채택:1080
18:28:24  방향거부:36254
18:28:24  송신:2873
18:28:24  GPS위성:7
18:28:24  GPS_HDOP:2.46
18:28:24  원시위도:37.496800
18:28:24  원시경도:126.958158
18:28:24  GPS채택:425
18:28:24  GPS이상치거부:7
18:28:24  GPS품질거부:7
18:28:24  GPS재기준:1
18:28:24  RSSI원시:-75
18:28:24  RSSI평활:-78.0
18:28:24  RSSI샘플:5477
18:28:24  RSSI경과ms:11
18:28:24  차량수신:2662
18:28:26  시각ms:303305
18:28:26  IMU시각ms:303293
18:28:26  위험:0
18:28:26  GPS유효:1
18:28:26  위도:37.496799
18:28:26  경도:126.958160
18:28:26  속도:0.070
18:28:26  방향:0.0
18:28:26  GPS원시속도:0.057
18:28:26  GPS원시방향유효:1
18:28:26  GPS원시방향:179.9
18:28:26  가속도:3.328,3.764,-8.384
18:28:26  자이로:-1.992,-1.634,-0.695
18:28:26  자력계:-36.750,34.200,-72.000
18:28:26  IMU방향유효:0
18:28:26  IMU방향:168.0
18:28:26  방향가속도크기:9.77
18:28:26  방향자이로크기:2.67
18:28:26  방향자세cos:-0.1503
18:28:26  자기모델잔차:14.51
18:28:26  자기모델반경:1.323
18:28:26  방향채택:1080
18:28:26  방향거부:36449
18:28:26  송신:2888
18:28:26  GPS위성:7
18:28:26  GPS_HDOP:2.10
18:28:26  원시위도:37.496801
18:28:26  원시경도:126.958156
18:28:26  GPS채택:428
18:28:26  GPS이상치거부:7
18:28:26  GPS품질거부:7
18:28:26  GPS재기준:1
18:28:26  RSSI원시:-85
18:28:26  RSSI평활:-82.2
18:28:26  RSSI샘플:5504
18:28:26  RSSI경과ms:0
18:28:26  차량수신:2673
18:28:26  시각ms:303618
18:28:26  IMU시각ms:303606
18:28:26  위험:0
18:28:26  GPS유효:1
18:28:26  위도:37.496799
18:28:26  경도:126.958153
18:28:26  속도:0.065
18:28:26  방향:0.0
18:28:26  GPS원시속도:0.057
18:28:26  GPS원시방향유효:1
18:28:26  GPS원시방향:179.9
18:28:26  가속도:3.390,3.912,-8.432
18:28:26  자이로:0.786,-0.878,-0.328
18:28:26  자력계:-36.450,34.350,-73.200
18:28:26  IMU방향유효:0
18:28:26  IMU방향:168.0
18:28:26  방향가속도크기:9.89
18:28:26  방향자이로크기:1.22
18:28:26  방향자세cos:-0.1403
18:28:26  자기모델잔차:14.51
18:28:26  자기모델반경:1.323
18:28:26  방향채택:1080
18:28:26  방향거부:36488
18:28:26  송신:2891
18:28:26  GPS위성:7
18:28:26  GPS_HDOP:2.10
18:28:26  원시위도:37.496801
18:28:26  원시경도:126.958156
18:28:26  GPS채택:429
18:28:26  GPS이상치거부:7
18:28:26  GPS품질거부:7
18:28:26  GPS재기준:1
18:28:26  RSSI원시:-78
18:28:26  RSSI평활:-79.6
18:28:26  RSSI샘플:5508
18:28:26  RSSI경과ms:85
18:28:26  차량수신:2675
18:28:26  시각ms:303826
18:28:26  IMU시각ms:303814
18:28:26  위험:0
18:28:26  GPS유효:1
18:28:26  위도:37.496799
18:28:26  경도:126.958153
18:28:26  속도:0.065
18:28:26  방향:0.0
18:28:26  GPS원시속도:0.057
18:28:26  GPS원시방향유효:1
18:28:26  GPS원시방향:179.9
18:28:26  가속도:3.457,3.797,-8.504
18:28:26  자이로:-1.809,-3.107,1.053
18:28:26  자력계:-34.950,32.850,-71.700
18:28:26  IMU방향유효:0
18:28:26  IMU방향:168.0
18:28:26  방향가속도크기:9.93
18:28:26  방향자이로크기:3.75
18:28:26  방향자세cos:-0.1462
18:28:26  자기모델잔차:14.51
18:28:26  자기모델반경:1.323
18:28:26  방향채택:1080
18:28:26  방향거부:36514
18:28:26  송신:2893
18:28:26  GPS위성:7
18:28:26  GPS_HDOP:2.10
18:28:26  원시위도:37.496801
18:28:26  원시경도:126.958156
18:28:26  GPS채택:429
18:28:26  GPS이상치거부:7
18:28:26  GPS품질거부:7
18:28:26  GPS재기준:1
18:28:26  RSSI원시:-75
18:28:26  RSSI평활:-78.7
18:28:26  RSSI샘플:5509
18:28:26  RSSI경과ms:89
18:28:26  차량수신:2676
18:28:27  시각ms:304762
18:28:27  IMU시각ms:304750
18:28:27  위험:0
18:28:27  GPS유효:1
18:28:27  위도:37.496799
18:28:27  경도:126.958153
18:28:27  속도:0.057
18:28:27  방향:0.0
18:28:27  GPS원시속도:0.051
18:28:27  GPS원시방향유효:1
18:28:27  GPS원시방향:179.9
18:28:27  가속도:3.500,3.907,-8.600
18:28:27  자이로:-0.084,-3.046,0.305
18:28:27  자력계:-36.750,33.300,-72.300
18:28:27  IMU방향유효:0
18:28:27  IMU방향:168.0
18:28:27  방향가속도크기:10.07
18:28:27  방향자이로크기:3.06
18:28:27  방향자세cos:-0.1422
18:28:27  자기모델잔차:14.51
18:28:27  자기모델반경:1.323
18:28:27  방향채택:1080
18:28:27  방향거부:36631
18:28:27  송신:2902
18:28:27  GPS위성:7
18:28:27  GPS_HDOP:2.10
18:28:27  원시위도:37.496800
18:28:27  원시경도:126.958156
18:28:27  GPS채택:431
18:28:27  GPS이상치거부:7
18:28:27  GPS품질거부:7
18:28:27  GPS재기준:1
18:28:27  RSSI원시:-75
18:28:27  RSSI평활:-76.1
18:28:27  RSSI샘플:5525
18:28:27  RSSI경과ms:72
18:28:27  차량수신:2683
18:28:28  시각ms:305282
18:28:28  IMU시각ms:305270
18:28:28  위험:0
18:28:28  GPS유효:1
18:28:28  위도:37.496799
18:28:28  경도:126.958153
18:28:28  속도:0.055
18:28:28  방향:0.0
18:28:28  GPS원시속도:0.051
18:28:28  GPS원시방향유효:1
18:28:28  GPS원시방향:179.9
18:28:28  가속도:3.472,3.735,-8.495
18:28:28  자이로:-1.313,-1.870,-1.153
18:28:28  자력계:-34.800,34.500,-73.050
18:28:28  IMU방향유효:0
18:28:28  IMU방향:168.0
18:28:28  방향가속도크기:9.91
18:28:28  방향자이로크기:2.56
18:28:28  방향자세cos:-0.1484
18:28:28  자기모델잔차:14.51
18:28:28  자기모델반경:1.323
18:28:28  방향채택:1080
18:28:28  방향거부:36696
18:28:28  송신:2907
18:28:28  GPS위성:7
18:28:28  GPS_HDOP:2.10
18:28:28  원시위도:37.496799
18:28:28  원시경도:126.958155
18:28:28  GPS채택:432
18:28:28  GPS이상치거부:7
18:28:28  GPS품질거부:7
18:28:28  GPS재기준:1
18:28:28  RSSI원시:-82
18:28:28  RSSI평활:-80.5
18:28:28  RSSI샘플:5534
18:28:28  RSSI경과ms:69
18:28:28  차량수신:2687
18:28:28  시각ms:305386
18:28:28  IMU시각ms:305374
18:28:28  위험:0
18:28:28  GPS유효:1
18:28:28  위도:37.496799
18:28:28  경도:126.958153
18:28:28  속도:0.054
18:28:28  방향:0.0
18:28:28  GPS원시속도:0.051
18:28:28  GPS원시방향유효:1
18:28:28  GPS원시방향:179.9
18:28:28  가속도:3.366,3.922,-8.600
18:28:28  자이로:-1.099,-0.611,-0.191
18:28:28  자력계:-36.150,34.350,-72.150
18:28:28  IMU방향유효:0
18:28:28  IMU방향:168.0
18:28:28  방향가속도크기:10.03
18:28:28  방향자이로크기:1.27
18:28:28  방향자세cos:-0.1498
18:28:28  자기모델잔차:14.51
18:28:28  자기모델반경:1.323
18:28:28  방향채택:1080
18:28:28  방향거부:36709
18:28:28  송신:2908
18:28:28  GPS위성:7
18:28:28  GPS_HDOP:2.10
18:28:28  원시위도:37.496799
18:28:28  원시경도:126.958155
18:28:28  GPS채택:433
18:28:28  GPS이상치거부:7
18:28:28  GPS품질거부:7
18:28:28  GPS재기준:1
18:28:28  RSSI원시:-83
18:28:28  RSSI평활:-81.1
18:28:28  RSSI샘플:5536
18:28:28  RSSI경과ms:4
18:28:28  차량수신:2687
18:28:28  시각ms:305594
18:28:28  IMU시각ms:305582
18:28:28  위험:0
18:28:28  GPS유효:1
18:28:28  위도:37.496799
18:28:28  경도:126.958153
18:28:28  속도:0.054
18:28:28  방향:0.0
18:28:28  GPS원시속도:0.051
18:28:28  GPS원시방향유효:1
18:28:28  GPS원시방향:179.9
18:28:28  가속도:3.338,3.783,-8.418
18:28:28  자이로:-0.802,0.130,0.168
18:28:28  자력계:-37.050,33.750,-71.550
18:28:28  IMU방향유효:0
18:28:28  IMU방향:168.0
18:28:28  방향가속도크기:9.81
18:28:28  방향자이로크기:0.83
18:28:28  방향자세cos:-0.1503
18:28:28  자기모델잔차:14.51
18:28:28  자기모델반경:1.323
18:28:28  방향채택:1080
18:28:28  방향거부:36735
18:28:28  송신:2910
18:28:28  GPS위성:7
18:28:28  GPS_HDOP:2.10
18:28:28  원시위도:37.496799
18:28:28  원시경도:126.958155
18:28:28  GPS채택:433
18:28:28  GPS이상치거부:7
18:28:28  GPS품질거부:7
18:28:28  GPS재기준:1
18:28:28  RSSI원시:-85
18:28:28  RSSI평활:-81.9
18:28:28  RSSI샘플:5537
18:28:28  RSSI경과ms:8
18:28:28  차량수신:2687
18:28:29  시각ms:305906
18:28:29  IMU시각ms:305894
18:28:29  위험:0
18:28:29  GPS유효:1
18:28:29  위도:37.496799
18:28:29  경도:126.958153
18:28:29  속도:0.054
18:28:29  방향:0.0
18:28:29  GPS원시속도:0.051
18:28:29  GPS원시방향유효:1
18:28:29  GPS원시방향:179.9
18:28:29  가속도:3.433,3.802,-8.543
18:28:29  자이로:0.053,-0.573,-0.595
18:28:29  자력계:-35.550,33.000,-70.800
18:28:29  IMU방향유효:0
18:28:29  IMU방향:168.0
18:28:29  방향가속도크기:9.96
18:28:29  방향자이로크기:0.83
18:28:29  방향자세cos:-0.1494
18:28:29  자기모델잔차:14.51
18:28:29  자기모델반경:1.323
18:28:29  방향채택:1080
18:28:29  방향거부:36774
18:28:29  송신:2913
18:28:29  GPS위성:7
18:28:29  GPS_HDOP:2.10
18:28:29  원시위도:37.496799
18:28:29  원시경도:126.958155
18:28:29  GPS채택:433
18:28:29  GPS이상치거부:7
18:28:29  GPS품질거부:7
18:28:29  GPS재기준:1
18:28:29  RSSI원시:-76
18:28:29  RSSI평활:-80.9
18:28:29  RSSI샘플:5541
18:28:29  RSSI경과ms:69
18:28:29  차량수신:2689
18:28:29  시각ms:306634
18:28:29  IMU시각ms:306622
18:28:29  위험:0
18:28:29  GPS유효:1
18:28:29  위도:37.496799
18:28:29  경도:126.958153
18:28:29  속도:0.050
18:28:29  방향:0.0
18:28:29  GPS원시속도:0.046
18:28:29  GPS원시방향유효:1
18:28:29  GPS원시방향:179.9
18:28:29  가속도:3.452,3.706,-8.538
18:28:29  자이로:-2.405,2.076,0.252
18:28:29  자력계:-36.750,33.750,-72.750
18:28:29  IMU방향유효:0
18:28:29  IMU방향:168.0
18:28:29  방향가속도크기:9.93
18:28:29  방향자이로크기:3.19
18:28:29  방향자세cos:-0.1534
18:28:29  자기모델잔차:14.51
18:28:29  자기모델반경:1.323
18:28:29  방향채택:1080
18:28:29  방향거부:36865
18:28:29  송신:2920
18:28:29  GPS위성:7
18:28:29  GPS_HDOP:2.46
18:28:29  원시위도:37.496799
18:28:29  원시경도:126.958151
18:28:29  GPS채택:435
18:28:29  GPS이상치거부:7
18:28:29  GPS품질거부:7
18:28:29  GPS재기준:1
18:28:29  RSSI원시:-82
18:28:29  RSSI평활:-80.5
18:28:29  RSSI샘플:5550
18:28:29  RSSI경과ms:8
18:28:29  차량수신:2693
18:28:29  시각ms:306738
18:28:29  IMU시각ms:306726
18:28:29  위험:0
18:28:29  GPS유효:1
18:28:29  위도:37.496799
18:28:29  경도:126.958153
18:28:29  속도:0.050
18:28:29  방향:0.0
18:28:29  GPS원시속도:0.046
18:28:29  GPS원시방향유효:1
18:28:29  GPS원시방향:179.9
18:28:29  가속도:3.405,3.836,-8.519
18:28:29  자이로:0.359,-1.962,-0.336
18:28:29  자력계:-34.200,34.650,-72.450
18:28:29  IMU방향유효:0
18:28:29  IMU방향:168.0
18:28:29  방향가속도크기:9.94
18:28:29  방향자이로크기:2.02
18:28:29  방향자세cos:-0.1481
18:28:29  자기모델잔차:14.51
18:28:29  자기모델반경:1.323
18:28:29  방향채택:1080
18:28:29  방향거부:36878
18:28:29  송신:2921
18:28:29  GPS위성:7
18:28:29  GPS_HDOP:2.46
18:28:29  원시위도:37.496799
18:28:29  원시경도:126.958151
18:28:29  GPS채택:435
18:28:29  GPS이상치거부:7
18:28:29  GPS품질거부:7
18:28:29  GPS재기준:1
18:28:29  RSSI원시:-79
18:28:29  RSSI평활:-80.2
18:28:29  RSSI샘플:5551
18:28:29  RSSI경과ms:72
18:28:29  차량수신:2694
18:28:29  시각ms:306946
18:28:29  IMU시각ms:306934
18:28:29  위험:0
18:28:30  GPS유효:1
18:28:30  위도:37.496799
18:28:30  경도:126.958153
18:28:30  속도:0.050
18:28:30  방향:0.0
18:28:30  GPS원시속도:0.046
18:28:30  GPS원시방향유효:1
18:28:30  GPS원시방향:179.9
18:28:30  가속도:3.405,3.797,-8.519
18:28:30  자이로:0.206,-1.817,0.198
18:28:30  자력계:-36.300,34.200,-72.000
18:28:30  IMU방향유효:0
18:28:30  IMU방향:168.0
18:28:30  방향가속도크기:9.93
18:28:30  방향자이로크기:1.84
18:28:30  방향자세cos:-0.1503
18:28:30  자기모델잔차:14.51
18:28:30  자기모델반경:1.323
18:28:30  방향채택:1080
18:28:30  방향거부:36904
18:28:30  송신:2923
18:28:30  GPS위성:7
18:28:30  GPS_HDOP:2.46
18:28:30  원시위도:37.496799
18:28:30  원시경도:126.958151
18:28:30  GPS채택:435
18:28:30  GPS이상치거부:7
18:28:30  GPS품질거부:7
18:28:30  GPS재기준:1
18:28:30  RSSI원시:-79
18:28:30  RSSI평활:-80.3
18:28:30  RSSI샘플:5555
18:28:30  RSSI경과ms:5
18:28:30  차량수신:2695
18:28:30  시각ms:307573
18:28:30  IMU시각ms:307561
18:28:30  위험:0
18:28:30  GPS유효:1
18:28:30  위도:37.496799
18:28:30  경도:126.958153
18:28:30  속도:0.045
18:28:30  방향:0.0
18:28:30  GPS원시속도:0.041
18:28:30  GPS원시방향유효:1
18:28:30  GPS원시방향:179.9
18:28:30  가속도:3.333,3.840,-8.552
18:28:30  자이로:-2.992,-1.351,0.275
18:28:30  자력계:-36.900,33.150,-72.900
18:28:30  IMU방향유효:0
18:28:30  IMU방향:168.0
18:28:30  방향가속도크기:9.95
18:28:30  방향자이로크기:3.29
18:28:30  방향자세cos:-0.1541
18:28:30  자기모델잔차:14.51
18:28:30  자기모델반경:1.323
18:28:30  방향채택:1080
18:28:30  방향거부:36982
18:28:30  송신:2929
18:28:30  GPS위성:7
18:28:30  GPS_HDOP:2.10
18:28:30  원시위도:37.496797
18:28:30  원시경도:126.958150
18:28:30  GPS채택:437
18:28:30  GPS이상치거부:7
18:28:30  GPS품질거부:7
18:28:30  GPS재기준:1
18:28:30  RSSI원시:-78
18:28:30  RSSI평활:-80.6
18:28:30  RSSI샘플:5564
18:28:30  RSSI경과ms:8
18:28:30  차량수신:2699
18:28:31  시각ms:308093
18:28:31  IMU시각ms:308081
18:28:31  위험:0
18:28:31  GPS유효:1
18:28:31  위도:37.496796
18:28:31  경도:126.958153
18:28:31  속도:0.045
18:28:31  방향:0.0
18:28:31  GPS원시속도:0.041
18:28:31  GPS원시방향유효:1
18:28:31  GPS원시방향:179.9
18:28:31  가속도:3.400,3.812,-8.485
18:28:31  자이로:-1.160,0.534,-1.137
18:28:31  자력계:-34.800,34.200,-72.750
18:28:31  IMU방향유효:0
18:28:31  IMU방향:168.0
18:28:31  방향가속도크기:9.90
18:28:31  방향자이로크기:1.71
18:28:31  방향자세cos:-0.1481
18:28:31  자기모델잔차:14.51
18:28:31  자기모델반경:1.323
18:28:31  방향채택:1080
18:28:31  방향거부:37047
18:28:31  송신:2934
18:28:31  GPS위성:7
18:28:31  GPS_HDOP:2.10
18:28:31  원시위도:37.496797
18:28:31  원시경도:126.958150
18:28:31  GPS채택:437
18:28:31  GPS이상치거부:7
18:28:31  GPS품질거부:7
18:28:31  GPS재기준:1
18:28:31  RSSI원시:-86
18:28:31  RSSI평활:-82.7
18:28:31  RSSI샘플:5574
18:28:31  RSSI경과ms:3
18:28:31  차량수신:2704
18:28:31  시각ms:308615
18:28:31  IMU시각ms:308603
18:28:31  위험:0
18:28:31  GPS유효:1
18:28:31  위도:37.496796
18:28:31  경도:126.958145
18:28:31  속도:0.043
18:28:31  방향:0.0
18:28:31  GPS원시속도:0.041
18:28:31  GPS원시방향유효:1
18:28:31  GPS원시방향:179.9
18:28:31  가속도:3.428,3.869,-8.418
18:28:31  자이로:-1.107,-2.443,1.214
18:28:31  자력계:-35.700,33.900,-72.900
18:28:31  IMU방향유효:0
18:28:31  IMU방향:168.0
18:28:31  방향가속도크기:9.88
18:28:31  방향자이로크기:2.94
18:28:31  방향자세cos:-0.1395
18:28:31  자기모델잔차:14.51
18:28:31  자기모델반경:1.323
18:28:31  방향채택:1080
18:28:31  방향거부:37112
18:28:31  송신:2939
18:28:31  GPS위성:7
18:28:31  GPS_HDOP:2.10
18:28:31  원시위도:37.496795
18:28:31  원시경도:126.958148
18:28:31  GPS채택:439
18:28:31  GPS이상치거부:7
18:28:31  GPS품질거부:7
18:28:31  GPS재기준:1
18:28:31  RSSI원시:-75
18:28:31  RSSI평활:-77.1
18:28:31  RSSI샘플:5583
18:28:31  RSSI경과ms:7
18:28:31  차량수신:2708
18:28:32  시각ms:309239
18:28:32  IMU시각ms:309227
18:28:32  위험:0
18:28:32  GPS유효:1
18:28:32  위도:37.496796
18:28:32  경도:126.958145
18:28:32  속도:0.039
18:28:32  방향:0.0
18:28:32  GPS원시속도:0.031
18:28:32  GPS원시방향유효:1
18:28:32  GPS원시방향:179.9
18:28:32  가속도:3.304,3.797,-8.509
18:28:32  자이로:-0.649,-2.656,0.595
18:28:32  자력계:-38.400,34.350,-72.450
18:28:32  IMU방향유효:0
18:28:32  IMU방향:168.0
18:28:32  방향가속도크기:9.89
18:28:32  방향자이로크기:2.80
18:28:32  방향자세cos:-0.1563
18:28:32  자기모델잔차:14.51
18:28:32  자기모델반경:1.323
18:28:32  방향채택:1080
18:28:32  방향거부:37190
18:28:32  송신:2945
18:28:32  GPS위성:7
18:28:32  GPS_HDOP:2.10
18:28:32  원시위도:37.496791
18:28:32  원시경도:126.958148
18:28:32  GPS채택:440
18:28:32  GPS이상치거부:7
18:28:32  GPS품질거부:7
18:28:32  GPS재기준:1
18:28:32  RSSI원시:-75
18:28:32  RSSI평활:-76.1
18:28:32  RSSI샘플:5594
18:28:32  RSSI경과ms:5
18:28:32  차량수신:2713
18:28:32  시각ms:309343
18:28:32  IMU시각ms:309331
18:28:32  위험:0
18:28:32  GPS유효:1
18:28:32  위도:37.496792
18:28:32  경도:126.958145
18:28:32  속도:0.036
18:28:32  방향:0.0
18:28:32  GPS원시속도:0.031
18:28:32  GPS원시방향유효:1
18:28:32  GPS원시방향:179.9
18:28:32  가속도:3.414,3.840,-8.629
18:28:32  자이로:-1.511,-0.191,1.954
18:28:32  자력계:-35.250,34.500,-70.800
18:28:32  IMU방향유효:0
18:28:32  IMU방향:168.0
18:28:32  방향가속도크기:10.04
18:28:32  방향자이로크기:2.48
18:28:32  방향자세cos:-0.1528
18:28:32  자기모델잔차:14.51
18:28:32  자기모델반경:1.323
18:28:32  방향채택:1080
18:28:32  방향거부:37203
18:28:32  송신:2946
18:28:32  GPS위성:7
18:28:32  GPS_HDOP:2.10
18:28:32  원시위도:37.496791
18:28:32  원시경도:126.958148
18:28:32  GPS채택:441
18:28:32  GPS이상치거부:7
18:28:32  GPS품질거부:7
18:28:32  GPS재기준:1
18:28:32  RSSI원시:-74
18:28:32  RSSI평활:-75.8
18:28:32  RSSI샘플:5596
18:28:32  RSSI경과ms:5
18:28:32  차량수신:2714
18:28:32  시각ms:309447
18:28:32  IMU시각ms:309435
18:28:32  위험:0
18:28:32  GPS유효:1
18:28:32  위도:37.496792
18:28:32  경도:126.958145
18:28:32  속도:0.036
18:28:32  방향:0.0
18:28:32  GPS원시속도:0.031
18:28:32  GPS원시방향유효:1
18:28:32  GPS원시방향:179.9
18:28:32  가속도:3.285,3.874,-8.514
18:28:32  자이로:-0.672,2.023,-0.076
18:28:32  자력계:-35.250,34.200,-74.100
18:28:32  IMU방향유효:0
18:28:32  IMU방향:168.0
18:28:32  방향가속도크기:9.91
18:28:32  방향자이로크기:2.13
18:28:32  방향자세cos:-0.1533
18:28:32  자기모델잔차:14.51
18:28:32  자기모델반경:1.323
18:28:32  방향채택:1080
18:28:32  방향거부:37216
18:28:32  송신:2947
18:28:32  GPS위성:7
18:28:32  GPS_HDOP:2.10
18:28:32  원시위도:37.496791
18:28:32  원시경도:126.958148
18:28:32  GPS채택:441
18:28:32  GPS이상치거부:7
18:28:32  GPS품질거부:7
18:28:32  GPS재기준:1
18:28:32  RSSI원시:-74
18:28:32  RSSI평활:-75.8
18:28:32  RSSI샘플:5596
18:28:32  RSSI경과ms:109
18:28:32  차량수신:2714
18:28:32  시각ms:309656
18:28:32  IMU시각ms:309644
18:28:32  위험:0
18:28:32  GPS유효:1
18:28:32  위도:37.496792
18:28:32  경도:126.958145
18:28:32  속도:0.036
18:28:32  방향:0.0
18:28:32  GPS원시속도:0.031
18:28:32  GPS원시방향유효:1
18:28:32  GPS원시방향:179.9
18:28:32  가속도:3.366,3.745,-8.394
18:28:32  자이로:0.023,-1.855,-0.504
18:28:32  자력계:-34.650,34.650,-72.900
18:28:32  IMU방향유효:0
18:28:32  IMU방향:168.0
18:28:32  방향가속도크기:9.79
18:28:32  방향자이로크기:1.92
18:28:32  방향자세cos:-0.1494
18:28:32  자기모델잔차:14.51
18:28:32  자기모델반경:1.323
18:28:32  방향채택:1080
18:28:32  방향거부:37242
18:28:32  송신:2949
18:28:32  GPS위성:7
18:28:32  GPS_HDOP:2.10
18:28:32  원시위도:37.496791
18:28:32  원시경도:126.958148
18:28:32  GPS채택:441
18:28:32  GPS이상치거부:7
18:28:32  GPS품질거부:7
18:28:32  GPS재기준:1
18:28:32  RSSI원시:-78
18:28:32  RSSI평활:-75.9
18:28:32  RSSI샘플:5599
18:28:32  RSSI경과ms:69
18:28:32  차량수신:2716
18:28:32  시각ms:309760
18:28:32  IMU시각ms:309748
18:28:32  위험:0
18:28:32  GPS유효:1
18:28:32  위도:37.496792
18:28:32  경도:126.958145
18:28:32  속도:0.036
18:28:32  방향:0.0
18:28:32  GPS원시속도:0.031
18:28:32  GPS원시방향유효:1
18:28:32  GPS원시방향:179.9
18:28:32  가속도:3.419,3.802,-8.605
18:28:32  자이로:-0.084,-3.000,0.237
18:28:32  자력계:-37.950,35.100,-72.150
18:28:32  IMU방향유효:0
18:28:32  IMU방향:168.0
18:28:32  방향가속도크기:10.01
18:28:32  방향자이로크기:3.01
18:28:32  방향자세cos:-0.1535
18:28:32  자기모델잔차:14.51
18:28:32  자기모델반경:1.323
18:28:32  방향채택:1080
18:28:32  방향거부:37255
18:28:32  송신:2950
18:28:32  GPS위성:7
18:28:32  GPS_HDOP:2.10
18:28:32  원시위도:37.496791
18:28:32  원시경도:126.958148
18:28:32  GPS채택:441
18:28:32  GPS이상치거부:7
18:28:32  GPS품질거부:7
18:28:32  GPS재기준:1
18:28:32  RSSI원시:-75
18:28:32  RSSI평활:-75.7
18:28:32  RSSI샘플:5601
18:28:32  RSSI경과ms:67
18:28:32  차량수신:2717
18:28:33  시각ms:310176
18:28:33  IMU시각ms:310164
18:28:33  위험:0
18:28:33  GPS유효:1
18:28:33  위도:37.496792
18:28:33  경도:126.958145
18:28:33  속도:0.036
18:28:33  방향:0.0
18:28:33  GPS원시속도:0.031
18:28:33  GPS원시방향유효:1
18:28:33  GPS원시방향:179.9
18:28:33  가속도:3.309,3.812,-8.485
18:28:33  자이로:-0.611,0.031,-0.412
18:28:33  자력계:-37.500,33.000,-71.550
18:28:33  IMU방향유효:0
18:28:33  IMU방향:168.0
18:28:33  방향가속도크기:9.87
18:28:33  방향자이로크기:0.74
18:28:33  방향자세cos:-0.1539
18:28:33  자기모델잔차:14.51
18:28:33  자기모델반경:1.323
18:28:33  방향채택:1080
18:28:33  방향거부:37307
18:28:33  송신:2954
18:28:33  GPS위성:7
18:28:33  GPS_HDOP:2.10
18:28:33  원시위도:37.496791
18:28:33  원시경도:126.958148
18:28:33  GPS채택:441
18:28:33  GPS이상치거부:7
18:28:33  GPS품질거부:7
18:28:33  GPS재기준:1
18:28:33  RSSI원시:-74
18:28:33  RSSI평활:-74.2
18:28:33  RSSI샘플:5609
18:28:33  RSSI경과ms:3
18:28:33  차량수신:2721
18:28:33  시각ms:310280
18:28:33  IMU시각ms:310268
18:28:33  위험:0
18:28:33  GPS유효:1
18:28:33  위도:37.496792
18:28:33  경도:126.958145
18:28:33  속도:0.032
18:28:33  방향:0.0
18:28:33  GPS원시속도:0.026
18:28:33  GPS원시방향유효:1
18:28:33  GPS원시방향:179.9
18:28:33  가속도:3.491,3.883,-8.418
18:28:33  자이로:-0.550,1.099,0.473
18:28:33  자력계:-36.300,34.200,-72.750
18:28:33  IMU방향유효:0
18:28:33  IMU방향:168.0
18:28:33  방향가속도크기:9.91
18:28:33  방향자이로크기:1.32
18:28:33  방향자세cos:-0.1347
18:28:33  자기모델잔차:14.51
18:28:33  자기모델반경:1.323
18:28:33  방향채택:1080
18:28:33  방향거부:37320
18:28:33  송신:2955
18:28:33  GPS위성:7
18:28:33  GPS_HDOP:2.10
18:28:33  원시위도:37.496787
18:28:33  원시경도:126.958148
18:28:33  GPS채택:442
18:28:33  GPS이상치거부:7
18:28:33  GPS품질거부:7
18:28:33  GPS재기준:1
18:28:33  RSSI원시:-73
18:28:33  RSSI평활:-74.3
18:28:33  RSSI샘플:5611
18:28:33  RSSI경과ms:1
18:28:33  차량수신:2722
18:28:33  시각ms:310384
18:28:33  IMU시각ms:310372
18:28:33  위험:0
18:28:33  GPS유효:1
18:28:33  위도:37.496788
18:28:33  경도:126.958145
18:28:33  속도:0.030
18:28:33  방향:0.0
18:28:33  GPS원시속도:0.026
18:28:33  GPS원시방향유효:1
18:28:33  GPS원시방향:179.9
18:28:33  가속도:3.443,3.730,-8.480
18:28:33  자이로:1.794,-2.084,0.863
18:28:33  자력계:-35.400,33.150,-73.200
18:28:33  IMU방향유효:0
18:28:33  IMU방향:168.0
18:28:33  방향가속도크기:9.88
18:28:33  방향자이로크기:2.88
18:28:33  방향자세cos:-0.1497
18:28:33  자기모델잔차:14.51
18:28:33  자기모델반경:1.323
18:28:33  방향채택:1080
18:28:33  방향거부:37333
18:28:33  송신:2956
18:28:33  GPS위성:7
18:28:33  GPS_HDOP:2.10
18:28:33  원시위도:37.496787
18:28:33  원시경도:126.958148
18:28:33  GPS채택:443
18:28:33  GPS이상치거부:7
18:28:33  GPS품질거부:7
18:28:33  GPS재기준:1
18:28:33  RSSI원시:-72
18:28:33  RSSI평활:-73.8
18:28:33  RSSI샘플:5612
18:28:33  RSSI경과ms:60
18:28:33  차량수신:2723
18:28:33  시각ms:310592
18:28:33  IMU시각ms:310580
18:28:33  위험:0
18:28:33  GPS유효:1
18:28:33  위도:37.496788
18:28:33  경도:126.958145
18:28:33  속도:0.030
18:28:33  방향:0.0
18:28:33  GPS원시속도:0.026
18:28:33  GPS원시방향유효:1
18:28:33  GPS원시방향:179.9
18:28:33  가속도:3.366,3.759,-8.509
18:28:33  자이로:1.267,-0.641,-0.641
18:28:33  자력계:-35.700,33.900,-73.650
18:28:33  IMU방향유효:0
18:28:33  IMU방향:168.0
18:28:33  방향가속도크기:9.89
18:28:33  방향자이로크기:1.56
18:28:33  방향자세cos:-0.1545
18:28:33  자기모델잔차:14.51
18:28:33  자기모델반경:1.323
18:28:33  방향채택:1080
18:28:33  방향거부:37359
18:28:33  송신:2958
18:28:33  GPS위성:7
18:28:33  GPS_HDOP:2.10
18:28:33  원시위도:37.496787
18:28:33  원시경도:126.958148
18:28:33  GPS채택:443
18:28:33  GPS이상치거부:7
18:28:33  GPS품질거부:7
18:28:33  GPS재기준:1
18:28:33  RSSI원시:-73
18:28:33  RSSI평활:-74.0
18:28:33  RSSI샘플:5615
18:28:33  RSSI경과ms:68
18:28:33  차량수신:2725
18:28:33  시각ms:310800
18:28:33  IMU시각ms:310788
18:28:33  위험:0
18:28:33  GPS유효:1
18:28:33  위도:37.496788
18:28:33  경도:126.958145
18:28:33  속도:0.030
18:28:33  방향:0.0
18:28:33  GPS원시속도:0.026
18:28:33  GPS원시방향유효:1
18:28:33  GPS원시방향:179.9
18:28:33  가속도:3.342,3.745,-8.533
18:28:33  자이로:-1.611,-0.038,0.779
18:28:33  자력계:-36.750,33.300,-72.300
18:28:33  IMU방향유효:0
18:28:33  IMU방향:168.0
18:28:33  방향가속도크기:9.90
18:28:33  방향자이로크기:1.79
18:28:33  방향자세cos:-0.1580
18:28:33  자기모델잔차:14.51
18:28:33  자기모델반경:1.323
18:28:33  방향채택:1080
18:28:33  방향거부:37385
18:28:33  송신:2960
18:28:33  GPS위성:7
18:28:33  GPS_HDOP:2.10
18:28:33  원시위도:37.496787
18:28:33  원시경도:126.958148
18:28:33  GPS채택:443
18:28:33  GPS이상치거부:7
18:28:33  GPS품질거부:7
18:28:33  GPS재기준:1
18:28:33  RSSI원시:-75
18:28:33  RSSI평활:-74.1
18:28:33  RSSI샘플:5620
18:28:33  RSSI경과ms:1
18:28:33  차량수신:2727
18:28:34  시각ms:310904
18:28:34  IMU시각ms:310892
18:28:34  위험:0
18:28:34  GPS유효:1
18:28:34  위도:37.496788
18:28:34  경도:126.958145
18:28:34  속도:0.030
18:28:34  방향:0.0
18:28:34  GPS원시속도:0.026
18:28:34  GPS원시방향유효:1
18:28:34  GPS원시방향:179.9
18:28:34  가속도:3.309,3.706,-8.452
18:28:34  자이로:-2.916,0.344,-1.198
18:28:34  자력계:-35.700,31.650,-70.650
18:28:34  IMU방향유효:0
18:28:34  IMU방향:168.0
18:28:34  방향가속도크기:9.80
18:28:34  방향자이로크기:3.17
18:28:34  방향자세cos:-0.1583
18:28:34  자기모델잔차:14.51
18:28:34  자기모델반경:1.323
18:28:34  방향채택:1080
18:28:34  방향거부:37398
18:28:34  송신:2961
18:28:34  GPS위성:7
18:28:34  GPS_HDOP:2.10
18:28:34  원시위도:37.496787
18:28:34  원시경도:126.958148
18:28:34  GPS채택:443
18:28:34  GPS이상치거부:7
18:28:34  GPS품질거부:7
18:28:34  GPS재기준:1
18:28:34  RSSI원시:-75
18:28:34  RSSI평활:-74.1
18:28:34  RSSI샘플:5620
18:28:34  RSSI경과ms:105
18:28:34  차량수신:2727
18:28:34  시각ms:311008
18:28:34  IMU시각ms:310996
18:28:34  위험:0
18:28:34  GPS유효:1
18:28:34  위도:37.496788
18:28:34  경도:126.958145
18:28:34  속도:0.030
18:28:34  방향:0.0
18:28:34  GPS원시속도:0.026
18:28:34  GPS원시방향유효:1
18:28:34  GPS원시방향:179.9
18:28:34  가속도:3.390,3.888,-8.499
18:28:34  자이로:0.985,-1.901,0.366
18:28:34  자력계:-35.550,34.950,-74.550
18:28:34  IMU방향유효:0
18:28:34  IMU방향:168.0
18:28:34  방향가속도크기:9.94
18:28:34  방향자이로크기:2.17
18:28:34  방향자세cos:-0.1451
18:28:34  자기모델잔차:14.51
18:28:34  자기모델반경:1.323
18:28:34  방향채택:1080
18:28:34  방향거부:37411
18:28:34  송신:2962
18:28:34  GPS위성:7
18:28:34  GPS_HDOP:2.10
18:28:34  원시위도:37.496787
18:28:34  원시경도:126.958148
18:28:34  GPS채택:443
18:28:34  GPS이상치거부:7
18:28:34  GPS품질거부:7
18:28:34  GPS재기준:1
18:28:34  RSSI원시:-74
18:28:34  RSSI평활:-74.7
18:28:34  RSSI샘플:5622
18:28:34  RSSI경과ms:64
18:28:34  차량수신:2728
18:28:34  시각ms:311112
18:28:34  IMU시각ms:311100
18:28:34  위험:0
18:28:34  GPS유효:1
18:28:34  위도:37.496788
18:28:34  경도:126.958145
18:28:34  속도:0.030
18:28:34  방향:0.0
18:28:34  GPS원시속도:0.026
18:28:34  GPS원시방향유효:1
18:28:34  GPS원시방향:179.9
18:28:34  가속도:3.361,3.874,-8.543
18:28:34  자이로:0.153,-0.107,-0.107
18:28:34  자력계:-36.450,34.350,-72.450
18:28:34  IMU방향유효:0
18:28:34  IMU방향:168.0
18:28:34  방향가속도크기:9.96
18:28:34  방향자이로크기:0.21
18:28:34  방향자세cos:-0.1499
18:28:34  자기모델잔차:14.51
18:28:34  자기모델반경:1.323
18:28:34  방향채택:1080
18:28:34  방향거부:37424
18:28:34  송신:2963
18:28:34  GPS위성:7
18:28:34  GPS_HDOP:2.10
18:28:34  원시위도:37.496787
18:28:34  원시경도:126.958148
18:28:34  GPS채택:443
18:28:34  GPS이상치거부:7
18:28:34  GPS품질거부:7
18:28:34  GPS재기준:1
18:28:34  RSSI원시:-75
18:28:34  RSSI평활:-74.0
18:28:34  RSSI샘플:5624
18:28:34  RSSI경과ms:64
18:28:34  차량수신:2729
18:28:34  시각ms:311216
18:28:34  IMU시각ms:311204
18:28:34  위험:0
18:28:34  GPS유효:1
18:28:34  위도:37.496788
18:28:34  경도:126.958145
18:28:34  속도:0.032
18:28:34  방향:0.0
18:28:34  GPS원시속도:0.036
18:28:34  GPS원시방향유효:1
18:28:34  GPS원시방향:179.9
18:28:34  가속도:3.409,3.754,-8.495
18:28:34  자이로:-0.168,-2.878,-1.794
18:28:34  자력계:-36.300,33.300,-72.750
18:28:34  IMU방향유효:0
18:28:34  IMU방향:168.0
18:28:34  방향가속도크기:9.89
18:28:34  방향자이로크기:3.40
18:28:34  방향자세cos:-0.1513
18:28:34  자기모델잔차:14.51
18:28:34  자기모델반경:1.323
18:28:34  방향채택:1080
18:28:34  방향거부:37437
18:28:34  송신:2964
18:28:34  GPS위성:7
18:28:34  GPS_HDOP:2.10
18:28:34  원시위도:37.496787
18:28:34  원시경도:126.958143
18:28:34  GPS채택:444
18:28:34  GPS이상치거부:7
18:28:34  GPS품질거부:7
18:28:34  GPS재기준:1
18:28:34  RSSI원시:-72
18:28:34  RSSI평활:-73.6
18:28:34  RSSI샘플:5626
18:28:34  RSSI경과ms:1
18:28:34  차량수신:2729
18:28:34  시각ms:311424
18:28:34  IMU시각ms:311412
18:28:34  위험:0
18:28:34  GPS유효:1
18:28:34  위도:37.496788
18:28:34  경도:126.958145
18:28:34  속도:0.033
18:28:34  방향:0.0
18:28:34  GPS원시속도:0.036
18:28:34  GPS원시방향유효:1
18:28:34  GPS원시방향:179.9
18:28:34  가속도:3.428,3.730,-8.557
18:28:34  자이로:0.947,-1.397,1.107
18:28:34  자력계:-35.250,35.250,-70.500
18:28:34  IMU방향유효:0
18:28:34  IMU방향:168.0
18:28:34  방향가속도크기:9.94
18:28:34  방향자이로크기:2.02
18:28:34  방향자세cos:-0.1546
18:28:34  자기모델잔차:14.51
18:28:34  자기모델반경:1.323
18:28:34  방향채택:1080
18:28:34  방향거부:37463
18:28:34  송신:2966
18:28:34  GPS위성:7
18:28:34  GPS_HDOP:2.46
18:28:34  원시위도:37.496787
18:28:34  원시경도:126.958143
18:28:34  GPS채택:445
18:28:34  GPS이상치거부:7
18:28:34  GPS품질거부:7
18:28:34  GPS재기준:1
18:28:34  RSSI원시:-76
18:28:34  RSSI평활:-74.4
18:28:34  RSSI샘플:5629
18:28:34  RSSI경과ms:61
18:28:34  차량수신:2731
18:28:34  시각ms:311633
18:28:34  IMU시각ms:311621
18:28:34  위험:0
18:28:34  GPS유효:1
18:28:34  위도:37.496788
18:28:34  경도:126.958145
18:28:34  속도:0.033
18:28:34  방향:0.0
18:28:34  GPS원시속도:0.036
18:28:34  GPS원시방향유효:1
18:28:34  GPS원시방향:179.9
18:28:34  가속도:3.457,3.836,-8.619
18:28:34  자이로:-0.290,-0.504,0.305
18:28:34  자력계:-37.500,34.950,-71.550
18:28:34  IMU방향유효:0
18:28:34  IMU방향:168.0
18:28:34  방향가속도크기:10.05
18:28:34  방향자이로크기:0.66
18:28:34  방향자세cos:-0.1499
18:28:34  자기모델잔차:14.51
18:28:34  자기모델반경:1.323
18:28:34  방향채택:1080
18:28:34  방향거부:37489
18:28:34  송신:2968
18:28:34  GPS위성:7
18:28:34  GPS_HDOP:2.46
18:28:34  원시위도:37.496787
18:28:34  원시경도:126.958143
18:28:34  GPS채택:445
18:28:34  GPS이상치거부:7
18:28:34  GPS품질거부:7
18:28:34  GPS재기준:1
18:28:34  RSSI원시:-71
18:28:34  RSSI평활:-72.3
18:28:34  RSSI샘플:5634
18:28:34  RSSI경과ms:3
18:28:34  차량수신:2733
18:28:35  시각ms:311945
18:28:35  IMU시각ms:311933
18:28:35  위험:0
18:28:35  GPS유효:1
18:28:35  위도:37.496788
18:28:35  경도:126.958145
18:28:35  속도:0.033
18:28:35  방향:0.0
18:28:35  GPS원시속도:0.036
18:28:35  GPS원시방향유효:1
18:28:35  GPS원시방향:179.9
18:28:35  가속도:3.390,3.874,-8.471
18:28:35  자이로:-1.809,1.817,-2.603
18:28:35  자력계:-34.800,34.200,-71.550
18:28:35  IMU방향유효:0
18:28:35  IMU방향:168.0
18:28:35  방향가속도크기:9.91
18:28:35  방향자이로크기:3.65
18:28:35  방향자세cos:-0.1444
18:28:35  자기모델잔차:14.51
18:28:35  자기모델반경:1.323
18:28:35  방향채택:1080
18:28:35  방향거부:37528
18:28:35  송신:2971
18:28:35  GPS위성:7
18:28:35  GPS_HDOP:2.46
18:28:35  원시위도:37.496787
18:28:35  원시경도:126.958143
18:28:35  GPS채택:445
18:28:35  GPS이상치거부:7
18:28:35  GPS품질거부:7
18:28:35  GPS재기준:1
18:28:35  RSSI원시:-69
18:28:35  RSSI평활:-71.5
18:28:35  RSSI샘플:5640
18:28:35  RSSI경과ms:2
18:28:35  차량수신:2736
18:28:35  시각ms:312153
18:28:35  IMU시각ms:312141
18:28:35  위험:0
18:28:35  GPS유효:1
18:28:35  위도:37.496788
18:28:35  경도:126.958145
18:28:35  속도:0.033
18:28:35  방향:0.0
18:28:35  GPS원시속도:0.036
18:28:35  GPS원시방향유효:1
18:28:35  GPS원시방향:179.9
18:28:35  가속도:3.457,3.807,-8.514
18:28:35  자이로:-1.771,0.611,-0.183
18:28:35  자력계:-36.000,34.500,-72.300
18:28:35  IMU방향유효:0
18:28:35  IMU방향:168.0
18:28:35  방향가속도크기:9.95
18:28:35  방향자이로크기:1.88
18:28:35  방향자세cos:-0.1462
18:28:35  자기모델잔차:14.51
18:28:35  자기모델반경:1.323
18:28:35  방향채택:1080
18:28:35  방향거부:37554
18:28:35  송신:2973
18:28:35  GPS위성:7
18:28:35  GPS_HDOP:2.46
18:28:35  원시위도:37.496787
18:28:35  원시경도:126.958143
18:28:35  GPS채택:445
18:28:35  GPS이상치거부:7
18:28:35  GPS품질거부:7
18:28:35  GPS재기준:1
18:28:35  RSSI원시:-70
18:28:35  RSSI평활:-71.0
18:28:35  RSSI샘플:5643
18:28:35  RSSI경과ms:56
18:28:35  차량수신:2738
18:28:35  시각ms:312257
18:28:35  IMU시각ms:312245
18:28:35  위험:0
18:28:35  GPS유효:1
18:28:35  위도:37.496788
18:28:35  경도:126.958145
18:28:35  속도:0.047
18:28:35  방향:0.0
18:28:35  GPS원시속도:0.072
18:28:35  GPS원시방향유효:1
18:28:35  GPS원시방향:179.9
18:28:35  가속도:3.347,3.740,-8.523
18:28:35  자이로:-0.832,-2.382,-2.656
18:28:35  자력계:-34.650,35.100,-71.700
18:28:35  IMU방향유효:0
18:28:35  IMU방향:168.0
18:28:35  방향가속도크기:9.89
18:28:35  방향자이로크기:3.66
18:28:35  방향자세cos:-0.1575
18:28:35  자기모델잔차:14.51
18:28:35  자기모델반경:1.323
18:28:35  방향채택:1080
18:28:35  방향거부:37567
18:28:35  송신:2974
18:28:35  GPS위성:7
18:28:35  GPS_HDOP:2.46
18:28:35  원시위도:37.496786
18:28:35  원시경도:126.958140
18:28:35  GPS채택:446
18:28:35  GPS이상치거부:7
18:28:35  GPS품질거부:7
18:28:35  GPS재기준:1
18:28:35  RSSI원시:-71
18:28:35  RSSI평활:-70.3
18:28:35  RSSI샘플:5646
18:28:35  RSSI경과ms:4
18:28:35  차량수신:2739
18:28:35  시각ms:312570
18:28:35  IMU시각ms:312558
18:28:35  위험:0
18:28:35  GPS유효:1
18:28:35  위도:37.496784
18:28:35  경도:126.958145
18:28:35  속도:0.056
18:28:35  방향:0.0
18:28:35  GPS원시속도:0.072
18:28:35  GPS원시방향유효:1
18:28:35  GPS원시방향:179.9
18:28:35  가속도:3.419,3.855,-8.432
18:28:35  자이로:-0.947,0.198,1.718
18:28:35  자력계:-36.150,34.350,-73.200
18:28:35  IMU방향유효:0
18:28:35  IMU방향:168.0
18:28:35  방향가속도크기:9.88
18:28:35  방향자이로크기:1.97
18:28:35  방향자세cos:-0.1417
18:28:35  자기모델잔차:14.51
18:28:35  자기모델반경:1.323
18:28:35  방향채택:1080
18:28:35  방향거부:37606
18:28:35  송신:2977
18:28:35  GPS위성:7
18:28:35  GPS_HDOP:2.10
18:28:35  원시위도:37.496786
18:28:35  원시경도:126.958140
18:28:35  GPS채택:447
18:28:35  GPS이상치거부:7
18:28:35  GPS품질거부:7
18:28:35  GPS재기준:1
18:28:35  RSSI원시:-72
18:28:35  RSSI평활:-72.1
18:28:35  RSSI샘플:5652
18:28:35  RSSI경과ms:3
18:28:35  차량수신:2742
18:28:35  시각ms:312674
18:28:35  IMU시각ms:312662
18:28:35  위험:0
18:28:35  GPS유효:1
18:28:35  위도:37.496784
18:28:35  경도:126.958145
18:28:35  속도:0.056
18:28:35  방향:0.0
18:28:35  GPS원시속도:0.072
18:28:35  GPS원시방향유효:1
18:28:35  GPS원시방향:179.9
18:28:35  가속도:3.304,3.754,-8.490
18:28:35  자이로:-0.115,-3.252,0.137
18:28:35  자력계:-34.950,34.350,-72.900
18:28:35  IMU방향유효:0
18:28:35  IMU방향:168.0
18:28:35  방향가속도크기:9.85
18:28:35  방향자이로크기:3.26
18:28:35  방향자세cos:-0.1578
18:28:35  자기모델잔차:14.51
18:28:35  자기모델반경:1.323
18:28:35  방향채택:1080
18:28:35  방향거부:37619
18:28:35  송신:2978
18:28:35  GPS위성:7
18:28:35  GPS_HDOP:2.10
18:28:35  원시위도:37.496786
18:28:35  원시경도:126.958140
18:28:35  GPS채택:447
18:28:35  GPS이상치거부:7
18:28:35  GPS품질거부:7
18:28:35  GPS재기준:1
18:28:35  RSSI원시:-74
18:28:35  RSSI평활:-72.0
18:28:35  RSSI샘플:5654
18:28:35  RSSI경과ms:3
18:28:35  차량수신:2743
18:28:35  시각ms:312882
18:28:35  IMU시각ms:312870
18:28:35  위험:0
18:28:35  GPS유효:1
18:28:35  위도:37.496784
18:28:35  경도:126.958145
18:28:35  속도:0.056
18:28:35  방향:0.0
18:28:35  GPS원시속도:0.072
18:28:35  GPS원시방향유효:1
18:28:35  GPS원시방향:179.9
18:28:35  가속도:3.376,3.759,-8.566
18:28:35  자이로:-0.389,2.023,-0.511
18:28:35  자력계:-35.550,33.300,-71.550
18:28:35  IMU방향유효:0
18:28:35  IMU방향:168.0
18:28:35  방향가속도크기:9.95
18:28:35  방향자이로크기:2.12
18:28:35  방향자세cos:-0.1568
18:28:35  자기모델잔차:14.51
18:28:35  자기모델반경:1.323
18:28:35  방향채택:1080
18:28:35  방향거부:37645
18:28:35  송신:2980
18:28:35  GPS위성:7
18:28:35  GPS_HDOP:2.10
18:28:35  원시위도:37.496786
18:28:35  원시경도:126.958140
18:28:35  GPS채택:447
18:28:35  GPS이상치거부:7
18:28:35  GPS품질거부:7
18:28:35  GPS재기준:1
18:28:35  RSSI원시:-72
18:28:35  RSSI평활:-73.0
18:28:35  RSSI샘플:5658
18:28:35  RSSI경과ms:2
18:28:35  차량수신:2745
18:28:36  시각ms:312986
18:28:36  IMU시각ms:312974
18:28:36  위험:0
18:28:36  GPS유효:1
18:28:36  위도:37.496784
18:28:36  경도:126.958145
18:28:36  속도:0.056
18:28:36  방향:0.0
18:28:36  GPS원시속도:0.072
18:28:36  GPS원시방향유효:1
18:28:36  GPS원시방향:179.9
18:28:36  가속도:3.414,3.821,-8.499
18:28:36  자이로:-4.618,-0.267,0.115
18:28:36  자력계:-35.550,33.000,-72.300
18:28:36  IMU방향유효:0
18:28:36  IMU방향:168.0
18:28:36  방향가속도크기:9.92
18:28:36  방향자이로크기:4.63
18:28:36  방향자세cos:-0.1474
18:28:36  자기모델잔차:14.51
18:28:36  자기모델반경:1.323
18:28:36  방향채택:1080
18:28:36  방향거부:37658
18:28:36  송신:2981
18:28:36  GPS위성:7
18:28:36  GPS_HDOP:2.10
18:28:36  원시위도:37.496786
18:28:36  원시경도:126.958140
18:28:36  GPS채택:447
18:28:36  GPS이상치거부:7
18:28:36  GPS품질거부:7
18:28:36  GPS재기준:1
18:28:36  RSSI원시:-79
18:28:36  RSSI평활:-75.0
18:28:36  RSSI샘플:5660
18:28:36  RSSI경과ms:7
18:28:36  차량수신:2746
18:28:36  시각ms:313194
18:28:36  IMU시각ms:313182
18:28:36  위험:0
18:28:36  GPS유효:1
18:28:36  위도:37.496784
18:28:36  경도:126.958145
18:28:36  속도:0.056
18:28:36  방향:0.0
18:28:36  GPS원시속도:0.072
18:28:36  GPS원시방향유효:1
18:28:36  GPS원시방향:179.9
18:28:36  가속도:3.400,3.816,-8.528
18:28:36  자이로:-0.893,-3.191,3.107
18:28:36  자력계:-37.500,35.250,-72.000
18:28:36  IMU방향유효:0
18:28:36  IMU방향:168.0
18:28:36  방향가속도크기:9.94
18:28:36  방향자이로크기:4.54
18:28:36  방향자세cos:-0.1500
18:28:36  자기모델잔차:14.51
18:28:36  자기모델반경:1.323
18:28:36  방향채택:1080
18:28:36  방향거부:37684
18:28:36  송신:2983
18:28:36  GPS위성:7
18:28:36  GPS_HDOP:2.10
18:28:36  원시위도:37.496786
18:28:36  원시경도:126.958140
18:28:36  GPS채택:447
18:28:36  GPS이상치거부:7
18:28:36  GPS품질거부:7
18:28:36  GPS재기준:1
18:28:36  RSSI원시:-69
18:28:36  RSSI평활:-73.2
18:28:36  RSSI샘플:5663
18:28:36  RSSI경과ms:43
18:28:36  차량수신:2748
18:28:36  시각ms:313299
18:28:36  IMU시각ms:313287
18:28:36  위험:0
18:28:36  GPS유효:1
18:28:36  위도:37.496784
18:28:36  경도:126.958138
18:28:36  속도:0.065
18:28:36  방향:0.0
18:28:36  GPS원시속도:0.082
18:28:36  GPS원시방향유효:1
18:28:36  GPS원시방향:179.9
18:28:36  가속도:3.333,3.816,-8.519
18:28:36  자이로:-1.756,0.328,-0.229
18:28:36  자력계:-35.250,33.300,-73.050
18:28:36  IMU방향유효:0
18:28:36  IMU방향:168.0
18:28:36  방향가속도크기:9.91
18:28:36  방향자이로크기:1.80
18:28:36  방향자세cos:-0.1538
18:28:36  자기모델잔차:14.51
18:28:36  자기모델반경:1.323
18:28:36  방향채택:1080
18:28:36  방향거부:37697
18:28:36  송신:2984
18:28:36  GPS위성:7
18:28:36  GPS_HDOP:2.10
18:28:36  원시위도:37.496783
18:28:36  원시경도:126.958138
18:28:36  GPS채택:448
18:28:36  GPS이상치거부:7
18:28:36  GPS품질거부:7
18:28:36  GPS재기준:1
18:28:36  RSSI원시:-66
18:28:36  RSSI평활:-70.4
18:28:36  RSSI샘플:5666
18:28:36  RSSI경과ms:6
18:28:36  차량수신:2749
18:28:37  시각ms:314131
18:28:37  IMU시각ms:314119
18:28:37  위험:0
18:28:37  GPS유효:1
18:28:37  위도:37.496784
18:28:37  경도:126.958138
18:28:37  속도:0.071
18:28:37  방향:0.0
18:28:37  GPS원시속도:0.082
18:28:37  GPS원시방향유효:1
18:28:37  GPS원시방향:179.9
18:28:37  가속도:3.304,3.893,-8.442
18:28:37  자이로:-3.802,1.550,-0.779
18:28:37  자력계:-35.250,32.250,-70.800
18:28:37  IMU방향유효:0
18:28:37  IMU방향:168.0
18:28:37  방향가속도크기:9.87
18:28:37  방향자이로크기:4.18
18:28:37  방향자세cos:-0.1473
18:28:37  자기모델잔차:14.51
18:28:37  자기모델반경:1.323
18:28:37  방향채택:1080
18:28:37  방향거부:37801
18:28:37  송신:2992
18:28:37  GPS위성:7
18:28:37  GPS_HDOP:2.10
18:28:37  원시위도:37.496783
18:28:37  원시경도:126.958138
18:28:37  GPS채택:449
18:28:37  GPS이상치거부:7
18:28:37  GPS품질거부:7
18:28:37  GPS재기준:1
18:28:37  RSSI원시:-66
18:28:37  RSSI평활:-65.9
18:28:37  RSSI샘플:5681
18:28:37  RSSI경과ms:35
18:28:37  차량수신:2757
18:28:37  시각ms:314235
18:28:37  IMU시각ms:314223
18:28:37  위험:0
18:28:37  GPS유효:1
18:28:37  위도:37.496784
18:28:37  경도:126.958138
18:28:37  속도:0.053
18:28:37  방향:0.0
18:28:37  GPS원시속도:0.021
18:28:37  GPS원시방향유효:1
18:28:37  GPS원시방향:179.9
18:28:37  가속도:3.381,3.874,-8.456
18:28:37  자이로:0.107,-1.756,0.153
18:28:37  자력계:-36.150,33.600,-73.200
18:28:37  IMU방향유효:0
18:28:37  IMU방향:168.0
18:28:37  방향가속도크기:9.90
18:28:37  방향자이로크기:1.77
18:28:37  방향자세cos:-0.1443
18:28:37  자기모델잔차:14.51
18:28:37  자기모델반경:1.323
18:28:37  방향채택:1080
18:28:37  방향거부:37814
18:28:37  송신:2993
18:28:37  GPS위성:7
18:28:37  GPS_HDOP:2.10
18:28:37  원시위도:37.496780
18:28:37  원시경도:126.958138
18:28:37  GPS채택:450
18:28:37  GPS이상치거부:7
18:28:37  GPS품질거부:7
18:28:37  GPS재기준:1
18:28:37  RSSI원시:-68
18:28:37  RSSI평활:-66.3
18:28:37  RSSI샘플:5682
18:28:37  RSSI경과ms:36
18:28:37  차량수신:2758
18:28:37  시각ms:314755
18:28:37  IMU시각ms:314743
18:28:37  위험:0
18:28:37  GPS유효:1
18:28:37  위도:37.496780
18:28:37  경도:126.958138
18:28:37  속도:0.042
18:28:37  방향:0.0
18:28:37  GPS원시속도:0.021
18:28:37  GPS원시방향유효:1
18:28:37  GPS원시방향:179.9
18:28:37  가속도:3.500,3.941,-8.404
18:28:37  자이로:-1.107,-1.137,3.069
18:28:37  자력계:-33.900,33.900,-71.700
18:28:37  IMU방향유효:0
18:28:37  IMU방향:168.0
18:28:37  방향가속도크기:9.92
18:28:37  방향자이로크기:3.45
18:28:37  방향자세cos:-0.1301
18:28:37  자기모델잔차:14.51
18:28:37  자기모델반경:1.323
18:28:37  방향채택:1080
18:28:37  방향거부:37879
18:28:37  송신:2998
18:28:37  GPS위성:7
18:28:37  GPS_HDOP:2.10
18:28:37  원시위도:37.496780
18:28:37  원시경도:126.958138
18:28:37  GPS채택:451
18:28:37  GPS이상치거부:7
18:28:37  GPS품질거부:7
18:28:37  GPS재기준:1
18:28:37  RSSI원시:-68
18:28:37  RSSI평활:-65.2
18:28:37  RSSI샘플:5693
18:28:37  RSSI경과ms:6
18:28:37  차량수신:2763
18:28:38  시각ms:314963
18:28:38  IMU시각ms:314951
18:28:38  위험:0
18:28:38  GPS유효:1
18:28:38  위도:37.496780
18:28:38  경도:126.958138
18:28:38  속도:0.042
18:28:38  방향:0.0
18:28:38  GPS원시속도:0.021
18:28:38  GPS원시방향유효:1
18:28:38  GPS원시방향:179.9
18:28:38  가속도:3.357,3.812,-8.543
18:28:38  자이로:-0.939,0.725,0.672
18:28:38  자력계:-34.200,34.350,-73.200
18:28:38  IMU방향유효:0
18:28:38  IMU방향:168.0
18:28:38  방향가속도크기:9.94
18:28:38  방향자이로크기:1.36
18:28:38  방향자세cos:-0.1538
18:28:38  자기모델잔차:14.51
18:28:38  자기모델반경:1.323
18:28:38  방향채택:1080
18:28:38  방향거부:37905
18:28:38  송신:3000
18:28:38  GPS위성:7
18:28:38  GPS_HDOP:2.10
18:28:38  원시위도:37.496780
18:28:38  원시경도:126.958138
18:28:38  GPS채택:451
18:28:38  GPS이상치거부:7
18:28:38  GPS품질거부:7
18:28:38  GPS재기준:1
18:28:38  RSSI원시:-64
18:28:38  RSSI평활:-65.8
18:28:38  RSSI샘플:5697
18:28:38  RSSI경과ms:3
18:28:38  차량수신:2765
18:28:38  시각ms:315067
18:28:38  IMU시각ms:315055
18:28:38  위험:0
18:28:38  GPS유효:1
18:28:38  위도:37.496780
18:28:38  경도:126.958138
18:28:38  속도:0.042
18:28:38  방향:0.0
18:28:38  GPS원시속도:0.021
18:28:38  GPS원시방향유효:1
18:28:38  GPS원시방향:179.9
18:28:38  가속도:3.462,3.797,-8.552
18:28:38  자이로:-1.198,-1.321,0.252
18:28:38  자력계:-35.250,34.200,-74.550
18:28:38  IMU방향유효:0
18:28:38  IMU방향:168.0
18:28:38  방향가속도크기:9.98
18:28:38  방향자이로크기:1.80
18:28:38  방향자세cos:-0.1484
18:28:38  자기모델잔차:14.51
18:28:38  자기모델반경:1.323
18:28:38  방향채택:1080
18:28:38  방향거부:37918
18:28:38  송신:3001
18:28:38  GPS위성:7
18:28:38  GPS_HDOP:2.10
18:28:38  원시위도:37.496780
18:28:38  원시경도:126.958138
18:28:38  GPS채택:451
18:28:38  GPS이상치거부:7
18:28:38  GPS품질거부:7
18:28:38  GPS재기준:1
18:28:38  RSSI원시:-61
18:28:38  RSSI평활:-64.1
18:28:38  RSSI샘플:5699
18:28:38  RSSI경과ms:3
18:28:38  차량수신:2766
18:28:38  시각ms:315275
18:28:38  IMU시각ms:315263
18:28:38  위험:0
18:28:38  GPS유효:1
18:28:38  위도:37.496777
18:28:38  경도:126.958138
18:28:38  속도:0.031
18:28:38  방향:0.0
18:28:38  GPS원시속도:0.010
18:28:38  GPS원시방향유효:1
18:28:38  GPS원시방향:179.9
18:28:38  가속도:3.405,3.898,-8.466
18:28:38  자이로:-2.267,-1.427,1.214
18:28:38  자력계:-37.200,33.900,-72.900
18:28:38  IMU방향유효:0
18:28:38  IMU방향:168.0
18:28:38  방향가속도크기:9.92
18:28:38  방향자이로크기:2.94
18:28:38  방향자세cos:-0.1419
18:28:38  자기모델잔차:14.51
18:28:38  자기모델반경:1.323
18:28:38  방향채택:1080
18:28:38  방향거부:37944
18:28:38  송신:3003
18:28:38  GPS위성:7
18:28:38  GPS_HDOP:2.10
18:28:38  원시위도:37.496775
18:28:38  원시경도:126.958140
18:28:38  GPS채택:452
18:28:38  GPS이상치거부:7
18:28:38  GPS품질거부:7
18:28:38  GPS재기준:1
18:28:38  RSSI원시:-61
18:28:38  RSSI평활:-62.4
18:28:38  RSSI샘플:5703
18:28:38  RSSI경과ms:7
18:28:38  차량수신:2768
18:28:38  시각ms:315483
18:28:38  IMU시각ms:315471
18:28:38  위험:0
18:28:38  GPS유효:1
18:28:38  위도:37.496777
18:28:38  경도:126.958138
18:28:38  속도:0.024
18:28:38  방향:0.0
18:28:38  GPS원시속도:0.010
18:28:38  GPS원시방향유효:1
18:28:38  GPS원시방향:179.9
18:28:38  가속도:3.290,3.855,-8.485
18:28:38  자이로:-0.771,0.458,-0.237
18:28:38  자력계:-36.300,33.000,-73.050
18:28:38  IMU방향유효:0
18:28:38  IMU방향:168.0
18:28:38  방향가속도크기:9.88
18:28:38  방향자이로크기:0.93
18:28:38  방향자세cos:-0.1527
18:28:38  자기모델잔차:14.51
18:28:38  자기모델반경:1.323
18:28:38  방향채택:1080
18:28:38  방향거부:37970
18:28:38  송신:3005
18:28:38  GPS위성:7
18:28:38  GPS_HDOP:2.10
18:28:38  원시위도:37.496775
18:28:38  원시경도:126.958140
18:28:38  GPS채택:453
18:28:38  GPS이상치거부:7
18:28:38  GPS품질거부:7
18:28:38  GPS재기준:1
18:28:38  RSSI원시:-63
18:28:38  RSSI평활:-63.7
18:28:38  RSSI샘플:5707
18:28:38  RSSI경과ms:6
18:28:38  차량수신:2770
18:28:39  시각ms:315899
18:28:39  IMU시각ms:315887
18:28:39  위험:0
18:28:39  GPS유효:1
18:28:39  위도:37.496777
18:28:39  경도:126.958138
18:28:39  속도:0.024
18:28:39  방향:0.0
18:28:39  GPS원시속도:0.010
18:28:39  GPS원시방향유효:1
18:28:39  GPS원시방향:179.9
18:28:39  가속도:3.443,3.802,-8.614
18:28:39  자이로:0.458,-1.206,-0.466
18:28:39  자력계:-37.950,35.100,-72.150
18:28:39  IMU방향유효:0
18:28:39  IMU방향:168.0
18:28:39  방향가속도크기:10.03
18:28:39  방향자이로크기:1.37
18:28:39  방향자세cos:-0.1525
18:28:39  자기모델잔차:14.51
18:28:39  자기모델반경:1.323
18:28:39  방향채택:1080
18:28:39  방향거부:38022
18:28:39  송신:3009
18:28:39  GPS위성:7
18:28:39  GPS_HDOP:2.10
18:28:39  원시위도:37.496775
18:28:39  원시경도:126.958140
18:28:39  GPS채택:453
18:28:39  GPS이상치거부:7
18:28:39  GPS품질거부:7
18:28:39  GPS재기준:1
18:28:39  RSSI원시:-65
18:28:39  RSSI평활:-65.0
18:28:39  RSSI샘플:5714
18:28:39  RSSI경과ms:9
18:28:39  차량수신:2773
18:28:39  시각ms:316211
18:28:39  IMU시각ms:316199
18:28:39  위험:0
18:28:39  GPS유효:1
18:28:39  위도:37.496777
18:28:39  경도:126.958138
18:28:39  속도:0.030
18:28:39  방향:0.0
18:28:39  GPS원시속도:0.041
18:28:39  GPS원시방향유효:1
18:28:39  GPS원시방향:179.9
18:28:39  가속도:3.304,3.663,-8.490
18:28:39  자이로:-1.061,-2.183,-0.328
18:28:39  자력계:-37.050,34.500,-74.550
18:28:39  IMU방향유효:0
18:28:39  IMU방향:168.0
18:28:39  방향가속도크기:9.82
18:28:39  방향자이로크기:2.45
18:28:39  방향자세cos:-0.1631
18:28:39  자기모델잔차:14.51
18:28:39  자기모델반경:1.323
18:28:39  방향채택:1080
18:28:39  방향거부:38061
18:28:39  송신:3012
18:28:39  GPS위성:7
18:28:39  GPS_HDOP:2.10
18:28:39  원시위도:37.496775
18:28:39  원시경도:126.958136
18:28:39  GPS채택:454
18:28:39  GPS이상치거부:7
18:28:39  GPS품질거부:7
18:28:39  GPS재기준:1
18:28:39  RSSI원시:-61
18:28:39  RSSI평활:-63.2
18:28:39  RSSI샘플:5719
18:28:39  RSSI경과ms:17
18:28:39  차량수신:2776
18:28:39  시각ms:316524
18:28:39  IMU시각ms:316512
18:28:39  위험:0
18:28:39  GPS유효:1
18:28:39  위도:37.496777
18:28:39  경도:126.958138
18:28:39  속도:0.034
18:28:39  방향:0.0
18:28:39  GPS원시속도:0.041
18:28:39  GPS원시방향유효:1
18:28:39  GPS원시방향:179.9
18:28:39  가속도:3.462,3.850,-8.456
18:28:39  자이로:-1.000,1.641,2.214
18:28:39  자력계:-35.700,33.150,-73.650
18:28:39  IMU방향유효:0
18:28:39  IMU방향:168.0
18:28:39  방향가속도크기:9.92
18:28:39  방향자이로크기:2.93
18:28:39  방향자세cos:-0.1405
18:28:39  자기모델잔차:14.51
18:28:39  자기모델반경:1.323
18:28:39  방향채택:1080
18:28:39  방향거부:38100
18:28:39  송신:3015
18:28:39  GPS위성:7
18:28:39  GPS_HDOP:2.46
18:28:39  원시위도:37.496775
18:28:39  원시경도:126.958136
18:28:39  GPS채택:455
18:28:39  GPS이상치거부:7
18:28:39  GPS품질거부:7
18:28:39  GPS재기준:1
18:28:39  RSSI원시:-61
18:28:39  RSSI평활:-61.6
18:28:39  RSSI샘플:5725
18:28:39  RSSI경과ms:21
18:28:39  차량수신:2779
