18:28:17  시각ms:300064
18:28:17  IMU시각ms:300063
18:28:17  위험:0
18:28:17  원시위험:0
18:28:17  GPS유효:1
18:28:17  위도:37.496813
18:28:17  경도:126.958156
18:28:17  속도:0.00
18:28:17  방향:173.7
18:28:17  이동방향유효:0
18:28:17  GPS이동방향:173.7
18:28:17  차체방향유효:1
18:28:17  차체방향:195.7
18:28:17  후진판정:0
18:28:17  IMU요회전속도:0.00
18:28:17  방향가속도크기:9.81
18:28:17  방향자이로크기:0.97
18:28:17  방향자세cos:0.9995
18:28:17  자기모델잔차:3.68
18:28:17  자기모델반경:1.222
18:28:17  방향채택:33310
18:28:17  방향거부:3341
18:28:17  GPS원시속도:0.000
18:28:17  GPS원시방향유효:1
18:28:17  GPS원시방향:175.2
18:28:17  가속도:-0.56,0.21,9.79
18:28:17  자이로:0.5,0.8,-0.2
18:28:17  자력계:-27.750,-27.150,1.500
18:28:17  충격값:0.15
18:28:17  충격피크:0.19
18:28:17  마지막충격발생값:0.00
18:28:17  마지막충격발생ms:0
18:28:17  송신:2845
18:28:17  지팡이수신:2746
18:28:17  GPS위성:5
18:28:17  GPS_HDOP:2.80
18:28:17  원시위도:37.496812
18:28:17  원시경도:126.958157
18:28:17  GPS채택:350
18:28:17  GPS이상치거부:62
18:28:17  GPS품질거부:50
18:28:17  GPS재기준:9
18:28:17  계산거리:5.67
18:28:17  접근속도:0.00
18:28:17  TTC:999.00
18:28:17  방향오차:-4.4
18:28:17  전방여부:0
18:28:17  위험음성횟수:0
18:28:17  충격음성횟수:0
18:28:17  마지막위험음성:0
18:28:17  RSSI원시:-59
18:28:17  RSSI평활:-59.8
18:28:17  RSSI샘플:2746
18:28:17  RSSI경과ms:27
18:28:17  위험송신:2746
18:28:17  시각ms:300170
18:28:17  IMU시각ms:300169
18:28:17  위험:0
18:28:17  원시위험:0
18:28:17  GPS유효:1
18:28:17  위도:37.496813
18:28:17  경도:126.958156
18:28:17  속도:0.00
18:28:17  방향:173.7
18:28:17  이동방향유효:0
18:28:17  GPS이동방향:173.7
18:28:17  차체방향유효:1
18:28:17  차체방향:195.8
18:28:17  후진판정:0
18:28:17  IMU요회전속도:0.00
18:28:17  방향가속도크기:9.80
18:28:17  방향자이로크기:2.07
18:28:17  방향자세cos:0.9997
18:28:17  자기모델잔차:3.05
18:28:17  자기모델반경:1.281
18:28:17  방향채택:33323
18:28:17  방향거부:3341
18:28:17  GPS원시속도:0.000
18:28:17  GPS원시방향유효:1
18:28:17  GPS원시방향:175.2
18:28:17  가속도:-0.60,0.32,9.78
18:28:17  자이로:-0.1,1.6,-1.4
18:28:17  자력계:-29.550,-27.300,0.900
18:28:17  충격값:0.10
18:28:17  충격피크:0.16
18:28:17  마지막충격발생값:0.00
18:28:17  마지막충격발생ms:0
18:28:17  송신:2846
18:28:17  지팡이수신:2747
18:28:17  GPS위성:5
18:28:17  GPS_HDOP:2.80
18:28:17  원시위도:37.496812
18:28:17  원시경도:126.958157
18:28:17  GPS채택:350
18:28:17  GPS이상치거부:62
18:28:17  GPS품질거부:50
18:28:17  GPS재기준:9
18:28:17  계산거리:5.67
18:28:17  접근속도:0.00
18:28:17  TTC:999.00
18:28:17  방향오차:-4.4
18:28:17  전방여부:0
18:28:17  위험음성횟수:0
18:28:17  충격음성횟수:0
18:28:17  마지막위험음성:0
18:28:17  RSSI원시:-60
18:28:17  RSSI평활:-59.9
18:28:17  RSSI샘플:2747
18:28:17  RSSI경과ms:35
18:28:17  위험송신:2747
18:28:17  시각ms:300275
18:28:17  IMU시각ms:300274
18:28:17  위험:0
18:28:17  원시위험:0
18:28:17  GPS유효:1
18:28:17  위도:37.496813
18:28:17  경도:126.958156
18:28:17  속도:0.00
18:28:17  방향:173.7
18:28:17  이동방향유효:0
18:28:17  GPS이동방향:173.7
18:28:17  차체방향유효:1
18:28:17  차체방향:195.8
18:28:17  후진판정:0
18:28:17  IMU요회전속도:0.00
18:28:17  방향가속도크기:9.77
18:28:17  방향자이로크기:3.87
18:28:17  방향자세cos:0.9996
18:28:17  자기모델잔차:3.13
18:28:17  자기모델반경:1.285
18:28:17  방향채택:33336
18:28:17  방향거부:3341
18:28:17  GPS원시속도:0.000
18:28:17  GPS원시방향유효:1
18:28:17  GPS원시방향:175.2
18:28:17  가속도:-0.52,0.20,9.75
18:28:17  자이로:-2.3,-1.6,-2.7
18:28:17  자력계:-29.700,-27.900,1.050
18:28:17  충격값:0.13
18:28:17  충격피크:0.20
18:28:17  마지막충격발생값:0.00
18:28:17  마지막충격발생ms:0
18:28:17  송신:2847
18:28:17  지팡이수신:2748
18:28:17  GPS위성:5
18:28:17  GPS_HDOP:2.80
18:28:17  원시위도:37.496812
18:28:17  원시경도:126.958157
18:28:17  GPS채택:350
18:28:17  GPS이상치거부:62
18:28:17  GPS품질거부:50
18:28:17  GPS재기준:9
18:28:17  계산거리:5.67
18:28:17  접근속도:0.00
18:28:17  TTC:999.00
18:28:17  방향오차:-4.4
18:28:17  전방여부:0
18:28:17  위험음성횟수:0
18:28:17  충격음성횟수:0
18:28:17  마지막위험음성:0
18:28:17  RSSI원시:-61
18:28:17  RSSI평활:-60.1
18:28:17  RSSI샘플:2748
18:28:17  RSSI경과ms:34
18:28:17  위험송신:2748
18:28:17  시각ms:300379
18:28:17  IMU시각ms:300379
18:28:17  위험:0
18:28:17  원시위험:0
18:28:17  GPS유효:1
18:28:17  위도:37.496813
18:28:17  경도:126.958156
18:28:17  속도:0.00
18:28:17  방향:173.7
18:28:17  이동방향유효:0
18:28:17  GPS이동방향:173.7
18:28:17  차체방향유효:1
18:28:17  차체방향:195.9
18:28:17  후진판정:0
18:28:17  IMU요회전속도:0.00
18:28:17  방향가속도크기:9.75
18:28:17  방향자이로크기:1.40
18:28:17  방향자세cos:0.9999
18:28:17  자기모델잔차:2.02
18:28:17  자기모델반경:1.241
18:28:17  방향채택:33349
18:28:17  방향거부:3341
18:28:17  GPS원시속도:0.000
18:28:17  GPS원시방향유효:1
18:28:17  GPS원시방향:175.2
18:28:17  가속도:-0.49,0.35,9.73
18:28:17  자이로:-0.3,0.1,-1.4
18:28:17  자력계:-28.350,-27.300,-0.150
18:28:17  충격값:0.06
18:28:17  충격피크:0.15
18:28:17  마지막충격발생값:0.00
18:28:17  마지막충격발생ms:0
18:28:17  송신:2848
18:28:17  지팡이수신:2749
18:28:17  GPS위성:5
18:28:17  GPS_HDOP:2.80
18:28:17  원시위도:37.496812
18:28:17  원시경도:126.958157
18:28:17  GPS채택:351
18:28:17  GPS이상치거부:62
18:28:17  GPS품질거부:50
18:28:17  GPS재기준:9
18:28:17  계산거리:5.67
18:28:17  접근속도:0.00
18:28:17  TTC:999.00
18:28:17  방향오차:-4.4
18:28:17  전방여부:0
18:28:17  위험음성횟수:0
18:28:17  충격음성횟수:0
18:28:17  마지막위험음성:0
18:28:17  RSSI원시:-61
18:28:17  RSSI평활:-60.3
18:28:17  RSSI샘플:2749
18:28:17  RSSI경과ms:35
18:28:17  위험송신:2749
18:28:17  시각ms:300484
18:28:17  IMU시각ms:300484
18:28:17  위험:0
18:28:17  원시위험:0
18:28:17  GPS유효:1
18:28:17  위도:37.496813
18:28:17  경도:126.958156
18:28:17  속도:0.00
18:28:17  방향:173.7
18:28:17  이동방향유효:0
18:28:17  GPS이동방향:173.7
18:28:17  차체방향유효:1
18:28:17  차체방향:195.9
18:28:17  후진판정:0
18:28:17  IMU요회전속도:0.00
18:28:17  방향가속도크기:9.76
18:28:17  방향자이로크기:1.32
18:28:17  방향자세cos:0.9996
18:28:17  자기모델잔차:3.99
18:28:17  자기모델반경:1.285
18:28:17  방향채택:33362
18:28:17  방향거부:3341
18:28:17  GPS원시속도:0.000
18:28:17  GPS원시방향유효:1
18:28:17  GPS원시방향:175.2
18:28:17  가속도:-0.54,0.23,9.74
18:28:17  자이로:0.4,-1.2,-0.5
18:28:17  자력계:-29.550,-25.650,1.650
18:28:17  충격값:0.09
18:28:17  충격피크:0.16
18:28:17  마지막충격발생값:0.00
18:28:17  마지막충격발생ms:0
18:28:17  송신:2849
18:28:17  지팡이수신:2750
18:28:17  GPS위성:5
18:28:17  GPS_HDOP:2.80
18:28:17  원시위도:37.496812
18:28:17  원시경도:126.958157
18:28:17  GPS채택:351
18:28:17  GPS이상치거부:62
18:28:17  GPS품질거부:50
18:28:17  GPS재기준:9
18:28:17  계산거리:5.67
18:28:17  접근속도:0.00
18:28:17  TTC:999.00
18:28:17  방향오차:-4.4
18:28:17  전방여부:0
18:28:17  위험음성횟수:0
18:28:17  충격음성횟수:0
18:28:17  마지막위험음성:0
18:28:17  RSSI원시:-62
18:28:17  RSSI평활:-60.6
18:28:17  RSSI샘플:2750
18:28:17  RSSI경과ms:36
18:28:17  위험송신:2750
18:28:18  시각ms:300589
18:28:18  IMU시각ms:300589
18:28:18  위험:0
18:28:18  원시위험:0
18:28:18  GPS유효:1
18:28:18  위도:37.496813
18:28:18  경도:126.958156
18:28:18  속도:0.00
18:28:18  방향:173.7
18:28:18  이동방향유효:0
18:28:18  GPS이동방향:173.7
18:28:18  차체방향유효:1
18:28:18  차체방향:195.9
18:28:18  후진판정:0
18:28:18  IMU요회전속도:0.00
18:28:18  방향가속도크기:9.63
18:28:18  방향자이로크기:2.35
18:28:18  방향자세cos:0.9998
18:28:18  자기모델잔차:4.08
18:28:18  자기모델반경:1.273
18:28:18  방향채택:33375
18:28:18  방향거부:3341
18:28:18  GPS원시속도:0.000
18:28:18  GPS원시방향유효:1
18:28:18  GPS원시방향:175.2
18:28:18  가속도:-0.57,0.32,9.61
18:28:18  자이로:-0.5,0.8,-2.1
18:28:18  자력계:-29.100,-24.900,1.650
18:28:18  충격값:0.11
18:28:18  충격피크:0.23
18:28:18  마지막충격발생값:0.00
18:28:18  마지막충격발생ms:0
18:28:18  송신:2850
18:28:18  지팡이수신:2751
18:28:18  GPS위성:5
18:28:18  GPS_HDOP:2.80
18:28:18  원시위도:37.496812
18:28:18  원시경도:126.958157
18:28:18  GPS채택:351
18:28:18  GPS이상치거부:62
18:28:18  GPS품질거부:50
18:28:18  GPS재기준:9
18:28:18  계산거리:5.67
18:28:18  접근속도:0.00
18:28:18  TTC:999.00
18:28:18  방향오차:-4.4
18:28:18  전방여부:0
18:28:18  위험음성횟수:0
18:28:18  충격음성횟수:0
18:28:18  마지막위험음성:0
18:28:18  RSSI원시:-61
18:28:18  RSSI평활:-60.7
18:28:18  RSSI샘플:2751
18:28:18  RSSI경과ms:35
18:28:18  위험송신:2751
18:28:18  시각ms:300799
18:28:18  IMU시각ms:300799
18:28:18  위험:0
18:28:18  원시위험:0
18:28:18  GPS유효:1
18:28:18  위도:37.496813
18:28:18  경도:126.958156
18:28:18  속도:0.00
18:28:18  방향:173.7
18:28:18  이동방향유효:0
18:28:18  GPS이동방향:173.7
18:28:18  차체방향유효:1
18:28:18  차체방향:195.9
18:28:18  후진판정:0
18:28:18  IMU요회전속도:0.00
18:28:18  방향가속도크기:9.78
18:28:18  방향자이로크기:1.62
18:28:18  방향자세cos:0.9997
18:28:18  자기모델잔차:3.72
18:28:18  자기모델반경:1.277
18:28:18  방향채택:33401
18:28:18  방향거부:3341
18:28:18  GPS원시속도:0.000
18:28:18  GPS원시방향유효:1
18:28:18  GPS원시방향:175.2
18:28:18  가속도:-0.58,0.28,9.75
18:28:18  자이로:1.3,1.0,-0.1
18:28:18  자력계:-29.400,-26.700,1.500
18:28:18  충격값:0.09
18:28:18  충격피크:0.18
18:28:18  마지막충격발생값:0.00
18:28:18  마지막충격발생ms:0
18:28:18  송신:2852
18:28:18  지팡이수신:2753
18:28:18  GPS위성:5
18:28:18  GPS_HDOP:2.80
18:28:18  원시위도:37.496812
18:28:18  원시경도:126.958157
18:28:18  GPS채택:351
18:28:18  GPS이상치거부:62
18:28:18  GPS품질거부:50
18:28:18  GPS재기준:9
18:28:18  계산거리:5.67
18:28:18  접근속도:0.00
18:28:18  TTC:999.00
18:28:18  방향오차:-4.4
18:28:18  전방여부:0
18:28:18  위험음성횟수:0
18:28:18  충격음성횟수:0
18:28:18  마지막위험음성:0
18:28:18  RSSI원시:-64
18:28:18  RSSI평활:-61.4
18:28:18  RSSI샘플:2753
18:28:18  RSSI경과ms:40
18:28:18  위험송신:2753
18:28:18  시각ms:300927
18:28:18  IMU시각ms:300904
18:28:18  위험:0
18:28:18  원시위험:0
18:28:18  GPS유효:1
18:28:18  위도:37.496813
18:28:18  경도:126.958156
18:28:18  속도:0.00
18:28:18  방향:173.7
18:28:18  이동방향유효:0
18:28:18  GPS이동방향:173.7
18:28:18  차체방향유효:1
18:28:18  차체방향:195.7
18:28:18  후진판정:0
18:28:18  IMU요회전속도:0.00
18:28:18  방향가속도크기:9.75
18:28:18  방향자이로크기:2.56
18:28:18  방향자세cos:0.9995
18:28:18  자기모델잔차:2.87
18:28:18  자기모델반경:1.328
18:28:18  방향채택:33414
18:28:18  방향거부:3341
18:28:18  GPS원시속도:0.000
18:28:18  GPS원시방향유효:1
18:28:18  GPS원시방향:175.2
18:28:18  가속도:-0.58,0.22,9.73
18:28:18  자이로:1.9,0.1,1.7
18:28:18  자력계:-30.750,-24.900,0.450
18:28:18  충격값:0.12
18:28:18  충격피크:0.17
18:28:18  마지막충격발생값:0.00
18:28:18  마지막충격발생ms:0
18:28:18  송신:2853
18:28:18  지팡이수신:2754
18:28:18  GPS위성:5
18:28:18  GPS_HDOP:2.80
18:28:18  원시위도:37.496812
18:28:18  원시경도:126.958157
18:28:18  GPS채택:351
18:28:18  GPS이상치거부:62
18:28:18  GPS품질거부:50
18:28:18  GPS재기준:9
18:28:18  계산거리:5.67
18:28:18  접근속도:0.00
18:28:18  TTC:999.00
18:28:18  방향오차:-4.4
18:28:18  전방여부:0
18:28:18  위험음성횟수:0
18:28:18  충격음성횟수:0
18:28:18  마지막위험음성:0
18:28:18  RSSI원시:-65
18:28:18  RSSI평활:-62.1
18:28:18  RSSI샘플:2754
18:28:18  RSSI경과ms:63
18:28:18  위험송신:2754
18:28:19  시각ms:302070
18:28:19  IMU시각ms:302069
18:28:19  위험:0
18:28:19  원시위험:0
18:28:19  GPS유효:1
18:28:19  위도:37.496811
18:28:19  경도:126.958157
18:28:19  속도:0.00
18:28:19  방향:173.7
18:28:19  이동방향유효:0
18:28:19  GPS이동방향:173.7
18:28:19  차체방향유효:1
18:28:19  차체방향:195.8
18:28:19  후진판정:0
18:28:19  IMU요회전속도:-11.93
18:28:19  방향가속도크기:6.96
18:28:19  방향자이로크기:25.48
18:28:19  방향자세cos:0.9998
18:28:19  자기모델잔차:3.12
18:28:19  자기모델반경:1.193
18:28:19  방향채택:33502
18:28:19  방향거부:3392
18:28:19  GPS원시속도:0.000
18:28:19  GPS원시방향유효:1
18:28:19  GPS원시방향:175.2
18:28:19  가속도:0.36,2.00,6.66
18:28:19  자이로:21.0,2.8,14.1
18:28:19  자력계:-27.450,-25.950,0.750
18:28:19  충격값:2.85
18:28:19  충격피크:11.15
18:28:19  마지막충격발생값:0.00
18:28:19  마지막충격발생ms:0
18:28:19  송신:2864
18:28:19  지팡이수신:2765
18:28:19  GPS위성:5
18:28:19  GPS_HDOP:2.80
18:28:19  원시위도:37.496792
18:28:19  원시경도:126.958168
18:28:19  GPS채택:354
18:28:19  GPS이상치거부:62
18:28:19  GPS품질거부:50
18:28:19  GPS재기준:9
18:28:19  계산거리:3.46
18:28:19  접근속도:0.00
18:28:19  TTC:999.00
18:28:19  방향오차:-10.1
18:28:19  전방여부:0
18:28:19  위험음성횟수:0
18:28:19  충격음성횟수:0
18:28:19  마지막위험음성:0
18:28:19  RSSI원시:-61
18:28:19  RSSI평활:-62.6
18:28:19  RSSI샘플:2765
18:28:19  RSSI경과ms:62
18:28:19  위험송신:2765
18:28:19  시각ms:302174
18:28:19  IMU시각ms:302174
18:28:19  위험:0
18:28:19  원시위험:0
18:28:19  GPS유효:1
18:28:19  위도:37.496810
18:28:19  경도:126.958158
18:28:19  속도:0.05
18:28:19  방향:173.7
18:28:19  이동방향유효:0
18:28:19  GPS이동방향:173.7
18:28:19  차체방향유효:1
18:28:19  차체방향:192.7
18:28:19  후진판정:0
18:28:19  IMU요회전속도:-45.05
18:28:19  방향가속도크기:11.36
18:28:19  방향자이로크기:58.04
18:28:19  방향자세cos:0.9574
18:28:19  자기모델잔차:2.90
18:28:19  자기모델반경:1.214
18:28:19  방향채택:33506
18:28:19  방향거부:3401
18:28:19  GPS원시속도:0.108
18:28:19  GPS원시방향유효:1
18:28:19  GPS원시방향:175.2
18:28:19  가속도:-1.17,2.15,11.09
18:28:19  자이로:-33.4,4.5,47.3
18:28:19  자력계:-28.050,-26.100,0.150
18:28:19  충격값:2.26
18:28:19  충격피크:5.15
18:28:19  마지막충격발생값:0.00
18:28:19  마지막충격발생ms:0
18:28:19  송신:2865
18:28:19  지팡이수신:2766
18:28:19  GPS위성:5
18:28:19  GPS_HDOP:2.80
18:28:19  원시위도:37.496792
18:28:19  원시경도:126.958168
18:28:19  GPS채택:355
18:28:19  GPS이상치거부:62
18:28:19  GPS품질거부:50
18:28:19  GPS재기준:9
18:28:19  계산거리:3.46
18:28:19  접근속도:0.00
18:28:19  TTC:999.00
18:28:19  방향오차:-8.8
18:28:19  전방여부:0
18:28:19  위험음성횟수:0
18:28:19  충격음성횟수:0
18:28:19  마지막위험음성:0
18:28:19  RSSI원시:-62
18:28:19  RSSI평활:-62.5
18:28:19  RSSI샘플:2766
18:28:19  RSSI경과ms:63
18:28:19  위험송신:2766
18:28:20  시각ms:303013
18:28:20  IMU시각ms:303012
18:28:20  위험:0
18:28:20  원시위험:0
18:28:20  GPS유효:1
18:28:20  위도:37.496808
18:28:20  경도:126.958160
18:28:20  속도:0.08
18:28:20  방향:173.7
18:28:20  이동방향유효:0
18:28:20  GPS이동방향:173.7
18:28:20  차체방향유효:1
18:28:20  차체방향:195.1
18:28:20  후진판정:0
18:28:20  IMU요회전속도:13.88
18:28:20  방향가속도크기:14.81
18:28:20  방향자이로크기:30.86
18:28:20  방향자세cos:0.8782
18:28:20  자기모델잔차:2.69
18:28:20  자기모델반경:1.283
18:28:20  방향채택:33520
18:28:20  방향거부:3489
18:28:20  GPS원시속도:0.108
18:28:20  GPS원시방향유효:1
18:28:20  GPS원시방향:175.2
18:28:20  가속도:2.03,-1.58,14.58
18:28:20  자이로:9.8,23.7,-17.2
18:28:20  자력계:-29.700,-26.250,1.050
18:28:20  충격값:5.98
18:28:20  충격피크:16.24
18:28:20  마지막충격발생값:0.00
18:28:20  마지막충격발생ms:0
18:28:20  송신:2873
18:28:20  지팡이수신:2774
18:28:20  GPS위성:5
18:28:20  GPS_HDOP:2.80
18:28:20  원시위도:37.496790
18:28:20  원시경도:126.958177
18:28:20  GPS채택:356
18:28:20  GPS이상치거부:62
18:28:20  GPS품질거부:50
18:28:20  GPS재기준:9
18:28:20  계산거리:3.04
18:28:20  접근속도:0.00
18:28:20  TTC:999.00
18:28:20  방향오차:-9.6
18:28:20  전방여부:0
18:28:20  위험음성횟수:0
18:28:20  충격음성횟수:0
18:28:20  마지막위험음성:0
18:28:20  RSSI원시:-66
18:28:20  RSSI평활:-63.4
18:28:20  RSSI샘플:2774
18:28:20  RSSI경과ms:65
18:28:20  위험송신:2774
18:28:20  시각ms:303327
18:28:20  IMU시각ms:303327
18:28:20  위험:0
18:28:20  원시위험:0
18:28:20  GPS유효:1
18:28:20  위도:37.496807
18:28:20  경도:126.958161
18:28:20  속도:0.09
18:28:20  방향:173.7
18:28:20  이동방향유효:0
18:28:20  GPS이동방향:173.7
18:28:20  차체방향유효:1
18:28:20  차체방향:199.1
18:28:20  후진판정:0
18:28:20  IMU요회전속도:5.09
18:28:20  방향가속도크기:12.89
18:28:20  방향자이로크기:56.91
18:28:20  방향자세cos:0.9269
18:28:20  자기모델잔차:4.55
18:28:20  자기모델반경:1.266
18:28:20  방향채택:33524
18:28:20  방향거부:3524
18:28:20  GPS원시속도:0.098
18:28:20  GPS원시방향유효:1
18:28:20  GPS원시방향:175.2
18:28:20  가속도:-7.00,3.26,10.33
18:28:20  자이로:-40.2,38.6,-11.6
18:28:20  자력계:-26.850,-24.150,0.900
18:28:20  충격값:7.22
18:28:20  충격피크:14.44
18:28:20  마지막충격발생값:0.00
18:28:20  마지막충격발생ms:0
18:28:20  송신:2876
18:28:20  지팡이수신:2777
18:28:20  GPS위성:5
18:28:20  GPS_HDOP:2.80
18:28:20  원시위도:37.496790
18:28:20  원시경도:126.958177
18:28:20  GPS채택:357
18:28:20  GPS이상치거부:62
18:28:20  GPS품질거부:50
18:28:20  GPS재기준:9
18:28:20  계산거리:2.63
18:28:20  접근속도:0.00
18:28:20  TTC:999.00
18:28:20  방향오차:-6.6
18:28:20  전방여부:0
18:28:20  위험음성횟수:0
18:28:20  충격음성횟수:0
18:28:20  마지막위험음성:0
18:28:20  RSSI원시:-64
18:28:20  RSSI평활:-65.2
18:28:20  RSSI샘플:2777
18:28:20  RSSI경과ms:67
18:28:20  위험송신:2777
18:28:21  시각ms:303852
18:28:21  IMU시각ms:303852
18:28:21  위험:0
18:28:21  원시위험:0
18:28:21  GPS유효:1
18:28:21  위도:37.496806
18:28:21  경도:126.958161
18:28:21  속도:0.09
18:28:21  방향:173.7
18:28:21  이동방향유효:0
18:28:21  GPS이동방향:173.7
18:28:21  차체방향유효:1
18:28:21  차체방향:199.1
18:28:21  후진판정:0
18:28:21  IMU요회전속도:-4.48
18:28:21  방향가속도크기:17.21
18:28:21  방향자이로크기:27.62
18:28:21  방향자세cos:0.9326
18:28:21  자기모델잔차:3.15
18:28:21  자기모델반경:1.102
18:28:21  방향채택:33527
18:28:21  방향거부:3586
18:28:21  GPS원시속도:0.098
18:28:21  GPS원시방향유효:1
18:28:21  GPS원시방향:175.2
18:28:21  가속도:1.41,0.35,17.15
18:28:21  자이로:14.2,23.0,6.0
18:28:21  자력계:-24.750,-25.500,0.000
18:28:21  충격값:7.18
18:28:21  충격피크:17.20
18:28:21  마지막충격발생값:0.00
18:28:21  마지막충격발생ms:0
18:28:21  송신:2881
18:28:21  지팡이수신:2782
18:28:21  GPS위성:5
18:28:21  GPS_HDOP:2.80
18:28:21  원시위도:37.496790
18:28:21  원시경도:126.958177
18:28:21  GPS채택:357
18:28:21  GPS이상치거부:62
18:28:21  GPS품질거부:50
18:28:21  GPS재기준:9
18:28:21  계산거리:2.63
18:28:21  접근속도:0.00
18:28:21  TTC:999.00
18:28:21  방향오차:-6.5
18:28:21  전방여부:0
18:28:21  위험음성횟수:0
18:28:21  충격음성횟수:0
18:28:21  마지막위험음성:0
18:28:21  RSSI원시:-67
18:28:21  RSSI평활:-66.0
18:28:21  RSSI샘플:2782
18:28:21  RSSI경과ms:78
18:28:21  위험송신:2782
18:28:22  시각ms:304795
18:28:22  IMU시각ms:304795
18:28:22  위험:0
18:28:22  원시위험:0
18:28:22  GPS유효:1
18:28:22  위도:37.496803
18:28:22  경도:126.958165
18:28:22  속도:0.13
18:28:22  방향:173.7
18:28:22  이동방향유효:0
18:28:22  GPS이동방향:173.7
18:28:22  차체방향유효:1
18:28:22  차체방향:192.3
18:28:22  후진판정:0
18:28:22  IMU요회전속도:-13.49
18:28:22  방향가속도크기:8.44
18:28:22  방향자이로크기:58.95
18:28:22  방향자세cos:-0.0323
18:28:22  자기모델잔차:2.59
18:28:22  자기모델반경:1.214
18:28:22  방향채택:33534
18:28:22  방향거부:3694
18:28:22  GPS원시속도:0.175
18:28:22  GPS원시방향유효:1
18:28:22  GPS원시방향:175.2
18:28:22  가속도:1.92,-6.14,5.46
18:28:22  자이로:-22.9,52.8,12.6
18:28:22  자력계:-27.000,-23.550,0.000
18:28:22  충격값:8.04
18:28:22  충격피크:12.48
18:28:22  마지막충격발생값:0.00
18:28:22  마지막충격발생ms:0
18:28:22  송신:2890
18:28:22  지팡이수신:2791
18:28:22  GPS위성:5
18:28:22  GPS_HDOP:2.80
18:28:22  원시위도:37.496788
18:28:22  원시경도:126.958183
18:28:22  GPS채택:359
18:28:22  GPS이상치거부:62
18:28:22  GPS품질거부:50
18:28:22  GPS재기준:9
18:28:22  계산거리:1.70
18:28:22  접근속도:0.00
18:28:22  TTC:999.00
18:28:22  방향오차:-4.6
18:28:22  전방여부:0
18:28:22  위험음성횟수:0
18:28:22  충격음성횟수:0
18:28:22  마지막위험음성:0
18:28:22  RSSI원시:-66
18:28:22  RSSI평활:-68.7
18:28:22  RSSI샘플:2791
18:28:22  RSSI경과ms:82
18:28:22  위험송신:2791
18:28:23  시각ms:306264
18:28:23  IMU시각ms:306264
18:28:23  위험:0
18:28:23  원시위험:0
18:28:23  GPS유효:1
18:28:23  위도:37.496797
18:28:23  경도:126.958172
18:28:23  속도:0.34
18:28:23  방향:173.7
18:28:23  이동방향유효:0
18:28:23  GPS이동방향:173.7
18:28:23  차체방향유효:1
18:28:23  차체방향:197.5
18:28:23  후진판정:0
18:28:23  IMU요회전속도:12.02
18:28:23  방향가속도크기:5.19
18:28:23  방향자이로크기:23.97
18:28:23  방향자세cos:0.9555
18:28:23  자기모델잔차:3.50
18:28:23  자기모델반경:1.244
18:28:23  방향채택:33546
18:28:23  방향거부:3862
18:28:23  GPS원시속도:0.329
18:28:23  GPS원시방향유효:1
18:28:23  GPS원시방향:175.2
18:28:23  가속도:1.90,0.15,4.83
18:28:23  자이로:1.4,17.7,-16.1
18:28:23  자력계:-29.100,-28.050,0.150
18:28:23  충격값:4.38
18:28:23  충격피크:13.21
18:28:23  마지막충격발생값:0.00
18:28:23  마지막충격발생ms:0
18:28:23  송신:2904
18:28:23  지팡이수신:2804
18:28:23  GPS위성:5
18:28:23  GPS_HDOP:2.80
18:28:23  원시위도:37.496782
18:28:23  원시경도:126.958192
18:28:23  GPS채택:363
18:28:23  GPS이상치거부:62
18:28:23  GPS품질거부:50
18:28:23  GPS재기준:9
18:28:23  계산거리:1.35
18:28:23  접근속도:0.00
18:28:23  TTC:999.00
18:28:23  방향오차:96.3
18:28:23  전방여부:0
18:28:23  위험음성횟수:0
18:28:23  충격음성횟수:0
18:28:23  마지막위험음성:0
18:28:23  RSSI원시:-72
18:28:23  RSSI평활:-71.2
18:28:23  RSSI샘플:2804
18:28:23  RSSI경과ms:94
18:28:23  위험송신:2804
18:28:23  시각ms:306369
18:28:23  IMU시각ms:306369
18:28:23  위험:0
18:28:23  원시위험:0
18:28:23  GPS유효:1
18:28:23  위도:37.496797
18:28:23  경도:126.958172
18:28:23  속도:0.34
18:28:23  방향:173.7
18:28:23  이동방향유효:0
18:28:23  GPS이동방향:173.7
18:28:23  차체방향유효:1
18:28:23  차체방향:199.3
18:28:23  후진판정:0
18:28:23  IMU요회전속도:17.06
18:28:23  방향가속도크기:5.44
18:28:23  방향자이로크기:56.21
18:28:23  방향자세cos:0.9818
18:28:23  자기모델잔차:3.69
18:28:23  자기모델반경:1.187
18:28:23  방향채택:33548
18:28:23  방향거부:3873
18:28:23  GPS원시속도:0.329
18:28:23  GPS원시방향유효:1
18:28:23  GPS원시방향:175.2
18:28:23  가속도:1.43,-2.74,4.48
18:28:23  자이로:-52.5,9.2,-18.0
18:28:23  자력계:-27.300,-26.850,1.200
18:28:23  충격값:5.64
18:28:23  충격피크:9.63
18:28:23  마지막충격발생값:0.00
18:28:23  마지막충격발생ms:0
18:28:23  송신:2905
18:28:23  지팡이수신:2805
18:28:23  GPS위성:5
18:28:23  GPS_HDOP:2.80
18:28:23  원시위도:37.496782
18:28:23  원시경도:126.958192
18:28:23  GPS채택:363
18:28:23  GPS이상치거부:62
18:28:23  GPS품질거부:50
18:28:23  GPS재기준:9
18:28:23  계산거리:1.35
18:28:23  접근속도:0.00
18:28:23  TTC:999.00
18:28:23  방향오차:96.3
18:28:23  전방여부:0
18:28:23  위험음성횟수:0
18:28:23  충격음성횟수:0
18:28:23  마지막위험음성:0
18:28:23  RSSI원시:-75
18:28:23  RSSI평활:-71.9
18:28:23  RSSI샘플:2805
18:28:23  RSSI경과ms:92
18:28:23  위험송신:2805
18:28:23  시각ms:306474
18:28:23  IMU시각ms:306474
18:28:23  위험:0
18:28:23  원시위험:0
18:28:23  GPS유효:1
18:28:23  위도:37.496797
18:28:23  경도:126.958172
18:28:23  속도:0.34
18:28:23  방향:173.7
18:28:23  이동방향유효:0
18:28:23  GPS이동방향:173.7
18:28:23  차체방향유효:1
18:28:23  차체방향:200.2
18:28:23  후진판정:0
18:28:23  IMU요회전속도:4.83
18:28:23  방향가속도크기:16.90
18:28:23  방향자이로크기:84.07
18:28:23  방향자세cos:-0.6789
18:28:23  자기모델잔차:3.69
18:28:23  자기모델반경:1.187
18:28:23  방향채택:33548
18:28:23  방향거부:3886
18:28:23  GPS원시속도:0.329
18:28:23  GPS원시방향유효:1
18:28:23  GPS원시방향:175.2
18:28:23  가속도:-6.51,-0.43,15.60
18:28:23  자이로:82.2,14.0,-10.5
18:28:23  자력계:-28.350,-27.750,-0.150
18:28:23  충격값:9.76
18:28:23  충격피크:17.93
18:28:23  마지막충격발생값:0.00
18:28:23  마지막충격발생ms:0
18:28:23  송신:2906
18:28:23  지팡이수신:2806
18:28:23  GPS위성:5
18:28:23  GPS_HDOP:2.80
18:28:23  원시위도:37.496782
18:28:23  원시경도:126.958192
18:28:23  GPS채택:363
18:28:23  GPS이상치거부:62
18:28:23  GPS품질거부:50
18:28:23  GPS재기준:9
18:28:23  계산거리:1.35
18:28:23  접근속도:0.00
18:28:23  TTC:999.00
18:28:23  방향오차:96.3
18:28:23  전방여부:0
18:28:23  위험음성횟수:0
18:28:23  충격음성횟수:0
18:28:23  마지막위험음성:0
18:28:23  RSSI원시:-73
18:28:23  RSSI평활:-72.1
18:28:23  RSSI샘플:2806
18:28:23  RSSI경과ms:87
18:28:23  위험송신:2806
18:28:24  시각ms:307522
18:28:24  IMU시각ms:307522
18:28:24  위험:0
18:28:24  원시위험:0
18:28:24  GPS유효:1
18:28:24  위도:37.496781
18:28:24  경도:126.958188
18:28:24  속도:0.44
18:28:24  방향:173.7
18:28:24  이동방향유효:0
18:28:24  GPS이동방향:175.2
18:28:24  차체방향유효:1
18:28:24  차체방향:198.1
18:28:24  후진판정:0
18:28:24  IMU요회전속도:22.43
18:28:24  방향가속도크기:11.65
18:28:24  방향자이로크기:66.47
18:28:24  방향자세cos:0.8499
18:28:24  자기모델잔차:3.29
18:28:24  자기모델반경:1.330
18:28:24  방향채택:33558
18:28:24  방향거부:4004
18:28:24  GPS원시속도:0.535
18:28:24  GPS원시방향유효:1
18:28:24  GPS원시방향:175.2
18:28:24  가속도:0.18,-4.19,10.87
18:28:24  자이로:54.9,-31.1,-21.0
18:28:24  자력계:-27.750,-26.250,0.300
18:28:24  충격값:4.35
18:28:24  충격피크:26.20
18:28:24  마지막충격발생값:0.00
18:28:24  마지막충격발생ms:0
18:28:24  송신:2916
18:28:24  지팡이수신:2816
18:28:24  GPS위성:5
18:28:24  GPS_HDOP:2.80
18:28:24  원시위도:37.496775
18:28:24  원시경도:126.958195
18:28:24  GPS채택:365
18:28:24  GPS이상치거부:62
18:28:24  GPS품질거부:50
18:28:24  GPS재기준:9
18:28:24  계산거리:3.43
18:28:24  접근속도:0.00
18:28:24  TTC:999.00
18:28:24  방향오차:134.6
18:28:24  전방여부:0
18:28:24  위험음성횟수:0
18:28:24  충격음성횟수:0
18:28:24  마지막위험음성:0
18:28:24  RSSI원시:-77
18:28:24  RSSI평활:-76.2
18:28:24  RSSI샘플:2816
18:28:24  RSSI경과ms:86
18:28:24  위험송신:2816
18:28:27  시각ms:309859
18:28:27  IMU시각ms:309836
18:28:27  위험:0
18:28:27  원시위험:0
18:28:27  GPS유효:1
18:28:27  위도:37.496751
18:28:27  경도:126.958208
18:28:27  속도:0.63
18:28:27  방향:178.0
18:28:27  이동방향유효:1
18:28:27  GPS이동방향:178.0
18:28:27  차체방향유효:1
18:28:27  차체방향:202.8
18:28:27  후진판정:0
18:28:27  IMU요회전속도:-2.92
18:28:27  방향가속도크기:5.66
18:28:27  방향자이로크기:27.55
18:28:27  방향자세cos:0.9484
18:28:27  자기모델잔차:0.33
18:28:27  자기모델반경:1.291
18:28:27  방향채택:33572
18:28:27  방향거부:4263
18:28:27  GPS원시속도:0.700
18:28:27  GPS원시방향유효:1
18:28:27  GPS원시방향:183.2
18:28:27  가속도:-1.76,-4.28,3.27
18:28:27  자이로:-19.8,-18.7,4.3
18:28:27  자력계:-22.200,-26.550,0.150
18:28:27  충격값:8.08
18:28:27  충격피크:15.14
18:28:27  마지막충격발생값:44.30
18:28:27  마지막충격발생ms:308357
18:28:27  송신:2938
18:28:27  지팡이수신:2837
18:28:27  GPS위성:5
18:28:27  GPS_HDOP:2.80
18:28:27  원시위도:37.496757
18:28:27  원시경도:126.958205
18:28:27  GPS채택:369
18:28:27  GPS이상치거부:62
18:28:27  GPS품질거부:50
18:28:27  GPS재기준:9
18:28:27  계산거리:7.25
18:28:27  접근속도:-0.49
18:28:27  TTC:999.00
18:28:27  방향오차:138.7
18:28:27  전방여부:0
18:28:27  위험음성횟수:0
18:28:27  충격음성횟수:1
18:28:27  마지막위험음성:0
18:28:27  RSSI원시:-73
18:28:27  RSSI평활:-75.5
18:28:27  RSSI샘플:2837
18:28:27  RSSI경과ms:29
18:28:27  위험송신:2837
18:28:28  시각ms:311108
18:28:28  IMU시각ms:311107
18:28:28  위험:0
18:28:28  원시위험:0
18:28:28  GPS유효:1
18:28:28  위도:37.496743
18:28:28  경도:126.958204
18:28:28  속도:0.59
18:28:28  방향:181.1
18:28:28  이동방향유효:1
18:28:28  GPS이동방향:181.1
18:28:28  차체방향유효:1
18:28:28  차체방향:194.7
18:28:28  후진판정:0
18:28:28  IMU요회전속도:-1.25
18:28:28  방향가속도크기:9.60
18:28:28  방향자이로크기:12.00
18:28:28  방향자세cos:0.9749
18:28:28  자기모델잔차:4.00
18:28:28  자기모델반경:1.221
18:28:28  방향채택:33617
18:28:28  방향거부:4367
18:28:28  GPS원시속도:0.489
18:28:28  GPS원시방향유효:1
18:28:28  GPS원시방향:182.1
18:28:28  가속도:-2.47,-0.14,9.27
18:28:28  자이로:10.5,-3.3,4.9
18:28:28  자력계:-27.600,-25.650,1.650
18:28:28  충격값:1.32
18:28:28  충격피크:4.13
18:28:28  마지막충격발생값:44.30
18:28:28  마지막충격발생ms:308357
18:28:28  송신:2950
18:28:28  지팡이수신:2849
18:28:28  GPS위성:6
18:28:28  GPS_HDOP:2.10
18:28:28  원시위도:37.496743
18:28:28  원시경도:126.958203
18:28:28  GPS채택:373
18:28:28  GPS이상치거부:62
18:28:28  GPS품질거부:50
18:28:28  GPS재기준:9
18:28:28  계산거리:7.92
18:28:28  접근속도:-0.55
18:28:28  TTC:999.00
18:28:28  방향오차:142.4
18:28:28  전방여부:0
18:28:28  위험음성횟수:0
18:28:28  충격음성횟수:1
18:28:28  마지막위험음성:0
18:28:28  RSSI원시:-79
18:28:28  RSSI평활:-77.5
18:28:28  RSSI샘플:2849
18:28:28  RSSI경과ms:45
18:28:28  위험송신:2849
18:28:28  시각ms:311623
18:28:28  IMU시각ms:311622
18:28:28  위험:0
18:28:28  원시위험:0
18:28:28  GPS유효:1
18:28:28  위도:37.496740
18:28:28  경도:126.958204
18:28:28  속도:0.59
18:28:28  방향:181.1
18:28:28  이동방향유효:1
18:28:28  GPS이동방향:181.1
18:28:28  차체방향유효:1
18:28:28  차체방향:195.2
18:28:28  후진판정:0
18:28:28  IMU요회전속도:0.54
18:28:28  방향가속도크기:7.82
18:28:28  방향자이로크기:18.86
18:28:28  방향자세cos:0.9691
18:28:28  자기모델잔차:4.53
18:28:28  자기모델반경:1.214
18:28:28  방향채택:33664
18:28:28  방향거부:4387
18:28:28  GPS원시속도:0.489
18:28:28  GPS원시방향유효:1
18:28:28  GPS원시방향:182.1
18:28:28  가속도:0.97,-1.03,7.69
18:28:28  자이로:6.8,17.3,-2.9
18:28:28  자력계:-27.450,-26.250,2.250
18:28:28  충격값:2.95
18:28:28  충격피크:7.40
18:28:28  마지막충격발생값:44.30
18:28:28  마지막충격발생ms:308357
18:28:28  송신:2955
18:28:28  지팡이수신:2852
18:28:28  GPS위성:6
18:28:28  GPS_HDOP:2.10
18:28:28  원시위도:37.496743
18:28:28  원시경도:126.958203
18:28:28  GPS채택:373
18:28:28  GPS이상치거부:62
18:28:28  GPS품질거부:50
18:28:28  GPS재기준:9
18:28:28  계산거리:7.92
18:28:28  접근속도:-0.47
18:28:28  TTC:999.00
18:28:28  방향오차:143.0
18:28:28  전방여부:0
18:28:28  위험음성횟수:0
18:28:28  충격음성횟수:1
18:28:28  마지막위험음성:0
18:28:29  RSSI원시:-76
18:28:29  RSSI평활:-78.3
18:28:29  RSSI샘플:2852
18:28:29  RSSI경과ms:144
18:28:29  위험송신:2852
18:28:29  시각ms:312352
18:28:29  IMU시각ms:312352
18:28:29  위험:0
18:28:29  원시위험:0
18:28:29  GPS유효:1
18:28:29  위도:37.496739
18:28:29  경도:126.958204
18:28:29  속도:0.34
18:28:29  방향:181.1
18:28:29  이동방향유효:0
18:28:29  GPS이동방향:181.1
18:28:29  차체방향유효:1
18:28:29  차체방향:194.0
18:28:29  후진판정:0
18:28:29  IMU요회전속도:-12.23
18:28:29  방향가속도크기:6.56
18:28:29  방향자이로크기:39.63
18:28:29  방향자세cos:0.9154
18:28:29  자기모델잔차:2.44
18:28:29  자기모델반경:1.333
18:28:29  방향채택:33698
18:28:29  방향거부:4445
18:28:29  GPS원시속도:0.134
18:28:29  GPS원시방향유효:1
18:28:29  GPS원시방향:182.1
18:28:29  가속도:-2.44,-0.15,6.09
18:28:29  자이로:-6.8,-36.0,15.1
18:28:29  자력계:-30.900,-24.750,0.000
18:28:29  충격값:3.71
18:28:29  충격피크:18.03
18:28:29  마지막충격발생값:44.30
18:28:29  마지막충격발생ms:308357
18:28:29  송신:2962
18:28:29  지팡이수신:2857
18:28:29  GPS위성:6
18:28:29  GPS_HDOP:2.10
18:28:29  원시위도:37.496742
18:28:29  원시경도:126.958203
18:28:29  GPS채택:375
18:28:29  GPS이상치거부:62
18:28:29  GPS품질거부:50
18:28:29  GPS재기준:9
18:28:29  계산거리:8.26
18:28:29  접근속도:0.00
18:28:29  TTC:999.00
18:28:29  방향오차:145.6
18:28:29  전방여부:0
18:28:29  위험음성횟수:0
18:28:29  충격음성횟수:1
18:28:29  마지막위험음성:0
18:28:29  RSSI원시:-76
18:28:29  RSSI평활:-76.2
18:28:29  RSSI샘플:2857
18:28:29  RSSI경과ms:41
18:28:29  위험송신:2857
18:28:29  시각ms:312457
18:28:29  IMU시각ms:312457
18:28:29  위험:0
18:28:29  원시위험:0
18:28:29  GPS유효:1
18:28:29  위도:37.496739
18:28:29  경도:126.958204
18:28:29  속도:0.34
18:28:29  방향:181.1
18:28:29  이동방향유효:0
18:28:29  GPS이동방향:181.1
18:28:29  차체방향유효:1
18:28:29  차체방향:194.1
18:28:29  후진판정:0
18:28:29  IMU요회전속도:-13.22
18:28:29  방향가속도크기:8.29
18:28:29  방향자이로크기:21.38
18:28:29  방향자세cos:0.8822
18:28:29  자기모델잔차:3.96
18:28:29  자기모델반경:1.286
18:28:29  방향채택:33700
18:28:29  방향거부:4456
18:28:29  GPS원시속도:0.134
18:28:29  GPS원시방향유효:1
18:28:29  GPS원시방향:182.1
18:28:29  가속도:-4.09,-0.70,7.18
18:28:29  자이로:-14.2,-6.6,14.6
18:28:29  자력계:-29.550,-25.350,1.200
18:28:29  충격값:3.97
18:28:29  충격피크:10.07
18:28:29  마지막충격발생값:44.30
18:28:29  마지막충격발생ms:308357
18:28:29  송신:2963
18:28:29  지팡이수신:2858
18:28:29  GPS위성:6
18:28:29  GPS_HDOP:2.10
18:28:29  원시위도:37.496742
18:28:29  원시경도:126.958203
18:28:29  GPS채택:375
18:28:29  GPS이상치거부:62
18:28:29  GPS품질거부:50
18:28:29  GPS재기준:9
18:28:29  계산거리:8.26
18:28:29  접근속도:0.00
18:28:29  TTC:999.00
18:28:29  방향오차:145.6
18:28:29  전방여부:0
18:28:29  위험음성횟수:0
18:28:29  충격음성횟수:1
18:28:29  마지막위험음성:0
18:28:29  RSSI원시:-74
18:28:29  RSSI평활:-75.8
18:28:29  RSSI샘플:2858
18:28:29  RSSI경과ms:36
18:28:29  위험송신:2858
18:28:29  시각ms:312562
18:28:29  IMU시각ms:312562
18:28:29  위험:0
18:28:29  원시위험:0
18:28:29  GPS유효:1
18:28:29  위도:37.496739
18:28:29  경도:126.958204
18:28:29  속도:0.34
18:28:29  방향:181.1
18:28:29  이동방향유효:0
18:28:29  GPS이동방향:181.1
18:28:29  차체방향유효:1
18:28:29  차체방향:193.7
18:28:29  후진판정:0
18:28:29  IMU요회전속도:-12.03
18:28:29  방향가속도크기:23.48
18:28:29  방향자이로크기:104.07
18:28:29  방향자세cos:0.7439
18:28:29  자기모델잔차:3.93
18:28:29  자기모델반경:1.294
18:28:29  방향채택:33702
18:28:29  방향거부:4467
18:28:29  GPS원시속도:0.134
18:28:29  GPS원시방향유효:1
18:28:29  GPS원시방향:182.1
18:28:29  가속도:-1.17,-0.33,23.44
18:28:29  자이로:40.0,-94.3,18.5
18:28:29  자력계:-30.900,-26.700,0.300
18:28:29  충격값:13.97
18:28:29  충격피크:13.97
18:28:29  마지막충격발생값:44.30
18:28:29  마지막충격발생ms:308357
18:28:29  송신:2964
18:28:29  지팡이수신:2859
18:28:29  GPS위성:6
18:28:29  GPS_HDOP:2.10
18:28:29  원시위도:37.496742
18:28:29  원시경도:126.958203
18:28:29  GPS채택:375
18:28:29  GPS이상치거부:62
18:28:29  GPS품질거부:50
18:28:29  GPS재기준:9
18:28:29  계산거리:8.26
18:28:29  접근속도:0.00
18:28:29  TTC:999.00
18:28:29  방향오차:145.6
18:28:29  전방여부:0
18:28:29  위험음성횟수:0
18:28:29  충격음성횟수:1
18:28:29  마지막위험음성:0
18:28:29  RSSI원시:-77
18:28:29  RSSI평활:-76.0
18:28:29  RSSI샘플:2859
18:28:29  RSSI경과ms:43
18:28:29  위험송신:2859
18:28:30  시각ms:312878
18:28:30  IMU시각ms:312877
18:28:30  위험:0
18:28:30  원시위험:0
18:28:30  GPS유효:1
18:28:30  위도:37.496739
18:28:30  경도:126.958204
18:28:30  속도:0.34
18:28:30  방향:181.1
18:28:30  이동방향유효:0
18:28:30  GPS이동방향:181.1
18:28:30  차체방향유효:1
18:28:30  차체방향:193.5
18:28:30  후진판정:0
18:28:30  IMU요회전속도:0.00
18:28:30  방향가속도크기:4.71
18:28:30  방향자이로크기:30.86
18:28:30  방향자세cos:0.9928
18:28:30  자기모델잔차:3.04
18:28:30  자기모델반경:1.356
18:28:30  방향채택:33709
18:28:30  방향거부:4499
18:28:30  GPS원시속도:0.134
18:28:30  GPS원시방향유효:1
18:28:30  GPS원시방향:182.1
18:28:30  가속도:2.41,-0.50,4.02
18:28:30  자이로:-26.7,15.3,-1.6
18:28:30  자력계:-31.950,-27.450,1.050
18:28:30  충격값:6.93
18:28:30  충격피크:21.39
18:28:30  마지막충격발생값:44.30
18:28:30  마지막충격발생ms:308357
18:28:30  송신:2967
18:28:30  지팡이수신:2862
18:28:30  GPS위성:6
18:28:30  GPS_HDOP:2.10
18:28:30  원시위도:37.496742
18:28:30  원시경도:126.958203
18:28:30  GPS채택:375
18:28:30  GPS이상치거부:62
18:28:30  GPS품질거부:50
18:28:30  GPS재기준:9
18:28:30  계산거리:8.26
18:28:30  접근속도:0.00
18:28:30  TTC:999.00
18:28:30  방향오차:145.6
18:28:30  전방여부:0
18:28:30  위험음성횟수:0
18:28:30  충격음성횟수:1
18:28:30  마지막위험음성:0
18:28:30  RSSI원시:-81
18:28:30  RSSI평활:-76.4
18:28:30  RSSI샘플:2862
18:28:30  RSSI경과ms:47
18:28:30  위험송신:2862
18:28:31  시각ms:313816
18:28:31  IMU시각ms:313816
18:28:31  위험:0
18:28:31  원시위험:0
18:28:31  GPS유효:1
18:28:31  위도:37.496740
18:28:31  경도:126.958203
18:28:31  속도:0.24
18:28:31  방향:181.1
18:28:31  이동방향유효:0
18:28:31  GPS이동방향:181.1
18:28:31  차체방향유효:1
18:28:31  차체방향:193.9
18:28:31  후진판정:0
18:28:31  IMU요회전속도:-3.90
18:28:31  방향가속도크기:9.25
18:28:31  방향자이로크기:46.36
18:28:31  방향자세cos:0.7403
18:28:31  자기모델잔차:1.50
18:28:31  자기모델반경:1.483
18:28:31  방향채택:33722
18:28:31  방향거부:4602
18:28:31  GPS원시속도:0.242
18:28:31  GPS원시방향유효:1
18:28:31  GPS원시방향:182.1
18:28:31  가속도:-1.17,1.30,9.08
18:28:31  자이로:29.1,35.9,3.9
18:28:31  자력계:-35.850,-29.100,1.500
18:28:31  충격값:1.97
18:28:31  충격피크:12.42
18:28:31  마지막충격발생값:44.30
18:28:31  마지막충격발생ms:308357
18:28:31  송신:2976
18:28:31  지팡이수신:2870
18:28:31  GPS위성:6
18:28:31  GPS_HDOP:2.10
18:28:31  원시위도:37.496745
18:28:31  원시경도:126.958203
18:28:31  GPS채택:377
18:28:31  GPS이상치거부:62
18:28:31  GPS품질거부:50
18:28:31  GPS재기준:9
18:28:31  계산거리:7.92
18:28:31  접근속도:0.00
18:28:31  TTC:999.00
18:28:31  방향오차:144.9
18:28:31  전방여부:0
18:28:31  위험음성횟수:0
18:28:31  충격음성횟수:1
18:28:31  마지막위험음성:0
18:28:31  RSSI원시:-79
18:28:31  RSSI평활:-80.0
18:28:31  RSSI샘플:2870
18:28:31  RSSI경과ms:41
18:28:31  위험송신:2870
18:28:31  시각ms:314334
18:28:31  IMU시각ms:314334
18:28:31  위험:0
18:28:31  원시위험:0
18:28:31  GPS유효:1
18:28:31  위도:37.496741
18:28:31  경도:126.958204
18:28:31  속도:0.19
18:28:31  방향:181.1
18:28:31  이동방향유효:0
18:28:31  GPS이동방향:181.1
18:28:31  차체방향유효:1
18:28:31  차체방향:194.8
18:28:31  후진판정:0
18:28:31  IMU요회전속도:62.22
18:28:31  방향가속도크기:15.69
18:28:31  방향자이로크기:102.90
18:28:31  방향자세cos:0.9467
18:28:31  자기모델잔차:1.50
18:28:31  자기모델반경:1.483
18:28:31  방향채택:33722
18:28:31  방향거부:4664
18:28:31  GPS원시속도:0.134
18:28:31  GPS원시방향유효:1
18:28:31  GPS원시방향:182.1
18:28:31  가속도:-14.56,2.28,5.41
18:28:31  자이로:-61.0,44.1,-70.2
18:28:31  자력계:-36.000,-28.500,0.150
18:28:31  충격값:15.18
18:28:31  충격피크:40.42
18:28:31  마지막충격발생값:40.42
18:28:31  마지막충격발생ms:314250
18:28:31  송신:2981
18:28:31  지팡이수신:2875
18:28:31  GPS위성:6
18:28:31  GPS_HDOP:2.10
18:28:31  원시위도:37.496752
18:28:31  원시경도:126.958205
18:28:31  GPS채택:379
18:28:31  GPS이상치거부:62
18:28:31  GPS품질거부:50
18:28:31  GPS재기준:9
18:28:31  계산거리:8.02
18:28:31  접근속도:0.00
18:28:31  TTC:999.00
18:28:31  방향오차:138.5
18:28:31  전방여부:0
18:28:31  위험음성횟수:0
18:28:31  충격음성횟수:2
18:28:31  마지막위험음성:0
18:28:31  RSSI원시:-72
18:28:31  RSSI평활:-75.5
18:28:31  RSSI샘플:2875
18:28:31  RSSI경과ms:42
18:28:31  위험송신:2875
18:28:32  시각ms:314754
18:28:32  IMU시각ms:314754
18:28:32  위험:0
18:28:32  원시위험:0
18:28:32  GPS유효:1
18:28:32  위도:37.496741
18:28:32  경도:126.958204
18:28:32  속도:0.19
18:28:32  방향:181.1
18:28:32  이동방향유효:0
18:28:32  GPS이동방향:181.1
18:28:32  차체방향유효:1
18:28:32  차체방향:198.6
18:28:32  후진판정:0
18:28:32  IMU요회전속도:9.91
18:28:32  방향가속도크기:18.52
18:28:32  방향자이로크기:30.86
18:28:32  방향자세cos:0.9375
18:28:32  자기모델잔차:4.36
18:28:32  자기모델반경:1.758
18:28:32  방향채택:33722
18:28:32  방향거부:4716
18:28:32  GPS원시속도:0.134
18:28:32  GPS원시방향유효:1
18:28:32  GPS원시방향:182.1
18:28:32  가속도:1.97,1.54,18.35
18:28:32  자이로:7.2,-28.2,-10.3
18:28:32  자력계:-41.400,-40.350,-2.400
18:28:32  충격값:7.94
18:28:32  충격피크:11.19
18:28:32  마지막충격발생값:40.42
18:28:32  마지막충격발생ms:314250
18:28:32  송신:2985
18:28:32  지팡이수신:2879
18:28:32  GPS위성:6
18:28:32  GPS_HDOP:2.10
18:28:32  원시위도:37.496752
18:28:32  원시경도:126.958205
18:28:32  GPS채택:379
18:28:32  GPS이상치거부:62
18:28:32  GPS품질거부:50
18:28:32  GPS재기준:9
18:28:32  계산거리:8.02
18:28:32  접근속도:0.00
18:28:32  TTC:999.00
18:28:32  방향오차:138.5
18:28:32  전방여부:0
18:28:32  위험음성횟수:0
18:28:32  충격음성횟수:2
18:28:32  마지막위험음성:0
18:28:32  RSSI원시:-72
18:28:32  RSSI평활:-73.3
18:28:32  RSSI샘플:2879
18:28:32  RSSI경과ms:43
18:28:32  위험송신:2879
18:28:32  시각ms:314965
18:28:32  IMU시각ms:314964
18:28:32  위험:0
18:28:32  원시위험:0
18:28:32  GPS유효:1
18:28:32  위도:37.496742
18:28:32  경도:126.958204
18:28:32  속도:0.16
18:28:32  방향:181.1
18:28:32  이동방향유효:0
18:28:32  GPS이동방향:181.1
18:28:32  차체방향유효:1
18:28:32  차체방향:208.1
18:28:32  후진판정:0
18:28:32  IMU요회전속도:9.10
18:28:32  방향가속도크기:14.09
18:28:32  방향자이로크기:16.01
18:28:32  방향자세cos:0.9486
18:28:32  자기모델잔차:4.36
18:28:32  자기모델반경:1.758
18:28:32  방향채택:33722
18:28:32  방향거부:4742
18:28:32  GPS원시속도:0.134
18:28:32  GPS원시방향유효:1
18:28:32  GPS원시방향:182.1
18:28:32  가속도:1.84,2.41,13.76
18:28:32  자이로:11.0,-0.4,-11.6
18:28:32  자력계:-28.350,-26.550,-0.150
18:28:32  충격값:3.85
18:28:32  충격피크:23.24
18:28:32  마지막충격발생값:40.42
18:28:32  마지막충격발생ms:314250
18:28:32  송신:2987
18:28:32  지팡이수신:2881
18:28:32  GPS위성:6
18:28:32  GPS_HDOP:2.10
18:28:32  원시위도:37.496750
18:28:32  원시경도:126.958212
18:28:32  GPS채택:380
18:28:32  GPS이상치거부:62
18:28:32  GPS품질거부:50
18:28:32  GPS재기준:9
18:28:32  계산거리:8.02
18:28:32  접근속도:0.00
18:28:32  TTC:999.00
18:28:32  방향오차:138.5
18:28:32  전방여부:0
18:28:32  위험음성횟수:0
18:28:32  충격음성횟수:2
18:28:32  마지막위험음성:0
18:28:32  RSSI원시:-74
18:28:32  RSSI평활:-74.1
18:28:32  RSSI샘플:2881
18:28:32  RSSI경과ms:49
18:28:32  위험송신:2881
18:28:32  시각ms:315479
18:28:32  IMU시각ms:315479
18:28:32  위험:0
18:28:32  원시위험:0
18:28:32  GPS유효:1
18:28:32  위도:37.496743
18:28:32  경도:126.958205
18:28:32  속도:0.18
18:28:32  방향:181.1
18:28:32  이동방향유효:0
18:28:32  GPS이동방향:181.1
18:28:32  차체방향유효:1
18:28:32  차체방향:199.5
18:28:32  후진판정:0
18:28:32  IMU요회전속도:0.00
18:28:32  방향가속도크기:5.40
18:28:32  방향자이로크기:28.57
18:28:32  방향자세cos:0.9659
18:28:32  자기모델잔차:1.76
18:28:32  자기모델반경:1.261
18:28:32  방향채택:33726
18:28:32  방향거부:4803
18:28:32  GPS원시속도:0.190
18:28:32  GPS원시방향유효:1
18:28:32  GPS원시방향:182.1
18:28:32  가속도:-0.09,-0.15,5.40
18:28:32  자이로:23.7,-15.9,0.4
18:28:32  자력계:-29.850,-26.100,0.900
18:28:32  충격값:4.18
18:28:32  충격피크:18.50
18:28:32  마지막충격발생값:40.42
18:28:32  마지막충격발생ms:314250
18:28:32  송신:2992
18:28:32  지팡이수신:2884
18:28:32  GPS위성:6
18:28:32  GPS_HDOP:2.10
18:28:32  원시위도:37.496750
18:28:32  원시경도:126.958212
18:28:32  GPS채택:381
18:28:32  GPS이상치거부:62
18:28:32  GPS품질거부:50
18:28:32  GPS재기준:9
18:28:32  계산거리:7.71
18:28:32  접근속도:0.00
18:28:32  TTC:999.00
18:28:32  방향오차:136.0
18:28:32  전방여부:0
18:28:32  위험음성횟수:0
18:28:32  충격음성횟수:2
18:28:32  마지막위험음성:0
18:28:32  RSSI원시:-74
18:28:32  RSSI평활:-74.3
18:28:32  RSSI샘플:2884
18:28:32  RSSI경과ms:146
18:28:32  위험송신:2884
18:28:32  시각ms:315584
18:28:32  IMU시각ms:315584
18:28:32  위험:0
18:28:32  원시위험:0
18:28:32  GPS유효:1
18:28:32  위도:37.496743
18:28:32  경도:126.958205
18:28:32  속도:0.18
18:28:32  방향:181.1
18:28:32  이동방향유효:0
18:28:32  GPS이동방향:181.1
18:28:32  차체방향유효:1
18:28:32  차체방향:198.7
18:28:32  후진판정:0
18:28:32  IMU요회전속도:-7.62
18:28:32  방향가속도크기:10.60
18:28:32  방향자이로크기:51.30
18:28:32  방향자세cos:0.9822
18:28:32  자기모델잔차:1.98
18:28:32  자기모델반경:1.468
18:28:32  방향채택:33728
18:28:32  방향거부:4814
18:28:32  GPS원시속도:0.190
18:28:32  GPS원시방향유효:1
18:28:32  GPS원시방향:182.1
18:28:32  가속도:-6.80,3.73,7.22
18:28:32  자이로:47.9,-11.1,14.7
18:28:32  자력계:-35.700,-32.850,0.450
18:28:32  충격값:7.25
18:28:32  충격피크:21.25
18:28:32  마지막충격발생값:40.42
18:28:32  마지막충격발생ms:314250
18:28:32  송신:2993
18:28:32  지팡이수신:2885
18:28:32  GPS위성:6
18:28:32  GPS_HDOP:2.10
18:28:32  원시위도:37.496750
18:28:32  원시경도:126.958212
18:28:32  GPS채택:381
18:28:32  GPS이상치거부:62
18:28:32  GPS품질거부:50
18:28:32  GPS재기준:9
18:28:32  계산거리:7.71
18:28:32  접근속도:0.00
18:28:32  TTC:999.00
18:28:32  방향오차:136.0
18:28:32  전방여부:0
18:28:32  위험음성횟수:0
18:28:32  충격음성횟수:2
18:28:32  마지막위험음성:0
18:28:32  RSSI원시:-71
18:28:32  RSSI평활:-73.6
18:28:32  RSSI샘플:2885
18:28:32  RSSI경과ms:42
18:28:32  위험송신:2885
18:28:33  시각ms:316419
18:28:33  IMU시각ms:316419
18:28:33  위험:0
18:28:33  원시위험:0
18:28:33  GPS유효:1
18:28:33  위도:37.496744
18:28:33  경도:126.958207
18:28:33  속도:0.22
18:28:33  방향:181.1
18:28:33  이동방향유효:0
18:28:33  GPS이동방향:181.1
18:28:33  차체방향유효:1
18:28:33  차체방향:201.0
18:28:33  후진판정:0
18:28:33  IMU요회전속도:80.56
18:28:33  방향가속도크기:9.02
18:28:33  방향자이로크기:102.58
18:28:33  방향자세cos:-0.7659
18:28:33  자기모델잔차:1.32
18:28:33  자기모델반경:1.399
18:28:33  방향채택:33731
18:28:33  방향거부:4914
18:28:33  GPS원시속도:0.257
18:28:33  GPS원시방향유효:1
18:28:33  GPS원시방향:182.1
18:28:33  가속도:-0.80,-8.29,-3.47
18:28:33  자이로:-53.6,7.3,-87.1
18:28:33  자력계:-30.900,-28.350,-2.550
18:28:33  충격값:16.12
18:28:33  충격피크:22.14
18:28:33  마지막충격발생값:40.42
18:28:33  마지막충격발생ms:314250
18:28:33  송신:3001
18:28:33  지팡이수신:2892
18:28:33  GPS위성:6
18:28:33  GPS_HDOP:2.10
18:28:33  원시위도:37.496752
18:28:33  원시경도:126.958217
18:28:33  GPS채택:383
18:28:33  GPS이상치거부:62
18:28:33  GPS품질거부:50
18:28:33  GPS재기준:9
18:28:33  계산거리:7.41
18:28:33  접근속도:0.00
18:28:33  TTC:999.00
18:28:33  방향오차:132.2
18:28:33  전방여부:0
18:28:33  위험음성횟수:0
18:28:33  충격음성횟수:2
18:28:33  마지막위험음성:0
18:28:33  RSSI원시:-72
18:28:33  RSSI평활:-72.0
18:28:33  RSSI샘플:2892
18:28:33  RSSI경과ms:44
18:28:33  위험송신:2892
18:28:34  시각ms:316629
18:28:34  IMU시각ms:316629
18:28:34  위험:0
18:28:34  원시위험:0
18:28:34  GPS유효:1
18:28:34  위도:37.496744
18:28:34  경도:126.958207
18:28:34  속도:0.22
18:28:34  방향:181.1
18:28:34  이동방향유효:0
18:28:34  GPS이동방향:181.1
18:28:34  차체방향유효:1
18:28:34  차체방향:212.8
18:28:34  후진판정:0
18:28:34  IMU요회전속도:63.05
18:28:34  방향가속도크기:21.18
18:28:34  방향자이로크기:95.89
18:28:34  방향자세cos:-0.7659
18:28:34  자기모델잔차:1.32
18:28:34  자기모델반경:1.399
18:28:34  방향채택:33731
18:28:34  방향거부:4940
18:28:34  GPS원시속도:0.257
18:28:34  GPS원시방향유효:1
18:28:34  GPS원시방향:182.1
18:28:34  가속도:-2.87,9.39,18.77
18:28:34  자이로:-41.2,36.8,-78.4
18:28:34  자력계:-25.200,-27.150,0.000
18:28:34  충격값:11.78
18:28:34  충격피크:19.60
18:28:34  마지막충격발생값:40.42
18:28:34  마지막충격발생ms:314250
18:28:34  송신:3003
18:28:34  지팡이수신:2894
18:28:34  GPS위성:6
18:28:34  GPS_HDOP:2.10
18:28:34  원시위도:37.496752
18:28:34  원시경도:126.958217
18:28:34  GPS채택:383
18:28:34  GPS이상치거부:62
18:28:34  GPS품질거부:50
18:28:34  GPS재기준:9
18:28:34  계산거리:7.41
18:28:34  접근속도:0.00
18:28:34  TTC:999.00
18:28:34  방향오차:132.2
18:28:34  전방여부:0
18:28:34  위험음성횟수:0
18:28:34  충격음성횟수:2
18:28:34  마지막위험음성:0
18:28:34  RSSI원시:-74
18:28:34  RSSI평활:-72.2
18:28:34  RSSI샘플:2894
18:28:34  RSSI경과ms:47
18:28:34  위험송신:2894
18:28:34  시각ms:316734
18:28:34  IMU시각ms:316734
18:28:34  위험:0
18:28:34  원시위험:0
18:28:34  GPS유효:1
18:28:34  위도:37.496744
18:28:34  경도:126.958207
18:28:34  속도:0.22
18:28:34  방향:181.1
18:28:34  이동방향유효:0
18:28:34  GPS이동방향:181.1
18:28:34  차체방향유효:1
18:28:34  차체방향:217.1
18:28:34  후진판정:0
18:28:34  IMU요회전속도:0.00
18:28:34  방향가속도크기:15.64
18:28:34  방향자이로크기:28.14
18:28:34  방향자세cos:0.9250
18:28:34  자기모델잔차:1.32
18:28:34  자기모델반경:1.399
18:28:34  방향채택:33731
18:28:34  방향거부:4953
18:28:34  GPS원시속도:0.257
18:28:34  GPS원시방향유효:1
18:28:34  GPS원시방향:182.1
18:28:34  가속도:-4.55,5.19,14.03
18:28:34  자이로:-26.2,6.4,-8.1
18:28:34  자력계:-20.550,-24.300,-1.050
18:28:34  충격값:5.74
18:28:34  충격피크:18.49
18:28:34  마지막충격발생값:40.42
18:28:34  마지막충격발생ms:314250
18:28:34  송신:3004
18:28:34  지팡이수신:2895
18:28:34  GPS위성:6
18:28:34  GPS_HDOP:2.10
18:28:34  원시위도:37.496752
18:28:34  원시경도:126.958217
18:28:34  GPS채택:383
18:28:34  GPS이상치거부:62
18:28:34  GPS품질거부:50
18:28:34  GPS재기준:9
18:28:34  계산거리:7.41
18:28:34  접근속도:0.00
18:28:34  TTC:999.00
18:28:34  방향오차:132.2
18:28:34  전방여부:0
18:28:34  위험음성횟수:0
18:28:34  충격음성횟수:2
18:28:34  마지막위험음성:0
18:28:34  RSSI원시:-71
18:28:34  RSSI평활:-72.0
18:28:34  RSSI샘플:2895
18:28:34  RSSI경과ms:44
18:28:34  위험송신:2895
18:28:36  시각ms:318627
18:28:36  IMU시각ms:318627
18:28:36  위험:0
18:28:36  원시위험:0
18:28:36  GPS유효:1
18:28:36  위도:37.496760
18:28:36  경도:126.958216
18:28:36  속도:0.43
18:28:36  방향:181.1
18:28:36  이동방향유효:0
18:28:36  GPS이동방향:181.1
18:28:36  차체방향유효:1
18:28:36  차체방향:188.4
18:28:36  후진판정:0
18:28:36  IMU요회전속도:-4.38
18:28:36  방향가속도크기:5.06
18:28:36  방향자이로크기:48.16
18:28:36  방향자세cos:0.9438
18:28:36  자기모델잔차:3.42
18:28:36  자기모델반경:1.241
18:28:36  방향채택:33768
18:28:36  방향거부:5145
18:28:36  GPS원시속도:0.458
18:28:36  GPS원시방향유효:1
18:28:36  GPS원시방향:182.1
18:28:36  가속도:-0.51,-4.89,1.18
18:28:36  자이로:-16.6,45.0,4.2
18:28:36  자력계:-27.600,-24.900,-0.150
18:28:36  충격값:10.44
18:28:36  충격피크:10.44
18:28:36  마지막충격발생값:40.42
18:28:36  마지막충격발생ms:314250
18:28:36  송신:3022
18:28:36  지팡이수신:2913
18:28:36  GPS위성:6
18:28:36  GPS_HDOP:2.10
18:28:36  원시위도:37.496760
18:28:36  원시경도:126.958215
18:28:36  GPS채택:387
18:28:36  GPS이상치거부:62
18:28:36  GPS품질거부:50
18:28:36  GPS재기준:9
18:28:36  계산거리:6.58
18:28:36  접근속도:0.00
18:28:36  TTC:999.00
18:28:36  방향오차:110.4
18:28:36  전방여부:0
18:28:36  위험음성횟수:0
18:28:36  충격음성횟수:2
18:28:36  마지막위험음성:0
18:28:36  RSSI원시:-70
18:28:36  RSSI평활:-69.9
18:28:36  RSSI샘플:2913
18:28:36  RSSI경과ms:66
18:28:36  위험송신:2913
18:28:36  시각ms:318732
18:28:36  IMU시각ms:318732
18:28:36  위험:0
18:28:36  원시위험:0
18:28:36  GPS유효:1
18:28:36  위도:37.496760
18:28:36  경도:126.958216
18:28:36  속도:0.43
18:28:36  방향:181.1
18:28:36  이동방향유효:0
18:28:36  GPS이동방향:181.1
18:28:36  차체방향유효:1
18:28:36  차체방향:187.7
18:28:36  후진판정:0
18:28:36  IMU요회전속도:0.00
18:28:36  방향가속도크기:9.34
18:28:36  방향자이로크기:49.07
18:28:36  방향자세cos:0.6806
18:28:36  자기모델잔차:3.42
18:28:36  자기모델반경:1.241
18:28:36  방향채택:33768
18:28:36  방향거부:5158
18:28:36  GPS원시속도:0.458
18:28:36  GPS원시방향유효:1
18:28:36  GPS원시방향:182.1
18:28:36  가속도:6.85,2.33,5.90
18:28:36  자이로:-6.5,48.6,-2.5
18:28:36  자력계:-28.950,-25.950,1.050
18:28:36  충격값:8.75
18:28:36  충격피크:18.53
18:28:36  마지막충격발생값:40.42
18:28:36  마지막충격발생ms:314250
18:28:36  송신:3023
18:28:36  지팡이수신:2914
18:28:36  GPS위성:6
18:28:36  GPS_HDOP:2.10
18:28:36  원시위도:37.496760
18:28:36  원시경도:126.958215
18:28:36  GPS채택:387
18:28:36  GPS이상치거부:62
18:28:36  GPS품질거부:50
18:28:36  GPS재기준:9
18:28:36  계산거리:6.58
18:28:36  접근속도:0.00
18:28:36  TTC:999.00
18:28:36  방향오차:110.3
18:28:36  전방여부:0
18:28:36  위험음성횟수:0
18:28:36  충격음성횟수:2
18:28:36  마지막위험음성:0
18:28:36  RSSI원시:-75
18:28:36  RSSI평활:-70.9
18:28:36  RSSI샘플:2914
18:28:36  RSSI경과ms:69
18:28:36  위험송신:2914
18:28:36  시각ms:318837
18:28:36  IMU시각ms:318837
18:28:36  위험:0
18:28:36  원시위험:0
18:28:36  GPS유효:1
18:28:36  위도:37.496760
18:28:36  경도:126.958217
18:28:36  속도:0.43
18:28:36  방향:181.1
18:28:36  이동방향유효:0
18:28:36  GPS이동방향:181.1
18:28:36  차체방향유효:1
18:28:36  차체방향:190.4
18:28:36  후진판정:0
18:28:36  IMU요회전속도:-4.62
18:28:36  방향가속도크기:12.80
18:28:36  방향자이로크기:31.90
18:28:36  방향자세cos:0.8157
18:28:36  자기모델잔차:2.40
18:28:36  자기모델반경:1.233
18:28:36  방향채택:33769
18:28:36  방향거부:5170
18:28:36  GPS원시속도:0.458
18:28:36  GPS원시방향유효:1
18:28:36  GPS원시방향:182.1
18:28:36  가속도:2.72,-6.15,10.89
18:28:36  자이로:-16.8,26.6,5.2
18:28:36  자력계:-28.050,-26.550,0.150
18:28:36  충격값:7.36
18:28:36  충격피크:11.70
18:28:36  마지막충격발생값:40.42
18:28:36  마지막충격발생ms:314250
18:28:36  송신:3024
18:28:36  지팡이수신:2915
18:28:36  GPS위성:6
18:28:36  GPS_HDOP:2.10
18:28:36  원시위도:37.496760
18:28:36  원시경도:126.958215
18:28:36  GPS채택:387
18:28:36  GPS이상치거부:62
18:28:36  GPS품질거부:50
18:28:36  GPS재기준:9
18:28:36  계산거리:6.58
18:28:36  접근속도:0.00
18:28:36  TTC:999.00
18:28:36  방향오차:110.3
18:28:36  전방여부:0
18:28:36  위험음성횟수:0
18:28:36  충격음성횟수:2
18:28:36  마지막위험음성:0
18:28:36  RSSI원시:-71
18:28:36  RSSI평활:-70.9
18:28:36  RSSI샘플:2915
18:28:36  RSSI경과ms:68
18:28:36  위험송신:2915
18:28:36  시각ms:318943
18:28:36  IMU시각ms:318942
18:28:36  위험:0
18:28:36  원시위험:0
18:28:36  GPS유효:1
18:28:36  위도:37.496760
18:28:36  경도:126.958217
18:28:36  속도:0.43
18:28:36  방향:181.1
18:28:36  이동방향유효:0
18:28:36  GPS이동방향:181.1
18:28:36  차체방향유효:1
18:28:36  차체방향:189.4
18:28:36  후진판정:0
18:28:36  IMU요회전속도:-11.98
18:28:36  방향가속도크기:7.30
18:28:36  방향자이로크기:32.60
18:28:36  방향자세cos:0.9613
18:28:36  자기모델잔차:2.40
18:28:36  자기모델반경:1.233
18:28:36  방향채택:33769
18:28:36  방향거부:5183
18:28:36  GPS원시속도:0.458
18:28:36  GPS원시방향유효:1
18:28:36  GPS원시방향:182.1
18:28:36  가속도:1.56,-0.36,7.13
18:28:36  자이로:-29.6,-4.5,12.9
18:28:36  자력계:-28.650,-25.500,0.000
18:28:36  충격값:3.42
18:28:36  충격피크:10.81
18:28:36  마지막충격발생값:40.42
18:28:36  마지막충격발생ms:314250
18:28:36  송신:3025
18:28:36  지팡이수신:2916
18:28:36  GPS위성:6
18:28:36  GPS_HDOP:2.10
18:28:36  원시위도:37.496760
18:28:36  원시경도:126.958215
18:28:36  GPS채택:387
18:28:36  GPS이상치거부:62
18:28:36  GPS품질거부:50
18:28:36  GPS재기준:9
18:28:36  계산거리:6.58
18:28:36  접근속도:0.00
18:28:36  TTC:999.00
18:28:36  방향오차:110.3
18:28:36  전방여부:0
18:28:36  위험음성횟수:0
18:28:36  충격음성횟수:2
18:28:36  마지막위험음성:0
18:28:36  RSSI원시:-64
18:28:36  RSSI평활:-69.5
18:28:36  RSSI샘플:2916
18:28:36  RSSI경과ms:65
18:28:36  위험송신:2916
18:28:36  시각ms:319152
18:28:36  IMU시각ms:319152
18:28:36  위험:0
18:28:36  원시위험:0
18:28:36  GPS유효:1
18:28:36  위도:37.496764
18:28:36  경도:126.958216
18:28:36  속도:0.48
18:28:36  방향:181.1
18:28:36  이동방향유효:0
18:28:36  GPS이동방향:182.1
18:28:36  차체방향유효:1
18:28:36  차체방향:189.2
18:28:36  후진판정:0
18:28:36  IMU요회전속도:0.00
18:28:36  방향가속도크기:17.59
18:28:36  방향자이로크기:33.27
18:28:36  방향자세cos:0.9634
18:28:36  자기모델잔차:1.57
18:28:36  자기모델반경:1.290
18:28:36  방향채택:33770
18:28:36  방향거부:5206
18:28:36  GPS원시속도:0.514
18:28:36  GPS원시방향유효:1
18:28:36  GPS원시방향:182.1
18:28:36  가속도:0.18,2.59,17.40
18:28:36  자이로:9.4,-31.8,1.9
18:28:36  자력계:-28.950,-26.250,1.050
18:28:36  충격값:7.89
18:28:36  충격피크:24.45
18:28:36  마지막충격발생값:40.42
18:28:36  마지막충격발생ms:314250
18:28:36  송신:3027
18:28:36  지팡이수신:2918
18:28:36  GPS위성:5
18:28:36  GPS_HDOP:2.80
18:28:36  원시위도:37.496765
18:28:36  원시경도:126.958215
18:28:36  GPS채택:389
18:28:36  GPS이상치거부:62
18:28:36  GPS품질거부:50
18:28:36  GPS재기준:9
18:28:36  계산거리:7.20
18:28:36  접근속도:0.00
18:28:36  TTC:999.00
18:28:36  방향오차:108.5
18:28:36  전방여부:0
18:28:36  위험음성횟수:0
18:28:36  충격음성횟수:2
18:28:36  마지막위험음성:0
18:28:36  RSSI원시:-63
18:28:36  RSSI평활:-67.3
18:28:36  RSSI샘플:2918
18:28:36  RSSI경과ms:72
18:28:36  위험송신:2918
18:28:36  시각ms:319257
18:28:36  IMU시각ms:319257
18:28:36  위험:0
18:28:36  원시위험:0
18:28:36  GPS유효:1
18:28:36  위도:37.496764
18:28:36  경도:126.958216
18:28:36  속도:0.48
18:28:36  방향:181.1
18:28:36  이동방향유효:0
18:28:36  GPS이동방향:182.1
18:28:36  차체방향유효:1
18:28:36  차체방향:190.1
18:28:36  후진판정:0
18:28:36  IMU요회전속도:-4.74
18:28:36  방향가속도크기:15.19
18:28:36  방향자이로크기:35.39
18:28:36  방향자세cos:0.8157
18:28:36  자기모델잔차:2.75
18:28:36  자기모델반경:1.269
18:28:36  방향채택:33771
18:28:36  방향거부:5218
18:28:36  GPS원시속도:0.514
18:28:36  GPS원시방향유효:1
18:28:36  GPS원시방향:182.1
18:28:36  가속도:-0.82,-0.84,15.14
18:28:36  자이로:-34.5,5.0,6.2
18:28:36  자력계:-29.100,-25.650,-0.150
18:28:36  충격값:5.89
18:28:36  충격피크:9.42
18:28:36  마지막충격발생값:40.42
18:28:36  마지막충격발생ms:314250
18:28:36  송신:3028
18:28:36  지팡이수신:2919
18:28:36  GPS위성:5
18:28:36  GPS_HDOP:2.80
18:28:36  원시위도:37.496765
18:28:36  원시경도:126.958215
18:28:36  GPS채택:389
18:28:36  GPS이상치거부:62
18:28:36  GPS품질거부:50
18:28:36  GPS재기준:9
18:28:36  계산거리:7.06
18:28:36  접근속도:0.00
18:28:36  TTC:999.00
18:28:36  방향오차:107.2
18:28:36  전방여부:0
18:28:36  위험음성횟수:0
18:28:36  충격음성횟수:2
18:28:36  마지막위험음성:0
18:28:36  RSSI원시:-62
18:28:36  RSSI평활:-66.3
18:28:36  RSSI샘플:2919
18:28:36  RSSI경과ms:73
18:28:36  위험송신:2919
18:28:37  시각ms:319782
18:28:37  IMU시각ms:319782
18:28:37  위험:0
18:28:37  원시위험:0
18:28:37  GPS유효:1
18:28:37  위도:37.496764
18:28:37  경도:126.958216
18:28:37  속도:0.48
18:28:37  방향:181.1
18:28:37  이동방향유효:0
18:28:37  GPS이동방향:182.1
18:28:37  차체방향유효:1
18:28:37  차체방향:191.5
18:28:37  후진판정:0
18:28:37  IMU요회전속도:-3.23
18:28:37  방향가속도크기:18.70
18:28:37  방향자이로크기:45.67
18:28:37  방향자세cos:-0.9910
18:28:37  자기모델잔차:2.76
18:28:37  자기모델반경:1.389
18:28:37  방향채택:33773
18:28:37  방향거부:5281
18:28:37  GPS원시속도:0.514
18:28:37  GPS원시방향유효:1
18:28:37  GPS원시방향:182.1
18:28:37  가속도:-2.99,2.41,18.30
18:28:37  자이로:25.4,-37.8,3.8
18:28:37  자력계:-31.950,-27.450,1.050
18:28:37  충격값:10.45
18:28:37  충격피크:17.99
18:28:37  마지막충격발생값:40.42
18:28:37  마지막충격발생ms:314250
18:28:37  송신:3033
18:28:37  지팡이수신:2924
18:28:37  GPS위성:5
18:28:37  GPS_HDOP:2.80
18:28:37  원시위도:37.496765
18:28:37  원시경도:126.958215
18:28:37  GPS채택:389
18:28:37  GPS이상치거부:62
18:28:37  GPS품질거부:50
18:28:37  GPS재기준:9
18:28:37  계산거리:7.06
18:28:37  접근속도:0.00
18:28:37  TTC:999.00
18:28:37  방향오차:107.1
18:28:37  전방여부:0
18:28:37  위험음성횟수:0
18:28:37  충격음성횟수:2
18:28:37  마지막위험음성:0
18:28:37  RSSI원시:-62
18:28:37  RSSI평활:-63.7
18:28:37  RSSI샘플:2924
18:28:37  RSSI경과ms:78
18:28:37  위험송신:2924
18:28:37  시각ms:320301
18:28:37  IMU시각ms:320300
18:28:37  위험:0
18:28:37  원시위험:0
18:28:37  GPS유효:1
18:28:37  위도:37.496769
18:28:37  경도:126.958216
18:28:37  속도:0.50
18:28:37  방향:181.1
18:28:37  이동방향유효:0
18:28:37  GPS이동방향:182.1
18:28:37  차체방향유효:1
18:28:37  차체방향:192.6
18:28:37  후진판정:0
18:28:37  IMU요회전속도:-7.45
18:28:37  방향가속도크기:14.31
18:28:37  방향자이로크기:71.98
18:28:37  방향자세cos:0.9618
18:28:37  자기모델잔차:2.97
18:28:37  자기모델반경:1.405
18:28:37  방향채택:33780
18:28:37  방향거부:5338
18:28:37  GPS원시속도:0.514
18:28:37  GPS원시방향유효:1
18:28:37  GPS원시방향:182.1
18:28:37  가속도:0.73,5.83,13.05
18:28:37  자이로:38.3,-59.7,12.5
18:28:37  자력계:-29.850,-28.500,0.450
18:28:37  충격값:6.86
18:28:37  충격피크:8.30
18:28:37  마지막충격발생값:40.42
18:28:37  마지막충격발생ms:314250
18:28:37  송신:3038
18:28:37  지팡이수신:2928
18:28:37  GPS위성:5
18:28:37  GPS_HDOP:2.80
18:28:37  원시위도:37.496773
18:28:37  원시경도:126.958217
18:28:37  GPS채택:390
18:28:37  GPS이상치거부:62
18:28:37  GPS품질거부:50
18:28:37  GPS재기준:9
18:28:37  계산거리:6.86
18:28:37  접근속도:0.00
18:28:37  TTC:999.00
18:28:37  방향오차:99.7
18:28:37  전방여부:0
18:28:37  위험음성횟수:0
18:28:37  충격음성횟수:2
18:28:37  마지막위험음성:0
18:28:37  RSSI원시:-61
18:28:37  RSSI평활:-62.5
18:28:37  RSSI샘플:2928
18:28:37  RSSI경과ms:77
18:28:37  위험송신:2928
18:28:37  시각ms:320510
18:28:37  IMU시각ms:320510
18:28:37  위험:0
18:28:37  원시위험:0
18:28:37  GPS유효:1
18:28:37  위도:37.496771
18:28:37  경도:126.958216
18:28:37  속도:0.57
18:28:37  방향:222.5
18:28:37  이동방향유효:1
18:28:37  GPS이동방향:222.5
18:28:37  차체방향유효:1
18:28:37  차체방향:194.0
18:28:37  후진판정:0
18:28:37  IMU요회전속도:-0.51
18:28:37  방향가속도크기:14.31
18:28:37  방향자이로크기:59.35
18:28:37  방향자세cos:0.7621
18:28:37  자기모델잔차:3.17
18:28:37  자기모델반경:1.319
18:28:37  방향채택:33782
18:28:37  방향거부:5362
18:28:37  GPS원시속도:0.638
18:28:37  GPS원시방향유효:1
18:28:37  GPS원시방향:297.4
18:28:37  가속도:-0.45,3.55,13.85
18:28:37  자이로:38.3,-45.0,5.6
18:28:37  자력계:-32.400,-28.650,0.300
18:28:37  충격값:5.26
18:28:37  충격피크:15.50
18:28:37  마지막충격발생값:40.42
18:28:37  마지막충격발생ms:314250
18:28:37  송신:3040
18:28:37  지팡이수신:2930
18:28:37  GPS위성:5
18:28:37  GPS_HDOP:2.80
18:28:37  원시위도:37.496773
18:28:37  원시경도:126.958217
18:28:37  GPS채택:391
18:28:37  GPS이상치거부:62
18:28:37  GPS품질거부:50
18:28:37  GPS재기준:9
18:28:37  계산거리:6.79
18:28:37  접근속도:0.33
18:28:37  TTC:999.00
18:28:37  방향오차:55.3
18:28:37  전방여부:0
18:28:37  위험음성횟수:0
18:28:37  충격음성횟수:2
18:28:37  마지막위험음성:0
18:28:37  RSSI원시:-64
18:28:37  RSSI평활:-62.4
18:28:37  RSSI샘플:2930
18:28:37  RSSI경과ms:78
18:28:37  위험송신:2930
18:28:38  시각ms:321350
18:28:38  IMU시각ms:321350
18:28:38  위험:0
18:28:38  원시위험:0
18:28:38  GPS유효:1
18:28:38  위도:37.496779
18:28:38  경도:126.958216
18:28:38  속도:0.54
18:28:38  방향:248.7
18:28:38  이동방향유효:1
18:28:38  GPS이동방향:248.7
18:28:38  차체방향유효:1
18:28:38  차체방향:197.6
18:28:38  후진판정:0
18:28:38  IMU요회전속도:0.00
18:28:38  방향가속도크기:9.60
18:28:38  방향자이로크기:2.25
18:28:38  방향자세cos:0.9999
18:28:38  자기모델잔차:1.59
18:28:38  자기모델반경:1.423
18:28:38  방향채택:33876
18:28:38  방향거부:5370
18:28:38  GPS원시속도:0.473
18:28:38  GPS원시방향유효:1
18:28:38  GPS원시방향:297.4
18:28:38  가속도:-0.33,0.47,9.59
18:28:38  자이로:-1.4,1.5,-1.0
18:28:38  자력계:-33.900,-29.400,-0.300
18:28:38  충격값:0.35
18:28:38  충격피크:0.54
18:28:38  마지막충격발생값:40.42
18:28:38  마지막충격발생ms:314250
18:28:38  송신:3048
18:28:38  지팡이수신:2938
18:28:38  GPS위성:5
18:28:38  GPS_HDOP:2.80
18:28:38  원시위도:37.496780
18:28:38  원시경도:126.958217
18:28:38  GPS채택:393
18:28:38  GPS이상치거부:62
18:28:38  GPS품질거부:50
18:28:38  GPS재기준:9
18:28:38  계산거리:6.75
18:28:38  접근속도:0.51
18:28:38  TTC:999.00
18:28:38  방향오차:16.6
18:28:38  전방여부:0
18:28:38  위험음성횟수:0
18:28:38  충격음성횟수:2
18:28:38  마지막위험음성:0
18:28:38  RSSI원시:-58
18:28:38  RSSI평활:-60.2
18:28:38  RSSI샘플:2938
18:28:38  RSSI경과ms:83
18:28:38  위험송신:2938
18:28:38  시각ms:321560
18:28:38  IMU시각ms:321560
18:28:38  위험:0
18:28:38  원시위험:0
18:28:38  GPS유효:1
18:28:38  위도:37.496780
18:28:38  경도:126.958215
18:28:38  속도:0.54
18:28:38  방향:248.7
18:28:38  이동방향유효:1
18:28:38  GPS이동방향:248.7
18:28:38  차체방향유효:1
18:28:38  차체방향:198.0
18:28:38  후진판정:0
18:28:38  IMU요회전속도:0.79
18:28:38  방향가속도크기:9.70
18:28:38  방향자이로크기:5.26
18:28:38  방향자세cos:0.9998
18:28:38  자기모델잔차:2.88
18:28:38  자기모델반경:1.458
18:28:38  방향채택:33902
18:28:38  방향거부:5370
18:28:38  GPS원시속도:0.473
18:28:38  GPS원시방향유효:1
18:28:38  GPS원시방향:297.4
18:28:38  가속도:-0.24,0.45,9.68
18:28:38  자이로:-0.7,2.7,-4.5
18:28:38  자력계:-34.950,-28.500,0.900
18:28:38  충격값:0.12
18:28:38  충격피크:0.40
18:28:38  마지막충격발생값:40.42
18:28:38  마지막충격발생ms:314250
18:28:38  송신:3050
18:28:38  지팡이수신:2940
18:28:38  GPS위성:5
18:28:38  GPS_HDOP:2.80
18:28:38  원시위도:37.496780
18:28:38  원시경도:126.958217
18:28:38  GPS채택:393
18:28:38  GPS이상치거부:62
18:28:38  GPS품질거부:50
18:28:38  GPS재기준:9
18:28:38  계산거리:6.75
18:28:38  접근속도:0.51
18:28:38  TTC:999.00
18:28:38  방향오차:16.5
18:28:38  전방여부:0
18:28:38  위험음성횟수:0
18:28:38  충격음성횟수:2
18:28:38  마지막위험음성:0
18:28:38  RSSI원시:-65
18:28:38  RSSI평활:-62.1
18:28:38  RSSI샘플:2940
18:28:38  RSSI경과ms:88
18:28:38  위험송신:2940
