14:55:40  위험:0
14:55:40  GPS유효:1
14:55:40  위도:37.496628
14:55:40  경도:126.957924
14:55:40  속도:0.13
14:55:40  방향:180.0
14:55:40  가속도:-1.80,3.21,9.00
14:55:40  송신:18707
14:55:40  GPS위성:7
14:55:40  GPS_HDOP:1.15
14:55:40  원시위도:37.496625
14:55:40  원시경도:126.957924
14:55:40  GPS채택:2938
14:55:40  GPS이상치거부:3
14:55:40  GPS품질거부:28
14:55:40  GPS재기준:1
14:55:40  차량수신:18314
14:55:41  위험:0
14:55:41  GPS유효:1
14:55:41  위도:37.496624
14:55:41  경도:126.957924
14:55:41  속도:0.12
14:55:41  방향:180.0
14:55:41  가속도:-1.72,3.15,9.12
14:55:41  송신:18717
14:55:41  GPS위성:7
14:55:41  GPS_HDOP:1.15
14:55:41  원시위도:37.496623
14:55:41  원시경도:126.957924
14:55:41  GPS채택:2940
14:55:41  GPS이상치거부:3
14:55:41  GPS품질거부:28
14:55:41  GPS재기준:1
14:55:41  차량수신:18323
14:55:42  위험:0
14:55:42  GPS유효:1
14:55:42  위도:37.496620
14:55:42  경도:126.957924
14:55:42  속도:0.09
14:55:42  방향:180.0
14:55:42  가속도:-1.66,3.22,9.01
14:55:42  송신:18727
14:55:42  GPS위성:8
14:55:42  GPS_HDOP:1.15
14:55:42  원시위도:37.496621
14:55:42  원시경도:126.957924
14:55:42  GPS채택:2942
14:55:42  GPS이상치거부:3
14:55:42  GPS품질거부:28
14:55:42  GPS재기준:1
14:55:42  차량수신:18333
14:55:43  위험:0
14:55:43  GPS유효:1
14:55:43  위도:37.496620
14:55:43  경도:126.957924
14:55:43  속도:0.05
14:55:43  방향:180.0
14:55:44  가속도:-1.68,3.24,9.03
14:55:44  송신:18737
14:55:44  GPS위성:8
14:55:44  GPS_HDOP:1.15
14:55:44  원시위도:37.496620
14:55:44  원시경도:126.957925
14:55:44  GPS채택:2944
14:55:44  GPS이상치거부:3
14:55:44  GPS품질거부:28
14:55:44  GPS재기준:1
14:55:44  차량수신:18343
14:55:44  위험:0
14:55:44  GPS유효:1
14:55:44  위도:37.496620
14:55:44  경도:126.957924
14:55:45  속도:0.04
14:55:45  방향:180.0
14:55:45  가속도:-1.77,3.20,9.14
14:55:45  송신:18746
14:55:45  GPS위성:8
14:55:45  GPS_HDOP:1.15
14:55:45  원시위도:37.496618
14:55:45  원시경도:126.957926
14:55:45  GPS채택:2946
14:55:45  GPS이상치거부:3
14:55:45  GPS품질거부:28
14:55:45  GPS재기준:1
14:55:45  차량수신:18353
14:55:45  위험:0
14:55:45  GPS유효:1
14:55:45  위도:37.496613
14:55:46  경도:126.957924
14:55:46  속도:0.18
14:55:46  방향:180.0
14:55:46  가속도:-1.72,3.18,9.10
14:55:46  송신:18756
14:55:46  GPS위성:8
14:55:46  GPS_HDOP:1.15
14:55:46  원시위도:37.496614
14:55:46  원시경도:126.957926
14:55:46  GPS채택:2948
14:55:46  GPS이상치거부:3
14:55:46  GPS품질거부:28
14:55:46  GPS재기준:1
14:55:46  차량수신:18362
14:55:46  위험:0
14:55:46  GPS유효:1
14:55:46  위도:37.496613
14:55:46  경도:126.957924
14:55:46  속도:0.17
14:55:46  방향:180.0
14:55:46  가속도:-1.77,3.24,9.11
14:55:46  송신:18766
14:55:46  GPS위성:8
14:55:46  GPS_HDOP:1.15
14:55:46  원시위도:37.496611
14:55:46  원시경도:126.957927
14:55:46  GPS채택:2950
14:55:46  GPS이상치거부:3
14:55:46  GPS품질거부:28
14:55:46  GPS재기준:1
14:55:46  차량수신:18372
14:55:47  위험:1
14:55:47  GPS유효:1
14:55:47  위도:37.496609
14:55:47  경도:126.957924
14:55:47  속도:0.22
14:55:47  방향:180.0
14:55:48  가속도:11.71,-7.79,13.91
14:55:48  송신:18776
14:55:48  GPS위성:7
14:55:48  GPS_HDOP:1.15
14:55:48  원시위도:37.496609
14:55:48  원시경도:126.957927
14:55:48  GPS채택:2952
14:55:48  GPS이상치거부:3
14:55:48  GPS품질거부:28
14:55:48  GPS재기준:1
14:55:48  차량수신:18382
14:55:48  위험:1
14:55:48  GPS유효:1
14:55:48  위도:37.496605
14:55:48  경도:126.957924
14:55:48  속도:0.19
14:55:48  방향:180.0
14:55:48  가속도:-1.76,3.11,8.94
14:55:48  송신:18786
14:55:48  GPS위성:8
14:55:48  GPS_HDOP:1.15
14:55:48  원시위도:37.496606
14:55:48  원시경도:126.957927
14:55:48  GPS채택:2954
14:55:48  GPS이상치거부:3
14:55:49  GPS품질거부:28
14:55:49  GPS재기준:1
14:55:49  차량수신:18391
14:55:49  위험:1
14:55:50  GPS유효:1
14:55:50  위도:37.496605
14:55:50  경도:126.957924
14:55:50  속도:0.09
14:55:50  방향:180.0
14:55:50  가속도:-16.25,14.86,8.81
14:55:50  송신:18795
14:55:50  GPS위성:8
14:55:50  GPS_HDOP:1.15
14:55:50  원시위도:37.496604
14:55:50  원시경도:126.957927
14:55:50  GPS채택:2956
14:55:50  GPS이상치거부:3
14:55:50  GPS품질거부:28
14:55:50  GPS재기준:1
14:55:50  차량수신:18401
14:55:50  위험:1
14:55:50  GPS유효:1
14:55:50  위도:37.496601
14:55:50  경도:126.957932
14:55:50  속도:0.09
14:55:50  방향:180.0
14:55:50  가속도:-1.70,3.10,9.06
14:55:50  송신:18805
14:55:50  GPS위성:8
14:55:50  GPS_HDOP:1.15
14:55:50  원시위도:37.496601
14:55:50  원시경도:126.957928
14:55:50  GPS채택:2958
14:55:51  GPS이상치거부:3
14:55:51  GPS품질거부:28
14:55:51  GPS재기준:1
14:55:51  차량수신:18411
14:55:51  위험:1
14:55:51  GPS유효:1
14:55:51  위도:37.496597
14:55:51  경도:126.957932
14:55:51  속도:0.05
14:55:51  방향:180.0
14:55:51  가속도:-2.10,0.38,4.36
14:55:52  송신:18815
14:55:52  GPS위성:8
14:55:52  GPS_HDOP:1.09
14:55:52  원시위도:37.496597
14:55:52  원시경도:126.957928
14:55:52  GPS채택:2960
14:55:52  GPS이상치거부:3
14:55:52  GPS품질거부:28
14:55:52  GPS재기준:1
14:55:52  차량수신:18420
14:55:52  위험:1
14:55:52  GPS유효:1
14:55:52  위도:37.496593
14:55:52  경도:126.957932
14:55:52  속도:0.05
14:55:52  방향:180.0
14:55:52  가속도:-1.62,3.11,9.03
14:55:52  송신:18825
14:55:52  GPS위성:8
14:55:53  GPS_HDOP:1.09
14:55:53  원시위도:37.496594
14:55:53  원시경도:126.957928
14:55:53  GPS채택:2962
14:55:53  GPS이상치거부:3
14:55:53  GPS품질거부:28
14:55:53  GPS재기준:1
14:55:53  차량수신:18430
14:55:53  위험:1
14:55:53  GPS유효:1
14:55:53  위도:37.496590
14:55:53  경도:126.957932
14:55:54  속도:0.05
14:55:54  방향:180.0
14:55:54  가속도:19.61,-4.89,19.61
14:55:54  송신:18834
14:55:54  GPS위성:8
14:55:54  GPS_HDOP:1.09
14:55:54  원시위도:37.496590
14:55:54  원시경도:126.957929
14:55:54  GPS채택:2964
14:55:54  GPS이상치거부:3
14:55:54  GPS품질거부:28
14:55:54  GPS재기준:1
14:55:54  차량수신:18440
14:55:54  위험:0
14:55:55  GPS유효:1
14:55:55  위도:37.496590
14:55:55  경도:126.957932
14:55:55  속도:0.08
14:55:55  방향:180.0
14:55:55  가속도:-1.72,3.18,9.07
14:55:55  송신:18844
14:55:55  GPS위성:8
14:55:55  GPS_HDOP:1.09
14:55:55  원시위도:37.496587
14:55:55  원시경도:126.957930
14:55:55  GPS채택:2966
14:55:55  GPS이상치거부:3
14:55:55  GPS품질거부:28
14:55:55  GPS재기준:1
14:55:55  차량수신:18450
14:55:56  위험:1
14:55:56  GPS유효:1
14:55:56  위도:37.496586
14:55:56  경도:126.957932
14:55:56  속도:0.05
14:55:56  방향:180.0
14:55:56  가속도:-1.87,3.14,8.99
14:55:56  송신:18854
14:55:56  GPS위성:8
14:55:56  GPS_HDOP:1.09
14:55:56  원시위도:37.496585
14:55:56  원시경도:126.957931
14:55:56  GPS채택:2968
14:55:56  GPS이상치거부:3
14:55:56  GPS품질거부:28
14:55:56  GPS재기준:1
14:55:56  차량수신:18459
14:55:56  위험:1
14:55:56  GPS유효:1
14:55:56  위도:37.496586
14:55:56  경도:126.957932
14:55:56  속도:0.07
14:55:57  방향:180.0
14:55:57  가속도:-1.73,3.21,9.05
14:55:57  송신:18864
14:55:57  GPS위성:8
14:55:57  GPS_HDOP:1.09
14:55:57  원시위도:37.496585
14:55:57  원시경도:126.957933
14:55:57  GPS채택:2970
14:55:57  GPS이상치거부:3
14:55:57  GPS품질거부:28
14:55:57  GPS재기준:1
14:55:57  차량수신:18469
14:55:57  위험:1
14:55:57  GPS유효:1
14:55:57  위도:37.496582
14:55:57  경도:126.957932
14:55:57  속도:0.06
14:55:57  방향:180.0
14:55:58  가속도:-1.71,3.30,9.08
14:55:58  송신:18874
14:55:58  GPS위성:8
14:55:58  GPS_HDOP:1.09
14:55:58  원시위도:37.496583
14:55:58  원시경도:126.957933
14:55:58  GPS채택:2972
14:55:58  GPS이상치거부:3
14:55:58  GPS품질거부:28
14:55:58  GPS재기준:1
14:55:58  차량수신:18479
14:55:58  위험:1
14:55:59  GPS유효:1
14:55:59  위도:37.496582
14:55:59  경도:126.957932
14:55:59  속도:0.06
14:55:59  방향:180.0
14:55:59  가속도:-1.79,3.22,9.05
14:55:59  송신:18883
14:55:59  GPS위성:8
14:55:59  GPS_HDOP:1.09
14:55:59  원시위도:37.496583
14:55:59  원시경도:126.957934
14:55:59  GPS채택:2974
14:55:59  GPS이상치거부:3
14:55:59  GPS품질거부:28
14:55:59  GPS재기준:1
14:55:59  차량수신:18489
14:56:00  위험:0
14:56:00  GPS유효:1
14:56:00  위도:37.496582
14:56:00  경도:126.957932
14:56:00  속도:0.07
14:56:00  방향:180.0
14:56:00  가속도:-1.71,3.21,9.07
14:56:00  송신:18893
14:56:00  GPS위성:8
14:56:00  GPS_HDOP:1.09
14:56:00  원시위도:37.496582
14:56:00  원시경도:126.957935
14:56:00  GPS채택:2976
14:56:00  GPS이상치거부:3
14:56:00  GPS품질거부:28
14:56:00  GPS재기준:1
14:56:00  차량수신:18498
14:56:01  위험:0
14:56:01  GPS유효:1
14:56:01  위도:37.496582
14:56:01  경도:126.957932
14:56:01  속도:0.06
14:56:01  방향:180.0
14:56:01  가속도:-1.70,3.16,8.99
14:56:01  송신:18903
14:56:01  GPS위성:8
14:56:01  GPS_HDOP:1.09
14:56:01  원시위도:37.496581
14:56:01  원시경도:126.957936
14:56:01  GPS채택:2978
14:56:01  GPS이상치거부:3
14:56:01  GPS품질거부:28
14:56:01  GPS재기준:1
14:56:01  차량수신:18508
14:56:03  위험:0
14:56:03  GPS유효:1
14:56:04  위도:37.496586
14:56:04  경도:126.957939
14:56:04  속도:0.05
14:56:04  방향:180.0
14:56:04  가속도:-2.23,2.53,4.61
14:56:04  송신:18932
14:56:04  GPS위성:7
14:56:04  GPS_HDOP:1.15
14:56:04  원시위도:37.496585
14:56:04  원시경도:126.957938
14:56:04  GPS채택:2984
14:56:04  GPS이상치거부:3
14:56:04  GPS품질거부:28
14:56:04  GPS재기준:1
14:56:04  차량수신:18537
14:56:05  위험:0
14:56:05  GPS유효:1
14:56:05  위도:37.496586
14:56:05  경도:126.957939
14:56:05  속도:0.04
14:56:05  방향:180.0
14:56:05  가속도:-1.74,3.16,9.07
14:56:05  송신:18942
14:56:05  GPS위성:7
14:56:05  GPS_HDOP:1.15
14:56:05  원시위도:37.496585
14:56:05  원시경도:126.957939
14:56:05  GPS채택:2986
14:56:05  GPS이상치거부:3
14:56:05  GPS품질거부:28
14:56:05  GPS재기준:1
14:56:05  차량수신:18547
14:56:07  위험:0
14:56:07  GPS유효:1
14:56:07  위도:37.496586
14:56:07  경도:126.957939
14:56:07  속도:0.05
14:56:07  방향:180.0
14:56:07  가속도:-1.61,3.24,9.05
14:56:07  송신:18962
14:56:07  GPS위성:8
14:56:07  GPS_HDOP:1.15
14:56:07  원시위도:37.496586
14:56:07  원시경도:126.957941
14:56:07  GPS채택:2990
14:56:07  GPS이상치거부:3
14:56:07  GPS품질거부:28
14:56:07  GPS재기준:1
14:56:07  차량수신:18567
14:56:08  위험:0
14:56:08  GPS유효:1
14:56:08  위도:37.496586
14:56:08  경도:126.957939
14:56:08  속도:0.06
14:56:08  방향:180.0
14:56:08  가속도:-1.70,3.20,9.23
14:56:08  송신:18972
14:56:08  GPS위성:7
14:56:08  GPS_HDOP:1.15
14:56:08  원시위도:37.496586
14:56:08  원시경도:126.957943
14:56:08  GPS채택:2992
14:56:08  GPS이상치거부:3
14:56:08  GPS품질거부:28
14:56:08  GPS재기준:1
14:56:08  차량수신:18576
14:56:09  위험:1
14:56:09  GPS유효:1
14:56:09  위도:37.496590
14:56:09  경도:126.957947
14:56:09  속도:0.04
14:56:09  방향:180.0
14:56:09  가속도:-1.62,3.18,8.38
14:56:09  송신:18981
14:56:09  GPS위성:8
14:56:09  GPS_HDOP:1.15
14:56:09  원시위도:37.496588
14:56:09  원시경도:126.957944
14:56:09  GPS채택:2994
14:56:09  GPS이상치거부:3
14:56:09  GPS품질거부:28
14:56:09  GPS재기준:1
14:56:09  차량수신:18586
14:56:09  위험:0
14:56:10  GPS유효:1
14:56:10  위도:37.496590
14:56:10  경도:126.957947
14:56:10  속도:0.04
14:56:10  방향:180.0
14:56:10  가속도:-1.53,3.23,8.99
14:56:10  송신:18991
14:56:10  GPS위성:8
14:56:10  GPS_HDOP:1.15
14:56:10  원시위도:37.496590
14:56:10  원시경도:126.957946
14:56:10  GPS채택:2996
14:56:10  GPS이상치거부:3
14:56:10  GPS품질거부:28
14:56:10  GPS재기준:1
14:56:10  차량수신:18596
