14:55:41  위험:0
14:55:41  GPS유효:1
14:55:41  위도:37.496754
14:55:41  경도:126.958004
14:55:41  속도:0.36
14:55:41  방향:39.1
14:55:41  가속도:-0.13,1.29,9.61
14:55:41  자이로:-2.4,1.8,-2.2
14:55:41  충격값:0.20
14:55:41  송신:21959
14:55:41  지팡이수신:21713
14:55:41  GPS위성:4
14:55:41  GPS_HDOP:2.70
14:55:41  원시위도:37.496753
14:55:41  원시경도:126.958003
14:55:41  GPS채택:2850
14:55:41  GPS이상치거부:4
14:55:41  GPS품질거부:291
14:55:41  GPS재기준:1
14:55:41  위험송신:21713
14:55:42  위험:0
14:55:42  GPS유효:1
14:55:42  위도:37.496747
14:55:42  경도:126.957997
14:55:42  속도:0.52
14:55:42  방향:39.1
14:55:42  가속도:-0.06,1.67,9.86
14:55:42  자이로:-0.3,-1.3,-2.5
14:55:42  충격값:0.88
14:55:42  송신:21969
14:55:42  지팡이수신:21723
14:55:42  GPS위성:4
14:55:42  GPS_HDOP:2.70
14:55:42  원시위도:37.496747
14:55:42  원시경도:126.957997
14:55:42  GPS채택:2852
14:55:42  GPS이상치거부:4
14:55:42  GPS품질거부:291
14:55:42  GPS재기준:1
14:55:42  위험송신:21723
14:55:43  위험:0
14:55:43  GPS유효:1
14:55:43  위도:37.496740
14:55:43  경도:126.957982
14:55:43  속도:0.42
14:55:43  방향:39.1
14:55:43  가속도:0.44,3.32,9.93
14:55:43  자이로:-3.0,-0.6,-0.9
14:55:43  충격값:2.89
14:55:43  송신:21978
14:55:43  지팡이수신:21733
14:55:43  GPS위성:4
14:55:43  GPS_HDOP:2.70
14:55:43  원시위도:37.496740
14:55:43  원시경도:126.957982
14:55:43  GPS채택:2854
14:55:43  GPS이상치거부:4
14:55:43  GPS품질거부:291
14:55:43  GPS재기준:1
14:55:43  위험송신:21733
14:55:44  위험:0
14:55:44  GPS유효:1
14:55:44  위도:37.496734
14:55:44  경도:126.957968
14:55:44  속도:0.35
14:55:44  방향:39.1
14:55:44  가속도:-0.24,1.18,9.55
14:55:44  자이로:-0.4,1.3,-1.7
14:55:44  충격값:0.31
14:55:44  송신:21988
14:55:44  지팡이수신:21743
14:55:44  GPS위성:4
14:55:44  GPS_HDOP:2.70
14:55:44  원시위도:37.496733
14:55:44  원시경도:126.957965
14:55:44  GPS채택:2855
14:55:44  GPS이상치거부:4
14:55:44  GPS품질거부:291
14:55:44  GPS재기준:1
14:55:44  위험송신:21743
14:55:45  위험:0
14:55:45  GPS유효:1
14:55:45  위도:37.496727
14:55:45  경도:126.957950
14:55:45  속도:0.36
14:55:45  방향:39.1
14:55:45  가속도:-0.23,1.29,9.53
14:55:45  자이로:-0.8,0.3,-1.6
14:55:45  충격값:0.08
14:55:45  송신:21998
14:55:45  지팡이수신:21753
14:55:45  GPS위성:4
14:55:45  GPS_HDOP:2.70
14:55:45  원시위도:37.496727
14:55:45  원시경도:126.957950
14:55:45  GPS채택:2858
14:55:45  GPS이상치거부:4
14:55:45  GPS품질거부:291
14:55:45  GPS재기준:1
14:55:45  위험송신:21753
14:55:46  위험:0
14:55:46  GPS유효:1
14:55:46  위도:37.496723
14:55:46  경도:126.957935
14:55:46  속도:0.33
14:55:46  방향:39.1
14:55:46  가속도:-0.12,1.34,9.56
14:55:46  자이로:-0.2,0.7,0.2
14:55:46  충격값:0.08
14:55:46  송신:22008
14:55:46  지팡이수신:21762
14:55:46  GPS위성:4
14:55:46  GPS_HDOP:2.70
14:55:46  원시위도:37.496723
14:55:46  원시경도:126.957935
14:55:46  GPS채택:2860
14:55:46  GPS이상치거부:4
14:55:46  GPS품질거부:291
14:55:46  GPS재기준:1
14:55:46  위험송신:21762
14:55:47  위험:0
14:55:47  GPS유효:1
14:55:47  위도:37.496720
14:55:47  경도:126.957913
14:55:47  속도:0.27
14:55:47  방향:39.1
14:55:47  가속도:-0.27,1.13,9.54
14:55:47  자이로:2.1,0.6,-2.5
14:55:47  충격값:0.18
14:55:47  송신:22017
14:55:47  지팡이수신:21772
14:55:47  GPS위성:4
14:55:47  GPS_HDOP:2.70
14:55:47  원시위도:37.496720
14:55:47  원시경도:126.957912
14:55:47  GPS채택:2862
14:55:47  GPS이상치거부:4
14:55:47  GPS품질거부:291
14:55:47  GPS재기준:1
14:55:47  위험송신:21772
14:55:48  위험:0
14:55:48  GPS유효:1
14:55:48  위도:37.496714
14:55:48  경도:126.957894
14:55:48  속도:0.27
14:55:48  방향:39.1
14:55:48  가속도:-0.12,0.42,8.07
14:55:48  자이로:3.6,-1.2,1.2
14:55:48  충격값:1.64
14:55:48  송신:22027
14:55:48  지팡이수신:21782
14:55:48  GPS위성:4
14:55:48  GPS_HDOP:2.70
14:55:48  원시위도:37.496713
14:55:48  원시경도:126.957893
14:55:48  GPS채택:2864
14:55:48  GPS이상치거부:4
14:55:48  GPS품질거부:291
14:55:48  GPS재기준:1
14:55:48  위험송신:21782
14:55:49  위험:0
14:55:49  GPS유효:1
14:55:49  위도:37.496713
14:55:49  경도:126.957882
14:55:49  속도:0.32
14:55:49  방향:39.1
14:55:49  가속도:-4.80,-5.31,8.18
14:55:49  자이로:38.3,-5.3,-3.1
14:55:49  충격값:7.92
14:55:49  송신:22037
14:55:49  지팡이수신:21792
14:55:49  GPS위성:4
14:55:49  GPS_HDOP:2.70
14:55:49  원시위도:37.496713
14:55:49  원시경도:126.957882
14:55:49  GPS채택:2866
14:55:49  GPS이상치거부:4
14:55:49  GPS품질거부:291
14:55:49  GPS재기준:1
14:55:49  위험송신:21792
14:55:50  위험:0
14:55:50  GPS유효:1
14:55:50  위도:37.496726
14:55:50  경도:126.957889
14:55:50  속도:0.27
14:55:50  방향:39.1
14:55:50  가속도:3.39,1.19,6.67
14:55:50  자이로:-18.6,1.1,5.1
14:55:50  충격값:4.47
14:55:50  송신:22046
14:55:50  지팡이수신:21802
14:55:50  GPS위성:4
14:55:50  GPS_HDOP:2.70
14:55:50  원시위도:37.496727
14:55:50  원시경도:126.957890
14:55:50  GPS채택:2868
14:55:50  GPS이상치거부:4
14:55:50  GPS품질거부:291
14:55:50  GPS재기준:1
14:55:50  위험송신:21802
14:55:51  위험:0
14:55:51  GPS유효:1
14:55:51  위도:37.496728
14:55:51  경도:126.957892
14:55:51  속도:0.17
14:55:51  방향:39.1
14:55:51  가속도:-3.94,-10.33,6.02
14:55:51  자이로:11.6,-8.2,-1.2
14:55:51  충격값:12.28
14:55:51  송신:22056
14:55:51  지팡이수신:21811
14:55:51  GPS위성:4
14:55:51  GPS_HDOP:2.70
14:55:51  원시위도:37.496728
14:55:51  원시경도:126.957892
14:55:51  GPS채택:2870
14:55:51  GPS이상치거부:4
14:55:51  GPS품질거부:291
14:55:51  GPS재기준:1
14:55:51  위험송신:21811
14:55:52  위험:0
14:55:52  GPS유효:1
14:55:52  위도:37.496722
14:55:52  경도:126.957889
14:55:52  속도:0.18
14:55:52  방향:39.1
14:55:52  가속도:3.82,2.02,6.82
14:55:52  자이로:-32.6,5.3,7.4
14:55:52  충격값:4.79
14:55:52  송신:22066
14:55:52  지팡이수신:21821
14:55:52  GPS위성:4
14:55:52  GPS_HDOP:2.70
14:55:52  원시위도:37.496722
14:55:52  원시경도:126.957888
14:55:52  GPS채택:2872
14:55:52  GPS이상치거부:4
14:55:52  GPS품질거부:291
14:55:52  GPS재기준:1
14:55:52  위험송신:21821
14:55:53  위험:0
14:55:53  GPS유효:1
14:55:53  위도:37.496720
14:55:53  경도:126.957894
14:55:53  속도:0.20
14:55:53  방향:39.1
14:55:53  가속도:-0.87,-0.10,16.09
14:55:53  자이로:-18.9,7.2,-1.8
14:55:53  충격값:6.18
14:55:53  송신:22076
14:55:53  지팡이수신:21831
14:55:53  GPS위성:4
14:55:53  GPS_HDOP:2.70
14:55:53  원시위도:37.496720
14:55:53  원시경도:126.957895
14:55:53  GPS채택:2874
14:55:53  GPS이상치거부:4
14:55:53  GPS품질거부:291
14:55:53  GPS재기준:1
14:55:53  위험송신:21831
14:55:54  위험:0
14:55:54  GPS유효:1
14:55:54  위도:37.496720
14:55:54  경도:126.957897
14:55:54  속도:0.28
14:55:54  방향:39.1
14:55:54  가속도:-6.22,-3.02,12.64
14:55:54  자이로:21.0,-4.7,-2.7
14:55:54  충격값:7.97
14:55:54  송신:22085
14:55:54  지팡이수신:21841
14:55:54  GPS위성:4
14:55:54  GPS_HDOP:2.70
14:55:54  원시위도:37.496720
14:55:54  원시경도:126.957897
14:55:54  GPS채택:2876
14:55:54  GPS이상치거부:4
14:55:54  GPS품질거부:291
14:55:54  GPS재기준:1
14:55:54  위험송신:21841
14:55:55  위험:0
14:55:55  GPS유효:1
14:55:55  위도:37.496726
14:55:55  경도:126.957909
14:55:55  속도:0.18
14:55:55  방향:39.1
14:55:55  가속도:-1.09,0.02,10.86
14:55:55  자이로:11.7,-3.0,2.3
14:55:55  충격값:2.00
14:55:55  송신:22095
14:55:55  지팡이수신:21851
14:55:55  GPS위성:4
14:55:55  GPS_HDOP:2.70
14:55:55  원시위도:37.496727
14:55:55  원시경도:126.957910
14:55:55  GPS채택:2878
14:55:55  GPS이상치거부:4
14:55:55  GPS품질거부:291
14:55:55  GPS재기준:1
14:55:55  위험송신:21851
14:55:56  위험:0
14:55:56  GPS유효:1
14:55:56  위도:37.496728
14:55:56  경도:126.957916
14:55:56  속도:0.18
14:55:56  방향:39.1
14:55:56  가속도:-0.14,1.24,9.45
14:55:56  자이로:1.6,-0.4,0.6
14:55:56  충격값:0.42
14:55:56  송신:22105
14:55:56  지팡이수신:21860
14:55:56  GPS위성:4
14:55:56  GPS_HDOP:2.70
14:55:56  원시위도:37.496728
14:55:56  원시경도:126.957917
14:55:56  GPS채택:2880
14:55:56  GPS이상치거부:4
14:55:56  GPS품질거부:291
14:55:56  GPS재기준:1
14:55:56  위험송신:21860
14:55:57  위험:0
14:55:57  GPS유효:1
14:55:57  위도:37.496727
14:55:57  경도:126.957912
14:55:57  속도:0.15
14:55:57  방향:39.1
14:55:57  가속도:-0.06,0.74,8.37
14:55:57  자이로:3.0,-3.6,1.6
14:55:57  충격값:0.87
14:55:57  송신:22115
14:55:57  지팡이수신:21870
14:55:57  GPS위성:4
14:55:57  GPS_HDOP:2.70
14:55:57  원시위도:37.496727
14:55:57  원시경도:126.957912
14:55:57  GPS채택:2882
14:55:57  GPS이상치거부:4
14:55:57  GPS품질거부:291
14:55:57  GPS재기준:1
14:55:57  위험송신:21870
14:55:58  위험:1
14:55:58  GPS유효:1
14:55:58  위도:37.496724
14:55:58  경도:126.957904
14:55:58  속도:0.13
14:55:58  방향:39.1
14:55:58  가속도:-1.03,9.16,19.61
14:55:58  자이로:-7.8,0.7,-6.3
14:55:58  충격값:12.94
14:55:58  송신:22124
14:55:58  지팡이수신:21880
14:55:58  GPS위성:4
14:55:58  GPS_HDOP:2.70
14:55:58  원시위도:37.496723
14:55:58  원시경도:126.957903
14:55:58  GPS채택:2884
14:55:58  GPS이상치거부:4
14:55:58  GPS품질거부:291
14:55:58  GPS재기준:1
14:55:58  위험송신:21880
14:55:59  위험:1
14:55:59  GPS유효:1
14:55:59  위도:37.496723
14:55:59  경도:126.957900
14:55:59  속도:0.13
14:55:59  방향:39.1
14:55:59  가속도:-3.00,-15.86,-9.69
14:55:59  자이로:56.9,-10.0,1.5
14:55:59  충격값:25.27
14:55:59  송신:22134
14:55:59  지팡이수신:21890
14:55:59  GPS위성:4
14:55:59  GPS_HDOP:2.70
14:55:59  원시위도:37.496723
14:55:59  원시경도:126.957900
14:55:59  GPS채택:2886
14:55:59  GPS이상치거부:4
14:55:59  GPS품질거부:291
14:55:59  GPS재기준:1
14:55:59  위험송신:21890
14:56:00  위험:0
14:56:00  GPS유효:1
14:56:00  위도:37.496722
14:56:00  경도:126.957892
14:56:00  속도:0.19
14:56:00  방향:39.1
14:56:00  가속도:-0.29,4.63,9.03
14:56:00  자이로:-0.5,0.4,-0.8
14:56:00  충격값:3.77
14:56:00  송신:22144
14:56:00  지팡이수신:21900
14:56:00  GPS위성:4
14:56:00  GPS_HDOP:2.70
14:56:00  원시위도:37.496722
14:56:00  원시경도:126.957892
14:56:00  GPS채택:2888
14:56:00  GPS이상치거부:4
14:56:00  GPS품질거부:291
14:56:00  GPS재기준:1
14:56:00  위험송신:21900
14:56:01  위험:0
14:56:01  GPS유효:1
14:56:01  위도:37.496713
14:56:01  경도:126.957881
14:56:01  속도:0.28
14:56:01  방향:39.1
14:56:01  가속도:-1.16,4.36,12.71
14:56:01  자이로:-9.7,1.9,-2.5
14:56:01  충격값:5.28
14:56:01  송신:22154
14:56:01  지팡이수신:21909
14:56:01  GPS위성:4
14:56:01  GPS_HDOP:2.70
14:56:01  원시위도:37.496713
14:56:01  원시경도:126.957882
14:56:01  GPS채택:2890
14:56:01  GPS이상치거부:4
14:56:01  GPS품질거부:291
14:56:01  GPS재기준:1
14:56:01  위험송신:21909
14:56:03  위험:0
14:56:03  GPS유효:1
14:56:03  위도:37.496702
14:56:03  경도:126.957854
14:56:03  속도:0.51
14:56:03  방향:39.1
14:56:03  가속도:-0.50,-2.86,2.52
14:56:03  자이로:-17.9,-0.2,-2.9
14:56:03  충격값:7.78
14:56:03  송신:22173
14:56:03  지팡이수신:21929
14:56:03  GPS위성:4
14:56:03  GPS_HDOP:2.70
14:56:03  원시위도:37.496702
14:56:03  원시경도:126.957855
14:56:03  GPS채택:2894
14:56:03  GPS이상치거부:4
14:56:03  GPS품질거부:291
14:56:03  GPS재기준:1
14:56:03  위험송신:21929
14:56:04  위험:0
14:56:04  GPS유효:1
14:56:04  위도:37.496694
14:56:04  경도:126.957846
14:56:04  속도:0.52
14:56:04  방향:39.1
14:56:04  가속도:1.94,-0.21,6.51
14:56:04  자이로:-28.8,4.8,3.0
14:56:04  충격값:3.69
14:56:04  송신:22183
14:56:04  지팡이수신:21939
14:56:04  GPS위성:4
14:56:04  GPS_HDOP:2.70
14:56:04  원시위도:37.496693
14:56:04  원시경도:126.957847
14:56:04  GPS채택:2896
14:56:04  GPS이상치거부:4
14:56:04  GPS품질거부:291
14:56:04  GPS재기준:1
14:56:04  위험송신:21939
14:56:07  위험:0
14:56:07  GPS유효:1
14:56:07  위도:37.496685
14:56:07  경도:126.957848
14:56:07  속도:0.27
14:56:07  방향:39.1
14:56:07  가속도:-0.10,1.18,9.58
14:56:07  자이로:3.9,0.3,-0.3
14:56:07  충격값:0.42
14:56:07  송신:22212
14:56:07  지팡이수신:21968
14:56:07  GPS위성:4
14:56:07  GPS_HDOP:2.70
14:56:07  원시위도:37.496685
14:56:07  원시경도:126.957848
14:56:07  GPS채택:2902
14:56:07  GPS이상치거부:4
14:56:07  GPS품질거부:291
14:56:07  GPS재기준:1
14:56:07  위험송신:21968
14:56:08  위험:1
14:56:08  GPS유효:1
14:56:08  위도:37.496690
14:56:08  경도:126.957851
14:56:08  속도:0.17
14:56:08  방향:39.1
14:56:08  가속도:-0.22,1.27,9.55
14:56:08  자이로:-0.7,-3.2,-2.7
14:56:08  충격값:0.15
14:56:08  송신:22222
14:56:08  지팡이수신:21978
14:56:08  GPS위성:4
14:56:08  GPS_HDOP:2.70
14:56:08  원시위도:37.496690
14:56:08  원시경도:126.957852
14:56:08  GPS채택:2904
14:56:08  GPS이상치거부:4
14:56:08  GPS품질거부:291
14:56:08  GPS재기준:1
14:56:08  위험송신:21978
14:56:09  위험:0
14:56:09  GPS유효:1
14:56:09  위도:37.496689
14:56:09  경도:126.957853
14:56:09  속도:0.16
14:56:09  방향:39.1
14:56:09  가속도:0.07,0.42,10.46
14:56:09  자이로:28.1,-1.1,5.3
14:56:09  충격값:1.46
14:56:09  송신:22231
14:56:09  지팡이수신:21988
14:56:09  GPS위성:4
14:56:09  GPS_HDOP:2.70
14:56:09  원시위도:37.496688
14:56:09  원시경도:126.957853
14:56:09  GPS채택:2906
14:56:09  GPS이상치거부:4
14:56:09  GPS품질거부:291
14:56:09  GPS재기준:1
14:56:09  위험송신:21988
