18:20:14  시각ms:872079
18:20:14  IMU시각ms:872067
18:20:14  위험:0
18:20:14  GPS유효:1
18:20:14  위도:37.496506
18:20:14  경도:126.958023
18:20:14  속도:0.244
18:20:14  방향:176.8
18:20:14  GPS원시속도:0.226
18:20:14  GPS원시방향유효:1
18:20:14  GPS원시방향:31.0
18:20:14  가속도:5.157,5.569,5.650
18:20:14  자이로:0.000,0.992,2.214
18:20:14  자력계:-36.300,52.200,14.850
18:20:14  IMU방향유효:1
18:20:14  IMU방향:176.8
18:20:14  방향가속도크기:9.46
18:20:14  방향자이로크기:2.43
18:20:14  방향자세cos:0.9954
18:20:14  자기모델잔차:0.78
18:20:14  자기모델반경:1.089
18:20:14  방향채택:4639
18:20:14  방향거부:102766
18:20:14  송신:8263
18:20:14  GPS위성:8
18:20:14  GPS_HDOP:1.20
18:20:14  원시위도:37.496503
18:20:14  원시경도:126.958022
18:20:14  GPS채택:449
18:20:14  GPS이상치거부:18
18:20:14  GPS품질거부:1
18:20:14  GPS재기준:4
18:20:14  RSSI원시:-47
18:20:14  RSSI평활:-46.3
18:20:14  RSSI샘플:16068
18:20:14  RSSI경과ms:5
18:20:14  차량수신:8017
18:20:14  시각ms:872184
18:20:14  IMU시각ms:872172
18:20:14  위험:0
18:20:14  GPS유효:1
18:20:14  위도:37.496506
18:20:14  경도:126.958023
18:20:14  속도:0.244
18:20:14  방향:177.0
18:20:14  GPS원시속도:0.226
18:20:14  GPS원시방향유효:1
18:20:14  GPS원시방향:31.0
18:20:14  가속도:5.229,5.636,5.780
18:20:14  자이로:-0.611,-0.221,-0.924
18:20:14  자력계:-37.050,52.200,13.500
18:20:14  IMU방향유효:1
18:20:14  IMU방향:177.0
18:20:14  방향가속도크기:9.62
18:20:14  방향자이로크기:1.13
18:20:14  방향자세cos:0.9957
18:20:14  자기모델잔차:1.23
18:20:14  자기모델반경:1.043
18:20:14  방향채택:4652
18:20:14  방향거부:102766
18:20:14  송신:8264
18:20:14  GPS위성:8
18:20:14  GPS_HDOP:1.20
18:20:14  원시위도:37.496503
18:20:14  원시경도:126.958022
18:20:14  GPS채택:449
18:20:14  GPS이상치거부:18
18:20:14  GPS품질거부:1
18:20:14  GPS재기준:4
18:20:14  RSSI원시:-48
18:20:14  RSSI평활:-46.7
18:20:14  RSSI샘플:16069
18:20:14  RSSI경과ms:91
18:20:14  차량수신:8018
18:20:14  시각ms:872289
18:20:14  IMU시각ms:872277
18:20:14  위험:0
18:20:14  GPS유효:1
18:20:14  위도:37.496506
18:20:14  경도:126.958023
18:20:14  속도:0.244
18:20:14  방향:177.1
18:20:14  GPS원시속도:0.226
18:20:14  GPS원시방향유효:1
18:20:14  GPS원시방향:31.0
18:20:14  가속도:5.282,5.411,5.847
18:20:14  자이로:-0.405,-0.962,0.725
18:20:14  자력계:-36.450,50.850,13.650
18:20:14  IMU방향유효:1
18:20:14  IMU방향:177.1
18:20:14  방향가속도크기:9.56
18:20:14  방향자이로크기:1.27
18:20:14  방향자세cos:0.9976
18:20:14  자기모델잔차:2.14
18:20:14  자기모델반경:1.080
18:20:14  방향채택:4665
18:20:14  방향거부:102766
18:20:14  송신:8265
18:20:14  GPS위성:8
18:20:14  GPS_HDOP:1.20
18:20:14  원시위도:37.496503
18:20:14  원시경도:126.958022
18:20:14  GPS채택:449
18:20:14  GPS이상치거부:18
18:20:14  GPS품질거부:1
18:20:14  GPS재기준:4
18:20:14  RSSI원시:-46
18:20:14  RSSI평활:-46.5
18:20:14  RSSI샘플:16072
18:20:14  RSSI경과ms:1
18:20:14  차량수신:8019
18:20:14  시각ms:872394
18:20:14  IMU시각ms:872382
18:20:14  위험:0
18:20:14  GPS유효:1
18:20:14  위도:37.496506
18:20:14  경도:126.958023
18:20:14  속도:0.244
18:20:14  방향:177.2
18:20:14  GPS원시속도:0.226
18:20:14  GPS원시방향유효:1
18:20:14  GPS원시방향:31.0
18:20:14  가속도:5.387,5.334,5.703
18:20:14  자이로:-1.664,-2.611,0.489
18:20:14  자력계:-37.050,52.950,14.250
18:20:14  IMU방향유효:1
18:20:14  IMU방향:177.2
18:20:14  방향가속도크기:9.49
18:20:14  방향자이로크기:3.13
18:20:14  방향자세cos:0.9979
18:20:14  자기모델잔차:0.37
18:20:14  자기모델반경:1.049
18:20:14  방향채택:4678
18:20:14  방향거부:102766
18:20:14  송신:8266
18:20:14  GPS위성:8
18:20:14  GPS_HDOP:1.20
18:20:14  원시위도:37.496503
18:20:14  원시경도:126.958022
18:20:14  GPS채택:449
18:20:14  GPS이상치거부:18
18:20:14  GPS품질거부:1
18:20:14  GPS재기준:4
18:20:14  RSSI원시:-47
18:20:14  RSSI평활:-46.5
18:20:14  RSSI샘플:16074
18:20:14  RSSI경과ms:4
18:20:14  차량수신:8020
18:20:14  시각ms:872499
18:20:14  IMU시각ms:872487
18:20:14  위험:0
18:20:14  GPS유효:1
18:20:14  위도:37.496506
18:20:14  경도:126.958023
18:20:14  속도:0.244
18:20:14  방향:177.2
18:20:14  GPS원시속도:0.226
18:20:14  GPS원시방향유효:1
18:20:14  GPS원시방향:31.0
18:20:14  가속도:5.291,5.464,5.847
18:20:14  자이로:-1.099,-1.214,-0.893
18:20:14  자력계:-37.050,52.200,13.800
18:20:14  IMU방향유효:1
18:20:14  IMU방향:177.2
18:20:14  방향가속도크기:9.59
18:20:14  방향자이로크기:1.87
18:20:14  방향자세cos:0.9974
18:20:14  자기모델잔차:1.03
18:20:14  자기모델반경:1.050
18:20:14  방향채택:4691
18:20:14  방향거부:102766
18:20:14  송신:8267
18:20:14  GPS위성:8
18:20:14  GPS_HDOP:1.20
18:20:14  원시위도:37.496503
18:20:14  원시경도:126.958022
18:20:14  GPS채택:449
18:20:14  GPS이상치거부:18
18:20:14  GPS품질거부:1
18:20:14  GPS재기준:4
18:20:14  RSSI원시:-47
18:20:14  RSSI평활:-46.5
18:20:14  RSSI샘플:16076
18:20:14  RSSI경과ms:6
18:20:14  차량수신:8021
18:20:14  시각ms:872603
18:20:14  IMU시각ms:872591
18:20:14  위험:0
18:20:14  GPS유효:1
18:20:14  위도:37.496506
18:20:14  경도:126.958023
18:20:14  속도:0.244
18:20:14  방향:177.4
18:20:14  GPS원시속도:0.226
18:20:14  GPS원시방향유효:1
18:20:14  GPS원시방향:31.0
18:20:14  가속도:5.535,5.454,5.875
18:20:14  자이로:-2.214,0.107,0.931
18:20:14  자력계:-38.250,52.650,14.850
18:20:14  IMU방향유효:1
18:20:14  IMU방향:177.4
18:20:14  방향가속도크기:9.74
18:20:14  방향자이로크기:2.40
18:20:14  방향자세cos:0.9981
18:20:14  자기모델잔차:0.57
18:20:14  자기모델반경:1.053
18:20:14  방향채택:4704
18:20:14  방향거부:102766
18:20:14  송신:8268
18:20:14  GPS위성:8
18:20:14  GPS_HDOP:1.20
18:20:14  원시위도:37.496503
18:20:14  원시경도:126.958022
18:20:14  GPS채택:449
18:20:14  GPS이상치거부:18
18:20:14  GPS품질거부:1
18:20:14  GPS재기준:4
18:20:14  RSSI원시:-46
18:20:14  RSSI평활:-46.4
18:20:14  RSSI샘플:16077
18:20:14  RSSI경과ms:92
18:20:14  차량수신:8022
18:20:14  시각ms:872707
18:20:14  IMU시각ms:872695
18:20:14  위험:0
18:20:14  GPS유효:1
18:20:14  위도:37.496506
18:20:14  경도:126.958023
18:20:14  속도:0.244
18:20:14  방향:177.6
18:20:14  GPS원시속도:0.226
18:20:14  GPS원시방향유효:1
18:20:14  GPS원시방향:31.0
18:20:14  가속도:5.210,5.612,5.842
18:20:14  자이로:-0.756,-0.954,0.191
18:20:14  자력계:-37.050,51.750,15.300
18:20:14  IMU방향유효:1
18:20:14  IMU방향:177.6
18:20:14  방향가속도크기:9.63
18:20:14  방향자이로크기:1.23
18:20:14  방향자세cos:0.9960
18:20:14  자기모델잔차:0.27
18:20:14  자기모델반경:1.098
18:20:14  방향채택:4717
18:20:14  방향거부:102766
18:20:14  송신:8269
18:20:14  GPS위성:8
18:20:14  GPS_HDOP:1.20
18:20:14  원시위도:37.496503
18:20:14  원시경도:126.958022
18:20:14  GPS채택:449
18:20:14  GPS이상치거부:18
18:20:14  GPS품질거부:1
18:20:14  GPS재기준:4
18:20:14  RSSI원시:-46
18:20:14  RSSI평활:-46.7
18:20:14  RSSI샘플:16080
18:20:14  RSSI경과ms:3
18:20:14  차량수신:8023
18:20:15  시각ms:872915
18:20:15  IMU시각ms:872903
18:20:15  위험:0
18:20:15  GPS유효:1
18:20:15  위도:37.496506
18:20:15  경도:126.958023
18:20:15  속도:0.244
18:20:15  방향:177.7
18:20:15  GPS원시속도:0.226
18:20:15  GPS원시방향유효:1
18:20:15  GPS원시방향:31.0
18:20:15  가속도:5.253,5.636,5.741
18:20:15  자이로:-0.427,-2.901,1.061
18:20:15  자력계:-37.050,51.000,14.550
18:20:15  IMU방향유효:1
18:20:15  IMU방향:177.7
18:20:15  방향가속도크기:9.61
18:20:15  방향자이로크기:3.12
18:20:15  방향자세cos:0.9956
18:20:15  자기모델잔차:1.13
18:20:15  자기모델반경:1.092
18:20:15  방향채택:4743
18:20:15  방향거부:102766
18:20:15  송신:8271
18:20:15  GPS위성:8
18:20:15  GPS_HDOP:1.20
18:20:15  원시위도:37.496503
18:20:15  원시경도:126.958022
18:20:15  GPS채택:449
18:20:15  GPS이상치거부:18
18:20:15  GPS품질거부:1
18:20:15  GPS재기준:4
18:20:15  RSSI원시:-47
18:20:15  RSSI평활:-46.6
18:20:15  RSSI샘플:16084
18:20:15  RSSI경과ms:5
18:20:15  차량수신:8025
18:20:15  시각ms:873020
18:20:15  IMU시각ms:873008
18:20:15  위험:0
18:20:15  GPS유효:1
18:20:15  위도:37.496502
18:20:15  경도:126.958023
18:20:15  속도:0.234
18:20:15  방향:177.8
18:20:15  GPS원시속도:0.216
18:20:15  GPS원시방향유효:1
18:20:15  GPS원시방향:31.0
18:20:15  가속도:5.497,5.353,5.794
18:20:15  자이로:1.397,-1.137,-1.794
18:20:15  자력계:-35.400,53.550,14.400
18:20:15  IMU방향유효:1
18:20:15  IMU방향:177.8
18:20:15  방향가속도크기:9.61
18:20:15  방향자이로크기:2.54
18:20:15  방향자세cos:0.9983
18:20:15  자기모델잔차:0.94
18:20:15  자기모델반경:1.067
18:20:15  방향채택:4756
18:20:15  방향거부:102766
18:20:15  송신:8272
18:20:15  GPS위성:8
18:20:15  GPS_HDOP:1.20
18:20:15  원시위도:37.496497
18:20:15  원시경도:126.958023
18:20:15  GPS채택:450
18:20:15  GPS이상치거부:18
18:20:15  GPS품질거부:1
18:20:15  GPS재기준:4
18:20:15  RSSI원시:-46
18:20:15  RSSI평활:-46.5
18:20:15  RSSI샘플:16085
18:20:15  RSSI경과ms:91
18:20:15  차량수신:8026
18:20:15  시각ms:873125
18:20:15  IMU시각ms:873113
18:20:15  위험:0
18:20:15  GPS유효:1
18:20:15  위도:37.496498
18:20:15  경도:126.958023
18:20:15  속도:0.228
18:20:15  방향:177.8
18:20:15  GPS원시속도:0.216
18:20:15  GPS원시방향유효:1
18:20:15  GPS원시방향:31.0
18:20:15  가속도:5.262,5.578,5.746
18:20:15  자이로:0.359,-2.779,-1.221
18:20:15  자력계:-37.950,52.050,13.650
18:20:15  IMU방향유효:1
18:20:15  IMU방향:177.8
18:20:15  방향가속도크기:9.58
18:20:15  방향자이로크기:3.06
18:20:15  방향자세cos:0.9961
18:20:15  자기모델잔차:0.68
18:20:15  자기모델반경:1.037
18:20:15  방향채택:4769
18:20:15  방향거부:102766
18:20:15  송신:8273
18:20:15  GPS위성:8
18:20:15  GPS_HDOP:1.20
18:20:15  원시위도:37.496497
18:20:15  원시경도:126.958023
18:20:15  GPS채택:451
18:20:15  GPS이상치거부:18
18:20:15  GPS품질거부:1
18:20:15  GPS재기준:4
18:20:15  RSSI원시:-43
18:20:15  RSSI평활:-45.7
18:20:15  RSSI샘플:16087
18:20:15  RSSI경과ms:91
18:20:15  차량수신:8027
18:20:15  시각ms:873335
18:20:15  IMU시각ms:873323
18:20:15  위험:0
18:20:15  GPS유효:1
18:20:15  위도:37.496498
18:20:15  경도:126.958023
18:20:15  속도:0.228
18:20:15  방향:178.1
18:20:15  GPS원시속도:0.216
18:20:15  GPS원시방향유효:1
18:20:15  GPS원시방향:31.0
18:20:15  가속도:5.483,5.473,5.655
18:20:15  자이로:-0.855,-3.924,1.176
18:20:15  자력계:-37.200,52.800,13.950
18:20:15  IMU방향유효:1
18:20:15  IMU방향:178.1
18:20:15  방향가속도크기:9.59
18:20:15  방향자이로크기:4.18
18:20:15  방향자세cos:0.9970
18:20:15  자기모델잔차:0.56
18:20:15  자기모델반경:1.041
18:20:15  방향채택:4795
18:20:15  방향거부:102766
18:20:15  송신:8275
18:20:15  GPS위성:8
18:20:15  GPS_HDOP:1.20
18:20:15  원시위도:37.496497
18:20:15  원시경도:126.958023
18:20:15  GPS채택:451
18:20:15  GPS이상치거부:18
18:20:15  GPS품질거부:1
18:20:15  GPS재기준:4
18:20:15  RSSI원시:-47
18:20:15  RSSI평활:-46.0
18:20:15  RSSI샘플:16091
18:20:15  RSSI경과ms:90
18:20:15  차량수신:8029
18:20:15  시각ms:873544
18:20:15  IMU시각ms:873532
18:20:15  위험:0
18:20:15  GPS유효:1
18:20:15  위도:37.496498
18:20:15  경도:126.958023
18:20:15  속도:0.228
18:20:15  방향:178.0
18:20:15  GPS원시속도:0.216
18:20:15  GPS원시방향유효:1
18:20:15  GPS원시방향:31.0
18:20:15  가속도:5.286,5.641,5.808
18:20:15  자이로:0.855,0.794,-1.092
18:20:15  자력계:-35.550,52.650,12.750
18:20:15  IMU방향유효:1
18:20:15  IMU방향:178.0
18:20:15  방향가속도크기:9.67
18:20:15  방향자이로크기:1.60
18:20:15  방향자세cos:0.9960
18:20:15  자기모델잔차:2.37
18:20:15  자기모델반경:1.037
18:20:15  방향채택:4821
18:20:15  방향거부:102766
18:20:15  송신:8277
18:20:15  GPS위성:8
18:20:15  GPS_HDOP:1.20
18:20:15  원시위도:37.496497
18:20:15  원시경도:126.958023
18:20:15  GPS채택:451
18:20:15  GPS이상치거부:18
18:20:15  GPS품질거부:1
18:20:15  GPS재기준:4
18:20:15  RSSI원시:-47
18:20:15  RSSI평활:-45.9
18:20:15  RSSI샘플:16095
18:20:15  RSSI경과ms:89
18:20:15  차량수신:8031
18:20:16  시각ms:873752
18:20:16  IMU시각ms:873740
18:20:16  위험:0
18:20:16  GPS유효:1
18:20:16  위도:37.496498
18:20:16  경도:126.958023
18:20:16  속도:0.228
18:20:16  방향:178.0
18:20:16  GPS원시속도:0.216
18:20:16  GPS원시방향유효:1
18:20:16  GPS원시방향:31.0
18:20:16  가속도:5.085,5.732,5.756
18:20:16  자이로:0.237,4.626,-0.542
18:20:16  자력계:-37.500,53.400,13.050
18:20:16  IMU방향유효:1
18:20:16  IMU방향:178.0
18:20:16  방향가속도크기:9.58
18:20:16  방향자이로크기:4.66
18:20:16  방향자세cos:0.9941
18:20:16  자기모델잔차:0.68
18:20:16  자기모델반경:1.003
18:20:16  방향채택:4847
18:20:16  방향거부:102766
18:20:16  송신:8279
18:20:16  GPS위성:8
18:20:16  GPS_HDOP:1.20
18:20:16  원시위도:37.496497
18:20:16  원시경도:126.958023
18:20:16  GPS채택:451
18:20:16  GPS이상치거부:18
18:20:16  GPS품질거부:1
18:20:16  GPS재기준:4
18:20:16  RSSI원시:-42
18:20:16  RSSI평활:-44.7
18:20:16  RSSI샘플:16100
18:20:16  RSSI경과ms:7
18:20:16  차량수신:8033
18:20:16  시각ms:873856
18:20:16  IMU시각ms:873844
18:20:16  위험:0
18:20:16  GPS유효:1
18:20:16  위도:37.496498
18:20:16  경도:126.958023
18:20:16  속도:0.228
18:20:16  방향:178.0
18:20:16  GPS원시속도:0.216
18:20:16  GPS원시방향유효:1
18:20:16  GPS원시방향:31.0
18:20:16  가속도:5.684,5.191,5.210
18:20:16  자이로:4.145,2.267,-0.328
18:20:16  자력계:-38.250,52.650,12.300
18:20:16  IMU방향유효:1
18:20:16  IMU방향:178.0
18:20:16  방향가속도크기:9.29
18:20:16  방향자이로크기:4.74
18:20:16  방향자세cos:0.9956
18:20:16  자기모델잔차:1.10
18:20:16  자기모델반경:0.987
18:20:16  방향채택:4860
18:20:16  방향거부:102766
18:20:16  송신:8280
18:20:16  GPS위성:8
18:20:16  GPS_HDOP:1.20
18:20:16  원시위도:37.496497
18:20:16  원시경도:126.958023
18:20:16  GPS채택:451
18:20:16  GPS이상치거부:18
18:20:16  GPS품질거부:1
18:20:16  GPS재기준:4
18:20:16  RSSI원시:-47
18:20:16  RSSI평활:-45.2
18:20:16  RSSI샘플:16101
18:20:16  RSSI경과ms:84
18:20:16  차량수신:8034
18:20:16  시각ms:873960
18:20:16  IMU시각ms:873948
18:20:16  위험:0
18:20:16  GPS유효:1
18:20:16  위도:37.496494
18:20:16  경도:126.958023
18:20:16  속도:0.238
18:20:16  방향:178.0
18:20:16  GPS원시속도:0.257
18:20:16  GPS원시방향유효:1
18:20:16  GPS원시방향:31.0
18:20:16  가속도:5.334,5.478,5.923
18:20:16  자이로:9.588,14.595,-2.618
18:20:16  자력계:-37.500,53.700,13.800
18:20:16  IMU방향유효:1
18:20:16  IMU방향:178.0
18:20:16  방향가속도크기:9.67
18:20:16  방향자이로크기:17.66
18:20:16  방향자세cos:0.9976
18:20:16  자기모델잔차:0.04
18:20:16  자기모델반경:1.017
18:20:16  방향채택:4873
18:20:16  방향거부:102766
18:20:16  송신:8281
18:20:16  GPS위성:8
18:20:16  GPS_HDOP:1.20
18:20:16  원시위도:37.496490
18:20:16  원시경도:126.958025
18:20:16  GPS채택:452
18:20:16  GPS이상치거부:18
18:20:16  GPS품질거부:1
18:20:16  GPS재기준:4
18:20:16  RSSI원시:-46
18:20:16  RSSI평활:-46.0
18:20:16  RSSI샘플:16104
18:20:16  RSSI경과ms:5
18:20:16  차량수신:8035
18:20:16  시각ms:874065
18:20:16  IMU시각ms:874053
18:20:16  위험:0
18:20:16  GPS유효:1
18:20:16  위도:37.496494
18:20:16  경도:126.958023
18:20:16  속도:0.245
18:20:16  방향:177.6
18:20:16  GPS원시속도:0.257
18:20:16  GPS원시방향유효:1
18:20:16  GPS원시방향:31.0
18:20:16  가속도:5.066,5.866,5.784
18:20:16  자이로:-5.382,-7.679,1.267
18:20:16  자력계:-36.150,54.000,15.150
18:20:16  IMU방향유효:1
18:20:16  IMU방향:177.6
18:20:16  방향가속도크기:9.67
18:20:16  방향자이로크기:9.46
18:20:16  방향자세cos:0.9928
18:20:16  자기모델잔차:0.21
18:20:16  자기모델반경:1.068
18:20:16  방향채택:4886
18:20:16  방향거부:102766
18:20:16  송신:8282
18:20:16  GPS위성:8
18:20:16  GPS_HDOP:1.20
18:20:16  원시위도:37.496490
18:20:16  원시경도:126.958025
18:20:16  GPS채택:453
18:20:16  GPS이상치거부:18
18:20:16  GPS품질거부:1
18:20:16  GPS재기준:4
18:20:16  RSSI원시:-45
18:20:16  RSSI평활:-46.0
18:20:16  RSSI샘플:16106
18:20:16  RSSI경과ms:3
18:20:16  차량수신:8036
18:20:16  시각ms:874275
18:20:16  IMU시각ms:874263
18:20:16  위험:0
18:20:16  GPS유효:1
18:20:16  위도:37.496494
18:20:16  경도:126.958023
18:20:16  속도:0.245
18:20:16  방향:176.8
18:20:16  GPS원시속도:0.257
18:20:16  GPS원시방향유효:1
18:20:16  GPS원시방향:31.0
18:20:16  가속도:5.114,5.708,5.646
18:20:16  자이로:-3.824,-4.267,2.115
18:20:16  자력계:-34.200,55.800,13.950
18:20:16  IMU방향유효:1
18:20:16  IMU방향:176.8
18:20:16  방향가속도크기:9.52
18:20:16  방향자이로크기:6.11
18:20:16  방향자세cos:0.9940
18:20:16  자기모델잔차:0.82
18:20:16  자기모델반경:1.040
18:20:16  방향채택:4912
18:20:16  방향거부:102766
18:20:16  송신:8284
18:20:16  GPS위성:8
18:20:16  GPS_HDOP:1.20
18:20:16  원시위도:37.496490
18:20:16  원시경도:126.958025
18:20:16  GPS채택:453
18:20:16  GPS이상치거부:18
18:20:16  GPS품질거부:1
18:20:16  GPS재기준:4
18:20:16  RSSI원시:-48
18:20:16  RSSI평활:-46.7
18:20:16  RSSI샘플:16110
18:20:16  RSSI경과ms:2
18:20:16  차량수신:8038
18:20:16  시각ms:874483
18:20:16  IMU시각ms:874471
18:20:16  위험:0
18:20:16  GPS유효:1
18:20:16  위도:37.496490
18:20:16  경도:126.958023
18:20:16  속도:0.245
18:20:16  방향:176.5
18:20:16  GPS원시속도:0.257
18:20:16  GPS원시방향유효:1
18:20:16  GPS원시방향:31.0
18:20:16  가속도:5.191,5.732,5.708
18:20:16  자이로:-2.420,-3.893,-2.305
18:20:16  자력계:-36.450,54.750,13.200
18:20:16  IMU방향유효:1
18:20:16  IMU방향:176.5
18:20:16  방향가속도크기:9.61
18:20:16  방향자이로크기:5.13
18:20:16  방향자세cos:0.9944
18:20:16  자기모델잔차:0.53
18:20:16  자기모델반경:0.999
18:20:16  방향채택:4938
18:20:16  방향거부:102766
18:20:16  송신:8286
18:20:16  GPS위성:8
18:20:16  GPS_HDOP:1.20
18:20:16  원시위도:37.496490
18:20:16  원시경도:126.958025
18:20:16  GPS채택:453
18:20:16  GPS이상치거부:18
18:20:16  GPS품질거부:1
18:20:16  GPS재기준:4
18:20:16  RSSI원시:-46
18:20:16  RSSI평활:-46.3
18:20:16  RSSI샘플:16114
18:20:16  RSSI경과ms:3
18:20:16  차량수신:8040
18:20:17  시각ms:874691
18:20:17  IMU시각ms:874679
18:20:17  위험:0
18:20:17  GPS유효:1
18:20:17  위도:37.496490
18:20:17  경도:126.958023
18:20:17  속도:0.245
18:20:17  방향:176.2
18:20:17  GPS원시속도:0.257
18:20:17  GPS원시방향유효:1
18:20:17  GPS원시방향:31.0
18:20:17  가속도:5.224,5.626,5.339
18:20:17  자이로:-11.351,-9.504,-3.031
18:20:17  자력계:-35.700,52.050,15.150
18:20:17  IMU방향유효:1
18:20:17  IMU방향:176.2
18:20:17  방향가속도크기:9.35
18:20:17  방향자이로크기:15.11
18:20:17  방향자세cos:0.9934
18:20:17  자기모델잔차:1.00
18:20:17  자기모델반경:1.108
18:20:17  방향채택:4964
18:20:17  방향거부:102766
18:20:17  송신:8288
18:20:17  GPS위성:8
18:20:17  GPS_HDOP:1.20
18:20:17  원시위도:37.496490
18:20:17  원시경도:126.958025
18:20:17  GPS채택:453
18:20:17  GPS이상치거부:18
18:20:17  GPS품질거부:1
18:20:17  GPS재기준:4
18:20:17  RSSI원시:-43
18:20:17  RSSI평활:-45.2
18:20:17  RSSI샘플:16118
18:20:17  RSSI경과ms:3
18:20:17  차량수신:8042
18:20:17  시각ms:874899
18:20:17  IMU시각ms:874887
18:20:17  위험:0
18:20:17  GPS유효:1
18:20:17  위도:37.496490
18:20:17  경도:126.958023
18:20:17  속도:0.245
18:20:17  방향:176.0
18:20:17  GPS원시속도:0.257
18:20:17  GPS원시방향유효:1
18:20:17  GPS원시방향:31.0
18:20:17  가속도:5.229,5.622,5.823
18:20:17  자이로:0.519,-7.359,0.489
18:20:17  자력계:-35.700,54.300,13.950
18:20:17  IMU방향유효:1
18:20:17  IMU방향:176.0
18:20:17  방향가속도크기:9.64
18:20:17  방향자이로크기:7.39
18:20:17  방향자세cos:0.9960
18:20:17  자기모델잔차:0.69
18:20:17  자기모델반경:1.038
18:20:17  방향채택:4990
18:20:17  방향거부:102766
18:20:17  송신:8290
18:20:17  GPS위성:8
18:20:17  GPS_HDOP:1.20
18:20:17  원시위도:37.496490
18:20:17  원시경도:126.958025
18:20:17  GPS채택:453
18:20:17  GPS이상치거부:18
18:20:17  GPS품질거부:1
18:20:17  GPS재기준:4
18:20:17  RSSI원시:-47
18:20:17  RSSI평활:-46.4
18:20:17  RSSI샘플:16122
18:20:17  RSSI경과ms:7
18:20:17  차량수신:8044
18:20:17  시각ms:875004
18:20:17  IMU시각ms:874992
18:20:17  위험:0
18:20:17  GPS유효:1
18:20:17  위도:37.496487
18:20:17  경도:126.958031
18:20:17  속도:0.242
18:20:17  방향:176.1
18:20:17  GPS원시속도:0.237
18:20:17  GPS원시방향유효:1
18:20:17  GPS원시방향:31.0
18:20:17  가속도:5.171,5.545,5.483
18:20:17  자이로:-3.092,-2.702,0.878
18:20:17  자력계:-35.400,53.100,14.400
18:20:17  IMU방향유효:1
18:20:17  IMU방향:176.1
18:20:17  방향가속도크기:9.36
18:20:17  방향자이로크기:4.20
18:20:17  방향자세cos:0.9949
18:20:17  자기모델잔차:1.16
18:20:17  자기모델반경:1.075
18:20:17  방향채택:5003
18:20:17  방향거부:102766
18:20:17  송신:8291
18:20:17  GPS위성:8
18:20:17  GPS_HDOP:1.20
18:20:17  원시위도:37.496483
18:20:17  원시경도:126.958029
18:20:17  GPS채택:454
18:20:17  GPS이상치거부:18
18:20:17  GPS품질거부:1
18:20:17  GPS재기준:4
18:20:17  RSSI원시:-47
18:20:17  RSSI평활:-46.6
18:20:17  RSSI샘플:16124
18:20:17  RSSI경과ms:1
18:20:17  차량수신:8045
18:20:17  시각ms:875109
18:20:17  IMU시각ms:875097
18:20:17  위험:0
18:20:17  GPS유효:1
18:20:17  위도:37.496487
18:20:17  경도:126.958031
18:20:17  속도:0.240
18:20:17  방향:176.2
18:20:17  GPS원시속도:0.237
18:20:17  GPS원시방향유효:1
18:20:17  GPS원시방향:31.0
18:20:17  가속도:5.320,5.631,5.593
18:20:17  자이로:1.382,-0.679,0.618
18:20:17  자력계:-36.450,51.300,14.400
18:20:17  IMU방향유효:1
18:20:17  IMU방향:176.2
18:20:17  방향가속도크기:9.55
18:20:17  방향자이로크기:1.66
18:20:17  방향자세cos:0.9952
18:20:17  자기모델잔차:1.43
18:20:17  자기모델반경:1.091
18:20:17  방향채택:5016
18:20:17  방향거부:102766
18:20:17  송신:8292
18:20:17  GPS위성:8
18:20:17  GPS_HDOP:1.20
18:20:17  원시위도:37.496483
18:20:17  원시경도:126.958029
18:20:17  GPS채택:455
18:20:17  GPS이상치거부:18
18:20:17  GPS품질거부:1
18:20:17  GPS재기준:4
18:20:17  RSSI원시:-48
18:20:17  RSSI평활:-47.1
18:20:17  RSSI샘플:16126
18:20:17  RSSI경과ms:8
18:20:17  차량수신:8046
18:20:17  시각ms:875214
18:20:17  IMU시각ms:875202
18:20:17  위험:0
18:20:17  GPS유효:1
18:20:17  위도:37.496487
18:20:17  경도:126.958031
18:20:17  속도:0.240
18:20:17  방향:176.4
18:20:17  GPS원시속도:0.237
18:20:17  GPS원시방향유효:1
18:20:17  GPS원시방향:31.0
18:20:17  가속도:5.406,5.507,5.612
18:20:17  자이로:-0.847,-4.977,-2.962
18:20:17  자력계:-36.000,52.650,13.800
18:20:17  IMU방향유효:1
18:20:17  IMU방향:176.4
18:20:17  방향가속도크기:9.54
18:20:17  방향자이로크기:5.85
18:20:17  방향자세cos:0.9965
18:20:17  자기모델잔차:1.42
18:20:17  자기모델반경:1.058
18:20:17  방향채택:5029
18:20:17  방향거부:102766
18:20:17  송신:8293
18:20:17  GPS위성:8
18:20:17  GPS_HDOP:1.20
18:20:17  원시위도:37.496483
18:20:17  원시경도:126.958029
18:20:17  GPS채택:455
18:20:17  GPS이상치거부:18
18:20:17  GPS품질거부:1
18:20:17  GPS재기준:4
18:20:17  RSSI원시:-47
18:20:17  RSSI평활:-47.1
18:20:17  RSSI샘플:16127
18:20:17  RSSI경과ms:80
18:20:17  차량수신:8047
18:20:17  시각ms:875319
18:20:17  IMU시각ms:875307
18:20:17  위험:0
18:20:17  GPS유효:1
18:20:17  위도:37.496487
18:20:17  경도:126.958031
18:20:17  속도:0.240
18:20:17  방향:176.5
18:20:17  GPS원시속도:0.237
18:20:17  GPS원시방향유효:1
18:20:17  GPS원시방향:31.0
18:20:17  가속도:5.483,5.540,5.708
18:20:17  자이로:-4.275,-3.328,-0.687
18:20:17  자력계:-36.750,52.650,13.800
18:20:17  IMU방향유효:1
18:20:17  IMU방향:176.5
18:20:17  방향가속도크기:9.66
18:20:17  방향자이로크기:5.46
18:20:17  방향자세cos:0.9968
18:20:17  자기모델잔차:0.99
18:20:17  자기모델반경:1.047
18:20:17  방향채택:5042
18:20:17  방향거부:102766
18:20:17  송신:8294
18:20:17  GPS위성:8
18:20:17  GPS_HDOP:1.20
18:20:17  원시위도:37.496483
18:20:17  원시경도:126.958029
18:20:17  GPS채택:455
18:20:17  GPS이상치거부:18
18:20:17  GPS품질거부:1
18:20:17  GPS재기준:4
18:20:17  RSSI원시:-46
18:20:17  RSSI평활:-46.7
18:20:17  RSSI샘플:16130
18:20:17  RSSI경과ms:1
18:20:17  차량수신:8048
18:20:17  시각ms:875424
18:20:17  IMU시각ms:875412
18:20:17  위험:0
18:20:17  GPS유효:1
18:20:17  위도:37.496487
18:20:17  경도:126.958031
18:20:17  속도:0.240
18:20:17  방향:176.8
18:20:17  GPS원시속도:0.237
18:20:17  GPS원시방향유효:1
18:20:17  GPS원시방향:31.0
18:20:17  가속도:5.382,5.559,5.291
18:20:17  자이로:-5.122,-4.656,-0.634
18:20:17  자력계:-37.800,52.950,12.750
18:20:17  IMU방향유효:1
18:20:17  IMU방향:176.8
18:20:17  방향가속도크기:9.37
18:20:17  방향자이로크기:6.95
18:20:17  방향자세cos:0.9939
18:20:17  자기모델잔차:0.92
18:20:17  자기모델반경:0.999
18:20:17  방향채택:5055
18:20:17  방향거부:102766
18:20:17  송신:8295
18:20:17  GPS위성:8
18:20:17  GPS_HDOP:1.20
18:20:17  원시위도:37.496483
18:20:17  원시경도:126.958029
18:20:17  GPS채택:455
18:20:17  GPS이상치거부:18
18:20:17  GPS품질거부:1
18:20:17  GPS재기준:4
18:20:17  RSSI원시:-47
18:20:17  RSSI평활:-46.8
18:20:17  RSSI샘플:16132
18:20:17  RSSI경과ms:8
18:20:17  차량수신:8049
18:20:17  시각ms:875528
18:20:17  IMU시각ms:875516
18:20:17  위험:0
18:20:17  GPS유효:1
18:20:17  위도:37.496487
18:20:17  경도:126.958031
18:20:17  속도:0.240
18:20:17  방향:177.1
18:20:17  GPS원시속도:0.237
18:20:17  GPS원시방향유효:1
18:20:17  GPS원시방향:31.0
18:20:17  가속도:4.961,5.928,6.134
18:20:17  자이로:9.420,13.893,-2.061
18:20:17  자력계:-36.000,54.150,12.300
18:20:17  IMU방향유효:1
18:20:17  IMU방향:177.1
18:20:17  방향가속도크기:9.87
18:20:17  방향자이로크기:16.91
18:20:17  방향자세cos:0.9925
18:20:17  자기모델잔차:1.67
18:20:17  자기모델반경:0.993
18:20:17  방향채택:5068
18:20:17  방향거부:102766
18:20:17  송신:8296
18:20:17  GPS위성:8
18:20:17  GPS_HDOP:1.20
18:20:17  원시위도:37.496483
18:20:17  원시경도:126.958029
18:20:17  GPS채택:455
18:20:17  GPS이상치거부:18
18:20:17  GPS품질거부:1
18:20:17  GPS재기준:4
18:20:17  RSSI원시:-46
18:20:17  RSSI평활:-46.7
18:20:17  RSSI샘플:16134
18:20:17  RSSI경과ms:7
18:20:17  차량수신:8050
18:20:18  시각ms:875736
18:20:18  IMU시각ms:875724
18:20:18  위험:0
18:20:18  GPS유효:1
18:20:18  위도:37.496487
18:20:18  경도:126.958031
18:20:18  속도:0.240
18:20:18  방향:176.9
18:20:18  GPS원시속도:0.237
18:20:18  GPS원시방향유효:1
18:20:18  GPS원시방향:31.0
18:20:18  가속도:5.162,5.737,5.827
18:20:18  자이로:-8.885,-10.313,1.679
18:20:18  자력계:-36.150,54.000,12.600
18:20:18  IMU방향유효:1
18:20:18  IMU방향:176.9
18:20:18  방향가속도크기:9.67
18:20:18  방향자이로크기:13.72
18:20:18  방향자세cos:0.9947
18:20:18  자기모델잔차:1.46
18:20:18  자기모델반경:1.001
18:20:18  방향채택:5094
18:20:18  방향거부:102766
18:20:18  송신:8298
18:20:18  GPS위성:8
18:20:18  GPS_HDOP:1.20
18:20:18  원시위도:37.496483
18:20:18  원시경도:126.958029
18:20:18  GPS채택:455
18:20:18  GPS이상치거부:18
18:20:18  GPS품질거부:1
18:20:18  GPS재기준:4
18:20:18  RSSI원시:-46
18:20:18  RSSI평활:-46.1
18:20:18  RSSI샘플:16138
18:20:18  RSSI경과ms:8
18:20:18  차량수신:8052
18:20:18  시각ms:875840
18:20:18  IMU시각ms:875828
18:20:18  위험:0
18:20:18  GPS유효:1
18:20:18  위도:37.496487
18:20:18  경도:126.958031
18:20:18  속도:0.240
18:20:18  방향:177.1
18:20:18  GPS원시속도:0.237
18:20:18  GPS원시방향유효:1
18:20:18  GPS원시방향:31.0
18:20:18  가속도:5.301,5.602,5.420
18:20:18  자이로:-2.053,-5.611,3.824
18:20:18  자력계:-37.650,52.800,15.150
18:20:18  IMU방향유효:1
18:20:18  IMU방향:177.1
18:20:18  방향가속도크기:9.43
18:20:18  방향자이로크기:7.09
18:20:18  방향자세cos:0.9944
18:20:18  자기모델잔차:0.49
18:20:18  자기모델반경:1.066
18:20:18  방향채택:5107
18:20:18  방향거부:102766
18:20:18  송신:8299
18:20:18  GPS위성:8
18:20:18  GPS_HDOP:1.20
18:20:18  원시위도:37.496483
18:20:18  원시경도:126.958029
18:20:18  GPS채택:455
18:20:18  GPS이상치거부:18
18:20:18  GPS품질거부:1
18:20:18  GPS재기준:4
18:20:18  RSSI원시:-46
18:20:18  RSSI평활:-46.1
18:20:18  RSSI샘플:16139
18:20:18  RSSI경과ms:77
18:20:18  차량수신:8053
18:20:18  시각ms:875944
18:20:18  IMU시각ms:875932
18:20:18  위험:0
18:20:18  GPS유효:1
18:20:18  위도:37.496483
18:20:18  경도:126.958031
18:20:18  속도:0.244
18:20:18  방향:177.5
18:20:18  GPS원시속도:0.252
18:20:18  GPS원시방향유효:1
18:20:18  GPS원시방향:31.0
18:20:18  가속도:5.492,5.574,5.746
18:20:18  자이로:-5.282,-3.267,0.214
18:20:18  자력계:-38.700,50.850,12.600
18:20:18  IMU방향유효:1
18:20:18  IMU방향:177.5
18:20:18  방향가속도크기:9.71
18:20:18  방향자이로크기:6.21
18:20:18  방향자세cos:0.9968
18:20:18  자기모델잔차:1.52
18:20:18  자기모델반경:1.023
18:20:18  방향채택:5120
18:20:18  방향거부:102766
18:20:18  송신:8300
18:20:18  GPS위성:8
18:20:18  GPS_HDOP:1.20
18:20:18  원시위도:37.496476
18:20:18  원시경도:126.958032
18:20:18  GPS채택:456
18:20:18  GPS이상치거부:18
18:20:18  GPS품질거부:1
18:20:18  GPS재기준:4
18:20:18  RSSI원시:-47
18:20:18  RSSI평활:-46.4
18:20:18  RSSI샘플:16142
18:20:18  RSSI경과ms:6
18:20:18  차량수신:8054
18:20:18  시각ms:876364
18:20:18  IMU시각ms:876352
18:20:18  위험:0
18:20:18  GPS유효:1
18:20:18  위도:37.496479
18:20:18  경도:126.958031
18:20:18  속도:0.247
18:20:18  방향:178.9
18:20:18  GPS원시속도:0.252
18:20:18  GPS원시방향유효:1
18:20:18  GPS원시방향:31.0
18:20:18  가속도:5.406,5.440,5.540
18:20:18  자이로:-2.015,-3.092,1.443
18:20:18  자력계:-38.700,52.050,15.150
18:20:18  IMU방향유효:1
18:20:18  IMU방향:178.9
18:20:18  방향가속도크기:9.46
18:20:18  방향자이로크기:3.96
18:20:18  방향자세cos:0.9965
18:20:18  자기모델잔차:0.73
18:20:18  자기모델반경:1.066
18:20:18  방향채택:5172
18:20:18  방향거부:102766
18:20:18  송신:8304
18:20:18  GPS위성:8
18:20:18  GPS_HDOP:1.20
18:20:18  원시위도:37.496476
18:20:18  원시경도:126.958032
18:20:18  GPS채택:457
18:20:18  GPS이상치거부:18
18:20:18  GPS품질거부:1
18:20:18  GPS재기준:4
18:20:18  RSSI원시:-47
18:20:18  RSSI평활:-46.0
18:20:18  RSSI샘플:16150
18:20:18  RSSI경과ms:6
18:20:18  차량수신:8058
18:20:18  시각ms:876469
18:20:18  IMU시각ms:876457
18:20:18  위험:0
18:20:18  GPS유효:1
18:20:18  위도:37.496479
18:20:18  경도:126.958031
18:20:18  속도:0.247
18:20:18  방향:179.3
18:20:18  GPS원시속도:0.252
18:20:18  GPS원시방향유효:1
18:20:18  GPS원시방향:31.0
18:20:18  가속도:5.622,5.373,5.521
18:20:18  자이로:0.191,-1.221,0.069
18:20:18  자력계:-39.750,52.200,12.750
18:20:18  IMU방향유효:1
18:20:18  IMU방향:179.3
18:20:18  방향가속도크기:9.54
18:20:18  방향자이로크기:1.24
18:20:18  방향자세cos:0.9969
18:20:18  자기모델잔차:0.16
18:20:18  자기모델반경:0.987
18:20:18  방향채택:5185
18:20:18  방향거부:102766
18:20:18  송신:8305
18:20:18  GPS위성:8
18:20:18  GPS_HDOP:1.20
18:20:18  원시위도:37.496476
18:20:18  원시경도:126.958032
18:20:18  GPS채택:457
18:20:18  GPS이상치거부:18
18:20:18  GPS품질거부:1
18:20:18  GPS재기준:4
18:20:18  RSSI원시:-47
18:20:18  RSSI평활:-45.9
18:20:18  RSSI샘플:16152
18:20:18  RSSI경과ms:6
18:20:18  차량수신:8059
18:20:18  시각ms:876677
18:20:19  IMU시각ms:876665
18:20:19  위험:0
18:20:19  GPS유효:1
18:20:19  위도:37.496479
18:20:19  경도:126.958031
18:20:19  속도:0.247
18:20:19  방향:179.9
18:20:19  GPS원시속도:0.252
18:20:19  GPS원시방향유효:1
18:20:19  GPS원시방향:31.0
18:20:19  가속도:5.488,5.578,5.602
18:20:19  자이로:-1.702,-2.603,0.397
18:20:19  자력계:-38.250,51.000,12.300
18:20:19  IMU방향유효:1
18:20:19  IMU방향:179.9
18:20:19  방향가속도크기:9.62
18:20:19  방향자이로크기:3.14
18:20:19  방향자세cos:0.9960
18:20:19  자기모델잔차:1.91
18:20:19  자기모델반경:1.018
18:20:19  방향채택:5211
18:20:19  방향거부:102766
18:20:19  송신:8307
18:20:19  GPS위성:8
18:20:19  GPS_HDOP:1.20
18:20:19  원시위도:37.496476
18:20:19  원시경도:126.958032
18:20:19  GPS채택:457
18:20:19  GPS이상치거부:18
18:20:19  GPS품질거부:1
18:20:19  GPS재기준:4
18:20:19  RSSI원시:-47
18:20:19  RSSI평활:-46.6
18:20:19  RSSI샘플:16155
18:20:19  RSSI경과ms:67
18:20:19  차량수신:8061
18:20:19  시각ms:876781
18:20:19  IMU시각ms:876769
18:20:19  위험:0
18:20:19  GPS유효:1
18:20:19  위도:37.496479
18:20:19  경도:126.958031
18:20:19  속도:0.247
18:20:19  방향:180.0
18:20:19  GPS원시속도:0.252
18:20:19  GPS원시방향유효:1
18:20:19  GPS원시방향:31.0
18:20:19  가속도:5.602,5.440,5.713
18:20:19  자이로:-3.420,-4.473,-0.038
18:20:19  자력계:-37.800,51.750,13.800
18:20:19  IMU방향유효:1
18:20:19  IMU방향:180.0
18:20:19  방향가속도크기:9.68
18:20:19  방향자이로크기:5.63
18:20:19  방향자세cos:0.9976
18:20:19  자기모델잔차:0.82
18:20:19  자기모델반경:1.048
18:20:19  방향채택:5224
18:20:19  방향거부:102766
18:20:19  송신:8308
18:20:19  GPS위성:8
18:20:19  GPS_HDOP:1.20
18:20:19  원시위도:37.496476
18:20:19  원시경도:126.958032
18:20:19  GPS채택:457
18:20:19  GPS이상치거부:18
18:20:19  GPS품질거부:1
18:20:19  GPS재기준:4
18:20:19  RSSI원시:-48
18:20:19  RSSI평활:-47.2
18:20:19  RSSI샘플:16158
18:20:19  RSSI경과ms:4
18:20:19  차량수신:8062
18:20:19  시각ms:876990
18:20:19  IMU시각ms:876978
18:20:19  위험:0
18:20:19  GPS유효:1
18:20:19  위도:37.496475
18:20:19  경도:126.958031
18:20:19  속도:0.252
18:20:19  방향:180.4
18:20:19  GPS원시속도:0.262
18:20:19  GPS원시방향유효:1
18:20:19  GPS원시방향:31.0
18:20:19  가속도:5.392,5.535,5.454
18:20:19  자이로:-1.061,0.084,2.656
18:20:19  자력계:-39.150,51.300,12.900
18:20:19  IMU방향유효:1
18:20:19  IMU방향:180.4
18:20:19  방향가속도크기:9.46
18:20:19  방향자이로크기:2.86
18:20:19  방향자세cos:0.9953
18:20:19  자기모델잔차:0.85
18:20:19  자기모델반경:1.016
18:20:19  방향채택:5250
18:20:19  방향거부:102766
18:20:19  송신:8310
18:20:19  GPS위성:8
18:20:19  GPS_HDOP:1.20
18:20:19  원시위도:37.496469
18:20:19  원시경도:126.958031
18:20:19  GPS채택:458
18:20:19  GPS이상치거부:18
18:20:19  GPS품질거부:1
18:20:19  GPS재기준:4
18:20:19  RSSI원시:-47
18:20:19  RSSI평활:-47.4
18:20:19  RSSI샘플:16162
18:20:19  RSSI경과ms:3
18:20:19  차량수신:8064
18:20:19  시각ms:877095
18:20:19  IMU시각ms:877083
18:20:19  위험:0
18:20:19  GPS유효:1
18:20:19  위도:37.496471
18:20:19  경도:126.958031
18:20:19  속도:0.256
18:20:19  방향:180.6
18:20:19  GPS원시속도:0.262
18:20:19  GPS원시방향유효:1
18:20:19  GPS원시방향:31.0
18:20:19  가속도:5.617,5.397,5.760
18:20:19  자이로:1.458,-0.160,0.595
18:20:19  자력계:-39.150,50.850,14.700
18:20:19  IMU방향유효:1
18:20:19  IMU방향:180.6
18:20:19  방향가속도크기:9.69
18:20:19  방향자이로크기:1.58
18:20:19  방향자세cos:0.9980
18:20:19  자기모델잔차:0.11
18:20:19  자기모델반경:1.071
18:20:19  방향채택:5263
18:20:19  방향거부:102766
18:20:19  송신:8311
18:20:19  GPS위성:8
18:20:19  GPS_HDOP:1.20
18:20:19  원시위도:37.496469
18:20:19  원시경도:126.958031
18:20:19  GPS채택:459
18:20:19  GPS이상치거부:18
18:20:19  GPS품질거부:1
18:20:19  GPS재기준:4
18:20:19  RSSI원시:-47
18:20:19  RSSI평활:-46.7
18:20:19  RSSI샘플:16164
18:20:19  RSSI경과ms:3
18:20:19  차량수신:8065
18:20:19  시각ms:877200
18:20:19  IMU시각ms:877188
18:20:19  위험:0
18:20:19  GPS유효:1
18:20:19  위도:37.496471
18:20:19  경도:126.958031
18:20:19  속도:0.256
18:20:19  방향:180.7
18:20:19  GPS원시속도:0.262
18:20:19  GPS원시방향유효:1
18:20:19  GPS원시방향:31.0
18:20:19  가속도:5.540,5.478,5.631
18:20:19  자이로:-1.748,1.015,-0.695
18:20:19  자력계:-39.000,52.650,12.300
18:20:19  IMU방향유효:1
18:20:19  IMU방향:180.7
18:20:19  방향가속도크기:9.61
18:20:19  방향자이로크기:2.14
18:20:19  방향자세cos:0.9969
18:20:19  자기모델잔차:0.67
18:20:19  자기모델반경:0.977
18:20:19  방향채택:5276
18:20:19  방향거부:102766
18:20:19  송신:8312
18:20:19  GPS위성:8
18:20:19  GPS_HDOP:1.20
18:20:19  원시위도:37.496469
18:20:19  원시경도:126.958031
18:20:19  GPS채택:459
18:20:19  GPS이상치거부:18
18:20:19  GPS품질거부:1
18:20:19  GPS재기준:4
18:20:19  RSSI원시:-47
18:20:19  RSSI평활:-46.8
18:20:19  RSSI샘플:16166
18:20:19  RSSI경과ms:3
18:20:19  차량수신:8066
18:20:19  시각ms:877618
18:20:19  IMU시각ms:877606
18:20:19  위험:0
18:20:19  GPS유효:1
18:20:19  위도:37.496471
18:20:19  경도:126.958031
18:20:19  속도:0.256
18:20:19  방향:181.2
18:20:19  GPS원시속도:0.262
18:20:19  GPS원시방향유효:1
18:20:19  GPS원시방향:31.0
18:20:19  가속도:5.440,5.507,5.665
18:20:19  자이로:0.366,-1.695,-1.550
18:20:19  자력계:-37.950,52.050,12.900
18:20:19  IMU방향유효:1
18:20:19  IMU방향:181.2
18:20:19  방향가속도크기:9.59
18:20:19  방향자이로크기:2.33
18:20:19  방향자세cos:0.9968
18:20:19  자기모델잔차:1.18
18:20:19  자기모델반경:1.017
18:20:19  방향채택:5328
18:20:19  방향거부:102766
18:20:19  송신:8316
18:20:19  GPS위성:8
18:20:19  GPS_HDOP:1.20
18:20:19  원시위도:37.496469
18:20:19  원시경도:126.958031
18:20:19  GPS채택:459
18:20:19  GPS이상치거부:18
18:20:19  GPS품질거부:1
18:20:19  GPS재기준:4
18:20:19  RSSI원시:-48
18:20:19  RSSI평활:-47.6
18:20:19  RSSI샘플:16173
18:20:19  RSSI경과ms:60
18:20:19  차량수신:8070
18:20:20  시각ms:877722
18:20:20  IMU시각ms:877710
18:20:20  위험:0
18:20:20  GPS유효:1
18:20:20  위도:37.496471
18:20:20  경도:126.958031
18:20:20  속도:0.256
18:20:20  방향:181.2
18:20:20  GPS원시속도:0.262
18:20:20  GPS원시방향유효:1
18:20:20  GPS원시방향:31.0
18:20:20  가속도:5.435,5.444,5.617
18:20:20  자이로:-3.084,-1.817,-0.443
18:20:20  자력계:-37.950,51.600,13.650
18:20:20  IMU방향유효:1
18:20:20  IMU방향:181.2
18:20:20  방향가속도크기:9.53
18:20:20  방향자이로크기:3.61
18:20:20  방향자세cos:0.9969
18:20:20  자기모델잔차:0.90
18:20:20  자기모델반경:1.045
18:20:20  방향채택:5341
18:20:20  방향거부:102766
18:20:20  송신:8317
18:20:20  GPS위성:8
18:20:20  GPS_HDOP:1.20
18:20:20  원시위도:37.496469
18:20:20  원시경도:126.958031
18:20:20  GPS채택:459
18:20:20  GPS이상치거부:18
18:20:20  GPS품질거부:1
18:20:20  GPS재기준:4
18:20:20  RSSI원시:-48
18:20:20  RSSI평활:-47.8
18:20:20  RSSI샘플:16176
18:20:20  RSSI경과ms:3
18:20:20  차량수신:8071
18:20:20  시각ms:877826
18:20:20  IMU시각ms:877814
18:20:20  위험:0
18:20:20  GPS유효:1
18:20:20  위도:37.496468
18:20:20  경도:126.958031
18:20:20  속도:0.256
18:20:20  방향:181.2
18:20:20  GPS원시속도:0.262
18:20:20  GPS원시방향유효:1
18:20:20  GPS원시방향:31.0
18:20:20  가속도:5.516,5.540,5.626
18:20:20  자이로:-1.031,1.779,-1.260
18:20:20  자력계:-38.250,53.400,14.250
18:20:20  IMU방향유효:1
18:20:20  IMU방향:181.2
18:20:20  방향가속도크기:9.63
18:20:20  방향자이로크기:2.41
18:20:20  방향자세cos:0.9965
18:20:20  자기모델잔차:0.54
18:20:20  자기모델반경:1.023
18:20:20  방향채택:5354
18:20:20  방향거부:102766
18:20:20  송신:8318
18:20:20  GPS위성:8
18:20:20  GPS_HDOP:1.20
18:20:20  원시위도:37.496469
18:20:20  원시경도:126.958031
18:20:20  GPS채택:459
18:20:20  GPS이상치거부:18
18:20:20  GPS품질거부:1
18:20:20  GPS재기준:4
18:20:20  RSSI원시:-48
18:20:20  RSSI평활:-47.8
18:20:20  RSSI샘플:16177
18:20:20  RSSI경과ms:54
18:20:20  차량수신:8072
18:20:20  시각ms:877930
18:20:20  IMU시각ms:877918
18:20:20  위험:0
18:20:20  GPS유효:1
18:20:20  위도:37.496468
18:20:20  경도:126.958031
18:20:20  속도:0.256
18:20:20  방향:180.9
18:20:20  GPS원시속도:0.262
18:20:20  GPS원시방향유효:1
18:20:20  GPS원시방향:31.0
18:20:20  가속도:5.564,5.478,5.722
18:20:20  자이로:0.336,0.427,2.351
18:20:20  자력계:-37.950,52.350,13.650
18:20:20  IMU방향유효:1
18:20:20  IMU방향:180.9
18:20:20  방향가속도크기:9.68
18:20:20  방향자이로크기:2.41
18:20:20  방향자세cos:0.9974
18:20:20  자기모델잔차:0.54
18:20:20  자기모델반경:1.031
18:20:20  방향채택:5367
18:20:20  방향거부:102766
18:20:20  송신:8319
18:20:20  GPS위성:8
18:20:20  GPS_HDOP:1.20
18:20:20  원시위도:37.496469
18:20:20  원시경도:126.958031
18:20:20  GPS채택:459
18:20:20  GPS이상치거부:18
18:20:20  GPS품질거부:1
18:20:20  GPS재기준:4
18:20:20  RSSI원시:-48
18:20:20  RSSI평활:-47.9
18:20:20  RSSI샘플:16180
18:20:20  RSSI경과ms:7
18:20:20  차량수신:8073
18:20:20  시각ms:878140
18:20:20  IMU시각ms:878128
18:20:20  위험:0
18:20:20  GPS유효:1
18:20:20  위도:37.496464
18:20:20  경도:126.958031
18:20:20  속도:0.245
18:20:20  방향:180.8
18:20:20  GPS원시속도:0.237
18:20:20  GPS원시방향유효:1
18:20:20  GPS원시방향:31.0
18:20:20  가속도:5.559,5.483,5.583
18:20:20  자이로:-1.160,-0.840,1.985
18:20:20  자력계:-37.200,52.800,13.650
18:20:20  IMU방향유효:1
18:20:20  IMU방향:180.8
18:20:20  방향가속도크기:9.60
18:20:20  방향자이로크기:2.45
18:20:20  방향자세cos:0.9966
18:20:20  자기모델잔차:0.75
18:20:20  자기모델반경:1.034
18:20:20  방향채택:5393
18:20:20  방향거부:102766
18:20:20  송신:8321
18:20:20  GPS위성:8
18:20:20  GPS_HDOP:1.20
18:20:20  원시위도:37.496460
18:20:20  원시경도:126.958030
18:20:20  GPS채택:461
18:20:20  GPS이상치거부:18
18:20:20  GPS품질거부:1
18:20:20  GPS재기준:4
18:20:20  RSSI원시:-48
18:20:20  RSSI평활:-47.8
18:20:20  RSSI샘플:16184
18:20:20  RSSI경과ms:0
18:20:20  차량수신:8075
18:20:20  시각ms:878245
18:20:20  IMU시각ms:878233
18:20:20  위험:0
18:20:20  GPS유효:1
18:20:20  위도:37.496464
18:20:20  경도:126.958031
18:20:20  속도:0.245
18:20:20  방향:180.8
18:20:20  GPS원시속도:0.237
18:20:20  GPS원시방향유효:1
18:20:20  GPS원시방향:31.0
18:20:20  가속도:5.478,5.578,5.559
18:20:20  자이로:-0.733,0.710,0.244
18:20:20  자력계:-38.400,50.400,13.200
18:20:20  IMU방향유효:1
18:20:20  IMU방향:180.8
18:20:20  방향가속도크기:9.59
18:20:20  방향자이로크기:1.05
18:20:20  방향자세cos:0.9958
18:20:20  자기모델잔차:1.53
18:20:20  자기모델반경:1.051
18:20:20  방향채택:5406
18:20:20  방향거부:102766
18:20:20  송신:8322
18:20:20  GPS위성:8
18:20:20  GPS_HDOP:1.20
18:20:20  원시위도:37.496460
18:20:20  원시경도:126.958030
18:20:20  GPS채택:461
18:20:20  GPS이상치거부:18
18:20:20  GPS품질거부:1
18:20:20  GPS재기준:4
18:20:20  RSSI원시:-48
18:20:20  RSSI평활:-47.9
18:20:20  RSSI샘플:16185
18:20:20  RSSI경과ms:58
18:20:20  차량수신:8076
18:20:20  시각ms:878455
18:20:20  IMU시각ms:878443
18:20:20  위험:0
18:20:20  GPS유효:1
18:20:20  위도:37.496464
18:20:20  경도:126.958031
18:20:20  속도:0.245
18:20:20  방향:180.6
18:20:20  GPS원시속도:0.237
18:20:20  GPS원시방향유효:1
18:20:20  GPS원시방향:31.0
18:20:20  가속도:5.569,5.420,5.818
18:20:20  자이로:0.710,0.634,0.863
18:20:20  자력계:-37.500,51.450,13.050
18:20:20  IMU방향유효:1
18:20:20  IMU방향:180.6
18:20:20  방향가속도크기:9.71
18:20:20  방향자이로크기:1.28
18:20:20  방향자세cos:0.9981
18:20:20  자기모델잔차:1.63
18:20:20  자기모델반경:1.039
18:20:20  방향채택:5432
18:20:20  방향거부:102766
18:20:20  송신:8324
18:20:20  GPS위성:8
18:20:20  GPS_HDOP:1.20
18:20:20  원시위도:37.496460
18:20:20  원시경도:126.958030
18:20:20  GPS채택:461
18:20:20  GPS이상치거부:18
18:20:20  GPS품질거부:1
18:20:20  GPS재기준:4
18:20:20  RSSI원시:-48
18:20:20  RSSI평활:-47.4
18:20:20  RSSI샘플:16190
18:20:20  RSSI경과ms:1
18:20:20  차량수신:8078
18:20:20  시각ms:878559
18:20:20  IMU시각ms:878547
18:20:20  위험:0
18:20:20  GPS유효:1
18:20:20  위도:37.496464
18:20:20  경도:126.958031
18:20:20  속도:0.245
18:20:20  방향:180.8
18:20:20  GPS원시속도:0.237
18:20:20  GPS원시방향유효:1
18:20:20  GPS원시방향:31.0
18:20:20  가속도:5.454,5.569,5.545
18:20:20  자이로:-1.618,1.840,1.985
18:20:20  자력계:-38.550,51.000,11.700
18:20:20  IMU방향유효:1
18:20:20  IMU방향:180.8
18:20:20  방향가속도크기:9.57
18:20:20  방향자이로크기:3.15
18:20:20  방향자세cos:0.9957
18:20:20  자기모델잔차:2.13
18:20:20  자기모델반경:0.999
18:20:20  방향채택:5445
18:20:20  방향거부:102766
18:20:20  송신:8325
18:20:20  GPS위성:8
18:20:20  GPS_HDOP:1.20
18:20:20  원시위도:37.496460
18:20:20  원시경도:126.958030
18:20:20  GPS채택:461
18:20:20  GPS이상치거부:18
18:20:20  GPS품질거부:1
18:20:20  GPS재기준:4
18:20:20  RSSI원시:-47
18:20:20  RSSI평활:-47.4
18:20:20  RSSI샘플:16191
18:20:20  RSSI경과ms:52
18:20:20  차량수신:8079
18:20:21  시각ms:878663
18:20:21  IMU시각ms:878651
18:20:21  위험:0
18:20:21  GPS유효:1
18:20:21  위도:37.496464
18:20:21  경도:126.958031
18:20:21  속도:0.245
18:20:21  방향:180.8
18:20:21  GPS원시속도:0.237
18:20:21  GPS원시방향유효:1
18:20:21  GPS원시방향:31.0
18:20:21  가속도:5.550,5.502,5.598
18:20:21  자이로:0.863,-0.641,0.153
18:20:21  자력계:-37.050,50.250,14.250
18:20:21  IMU방향유효:1
18:20:21  IMU방향:180.8
18:20:21  방향가속도크기:9.61
18:20:21  방향자이로크기:1.09
18:20:21  방향자세cos:0.9966
18:20:21  자기모델잔차:1.69
18:20:21  자기모델반경:1.098
18:20:21  방향채택:5458
18:20:21  방향거부:102766
18:20:21  송신:8326
18:20:21  GPS위성:8
18:20:21  GPS_HDOP:1.20
18:20:21  원시위도:37.496460
18:20:21  원시경도:126.958030
18:20:21  GPS채택:461
18:20:21  GPS이상치거부:18
18:20:21  GPS품질거부:1
18:20:21  GPS재기준:4
18:20:21  RSSI원시:-49
18:20:21  RSSI평활:-48.0
18:20:21  RSSI샘플:16194
18:20:21  RSSI경과ms:7
18:20:21  차량수신:8080
18:20:21  시각ms:878871
18:20:21  IMU시각ms:878859
18:20:21  위험:0
18:20:21  GPS유효:1
18:20:21  위도:37.496464
18:20:21  경도:126.958031
18:20:21  속도:0.245
18:20:21  방향:180.9
18:20:21  GPS원시속도:0.237
18:20:21  GPS원시방향유효:1
18:20:21  GPS원시방향:31.0
18:20:21  가속도:5.535,5.526,5.569
18:20:21  자이로:-0.557,-2.893,-1.183
18:20:21  자력계:-37.950,52.800,13.950
18:20:21  IMU방향유효:1
18:20:21  IMU방향:180.9
18:20:21  방향가속도크기:9.60
18:20:21  방향자이로크기:3.18
18:20:21  방향자세cos:0.9963
18:20:21  자기모델잔차:0.12
18:20:21  자기모델반경:1.031
18:20:21  방향채택:5484
18:20:21  방향거부:102766
18:20:21  송신:8328
18:20:21  GPS위성:8
18:20:21  GPS_HDOP:1.20
18:20:21  원시위도:37.496460
18:20:21  원시경도:126.958030
18:20:21  GPS채택:461
18:20:21  GPS이상치거부:18
18:20:21  GPS품질거부:1
18:20:21  GPS재기준:4
18:20:21  RSSI원시:-49
18:20:21  RSSI평활:-48.3
18:20:21  RSSI샘플:16197
18:20:21  RSSI경과ms:56
18:20:21  차량수신:8082
18:20:21  시각ms:879291
18:20:21  IMU시각ms:879279
18:20:21  위험:0
18:20:21  GPS유효:1
18:20:21  위도:37.496456
18:20:21  경도:126.958031
18:20:21  속도:0.234
18:20:21  방향:181.0
18:20:21  GPS원시속도:0.226
18:20:21  GPS원시방향유효:1
18:20:21  GPS원시방향:31.0
18:20:21  가속도:5.483,5.454,5.569
18:20:21  자이로:0.328,-5.115,1.588
18:20:21  자력계:-40.050,51.750,13.800
18:20:21  IMU방향유효:1
18:20:21  IMU방향:181.0
18:20:21  방향가속도크기:9.53
18:20:21  방향자이로크기:5.37
18:20:21  방향자세cos:0.9967
18:20:21  자기모델잔차:0.48
18:20:21  자기모델반경:1.020
18:20:21  방향채택:5536
18:20:21  방향거부:102766
18:20:21  송신:8332
18:20:21  GPS위성:8
18:20:21  GPS_HDOP:1.20
18:20:21  원시위도:37.496452
18:20:21  원시경도:126.958031
18:20:21  GPS채택:463
18:20:21  GPS이상치거부:18
18:20:21  GPS품질거부:1
18:20:21  GPS재기준:4
18:20:21  RSSI원시:-48
18:20:21  RSSI평활:-47.1
18:20:21  RSSI샘플:16206
18:20:21  RSSI경과ms:5
18:20:21  차량수신:8086
18:20:21  시각ms:879604
18:20:21  IMU시각ms:879592
18:20:21  위험:0
18:20:21  GPS유효:1
18:20:21  위도:37.496456
18:20:21  경도:126.958031
18:20:21  속도:0.234
18:20:21  방향:181.1
18:20:21  GPS원시속도:0.226
18:20:21  GPS원시방향유효:1
18:20:21  GPS원시방향:31.0
18:20:21  가속도:5.449,5.430,5.602
18:20:21  자이로:-0.359,-1.046,0.351
18:20:21  자력계:-38.550,51.750,13.050
18:20:21  IMU방향유효:1
18:20:21  IMU방향:181.1
18:20:21  방향가속도크기:9.52
18:20:21  방향자이로크기:1.16
18:20:21  방향자세cos:0.9970
18:20:21  자기모델잔차:0.88
18:20:21  자기모델반경:1.019
18:20:21  방향채택:5575
18:20:21  방향거부:102766
18:20:21  송신:8335
18:20:21  GPS위성:8
18:20:21  GPS_HDOP:1.20
18:20:21  원시위도:37.496452
18:20:21  원시경도:126.958031
18:20:21  GPS채택:463
18:20:21  GPS이상치거부:18
18:20:21  GPS품질거부:1
18:20:21  GPS재기준:4
18:20:21  RSSI원시:-47
18:20:21  RSSI평활:-47.0
18:20:21  RSSI샘플:16212
18:20:21  RSSI경과ms:7
18:20:21  차량수신:8089
18:20:22  시각ms:879708
18:20:22  IMU시각ms:879696
18:20:22  위험:0
18:20:22  GPS유효:1
18:20:22  위도:37.496456
18:20:22  경도:126.958031
18:20:22  속도:0.234
18:20:22  방향:181.2
18:20:22  GPS원시속도:0.226
18:20:22  GPS원시방향유효:1
18:20:22  GPS원시방향:31.0
18:20:22  가속도:5.416,5.516,5.689
18:20:22  자이로:-2.878,-0.855,0.229
18:20:22  자력계:-38.400,51.300,13.950
18:20:22  IMU방향유효:1
18:20:22  IMU방향:181.2
18:20:22  방향가속도크기:9.60
18:20:22  방향자이로크기:3.01
18:20:22  방향자세cos:0.9968
18:20:22  자기모델잔차:0.60
18:20:22  자기모델반경:1.053
18:20:22  방향채택:5588
18:20:22  방향거부:102766
18:20:22  송신:8336
18:20:22  GPS위성:8
18:20:22  GPS_HDOP:1.20
18:20:22  원시위도:37.496452
18:20:22  원시경도:126.958031
18:20:22  GPS채택:463
18:20:22  GPS이상치거부:18
18:20:22  GPS품질거부:1
18:20:22  GPS재기준:4
18:20:22  RSSI원시:-44
18:20:22  RSSI평활:-46.6
18:20:22  RSSI샘플:16214
18:20:22  RSSI경과ms:6
18:20:22  차량수신:8090
18:20:22  시각ms:879812
18:20:22  IMU시각ms:879800
18:20:22  위험:0
18:20:22  GPS유효:1
18:20:22  위도:37.496456
18:20:22  경도:126.958031
18:20:22  속도:0.234
18:20:22  방향:181.1
18:20:22  GPS원시속도:0.226
18:20:22  GPS원시방향유효:1
18:20:22  GPS원시방향:31.0
18:20:22  가속도:5.464,5.473,5.535
18:20:22  자이로:-1.321,0.229,-1.672
18:20:22  자력계:-37.500,51.450,14.250
18:20:22  IMU방향유효:1
18:20:22  IMU방향:181.1
18:20:22  방향가속도크기:9.51
18:20:22  방향자이로크기:2.14
18:20:22  방향자세cos:0.9964
18:20:22  자기모델잔차:0.85
18:20:22  자기모델반경:1.070
18:20:22  방향채택:5601
18:20:22  방향거부:102766
18:20:22  송신:8337
18:20:22  GPS위성:8
18:20:22  GPS_HDOP:1.20
18:20:22  원시위도:37.496452
18:20:22  원시경도:126.958031
18:20:22  GPS채택:463
18:20:22  GPS이상치거부:18
18:20:22  GPS품질거부:1
18:20:22  GPS재기준:4
18:20:22  RSSI원시:-47
18:20:22  RSSI평활:-46.9
18:20:22  RSSI샘플:16216
18:20:22  RSSI경과ms:5
18:20:22  차량수신:8091
18:20:22  시각ms:879916
18:20:22  IMU시각ms:879904
18:20:22  위험:0
18:20:22  GPS유효:1
18:20:22  위도:37.496456
18:20:22  경도:126.958031
18:20:22  속도:0.234
18:20:22  방향:181.1
18:20:22  GPS원시속도:0.226
18:20:22  GPS원시방향유효:1
18:20:22  GPS원시방향:31.0
18:20:22  가속도:5.425,5.401,5.598
18:20:22  자이로:-1.863,0.824,-0.573
18:20:22  자력계:-38.700,52.050,13.950
18:20:22  IMU방향유효:1
18:20:22  IMU방향:181.1
18:20:22  방향가속도크기:9.48
18:20:22  방향자이로크기:2.12
18:20:22  방향자세cos:0.9971
18:20:22  자기모델잔차:0.06
18:20:22  자기모델반경:1.035
18:20:22  방향채택:5614
18:20:22  방향거부:102766
18:20:22  송신:8338
18:20:22  GPS위성:8
18:20:22  GPS_HDOP:1.20
18:20:22  원시위도:37.496452
18:20:22  원시경도:126.958031
18:20:22  GPS채택:463
18:20:22  GPS이상치거부:18
18:20:22  GPS품질거부:1
18:20:22  GPS재기준:4
18:20:22  RSSI원시:-45
18:20:22  RSSI평활:-46.5
18:20:22  RSSI샘플:16217
18:20:22  RSSI경과ms:41
18:20:22  차량수신:8092
18:20:22  시각ms:880021
18:20:22  IMU시각ms:880009
18:20:22  위험:0
18:20:22  GPS유효:1
18:20:22  위도:37.496452
18:20:22  경도:126.958031
18:20:22  속도:0.212
18:20:22  방향:181.1
18:20:22  GPS원시속도:0.170
18:20:22  GPS원시방향유효:1
18:20:22  GPS원시방향:31.0
18:20:22  가속도:5.454,5.468,5.646
18:20:22  자이로:2.229,-3.779,-2.260
18:20:22  자력계:-38.400,51.600,13.650
18:20:22  IMU방향유효:1
18:20:22  IMU방향:181.1
18:20:22  방향가속도크기:9.57
18:20:22  방향자이로크기:4.93
18:20:22  방향자세cos:0.9970
18:20:22  자기모델잔차:0.64
18:20:22  자기모델반경:1.039
18:20:22  방향채택:5627
18:20:22  방향거부:102766
18:20:22  송신:8339
18:20:22  GPS위성:8
18:20:22  GPS_HDOP:1.20
18:20:22  원시위도:37.496448
18:20:22  원시경도:126.958033
18:20:22  GPS채택:464
18:20:22  GPS이상치거부:18
18:20:22  GPS품질거부:1
18:20:22  GPS재기준:4
18:20:22  RSSI원시:-48
18:20:22  RSSI평활:-46.9
18:20:22  RSSI샘플:16220
18:20:22  RSSI경과ms:4
18:20:22  차량수신:8093
18:20:22  시각ms:880126
18:20:22  IMU시각ms:880114
18:20:22  위험:0
18:20:22  GPS유효:1
18:20:22  위도:37.496452
18:20:22  경도:126.958031
18:20:22  속도:0.197
18:20:22  방향:181.1
18:20:22  GPS원시속도:0.170
18:20:22  GPS원시방향유효:1
18:20:22  GPS원시방향:31.0
18:20:22  가속도:5.622,5.468,5.545
18:20:22  자이로:0.031,-2.947,0.916
18:20:22  자력계:-40.050,51.000,12.000
18:20:22  IMU방향유효:1
18:20:22  IMU방향:181.1
18:20:22  방향가속도크기:9.60
18:20:22  방향자이로크기:3.09
18:20:22  방향자세cos:0.9965
18:20:22  자기모델잔차:1.06
18:20:22  자기모델반경:0.989
18:20:22  방향채택:5640
18:20:22  방향거부:102766
18:20:22  송신:8340
18:20:22  GPS위성:8
18:20:22  GPS_HDOP:1.20
18:20:22  원시위도:37.496448
18:20:22  원시경도:126.958033
18:20:22  GPS채택:465
18:20:22  GPS이상치거부:18
18:20:22  GPS품질거부:1
18:20:22  GPS재기준:4
18:20:22  RSSI원시:-49
18:20:22  RSSI평활:-47.5
18:20:22  RSSI샘플:16222
18:20:22  RSSI경과ms:4
18:20:22  차량수신:8094
18:20:22  시각ms:880336
18:20:22  IMU시각ms:880324
18:20:22  위험:0
18:20:22  GPS유효:1
18:20:22  위도:37.496449
18:20:22  경도:126.958031
18:20:22  속도:0.197
18:20:22  방향:181.0
18:20:22  GPS원시속도:0.170
18:20:22  GPS원시방향유효:1
18:20:22  GPS원시방향:31.0
18:20:22  가속도:5.353,5.535,5.689
18:20:22  자이로:-1.573,-0.702,0.870
18:20:22  자력계:-37.200,51.600,12.600
18:20:22  IMU방향유효:1
18:20:22  IMU방향:181.0
18:20:22  방향가속도크기:9.57
18:20:22  방향자이로크기:1.93
18:20:22  방향자세cos:0.9965
18:20:22  자기모델잔차:2.02
18:20:22  자기모델반경:1.028
18:20:22  방향채택:5666
18:20:22  방향거부:102766
18:20:22  송신:8342
18:20:22  GPS위성:8
18:20:22  GPS_HDOP:1.20
18:20:22  원시위도:37.496448
18:20:22  원시경도:126.958033
18:20:22  GPS채택:465
18:20:22  GPS이상치거부:18
18:20:22  GPS품질거부:1
18:20:22  GPS재기준:4
18:20:22  RSSI원시:-48
18:20:22  RSSI평활:-47.9
18:20:22  RSSI샘플:16226
18:20:22  RSSI경과ms:4
18:20:22  차량수신:8096
18:20:22  시각ms:880441
18:20:22  IMU시각ms:880429
18:20:22  위험:0
18:20:22  GPS유효:1
18:20:22  위도:37.496449
18:20:22  경도:126.958031
18:20:22  속도:0.197
18:20:22  방향:180.9
18:20:22  GPS원시속도:0.170
18:20:22  GPS원시방향유효:1
18:20:22  GPS원시방향:31.0
18:20:22  가속도:5.468,5.622,5.511
18:20:22  자이로:-0.450,-2.405,0.687
18:20:22  자력계:-38.250,52.650,14.550
18:20:22  IMU방향유효:1
18:20:22  IMU방향:180.9
18:20:22  방향가속도크기:9.59
18:20:22  방향자이로크기:2.54
18:20:22  방향자세cos:0.9951
18:20:22  자기모델잔차:0.37
18:20:22  자기모델반경:1.045
18:20:22  방향채택:5679
18:20:22  방향거부:102766
18:20:22  송신:8343
18:20:22  GPS위성:8
18:20:22  GPS_HDOP:1.20
18:20:22  원시위도:37.496448
18:20:22  원시경도:126.958033
18:20:22  GPS채택:465
18:20:22  GPS이상치거부:18
18:20:22  GPS품질거부:1
18:20:22  GPS재기준:4
18:20:22  RSSI원시:-47
18:20:22  RSSI평활:-47.4
18:20:22  RSSI샘플:16228
18:20:22  RSSI경과ms:4
18:20:22  차량수신:8097
18:20:22  시각ms:880545
18:20:22  IMU시각ms:880533
18:20:22  위험:0
18:20:22  GPS유효:1
18:20:22  위도:37.496449
18:20:22  경도:126.958031
18:20:22  속도:0.197
18:20:22  방향:181.1
18:20:22  GPS원시속도:0.170
18:20:22  GPS원시방향유효:1
18:20:22  GPS원시방향:31.0
18:20:22  가속도:5.377,5.574,5.646
18:20:22  자이로:0.313,1.962,1.565
18:20:22  자력계:-38.250,52.200,13.050
18:20:22  IMU방향유효:1
18:20:22  IMU방향:181.1
18:20:22  방향가속도크기:9.58
18:20:22  방향자이로크기:2.53
18:20:22  방향자세cos:0.9961
18:20:22  자기모델잔차:0.83
18:20:22  자기모델반경:1.014
18:20:22  방향채택:5692
18:20:22  방향거부:102766
18:20:22  송신:8344
18:20:22  GPS위성:8
18:20:22  GPS_HDOP:1.20
18:20:22  원시위도:37.496448
18:20:22  원시경도:126.958033
18:20:22  GPS채택:465
18:20:22  GPS이상치거부:18
18:20:22  GPS품질거부:1
18:20:22  GPS재기준:4
18:20:22  RSSI원시:-44
18:20:22  RSSI평활:-46.5
18:20:22  RSSI샘플:16230
18:20:22  RSSI경과ms:2
18:20:22  차량수신:8098
18:20:23  시각ms:880961
18:20:23  IMU시각ms:880949
18:20:23  위험:0
18:20:23  GPS유효:1
18:20:23  위도:37.496449
18:20:23  경도:126.958031
18:20:23  속도:0.193
18:20:23  방향:180.0
18:20:23  GPS원시속도:0.185
18:20:23  GPS원시방향유효:1
18:20:23  GPS원시방향:31.0
18:20:23  가속도:5.162,5.890,5.689
18:20:23  자이로:-2.573,-6.740,0.344
18:20:23  자력계:-36.750,53.400,13.050
18:20:23  IMU방향유효:1
18:20:23  IMU방향:180.0
18:20:23  방향가속도크기:9.68
18:20:23  방향자이로크기:7.22
18:20:23  방향자세cos:0.9927
18:20:23  자기모델잔차:1.11
18:20:23  자기모델반경:1.014
18:20:23  방향채택:5744
18:20:23  방향거부:102766
18:20:23  송신:8348
18:20:23  GPS위성:8
18:20:23  GPS_HDOP:1.20
18:20:23  원시위도:37.496444
18:20:23  원시경도:126.958034
18:20:23  GPS채택:466
18:20:23  GPS이상치거부:18
18:20:23  GPS품질거부:1
18:20:23  GPS재기준:4
18:20:23  RSSI원시:-47
18:20:23  RSSI평활:-45.5
18:20:23  RSSI샘플:16237
18:20:23  RSSI경과ms:36
18:20:23  차량수신:8102
18:20:23  시각ms:881066
18:20:23  IMU시각ms:881054
18:20:23  위험:0
18:20:23  GPS유효:1
18:20:23  위도:37.496445
18:20:23  경도:126.958031
18:20:23  속도:0.190
18:20:23  방향:179.5
18:20:23  GPS원시속도:0.185
18:20:23  GPS원시방향유효:1
18:20:23  GPS원시방향:31.0
18:20:23  가속도:5.315,5.684,5.329
18:20:23  자이로:-3.237,-2.840,0.328
18:20:23  자력계:-35.550,53.400,14.550
18:20:23  IMU방향유효:1
18:20:23  IMU방향:179.5
18:20:23  방향가속도크기:9.43
18:20:23  방향자이로크기:4.32
18:20:23  방향자세cos:0.9930
18:20:23  자기모델잔차:0.82
18:20:23  자기모델반경:1.071
18:20:23  방향채택:5757
18:20:23  방향거부:102766
18:20:23  송신:8349
18:20:23  GPS위성:8
18:20:23  GPS_HDOP:1.20
18:20:23  원시위도:37.496444
18:20:23  원시경도:126.958034
18:20:23  GPS채택:467
18:20:23  GPS이상치거부:18
18:20:23  GPS품질거부:1
18:20:23  GPS재기준:4
18:20:23  RSSI원시:-46
18:20:23  RSSI평활:-45.8
18:20:23  RSSI샘플:16240
18:20:23  RSSI경과ms:6
18:20:23  차량수신:8103
18:20:23  시각ms:881171
18:20:23  IMU시각ms:881159
18:20:23  위험:0
18:20:23  GPS유효:1
18:20:23  위도:37.496445
18:20:23  경도:126.958031
18:20:23  속도:0.190
18:20:23  방향:179.3
18:20:23  GPS원시속도:0.185
18:20:23  GPS원시방향유효:1
18:20:23  GPS원시방향:31.0
18:20:23  가속도:5.329,5.818,5.392
18:20:23  자이로:-3.298,-0.489,-0.832
18:20:23  자력계:-37.800,53.400,14.250
18:20:23  IMU방향유효:1
18:20:23  IMU방향:179.3
18:20:23  방향가속도크기:9.56
18:20:23  방향자이로크기:3.44
18:20:23  방향자세cos:0.9922
18:20:23  자기모델잔차:0.28
18:20:23  자기모델반경:1.030
18:20:23  방향채택:5770
18:20:23  방향거부:102766
18:20:23  송신:8350
18:20:23  GPS위성:8
18:20:23  GPS_HDOP:1.20
18:20:23  원시위도:37.496444
18:20:23  원시경도:126.958034
18:20:23  GPS채택:467
18:20:23  GPS이상치거부:18
18:20:23  GPS품질거부:1
18:20:23  GPS재기준:4
18:20:23  RSSI원시:-46
18:20:23  RSSI평활:-45.8
18:20:23  RSSI샘플:16242
18:20:23  RSSI경과ms:6
18:20:23  차량수신:8104
18:20:23  시각ms:881276
18:20:23  IMU시각ms:881264
18:20:23  위험:0
18:20:23  GPS유효:1
18:20:23  위도:37.496445
18:20:23  경도:126.958031
18:20:23  속도:0.190
18:20:23  방향:179.1
18:20:23  GPS원시속도:0.185
18:20:23  GPS원시방향유효:1
18:20:23  GPS원시방향:31.0
18:20:23  가속도:5.329,5.756,5.478
18:20:23  자이로:0.351,1.168,-0.344
18:20:23  자력계:-35.700,53.100,12.900
18:20:23  IMU방향유효:1
18:20:23  IMU방향:179.1
18:20:23  방향가속도크기:9.57
18:20:23  방향자이로크기:1.27
18:20:23  방향자세cos:0.9934
18:20:23  자기모델잔차:1.96
18:20:23  자기모델반경:1.031
18:20:23  방향채택:5783
18:20:23  방향거부:102766
18:20:23  송신:8351
18:20:23  GPS위성:8
18:20:23  GPS_HDOP:1.20
18:20:23  원시위도:37.496444
18:20:23  원시경도:126.958034
18:20:23  GPS채택:467
18:20:23  GPS이상치거부:18
18:20:23  GPS품질거부:1
18:20:23  GPS재기준:4
18:20:23  RSSI원시:-45
18:20:23  RSSI평활:-45.7
18:20:23  RSSI샘플:16243
18:20:23  RSSI경과ms:36
18:20:23  차량수신:8105
18:20:23  시각ms:881381
18:20:23  IMU시각ms:881369
18:20:23  위험:0
18:20:23  GPS유효:1
18:20:23  위도:37.496445
18:20:23  경도:126.958031
18:20:23  속도:0.190
18:20:23  방향:179.0
18:20:23  GPS원시속도:0.185
18:20:23  GPS원시방향유효:1
18:20:23  GPS원시방향:31.0
18:20:23  가속도:5.368,5.698,5.612
18:20:23  자이로:1.664,-3.718,1.542
18:20:23  자력계:-37.800,53.700,12.300
18:20:23  IMU방향유효:1
18:20:23  IMU방향:179.0
18:20:23  방향가속도크기:9.63
18:20:23  방향자이로크기:4.36
18:20:23  방향자세cos:0.9949
18:20:23  자기모델잔차:0.85
18:20:23  자기모델반경:0.974
18:20:23  방향채택:5796
18:20:23  방향거부:102766
18:20:23  송신:8352
18:20:23  GPS위성:8
18:20:23  GPS_HDOP:1.20
18:20:23  원시위도:37.496444
18:20:23  원시경도:126.958034
18:20:23  GPS채택:467
18:20:23  GPS이상치거부:18
18:20:23  GPS품질거부:1
18:20:23  GPS재기준:4
18:20:23  RSSI원시:-46
18:20:23  RSSI평활:-45.1
18:20:23  RSSI샘플:16246
18:20:23  RSSI경과ms:6
18:20:23  차량수신:8106
18:20:23  시각ms:881590
18:20:23  IMU시각ms:881578
18:20:23  위험:0
18:20:23  GPS유효:1
18:20:23  위도:37.496445
18:20:23  경도:126.958031
18:20:23  속도:0.190
18:20:23  방향:178.8
18:20:23  GPS원시속도:0.185
18:20:23  GPS원시방향유효:1
18:20:23  GPS원시방향:31.0
18:20:23  가속도:5.397,5.794,5.272
18:20:23  자이로:-2.832,0.634,-0.733
18:20:23  자력계:-37.950,52.800,12.600
18:20:23  IMU방향유효:1
18:20:23  IMU방향:178.8
18:20:23  방향가속도크기:9.51
18:20:23  방향자이로크기:2.99
18:20:23  방향자세cos:0.9916
18:20:23  자기모델잔차:1.00
18:20:23  자기모델반경:0.996
18:20:23  방향채택:5822
18:20:23  방향거부:102766
18:20:23  송신:8354
18:20:23  GPS위성:8
18:20:23  GPS_HDOP:1.20
18:20:23  원시위도:37.496444
18:20:23  원시경도:126.958034
18:20:23  GPS채택:467
18:20:23  GPS이상치거부:18
18:20:23  GPS품질거부:1
18:20:23  GPS재기준:4
18:20:23  RSSI원시:-47
18:20:23  RSSI평활:-45.8
18:20:23  RSSI샘플:16250
18:20:23  RSSI경과ms:2
18:20:23  차량수신:8108
18:20:24  시각ms:881902
18:20:24  IMU시각ms:881890
18:20:24  위험:0
18:20:24  GPS유효:1
18:20:24  위도:37.496445
18:20:24  경도:126.958031
18:20:24  속도:0.190
18:20:24  방향:178.7
18:20:24  GPS원시속도:0.185
18:20:24  GPS원시방향유효:1
18:20:24  GPS원시방향:31.0
18:20:24  가속도:5.296,5.770,5.583
18:20:24  자이로:0.229,1.809,0.718
18:20:24  자력계:-36.900,52.800,13.650
18:20:24  IMU방향유효:1
18:20:24  IMU방향:178.7
18:20:24  방향가속도크기:9.62
18:20:24  방향자이로크기:1.96
18:20:24  방향자세cos:0.9939
18:20:24  자기모델잔차:0.93
18:20:24  자기모델반경:1.038
18:20:24  방향채택:5861
18:20:24  방향거부:102766
18:20:24  송신:8357
18:20:24  GPS위성:8
18:20:24  GPS_HDOP:1.20
18:20:24  원시위도:37.496444
18:20:24  원시경도:126.958034
18:20:24  GPS채택:467
18:20:24  GPS이상치거부:18
18:20:24  GPS품질거부:1
18:20:24  GPS재기준:4
18:20:24  RSSI원시:-44
18:20:24  RSSI평활:-45.6
18:20:24  RSSI샘플:16256
18:20:24  RSSI경과ms:3
18:20:24  차량수신:8111
18:20:24  시각ms:882007
18:20:24  IMU시각ms:881995
18:20:24  위험:0
18:20:24  GPS유효:1
18:20:24  위도:37.496445
18:20:24  경도:126.958038
18:20:24  속도:0.192
18:20:24  방향:178.7
18:20:24  GPS원시속도:0.195
18:20:24  GPS원시방향유효:1
18:20:24  GPS원시방향:31.0
18:20:24  가속도:5.559,5.751,5.727
18:20:24  자이로:1.450,3.191,-1.496
18:20:24  자력계:-37.200,54.300,11.850
18:20:24  IMU방향유효:1
18:20:24  IMU방향:178.7
18:20:24  방향가속도크기:9.84
18:20:24  방향자이로크기:3.81
18:20:24  방향자세cos:0.9956
18:20:24  자기모델잔차:1.19
18:20:24  자기모델반경:0.960
18:20:24  방향채택:5874
18:20:24  방향거부:102766
18:20:24  송신:8358
18:20:24  GPS위성:8
18:20:24  GPS_HDOP:1.20
18:20:24  원시위도:37.496441
18:20:24  원시경도:126.958036
18:20:24  GPS채택:468
18:20:24  GPS이상치거부:18
18:20:24  GPS품질거부:1
18:20:24  GPS재기준:4
18:20:24  RSSI원시:-46
18:20:24  RSSI평활:-45.3
18:20:24  RSSI샘플:16258
18:20:24  RSSI경과ms:6
18:20:24  차량수신:8112
18:20:24  시각ms:882112
18:20:24  IMU시각ms:882100
18:20:24  위험:0
18:20:24  GPS유효:1
18:20:24  위도:37.496441
18:20:24  경도:126.958038
18:20:24  속도:0.193
18:20:24  방향:178.6
18:20:24  GPS원시속도:0.195
18:20:24  GPS원시방향유효:1
18:20:24  GPS원시방향:31.0
18:20:24  가속도:5.406,5.693,5.598
18:20:24  자이로:1.466,1.969,-2.802
18:20:24  자력계:-34.650,55.050,13.650
18:20:24  IMU방향유효:1
18:20:24  IMU방향:178.6
18:20:24  방향가속도크기:9.64
18:20:24  방향자이로크기:3.72
18:20:24  방향자세cos:0.9950
18:20:24  자기모델잔차:1.13
18:20:24  자기모델반경:1.035
18:20:24  방향채택:5887
18:20:24  방향거부:102766
18:20:24  송신:8359
18:20:24  GPS위성:8
18:20:24  GPS_HDOP:1.20
18:20:24  원시위도:37.496441
18:20:24  원시경도:126.958036
18:20:24  GPS채택:469
18:20:24  GPS이상치거부:18
18:20:24  GPS품질거부:1
18:20:24  GPS재기준:4
18:20:24  RSSI원시:-46
18:20:24  RSSI평활:-45.4
18:20:24  RSSI샘플:16260
18:20:24  RSSI경과ms:6
18:20:24  차량수신:8113
18:20:24  시각ms:882322
18:20:24  IMU시각ms:882310
18:20:24  위험:0
18:20:24  GPS유효:1
18:20:24  위도:37.496441
18:20:24  경도:126.958038
18:20:24  속도:0.193
18:20:24  방향:178.1
18:20:24  GPS원시속도:0.195
18:20:24  GPS원시방향유효:1
18:20:24  GPS원시방향:31.0
18:20:24  가속도:5.382,5.746,5.397
18:20:24  자이로:0.481,0.893,-0.191
18:20:24  자력계:-38.250,52.650,12.750
18:20:24  IMU방향유효:1
18:20:24  IMU방향:178.1
18:20:24  방향가속도크기:9.55
18:20:24  방향자이로크기:1.03
18:20:24  방향자세cos:0.9931
18:20:24  자기모델잔차:0.81
18:20:24  자기모델반경:0.998
18:20:24  방향채택:5913
18:20:24  방향거부:102766
18:20:24  송신:8361
18:20:24  GPS위성:8
18:20:24  GPS_HDOP:1.20
18:20:24  원시위도:37.496441
18:20:24  원시경도:126.958036
18:20:24  GPS채택:469
18:20:24  GPS이상치거부:18
18:20:24  GPS품질거부:1
18:20:24  GPS재기준:4
18:20:24  RSSI원시:-45
18:20:24  RSSI평활:-45.2
18:20:24  RSSI샘플:16264
18:20:24  RSSI경과ms:6
18:20:24  차량수신:8115
18:20:24  시각ms:882531
18:20:24  IMU시각ms:882519
18:20:24  위험:0
18:20:24  GPS유효:1
18:20:24  위도:37.496441
18:20:24  경도:126.958038
18:20:24  속도:0.193
18:20:24  방향:178.0
18:20:24  GPS원시속도:0.195
18:20:24  GPS원시방향유효:1
18:20:24  GPS원시방향:31.0
18:20:24  가속도:5.401,5.780,5.952
18:20:24  자이로:-1.679,-1.305,1.740
18:20:24  자력계:-36.300,55.350,14.550
18:20:24  IMU방향유효:1
18:20:24  IMU방향:178.0
18:20:24  방향가속도크기:9.90
18:20:24  방향자이로크기:2.75
18:20:24  방향자세cos:0.9960
18:20:24  자기모델잔차:0.56
18:20:24  자기모델반경:1.027
18:20:24  방향채택:5939
18:20:24  방향거부:102766
18:20:24  송신:8363
18:20:24  GPS위성:8
18:20:24  GPS_HDOP:1.20
18:20:24  원시위도:37.496441
18:20:24  원시경도:126.958036
18:20:24  GPS채택:469
18:20:24  GPS이상치거부:18
18:20:24  GPS품질거부:1
18:20:24  GPS재기준:4
18:20:24  RSSI원시:-47
18:20:24  RSSI평활:-45.9
18:20:24  RSSI샘플:16268
18:20:24  RSSI경과ms:5
18:20:24  차량수신:8117
18:20:24  시각ms:882635
18:20:24  IMU시각ms:882623
18:20:24  위험:0
18:20:24  GPS유효:1
18:20:24  위도:37.496441
18:20:24  경도:126.958038
18:20:24  속도:0.193
18:20:24  방향:178.0
18:20:24  GPS원시속도:0.195
18:20:24  GPS원시방향유효:1
18:20:24  GPS원시방향:31.0
18:20:24  가속도:5.349,5.689,5.832
18:20:24  자이로:-1.336,-4.038,0.008
18:20:24  자력계:-37.200,52.350,13.950
18:20:24  IMU방향유효:1
18:20:24  IMU방향:178.0
18:20:24  방향가속도크기:9.75
18:20:24  방향자이로크기:4.25
18:20:24  방향자세cos:0.9960
18:20:24  자기모델잔차:0.78
18:20:24  자기모델반경:1.049
18:20:24  방향채택:5952
18:20:24  방향거부:102766
18:20:24  송신:8364
18:20:24  GPS위성:8
18:20:24  GPS_HDOP:1.20
18:20:24  원시위도:37.496441
18:20:24  원시경도:126.958036
18:20:24  GPS채택:469
18:20:24  GPS이상치거부:18
18:20:24  GPS품질거부:1
18:20:24  GPS재기준:4
18:20:24  RSSI원시:-47
18:20:24  RSSI평활:-46.3
18:20:24  RSSI샘플:16270
18:20:24  RSSI경과ms:5
18:20:24  차량수신:8118
18:20:25  시각ms:882739
18:20:25  IMU시각ms:882727
18:20:25  위험:0
18:20:25  GPS유효:1
18:20:25  위도:37.496441
18:20:25  경도:126.958038
18:20:25  속도:0.193
18:20:25  방향:178.0
18:20:25  GPS원시속도:0.195
18:20:25  GPS원시방향유효:1
18:20:25  GPS원시방향:31.0
18:20:25  가속도:5.267,5.617,5.521
18:20:25  자이로:-4.382,-5.282,-2.115
18:20:25  자력계:-36.900,52.800,12.600
18:20:25  IMU방향유효:1
18:20:25  IMU방향:178.0
18:20:25  방향가속도크기:9.47
18:20:25  방향자이로크기:7.18
18:20:25  방향자세cos:0.9948
18:20:25  자기모델잔차:1.61
18:20:25  자기모델반경:1.010
18:20:25  방향채택:5965
18:20:25  방향거부:102766
18:20:25  송신:8365
18:20:25  GPS위성:8
18:20:25  GPS_HDOP:1.20
18:20:25  원시위도:37.496441
18:20:25  원시경도:126.958036
18:20:25  GPS채택:469
18:20:25  GPS이상치거부:18
18:20:25  GPS품질거부:1
18:20:25  GPS재기준:4
18:20:25  RSSI원시:-47
18:20:25  RSSI평활:-46.5
18:20:25  RSSI샘플:16272
18:20:25  RSSI경과ms:3
18:20:25  차량수신:8119
18:20:25  시각ms:882843
18:20:25  IMU시각ms:882831
18:20:25  위험:0
18:20:25  GPS유효:1
18:20:25  위도:37.496441
18:20:25  경도:126.958038
18:20:25  속도:0.193
18:20:25  방향:178.1
18:20:25  GPS원시속도:0.195
18:20:25  GPS원시방향유효:1
18:20:25  GPS원시방향:31.0
18:20:25  가속도:5.478,5.612,5.320
18:20:25  자이로:0.672,0.672,-0.702
18:20:25  자력계:-37.200,54.000,13.950
18:20:25  IMU방향유효:1
18:20:25  IMU방향:178.1
18:20:25  방향가속도크기:9.48
18:20:25  방향자이로크기:1.18
18:20:25  방향자세cos:0.9938
18:20:25  자기모델잔차:0.03
18:20:25  자기모델반경:1.020
18:20:25  방향채택:5978
18:20:25  방향거부:102766
18:20:25  송신:8366
18:20:25  GPS위성:8
18:20:25  GPS_HDOP:1.20
18:20:25  원시위도:37.496441
18:20:25  원시경도:126.958036
18:20:25  GPS채택:469
18:20:25  GPS이상치거부:18
18:20:25  GPS품질거부:1
18:20:25  GPS재기준:4
18:20:25  RSSI원시:-47
18:20:25  RSSI평활:-46.6
18:20:25  RSSI샘플:16273
18:20:25  RSSI경과ms:20
18:20:25  차량수신:8120
18:20:25  시각ms:882947
18:20:25  IMU시각ms:882935
18:20:25  위험:0
18:20:25  GPS유효:1
18:20:25  위도:37.496441
18:20:25  경도:126.958038
18:20:25  속도:0.194
18:20:25  방향:178.3
18:20:25  GPS원시속도:0.195
18:20:25  GPS원시방향유효:1
18:20:25  GPS원시방향:31.0
18:20:25  가속도:5.358,5.607,5.574
18:20:25  자이로:-0.450,-4.954,0.649
18:20:25  자력계:-36.300,52.650,13.500
18:20:25  IMU방향유효:1
18:20:25  IMU방향:178.3
18:20:25  방향가속도크기:9.55
18:20:25  방향자이로크기:5.02
18:20:25  방향자세cos:0.9954
18:20:25  자기모델잔차:1.44
18:20:25  자기모델반경:1.045
18:20:25  방향채택:5991
18:20:25  방향거부:102766
18:20:25  송신:8367
18:20:25  GPS위성:8
18:20:25  GPS_HDOP:1.20
18:20:25  원시위도:37.496437
18:20:25  원시경도:126.958038
18:20:25  GPS채택:470
18:20:25  GPS이상치거부:18
18:20:25  GPS품질거부:1
18:20:25  GPS재기준:4
18:20:25  RSSI원시:-46
18:20:25  RSSI평활:-46.4
18:20:25  RSSI샘플:16275
18:20:25  RSSI경과ms:15
18:20:25  차량수신:8121
18:20:25  시각ms:883052
18:20:25  IMU시각ms:883040
18:20:25  위험:0
18:20:25  GPS유효:1
18:20:25  위도:37.496441
18:20:25  경도:126.958038
18:20:25  속도:0.194
18:20:25  방향:178.3
18:20:25  GPS원시속도:0.195
18:20:25  GPS원시방향유효:1
18:20:25  GPS원시방향:31.0
18:20:25  가속도:5.526,5.473,5.631
18:20:25  자이로:-2.046,0.481,-1.573
18:20:25  자력계:-37.050,52.950,12.750
18:20:25  IMU방향유효:1
18:20:25  IMU방향:178.3
18:20:25  방향가속도크기:9.60
18:20:25  방향자이로크기:2.62
18:20:25  방향자세cos:0.9969
18:20:25  자기모델잔차:1.35
18:20:25  자기모델반경:1.010
18:20:25  방향채택:6004
18:20:25  방향거부:102766
18:20:25  송신:8368
18:20:25  GPS위성:8
18:20:25  GPS_HDOP:1.20
18:20:25  원시위도:37.496437
18:20:25  원시경도:126.958038
18:20:25  GPS채택:470
18:20:25  GPS이상치거부:18
18:20:25  GPS품질거부:1
18:20:25  GPS재기준:4
18:20:25  RSSI원시:-46
18:20:25  RSSI평활:-46.1
18:20:25  RSSI샘플:16277
18:20:25  RSSI경과ms:16
18:20:25  차량수신:8122
18:20:25  시각ms:883157
18:20:25  IMU시각ms:883145
18:20:25  위험:0
18:20:25  GPS유효:1
18:20:25  위도:37.496437
18:20:25  경도:126.958038
18:20:25  속도:0.195
18:20:25  방향:178.3
18:20:25  GPS원시속도:0.195
18:20:25  GPS원시방향유효:1
18:20:25  GPS원시방향:31.0
18:20:25  가속도:5.344,5.559,5.622
18:20:25  자이로:1.794,2.565,-0.511
18:20:25  자력계:-36.150,53.550,12.600
18:20:25  IMU방향유효:1
18:20:25  IMU방향:178.3
18:20:25  방향가속도크기:9.54
18:20:25  방향자이로크기:3.17
18:20:25  방향자세cos:0.9960
18:20:25  자기모델잔차:1.68
18:20:25  자기모델반경:1.008
18:20:25  방향채택:6017
18:20:25  방향거부:102766
18:20:25  송신:8369
18:20:25  GPS위성:8
18:20:25  GPS_HDOP:1.20
18:20:25  원시위도:37.496437
18:20:25  원시경도:126.958038
18:20:25  GPS채택:471
18:20:25  GPS이상치거부:18
18:20:25  GPS품질거부:1
18:20:25  GPS재기준:4
18:20:25  RSSI원시:-47
18:20:25  RSSI평활:-46.4
18:20:25  RSSI샘플:16279
18:20:25  RSSI경과ms:19
18:20:25  차량수신:8123
18:20:25  시각ms:883262
18:20:25  IMU시각ms:883250
18:20:25  위험:0
18:20:25  GPS유효:1
18:20:25  위도:37.496437
18:20:25  경도:126.958038
18:20:25  속도:0.195
18:20:25  방향:178.3
18:20:25  GPS원시속도:0.195
18:20:25  GPS원시방향유효:1
18:20:25  GPS원시방향:31.0
18:20:25  가속도:5.253,5.741,5.602
18:20:25  자이로:1.336,0.496,2.779
18:20:25  자력계:-36.000,52.650,13.050
18:20:25  IMU방향유효:1
18:20:25  IMU방향:178.3
18:20:25  방향가속도크기:9.59
18:20:25  방향자이로크기:3.12
18:20:25  방향자세cos:0.9941
18:20:25  자기모델잔차:1.91
18:20:25  자기모델반경:1.038
18:20:25  방향채택:6030
18:20:25  방향거부:102766
18:20:25  송신:8370
18:20:25  GPS위성:8
18:20:25  GPS_HDOP:1.20
18:20:25  원시위도:37.496437
18:20:25  원시경도:126.958038
18:20:25  GPS채택:471
18:20:25  GPS이상치거부:18
18:20:25  GPS품질거부:1
18:20:25  GPS재기준:4
18:20:25  RSSI원시:-49
18:20:25  RSSI평활:-46.7
18:20:25  RSSI샘플:16281
18:20:25  RSSI경과ms:19
18:20:25  차량수신:8124
18:20:25  시각ms:883367
18:20:25  IMU시각ms:883355
18:20:25  위험:0
18:20:25  GPS유효:1
18:20:25  위도:37.496437
18:20:25  경도:126.958038
18:20:25  속도:0.195
18:20:25  방향:178.2
18:20:25  GPS원시속도:0.195
18:20:25  GPS원시방향유효:1
18:20:25  GPS원시방향:31.0
18:20:25  가속도:5.588,5.602,5.377
18:20:25  자이로:-2.382,0.328,1.008
18:20:25  자력계:-36.750,54.900,13.050
18:20:25  IMU방향유효:1
18:20:25  IMU방향:178.2
18:20:25  방향가속도크기:9.57
18:20:25  방향자이로크기:2.61
18:20:25  방향자세cos:0.9944
18:20:25  자기모델잔차:0.38
18:20:25  자기모델반경:0.988
18:20:25  방향채택:6043
18:20:25  방향거부:102766
18:20:25  송신:8371
18:20:25  GPS위성:8
18:20:25  GPS_HDOP:1.20
18:20:25  원시위도:37.496437
18:20:25  원시경도:126.958038
18:20:25  GPS채택:471
18:20:25  GPS이상치거부:18
18:20:25  GPS품질거부:1
18:20:25  GPS재기준:4
18:20:25  RSSI원시:-48
18:20:25  RSSI평활:-47.0
18:20:25  RSSI샘플:16282
18:20:25  RSSI경과ms:24
18:20:25  차량수신:8125
18:20:25  시각ms:883576
18:20:25  IMU시각ms:883564
18:20:25  위험:0
18:20:25  GPS유효:1
18:20:25  위도:37.496437
18:20:25  경도:126.958038
18:20:25  속도:0.195
18:20:25  방향:178.0
18:20:25  GPS원시속도:0.195
18:20:25  GPS원시방향유효:1
18:20:25  GPS원시방향:31.0
18:20:25  가속도:5.315,5.770,5.674
18:20:25  자이로:1.282,0.305,0.107
18:20:25  자력계:-37.050,53.400,14.250
18:20:25  IMU방향유효:1
18:20:25  IMU방향:178.0
18:20:25  방향가속도크기:9.68
18:20:25  방향자이로크기:1.32
18:20:25  방향자세cos:0.9945
18:20:25  자기모델잔차:0.15
18:20:25  자기모델반경:1.041
18:20:25  방향채택:6069
18:20:25  방향거부:102766
18:20:25  송신:8373
18:20:25  GPS위성:8
18:20:25  GPS_HDOP:1.20
18:20:25  원시위도:37.496437
18:20:25  원시경도:126.958038
18:20:25  GPS채택:471
18:20:25  GPS이상치거부:18
18:20:25  GPS품질거부:1
18:20:25  GPS재기준:4
18:20:25  RSSI원시:-46
18:20:25  RSSI평활:-46.5
18:20:25  RSSI샘플:16286
18:20:25  RSSI경과ms:23
18:20:25  차량수신:8127
18:20:26  시각ms:883784
18:20:26  IMU시각ms:883772
18:20:26  위험:0
18:20:26  GPS유효:1
18:20:26  위도:37.496437
18:20:26  경도:126.958038
18:20:26  속도:0.195
18:20:26  방향:177.8
18:20:26  GPS원시속도:0.195
18:20:26  GPS원시방향유효:1
18:20:26  GPS원시방향:31.0
18:20:26  가속도:5.636,5.507,5.602
18:20:26  자이로:-1.733,-3.756,-0.496
18:20:26  자력계:-35.400,53.100,13.200
18:20:26  IMU방향유효:1
18:20:26  IMU방향:177.8
18:20:26  방향가속도크기:9.67
18:20:26  방향자이로크기:4.17
18:20:26  방향자세cos:0.9966
18:20:26  자기모델잔차:1.94
18:20:26  자기모델반경:1.043
18:20:26  방향채택:6095
18:20:26  방향거부:102766
18:20:26  송신:8375
18:20:26  GPS위성:8
18:20:26  GPS_HDOP:1.20
18:20:26  원시위도:37.496437
18:20:26  원시경도:126.958038
18:20:26  GPS채택:471
18:20:26  GPS이상치거부:18
18:20:26  GPS품질거부:1
18:20:26  GPS재기준:4
18:20:26  RSSI원시:-47
18:20:26  RSSI평활:-46.1
18:20:26  RSSI샘플:16290
18:20:26  RSSI경과ms:11
18:20:26  차량수신:8129
