18:20:14  시각ms:864724
18:20:14  IMU시각ms:864723
18:20:14  위험:0
18:20:14  원시위험:0
18:20:14  GPS유효:1
18:20:14  위도:37.496553
18:20:14  경도:126.957935
18:20:14  속도:0.05
18:20:14  방향:0.0
18:20:14  이동방향유효:0
18:20:14  GPS이동방향:118.2
18:20:14  차체방향유효:1
18:20:14  차체방향:197.4
18:20:14  후진판정:0
18:20:14  IMU요회전속도:0.00
18:20:14  방향가속도크기:9.58
18:20:14  방향자이로크기:3.29
18:20:14  방향자세cos:1.0000
18:20:14  자기모델잔차:1.98
18:20:14  자기모델반경:1.374
18:20:14  방향채택:29851
18:20:14  방향거부:79211
18:20:14  GPS원시속도:0.041
18:20:14  GPS원시방향유효:1
18:20:14  GPS원시방향:118.2
18:20:14  가속도:-0.47,0.43,9.56
18:20:14  자이로:1.8,-0.4,-2.7
18:20:14  자력계:-32.400,-28.650,0.000
18:20:14  충격값:0.15
18:20:14  충격피크:0.24
18:20:14  마지막충격발생값:0.00
18:20:14  마지막충격발생ms:0
18:20:14  송신:8324
18:20:14  지팡이수신:8050
18:20:14  GPS위성:8
18:20:14  GPS_HDOP:1.20
18:20:14  원시위도:37.496538
18:20:14  원시경도:126.957930
18:20:14  GPS채택:155
18:20:14  GPS이상치거부:13
18:20:14  GPS품질거부:70
18:20:14  GPS재기준:4
18:20:14  계산거리:9.55
18:20:14  접근속도:0.00
18:20:14  TTC:999.00
18:20:14  방향오차:123.5
18:20:14  전방여부:0
18:20:14  위험음성횟수:0
18:20:14  충격음성횟수:0
18:20:14  마지막위험음성:0
18:20:14  RSSI원시:-45
18:20:14  RSSI평활:-44.3
18:20:14  RSSI샘플:8050
18:20:14  RSSI경과ms:22
18:20:14  위험송신:8050
18:20:14  시각ms:864829
18:20:14  IMU시각ms:864828
18:20:14  위험:0
18:20:14  원시위험:0
18:20:14  GPS유효:1
18:20:14  위도:37.496553
18:20:14  경도:126.957935
18:20:14  속도:0.05
18:20:14  방향:0.0
18:20:14  이동방향유효:0
18:20:14  GPS이동방향:118.2
18:20:14  차체방향유효:1
18:20:14  차체방향:197.4
18:20:14  후진판정:0
18:20:14  IMU요회전속도:0.00
18:20:14  방향가속도크기:9.75
18:20:14  방향자이로크기:1.53
18:20:14  방향자세cos:0.9995
18:20:14  자기모델잔차:1.77
18:20:14  자기모델반경:1.389
18:20:14  방향채택:29864
18:20:14  방향거부:79211
18:20:14  GPS원시속도:0.041
18:20:14  GPS원시방향유효:1
18:20:14  GPS원시방향:118.2
18:20:14  가속도:-0.72,0.38,9.72
18:20:14  자이로:-0.6,1.2,-0.7
18:20:14  자력계:-32.850,-27.900,-0.300
18:20:14  충격값:0.18
18:20:14  충격피크:0.18
18:20:14  마지막충격발생값:0.00
18:20:14  마지막충격발생ms:0
18:20:14  송신:8325
18:20:14  지팡이수신:8051
18:20:14  GPS위성:8
18:20:14  GPS_HDOP:1.20
18:20:14  원시위도:37.496538
18:20:14  원시경도:126.957930
18:20:14  GPS채택:155
18:20:14  GPS이상치거부:13
18:20:14  GPS품질거부:70
18:20:14  GPS재기준:4
18:20:14  계산거리:9.55
18:20:14  접근속도:0.00
18:20:14  TTC:999.00
18:20:14  방향오차:123.5
18:20:14  전방여부:0
18:20:14  위험음성횟수:0
18:20:14  충격음성횟수:0
18:20:14  마지막위험음성:0
18:20:14  RSSI원시:-42
18:20:14  RSSI평활:-43.9
18:20:14  RSSI샘플:8051
18:20:14  RSSI경과ms:22
18:20:14  위험송신:8051
18:20:14  시각ms:865046
18:20:14  IMU시각ms:865023
18:20:14  위험:0
18:20:14  원시위험:0
18:20:14  GPS유효:1
18:20:14  위도:37.496553
18:20:14  경도:126.957935
18:20:14  속도:0.05
18:20:14  방향:0.0
18:20:14  이동방향유효:0
18:20:14  GPS이동방향:118.2
18:20:14  차체방향유효:1
18:20:14  차체방향:197.4
18:20:14  후진판정:0
18:20:14  IMU요회전속도:0.00
18:20:14  방향가속도크기:9.73
18:20:14  방향자이로크기:0.62
18:20:14  방향자세cos:0.9999
18:20:14  자기모델잔차:2.55
18:20:14  자기모델반경:1.290
18:20:14  방향채택:29888
18:20:14  방향거부:79211
18:20:14  GPS원시속도:0.041
18:20:14  GPS원시방향유효:1
18:20:14  GPS원시방향:118.2
18:20:14  가속도:-0.57,0.39,9.70
18:20:14  자이로:0.3,0.4,-0.3
18:20:14  자력계:-29.850,-27.750,0.450
18:20:14  충격값:0.05
18:20:14  충격피크:0.17
18:20:14  마지막충격발생값:0.00
18:20:14  마지막충격발생ms:0
18:20:14  송신:8327
18:20:14  지팡이수신:8053
18:20:14  GPS위성:8
18:20:14  GPS_HDOP:1.20
18:20:14  원시위도:37.496538
18:20:14  원시경도:126.957930
18:20:14  GPS채택:155
18:20:14  GPS이상치거부:13
18:20:14  GPS품질거부:70
18:20:14  GPS재기준:4
18:20:14  계산거리:9.55
18:20:14  접근속도:0.00
18:20:14  TTC:999.00
18:20:14  방향오차:123.5
18:20:14  전방여부:0
18:20:14  위험음성횟수:0
18:20:14  충격음성횟수:0
18:20:14  마지막위험음성:0
18:20:14  RSSI원시:-44
18:20:14  RSSI평활:-43.9
18:20:14  RSSI샘플:8053
18:20:14  RSSI경과ms:28
18:20:14  위험송신:8053
18:20:14  시각ms:865149
18:20:14  IMU시각ms:865125
18:20:14  위험:0
18:20:14  원시위험:0
18:20:14  GPS유효:1
18:20:14  위도:37.496553
18:20:14  경도:126.957935
18:20:14  속도:0.05
18:20:14  방향:0.0
18:20:14  이동방향유효:0
18:20:14  GPS이동방향:118.2
18:20:14  차체방향유효:1
18:20:14  차체방향:197.4
18:20:14  후진판정:0
18:20:14  IMU요회전속도:0.00
18:20:14  방향가속도크기:9.59
18:20:14  방향자이로크기:2.91
18:20:14  방향자세cos:0.9999
18:20:14  자기모델잔차:3.94
18:20:14  자기모델반경:1.344
18:20:14  방향채택:29899
18:20:14  방향거부:79211
18:20:14  GPS원시속도:0.041
18:20:14  GPS원시방향유효:1
18:20:14  GPS원시방향:118.2
18:20:14  가속도:-0.57,0.48,9.56
18:20:14  자이로:-1.1,2.6,0.7
18:20:14  자력계:-31.500,-28.500,1.950
18:20:14  충격값:0.12
18:20:14  충격피크:0.26
18:20:14  마지막충격발생값:0.00
18:20:14  마지막충격발생ms:0
18:20:14  송신:8328
18:20:14  지팡이수신:8054
18:20:14  GPS위성:8
18:20:14  GPS_HDOP:1.20
18:20:14  원시위도:37.496538
18:20:14  원시경도:126.957930
18:20:14  GPS채택:155
18:20:14  GPS이상치거부:13
18:20:14  GPS품질거부:70
18:20:14  GPS재기준:4
18:20:14  계산거리:9.55
18:20:14  접근속도:0.00
18:20:14  TTC:999.00
18:20:14  방향오차:123.5
18:20:14  전방여부:0
18:20:14  위험음성횟수:0
18:20:14  충격음성횟수:0
18:20:14  마지막위험음성:0
18:20:14  RSSI원시:-45
18:20:14  RSSI평활:-44.1
18:20:14  RSSI샘플:8054
18:20:14  RSSI경과ms:26
18:20:14  위험송신:8054
18:20:14  시각ms:865252
18:20:14  IMU시각ms:865228
18:20:14  위험:0
18:20:14  원시위험:0
18:20:14  GPS유효:1
18:20:14  위도:37.496552
18:20:14  경도:126.957935
18:20:14  속도:0.04
18:20:14  방향:0.0
18:20:14  이동방향유효:0
18:20:14  GPS이동방향:118.2
18:20:14  차체방향유효:1
18:20:14  차체방향:197.3
18:20:14  후진판정:0
18:20:14  IMU요회전속도:0.00
18:20:14  방향가속도크기:9.71
18:20:14  방향자이로크기:1.13
18:20:14  방향자세cos:0.9999
18:20:14  자기모델잔차:3.42
18:20:14  자기모델반경:1.372
18:20:14  방향채택:29910
18:20:14  방향거부:79211
18:20:14  GPS원시속도:0.041
18:20:14  GPS원시방향유효:1
18:20:14  GPS원시방향:118.2
18:20:14  가속도:-0.54,0.40,9.68
18:20:14  자이로:0.3,-0.7,-0.8
18:20:14  자력계:-32.250,-26.550,1.200
18:20:14  충격값:0.05
18:20:14  충격피크:0.13
18:20:14  마지막충격발생값:0.00
18:20:14  마지막충격발생ms:0
18:20:14  송신:8329
18:20:14  지팡이수신:8055
18:20:14  GPS위성:8
18:20:14  GPS_HDOP:1.20
18:20:14  원시위도:37.496537
18:20:14  원시경도:126.957930
18:20:14  GPS채택:156
18:20:14  GPS이상치거부:13
18:20:14  GPS품질거부:70
18:20:14  GPS재기준:4
18:20:14  계산거리:9.55
18:20:14  접근속도:0.00
18:20:14  TTC:999.00
18:20:14  방향오차:123.3
18:20:14  전방여부:0
18:20:14  위험음성횟수:0
18:20:14  충격음성횟수:0
18:20:14  마지막위험음성:0
18:20:14  RSSI원시:-44
18:20:14  RSSI평활:-44.1
18:20:14  RSSI샘플:8055
18:20:14  RSSI경과ms:27
18:20:14  위험송신:8055
18:20:14  시각ms:865366
18:20:14  IMU시각ms:865343
18:20:14  위험:0
18:20:14  원시위험:0
18:20:14  GPS유효:1
18:20:14  위도:37.496552
18:20:14  경도:126.957935
18:20:14  속도:0.04
18:20:14  방향:0.0
18:20:14  이동방향유효:0
18:20:14  GPS이동방향:118.2
18:20:14  차체방향유효:1
18:20:14  차체방향:197.3
18:20:14  후진판정:0
18:20:14  IMU요회전속도:0.00
18:20:14  방향가속도크기:9.75
18:20:14  방향자이로크기:2.37
18:20:14  방향자세cos:0.9998
18:20:14  자기모델잔차:1.73
18:20:14  자기모델반경:1.324
18:20:14  방향채택:29921
18:20:14  방향거부:79211
18:20:14  GPS원시속도:0.041
18:20:14  GPS원시방향유효:1
18:20:14  GPS원시방향:118.2
18:20:14  가속도:-0.55,0.35,9.73
18:20:14  자이로:1.7,-1.7,-0.1
18:20:14  자력계:-30.900,-28.350,-0.300
18:20:14  충격값:0.10
18:20:14  충격피크:0.16
18:20:14  마지막충격발생값:0.00
18:20:14  마지막충격발생ms:0
18:20:14  송신:8330
18:20:14  지팡이수신:8056
18:20:14  GPS위성:8
18:20:14  GPS_HDOP:1.20
18:20:14  원시위도:37.496537
18:20:14  원시경도:126.957930
18:20:14  GPS채택:156
18:20:14  GPS이상치거부:13
18:20:14  GPS품질거부:70
18:20:14  GPS재기준:4
18:20:14  계산거리:9.55
18:20:14  접근속도:0.00
18:20:14  TTC:999.00
18:20:14  방향오차:123.3
18:20:14  전방여부:0
18:20:14  위험음성횟수:0
18:20:14  충격음성횟수:0
18:20:14  마지막위험음성:0
18:20:14  RSSI원시:-44
18:20:14  RSSI평활:-44.1
18:20:14  RSSI샘플:8056
18:20:14  RSSI경과ms:27
18:20:14  위험송신:8056
18:20:15  시각ms:865665
18:20:15  IMU시각ms:865664
18:20:15  위험:0
18:20:15  원시위험:0
18:20:15  GPS유효:1
18:20:15  위도:37.496551
18:20:15  경도:126.957934
18:20:15  속도:0.10
18:20:15  방향:0.0
18:20:15  이동방향유효:0
18:20:15  GPS이동방향:118.2
18:20:15  차체방향유효:1
18:20:15  차체방향:197.3
18:20:15  후진판정:0
18:20:15  IMU요회전속도:-0.08
18:20:15  방향가속도크기:9.72
18:20:15  방향자이로크기:2.87
18:20:15  방향자세cos:0.9998
18:20:15  자기모델잔차:2.25
18:20:15  자기모델반경:1.305
18:20:15  방향채택:29957
18:20:15  방향거부:79211
18:20:15  GPS원시속도:0.159
18:20:15  GPS원시방향유효:1
18:20:15  GPS원시방향:118.2
18:20:15  가속도:-0.59,0.34,9.70
18:20:15  자이로:0.6,-1.0,2.6
18:20:15  자력계:-30.300,-27.750,0.150
18:20:15  충격값:0.11
18:20:15  충격피크:0.21
18:20:15  마지막충격발생값:0.00
18:20:15  마지막충격발생ms:0
18:20:15  송신:8333
18:20:15  지팡이수신:8059
18:20:15  GPS위성:8
18:20:15  GPS_HDOP:1.20
18:20:15  원시위도:37.496537
18:20:15  원시경도:126.957930
18:20:15  GPS채택:157
18:20:15  GPS이상치거부:13
18:20:15  GPS품질거부:70
18:20:15  GPS재기준:4
18:20:15  계산거리:9.55
18:20:15  접근속도:0.00
18:20:15  TTC:999.00
18:20:15  방향오차:123.2
18:20:15  전방여부:0
18:20:15  위험음성횟수:0
18:20:15  충격음성횟수:0
18:20:15  마지막위험음성:0
18:20:15  RSSI원시:-44
18:20:15  RSSI평활:-43.9
18:20:15  RSSI샘플:8059
18:20:15  RSSI경과ms:23
18:20:15  위험송신:8059
18:20:15  시각ms:865875
18:20:15  IMU시각ms:865874
18:20:15  위험:0
18:20:15  원시위험:0
18:20:15  GPS유효:1
18:20:15  위도:37.496551
18:20:15  경도:126.957934
18:20:15  속도:0.10
18:20:15  방향:0.0
18:20:15  이동방향유효:0
18:20:15  GPS이동방향:118.2
18:20:15  차체방향유효:1
18:20:15  차체방향:197.4
18:20:15  후진판정:0
18:20:15  IMU요회전속도:0.00
18:20:15  방향가속도크기:9.76
18:20:15  방향자이로크기:2.64
18:20:15  방향자세cos:0.9999
18:20:15  자기모델잔차:1.03
18:20:15  자기모델반경:1.350
18:20:15  방향채택:29983
18:20:15  방향거부:79211
18:20:15  GPS원시속도:0.159
18:20:15  GPS원시방향유효:1
18:20:15  GPS원시방향:118.2
18:20:15  가속도:-0.57,0.45,9.73
18:20:15  자이로:1.8,-1.1,1.6
18:20:15  자력계:-31.650,-27.900,-1.050
18:20:15  충격값:0.04
18:20:15  충격피크:0.22
18:20:15  마지막충격발생값:0.00
18:20:15  마지막충격발생ms:0
18:20:15  송신:8335
18:20:15  지팡이수신:8061
18:20:15  GPS위성:8
18:20:15  GPS_HDOP:1.20
18:20:15  원시위도:37.496537
18:20:15  원시경도:126.957930
18:20:15  GPS채택:157
18:20:15  GPS이상치거부:13
18:20:15  GPS품질거부:70
18:20:15  GPS재기준:4
18:20:15  계산거리:10.03
18:20:15  접근속도:0.00
18:20:15  TTC:999.00
18:20:15  방향오차:126.9
18:20:15  전방여부:0
18:20:15  위험음성횟수:0
18:20:15  충격음성횟수:0
18:20:15  마지막위험음성:0
18:20:15  RSSI원시:-44
18:20:15  RSSI평활:-43.9
18:20:15  RSSI샘플:8061
18:20:15  RSSI경과ms:22
18:20:15  위험송신:8061
18:20:16  시각ms:866612
18:20:16  IMU시각ms:866611
18:20:16  위험:0
18:20:16  원시위험:0
18:20:16  GPS유효:1
18:20:16  위도:37.496548
18:20:16  경도:126.957934
18:20:16  속도:0.14
18:20:16  방향:0.0
18:20:16  이동방향유효:0
18:20:16  GPS이동방향:118.2
18:20:16  차체방향유효:1
18:20:16  차체방향:197.4
18:20:16  후진판정:0
18:20:16  IMU요회전속도:0.00
18:20:16  방향가속도크기:9.77
18:20:16  방향자이로크기:1.34
18:20:16  방향자세cos:0.9999
18:20:16  자기모델잔차:2.03
18:20:16  자기모델반경:1.334
18:20:16  방향채택:30069
18:20:16  방향거부:79211
18:20:16  GPS원시속도:0.144
18:20:16  GPS원시방향유효:1
18:20:16  GPS원시방향:118.2
18:20:16  가속도:-0.58,0.41,9.74
18:20:16  자이로:1.1,0.7,0.1
18:20:16  자력계:-31.200,-28.350,0.000
18:20:16  충격값:0.06
18:20:16  충격피크:0.13
18:20:16  마지막충격발생값:0.00
18:20:16  마지막충격발생ms:0
18:20:16  송신:8342
18:20:16  지팡이수신:8068
18:20:16  GPS위성:8
18:20:16  GPS_HDOP:1.20
18:20:16  원시위도:37.496535
18:20:16  원시경도:126.957930
18:20:16  GPS채택:159
18:20:16  GPS이상치거부:13
18:20:16  GPS품질거부:70
18:20:16  GPS재기준:4
18:20:16  계산거리:9.79
18:20:16  접근속도:0.00
18:20:16  TTC:999.00
18:20:16  방향오차:124.0
18:20:16  전방여부:0
18:20:16  위험음성횟수:0
18:20:16  충격음성횟수:0
18:20:16  마지막위험음성:0
18:20:16  RSSI원시:-46
18:20:16  RSSI평활:-44.4
18:20:16  RSSI샘플:8068
18:20:16  RSSI경과ms:26
18:20:16  위험송신:8068
18:20:16  시각ms:866716
18:20:16  IMU시각ms:866716
18:20:16  위험:0
18:20:16  원시위험:0
18:20:16  GPS유효:1
18:20:16  위도:37.496548
18:20:16  경도:126.957934
18:20:16  속도:0.14
18:20:16  방향:0.0
18:20:16  이동방향유효:0
18:20:16  GPS이동방향:118.2
18:20:16  차체방향유효:1
18:20:16  차체방향:197.4
18:20:16  후진판정:0
18:20:16  IMU요회전속도:0.00
18:20:16  방향가속도크기:9.67
18:20:16  방향자이로크기:2.90
18:20:16  방향자세cos:0.9997
18:20:16  자기모델잔차:2.08
18:20:16  자기모델반경:1.325
18:20:16  방향채택:30082
18:20:16  방향거부:79211
18:20:16  GPS원시속도:0.144
18:20:16  GPS원시방향유효:1
18:20:16  GPS원시방향:118.2
18:20:16  가속도:-0.66,0.48,9.63
18:20:16  자이로:-2.0,0.6,-2.0
18:20:16  자력계:-30.900,-27.900,0.000
18:20:16  충격값:0.12
18:20:16  충격피크:0.16
18:20:16  마지막충격발생값:0.00
18:20:16  마지막충격발생ms:0
18:20:16  송신:8343
18:20:16  지팡이수신:8069
18:20:16  GPS위성:8
18:20:16  GPS_HDOP:1.20
18:20:16  원시위도:37.496535
18:20:16  원시경도:126.957930
18:20:16  GPS채택:159
18:20:16  GPS이상치거부:13
18:20:16  GPS품질거부:70
18:20:16  GPS재기준:4
18:20:16  계산거리:10.03
18:20:16  접근속도:0.00
18:20:16  TTC:999.00
18:20:16  방향오차:125.9
18:20:16  전방여부:0
18:20:16  위험음성횟수:0
18:20:16  충격음성횟수:0
18:20:16  마지막위험음성:0
18:20:16  RSSI원시:-44
18:20:16  RSSI평활:-44.3
18:20:16  RSSI샘플:8069
18:20:16  RSSI경과ms:28
18:20:16  위험송신:8069
18:20:16  시각ms:867242
18:20:16  IMU시각ms:867241
18:20:16  위험:0
18:20:16  원시위험:0
18:20:16  GPS유효:1
18:20:16  위도:37.496547
18:20:16  경도:126.957933
18:20:16  속도:0.14
18:20:16  방향:0.0
18:20:16  이동방향유효:0
18:20:16  GPS이동방향:118.2
18:20:16  차체방향유효:1
18:20:16  차체방향:197.5
18:20:16  후진판정:0
18:20:16  IMU요회전속도:0.00
18:20:16  방향가속도크기:9.60
18:20:16  방향자이로크기:1.86
18:20:16  방향자세cos:0.9998
18:20:16  자기모델잔차:3.06
18:20:16  자기모델반경:1.328
18:20:16  방향채택:30147
18:20:16  방향거부:79211
18:20:16  GPS원시속도:0.144
18:20:16  GPS원시방향유효:1
18:20:16  GPS원시방향:118.2
18:20:16  가속도:-0.62,0.40,9.57
18:20:16  자이로:0.6,-1.0,-1.5
18:20:16  자력계:-31.050,-29.700,1.200
18:20:16  충격값:0.14
18:20:16  충격피크:0.18
18:20:16  마지막충격발생값:0.00
18:20:16  마지막충격발생ms:0
18:20:16  송신:8348
18:20:16  지팡이수신:8074
18:20:16  GPS위성:8
18:20:16  GPS_HDOP:1.20
18:20:16  원시위도:37.496532
18:20:16  원시경도:126.957928
18:20:16  GPS채택:160
18:20:16  GPS이상치거부:13
18:20:16  GPS품질거부:70
18:20:16  GPS재기준:4
18:20:16  계산거리:10.29
18:20:16  접근속도:0.00
18:20:16  TTC:999.00
18:20:16  방향오차:126.6
18:20:16  전방여부:0
18:20:16  위험음성횟수:0
18:20:16  충격음성횟수:0
18:20:16  마지막위험음성:0
18:20:16  RSSI원시:-45
18:20:16  RSSI평활:-44.0
18:20:16  RSSI샘플:8074
18:20:16  RSSI경과ms:33
18:20:16  위험송신:8074
18:20:16  시각ms:867449
18:20:16  IMU시각ms:867449
18:20:16  위험:0
18:20:16  원시위험:0
18:20:17  GPS유효:1
18:20:17  위도:37.496546
18:20:17  경도:126.957933
18:20:17  속도:0.14
18:20:17  방향:0.0
18:20:17  이동방향유효:0
18:20:17  GPS이동방향:118.2
18:20:17  차체방향유효:1
18:20:17  차체방향:197.6
18:20:17  후진판정:0
18:20:17  IMU요회전속도:0.00
18:20:17  방향가속도크기:9.83
18:20:17  방향자이로크기:4.16
18:20:17  방향자세cos:1.0000
18:20:17  자기모델잔차:3.53
18:20:17  자기모델반경:1.285
18:20:17  방향채택:30171
18:20:17  방향거부:79211
18:20:17  GPS원시속도:0.144
18:20:17  GPS원시방향유효:1
18:20:17  GPS원시방향:118.2
18:20:17  가속도:-0.51,0.49,9.81
18:20:17  자이로:1.8,3.2,-1.9
18:20:17  자력계:-29.700,-28.350,1.500
18:20:17  충격값:0.13
18:20:17  충격피크:0.14
18:20:17  마지막충격발생값:0.00
18:20:17  마지막충격발생ms:0
18:20:17  송신:8350
18:20:17  지팡이수신:8076
18:20:17  GPS위성:8
18:20:17  GPS_HDOP:1.20
18:20:17  원시위도:37.496532
18:20:17  원시경도:126.957928
18:20:17  GPS채택:161
18:20:17  GPS이상치거부:13
18:20:17  GPS품질거부:70
18:20:17  GPS재기준:4
18:20:17  계산거리:10.03
18:20:17  접근속도:0.00
18:20:17  TTC:999.00
18:20:17  방향오차:124.7
18:20:17  전방여부:0
18:20:17  위험음성횟수:0
18:20:17  충격음성횟수:0
18:20:17  마지막위험음성:0
18:20:17  RSSI원시:-44
18:20:17  RSSI평활:-44.0
18:20:17  RSSI샘플:8076
18:20:17  RSSI경과ms:31
18:20:17  위험송신:8076
18:20:17  시각ms:867764
18:20:17  IMU시각ms:867764
18:20:17  위험:0
18:20:17  원시위험:0
18:20:17  GPS유효:1
18:20:17  위도:37.496546
18:20:17  경도:126.957933
18:20:17  속도:0.14
18:20:17  방향:0.0
18:20:17  이동방향유효:0
18:20:17  GPS이동방향:118.2
18:20:17  차체방향유효:1
18:20:17  차체방향:197.6
18:20:17  후진판정:0
18:20:17  IMU요회전속도:0.00
18:20:17  방향가속도크기:9.64
18:20:17  방향자이로크기:1.67
18:20:17  방향자세cos:0.9999
18:20:17  자기모델잔차:2.21
18:20:17  자기모델반경:1.344
18:20:17  방향채택:30210
18:20:17  방향거부:79211
18:20:17  GPS원시속도:0.144
18:20:17  GPS원시방향유효:1
18:20:17  GPS원시방향:118.2
18:20:17  가속도:-0.53,0.41,9.62
18:20:17  자이로:1.2,1.1,-0.3
18:20:17  자력계:-31.500,-28.050,0.150
18:20:17  충격값:0.09
18:20:17  충격피크:0.19
18:20:17  마지막충격발생값:0.00
18:20:17  마지막충격발생ms:0
18:20:17  송신:8353
18:20:17  지팡이수신:8079
18:20:17  GPS위성:8
18:20:17  GPS_HDOP:1.20
18:20:17  원시위도:37.496532
18:20:17  원시경도:126.957928
18:20:17  GPS채택:161
18:20:17  GPS이상치거부:13
18:20:17  GPS품질거부:70
18:20:17  GPS재기준:4
18:20:17  계산거리:10.82
18:20:17  접근속도:0.00
18:20:17  TTC:999.00
18:20:17  방향오차:126.8
18:20:17  전방여부:0
18:20:17  위험음성횟수:0
18:20:17  충격음성횟수:0
18:20:17  마지막위험음성:0
18:20:17  RSSI원시:-45
18:20:17  RSSI평활:-44.5
18:20:17  RSSI샘플:8079
18:20:17  RSSI경과ms:32
18:20:17  위험송신:8079
18:20:17  시각ms:867869
18:20:17  IMU시각ms:867869
18:20:17  위험:0
18:20:17  원시위험:0
18:20:17  GPS유효:1
18:20:17  위도:37.496545
18:20:17  경도:126.957933
18:20:17  속도:0.14
18:20:17  방향:0.0
18:20:17  이동방향유효:0
18:20:17  GPS이동방향:118.2
18:20:17  차체방향유효:1
18:20:17  차체방향:197.5
18:20:17  후진판정:0
18:20:17  IMU요회전속도:0.00
18:20:17  방향가속도크기:9.74
18:20:17  방향자이로크기:2.42
18:20:17  방향자세cos:0.9999
18:20:17  자기모델잔차:2.21
18:20:17  자기모델반경:1.330
18:20:17  방향채택:30223
18:20:17  방향거부:79211
18:20:17  GPS원시속도:0.144
18:20:17  GPS원시방향유효:1
18:20:17  GPS원시방향:118.2
18:20:17  가속도:-0.53,0.39,9.72
18:20:17  자이로:0.4,-0.4,-2.4
18:20:17  자력계:-31.050,-28.050,0.150
18:20:17  충격값:0.07
18:20:17  충격피크:0.16
18:20:17  마지막충격발생값:0.00
18:20:17  마지막충격발생ms:0
18:20:17  송신:8354
18:20:17  지팡이수신:8080
18:20:17  GPS위성:8
18:20:17  GPS_HDOP:1.20
18:20:17  원시위도:37.496532
18:20:17  원시경도:126.957928
18:20:17  GPS채택:161
18:20:17  GPS이상치거부:13
18:20:17  GPS품질거부:70
18:20:17  GPS재기준:4
18:20:17  계산거리:10.82
18:20:17  접근속도:0.00
18:20:17  TTC:999.00
18:20:17  방향오차:126.8
18:20:17  전방여부:0
18:20:17  위험음성횟수:0
18:20:17  충격음성횟수:0
18:20:17  마지막위험음성:0
18:20:17  RSSI원시:-42
18:20:17  RSSI평활:-44.0
18:20:17  RSSI샘플:8080
18:20:17  RSSI경과ms:34
18:20:17  위험송신:8080
18:20:17  시각ms:868079
18:20:17  IMU시각ms:868079
18:20:17  위험:0
18:20:17  원시위험:0
18:20:17  GPS유효:1
18:20:17  위도:37.496545
18:20:17  경도:126.957933
18:20:17  속도:0.14
18:20:17  방향:0.0
18:20:17  이동방향유효:0
18:20:17  GPS이동방향:118.2
18:20:17  차체방향유효:1
18:20:17  차체방향:197.5
18:20:17  후진판정:0
18:20:17  IMU요회전속도:0.00
18:20:17  방향가속도크기:9.77
18:20:17  방향자이로크기:2.84
18:20:17  방향자세cos:0.9998
18:20:17  자기모델잔차:2.38
18:20:17  자기모델반경:1.335
18:20:17  방향채택:30249
18:20:17  방향거부:79211
18:20:17  GPS원시속도:0.144
18:20:17  GPS원시방향유효:1
18:20:17  GPS원시방향:118.2
18:20:17  가속도:-0.62,0.49,9.73
18:20:17  자이로:1.3,-0.3,-2.5
18:20:17  자력계:-31.200,-27.900,0.300
18:20:17  충격값:0.09
18:20:17  충격피크:0.20
18:20:17  마지막충격발생값:0.00
18:20:17  마지막충격발생ms:0
18:20:17  송신:8356
18:20:17  지팡이수신:8082
18:20:17  GPS위성:8
18:20:17  GPS_HDOP:1.20
18:20:17  원시위도:37.496532
18:20:17  원시경도:126.957928
18:20:17  GPS채택:161
18:20:17  GPS이상치거부:13
18:20:17  GPS품질거부:70
18:20:17  GPS재기준:4
18:20:17  계산거리:10.82
18:20:17  접근속도:0.00
18:20:17  TTC:999.00
18:20:17  방향오차:126.8
18:20:17  전방여부:0
18:20:17  위험음성횟수:0
18:20:17  충격음성횟수:0
18:20:17  마지막위험음성:0
18:20:17  RSSI원시:-42
18:20:17  RSSI평활:-43.8
18:20:17  RSSI샘플:8082
18:20:17  RSSI경과ms:31
18:20:17  위험송신:8082
18:20:17  시각ms:868299
18:20:17  IMU시각ms:868275
18:20:17  위험:0
18:20:17  원시위험:0
18:20:17  GPS유효:1
18:20:17  위도:37.496544
18:20:17  경도:126.957932
18:20:17  속도:0.14
18:20:17  방향:0.0
18:20:17  이동방향유효:0
18:20:17  GPS이동방향:118.2
18:20:17  차체방향유효:1
18:20:17  차체방향:197.5
18:20:17  후진판정:0
18:20:17  IMU요회전속도:0.00
18:20:17  방향가속도크기:9.57
18:20:17  방향자이로크기:2.37
18:20:17  방향자세cos:0.9998
18:20:17  자기모델잔차:2.38
18:20:17  자기모델반경:1.335
18:20:17  방향채택:30273
18:20:17  방향거부:79211
18:20:17  GPS원시속도:0.144
18:20:17  GPS원시방향유효:1
18:20:17  GPS원시방향:118.2
18:20:17  가속도:-0.64,0.49,9.54
18:20:17  자이로:0.5,1.2,-2.0
18:20:17  자력계:-31.200,-27.900,0.300
18:20:17  충격값:0.18
18:20:17  충격피크:0.18
18:20:17  마지막충격발생값:0.00
18:20:17  마지막충격발생ms:0
18:20:17  송신:8358
18:20:17  지팡이수신:8084
18:20:17  GPS위성:8
18:20:17  GPS_HDOP:1.20
18:20:17  원시위도:37.496530
18:20:17  원시경도:126.957925
18:20:17  GPS채택:162
18:20:17  GPS이상치거부:13
18:20:17  GPS품질거부:70
18:20:17  GPS재기준:4
18:20:17  계산거리:10.82
18:20:17  접근속도:0.00
18:20:17  TTC:999.00
18:20:17  방향오차:126.6
18:20:17  전방여부:0
18:20:17  위험음성횟수:0
18:20:17  충격음성횟수:0
18:20:17  마지막위험음성:0
18:20:17  RSSI원시:-44
18:20:17  RSSI평활:-43.8
18:20:17  RSSI샘플:8084
18:20:17  RSSI경과ms:45
18:20:17  위험송신:8084
18:20:17  시각ms:868391
18:20:17  IMU시각ms:868391
18:20:17  위험:0
18:20:17  원시위험:0
18:20:17  GPS유효:1
18:20:17  위도:37.496543
18:20:17  경도:126.957932
18:20:17  속도:0.13
18:20:17  방향:0.0
18:20:17  이동방향유효:0
18:20:17  GPS이동방향:118.2
18:20:17  차체방향유효:1
18:20:17  차체방향:197.7
18:20:17  후진판정:0
18:20:17  IMU요회전속도:0.00
18:20:17  방향가속도크기:9.76
18:20:17  방향자이로크기:4.65
18:20:17  방향자세cos:0.9998
18:20:17  자기모델잔차:1.78
18:20:17  자기모델반경:1.350
18:20:17  방향채택:30284
18:20:17  방향거부:79211
18:20:17  GPS원시속도:0.113
18:20:17  GPS원시방향유효:1
18:20:17  GPS원시방향:118.2
18:20:17  가속도:-0.61,0.46,9.73
18:20:17  자이로:4.4,-1.0,-0.9
18:20:17  자력계:-31.650,-27.900,-0.300
18:20:17  충격값:0.06
18:20:17  충격피크:0.19
18:20:17  마지막충격발생값:0.00
18:20:17  마지막충격발생ms:0
18:20:17  송신:8359
18:20:17  지팡이수신:8085
18:20:17  GPS위성:8
18:20:17  GPS_HDOP:1.20
18:20:17  원시위도:37.496530
18:20:17  원시경도:126.957925
18:20:17  GPS채택:163
18:20:17  GPS이상치거부:13
18:20:17  GPS품질거부:70
18:20:17  GPS재기준:4
18:20:17  계산거리:10.82
18:20:17  접근속도:0.00
18:20:17  TTC:999.00
18:20:17  방향오차:126.5
18:20:17  전방여부:0
18:20:17  위험음성횟수:0
18:20:17  충격음성횟수:0
18:20:17  마지막위험음성:0
18:20:17  RSSI원시:-45
18:20:17  RSSI평활:-44.1
18:20:17  RSSI샘플:8085
18:20:17  RSSI경과ms:33
18:20:17  위험송신:8085
18:20:18  시각ms:868706
18:20:18  IMU시각ms:868706
18:20:18  위험:0
18:20:18  원시위험:0
18:20:18  GPS유효:1
18:20:18  위도:37.496543
18:20:18  경도:126.957932
18:20:18  속도:0.13
18:20:18  방향:0.0
18:20:18  이동방향유효:0
18:20:18  GPS이동방향:118.2
18:20:18  차체방향유효:1
18:20:18  차체방향:197.7
18:20:18  후진판정:0
18:20:18  IMU요회전속도:0.00
18:20:18  방향가속도크기:9.60
18:20:18  방향자이로크기:3.67
18:20:18  방향자세cos:0.9999
18:20:18  자기모델잔차:3.04
18:20:18  자기모델반경:1.346
18:20:18  방향채택:30322
18:20:18  방향거부:79212
18:20:18  GPS원시속도:0.113
18:20:18  GPS원시방향유효:1
18:20:18  GPS원시방향:118.2
18:20:18  가속도:-0.60,0.45,9.57
18:20:18  자이로:2.5,-2.2,-1.5
18:20:18  자력계:-31.500,-27.300,0.900
18:20:18  충격값:0.11
18:20:18  충격피크:0.16
18:20:18  마지막충격발생값:0.00
18:20:18  마지막충격발생ms:0
18:20:18  송신:8362
18:20:18  지팡이수신:8088
18:20:18  GPS위성:8
18:20:18  GPS_HDOP:1.20
18:20:18  원시위도:37.496530
18:20:18  원시경도:126.957925
18:20:18  GPS채택:163
18:20:18  GPS이상치거부:13
18:20:18  GPS품질거부:70
18:20:18  GPS재기준:4
18:20:18  계산거리:11.08
18:20:18  접근속도:0.00
18:20:18  TTC:999.00
18:20:18  방향오차:127.3
18:20:18  전방여부:0
18:20:18  위험음성횟수:0
18:20:18  충격음성횟수:0
18:20:18  마지막위험음성:0
18:20:18  RSSI원시:-45
18:20:18  RSSI평활:-44.2
18:20:18  RSSI샘플:8088
18:20:18  RSSI경과ms:36
18:20:18  위험송신:8088
18:20:18  시각ms:868916
18:20:18  IMU시각ms:868916
18:20:18  위험:0
18:20:18  원시위험:0
18:20:18  GPS유효:1
18:20:18  위도:37.496543
18:20:18  경도:126.957932
18:20:18  속도:0.13
18:20:18  방향:0.0
18:20:18  이동방향유효:0
18:20:18  GPS이동방향:118.2
18:20:18  차체방향유효:1
18:20:18  차체방향:197.7
18:20:18  후진판정:0
18:20:18  IMU요회전속도:0.00
18:20:18  방향가속도크기:9.75
18:20:18  방향자이로크기:3.78
18:20:18  방향자세cos:0.9999
18:20:18  자기모델잔차:2.43
18:20:18  자기모델반경:1.301
18:20:18  방향채택:30348
18:20:18  방향거부:79212
18:20:18  GPS원시속도:0.113
18:20:18  GPS원시방향유효:1
18:20:18  GPS원시방향:118.2
18:20:18  가속도:-0.55,0.46,9.73
18:20:18  자이로:-0.5,2.5,-2.8
18:20:18  자력계:-30.150,-27.450,0.300
18:20:18  충격값:0.05
18:20:18  충격피크:0.21
18:20:18  마지막충격발생값:0.00
18:20:18  마지막충격발생ms:0
18:20:18  송신:8364
18:20:18  지팡이수신:8090
18:20:18  GPS위성:8
18:20:18  GPS_HDOP:1.20
18:20:18  원시위도:37.496530
18:20:18  원시경도:126.957925
18:20:18  GPS채택:163
18:20:18  GPS이상치거부:13
18:20:18  GPS품질거부:70
18:20:18  GPS재기준:4
18:20:18  계산거리:11.34
18:20:18  접근속도:0.00
18:20:18  TTC:999.00
18:20:18  방향오차:128.8
18:20:18  전방여부:0
18:20:18  위험음성횟수:0
18:20:18  충격음성횟수:0
18:20:18  마지막위험음성:0
18:20:18  RSSI원시:-44
18:20:18  RSSI평활:-44.2
18:20:18  RSSI샘플:8090
18:20:18  RSSI경과ms:36
18:20:18  위험송신:8090
18:20:18  시각ms:869233
18:20:18  IMU시각ms:869232
18:20:18  위험:0
18:20:18  원시위험:0
18:20:18  GPS유효:1
18:20:18  위도:37.496542
18:20:18  경도:126.957931
18:20:18  속도:0.12
18:20:18  방향:0.0
18:20:18  이동방향유효:0
18:20:18  GPS이동방향:118.2
18:20:18  차체방향유효:1
18:20:18  차체방향:197.7
18:20:18  후진판정:0
18:20:18  IMU요회전속도:0.00
18:20:18  방향가속도크기:9.77
18:20:18  방향자이로크기:3.75
18:20:18  방향자세cos:0.9996
18:20:18  자기모델잔차:2.16
18:20:18  자기모델반경:1.329
18:20:18  방향채택:30387
18:20:18  방향거부:79212
18:20:18  GPS원시속도:0.113
18:20:18  GPS원시방향유효:1
18:20:18  GPS원시방향:118.2
18:20:18  가속도:-0.68,0.59,9.73
18:20:18  자이로:0.8,1.5,-3.3
18:20:18  자력계:-31.050,-28.500,0.150
18:20:18  충격값:0.19
18:20:18  충격피크:0.19
18:20:18  마지막충격발생값:0.00
18:20:18  마지막충격발생ms:0
18:20:18  송신:8367
18:20:18  지팡이수신:8093
18:20:18  GPS위성:8
18:20:18  GPS_HDOP:1.20
18:20:18  원시위도:37.496528
18:20:18  원시경도:126.957922
18:20:18  GPS채택:164
18:20:18  GPS이상치거부:13
18:20:18  GPS품질거부:70
18:20:18  GPS재기준:4
18:20:18  계산거리:11.08
18:20:18  접근속도:0.00
18:20:18  TTC:999.00
18:20:18  방향오차:127.8
18:20:18  전방여부:0
18:20:18  위험음성횟수:0
18:20:18  충격음성횟수:0
18:20:18  마지막위험음성:0
18:20:18  RSSI원시:-42
18:20:18  RSSI평활:-43.7
18:20:18  RSSI샘플:8093
18:20:18  RSSI경과ms:38
18:20:18  위험송신:8093
18:20:19  시각ms:869440
18:20:19  IMU시각ms:869440
18:20:19  위험:0
18:20:19  원시위험:0
18:20:19  GPS유효:1
18:20:19  위도:37.496541
18:20:19  경도:126.957930
18:20:19  속도:0.12
18:20:19  방향:0.0
18:20:19  이동방향유효:0
18:20:19  GPS이동방향:118.2
18:20:19  차체방향유효:1
18:20:19  차체방향:197.8
18:20:19  후진판정:0
18:20:19  IMU요회전속도:0.00
18:20:19  방향가속도크기:9.72
18:20:19  방향자이로크기:4.04
18:20:19  방향자세cos:0.9999
18:20:19  자기모델잔차:1.77
18:20:19  자기모델반경:1.343
18:20:19  방향채택:30411
18:20:19  방향거부:79212
18:20:19  GPS원시속도:0.129
18:20:19  GPS원시방향유효:1
18:20:19  GPS원시방향:118.2
18:20:19  가속도:-0.54,0.46,9.69
18:20:19  자이로:4.0,-0.2,0.1
18:20:19  자력계:-31.500,-29.250,-0.150
18:20:19  충격값:0.03
18:20:19  충격피크:0.18
18:20:19  마지막충격발생값:0.00
18:20:19  마지막충격발생ms:0
18:20:19  송신:8369
18:20:19  지팡이수신:8095
18:20:19  GPS위성:8
18:20:19  GPS_HDOP:1.20
18:20:19  원시위도:37.496528
18:20:19  원시경도:126.957922
18:20:19  GPS채택:165
18:20:19  GPS이상치거부:13
18:20:19  GPS품질거부:70
18:20:19  GPS재기준:4
18:20:19  계산거리:11.08
18:20:19  접근속도:0.00
18:20:19  TTC:999.00
18:20:19  방향오차:127.6
18:20:19  전방여부:0
18:20:19  위험음성횟수:0
18:20:19  충격음성횟수:0
18:20:19  마지막위험음성:0
18:20:19  RSSI원시:-45
18:20:19  RSSI평활:-43.8
18:20:19  RSSI샘플:8095
18:20:19  RSSI경과ms:33
18:20:19  위험송신:8095
18:20:19  시각ms:869545
18:20:19  IMU시각ms:869545
18:20:19  위험:0
18:20:19  원시위험:0
18:20:19  GPS유효:1
18:20:19  위도:37.496541
18:20:19  경도:126.957930
18:20:19  속도:0.12
18:20:19  방향:0.0
18:20:19  이동방향유효:0
18:20:19  GPS이동방향:118.2
18:20:19  차체방향유효:1
18:20:19  차체방향:197.7
18:20:19  후진판정:0
18:20:19  IMU요회전속도:0.00
18:20:19  방향가속도크기:9.66
18:20:19  방향자이로크기:2.36
18:20:19  방향자세cos:0.9997
18:20:19  자기모델잔차:1.26
18:20:19  자기모델반경:1.321
18:20:19  방향채택:30424
18:20:19  방향거부:79212
18:20:19  GPS원시속도:0.129
18:20:19  GPS원시방향유효:1
18:20:19  GPS원시방향:118.2
18:20:19  가속도:-0.66,0.49,9.62
18:20:19  자이로:1.5,-1.6,-0.7
18:20:19  자력계:-30.750,-27.300,-0.900
18:20:19  충격값:0.12
18:20:19  충격피크:0.17
18:20:19  마지막충격발생값:0.00
18:20:19  마지막충격발생ms:0
18:20:19  송신:8370
18:20:19  지팡이수신:8096
18:20:19  GPS위성:8
18:20:19  GPS_HDOP:1.20
18:20:19  원시위도:37.496528
18:20:19  원시경도:126.957922
18:20:19  GPS채택:165
18:20:19  GPS이상치거부:13
18:20:19  GPS품질거부:70
18:20:19  GPS재기준:4
18:20:19  계산거리:11.08
18:20:19  접근속도:0.00
18:20:19  TTC:999.00
18:20:19  방향오차:127.6
18:20:19  전방여부:0
18:20:19  위험음성횟수:0
18:20:19  충격음성횟수:0
18:20:19  마지막위험음성:0
18:20:19  RSSI원시:-45
18:20:19  RSSI평활:-44.1
18:20:19  RSSI샘플:8096
18:20:19  RSSI경과ms:36
18:20:19  위험송신:8096
18:20:19  시각ms:869755
18:20:19  IMU시각ms:869755
18:20:19  위험:0
18:20:19  원시위험:0
18:20:19  GPS유효:1
18:20:19  위도:37.496541
18:20:19  경도:126.957930
18:20:19  속도:0.12
18:20:19  방향:0.0
18:20:19  이동방향유효:0
18:20:19  GPS이동방향:118.2
18:20:19  차체방향유효:1
18:20:19  차체방향:197.7
18:20:19  후진판정:0
18:20:19  IMU요회전속도:0.00
18:20:19  방향가속도크기:9.76
18:20:19  방향자이로크기:2.23
18:20:19  방향자세cos:0.9999
18:20:19  자기모델잔차:1.83
18:20:19  자기모델반경:1.319
18:20:19  방향채택:30450
18:20:19  방향거부:79212
18:20:19  GPS원시속도:0.129
18:20:19  GPS원시방향유효:1
18:20:19  GPS원시방향:118.2
18:20:19  가속도:-0.61,0.46,9.73
18:20:19  자이로:1.0,-1.5,1.3
18:20:19  자력계:-30.750,-28.800,-0.150
18:20:19  충격값:0.06
18:20:19  충격피크:0.20
18:20:19  마지막충격발생값:0.00
18:20:19  마지막충격발생ms:0
18:20:19  송신:8372
18:20:19  지팡이수신:8098
18:20:19  GPS위성:8
18:20:19  GPS_HDOP:1.20
18:20:19  원시위도:37.496528
18:20:19  원시경도:126.957922
18:20:19  GPS채택:165
18:20:19  GPS이상치거부:13
18:20:19  GPS품질거부:70
18:20:19  GPS재기준:4
18:20:19  계산거리:11.34
18:20:19  접근속도:0.00
18:20:19  TTC:999.00
18:20:19  방향오차:129.1
18:20:19  전방여부:0
18:20:19  위험음성횟수:0
18:20:19  충격음성횟수:0
18:20:19  마지막위험음성:0
18:20:19  RSSI원시:-43
18:20:19  RSSI평활:-44.0
18:20:19  RSSI샘플:8098
18:20:19  RSSI경과ms:37
18:20:19  위험송신:8098
18:20:19  시각ms:869860
18:20:19  IMU시각ms:869860
18:20:19  위험:0
18:20:19  원시위험:0
18:20:19  GPS유효:1
18:20:19  위도:37.496541
18:20:19  경도:126.957930
18:20:19  속도:0.12
18:20:19  방향:0.0
18:20:19  이동방향유효:0
18:20:19  GPS이동방향:118.2
18:20:19  차체방향유효:1
18:20:19  차체방향:197.7
18:20:19  후진판정:0
18:20:19  IMU요회전속도:0.00
18:20:19  방향가속도크기:9.72
18:20:19  방향자이로크기:2.85
18:20:19  방향자세cos:0.9999
18:20:19  자기모델잔차:1.77
18:20:19  자기모델반경:1.360
18:20:19  방향채택:30463
18:20:19  방향거부:79212
18:20:19  GPS원시속도:0.129
18:20:19  GPS원시방향유효:1
18:20:19  GPS원시방향:118.2
18:20:19  가속도:-0.54,0.50,9.69
18:20:19  자이로:1.8,-2.2,0.1
18:20:19  자력계:-31.950,-27.900,-0.300
18:20:19  충격값:0.05
18:20:19  충격피크:0.14
18:20:19  마지막충격발생값:0.00
18:20:19  마지막충격발생ms:0
18:20:19  송신:8373
18:20:19  지팡이수신:8099
18:20:19  GPS위성:8
18:20:19  GPS_HDOP:1.20
18:20:19  원시위도:37.496528
18:20:19  원시경도:126.957922
18:20:19  GPS채택:165
18:20:19  GPS이상치거부:13
18:20:19  GPS품질거부:70
18:20:19  GPS재기준:4
18:20:19  계산거리:11.62
18:20:19  접근속도:0.00
18:20:19  TTC:999.00
18:20:19  방향오차:131.3
18:20:19  전방여부:0
18:20:19  위험음성횟수:0
18:20:19  충격음성횟수:0
18:20:19  마지막위험음성:0
18:20:19  RSSI원시:-45
18:20:19  RSSI평활:-44.2
18:20:19  RSSI샘플:8099
18:20:19  RSSI경과ms:35
18:20:19  위험송신:8099
18:20:19  시각ms:870070
18:20:19  IMU시각ms:870070
18:20:19  위험:0
18:20:19  원시위험:0
18:20:19  GPS유효:1
18:20:19  위도:37.496541
18:20:19  경도:126.957930
18:20:19  속도:0.12
18:20:19  방향:0.0
18:20:19  이동방향유효:0
18:20:19  GPS이동방향:118.2
18:20:19  차체방향유효:1
18:20:19  차체방향:197.5
18:20:19  후진판정:0
18:20:19  IMU요회전속도:0.00
18:20:19  방향가속도크기:9.74
18:20:19  방향자이로크기:4.52
18:20:19  방향자세cos:0.9999
18:20:19  자기모델잔차:2.35
18:20:19  자기모델반경:1.322
18:20:19  방향채택:30489
18:20:19  방향거부:79212
18:20:19  GPS원시속도:0.129
18:20:19  GPS원시방향유효:1
18:20:19  GPS원시방향:118.2
18:20:19  가속도:-0.46,0.38,9.72
18:20:19  자이로:2.8,-3.5,-0.6
18:20:19  자력계:-30.750,-26.850,0.150
18:20:19  충격값:0.12
18:20:19  충격피크:0.18
18:20:19  마지막충격발생값:0.00
18:20:19  마지막충격발생ms:0
18:20:19  송신:8375
18:20:19  지팡이수신:8101
18:20:19  GPS위성:8
18:20:19  GPS_HDOP:1.20
18:20:19  원시위도:37.496528
18:20:19  원시경도:126.957922
18:20:19  GPS채택:165
18:20:19  GPS이상치거부:13
18:20:19  GPS품질거부:70
18:20:19  GPS재기준:4
18:20:19  계산거리:11.62
18:20:19  접근속도:0.00
18:20:19  TTC:999.00
18:20:19  방향오차:131.3
18:20:19  전방여부:0
18:20:19  위험음성횟수:0
18:20:19  충격음성횟수:0
18:20:19  마지막위험음성:0
18:20:19  RSSI원시:-44
18:20:19  RSSI평활:-44.1
18:20:19  RSSI샘플:8101
18:20:19  RSSI경과ms:36
18:20:19  위험송신:8101
18:20:19  시각ms:870304
18:20:19  IMU시각ms:870281
18:20:19  위험:0
18:20:19  원시위험:0
18:20:19  GPS유효:1
18:20:19  위도:37.496539
18:20:19  경도:126.957929
18:20:19  속도:0.13
18:20:19  방향:0.0
18:20:19  이동방향유효:0
18:20:19  GPS이동방향:118.2
18:20:19  차체방향유효:1
18:20:19  차체방향:197.6
18:20:19  후진판정:0
18:20:19  IMU요회전속도:0.00
18:20:19  방향가속도크기:9.72
18:20:19  방향자이로크기:3.17
18:20:19  방향자세cos:1.0000
18:20:19  자기모델잔차:2.46
18:20:19  자기모델반경:1.326
18:20:19  방향채택:30515
18:20:19  방향거부:79212
18:20:19  GPS원시속도:0.129
18:20:19  GPS원시방향유효:1
18:20:19  GPS원시방향:118.2
18:20:19  가속도:-0.50,0.45,9.69
18:20:19  자이로:2.0,-2.1,1.3
18:20:19  자력계:-30.900,-27.150,0.300
18:20:19  충격값:0.06
18:20:19  충격피크:0.17
18:20:19  마지막충격발생값:0.00
18:20:19  마지막충격발생ms:0
18:20:19  송신:8377
18:20:19  지팡이수신:8103
18:20:19  GPS위성:8
18:20:19  GPS_HDOP:1.20
18:20:19  원시위도:37.496527
18:20:19  원시경도:126.957920
18:20:19  GPS채택:166
18:20:19  GPS이상치거부:13
18:20:19  GPS품질거부:70
18:20:19  GPS재기준:4
18:20:19  계산거리:11.62
18:20:19  접근속도:0.00
18:20:19  TTC:999.00
18:20:19  방향오차:131.0
18:20:19  전방여부:0
18:20:19  위험음성횟수:0
18:20:19  충격음성횟수:0
18:20:19  마지막위험음성:0
18:20:19  RSSI원시:-46
18:20:19  RSSI평활:-44.5
18:20:19  RSSI샘플:8103
18:20:19  RSSI경과ms:63
18:20:19  위험송신:8103
18:20:20  시각ms:870502
18:20:20  IMU시각ms:870501
18:20:20  위험:0
18:20:20  원시위험:0
18:20:20  GPS유효:1
18:20:20  위도:37.496539
18:20:20  경도:126.957929
18:20:20  속도:0.13
18:20:20  방향:0.0
18:20:20  이동방향유효:0
18:20:20  GPS이동방향:118.2
18:20:20  차체방향유효:1
18:20:20  차체방향:197.7
18:20:20  후진판정:0
18:20:20  IMU요회전속도:0.00
18:20:20  방향가속도크기:9.74
18:20:20  방향자이로크기:3.35
18:20:20  방향자세cos:1.0000
18:20:20  자기모델잔차:1.84
18:20:20  자기모델반경:1.349
18:20:20  방향채택:30539
18:20:20  방향거부:79212
18:20:20  GPS원시속도:0.129
18:20:20  GPS원시방향유효:1
18:20:20  GPS원시방향:118.2
18:20:20  가속도:-0.48,0.45,9.72
18:20:20  자이로:0.7,2.5,-2.1
18:20:20  자력계:-31.500,-26.100,-0.450
18:20:20  충격값:0.07
18:20:20  충격피크:0.16
18:20:20  마지막충격발생값:0.00
18:20:20  마지막충격발생ms:0
18:20:20  송신:8379
18:20:20  지팡이수신:8105
18:20:20  GPS위성:8
18:20:20  GPS_HDOP:1.20
18:20:20  원시위도:37.496527
18:20:20  원시경도:126.957920
18:20:20  GPS채택:166
18:20:20  GPS이상치거부:13
18:20:20  GPS품질거부:70
18:20:20  GPS재기준:4
18:20:20  계산거리:11.62
18:20:20  접근속도:0.00
18:20:20  TTC:999.00
18:20:20  방향오차:131.0
18:20:20  전방여부:0
18:20:20  위험음성횟수:0
18:20:20  충격음성횟수:0
18:20:20  마지막위험음성:0
18:20:20  RSSI원시:-45
18:20:20  RSSI평활:-44.8
18:20:20  RSSI샘플:8105
18:20:20  RSSI경과ms:49
18:20:20  위험송신:8105
18:20:20  시각ms:870606
18:20:20  IMU시각ms:870606
18:20:20  위험:0
18:20:20  원시위험:0
18:20:20  GPS유효:1
18:20:20  위도:37.496538
18:20:20  경도:126.957929
18:20:20  속도:0.09
18:20:20  방향:0.0
18:20:20  이동방향유효:0
18:20:20  GPS이동방향:118.2
18:20:20  차체방향유효:1
18:20:20  차체방향:197.6
18:20:20  후진판정:0
18:20:20  IMU요회전속도:0.00
18:20:20  방향가속도크기:9.73
18:20:20  방향자이로크기:2.02
18:20:20  방향자세cos:0.9999
18:20:20  자기모델잔차:1.84
18:20:20  자기모델반경:1.279
18:20:20  방향채택:30552
18:20:20  방향거부:79212
18:20:20  GPS원시속도:0.051
18:20:20  GPS원시방향유효:1
18:20:20  GPS원시방향:118.2
18:20:20  가속도:-0.50,0.36,9.71
18:20:20  자이로:1.9,0.6,0.5
18:20:20  자력계:-29.550,-28.800,-0.150
18:20:20  충격값:0.09
18:20:20  충격피크:0.22
18:20:20  마지막충격발생값:0.00
18:20:20  마지막충격발생ms:0
18:20:20  송신:8380
18:20:20  지팡이수신:8106
18:20:20  GPS위성:8
18:20:20  GPS_HDOP:1.20
18:20:20  원시위도:37.496527
18:20:20  원시경도:126.957920
18:20:20  GPS채택:167
18:20:20  GPS이상치거부:13
18:20:20  GPS품질거부:70
18:20:20  GPS재기준:4
18:20:20  계산거리:11.90
18:20:20  접근속도:0.00
18:20:20  TTC:999.00
18:20:20  방향오차:132.4
18:20:20  전방여부:0
18:20:20  위험음성횟수:0
18:20:20  충격음성횟수:0
18:20:20  마지막위험음성:0
18:20:20  RSSI원시:-45
18:20:20  RSSI평활:-44.9
18:20:20  RSSI샘플:8106
18:20:20  RSSI경과ms:54
18:20:20  위험송신:8106
18:20:20  시각ms:870711
18:20:20  IMU시각ms:870711
18:20:20  위험:0
18:20:20  원시위험:0
18:20:20  GPS유효:1
18:20:20  위도:37.496538
18:20:20  경도:126.957929
18:20:20  속도:0.09
18:20:20  방향:0.0
18:20:20  이동방향유효:0
18:20:20  GPS이동방향:118.2
18:20:20  차체방향유효:1
18:20:20  차체방향:197.6
18:20:20  후진판정:0
18:20:20  IMU요회전속도:0.00
18:20:20  방향가속도크기:9.69
18:20:20  방향자이로크기:3.46
18:20:20  방향자세cos:1.0000
18:20:20  자기모델잔차:0.29
18:20:20  자기모델반경:1.350
18:20:20  방향채택:30565
18:20:20  방향거부:79212
18:20:20  GPS원시속도:0.051
18:20:20  GPS원시방향유효:1
18:20:20  GPS원시방향:118.2
18:20:20  가속도:-0.53,0.50,9.66
18:20:20  자이로:3.0,0.8,1.5
18:20:20  자력계:-31.650,-27.900,-1.800
18:20:20  충격값:0.07
18:20:20  충격피크:0.18
18:20:20  마지막충격발생값:0.00
18:20:20  마지막충격발생ms:0
18:20:20  송신:8381
18:20:20  지팡이수신:8107
18:20:20  GPS위성:8
18:20:20  GPS_HDOP:1.20
18:20:20  원시위도:37.496527
18:20:20  원시경도:126.957920
18:20:20  GPS채택:167
18:20:20  GPS이상치거부:13
18:20:20  GPS품질거부:70
18:20:20  GPS재기준:4
18:20:20  계산거리:11.90
18:20:20  접근속도:0.00
18:20:20  TTC:999.00
18:20:20  방향오차:132.2
18:20:20  전방여부:0
18:20:20  위험음성횟수:0
18:20:20  충격음성횟수:0
18:20:20  마지막위험음성:0
18:20:20  RSSI원시:-44
18:20:20  RSSI평활:-44.7
18:20:20  RSSI샘플:8107
18:20:20  RSSI경과ms:54
18:20:20  위험송신:8107
18:20:20  시각ms:870816
18:20:20  IMU시각ms:870816
18:20:20  위험:0
18:20:20  원시위험:0
18:20:20  GPS유효:1
18:20:20  위도:37.496538
18:20:20  경도:126.957929
18:20:20  속도:0.09
18:20:20  방향:0.0
18:20:20  이동방향유효:0
18:20:20  GPS이동방향:118.2
18:20:20  차체방향유효:1
18:20:20  차체방향:197.5
18:20:20  후진판정:0
18:20:20  IMU요회전속도:-0.35
18:20:20  방향가속도크기:9.74
18:20:20  방향자이로크기:3.47
18:20:20  방향자세cos:0.9997
18:20:20  자기모델잔차:2.46
18:20:20  자기모델반경:1.351
18:20:20  방향채택:30578
18:20:20  방향거부:79212
18:20:20  GPS원시속도:0.051
18:20:20  GPS원시방향유효:1
18:20:20  GPS원시방향:118.2
18:20:20  가속도:-0.67,0.45,9.70
18:20:20  자이로:1.9,-0.1,2.9
18:20:20  자력계:-31.650,-27.150,0.300
18:20:20  충격값:0.10
18:20:20  충격피크:0.17
18:20:20  마지막충격발생값:0.00
18:20:20  마지막충격발생ms:0
18:20:20  송신:8382
18:20:20  지팡이수신:8108
18:20:20  GPS위성:8
18:20:20  GPS_HDOP:1.20
18:20:20  원시위도:37.496527
18:20:20  원시경도:126.957920
18:20:20  GPS채택:167
18:20:20  GPS이상치거부:13
18:20:20  GPS품질거부:70
18:20:20  GPS재기준:4
18:20:20  계산거리:12.19
18:20:20  접근속도:0.00
18:20:20  TTC:999.00
18:20:20  방향오차:132.2
18:20:20  전방여부:0
18:20:20  위험음성횟수:0
18:20:20  충격음성횟수:0
18:20:20  마지막위험음성:0
18:20:20  RSSI원시:-45
18:20:20  RSSI평활:-44.8
18:20:20  RSSI샘플:8108
18:20:20  RSSI경과ms:54
18:20:20  위험송신:8108
18:20:20  시각ms:871341
18:20:20  IMU시각ms:871340
18:20:20  위험:0
18:20:20  원시위험:0
18:20:20  GPS유효:1
18:20:20  위도:37.496537
18:20:20  경도:126.957928
18:20:20  속도:0.07
18:20:20  방향:0.0
18:20:20  이동방향유효:0
18:20:20  GPS이동방향:118.2
18:20:20  차체방향유효:1
18:20:20  차체방향:197.5
18:20:20  후진판정:0
18:20:20  IMU요회전속도:0.00
18:20:20  방향가속도크기:9.74
18:20:20  방향자이로크기:2.71
18:20:20  방향자세cos:0.9999
18:20:20  자기모델잔차:2.46
18:20:20  자기모델반경:1.351
18:20:20  방향채택:30641
18:20:20  방향거부:79212
18:20:20  GPS원시속도:0.051
18:20:20  GPS원시방향유효:1
18:20:20  GPS원시방향:118.2
18:20:20  가속도:-0.58,0.45,9.72
18:20:20  자이로:1.2,2.4,-0.4
18:20:20  자력계:-31.650,-27.150,0.300
18:20:20  충격값:0.03
18:20:20  충격피크:0.15
18:20:20  마지막충격발생값:0.00
18:20:20  마지막충격발생ms:0
18:20:20  송신:8387
18:20:20  지팡이수신:8113
18:20:20  GPS위성:8
18:20:20  GPS_HDOP:1.20
18:20:20  원시위도:37.496527
18:20:20  원시경도:126.957922
18:20:20  GPS채택:168
18:20:20  GPS이상치거부:13
18:20:20  GPS품질거부:70
18:20:20  GPS재기준:4
18:20:20  계산거리:11.90
18:20:20  접근속도:0.00
18:20:20  TTC:999.00
18:20:20  방향오차:130.0
18:20:20  전방여부:0
18:20:20  위험음성횟수:0
18:20:20  충격음성횟수:0
18:20:20  마지막위험음성:0
18:20:20  RSSI원시:-45
18:20:20  RSSI평활:-44.6
18:20:20  RSSI샘플:8113
18:20:20  RSSI경과ms:56
18:20:20  위험송신:8113
18:20:21  시각ms:871445
18:20:21  IMU시각ms:871445
18:20:21  위험:0
18:20:21  원시위험:0
18:20:21  GPS유효:1
18:20:21  위도:37.496537
18:20:21  경도:126.957928
18:20:21  속도:0.10
18:20:21  방향:0.0
18:20:21  이동방향유효:0
18:20:21  GPS이동방향:118.2
18:20:21  차체방향유효:1
18:20:21  차체방향:197.5
18:20:21  후진판정:0
18:20:21  IMU요회전속도:0.00
18:20:21  방향가속도크기:9.69
18:20:21  방향자이로크기:4.49
18:20:21  방향자세cos:0.9999
18:20:21  자기모델잔차:3.13
18:20:21  자기모델반경:1.300
18:20:21  방향채택:30654
18:20:21  방향거부:79212
18:20:21  GPS원시속도:0.123
18:20:21  GPS원시방향유효:1
18:20:21  GPS원시방향:118.2
18:20:21  가속도:-0.58,0.43,9.66
18:20:21  자이로:0.4,4.1,1.9
18:20:21  자력계:-30.150,-27.900,1.050
18:20:21  충격값:0.05
18:20:21  충격피크:0.15
18:20:21  마지막충격발생값:0.00
18:20:21  마지막충격발생ms:0
18:20:21  송신:8388
18:20:21  지팡이수신:8114
18:20:21  GPS위성:8
18:20:21  GPS_HDOP:1.20
18:20:21  원시위도:37.496527
18:20:21  원시경도:126.957922
18:20:21  GPS채택:169
18:20:21  GPS이상치거부:13
18:20:21  GPS품질거부:70
18:20:21  GPS재기준:4
18:20:21  계산거리:12.40
18:20:21  접근속도:0.00
18:20:21  TTC:999.00
18:20:21  방향오차:129.8
18:20:21  전방여부:0
18:20:21  위험음성횟수:0
18:20:21  충격음성횟수:0
18:20:21  마지막위험음성:0
18:20:21  RSSI원시:-45
18:20:21  RSSI평활:-44.7
18:20:21  RSSI샘플:8114
18:20:21  RSSI경과ms:56
18:20:21  위험송신:8114
18:20:21  시각ms:871970
18:20:21  IMU시각ms:871970
18:20:21  위험:0
18:20:21  원시위험:0
18:20:21  GPS유효:1
18:20:21  위도:37.496537
18:20:21  경도:126.957928
18:20:21  속도:0.10
18:20:21  방향:0.0
18:20:21  이동방향유효:0
18:20:21  GPS이동방향:118.2
18:20:21  차체방향유효:1
18:20:21  차체방향:197.4
18:20:21  후진판정:0
18:20:21  IMU요회전속도:0.00
18:20:21  방향가속도크기:9.70
18:20:21  방향자이로크기:3.03
18:20:21  방향자세cos:0.9996
18:20:21  자기모델잔차:2.82
18:20:21  자기모델반경:1.325
18:20:21  방향채택:30719
18:20:21  방향거부:79212
18:20:21  GPS원시속도:0.123
18:20:21  GPS원시방향유효:1
18:20:21  GPS원시방향:118.2
18:20:21  가속도:-0.70,0.44,9.67
18:20:21  자이로:0.8,-0.5,-2.9
18:20:21  자력계:-30.900,-27.900,0.750
18:20:21  충격값:0.14
18:20:21  충격피크:0.18
18:20:21  마지막충격발생값:0.00
18:20:21  마지막충격발생ms:0
18:20:21  송신:8393
18:20:21  지팡이수신:8119
18:20:21  GPS위성:8
18:20:21  GPS_HDOP:1.20
18:20:21  원시위도:37.496527
18:20:21  원시경도:126.957922
18:20:21  GPS채택:169
18:20:21  GPS이상치거부:13
18:20:21  GPS품질거부:70
18:20:21  GPS재기준:4
18:20:21  계산거리:12.97
18:20:21  접근속도:0.00
18:20:21  TTC:999.00
18:20:21  방향오차:134.4
18:20:21  전방여부:0
18:20:21  위험음성횟수:0
18:20:21  충격음성횟수:0
18:20:21  마지막위험음성:0
18:20:21  RSSI원시:-44
18:20:21  RSSI평활:-44.5
18:20:21  RSSI샘플:8119
18:20:21  RSSI경과ms:52
18:20:21  위험송신:8119
18:20:21  시각ms:872075
18:20:21  IMU시각ms:872075
18:20:21  위험:0
18:20:21  원시위험:0
18:20:21  GPS유효:1
18:20:21  위도:37.496537
18:20:21  경도:126.957928
18:20:21  속도:0.10
18:20:21  방향:0.0
18:20:21  이동방향유효:0
18:20:21  GPS이동방향:118.2
18:20:21  차체방향유효:1
18:20:21  차체방향:197.4
18:20:21  후진판정:0
18:20:21  IMU요회전속도:0.00
18:20:21  방향가속도크기:9.76
18:20:21  방향자이로크기:1.38
18:20:21  방향자세cos:0.9999
18:20:21  자기모델잔차:0.96
18:20:21  자기모델반경:1.331
18:20:21  방향채택:30732
18:20:21  방향거부:79212
18:20:21  GPS원시속도:0.123
18:20:21  GPS원시방향유효:1
18:20:21  GPS원시방향:118.2
18:20:21  가속도:-0.59,0.49,9.73
18:20:21  자이로:-0.2,1.1,-0.7
18:20:21  자력계:-31.050,-27.300,-1.200
18:20:21  충격값:0.07
18:20:21  충격피크:0.16
18:20:21  마지막충격발생값:0.00
18:20:21  마지막충격발생ms:0
18:20:21  송신:8394
18:20:21  지팡이수신:8120
18:20:21  GPS위성:8
18:20:21  GPS_HDOP:1.20
18:20:21  원시위도:37.496527
18:20:21  원시경도:126.957922
18:20:21  GPS채택:169
18:20:21  GPS이상치거부:13
18:20:21  GPS품질거부:70
18:20:21  GPS재기준:4
18:20:21  계산거리:12.97
18:20:21  접근속도:0.00
18:20:21  TTC:999.00
18:20:21  방향오차:134.4
18:20:21  전방여부:0
18:20:21  위험음성횟수:0
18:20:21  충격음성횟수:0
18:20:21  마지막위험음성:0
18:20:21  RSSI원시:-45
18:20:21  RSSI평활:-44.6
18:20:21  RSSI샘플:8120
18:20:21  RSSI경과ms:58
18:20:21  위험송신:8120
18:20:21  시각ms:872181
18:20:21  IMU시각ms:872180
18:20:21  위험:0
18:20:21  원시위험:0
18:20:21  GPS유효:1
18:20:21  위도:37.496537
18:20:21  경도:126.957928
18:20:21  속도:0.10
18:20:21  방향:0.0
18:20:21  이동방향유효:0
18:20:21  GPS이동방향:118.2
18:20:21  차체방향유효:1
18:20:21  차체방향:197.3
18:20:21  후진판정:0
18:20:21  IMU요회전속도:0.00
18:20:21  방향가속도크기:9.63
18:20:21  방향자이로크기:1.87
18:20:21  방향자세cos:0.9999
18:20:21  자기모델잔차:1.98
18:20:21  자기모델반경:1.289
18:20:21  방향채택:30745
18:20:21  방향거부:79212
18:20:21  GPS원시속도:0.123
18:20:21  GPS원시방향유효:1
18:20:21  GPS원시방향:118.2
18:20:21  가속도:-0.47,0.38,9.61
18:20:21  자이로:-0.9,1.5,0.7
18:20:21  자력계:-29.700,-26.250,-0.300
18:20:21  충격값:0.14
18:20:21  충격피크:0.17
18:20:21  마지막충격발생값:0.00
18:20:21  마지막충격발생ms:0
18:20:21  송신:8395
18:20:21  지팡이수신:8121
18:20:21  GPS위성:8
18:20:21  GPS_HDOP:1.20
18:20:21  원시위도:37.496527
18:20:21  원시경도:126.957922
18:20:21  GPS채택:169
18:20:21  GPS이상치거부:13
18:20:21  GPS품질거부:70
18:20:21  GPS재기준:4
18:20:21  계산거리:12.97
18:20:21  접근속도:0.00
18:20:21  TTC:999.00
18:20:21  방향오차:134.4
18:20:21  전방여부:0
18:20:21  위험음성횟수:0
18:20:21  충격음성횟수:0
18:20:21  마지막위험음성:0
18:20:21  RSSI원시:-45
18:20:21  RSSI평활:-44.7
18:20:21  RSSI샘플:8121
18:20:21  RSSI경과ms:55
18:20:21  위험송신:8121
18:20:21  시각ms:872400
18:20:21  IMU시각ms:872400
18:20:21  위험:0
18:20:21  원시위험:0
18:20:21  GPS유효:1
18:20:21  위도:37.496535
18:20:21  경도:126.957927
18:20:21  속도:0.11
18:20:21  방향:0.0
18:20:21  이동방향유효:0
18:20:21  GPS이동방향:118.2
18:20:22  차체방향유효:1
18:20:22  차체방향:197.5
18:20:22  후진판정:0
18:20:22  IMU요회전속도:0.00
18:20:22  방향가속도크기:9.66
18:20:22  방향자이로크기:2.98
18:20:22  방향자세cos:0.9998
18:20:22  자기모델잔차:1.99
18:20:22  자기모델반경:1.324
18:20:22  방향채택:30769
18:20:22  방향거부:79212
18:20:22  GPS원시속도:0.108
18:20:22  GPS원시방향유효:1
18:20:22  GPS원시방향:118.2
18:20:22  가속도:-0.59,0.36,9.63
18:20:22  자이로:1.3,-2.4,-1.1
18:20:22  자력계:-30.900,-28.650,0.000
18:20:22  충격값:0.11
18:20:22  충격피크:0.17
18:20:22  마지막충격발생값:0.00
18:20:22  마지막충격발생ms:0
18:20:22  송신:8397
18:20:22  지팡이수신:8123
18:20:22  GPS위성:8
18:20:22  GPS_HDOP:1.20
18:20:22  원시위도:37.496527
18:20:22  원시경도:126.957923
18:20:22  GPS채택:171
18:20:22  GPS이상치거부:13
18:20:22  GPS품질거부:70
18:20:22  GPS재기준:4
18:20:22  계산거리:12.97
18:20:22  접근속도:0.00
18:20:22  TTC:999.00
18:20:22  방향오차:134.3
18:20:22  전방여부:0
18:20:22  위험음성횟수:0
18:20:22  충격음성횟수:0
18:20:22  마지막위험음성:0
18:20:22  RSSI원시:-44
18:20:22  RSSI평활:-44.8
18:20:22  RSSI샘플:8123
18:20:22  RSSI경과ms:70
18:20:22  위험송신:8123
18:20:22  시각ms:872715
18:20:22  IMU시각ms:872715
18:20:22  위험:0
18:20:22  원시위험:0
18:20:22  GPS유효:1
18:20:22  위도:37.496535
18:20:22  경도:126.957927
18:20:22  속도:0.11
18:20:22  방향:0.0
18:20:22  이동방향유효:0
18:20:22  GPS이동방향:118.2
18:20:22  차체방향유효:1
18:20:22  차체방향:197.3
18:20:22  후진판정:0
18:20:22  IMU요회전속도:0.00
18:20:22  방향가속도크기:9.63
18:20:22  방향자이로크기:4.27
18:20:22  방향자세cos:0.9998
18:20:22  자기모델잔차:1.84
18:20:22  자기모델반경:1.301
18:20:22  방향채택:30808
18:20:22  방향거부:79212
18:20:22  GPS원시속도:0.108
18:20:22  GPS원시방향유효:1
18:20:22  GPS원시방향:118.2
18:20:22  가속도:-0.52,0.33,9.61
18:20:22  자이로:-0.5,3.9,-1.7
18:20:22  자력계:-30.150,-27.450,-0.300
18:20:22  충격값:0.16
18:20:22  충격피크:0.16
18:20:22  마지막충격발생값:0.00
18:20:22  마지막충격발생ms:0
18:20:22  송신:8400
18:20:22  지팡이수신:8126
18:20:22  GPS위성:8
18:20:22  GPS_HDOP:1.20
18:20:22  원시위도:37.496527
18:20:22  원시경도:126.957923
18:20:22  GPS채택:171
18:20:22  GPS이상치거부:13
18:20:22  GPS품질거부:70
18:20:22  GPS재기준:4
18:20:22  계산거리:12.97
18:20:22  접근속도:0.00
18:20:22  TTC:999.00
18:20:22  방향오차:134.3
18:20:22  전방여부:0
18:20:22  위험음성횟수:0
18:20:22  충격음성횟수:0
18:20:22  마지막위험음성:0
18:20:22  RSSI원시:-45
18:20:22  RSSI평활:-45.0
18:20:22  RSSI샘플:8126
18:20:22  RSSI경과ms:66
18:20:22  위험송신:8126
18:20:22  시각ms:872925
18:20:22  IMU시각ms:872925
18:20:22  위험:0
18:20:22  원시위험:0
18:20:22  GPS유효:1
18:20:22  위도:37.496535
18:20:22  경도:126.957927
18:20:22  속도:0.11
18:20:22  방향:0.0
18:20:22  이동방향유효:0
18:20:22  GPS이동방향:118.2
18:20:22  차체방향유효:1
18:20:22  차체방향:197.2
18:20:22  후진판정:0
18:20:22  IMU요회전속도:0.00
18:20:22  방향가속도크기:9.70
18:20:22  방향자이로크기:2.05
18:20:22  방향자세cos:0.9997
18:20:22  자기모델잔차:2.38
18:20:22  자기모델반경:1.335
18:20:22  방향채택:30834
18:20:22  방향거부:79212
18:20:22  GPS원시속도:0.108
18:20:22  GPS원시방향유효:1
18:20:22  GPS원시방향:118.2
18:20:22  가속도:-0.66,0.41,9.67
18:20:22  자이로:-1.9,-0.3,-0.6
18:20:22  자력계:-31.200,-27.900,0.300
18:20:22  충격값:0.10
18:20:22  충격피크:0.25
18:20:22  마지막충격발생값:0.00
18:20:22  마지막충격발생ms:0
18:20:22  송신:8402
18:20:22  지팡이수신:8128
18:20:22  GPS위성:8
18:20:22  GPS_HDOP:1.20
18:20:22  원시위도:37.496527
18:20:22  원시경도:126.957923
18:20:22  GPS채택:171
18:20:22  GPS이상치거부:13
18:20:22  GPS품질거부:70
18:20:22  GPS재기준:4
18:20:22  계산거리:13.27
18:20:22  접근속도:0.00
18:20:22  TTC:999.00
18:20:22  방향오차:136.0
18:20:22  전방여부:0
18:20:22  위험음성횟수:0
18:20:22  충격음성횟수:0
18:20:22  마지막위험음성:0
18:20:22  RSSI원시:-45
18:20:22  RSSI평활:-45.0
18:20:22  RSSI샘플:8128
18:20:22  RSSI경과ms:73
18:20:22  위험송신:8128
18:20:22  시각ms:873030
18:20:22  IMU시각ms:873030
18:20:22  위험:0
18:20:22  원시위험:0
18:20:22  GPS유효:1
18:20:22  위도:37.496535
18:20:22  경도:126.957927
18:20:22  속도:0.11
18:20:22  방향:0.0
18:20:22  이동방향유효:0
18:20:22  GPS이동방향:118.2
18:20:22  차체방향유효:1
18:20:22  차체방향:197.2
18:20:22  후진판정:0
18:20:22  IMU요회전속도:0.00
18:20:22  방향가속도크기:9.70
18:20:22  방향자이로크기:3.12
18:20:22  방향자세cos:0.9998
18:20:22  자기모델잔차:3.04
18:20:22  자기모델반경:1.299
18:20:22  방향채택:30847
18:20:22  방향거부:79212
18:20:22  GPS원시속도:0.108
18:20:22  GPS원시방향유효:1
18:20:22  GPS원시방향:118.2
18:20:22  가속도:-0.61,0.44,9.67
18:20:22  자이로:-1.7,1.0,-2.4
18:20:22  자력계:-30.150,-28.650,1.050
18:20:22  충격값:0.05
18:20:22  충격피크:0.20
18:20:22  마지막충격발생값:0.00
18:20:22  마지막충격발생ms:0
18:20:22  송신:8403
18:20:22  지팡이수신:8129
18:20:22  GPS위성:8
18:20:22  GPS_HDOP:1.20
18:20:22  원시위도:37.496527
18:20:22  원시경도:126.957923
18:20:22  GPS채택:171
18:20:22  GPS이상치거부:13
18:20:22  GPS품질거부:70
18:20:22  GPS재기준:4
18:20:22  계산거리:13.57
18:20:22  접근속도:0.00
18:20:22  TTC:999.00
18:20:22  방향오차:136.0
18:20:22  전방여부:0
18:20:22  위험음성횟수:0
18:20:22  충격음성횟수:0
18:20:22  마지막위험음성:0
18:20:22  RSSI원시:-44
18:20:22  RSSI평활:-44.8
18:20:22  RSSI샘플:8129
18:20:22  RSSI경과ms:70
18:20:22  위험송신:8129
18:20:22  시각ms:873136
18:20:22  IMU시각ms:873135
18:20:22  위험:0
18:20:22  원시위험:0
18:20:22  GPS유효:1
18:20:22  위도:37.496535
18:20:22  경도:126.957927
18:20:22  속도:0.11
18:20:22  방향:0.0
18:20:22  이동방향유효:0
18:20:22  GPS이동방향:118.2
18:20:22  차체방향유효:1
18:20:22  차체방향:197.4
18:20:22  후진판정:0
18:20:22  IMU요회전속도:0.00
18:20:22  방향가속도크기:9.78
18:20:22  방향자이로크기:1.61
18:20:22  방향자세cos:0.9999
18:20:22  자기모델잔차:2.51
18:20:22  자기모델반경:1.305
18:20:22  방향채택:30860
18:20:22  방향거부:79212
18:20:22  GPS원시속도:0.108
18:20:22  GPS원시방향유효:1
18:20:22  GPS원시방향:118.2
18:20:22  가속도:-0.59,0.45,9.75
18:20:22  자이로:0.9,-1.0,-0.9
18:20:22  자력계:-30.300,-28.050,0.450
18:20:22  충격값:0.07
18:20:22  충격피크:0.22
18:20:22  마지막충격발생값:0.00
18:20:22  마지막충격발생ms:0
18:20:22  송신:8404
18:20:22  지팡이수신:8130
18:20:22  GPS위성:8
18:20:22  GPS_HDOP:1.20
18:20:22  원시위도:37.496527
18:20:22  원시경도:126.957923
18:20:22  GPS채택:171
18:20:22  GPS이상치거부:13
18:20:22  GPS품질거부:70
18:20:22  GPS재기준:4
18:20:22  계산거리:13.57
18:20:22  접근속도:0.00
18:20:22  TTC:999.00
18:20:22  방향오차:136.0
18:20:22  전방여부:0
18:20:22  위험음성횟수:0
18:20:22  충격음성횟수:0
18:20:22  마지막위험음성:0
18:20:22  RSSI원시:-45
18:20:22  RSSI평활:-44.8
18:20:22  RSSI샘플:8130
18:20:22  RSSI경과ms:73
18:20:22  위험송신:8130
18:20:22  시각ms:873242
18:20:22  IMU시각ms:873241
18:20:22  위험:0
18:20:22  원시위험:0
18:20:22  GPS유효:1
18:20:22  위도:37.496534
18:20:22  경도:126.957927
18:20:22  속도:0.11
18:20:22  방향:0.0
18:20:22  이동방향유효:0
18:20:22  GPS이동방향:118.2
18:20:22  차체방향유효:1
18:20:22  차체방향:197.4
18:20:22  후진판정:0
18:20:22  IMU요회전속도:0.00
18:20:22  방향가속도크기:9.70
18:20:22  방향자이로크기:3.44
18:20:22  방향자세cos:0.9998
18:20:22  자기모델잔차:1.33
18:20:22  자기모델반경:1.325
18:20:22  방향채택:30873
18:20:22  방향거부:79212
18:20:22  GPS원시속도:0.108
18:20:22  GPS원시방향유효:1
18:20:22  GPS원시방향:118.2
18:20:22  가속도:-0.64,0.46,9.67
18:20:22  자이로:0.0,-3.4,0.3
18:20:22  자력계:-30.900,-27.900,-0.750
18:20:22  충격값:0.08
18:20:22  충격피크:0.18
18:20:22  마지막충격발생값:0.00
18:20:22  마지막충격발생ms:0
18:20:22  송신:8405
18:20:22  지팡이수신:8131
18:20:22  GPS위성:8
18:20:22  GPS_HDOP:1.20
18:20:22  원시위도:37.496528
18:20:22  원시경도:126.957925
18:20:22  GPS채택:172
18:20:22  GPS이상치거부:13
18:20:22  GPS품질거부:70
18:20:22  GPS재기준:4
18:20:22  계산거리:13.57
18:20:22  접근속도:0.00
18:20:22  TTC:999.00
18:20:22  방향오차:136.0
18:20:22  전방여부:0
18:20:22  위험음성횟수:0
18:20:22  충격음성횟수:0
18:20:22  마지막위험음성:0
18:20:22  RSSI원시:-44
18:20:22  RSSI평활:-44.7
18:20:22  RSSI샘플:8131
18:20:22  RSSI경과ms:75
18:20:22  위험송신:8131
18:20:22  시각ms:873346
18:20:22  IMU시각ms:873345
18:20:22  위험:0
18:20:22  원시위험:0
18:20:22  GPS유효:1
18:20:22  위도:37.496534
18:20:22  경도:126.957927
18:20:22  속도:0.13
18:20:22  방향:0.0
18:20:22  이동방향유효:0
18:20:22  GPS이동방향:118.2
18:20:22  차체방향유효:1
18:20:22  차체방향:197.3
18:20:22  후진판정:0
18:20:22  IMU요회전속도:0.00
18:20:22  방향가속도크기:9.65
18:20:22  방향자이로크기:2.84
18:20:22  방향자세cos:0.9999
18:20:22  자기모델잔차:0.53
18:20:22  자기모델반경:1.359
18:20:22  방향채택:30884
18:20:22  방향거부:79212
18:20:22  GPS원시속도:0.144
18:20:22  GPS원시방향유효:1
18:20:22  GPS원시방향:118.2
18:20:22  가속도:-0.50,0.38,9.63
18:20:22  자이로:-1.2,-0.9,-2.4
18:20:22  자력계:-31.950,-28.350,-1.500
18:20:22  충격값:0.10
18:20:22  충격피크:0.14
18:20:22  마지막충격발생값:0.00
18:20:22  마지막충격발생ms:0
18:20:22  송신:8406
18:20:22  지팡이수신:8132
18:20:22  GPS위성:8
18:20:22  GPS_HDOP:1.20
18:20:22  원시위도:37.496528
18:20:22  원시경도:126.957925
18:20:22  GPS채택:173
18:20:22  GPS이상치거부:13
18:20:22  GPS품질거부:70
18:20:22  GPS재기준:4
18:20:22  계산거리:13.57
18:20:22  접근속도:0.00
18:20:22  TTC:999.00
18:20:22  방향오차:136.0
18:20:22  전방여부:0
18:20:22  위험음성횟수:0
18:20:22  충격음성횟수:0
18:20:22  마지막위험음성:0
18:20:22  RSSI원시:-45
18:20:22  RSSI평활:-44.7
18:20:22  RSSI샘플:8132
18:20:22  RSSI경과ms:71
18:20:22  위험송신:8132
18:20:23  시각ms:873555
18:20:23  IMU시각ms:873555
18:20:23  위험:0
18:20:23  원시위험:0
18:20:23  GPS유효:1
18:20:23  위도:37.496534
18:20:23  경도:126.957927
18:20:23  속도:0.13
18:20:23  방향:0.0
18:20:23  이동방향유효:0
18:20:23  GPS이동방향:118.2
18:20:23  차체방향유효:1
18:20:23  차체방향:197.4
18:20:23  후진판정:0
18:20:23  IMU요회전속도:0.00
18:20:23  방향가속도크기:9.69
18:20:23  방향자이로크기:1.48
18:20:23  방향자세cos:1.0000
18:20:23  자기모델잔차:2.28
18:20:23  자기모델반경:1.395
18:20:23  방향채택:30910
18:20:23  방향거부:79212
18:20:23  GPS원시속도:0.144
18:20:23  GPS원시방향유효:1
18:20:23  GPS원시방향:118.2
18:20:23  가속도:-0.45,0.43,9.67
18:20:23  자이로:0.5,0.6,-1.2
18:20:23  자력계:-33.000,-27.300,0.150
18:20:23  충격값:0.11
18:20:23  충격피크:0.16
18:20:23  마지막충격발생값:0.00
18:20:23  마지막충격발생ms:0
18:20:23  송신:8408
18:20:23  지팡이수신:8134
18:20:23  GPS위성:8
18:20:23  GPS_HDOP:1.20
18:20:23  원시위도:37.496528
18:20:23  원시경도:126.957925
18:20:23  GPS채택:173
18:20:23  GPS이상치거부:13
18:20:23  GPS품질거부:70
18:20:23  GPS재기준:4
18:20:23  계산거리:13.27
18:20:23  접근속도:0.00
18:20:23  TTC:999.00
18:20:23  방향오차:136.0
18:20:23  전방여부:0
18:20:23  위험음성횟수:0
18:20:23  충격음성횟수:0
18:20:23  마지막위험음성:0
18:20:23  RSSI원시:-44
18:20:23  RSSI평활:-44.5
18:20:23  RSSI샘플:8134
18:20:23  RSSI경과ms:73
18:20:23  위험송신:8134
18:20:23  시각ms:873660
18:20:23  IMU시각ms:873660
18:20:23  위험:0
18:20:23  원시위험:0
18:20:23  GPS유효:1
18:20:23  위도:37.496534
18:20:23  경도:126.957927
18:20:23  속도:0.13
18:20:23  방향:0.0
18:20:23  이동방향유효:0
18:20:23  GPS이동방향:118.2
18:20:23  차체방향유효:1
18:20:23  차체방향:197.3
18:20:23  후진판정:0
18:20:23  IMU요회전속도:0.48
18:20:23  방향가속도크기:9.67
18:20:23  방향자이로크기:4.33
18:20:23  방향자세cos:0.9998
18:20:23  자기모델잔차:2.05
18:20:23  자기모델반경:1.357
18:20:23  방향채택:30923
18:20:23  방향거부:79212
18:20:23  GPS원시속도:0.144
18:20:23  GPS원시방향유효:1
18:20:23  GPS원시방향:118.2
18:20:23  가속도:-0.62,0.56,9.63
18:20:23  자이로:-0.9,-1.3,-4.0
18:20:23  자력계:-31.800,-26.850,-0.150
18:20:23  충격값:0.13
18:20:23  충격피크:0.18
18:20:23  마지막충격발생값:0.00
18:20:23  마지막충격발생ms:0
18:20:23  송신:8409
18:20:23  지팡이수신:8135
18:20:23  GPS위성:8
18:20:23  GPS_HDOP:1.20
18:20:23  원시위도:37.496528
18:20:23  원시경도:126.957925
18:20:23  GPS채택:173
18:20:23  GPS이상치거부:13
18:20:23  GPS품질거부:70
18:20:23  GPS재기준:4
18:20:23  계산거리:13.27
18:20:23  접근속도:0.00
18:20:23  TTC:999.00
18:20:23  방향오차:136.0
18:20:23  전방여부:0
18:20:23  위험음성횟수:0
18:20:23  충격음성횟수:0
18:20:23  마지막위험음성:0
18:20:23  RSSI원시:-43
18:20:23  RSSI평활:-44.2
18:20:23  RSSI샘플:8135
18:20:23  RSSI경과ms:77
18:20:23  위험송신:8135
18:20:23  시각ms:873765
18:20:23  IMU시각ms:873765
18:20:23  위험:0
18:20:23  원시위험:0
18:20:23  GPS유효:1
18:20:23  위도:37.496534
18:20:23  경도:126.957927
18:20:23  속도:0.13
18:20:23  방향:0.0
18:20:23  이동방향유효:0
18:20:23  GPS이동방향:118.2
18:20:23  차체방향유효:1
18:20:23  차체방향:197.2
18:20:23  후진판정:0
18:20:23  IMU요회전속도:0.00
18:20:23  방향가속도크기:9.68
18:20:23  방향자이로크기:1.96
18:20:23  방향자세cos:1.0000
18:20:23  자기모델잔차:1.18
18:20:23  자기모델반경:1.302
18:20:23  방향채택:30936
18:20:23  방향거부:79212
18:20:23  GPS원시속도:0.144
18:20:23  GPS원시방향유효:1
18:20:23  GPS원시방향:118.2
18:20:23  가속도:-0.51,0.42,9.65
18:20:23  자이로:1.2,0.4,-1.5
18:20:23  자력계:-30.150,-26.700,-1.050
18:20:23  충격값:0.06
18:20:23  충격피크:0.16
18:20:23  마지막충격발생값:0.00
18:20:23  마지막충격발생ms:0
18:20:23  송신:8410
18:20:23  지팡이수신:8136
18:20:23  GPS위성:8
18:20:23  GPS_HDOP:1.20
18:20:23  원시위도:37.496528
18:20:23  원시경도:126.957925
18:20:23  GPS채택:173
18:20:23  GPS이상치거부:13
18:20:23  GPS품질거부:70
18:20:23  GPS재기준:4
18:20:23  계산거리:13.27
18:20:23  접근속도:0.00
18:20:23  TTC:999.00
18:20:23  방향오차:136.0
18:20:23  전방여부:0
18:20:23  위험음성횟수:0
18:20:23  충격음성횟수:0
18:20:23  마지막위험음성:0
18:20:23  RSSI원시:-42
18:20:23  RSSI평활:-43.7
18:20:23  RSSI샘플:8136
18:20:23  RSSI경과ms:71
18:20:23  위험송신:8136
18:20:23  시각ms:873975
18:20:23  IMU시각ms:873975
18:20:23  위험:0
18:20:23  원시위험:0
18:20:23  GPS유효:1
18:20:23  위도:37.496534
18:20:23  경도:126.957927
18:20:23  속도:0.13
18:20:23  방향:0.0
18:20:23  이동방향유효:0
18:20:23  GPS이동방향:118.2
18:20:23  차체방향유효:1
18:20:23  차체방향:197.3
18:20:23  후진판정:0
18:20:23  IMU요회전속도:0.00
18:20:23  방향가속도크기:9.76
18:20:23  방향자이로크기:1.23
18:20:23  방향자세cos:0.9999
18:20:23  자기모델잔차:3.74
18:20:23  자기모델반경:1.330
18:20:23  방향채택:30961
18:20:23  방향거부:79213
18:20:23  GPS원시속도:0.144
18:20:23  GPS원시방향유효:1
18:20:23  GPS원시방향:118.2
18:20:23  가속도:-0.57,0.42,9.73
18:20:23  자이로:-0.6,0.3,-1.0
18:20:23  자력계:-31.050,-27.750,1.650
18:20:23  충격값:0.07
18:20:23  충격피크:0.20
18:20:23  마지막충격발생값:0.00
18:20:23  마지막충격발생ms:0
18:20:23  송신:8412
18:20:23  지팡이수신:8138
18:20:23  GPS위성:8
18:20:23  GPS_HDOP:1.20
18:20:23  원시위도:37.496528
18:20:23  원시경도:126.957925
18:20:23  GPS채택:173
18:20:23  GPS이상치거부:13
18:20:23  GPS품질거부:70
18:20:23  GPS재기준:4
18:20:23  계산거리:13.57
18:20:23  접근속도:0.00
18:20:23  TTC:999.00
18:20:23  방향오차:137.1
18:20:23  전방여부:0
18:20:23  위험음성횟수:0
18:20:23  충격음성횟수:0
18:20:23  마지막위험음성:0
18:20:23  RSSI원시:-44
18:20:23  RSSI평활:-43.7
18:20:23  RSSI샘플:8138
18:20:23  RSSI경과ms:78
18:20:23  위험송신:8138
18:20:23  시각ms:874080
18:20:23  IMU시각ms:874080
18:20:23  위험:0
18:20:23  원시위험:0
18:20:23  GPS유효:1
18:20:23  위도:37.496534
18:20:23  경도:126.957927
18:20:23  속도:0.13
18:20:23  방향:0.0
18:20:23  이동방향유효:0
18:20:23  GPS이동방향:118.2
18:20:23  차체방향유효:1
18:20:23  차체방향:197.5
18:20:23  후진판정:0
18:20:23  IMU요회전속도:0.00
18:20:23  방향가속도크기:9.78
18:20:23  방향자이로크기:1.84
18:20:23  방향자세cos:0.9998
18:20:23  자기모델잔차:1.42
18:20:23  자기모델반경:1.368
18:20:23  방향채택:30973
18:20:23  방향거부:79214
18:20:23  GPS원시속도:0.144
18:20:23  GPS원시방향유효:1
18:20:23  GPS원시방향:118.2
18:20:23  가속도:-0.62,0.44,9.75
18:20:23  자이로:1.0,1.0,-1.2
18:20:23  자력계:-32.250,-29.700,-0.450
18:20:23  충격값:0.10
18:20:23  충격피크:0.21
18:20:23  마지막충격발생값:0.00
18:20:23  마지막충격발생ms:0
18:20:23  송신:8413
18:20:23  지팡이수신:8139
18:20:23  GPS위성:8
18:20:23  GPS_HDOP:1.20
18:20:23  원시위도:37.496528
18:20:23  원시경도:126.957925
18:20:23  GPS채택:173
18:20:23  GPS이상치거부:13
18:20:23  GPS품질거부:70
18:20:23  GPS재기준:4
18:20:23  계산거리:13.57
18:20:23  접근속도:0.00
18:20:23  TTC:999.00
18:20:23  방향오차:137.1
18:20:23  전방여부:0
18:20:23  위험음성횟수:0
18:20:23  충격음성횟수:0
18:20:23  마지막위험음성:0
18:20:23  RSSI원시:-43
18:20:23  RSSI평활:-43.5
18:20:23  RSSI샘플:8139
18:20:23  RSSI경과ms:74
18:20:23  위험송신:8139
18:20:23  시각ms:874313
18:20:23  IMU시각ms:874290
18:20:23  위험:0
18:20:23  원시위험:0
18:20:23  GPS유효:1
18:20:23  위도:37.496534
18:20:23  경도:126.957926
18:20:23  속도:0.14
18:20:23  방향:0.0
18:20:23  이동방향유효:0
18:20:23  GPS이동방향:118.2
18:20:23  차체방향유효:1
18:20:23  차체방향:197.4
18:20:23  후진판정:0
18:20:23  IMU요회전속도:0.00
18:20:23  방향가속도크기:9.68
18:20:23  방향자이로크기:2.38
18:20:23  방향자세cos:0.9999
18:20:23  자기모델잔차:1.83
18:20:23  자기모델반경:1.326
18:20:23  방향채택:30999
18:20:23  방향거부:79214
18:20:23  GPS원시속도:0.144
18:20:23  GPS원시방향유효:1
18:20:23  GPS원시방향:118.2
18:20:23  가속도:-0.50,0.37,9.66
18:20:23  자이로:-0.4,0.1,-2.3
18:20:23  자력계:-30.900,-27.450,-0.300
18:20:23  충격값:0.09
18:20:23  충격피크:0.16
18:20:23  마지막충격발생값:0.00
18:20:23  마지막충격발생ms:0
18:20:23  송신:8415
18:20:23  지팡이수신:8141
18:20:23  GPS위성:8
18:20:23  GPS_HDOP:1.20
18:20:23  원시위도:37.496530
18:20:23  원시경도:126.957923
18:20:23  GPS채택:174
18:20:23  GPS이상치거부:13
18:20:23  GPS품질거부:70
18:20:23  GPS재기준:4
18:20:23  계산거리:13.57
18:20:23  접근속도:0.00
18:20:23  TTC:999.00
18:20:23  방향오차:137.0
18:20:23  전방여부:0
18:20:23  위험음성횟수:0
18:20:23  충격음성횟수:0
18:20:23  마지막위험음성:0
18:20:23  RSSI원시:-44
18:20:23  RSSI평활:-43.5
18:20:23  RSSI샘플:8141
18:20:23  RSSI경과ms:98
18:20:23  위험송신:8141
18:20:23  시각ms:874405
18:20:23  IMU시각ms:874405
18:20:23  위험:0
18:20:23  원시위험:0
18:20:23  GPS유효:1
18:20:23  위도:37.496533
18:20:23  경도:126.957926
18:20:23  속도:0.10
18:20:23  방향:0.0
18:20:23  이동방향유효:0
18:20:23  GPS이동방향:118.2
18:20:23  차체방향유효:1
18:20:23  차체방향:197.4
18:20:23  후진판정:0
18:20:23  IMU요회전속도:0.00
18:20:23  방향가속도크기:9.76
18:20:23  방향자이로크기:3.77
18:20:23  방향자세cos:1.0000
18:20:23  자기모델잔차:2.55
18:20:23  자기모델반경:1.320
18:20:23  방향채택:31010
18:20:23  방향거부:79214
18:20:23  GPS원시속도:0.062
18:20:23  GPS원시방향유효:1
18:20:23  GPS원시방향:118.2
18:20:23  가속도:-0.50,0.49,9.73
18:20:23  자이로:1.0,-3.6,0.7
18:20:23  자력계:-30.750,-27.750,0.450
18:20:23  충격값:0.07
18:20:23  충격피크:0.15
18:20:23  마지막충격발생값:0.00
18:20:23  마지막충격발생ms:0
18:20:23  송신:8416
18:20:23  지팡이수신:8142
18:20:23  GPS위성:8
18:20:23  GPS_HDOP:1.20
18:20:23  원시위도:37.496530
18:20:23  원시경도:126.957923
18:20:23  GPS채택:175
18:20:23  GPS이상치거부:13
18:20:23  GPS품질거부:70
18:20:23  GPS재기준:4
18:20:23  계산거리:13.57
18:20:23  접근속도:0.00
18:20:23  TTC:999.00
18:20:23  방향오차:137.0
18:20:23  전방여부:0
18:20:23  위험음성횟수:0
18:20:23  충격음성횟수:0
18:20:23  마지막위험음성:0
18:20:23  RSSI원시:-44
18:20:23  RSSI평활:-43.6
18:20:23  RSSI샘플:8142
18:20:23  RSSI경과ms:89
18:20:23  위험송신:8142
18:20:24  시각ms:874615
18:20:24  IMU시각ms:874615
18:20:24  위험:0
18:20:24  원시위험:0
18:20:24  GPS유효:1
18:20:24  위도:37.496533
18:20:24  경도:126.957926
18:20:24  속도:0.10
18:20:24  방향:0.0
18:20:24  이동방향유효:0
18:20:24  GPS이동방향:118.2
18:20:24  차체방향유효:1
18:20:24  차체방향:197.5
18:20:24  후진판정:0
18:20:24  IMU요회전속도:0.00
18:20:24  방향가속도크기:9.81
18:20:24  방향자이로크기:2.11
18:20:24  방향자세cos:0.9999
18:20:24  자기모델잔차:3.52
18:20:24  자기모델반경:1.300
18:20:24  방향채택:31036
18:20:24  방향거부:79214
18:20:24  GPS원시속도:0.062
18:20:24  GPS원시방향유효:1
18:20:24  GPS원시방향:118.2
18:20:24  가속도:-0.57,0.55,9.78
18:20:24  자이로:2.0,-0.6,-0.1
18:20:24  자력계:-30.150,-28.350,1.500
18:20:24  충격값:0.14
18:20:24  충격피크:0.14
18:20:24  마지막충격발생값:0.00
18:20:24  마지막충격발생ms:0
18:20:24  송신:8418
18:20:24  지팡이수신:8144
18:20:24  GPS위성:8
18:20:24  GPS_HDOP:1.20
18:20:24  원시위도:37.496530
18:20:24  원시경도:126.957923
18:20:24  GPS채택:175
18:20:24  GPS이상치거부:13
18:20:24  GPS품질거부:70
18:20:24  GPS재기준:4
18:20:24  계산거리:13.57
18:20:24  접근속도:0.00
18:20:24  TTC:999.00
18:20:24  방향오차:136.9
18:20:24  전방여부:0
18:20:24  위험음성횟수:0
18:20:24  충격음성횟수:0
18:20:24  마지막위험음성:0
18:20:24  RSSI원시:-44
18:20:24  RSSI평활:-43.8
18:20:24  RSSI샘플:8144
18:20:24  RSSI경과ms:89
18:20:24  위험송신:8144
18:20:24  시각ms:874720
18:20:24  IMU시각ms:874720
18:20:24  위험:0
18:20:24  원시위험:0
18:20:24  GPS유효:1
18:20:24  위도:37.496533
18:20:24  경도:126.957926
18:20:24  속도:0.10
18:20:24  방향:0.0
18:20:24  이동방향유효:0
18:20:24  GPS이동방향:118.2
18:20:24  차체방향유효:1
18:20:24  차체방향:197.5
18:20:24  후진판정:0
18:20:24  IMU요회전속도:0.00
18:20:24  방향가속도크기:9.70
18:20:24  방향자이로크기:4.27
18:20:24  방향자세cos:0.9999
18:20:24  자기모델잔차:0.86
18:20:24  자기모델반경:1.354
18:20:24  방향채택:31049
18:20:24  방향거부:79214
18:20:24  GPS원시속도:0.062
18:20:24  GPS원시방향유효:1
18:20:24  GPS원시방향:118.2
18:20:24  가속도:-0.58,0.41,9.68
18:20:24  자이로:1.8,-3.9,-0.0
18:20:24  자력계:-31.800,-28.050,-1.200
18:20:24  충격값:0.04
18:20:24  충격피크:0.14
18:20:24  마지막충격발생값:0.00
18:20:24  마지막충격발생ms:0
18:20:24  송신:8419
18:20:24  지팡이수신:8145
18:20:24  GPS위성:8
18:20:24  GPS_HDOP:1.20
18:20:24  원시위도:37.496530
18:20:24  원시경도:126.957923
18:20:24  GPS채택:175
18:20:24  GPS이상치거부:13
18:20:24  GPS품질거부:70
18:20:24  GPS재기준:4
18:20:24  계산거리:13.57
18:20:24  접근속도:0.00
18:20:24  TTC:999.00
18:20:24  방향오차:136.9
18:20:24  전방여부:0
18:20:24  위험음성횟수:0
18:20:24  충격음성횟수:0
18:20:24  마지막위험음성:0
18:20:24  RSSI원시:-44
18:20:24  RSSI평활:-43.8
18:20:24  RSSI샘플:8145
18:20:24  RSSI경과ms:91
18:20:24  위험송신:8145
18:20:24  시각ms:874825
18:20:24  IMU시각ms:874825
18:20:24  위험:0
18:20:24  원시위험:0
18:20:24  GPS유효:1
18:20:24  위도:37.496533
18:20:24  경도:126.957926
18:20:24  속도:0.10
18:20:24  방향:0.0
18:20:24  이동방향유효:0
18:20:24  GPS이동방향:118.2
18:20:24  차체방향유효:1
18:20:24  차체방향:197.5
18:20:24  후진판정:0
18:20:24  IMU요회전속도:0.00
18:20:24  방향가속도크기:9.76
18:20:24  방향자이로크기:2.24
18:20:24  방향자세cos:0.9999
18:20:24  자기모델잔차:2.29
18:20:24  자기모델반경:1.346
18:20:24  방향채택:31062
18:20:24  방향거부:79214
18:20:24  GPS원시속도:0.062
18:20:24  GPS원시방향유효:1
18:20:24  GPS원시방향:118.2
18:20:24  가속도:-0.55,0.50,9.73
18:20:24  자이로:2.0,-0.8,0.7
18:20:24  자력계:-31.500,-27.300,0.150
18:20:24  충격값:0.07
18:20:24  충격피크:0.13
18:20:24  마지막충격발생값:0.00
18:20:24  마지막충격발생ms:0
18:20:24  송신:8420
18:20:24  지팡이수신:8146
18:20:24  GPS위성:8
18:20:24  GPS_HDOP:1.20
18:20:24  원시위도:37.496530
18:20:24  원시경도:126.957923
18:20:24  GPS채택:175
18:20:24  GPS이상치거부:13
18:20:24  GPS품질거부:70
18:20:24  GPS재기준:4
18:20:24  계산거리:14.04
18:20:24  접근속도:0.00
18:20:24  TTC:999.00
18:20:24  방향오차:134.9
18:20:24  전방여부:0
18:20:24  위험음성횟수:0
18:20:24  충격음성횟수:0
18:20:24  마지막위험음성:0
18:20:24  RSSI원시:-45
18:20:24  RSSI평활:-44.1
18:20:24  RSSI샘플:8146
18:20:24  RSSI경과ms:90
18:20:24  위험송신:8146
18:20:24  시각ms:875035
18:20:24  IMU시각ms:875035
18:20:24  위험:0
18:20:24  원시위험:0
18:20:24  GPS유효:1
18:20:24  위도:37.496533
18:20:24  경도:126.957926
18:20:24  속도:0.10
18:20:24  방향:0.0
18:20:24  이동방향유효:0
18:20:24  GPS이동방향:118.2
18:20:24  차체방향유효:1
18:20:24  차체방향:197.6
18:20:24  후진판정:0
18:20:24  IMU요회전속도:0.00
18:20:24  방향가속도크기:9.81
18:20:24  방향자이로크기:1.13
18:20:24  방향자세cos:0.9999
18:20:24  자기모델잔차:2.16
18:20:24  자기모델반경:1.351
18:20:24  방향채택:31088
18:20:24  방향거부:79214
18:20:24  GPS원시속도:0.062
18:20:24  GPS원시방향유효:1
18:20:24  GPS원시방향:118.2
18:20:24  가속도:-0.55,0.54,9.78
18:20:24  자이로:0.8,-0.7,0.3
18:20:24  자력계:-31.650,-27.150,0.000
18:20:24  충격값:0.12
18:20:24  충격피크:0.23
18:20:24  마지막충격발생값:0.00
18:20:24  마지막충격발생ms:0
18:20:24  송신:8422
18:20:24  지팡이수신:8148
18:20:24  GPS위성:8
18:20:24  GPS_HDOP:1.20
18:20:24  원시위도:37.496530
18:20:24  원시경도:126.957923
18:20:24  GPS채택:175
18:20:24  GPS이상치거부:13
18:20:24  GPS품질거부:70
18:20:24  GPS재기준:4
18:20:24  계산거리:14.34
18:20:24  접근속도:0.00
18:20:24  TTC:999.00
18:20:24  방향오차:137.1
18:20:24  전방여부:0
18:20:24  위험음성횟수:0
18:20:24  충격음성횟수:0
18:20:24  마지막위험음성:0
18:20:24  RSSI원시:-44
18:20:24  RSSI평활:-44.0
18:20:24  RSSI샘플:8148
18:20:24  RSSI경과ms:89
18:20:24  위험송신:8148
18:20:24  시각ms:875349
18:20:24  IMU시각ms:875348
18:20:24  위험:0
18:20:24  원시위험:0
18:20:24  GPS유효:1
18:20:24  위도:37.496533
18:20:24  경도:126.957926
18:20:24  속도:0.08
18:20:24  방향:0.0
18:20:24  이동방향유효:0
18:20:24  GPS이동방향:118.2
18:20:24  차체방향유효:1
18:20:24  차체방향:197.4
18:20:24  후진판정:0
18:20:24  IMU요회전속도:0.00
18:20:24  방향가속도크기:9.75
18:20:24  방향자이로크기:1.86
18:20:24  방향자세cos:1.0000
18:20:24  자기모델잔차:2.98
18:20:24  자기모델반경:1.355
18:20:24  방향채택:31125
18:20:24  방향거부:79214
18:20:24  GPS원시속도:0.062
18:20:24  GPS원시방향유효:1
18:20:24  GPS원시방향:118.2
18:20:24  가속도:-0.49,0.41,9.73
18:20:24  자이로:0.4,-0.6,-1.7
18:20:24  자력계:-31.800,-27.750,0.900
18:20:24  충격값:0.08
18:20:24  충격피크:0.22
18:20:24  마지막충격발생값:0.00
18:20:24  마지막충격발생ms:0
18:20:24  송신:8425
18:20:24  지팡이수신:8151
18:20:24  GPS위성:8
18:20:24  GPS_HDOP:1.20
18:20:24  원시위도:37.496532
18:20:24  원시경도:126.957923
18:20:24  GPS채택:176
18:20:24  GPS이상치거부:13
18:20:24  GPS품질거부:70
18:20:24  GPS재기준:4
18:20:24  계산거리:14.34
18:20:24  접근속도:0.00
18:20:24  TTC:999.00
18:20:24  방향오차:137.0
18:20:24  전방여부:0
18:20:24  위험음성횟수:0
18:20:24  충격음성횟수:0
18:20:24  마지막위험음성:0
18:20:24  RSSI원시:-42
18:20:24  RSSI평활:-43.2
18:20:24  RSSI샘플:8151
18:20:24  RSSI경과ms:90
18:20:24  위험송신:8151
18:20:25  시각ms:875663
18:20:25  IMU시각ms:875663
18:20:25  위험:0
18:20:25  원시위험:0
18:20:25  GPS유효:1
18:20:25  위도:37.496533
18:20:25  경도:126.957926
18:20:25  속도:0.15
18:20:25  방향:0.0
18:20:25  이동방향유효:0
18:20:25  GPS이동방향:118.2
18:20:25  차체방향유효:1
18:20:25  차체방향:197.5
18:20:25  후진판정:0
18:20:25  IMU요회전속도:0.00
18:20:25  방향가속도크기:9.74
18:20:25  방향자이로크기:2.21
18:20:25  방향자세cos:0.9999
18:20:25  자기모델잔차:2.96
18:20:25  자기모델반경:1.337
18:20:25  방향채택:31164
18:20:25  방향거부:79214
18:20:25  GPS원시속도:0.211
18:20:25  GPS원시방향유효:1
18:20:25  GPS원시방향:118.2
18:20:25  가속도:-0.54,0.38,9.72
18:20:25  자이로:2.1,-0.7,0.4
18:20:25  자력계:-31.200,-26.700,0.750
18:20:25  충격값:0.08
18:20:25  충격피크:0.16
18:20:25  마지막충격발생값:0.00
18:20:25  마지막충격발생ms:0
18:20:25  송신:8428
18:20:25  지팡이수신:8154
18:20:25  GPS위성:8
18:20:25  GPS_HDOP:1.20
18:20:25  원시위도:37.496532
18:20:25  원시경도:126.957923
18:20:25  GPS채택:177
18:20:25  GPS이상치거부:13
18:20:25  GPS품질거부:70
18:20:25  GPS재기준:4
18:20:25  계산거리:14.34
18:20:25  접근속도:0.00
18:20:25  TTC:999.00
18:20:25  방향오차:136.9
18:20:25  전방여부:0
18:20:25  위험음성횟수:0
18:20:25  충격음성횟수:0
18:20:25  마지막위험음성:0
18:20:25  RSSI원시:-44
18:20:25  RSSI평활:-43.2
18:20:25  RSSI샘플:8154
18:20:25  RSSI경과ms:92
18:20:25  위험송신:8154
18:20:25  시각ms:875768
18:20:25  IMU시각ms:875768
18:20:25  위험:0
18:20:25  원시위험:0
18:20:25  GPS유효:1
18:20:25  위도:37.496533
18:20:25  경도:126.957926
18:20:25  속도:0.15
18:20:25  방향:0.0
18:20:25  이동방향유효:0
18:20:25  GPS이동방향:118.2
18:20:25  차체방향유효:1
18:20:25  차체방향:197.5
18:20:25  후진판정:0
18:20:25  IMU요회전속도:0.00
18:20:25  방향가속도크기:9.83
18:20:25  방향자이로크기:4.57
18:20:25  방향자세cos:1.0000
18:20:25  자기모델잔차:1.94
18:20:25  자기모델반경:1.345
18:20:25  방향채택:31177
18:20:25  방향거부:79214
18:20:25  GPS원시속도:0.211
18:20:25  GPS원시방향유효:1
18:20:25  GPS원시방향:118.2
18:20:25  가속도:-0.38,0.54,9.81
18:20:25  자이로:1.3,-3.9,2.0
18:20:25  자력계:-31.500,-27.750,-0.150
18:20:25  충격값:0.22
18:20:25  충격피크:0.23
18:20:25  마지막충격발생값:0.00
18:20:25  마지막충격발생ms:0
18:20:25  송신:8429
18:20:25  지팡이수신:8155
18:20:25  GPS위성:8
18:20:25  GPS_HDOP:1.20
18:20:25  원시위도:37.496532
18:20:25  원시경도:126.957923
18:20:25  GPS채택:177
18:20:25  GPS이상치거부:13
18:20:25  GPS품질거부:70
18:20:25  GPS재기준:4
18:20:25  계산거리:14.34
18:20:25  접근속도:0.00
18:20:25  TTC:999.00
18:20:25  방향오차:136.9
18:20:25  전방여부:0
18:20:25  위험음성횟수:0
18:20:25  충격음성횟수:0
18:20:25  마지막위험음성:0
18:20:25  RSSI원시:-43
18:20:25  RSSI평활:-43.2
18:20:25  RSSI샘플:8155
18:20:25  RSSI경과ms:87
18:20:25  위험송신:8155
18:20:25  시각ms:875873
18:20:25  IMU시각ms:875873
18:20:25  위험:0
18:20:25  원시위험:0
18:20:25  GPS유효:1
18:20:25  위도:37.496533
18:20:25  경도:126.957926
18:20:25  속도:0.15
18:20:25  방향:0.0
18:20:25  이동방향유효:0
18:20:25  GPS이동방향:118.2
18:20:25  차체방향유효:1
18:20:25  차체방향:197.6
18:20:25  후진판정:0
18:20:25  IMU요회전속도:0.00
18:20:25  방향가속도크기:9.67
18:20:25  방향자이로크기:2.03
18:20:25  방향자세cos:0.9999
18:20:25  자기모델잔차:2.87
18:20:25  자기모델반경:1.336
18:20:25  방향채택:31190
18:20:25  방향거부:79214
18:20:25  GPS원시속도:0.211
18:20:25  GPS원시방향유효:1
18:20:25  GPS원시방향:118.2
18:20:25  가속도:-0.57,0.41,9.64
18:20:25  자이로:1.9,-0.6,0.5
18:20:25  자력계:-31.200,-27.450,0.750
18:20:25  충격값:0.07
18:20:25  충격피크:0.19
18:20:25  마지막충격발생값:0.00
18:20:25  마지막충격발생ms:0
18:20:25  송신:8430
18:20:25  지팡이수신:8156
18:20:25  GPS위성:8
18:20:25  GPS_HDOP:1.20
18:20:25  원시위도:37.496532
18:20:25  원시경도:126.957923
18:20:25  GPS채택:177
18:20:25  GPS이상치거부:13
18:20:25  GPS품질거부:70
18:20:25  GPS재기준:4
18:20:25  계산거리:14.34
18:20:25  접근속도:0.00
18:20:25  TTC:999.00
18:20:25  방향오차:137.0
18:20:25  전방여부:0
18:20:25  위험음성횟수:0
18:20:25  충격음성횟수:0
18:20:25  마지막위험음성:0
18:20:25  RSSI원시:-43
18:20:25  RSSI평활:-43.1
18:20:25  RSSI샘플:8156
18:20:25  RSSI경과ms:95
18:20:25  위험송신:8156
18:20:25  시각ms:876079
18:20:25  IMU시각ms:876078
18:20:25  위험:0
18:20:25  원시위험:0
18:20:25  GPS유효:1
18:20:25  위도:37.496533
18:20:25  경도:126.957926
18:20:25  속도:0.15
18:20:25  방향:0.0
18:20:25  이동방향유효:0
18:20:25  GPS이동방향:118.2
18:20:25  차체방향유효:1
18:20:25  차체방향:197.6
18:20:25  후진판정:0
18:20:25  IMU요회전속도:0.00
18:20:25  방향가속도크기:9.69
18:20:25  방향자이로크기:2.00
18:20:25  방향자세cos:0.9999
18:20:25  자기모델잔차:1.17
18:20:25  자기모델반경:1.320
18:20:25  방향채택:31217
18:20:25  방향거부:79214
18:20:25  GPS원시속도:0.211
18:20:25  GPS원시방향유효:1
18:20:25  GPS원시방향:118.2
18:20:25  가속도:-0.53,0.42,9.66
18:20:25  자이로:-1.0,1.7,-0.4
18:20:25  자력계:-30.750,-28.050,-0.900
18:20:25  충격값:0.06
18:20:25  충격피크:0.18
18:20:25  마지막충격발생값:0.00
18:20:25  마지막충격발생ms:0
18:20:25  송신:8432
18:20:25  지팡이수신:8157
18:20:25  GPS위성:8
18:20:25  GPS_HDOP:1.20
18:20:25  원시위도:37.496532
18:20:25  원시경도:126.957923
18:20:25  GPS채택:177
18:20:25  GPS이상치거부:13
18:20:25  GPS품질거부:70
18:20:25  GPS재기준:4
18:20:25  계산거리:14.65
18:20:25  접근속도:0.00
18:20:25  TTC:999.00
18:20:25  방향오차:138.0
18:20:25  전방여부:0
18:20:25  위험음성횟수:0
18:20:25  충격음성횟수:0
18:20:25  마지막위험음성:0
18:20:25  RSSI원시:-44
18:20:25  RSSI평활:-43.3
18:20:25  RSSI샘플:8157
18:20:25  RSSI경과ms:190
18:20:25  위험송신:8157
18:20:25  시각ms:876289
18:20:25  IMU시각ms:876288
18:20:25  위험:0
18:20:25  원시위험:0
18:20:25  GPS유효:1
18:20:25  위도:37.496533
18:20:25  경도:126.957925
18:20:25  속도:0.18
18:20:25  방향:0.0
18:20:25  이동방향유효:0
18:20:25  GPS이동방향:118.2
18:20:25  차체방향유효:1
18:20:25  차체방향:197.5
18:20:25  후진판정:0
18:20:25  IMU요회전속도:0.00
18:20:25  방향가속도크기:9.63
18:20:25  방향자이로크기:2.71
18:20:25  방향자세cos:0.9998
18:20:25  자기모델잔차:1.54
18:20:25  자기모델반경:1.404
18:20:25  방향채택:31242
18:20:25  방향거부:79215
18:20:25  GPS원시속도:0.211
18:20:25  GPS원시방향유효:1
18:20:25  GPS원시방향:118.2
18:20:25  가속도:-0.63,0.46,9.60
18:20:25  자이로:-0.7,1.5,-2.1
18:20:25  자력계:-33.150,-25.950,-0.750
18:20:25  충격값:0.11
18:20:25  충격피크:0.18
18:20:25  마지막충격발생값:0.00
18:20:25  마지막충격발생ms:0
18:20:25  송신:8434
18:20:25  지팡이수신:8159
18:20:25  GPS위성:8
18:20:25  GPS_HDOP:1.20
18:20:25  원시위도:37.496533
18:20:25  원시경도:126.957922
18:20:25  GPS채택:178
18:20:25  GPS이상치거부:13
18:20:25  GPS품질거부:70
18:20:25  GPS재기준:4
18:20:25  계산거리:14.65
18:20:25  접근속도:0.00
18:20:25  TTC:999.00
18:20:25  방향오차:137.9
18:20:25  전방여부:0
18:20:25  위험음성횟수:0
18:20:25  충격음성횟수:0
18:20:25  마지막위험음성:0
18:20:25  RSSI원시:-44
18:20:25  RSSI평활:-43.9
18:20:25  RSSI샘플:8159
18:20:25  RSSI경과ms:88
18:20:25  위험송신:8159
18:20:26  시각ms:876497
18:20:26  IMU시각ms:876497
18:20:26  위험:0
18:20:26  원시위험:0
18:20:26  GPS유효:1
18:20:26  위도:37.496533
18:20:26  경도:126.957925
18:20:26  속도:0.12
18:20:26  방향:0.0
18:20:26  이동방향유효:0
18:20:26  GPS이동방향:118.2
18:20:26  차체방향유효:1
18:20:26  차체방향:197.5
18:20:26  후진판정:0
18:20:26  IMU요회전속도:0.00
18:20:26  방향가속도크기:9.74
18:20:26  방향자이로크기:3.52
18:20:26  방향자세cos:1.0000
18:20:26  자기모델잔차:2.96
18:20:26  자기모델반경:1.330
18:20:26  방향채택:31266
18:20:26  방향거부:79215
18:20:26  GPS원시속도:0.067
18:20:26  GPS원시방향유효:1
18:20:26  GPS원시방향:118.2
18:20:26  가속도:-0.53,0.49,9.72
18:20:26  자이로:0.9,-3.4,0.1
18:20:26  자력계:-31.050,-28.050,0.900
18:20:26  충격값:0.07
18:20:26  충격피크:0.21
18:20:26  마지막충격발생값:0.00
18:20:26  마지막충격발생ms:0
18:20:26  송신:8436
18:20:26  지팡이수신:8161
18:20:26  GPS위성:8
18:20:26  GPS_HDOP:1.20
18:20:26  원시위도:37.496533
18:20:26  원시경도:126.957922
18:20:26  GPS채택:179
18:20:26  GPS이상치거부:13
18:20:26  GPS품질거부:70
18:20:26  GPS재기준:4
18:20:26  계산거리:14.65
18:20:26  접근속도:0.00
18:20:26  TTC:999.00
18:20:26  방향오차:137.8
18:20:26  전방여부:0
18:20:26  위험음성횟수:0
18:20:26  충격음성횟수:0
18:20:26  마지막위험음성:0
18:20:26  RSSI원시:-43
18:20:26  RSSI평활:-43.2
18:20:26  RSSI샘플:8161
18:20:26  RSSI경과ms:90
18:20:26  위험송신:8161
