17:58:52  시각ms:1100981
17:58:52  IMU시각ms:1100981
17:58:52  위험:0
17:58:52  원시위험:0
17:58:52  GPS유효:0
17:58:52  위도:0.000000
17:58:52  경도:0.000000
17:58:52  속도:0.00
17:58:52  방향:0.0
17:58:52  GPS원시속도:0.000
17:58:52  GPS원시방향유효:0
17:58:52  GPS원시방향:0.0
17:58:52  가속도:-0.96,1.00,9.60
17:58:52  자이로:2.3,-1.1,-1.5
17:58:52  자력계:-19.800,-35.700,4.050
17:58:52  충격값:0.04
17:58:52  송신:10819
17:58:52  지팡이수신:10188
17:58:52  GPS위성:0
17:58:52  GPS_HDOP:99.00
17:58:52  원시위도:0.000000
17:58:52  원시경도:0.000000
17:58:52  GPS채택:0
17:58:52  GPS이상치거부:0
17:58:52  GPS품질거부:0
17:58:52  GPS재기준:0
17:58:52  계산거리:-1.00
17:58:52  접근속도:0.00
17:58:52  TTC:999.00
17:58:52  방향오차:0.0
17:58:52  전방여부:0
17:58:52  위험음성횟수:0
17:58:52  충격음성횟수:0
17:58:52  마지막위험음성:0
17:58:52  RSSI원시:-70
17:58:52  RSSI평활:-68.7
17:58:52  RSSI샘플:10188
17:58:52  RSSI경과ms:24
17:58:52  위험송신:10188
17:58:52  시각ms:1101031
17:58:52  IMU시각ms:1101031
17:58:52  위험:0
17:58:52  원시위험:0
17:58:52  GPS유효:0
17:58:52  위도:0.000000
17:58:52  경도:0.000000
17:58:52  속도:0.00
17:58:52  방향:0.0
17:58:52  GPS원시속도:0.000
17:58:52  GPS원시방향유효:0
17:58:52  GPS원시방향:0.0
17:58:52  가속도:-1.03,1.00,9.54
17:58:52  자이로:0.8,2.0,1.5
17:58:52  자력계:-19.050,-34.200,5.550
17:58:52  충격값:0.10
17:58:52  송신:10819
17:58:52  지팡이수신:10188
17:58:52  GPS위성:0
17:58:52  GPS_HDOP:99.00
17:58:52  원시위도:0.000000
17:58:52  원시경도:0.000000
17:58:52  GPS채택:0
17:58:52  GPS이상치거부:0
17:58:52  GPS품질거부:0
17:58:52  GPS재기준:0
17:58:52  계산거리:-1.00
17:58:52  접근속도:0.00
17:58:52  TTC:999.00
17:58:52  방향오차:0.0
17:58:52  전방여부:0
17:58:52  위험음성횟수:0
17:58:52  충격음성횟수:0
17:58:52  마지막위험음성:0
17:58:52  RSSI원시:-70
17:58:52  RSSI평활:-68.7
17:58:52  RSSI샘플:10188
17:58:52  RSSI경과ms:74
17:58:52  위험송신:10188
17:58:52  시각ms:1101192
17:58:52  IMU시각ms:1101192
17:58:52  위험:0
17:58:52  원시위험:0
17:58:52  GPS유효:0
17:58:52  위도:0.000000
17:58:52  경도:0.000000
17:58:52  속도:0.00
17:58:52  방향:0.0
17:58:52  GPS원시속도:0.000
17:58:52  GPS원시방향유효:0
17:58:52  GPS원시방향:0.0
17:58:52  가속도:-0.93,0.90,9.72
17:58:52  자이로:1.3,-0.9,1.2
17:58:52  자력계:-21.150,-34.050,3.150
17:58:52  충격값:0.18
17:58:52  송신:10821
17:58:52  지팡이수신:10190
17:58:52  GPS위성:0
17:58:52  GPS_HDOP:99.00
17:58:52  원시위도:0.000000
17:58:52  원시경도:0.000000
17:58:52  GPS채택:0
17:58:52  GPS이상치거부:0
17:58:52  GPS품질거부:0
17:58:52  GPS재기준:0
17:58:52  계산거리:-1.00
17:58:52  접근속도:0.00
17:58:52  TTC:999.00
17:58:52  방향오차:0.0
17:58:52  전방여부:0
17:58:52  위험음성횟수:0
17:58:52  충격음성횟수:0
17:58:52  마지막위험음성:0
17:58:52  RSSI원시:-71
17:58:52  RSSI평활:-69.1
17:58:52  RSSI샘플:10190
17:58:52  RSSI경과ms:34
17:58:52  위험송신:10190
17:58:52  시각ms:1101292
17:58:52  IMU시각ms:1101292
17:58:52  위험:0
17:58:52  원시위험:0
17:58:52  GPS유효:0
17:58:52  위도:0.000000
17:58:52  경도:0.000000
17:58:52  속도:0.00
17:58:52  방향:0.0
17:58:52  GPS원시속도:0.000
17:58:52  GPS원시방향유효:0
17:58:52  GPS원시방향:0.0
17:58:52  가속도:-0.90,1.11,9.64
17:58:52  자이로:-1.2,0.8,0.3
17:58:52  자력계:-18.450,-33.600,4.200
17:58:52  충격값:0.09
17:58:52  송신:10822
17:58:52  지팡이수신:10191
17:58:52  GPS위성:0
17:58:52  GPS_HDOP:99.00
17:58:52  원시위도:0.000000
17:58:52  원시경도:0.000000
17:58:52  GPS채택:0
17:58:52  GPS이상치거부:0
17:58:52  GPS품질거부:0
17:58:52  GPS재기준:0
17:58:52  계산거리:-1.00
17:58:52  접근속도:0.00
17:58:52  TTC:999.00
17:58:52  방향오차:0.0
17:58:52  전방여부:0
17:58:52  위험음성횟수:0
17:58:52  충격음성횟수:0
17:58:52  마지막위험음성:0
17:58:52  RSSI원시:-70
17:58:52  RSSI평활:-69.2
17:58:52  RSSI샘플:10191
17:58:52  RSSI경과ms:38
17:58:52  위험송신:10191
17:58:52  시각ms:1101342
17:58:52  IMU시각ms:1101342
17:58:52  위험:0
17:58:52  원시위험:0
17:58:52  GPS유효:0
17:58:52  위도:0.000000
17:58:52  경도:0.000000
17:58:52  속도:0.00
17:58:52  방향:0.0
17:58:52  GPS원시속도:0.000
17:58:52  GPS원시방향유효:0
17:58:52  GPS원시방향:0.0
17:58:52  가속도:-1.03,1.01,9.69
17:58:52  자이로:1.7,1.1,-1.7
17:58:52  자력계:-18.900,-34.800,4.950
17:58:52  충격값:0.13
17:58:52  송신:10822
17:58:52  지팡이수신:10191
17:58:52  GPS위성:0
17:58:52  GPS_HDOP:99.00
17:58:52  원시위도:0.000000
17:58:52  원시경도:0.000000
17:58:52  GPS채택:0
17:58:52  GPS이상치거부:0
17:58:52  GPS품질거부:0
17:58:52  GPS재기준:0
17:58:52  계산거리:-1.00
17:58:52  접근속도:0.00
17:58:52  TTC:999.00
17:58:52  방향오차:0.0
17:58:52  전방여부:0
17:58:52  위험음성횟수:0
17:58:52  충격음성횟수:0
17:58:52  마지막위험음성:0
17:58:52  RSSI원시:-70
17:58:52  RSSI평활:-69.2
17:58:52  RSSI샘플:10191
17:58:52  RSSI경과ms:88
17:58:52  위험송신:10191
17:58:52  시각ms:1101397
17:58:52  IMU시각ms:1101397
17:58:52  위험:0
17:58:52  원시위험:0
17:58:52  GPS유효:0
17:58:52  위도:0.000000
17:58:52  경도:0.000000
17:58:52  속도:0.00
17:58:52  방향:0.0
17:58:52  GPS원시속도:0.000
17:58:52  GPS원시방향유효:0
17:58:52  GPS원시방향:0.0
17:58:52  가속도:-0.97,1.16,9.55
17:58:52  자이로:1.4,0.4,-0.5
17:58:52  자력계:-18.300,-33.450,6.000
17:58:52  충격값:0.13
17:58:52  송신:10823
17:58:52  지팡이수신:10192
17:58:52  GPS위성:0
17:58:52  GPS_HDOP:99.00
17:58:52  원시위도:0.000000
17:58:52  원시경도:0.000000
17:58:52  GPS채택:0
17:58:52  GPS이상치거부:0
17:58:52  GPS품질거부:0
17:58:52  GPS재기준:0
17:58:52  계산거리:-1.00
17:58:52  접근속도:0.00
17:58:52  TTC:999.00
17:58:52  방향오차:0.0
17:58:52  전방여부:0
17:58:52  위험음성횟수:0
17:58:52  충격음성횟수:0
17:58:52  마지막위험음성:0
17:58:52  RSSI원시:-67
17:58:52  RSSI평활:-68.8
17:58:52  RSSI샘플:10192
17:58:52  RSSI경과ms:29
17:58:52  위험송신:10192
17:58:52  시각ms:1101547
17:58:52  IMU시각ms:1101547
17:58:52  위험:0
17:58:52  원시위험:0
17:58:52  GPS유효:0
17:58:52  위도:0.000000
17:58:52  경도:0.000000
17:58:52  속도:0.00
17:58:52  방향:0.0
17:58:52  GPS원시속도:0.000
17:58:52  GPS원시방향유효:0
17:58:52  GPS원시방향:0.0
17:58:52  가속도:-1.04,1.13,9.52
17:58:52  자이로:2.1,-1.5,-1.5
17:58:52  자력계:-20.700,-32.400,5.400
17:58:52  충격값:0.15
17:58:52  송신:10824
17:58:52  지팡이수신:10193
17:58:52  GPS위성:0
17:58:52  GPS_HDOP:99.00
17:58:52  원시위도:0.000000
17:58:52  원시경도:0.000000
17:58:52  GPS채택:0
17:58:52  GPS이상치거부:0
17:58:52  GPS품질거부:0
17:58:52  GPS재기준:0
17:58:52  계산거리:-1.00
17:58:52  접근속도:0.00
17:58:52  TTC:999.00
17:58:52  방향오차:0.0
17:58:52  전방여부:0
17:58:52  위험음성횟수:0
17:58:52  충격음성횟수:0
17:58:52  마지막위험음성:0
17:58:52  RSSI원시:-67
17:58:52  RSSI평활:-68.4
17:58:52  RSSI샘플:10193
17:58:52  RSSI경과ms:88
17:58:52  위험송신:10193
17:58:52  시각ms:1101597
17:58:52  IMU시각ms:1101597
17:58:52  위험:0
17:58:52  원시위험:0
17:58:52  GPS유효:0
17:58:52  위도:0.000000
17:58:52  경도:0.000000
17:58:52  속도:0.00
17:58:52  방향:0.0
17:58:52  GPS원시속도:0.000
17:58:52  GPS원시방향유효:0
17:58:52  GPS원시방향:0.0
17:58:52  가속도:-0.98,1.13,9.70
17:58:52  자이로:1.9,-1.1,1.2
17:58:52  자력계:-18.900,-33.600,3.450
17:58:52  충격값:0.15
17:58:52  송신:10825
17:58:52  지팡이수신:10194
17:58:52  GPS위성:0
17:58:52  GPS_HDOP:99.00
17:58:52  원시위도:0.000000
17:58:52  원시경도:0.000000
17:58:52  GPS채택:0
17:58:52  GPS이상치거부:0
17:58:52  GPS품질거부:0
17:58:52  GPS재기준:0
17:58:52  계산거리:-1.00
17:58:52  접근속도:0.00
17:58:52  TTC:999.00
17:58:52  방향오차:0.0
17:58:52  전방여부:0
17:58:52  위험음성횟수:0
17:58:52  충격음성횟수:0
17:58:52  마지막위험음성:0
17:58:52  RSSI원시:-66
17:58:52  RSSI평활:-67.9
17:58:52  RSSI샘플:10194
17:58:52  RSSI경과ms:32
17:58:52  위험송신:10194
17:58:52  시각ms:1101647
17:58:52  IMU시각ms:1101647
17:58:52  위험:0
17:58:52  원시위험:0
17:58:52  GPS유효:0
17:58:52  위도:0.000000
17:58:52  경도:0.000000
17:58:52  속도:0.00
17:58:52  방향:0.0
17:58:52  GPS원시속도:0.000
17:58:52  GPS원시방향유효:0
17:58:52  GPS원시방향:0.0
17:58:52  가속도:-0.91,0.96,9.60
17:58:52  자이로:0.6,-2.8,-1.6
17:58:52  자력계:-21.000,-34.950,3.750
17:58:52  충격값:0.09
17:58:52  송신:10825
17:58:52  지팡이수신:10194
17:58:52  GPS위성:0
17:58:52  GPS_HDOP:99.00
17:58:52  원시위도:0.000000
17:58:52  원시경도:0.000000
17:58:52  GPS채택:0
17:58:52  GPS이상치거부:0
17:58:52  GPS품질거부:0
17:58:52  GPS재기준:0
17:58:52  계산거리:-1.00
17:58:52  접근속도:0.00
17:58:52  TTC:999.00
17:58:52  방향오차:0.0
17:58:52  전방여부:0
17:58:52  위험음성횟수:0
17:58:52  충격음성횟수:0
17:58:52  마지막위험음성:0
17:58:52  RSSI원시:-66
17:58:52  RSSI평활:-67.9
17:58:52  RSSI샘플:10194
17:58:52  RSSI경과ms:82
17:58:52  위험송신:10194
17:58:52  시각ms:1101702
17:58:52  IMU시각ms:1101702
17:58:52  위험:0
17:58:52  원시위험:0
17:58:53  GPS유효:0
17:58:53  위도:0.000000
17:58:53  경도:0.000000
17:58:53  속도:0.00
17:58:53  방향:0.0
17:58:53  GPS원시속도:0.000
17:58:53  GPS원시방향유효:0
17:58:53  GPS원시방향:0.0
17:58:53  가속도:-0.83,1.11,9.53
17:58:53  자이로:-0.5,0.8,-0.6
17:58:53  자력계:-18.900,-33.600,4.200
17:58:53  충격값:0.15
17:58:53  송신:10826
17:58:53  지팡이수신:10195
17:58:53  GPS위성:0
17:58:53  GPS_HDOP:99.00
17:58:53  원시위도:0.000000
17:58:53  원시경도:0.000000
17:58:53  GPS채택:0
17:58:53  GPS이상치거부:0
17:58:53  GPS품질거부:0
17:58:53  GPS재기준:0
17:58:53  계산거리:-1.00
17:58:53  접근속도:0.00
17:58:53  TTC:999.00
17:58:53  방향오차:0.0
17:58:53  전방여부:0
17:58:53  위험음성횟수:0
17:58:53  충격음성횟수:0
17:58:53  마지막위험음성:0
17:58:53  RSSI원시:-63
17:58:53  RSSI평활:-67.0
17:58:53  RSSI샘플:10195
17:58:53  RSSI경과ms:32
17:58:53  위험송신:10195
17:58:53  시각ms:1101752
17:58:53  IMU시각ms:1101752
17:58:53  위험:0
17:58:53  원시위험:0
17:58:53  GPS유효:0
17:58:53  위도:0.000000
17:58:53  경도:0.000000
17:58:53  속도:0.00
17:58:53  방향:0.0
17:58:53  GPS원시속도:0.000
17:58:53  GPS원시방향유효:0
17:58:53  GPS원시방향:0.0
17:58:53  가속도:-0.96,1.06,9.65
17:58:53  자이로:0.5,0.0,1.0
17:58:53  자력계:-18.000,-34.800,4.650
17:58:53  충격값:0.06
17:58:53  송신:10826
17:58:53  지팡이수신:10195
17:58:53  GPS위성:0
17:58:53  GPS_HDOP:99.00
17:58:53  원시위도:0.000000
17:58:53  원시경도:0.000000
17:58:53  GPS채택:0
17:58:53  GPS이상치거부:0
17:58:53  GPS품질거부:0
17:58:53  GPS재기준:0
17:58:53  계산거리:-1.00
17:58:53  접근속도:0.00
17:58:53  TTC:999.00
17:58:53  방향오차:0.0
17:58:53  전방여부:0
17:58:53  위험음성횟수:0
17:58:53  충격음성횟수:0
17:58:53  마지막위험음성:0
17:58:53  RSSI원시:-63
17:58:53  RSSI평활:-67.0
17:58:53  RSSI샘플:10195
17:58:53  RSSI경과ms:82
17:58:53  위험송신:10195
17:58:53  시각ms:1101802
17:58:53  IMU시각ms:1101802
17:58:53  위험:0
17:58:53  원시위험:0
17:58:53  GPS유효:0
17:58:53  위도:0.000000
17:58:53  경도:0.000000
17:58:53  속도:0.00
17:58:53  방향:0.0
17:58:53  GPS원시속도:0.000
17:58:53  GPS원시방향유효:0
17:58:53  GPS원시방향:0.0
17:58:53  가속도:-0.95,1.06,9.66
17:58:53  자이로:0.3,-1.4,2.8
17:58:53  자력계:-19.650,-34.800,5.400
17:58:53  충격값:0.06
17:58:53  송신:10827
17:58:53  지팡이수신:10195
17:58:53  GPS위성:0
17:58:53  GPS_HDOP:99.00
17:58:53  원시위도:0.000000
17:58:53  원시경도:0.000000
17:58:53  GPS채택:0
17:58:53  GPS이상치거부:0
17:58:53  GPS품질거부:0
17:58:53  GPS재기준:0
17:58:53  계산거리:-1.00
17:58:53  접근속도:0.00
17:58:53  TTC:999.00
17:58:53  방향오차:0.0
17:58:53  전방여부:0
17:58:53  위험음성횟수:0
17:58:53  충격음성횟수:0
17:58:53  마지막위험음성:0
17:58:53  RSSI원시:-63
17:58:53  RSSI평활:-67.0
17:58:53  RSSI샘플:10195
17:58:53  RSSI경과ms:132
17:58:53  위험송신:10195
17:58:53  시각ms:1101852
17:58:53  IMU시각ms:1101852
17:58:53  위험:0
17:58:53  원시위험:0
17:58:53  GPS유효:0
17:58:53  위도:0.000000
17:58:53  경도:0.000000
17:58:53  속도:0.00
17:58:53  방향:0.0
17:58:53  GPS원시속도:0.000
17:58:53  GPS원시방향유효:0
17:58:53  GPS원시방향:0.0
17:58:53  가속도:-0.85,1.12,9.61
17:58:53  자이로:-0.0,-2.9,3.0
17:58:53  자력계:-19.050,-35.400,7.050
17:58:53  충격값:0.13
17:58:53  송신:10827
17:58:53  지팡이수신:10195
17:58:53  GPS위성:0
17:58:53  GPS_HDOP:99.00
17:58:53  원시위도:0.000000
17:58:53  원시경도:0.000000
17:58:53  GPS채택:0
17:58:53  GPS이상치거부:0
17:58:53  GPS품질거부:0
17:58:53  GPS재기준:0
17:58:53  계산거리:-1.00
17:58:53  접근속도:0.00
17:58:53  TTC:999.00
17:58:53  방향오차:0.0
17:58:53  전방여부:0
17:58:53  위험음성횟수:0
17:58:53  충격음성횟수:0
17:58:53  마지막위험음성:0
17:58:53  RSSI원시:-63
17:58:53  RSSI평활:-67.0
17:58:53  RSSI샘플:10195
17:58:53  RSSI경과ms:182
17:58:53  위험송신:10195
17:58:53  시각ms:1101902
17:58:53  IMU시각ms:1101902
17:58:53  위험:0
17:58:53  원시위험:0
17:58:53  GPS유효:0
17:58:53  위도:0.000000
17:58:53  경도:0.000000
17:58:53  속도:0.00
17:58:53  방향:0.0
17:58:53  GPS원시속도:0.000
17:58:53  GPS원시방향유효:0
17:58:53  GPS원시방향:0.0
17:58:53  가속도:-0.93,1.04,9.78
17:58:53  자이로:2.2,-1.5,0.5
17:58:53  자력계:-19.950,-34.350,4.200
17:58:53  충격값:0.17
17:58:53  송신:10828
17:58:53  지팡이수신:10196
17:58:53  GPS위성:0
17:58:53  GPS_HDOP:99.00
17:58:53  원시위도:0.000000
17:58:53  원시경도:0.000000
17:58:53  GPS채택:0
17:58:53  GPS이상치거부:0
17:58:53  GPS품질거부:0
17:58:53  GPS재기준:0
17:58:53  계산거리:-1.00
17:58:53  접근속도:0.00
17:58:53  TTC:999.00
17:58:53  방향오차:0.0
17:58:53  전방여부:0
17:58:53  위험음성횟수:0
17:58:53  충격음성횟수:0
17:58:53  마지막위험음성:0
17:58:53  RSSI원시:-63
17:58:53  RSSI평활:-66.2
17:58:53  RSSI샘플:10196
17:58:53  RSSI경과ms:32
17:58:53  위험송신:10196
17:58:53  시각ms:1101952
17:58:53  IMU시각ms:1101952
17:58:53  위험:0
17:58:53  원시위험:0
17:58:53  GPS유효:0
17:58:53  위도:0.000000
17:58:53  경도:0.000000
17:58:53  속도:0.00
17:58:53  방향:0.0
17:58:53  GPS원시속도:0.000
17:58:53  GPS원시방향유효:0
17:58:53  GPS원시방향:0.0
17:58:53  가속도:-1.01,1.12,9.63
17:58:53  자이로:-0.1,-0.2,0.2
17:58:53  자력계:-20.100,-34.650,6.300
17:58:53  충격값:0.09
17:58:53  송신:10828
17:58:53  지팡이수신:10196
17:58:53  GPS위성:0
17:58:53  GPS_HDOP:99.00
17:58:53  원시위도:0.000000
17:58:53  원시경도:0.000000
17:58:53  GPS채택:0
17:58:53  GPS이상치거부:0
17:58:53  GPS품질거부:0
17:58:53  GPS재기준:0
17:58:53  계산거리:-1.00
17:58:53  접근속도:0.00
17:58:53  TTC:999.00
17:58:53  방향오차:0.0
17:58:53  전방여부:0
17:58:53  위험음성횟수:0
17:58:53  충격음성횟수:0
17:58:53  마지막위험음성:0
17:58:53  RSSI원시:-63
17:58:53  RSSI평활:-66.2
17:58:53  RSSI샘플:10196
17:58:53  RSSI경과ms:82
17:58:53  위험송신:10196
17:58:53  시각ms:1102102
17:58:53  IMU시각ms:1102102
17:58:53  위험:0
17:58:53  원시위험:0
17:58:53  GPS유효:0
17:58:53  위도:0.000000
17:58:53  경도:0.000000
17:58:53  속도:0.00
17:58:53  방향:0.0
17:58:53  GPS원시속도:0.000
17:58:53  GPS원시방향유효:0
17:58:53  GPS원시방향:0.0
17:58:53  가속도:-1.04,1.05,9.64
17:58:53  자이로:0.5,0.6,-1.4
17:58:53  자력계:-17.550,-34.200,4.050
17:58:53  충격값:0.10
17:58:53  송신:10830
17:58:53  지팡이수신:10198
17:58:53  GPS위성:0
17:58:53  GPS_HDOP:99.00
17:58:53  원시위도:0.000000
17:58:53  원시경도:0.000000
17:58:53  GPS채택:0
17:58:53  GPS이상치거부:0
17:58:53  GPS품질거부:0
17:58:53  GPS재기준:0
17:58:53  계산거리:-1.00
17:58:53  접근속도:0.00
17:58:53  TTC:999.00
17:58:53  방향오차:0.0
17:58:53  전방여부:0
17:58:53  위험음성횟수:0
17:58:53  충격음성횟수:0
17:58:53  마지막위험음성:0
17:58:53  RSSI원시:-60
17:58:53  RSSI평활:-63.8
17:58:53  RSSI샘플:10198
17:58:53  RSSI경과ms:34
17:58:53  위험송신:10198
17:58:53  시각ms:1102156
17:58:53  IMU시각ms:1102156
17:58:53  위험:0
17:58:53  원시위험:0
17:58:53  GPS유효:0
17:58:53  위도:0.000000
17:58:53  경도:0.000000
17:58:53  속도:0.00
17:58:53  방향:0.0
17:58:53  GPS원시속도:0.000
17:58:53  GPS원시방향유효:0
17:58:53  GPS원시방향:0.0
17:58:53  가속도:-0.94,1.10,9.59
17:58:53  자이로:0.5,-0.5,0.5
17:58:53  자력계:-18.900,-34.350,4.650
17:58:53  충격값:0.05
17:58:53  송신:10830
17:58:53  지팡이수신:10198
17:58:53  GPS위성:0
17:58:53  GPS_HDOP:99.00
17:58:53  원시위도:0.000000
17:58:53  원시경도:0.000000
17:58:53  GPS채택:0
17:58:53  GPS이상치거부:0
17:58:53  GPS품질거부:0
17:58:53  GPS재기준:0
17:58:53  계산거리:-1.00
17:58:53  접근속도:0.00
17:58:53  TTC:999.00
17:58:53  방향오차:0.0
17:58:53  전방여부:0
17:58:53  위험음성횟수:0
17:58:53  충격음성횟수:0
17:58:53  마지막위험음성:0
17:58:53  RSSI원시:-60
17:58:53  RSSI평활:-63.8
17:58:53  RSSI샘플:10198
17:58:53  RSSI경과ms:88
17:58:53  위험송신:10198
17:58:53  시각ms:1102206
17:58:53  IMU시각ms:1102206
17:58:53  위험:0
17:58:53  원시위험:0
17:58:53  GPS유효:0
17:58:53  위도:0.000000
17:58:53  경도:0.000000
17:58:53  속도:0.00
17:58:53  방향:0.0
17:58:53  GPS원시속도:0.000
17:58:53  GPS원시방향유효:0
17:58:53  GPS원시방향:0.0
17:58:53  가속도:-0.92,0.97,9.60
17:58:53  자이로:0.8,-3.0,0.0
17:58:53  자력계:-19.800,-34.650,6.000
17:58:53  충격값:0.08
17:58:53  송신:10831
17:58:53  지팡이수신:10199
17:58:53  GPS위성:0
17:58:53  GPS_HDOP:99.00
17:58:53  원시위도:0.000000
17:58:53  원시경도:0.000000
17:58:53  GPS채택:0
17:58:53  GPS이상치거부:0
17:58:53  GPS품질거부:0
17:58:53  GPS재기준:0
17:58:53  계산거리:-1.00
17:58:53  접근속도:0.00
17:58:53  TTC:999.00
17:58:53  방향오차:0.0
17:58:53  전방여부:0
17:58:53  위험음성횟수:0
17:58:53  충격음성횟수:0
17:58:53  마지막위험음성:0
17:58:53  RSSI원시:-60
17:58:53  RSSI평활:-63.0
17:58:53  RSSI샘플:10199
17:58:53  RSSI경과ms:38
17:58:53  위험송신:10199
17:58:53  시각ms:1102256
17:58:53  IMU시각ms:1102256
17:58:53  위험:0
17:58:53  원시위험:0
17:58:53  GPS유효:0
17:58:53  위도:0.000000
17:58:53  경도:0.000000
17:58:53  속도:0.00
17:58:53  방향:0.0
17:58:53  GPS원시속도:0.000
17:58:53  GPS원시방향유효:0
17:58:53  GPS원시방향:0.0
17:58:53  가속도:-1.03,1.08,9.68
17:58:53  자이로:-1.5,-0.8,-1.5
17:58:53  자력계:-18.900,-34.350,4.650
17:58:53  충격값:0.12
17:58:53  송신:10831
17:58:53  지팡이수신:10199
17:58:53  GPS위성:0
17:58:53  GPS_HDOP:99.00
17:58:53  원시위도:0.000000
17:58:53  원시경도:0.000000
17:58:53  GPS채택:0
17:58:53  GPS이상치거부:0
17:58:53  GPS품질거부:0
17:58:53  GPS재기준:0
17:58:53  계산거리:-1.00
17:58:53  접근속도:0.00
17:58:53  TTC:999.00
17:58:53  방향오차:0.0
17:58:53  전방여부:0
17:58:53  위험음성횟수:0
17:58:53  충격음성횟수:0
17:58:53  마지막위험음성:0
17:58:53  RSSI원시:-60
17:58:53  RSSI평활:-63.0
17:58:53  RSSI샘플:10199
17:58:53  RSSI경과ms:88
17:58:53  위험송신:10199
17:58:53  시각ms:1102306
17:58:53  IMU시각ms:1102306
17:58:53  위험:0
17:58:53  원시위험:0
17:58:53  GPS유효:0
17:58:53  위도:0.000000
17:58:53  경도:0.000000
17:58:53  속도:0.00
17:58:53  방향:0.0
17:58:53  GPS원시속도:0.000
17:58:53  GPS원시방향유효:0
17:58:53  GPS원시방향:0.0
17:58:53  가속도:-1.14,1.19,9.57
17:58:53  자이로:2.2,-1.7,0.8
17:58:53  자력계:-18.900,-35.100,4.200
17:58:53  충격값:0.24
17:58:53  송신:10832
17:58:53  지팡이수신:10200
17:58:53  GPS위성:0
17:58:53  GPS_HDOP:99.00
17:58:53  원시위도:0.000000
17:58:53  원시경도:0.000000
17:58:53  GPS채택:0
17:58:53  GPS이상치거부:0
17:58:53  GPS품질거부:0
17:58:53  GPS재기준:0
17:58:53  계산거리:-1.00
17:58:53  접근속도:0.00
17:58:53  TTC:999.00
17:58:53  방향오차:0.0
17:58:53  전방여부:0
17:58:53  위험음성횟수:0
17:58:53  충격음성횟수:0
17:58:53  마지막위험음성:0
17:58:53  RSSI원시:-61
17:58:53  RSSI평활:-62.6
17:58:53  RSSI샘플:10200
17:58:53  RSSI경과ms:38
17:58:53  위험송신:10200
17:58:53  시각ms:1102356
17:58:53  IMU시각ms:1102356
17:58:53  위험:0
17:58:53  원시위험:0
17:58:53  GPS유효:0
17:58:53  위도:0.000000
17:58:53  경도:0.000000
17:58:53  속도:0.00
17:58:53  방향:0.0
17:58:53  GPS원시속도:0.000
17:58:53  GPS원시방향유효:0
17:58:53  GPS원시방향:0.0
17:58:53  가속도:-1.02,0.97,9.59
17:58:53  자이로:-1.7,-0.8,1.2
17:58:53  자력계:-17.700,-33.600,5.700
17:58:53  충격값:0.12
17:58:53  송신:10832
17:58:53  지팡이수신:10200
17:58:53  GPS위성:0
17:58:53  GPS_HDOP:99.00
17:58:53  원시위도:0.000000
17:58:53  원시경도:0.000000
17:58:53  GPS채택:0
17:58:53  GPS이상치거부:0
17:58:53  GPS품질거부:0
17:58:53  GPS재기준:0
17:58:53  계산거리:-1.00
17:58:53  접근속도:0.00
17:58:53  TTC:999.00
17:58:53  방향오차:0.0
17:58:53  전방여부:0
17:58:53  위험음성횟수:0
17:58:53  충격음성횟수:0
17:58:53  마지막위험음성:0
17:58:53  RSSI원시:-61
17:58:53  RSSI평활:-62.6
17:58:53  RSSI샘플:10200
17:58:53  RSSI경과ms:88
17:58:53  위험송신:10200
17:58:53  시각ms:1102406
17:58:53  IMU시각ms:1102406
17:58:53  위험:0
17:58:53  원시위험:0
17:58:53  GPS유효:0
17:58:53  위도:0.000000
17:58:53  경도:0.000000
17:58:53  속도:0.00
17:58:53  방향:0.0
17:58:53  GPS원시속도:0.000
17:58:53  GPS원시방향유효:0
17:58:53  GPS원시방향:0.0
17:58:53  가속도:-1.04,0.96,9.55
17:58:53  자이로:1.7,-1.8,-0.0
17:58:53  자력계:-21.000,-33.750,6.000
17:58:53  충격값:0.14
17:58:53  송신:10833
17:58:53  지팡이수신:10201
17:58:53  GPS위성:0
17:58:53  GPS_HDOP:99.00
17:58:53  원시위도:0.000000
17:58:53  원시경도:0.000000
17:58:53  GPS채택:0
17:58:53  GPS이상치거부:0
17:58:53  GPS품질거부:0
17:58:53  GPS재기준:0
17:58:53  계산거리:-1.00
17:58:53  접근속도:0.00
17:58:53  TTC:999.00
17:58:53  방향오차:0.0
17:58:53  전방여부:0
17:58:53  위험음성횟수:0
17:58:53  충격음성횟수:0
17:58:53  마지막위험음성:0
17:58:53  RSSI원시:-61
17:58:53  RSSI평활:-62.3
17:58:53  RSSI샘플:10201
17:58:53  RSSI경과ms:37
17:58:53  위험송신:10201
17:58:53  시각ms:1102456
17:58:53  IMU시각ms:1102456
17:58:53  위험:0
17:58:53  원시위험:0
17:58:53  GPS유효:0
17:58:53  위도:0.000000
17:58:53  경도:0.000000
17:58:53  속도:0.00
17:58:53  방향:0.0
17:58:53  GPS원시속도:0.000
17:58:53  GPS원시방향유효:0
17:58:53  GPS원시방향:0.0
17:58:53  가속도:-0.94,1.14,9.60
17:58:53  자이로:-1.4,-0.1,-2.7
17:58:53  자력계:-19.200,-34.050,4.950
17:58:53  충격값:0.09
17:58:53  송신:10833
17:58:53  지팡이수신:10201
17:58:53  GPS위성:0
17:58:53  GPS_HDOP:99.00
17:58:53  원시위도:0.000000
17:58:53  원시경도:0.000000
17:58:53  GPS채택:0
17:58:53  GPS이상치거부:0
17:58:53  GPS품질거부:0
17:58:53  GPS재기준:0
17:58:53  계산거리:-1.00
17:58:53  접근속도:0.00
17:58:53  TTC:999.00
17:58:53  방향오차:0.0
17:58:53  전방여부:0
17:58:53  위험음성횟수:0
17:58:53  충격음성횟수:0
17:58:53  마지막위험음성:0
17:58:53  RSSI원시:-61
17:58:53  RSSI평활:-62.3
17:58:53  RSSI샘플:10201
17:58:53  RSSI경과ms:87
17:58:53  위험송신:10201
17:58:53  시각ms:1102506
17:58:53  IMU시각ms:1102506
17:58:53  위험:0
17:58:53  원시위험:0
17:58:53  GPS유효:0
17:58:53  위도:0.000000
17:58:53  경도:0.000000
17:58:53  속도:0.00
17:58:53  방향:0.0
17:58:53  GPS원시속도:0.000
17:58:53  GPS원시방향유효:0
17:58:53  GPS원시방향:0.0
17:58:53  가속도:-0.85,1.16,9.55
17:58:53  자이로:-0.7,-0.7,-0.5
17:58:53  자력계:-17.850,-33.000,6.300
17:58:53  충격값:0.15
17:58:53  송신:10834
17:58:53  지팡이수신:10202
17:58:53  GPS위성:0
17:58:53  GPS_HDOP:99.00
17:58:53  원시위도:0.000000
17:58:53  원시경도:0.000000
17:58:53  GPS채택:0
17:58:53  GPS이상치거부:0
17:58:53  GPS품질거부:0
17:58:53  GPS재기준:0
17:58:53  계산거리:-1.00
17:58:53  접근속도:0.00
17:58:53  TTC:999.00
17:58:53  방향오차:0.0
17:58:53  전방여부:0
17:58:53  위험음성횟수:0
17:58:53  충격음성횟수:0
17:58:53  마지막위험음성:0
17:58:53  RSSI원시:-62
17:58:53  RSSI평활:-62.2
17:58:53  RSSI샘플:10202
17:58:53  RSSI경과ms:31
17:58:53  위험송신:10202
17:58:53  시각ms:1102606
17:58:53  IMU시각ms:1102606
17:58:53  위험:0
17:58:53  원시위험:0
17:58:53  GPS유효:0
17:58:53  위도:0.000000
17:58:53  경도:0.000000
17:58:53  속도:0.00
17:58:53  방향:0.0
17:58:53  GPS원시속도:0.000
17:58:53  GPS원시방향유효:0
17:58:53  GPS원시방향:0.0
17:58:53  가속도:-0.99,1.08,9.57
17:58:53  자이로:1.4,-1.2,0.8
17:58:53  자력계:-19.350,-33.000,5.550
17:58:53  충격값:0.05
17:58:53  송신:10835
17:58:53  지팡이수신:10203
17:58:53  GPS위성:0
17:58:53  GPS_HDOP:99.00
17:58:53  원시위도:0.000000
17:58:53  원시경도:0.000000
17:58:53  GPS채택:0
17:58:53  GPS이상치거부:0
17:58:53  GPS품질거부:0
17:58:53  GPS재기준:0
17:58:53  계산거리:-1.00
17:58:53  접근속도:0.00
17:58:53  TTC:999.00
17:58:53  방향오차:0.0
17:58:53  전방여부:0
17:58:53  위험음성횟수:0
17:58:53  충격음성횟수:0
17:58:53  마지막위험음성:0
17:58:53  RSSI원시:-62
17:58:53  RSSI평활:-62.2
17:58:53  RSSI샘플:10203
17:58:53  RSSI경과ms:30
17:58:53  위험송신:10203
17:58:53  시각ms:1102656
17:58:53  IMU시각ms:1102656
17:58:53  위험:0
17:58:53  원시위험:0
17:58:53  GPS유효:0
17:58:53  위도:0.000000
17:58:53  경도:0.000000
17:58:53  속도:0.00
17:58:53  방향:0.0
17:58:53  GPS원시속도:0.000
17:58:53  GPS원시방향유효:0
17:58:53  GPS원시방향:0.0
17:58:53  가속도:-1.01,1.11,9.71
17:58:53  자이로:-0.6,-2.1,0.7
17:58:53  자력계:-19.650,-34.800,6.150
17:58:53  충격값:0.13
17:58:53  송신:10835
17:58:53  지팡이수신:10203
17:58:53  GPS위성:0
17:58:53  GPS_HDOP:99.00
17:58:53  원시위도:0.000000
17:58:53  원시경도:0.000000
17:58:53  GPS채택:0
17:58:53  GPS이상치거부:0
17:58:53  GPS품질거부:0
17:58:53  GPS재기준:0
17:58:53  계산거리:-1.00
17:58:53  접근속도:0.00
17:58:53  TTC:999.00
17:58:53  방향오차:0.0
17:58:53  전방여부:0
17:58:53  위험음성횟수:0
17:58:53  충격음성횟수:0
17:58:53  마지막위험음성:0
17:58:53  RSSI원시:-62
17:58:53  RSSI평활:-62.2
17:58:53  RSSI샘플:10203
17:58:53  RSSI경과ms:80
17:58:53  위험송신:10203
17:58:54  시각ms:1102706
17:58:54  IMU시각ms:1102706
17:58:54  위험:0
17:58:54  원시위험:0
17:58:54  GPS유효:0
17:58:54  위도:0.000000
17:58:54  경도:0.000000
17:58:54  속도:0.00
17:58:54  방향:0.0
17:58:54  GPS원시속도:0.000
17:58:54  GPS원시방향유효:0
17:58:54  GPS원시방향:0.0
17:58:54  가속도:-0.97,1.01,9.56
17:58:54  자이로:2.3,-1.0,0.4
17:58:54  자력계:-19.050,-32.550,5.250
17:58:54  충격값:0.07
17:58:54  송신:10836
17:58:54  지팡이수신:10204
17:58:54  GPS위성:0
17:58:54  GPS_HDOP:99.00
17:58:54  원시위도:0.000000
17:58:54  원시경도:0.000000
17:58:54  GPS채택:0
17:58:54  GPS이상치거부:0
17:58:54  GPS품질거부:0
17:58:54  GPS재기준:0
17:58:54  계산거리:-1.00
17:58:54  접근속도:0.00
17:58:54  TTC:999.00
17:58:54  방향오차:0.0
17:58:54  전방여부:0
17:58:54  위험음성횟수:0
17:58:54  충격음성횟수:0
17:58:54  마지막위험음성:0
17:58:54  RSSI원시:-62
17:58:54  RSSI평활:-62.2
17:58:54  RSSI샘플:10204
17:58:54  RSSI경과ms:19
17:58:54  위험송신:10204
17:58:54  시각ms:1102756
17:58:54  IMU시각ms:1102756
17:58:54  위험:0
17:58:54  원시위험:0
17:58:54  GPS유효:0
17:58:54  위도:0.000000
17:58:54  경도:0.000000
17:58:54  속도:0.00
17:58:54  방향:0.0
17:58:54  GPS원시속도:0.000
17:58:54  GPS원시방향유효:0
17:58:54  GPS원시방향:0.0
17:58:54  가속도:-0.94,1.13,9.66
17:58:54  자이로:4.9,-0.7,1.4
17:58:54  자력계:-19.800,-34.200,4.050
17:58:54  충격값:0.09
17:58:54  송신:10836
17:58:54  지팡이수신:10204
17:58:54  GPS위성:0
17:58:54  GPS_HDOP:99.00
17:58:54  원시위도:0.000000
17:58:54  원시경도:0.000000
17:58:54  GPS채택:0
17:58:54  GPS이상치거부:0
17:58:54  GPS품질거부:0
17:58:54  GPS재기준:0
17:58:54  계산거리:-1.00
17:58:54  접근속도:0.00
17:58:54  TTC:999.00
17:58:54  방향오차:0.0
17:58:54  전방여부:0
17:58:54  위험음성횟수:0
17:58:54  충격음성횟수:0
17:58:54  마지막위험음성:0
17:58:54  RSSI원시:-62
17:58:54  RSSI평활:-62.2
17:58:54  RSSI샘플:10204
17:58:54  RSSI경과ms:69
17:58:54  위험송신:10204
17:58:54  시각ms:1102916
17:58:54  IMU시각ms:1102916
17:58:54  위험:0
17:58:54  원시위험:0
17:58:54  GPS유효:0
17:58:54  위도:0.000000
17:58:54  경도:0.000000
17:58:54  속도:0.00
17:58:54  방향:0.0
17:58:54  GPS원시속도:0.000
17:58:54  GPS원시방향유효:0
17:58:54  GPS원시방향:0.0
17:58:54  가속도:-0.87,0.99,9.56
17:58:54  자이로:1.5,0.0,-1.1
17:58:54  자력계:-18.900,-34.800,5.700
17:58:54  충격값:0.11
17:58:54  송신:10838
17:58:54  지팡이수신:10206
17:58:54  GPS위성:0
17:58:54  GPS_HDOP:99.00
17:58:54  원시위도:0.000000
17:58:54  원시경도:0.000000
17:58:54  GPS채택:0
17:58:54  GPS이상치거부:0
17:58:54  GPS품질거부:0
17:58:54  GPS재기준:0
17:58:54  계산거리:-1.00
17:58:54  접근속도:0.00
17:58:54  TTC:999.00
17:58:54  방향오차:0.0
17:58:54  전방여부:0
17:58:54  위험음성횟수:0
17:58:54  충격음성횟수:0
17:58:54  마지막위험음성:0
17:58:54  RSSI원시:-62
17:58:54  RSSI평활:-62.1
17:58:54  RSSI샘플:10206
17:58:54  RSSI경과ms:32
17:58:54  위험송신:10206
17:58:54  시각ms:1102966
17:58:54  IMU시각ms:1102966
17:58:54  위험:0
17:58:54  원시위험:0
17:58:54  GPS유효:0
17:58:54  위도:0.000000
17:58:54  경도:0.000000
17:58:54  속도:0.00
17:58:54  방향:0.0
17:58:54  GPS원시속도:0.000
17:58:54  GPS원시방향유효:0
17:58:54  GPS원시방향:0.0
17:58:54  가속도:-0.85,1.03,9.59
17:58:54  자이로:-0.1,-3.0,-0.1
17:58:54  자력계:-19.350,-34.200,4.800
17:58:54  충격값:0.10
17:58:54  송신:10838
17:58:54  지팡이수신:10206
17:58:54  GPS위성:0
17:58:54  GPS_HDOP:99.00
17:58:54  원시위도:0.000000
17:58:54  원시경도:0.000000
17:58:54  GPS채택:0
17:58:54  GPS이상치거부:0
17:58:54  GPS품질거부:0
17:58:54  GPS재기준:0
17:58:54  계산거리:-1.00
17:58:54  접근속도:0.00
17:58:54  TTC:999.00
17:58:54  방향오차:0.0
17:58:54  전방여부:0
17:58:54  위험음성횟수:0
17:58:54  충격음성횟수:0
17:58:54  마지막위험음성:0
17:58:54  RSSI원시:-62
17:58:54  RSSI평활:-62.1
17:58:54  RSSI샘플:10206
17:58:54  RSSI경과ms:82
17:58:54  위험송신:10206
17:58:54  시각ms:1103116
17:58:54  IMU시각ms:1103116
17:58:54  위험:0
17:58:54  원시위험:0
17:58:54  GPS유효:0
17:58:54  위도:0.000000
17:58:54  경도:0.000000
17:58:54  속도:0.00
17:58:54  방향:0.0
17:58:54  GPS원시속도:0.000
17:58:54  GPS원시방향유효:0
17:58:54  GPS원시방향:0.0
17:58:54  가속도:-1.14,0.98,9.64
17:58:54  자이로:2.8,-2.6,0.7
17:58:54  자력계:-18.900,-33.600,3.900
17:58:54  충격값:0.20
17:58:54  송신:10840
17:58:54  지팡이수신:10208
17:58:54  GPS위성:0
17:58:54  GPS_HDOP:99.00
17:58:54  원시위도:0.000000
17:58:54  원시경도:0.000000
17:58:54  GPS채택:0
17:58:54  GPS이상치거부:0
17:58:54  GPS품질거부:0
17:58:54  GPS재기준:0
17:58:54  계산거리:-1.00
17:58:54  접근속도:0.00
17:58:54  TTC:999.00
17:58:54  방향오차:0.0
17:58:54  전방여부:0
17:58:54  위험음성횟수:0
17:58:54  충격음성횟수:0
17:58:54  마지막위험음성:0
17:58:54  RSSI원시:-62
17:58:54  RSSI평활:-62.1
17:58:54  RSSI샘플:10208
17:58:54  RSSI경과ms:29
17:58:54  위험송신:10208
17:58:54  시각ms:1103170
17:58:54  IMU시각ms:1103170
17:58:54  위험:0
17:58:54  원시위험:0
17:58:54  GPS유효:0
17:58:54  위도:0.000000
17:58:54  경도:0.000000
17:58:54  속도:0.00
17:58:54  방향:0.0
17:58:54  GPS원시속도:0.000
17:58:54  GPS원시방향유효:0
17:58:54  GPS원시방향:0.0
17:58:54  가속도:-0.89,1.02,9.56
17:58:54  자이로:1.6,0.7,0.6
17:58:54  자력계:-19.950,-34.350,4.650
17:58:54  충격값:0.09
17:58:54  송신:10840
17:58:54  지팡이수신:10208
17:58:54  GPS위성:0
17:58:54  GPS_HDOP:99.00
17:58:54  원시위도:0.000000
17:58:54  원시경도:0.000000
17:58:54  GPS채택:0
17:58:54  GPS이상치거부:0
17:58:54  GPS품질거부:0
17:58:54  GPS재기준:0
17:58:54  계산거리:-1.00
17:58:54  접근속도:0.00
17:58:54  TTC:999.00
17:58:54  방향오차:0.0
17:58:54  전방여부:0
17:58:54  위험음성횟수:0
17:58:54  충격음성횟수:0
17:58:54  마지막위험음성:0
17:58:54  RSSI원시:-62
17:58:54  RSSI평활:-62.1
17:58:54  RSSI샘플:10208
17:58:54  RSSI경과ms:83
17:58:54  위험송신:10208
17:58:54  시각ms:1103320
17:58:54  IMU시각ms:1103320
17:58:54  위험:0
17:58:54  원시위험:0
17:58:54  GPS유효:0
17:58:54  위도:0.000000
17:58:54  경도:0.000000
17:58:54  속도:0.00
17:58:54  방향:0.0
17:58:54  GPS원시속도:0.000
17:58:54  GPS원시방향유효:0
17:58:54  GPS원시방향:0.0
17:58:54  가속도:-0.91,0.97,9.62
17:58:54  자이로:0.7,0.6,0.1
17:58:54  자력계:-19.350,-34.950,6.000
17:58:54  충격값:0.08
17:58:54  송신:10842
17:58:54  지팡이수신:10210
17:58:54  GPS위성:0
17:58:54  GPS_HDOP:99.00
17:58:54  원시위도:0.000000
17:58:54  원시경도:0.000000
17:58:54  GPS채택:0
17:58:54  GPS이상치거부:0
17:58:54  GPS품질거부:0
17:58:54  GPS재기준:0
17:58:54  계산거리:-1.00
17:58:54  접근속도:0.00
17:58:54  TTC:999.00
17:58:54  방향오차:0.0
17:58:54  전방여부:0
17:58:54  위험음성횟수:0
17:58:54  충격음성횟수:0
17:58:54  마지막위험음성:0
17:58:54  RSSI원시:-63
17:58:54  RSSI평활:-62.2
17:58:54  RSSI샘플:10210
17:58:54  RSSI경과ms:33
17:58:54  위험송신:10210
17:58:54  시각ms:1103370
17:58:54  IMU시각ms:1103370
17:58:54  위험:0
17:58:54  원시위험:0
17:58:54  GPS유효:0
17:58:54  위도:0.000000
17:58:54  경도:0.000000
17:58:54  속도:0.00
17:58:54  방향:0.0
17:58:54  GPS원시속도:0.000
17:58:54  GPS원시방향유효:0
17:58:54  GPS원시방향:0.0
17:58:54  가속도:-0.93,1.06,9.67
17:58:54  자이로:1.6,-2.7,-0.8
17:58:54  자력계:-17.250,-34.050,6.150
17:58:54  충격값:0.07
17:58:54  송신:10842
17:58:54  지팡이수신:10210
17:58:54  GPS위성:0
17:58:54  GPS_HDOP:99.00
17:58:54  원시위도:0.000000
17:58:54  원시경도:0.000000
17:58:54  GPS채택:0
17:58:54  GPS이상치거부:0
17:58:54  GPS품질거부:0
17:58:54  GPS재기준:0
17:58:54  계산거리:-1.00
17:58:54  접근속도:0.00
17:58:54  TTC:999.00
17:58:54  방향오차:0.0
17:58:54  전방여부:0
17:58:54  위험음성횟수:0
17:58:54  충격음성횟수:0
17:58:54  마지막위험음성:0
17:58:54  RSSI원시:-63
17:58:54  RSSI평활:-62.2
17:58:54  RSSI샘플:10210
17:58:54  RSSI경과ms:83
17:58:54  위험송신:10210
17:58:54  시각ms:1103420
17:58:54  IMU시각ms:1103420
17:58:54  위험:0
17:58:54  원시위험:0
17:58:54  GPS유효:0
17:58:54  위도:0.000000
17:58:54  경도:0.000000
17:58:54  속도:0.00
17:58:54  방향:0.0
17:58:54  GPS원시속도:0.000
17:58:54  GPS원시방향유효:0
17:58:54  GPS원시방향:0.0
17:58:54  가속도:-0.90,0.93,9.59
17:58:54  자이로:2.6,-2.2,0.0
17:58:54  자력계:-18.000,-33.600,6.150
17:58:54  충격값:0.11
17:58:54  송신:10843
17:58:54  지팡이수신:10211
17:58:54  GPS위성:0
17:58:54  GPS_HDOP:99.00
17:58:54  원시위도:0.000000
17:58:54  원시경도:0.000000
17:58:54  GPS채택:0
17:58:54  GPS이상치거부:0
17:58:54  GPS품질거부:0
17:58:54  GPS재기준:0
17:58:54  계산거리:-1.00
17:58:54  접근속도:0.00
17:58:54  TTC:999.00
17:58:54  방향오차:0.0
17:58:54  전방여부:0
17:58:54  위험음성횟수:0
17:58:54  충격음성횟수:0
17:58:54  마지막위험음성:0
17:58:54  RSSI원시:-62
17:58:54  RSSI평활:-62.2
17:58:54  RSSI샘플:10211
17:58:54  RSSI경과ms:34
17:58:54  위험송신:10211
17:58:54  시각ms:1103470
17:58:54  IMU시각ms:1103470
17:58:54  위험:0
17:58:54  원시위험:0
17:58:54  GPS유효:0
17:58:54  위도:0.000000
17:58:54  경도:0.000000
17:58:54  속도:0.00
17:58:54  방향:0.0
17:58:54  GPS원시속도:0.000
17:58:54  GPS원시방향유효:0
17:58:54  GPS원시방향:0.0
17:58:54  가속도:-0.89,1.08,9.56
17:58:54  자이로:2.5,-3.0,1.1
17:58:54  자력계:-19.350,-34.200,6.000
17:58:54  충격값:0.09
17:58:54  송신:10843
17:58:54  지팡이수신:10211
17:58:54  GPS위성:0
17:58:54  GPS_HDOP:99.00
17:58:54  원시위도:0.000000
17:58:54  원시경도:0.000000
17:58:54  GPS채택:0
17:58:54  GPS이상치거부:0
17:58:54  GPS품질거부:0
17:58:54  GPS재기준:0
17:58:54  계산거리:-1.00
17:58:54  접근속도:0.00
17:58:54  TTC:999.00
17:58:54  방향오차:0.0
17:58:54  전방여부:0
17:58:54  위험음성횟수:0
17:58:54  충격음성횟수:0
17:58:54  마지막위험음성:0
17:58:54  RSSI원시:-62
17:58:54  RSSI평활:-62.2
17:58:54  RSSI샘플:10211
17:58:54  RSSI경과ms:84
17:58:54  위험송신:10211
17:58:54  시각ms:1103525
17:58:54  IMU시각ms:1103525
17:58:54  위험:0
17:58:54  원시위험:0
17:58:54  GPS유효:0
17:58:54  위도:0.000000
17:58:54  경도:0.000000
17:58:54  속도:0.00
17:58:54  방향:0.0
17:58:54  GPS원시속도:0.000
17:58:54  GPS원시방향유효:0
17:58:54  GPS원시방향:0.0
17:58:54  가속도:-0.94,0.99,9.54
17:58:54  자이로:1.3,-0.7,2.6
17:58:54  자력계:-18.900,-32.850,5.400
17:58:54  충격값:0.08
17:58:54  송신:10844
17:58:54  지팡이수신:10212
17:58:54  GPS위성:0
17:58:54  GPS_HDOP:99.00
17:58:54  원시위도:0.000000
17:58:54  원시경도:0.000000
17:58:54  GPS채택:0
17:58:54  GPS이상치거부:0
17:58:54  GPS품질거부:0
17:58:54  GPS재기준:0
17:58:54  계산거리:-1.00
17:58:54  접근속도:0.00
17:58:54  TTC:999.00
17:58:54  방향오차:0.0
17:58:54  전방여부:0
17:58:54  위험음성횟수:0
17:58:54  충격음성횟수:0
17:58:54  마지막위험음성:0
17:58:54  RSSI원시:-63
17:58:54  RSSI평활:-62.4
17:58:54  RSSI샘플:10212
17:58:54  RSSI경과ms:33
17:58:54  위험송신:10212
17:58:54  시각ms:1103775
17:58:54  IMU시각ms:1103775
17:58:54  위험:0
17:58:55  원시위험:0
17:58:55  GPS유효:0
17:58:55  위도:0.000000
17:58:55  경도:0.000000
17:58:55  속도:0.00
17:58:55  방향:0.0
17:58:55  GPS원시속도:0.000
17:58:55  GPS원시방향유효:0
17:58:55  GPS원시방향:0.0
17:58:55  가속도:-0.98,1.09,9.71
17:58:55  자이로:0.2,0.2,-2.2
17:58:55  자력계:-19.950,-34.350,6.150
17:58:55  충격값:0.13
17:58:55  송신:10846
17:58:55  지팡이수신:10214
17:58:55  GPS위성:0
17:58:55  GPS_HDOP:99.00
17:58:55  원시위도:0.000000
17:58:55  원시경도:0.000000
17:58:55  GPS채택:0
17:58:55  GPS이상치거부:0
17:58:55  GPS품질거부:0
17:58:55  GPS재기준:0
17:58:55  계산거리:-1.00
17:58:55  접근속도:0.00
17:58:55  TTC:999.00
17:58:55  방향오차:0.0
17:58:55  전방여부:0
17:58:55  위험음성횟수:0
17:58:55  충격음성횟수:0
17:58:55  마지막위험음성:0
17:58:55  RSSI원시:-65
17:58:55  RSSI평활:-63.1
17:58:55  RSSI샘플:10214
17:58:55  RSSI경과ms:67
17:58:55  위험송신:10214
17:58:55  시각ms:1103930
17:58:55  IMU시각ms:1103930
17:58:55  위험:0
17:58:55  원시위험:0
17:58:55  GPS유효:0
17:58:55  위도:0.000000
17:58:55  경도:0.000000
17:58:55  속도:0.00
17:58:55  방향:0.0
17:58:55  GPS원시속도:0.000
17:58:55  GPS원시방향유효:0
17:58:55  GPS원시방향:0.0
17:58:55  가속도:-0.91,1.15,9.52
17:58:55  자이로:0.7,0.4,-0.3
17:58:55  자력계:-19.800,-34.200,5.550
17:58:55  충격값:0.13
17:58:55  송신:10848
17:58:55  지팡이수신:10216
17:58:55  GPS위성:0
17:58:55  GPS_HDOP:99.00
17:58:55  원시위도:0.000000
17:58:55  원시경도:0.000000
17:58:55  GPS채택:0
17:58:55  GPS이상치거부:0
17:58:55  GPS품질거부:0
17:58:55  GPS재기준:0
17:58:55  계산거리:-1.00
17:58:55  접근속도:0.00
17:58:55  TTC:999.00
17:58:55  방향오차:0.0
17:58:55  전방여부:0
17:58:55  위험음성횟수:0
17:58:55  충격음성횟수:0
17:58:55  마지막위험음성:0
17:58:55  RSSI원시:-64
17:58:55  RSSI평활:-63.5
17:58:55  RSSI샘플:10216
17:58:55  RSSI경과ms:30
17:58:55  위험송신:10216
17:58:55  시각ms:1103980
17:58:55  IMU시각ms:1103980
17:58:55  위험:0
17:58:55  원시위험:0
17:58:55  GPS유효:0
17:58:55  위도:0.000000
17:58:55  경도:0.000000
17:58:55  속도:0.00
17:58:55  방향:0.0
17:58:55  GPS원시속도:0.000
17:58:55  GPS원시방향유효:0
17:58:55  GPS원시방향:0.0
17:58:55  가속도:-0.98,1.12,9.62
17:58:55  자이로:-0.1,-0.7,-1.9
17:58:55  자력계:-18.450,-34.350,5.700
17:58:55  충격값:0.08
17:58:55  송신:10848
17:58:55  지팡이수신:10216
17:58:55  GPS위성:0
17:58:55  GPS_HDOP:99.00
17:58:55  원시위도:0.000000
17:58:55  원시경도:0.000000
17:58:55  GPS채택:0
17:58:55  GPS이상치거부:0
17:58:55  GPS품질거부:0
17:58:55  GPS재기준:0
17:58:55  계산거리:-1.00
17:58:55  접근속도:0.00
17:58:55  TTC:999.00
17:58:55  방향오차:0.0
17:58:55  전방여부:0
17:58:55  위험음성횟수:0
17:58:55  충격음성횟수:0
17:58:55  마지막위험음성:0
17:58:55  RSSI원시:-64
17:58:55  RSSI평활:-63.5
17:58:55  RSSI샘플:10216
17:58:55  RSSI경과ms:80
17:58:55  위험송신:10216
17:58:55  시각ms:1104035
17:58:55  IMU시각ms:1104035
17:58:55  위험:0
17:58:55  원시위험:0
17:58:55  GPS유효:0
17:58:55  위도:0.000000
17:58:55  경도:0.000000
17:58:55  속도:0.00
17:58:55  방향:0.0
17:58:55  GPS원시속도:0.000
17:58:55  GPS원시방향유효:0
17:58:55  GPS원시방향:0.0
17:58:55  가속도:-0.93,1.02,9.56
17:58:55  자이로:0.9,0.8,-1.5
17:58:55  자력계:-19.350,-35.400,5.550
17:58:55  충격값:0.05
17:58:55  송신:10849
17:58:55  지팡이수신:10217
17:58:55  GPS위성:0
17:58:55  GPS_HDOP:99.00
17:58:55  원시위도:0.000000
17:58:55  원시경도:0.000000
17:58:55  GPS채택:0
17:58:55  GPS이상치거부:0
17:58:55  GPS품질거부:0
17:58:55  GPS재기준:0
17:58:55  계산거리:-1.00
17:58:55  접근속도:0.00
17:58:55  TTC:999.00
17:58:55  방향오차:0.0
17:58:55  전방여부:0
17:58:55  위험음성횟수:0
17:58:55  충격음성횟수:0
17:58:55  마지막위험음성:0
17:58:55  RSSI원시:-64
17:58:55  RSSI평활:-63.6
17:58:55  RSSI샘플:10217
17:58:55  RSSI경과ms:33
17:58:55  위험송신:10217
17:58:55  시각ms:1104085
17:58:55  IMU시각ms:1104085
17:58:55  위험:0
17:58:55  원시위험:0
17:58:55  GPS유효:0
17:58:55  위도:0.000000
17:58:55  경도:0.000000
17:58:55  속도:0.00
17:58:55  방향:0.0
17:58:55  GPS원시속도:0.000
17:58:55  GPS원시방향유효:0
17:58:55  GPS원시방향:0.0
17:58:55  가속도:-1.02,1.00,9.62
17:58:55  자이로:-1.5,0.5,-4.2
17:58:55  자력계:-17.700,-34.800,5.700
17:58:55  충격값:0.09
17:58:55  송신:10849
17:58:55  지팡이수신:10217
17:58:55  GPS위성:0
17:58:55  GPS_HDOP:99.00
17:58:55  원시위도:0.000000
17:58:55  원시경도:0.000000
17:58:55  GPS채택:0
17:58:55  GPS이상치거부:0
17:58:55  GPS품질거부:0
17:58:55  GPS재기준:0
17:58:55  계산거리:-1.00
17:58:55  접근속도:0.00
17:58:55  TTC:999.00
17:58:55  방향오차:0.0
17:58:55  전방여부:0
17:58:55  위험음성횟수:0
17:58:55  충격음성횟수:0
17:58:55  마지막위험음성:0
17:58:55  RSSI원시:-64
17:58:55  RSSI평활:-63.6
17:58:55  RSSI샘플:10217
17:58:55  RSSI경과ms:83
17:58:55  위험송신:10217
17:58:55  시각ms:1104196
17:58:55  IMU시각ms:1104196
17:58:55  위험:0
17:58:55  원시위험:0
17:58:55  GPS유효:0
17:58:55  위도:0.000000
17:58:55  경도:0.000000
17:58:55  속도:0.00
17:58:55  방향:0.0
17:58:55  GPS원시속도:0.000
17:58:55  GPS원시방향유효:0
17:58:55  GPS원시방향:0.0
17:58:55  가속도:-0.91,1.09,9.62
17:58:55  자이로:1.0,-0.6,-2.9
17:58:55  자력계:-19.650,-34.050,3.900
17:58:55  충격값:0.06
17:58:55  송신:10850
17:58:55  지팡이수신:10218
17:58:55  GPS위성:0
17:58:55  GPS_HDOP:99.00
17:58:55  원시위도:0.000000
17:58:55  원시경도:0.000000
17:58:55  GPS채택:0
17:58:55  GPS이상치거부:0
17:58:55  GPS품질거부:0
17:58:55  GPS재기준:0
17:58:55  계산거리:-1.00
17:58:55  접근속도:0.00
17:58:55  TTC:999.00
17:58:55  방향오차:0.0
17:58:55  전방여부:0
17:58:55  위험음성횟수:0
17:58:55  충격음성횟수:0
17:58:55  마지막위험음성:0
17:58:55  RSSI원시:-64
17:58:55  RSSI평활:-63.7
17:58:55  RSSI샘플:10218
17:58:55  RSSI경과ms:90
17:58:55  위험송신:10218
17:58:55  시각ms:1104246
17:58:55  IMU시각ms:1104246
17:58:55  위험:0
17:58:55  원시위험:0
17:58:55  GPS유효:0
17:58:55  위도:0.000000
17:58:55  경도:0.000000
17:58:55  속도:0.00
17:58:55  방향:0.0
17:58:55  GPS원시속도:0.000
17:58:55  GPS원시방향유효:0
17:58:55  GPS원시방향:0.0
17:58:55  가속도:-0.93,1.08,9.53
17:58:55  자이로:1.2,0.8,0.8
17:58:55  자력계:-19.350,-34.650,4.800
17:58:55  충격값:0.07
17:58:55  송신:10851
17:58:55  지팡이수신:10219
17:58:55  GPS위성:0
17:58:55  GPS_HDOP:99.00
17:58:55  원시위도:0.000000
17:58:55  원시경도:0.000000
17:58:55  GPS채택:0
17:58:55  GPS이상치거부:0
17:58:55  GPS품질거부:0
17:58:55  GPS재기준:0
17:58:55  계산거리:-1.00
17:58:55  접근속도:0.00
17:58:55  TTC:999.00
17:58:55  방향오차:0.0
17:58:55  전방여부:0
17:58:55  위험음성횟수:0
17:58:55  충격음성횟수:0
17:58:55  마지막위험음성:0
17:58:55  RSSI원시:-63
17:58:55  RSSI평활:-63.5
17:58:55  RSSI샘플:10219
17:58:55  RSSI경과ms:39
17:58:55  위험송신:10219
17:58:55  시각ms:1104296
17:58:55  IMU시각ms:1104296
17:58:55  위험:0
17:58:55  원시위험:0
17:58:55  GPS유효:0
17:58:55  위도:0.000000
17:58:55  경도:0.000000
17:58:55  속도:0.00
17:58:55  방향:0.0
17:58:55  GPS원시속도:0.000
17:58:55  GPS원시방향유효:0
17:58:55  GPS원시방향:0.0
17:58:55  가속도:-0.89,1.06,9.60
17:58:55  자이로:1.0,-1.2,1.3
17:58:55  자력계:-18.000,-34.050,6.150
17:58:55  충격값:0.07
17:58:55  송신:10851
17:58:55  지팡이수신:10219
17:58:55  GPS위성:0
17:58:55  GPS_HDOP:99.00
17:58:55  원시위도:0.000000
17:58:55  원시경도:0.000000
17:58:55  GPS채택:0
17:58:55  GPS이상치거부:0
17:58:55  GPS품질거부:0
17:58:55  GPS재기준:0
17:58:55  계산거리:-1.00
17:58:55  접근속도:0.00
17:58:55  TTC:999.00
17:58:55  방향오차:0.0
17:58:55  전방여부:0
17:58:55  위험음성횟수:0
17:58:55  충격음성횟수:0
17:58:55  마지막위험음성:0
17:58:55  RSSI원시:-63
17:58:55  RSSI평활:-63.5
17:58:55  RSSI샘플:10219
17:58:55  RSSI경과ms:89
17:58:55  위험송신:10219
17:58:55  시각ms:1104346
17:58:55  IMU시각ms:1104346
17:58:55  위험:0
17:58:55  원시위험:0
17:58:55  GPS유효:0
17:58:55  위도:0.000000
17:58:55  경도:0.000000
17:58:55  속도:0.00
17:58:55  방향:0.0
17:58:55  GPS원시속도:0.000
17:58:55  GPS원시방향유효:0
17:58:55  GPS원시방향:0.0
17:58:55  가속도:-0.97,1.02,9.53
17:58:55  자이로:-0.1,-0.6,-2.0
17:58:55  자력계:-19.050,-34.200,3.000
17:58:55  충격값:0.06
17:58:55  송신:10852
17:58:55  지팡이수신:10220
17:58:55  GPS위성:0
17:58:55  GPS_HDOP:99.00
17:58:55  원시위도:0.000000
17:58:55  원시경도:0.000000
17:58:55  GPS채택:0
17:58:55  GPS이상치거부:0
17:58:55  GPS품질거부:0
17:58:55  GPS재기준:0
17:58:55  계산거리:-1.00
17:58:55  접근속도:0.00
17:58:55  TTC:999.00
17:58:55  방향오차:0.0
17:58:55  전방여부:0
17:58:55  위험음성횟수:0
17:58:55  충격음성횟수:0
17:58:55  마지막위험음성:0
17:58:55  RSSI원시:-63
17:58:55  RSSI평활:-63.4
17:58:55  RSSI샘플:10220
17:58:55  RSSI경과ms:42
17:58:55  위험송신:10220
17:58:55  시각ms:1104396
17:58:55  IMU시각ms:1104396
17:58:55  위험:0
17:58:55  원시위험:0
17:58:55  GPS유효:0
17:58:55  위도:0.000000
17:58:55  경도:0.000000
17:58:55  속도:0.00
17:58:55  방향:0.0
17:58:55  GPS원시속도:0.000
17:58:55  GPS원시방향유효:0
17:58:55  GPS원시방향:0.0
17:58:55  가속도:-0.98,0.98,9.52
17:58:55  자이로:2.1,0.5,2.1
17:58:55  자력계:-18.600,-33.450,4.800
17:58:55  충격값:0.10
17:58:55  송신:10852
17:58:55  지팡이수신:10220
17:58:55  GPS위성:0
17:58:55  GPS_HDOP:99.00
17:58:55  원시위도:0.000000
17:58:55  원시경도:0.000000
17:58:55  GPS채택:0
17:58:55  GPS이상치거부:0
17:58:55  GPS품질거부:0
17:58:55  GPS재기준:0
17:58:55  계산거리:-1.00
17:58:55  접근속도:0.00
17:58:55  TTC:999.00
17:58:55  방향오차:0.0
17:58:55  전방여부:0
17:58:55  위험음성횟수:0
17:58:55  충격음성횟수:0
17:58:55  마지막위험음성:0
17:58:55  RSSI원시:-63
17:58:55  RSSI평활:-63.4
17:58:55  RSSI샘플:10220
17:58:55  RSSI경과ms:92
17:58:55  위험송신:10220
17:58:55  시각ms:1104451
17:58:55  IMU시각ms:1104451
17:58:55  위험:0
17:58:55  원시위험:0
17:58:55  GPS유효:0
17:58:55  위도:0.000000
17:58:55  경도:0.000000
17:58:55  속도:0.00
17:58:55  방향:0.0
17:58:55  GPS원시속도:0.000
17:58:55  GPS원시방향유효:0
17:58:55  GPS원시방향:0.0
17:58:55  가속도:-0.98,0.86,9.63
17:58:55  자이로:-0.1,-1.7,0.3
17:58:55  자력계:-19.350,-34.950,4.500
17:58:55  충격값:0.19
17:58:55  송신:10853
17:58:55  지팡이수신:10221
17:58:55  GPS위성:0
17:58:55  GPS_HDOP:99.00
17:58:55  원시위도:0.000000
17:58:55  원시경도:0.000000
17:58:55  GPS채택:0
17:58:55  GPS이상치거부:0
17:58:55  GPS품질거부:0
17:58:55  GPS재기준:0
17:58:55  계산거리:-1.00
17:58:55  접근속도:0.00
17:58:55  TTC:999.00
17:58:55  방향오차:0.0
17:58:55  전방여부:0
17:58:55  위험음성횟수:0
17:58:55  충격음성횟수:0
17:58:55  마지막위험음성:0
17:58:55  RSSI원시:-64
17:58:55  RSSI평활:-63.5
17:58:55  RSSI샘플:10221
17:58:55  RSSI경과ms:40
17:58:55  위험송신:10221
17:58:55  시각ms:1104551
17:58:55  IMU시각ms:1104551
17:58:55  위험:0
17:58:55  원시위험:0
17:58:55  GPS유효:0
17:58:55  위도:0.000000
17:58:55  경도:0.000000
17:58:55  속도:0.00
17:58:55  방향:0.0
17:58:55  GPS원시속도:0.000
17:58:55  GPS원시방향유효:0
17:58:55  GPS원시방향:0.0
17:58:55  가속도:-0.88,1.06,9.64
17:58:55  자이로:2.4,0.2,1.8
17:58:55  자력계:-19.650,-33.600,4.200
17:58:55  충격값:0.09
17:58:55  송신:10854
17:58:55  지팡이수신:10222
17:58:55  GPS위성:0
17:58:55  GPS_HDOP:99.00
17:58:55  원시위도:0.000000
17:58:55  원시경도:0.000000
17:58:55  GPS채택:0
17:58:55  GPS이상치거부:0
17:58:55  GPS품질거부:0
17:58:55  GPS재기준:0
17:58:55  계산거리:-1.00
17:58:55  접근속도:0.00
17:58:55  TTC:999.00
17:58:55  방향오차:0.0
17:58:55  전방여부:0
17:58:55  위험음성횟수:0
17:58:55  충격음성횟수:0
17:58:55  마지막위험음성:0
17:58:55  RSSI원시:-64
17:58:55  RSSI평활:-63.6
17:58:55  RSSI샘플:10222
17:58:55  RSSI경과ms:37
17:58:55  위험송신:10222
17:58:55  시각ms:1104601
17:58:55  IMU시각ms:1104601
17:58:55  위험:0
17:58:55  원시위험:0
17:58:55  GPS유효:0
17:58:55  위도:0.000000
17:58:55  경도:0.000000
17:58:55  속도:0.00
17:58:55  방향:0.0
17:58:55  GPS원시속도:0.000
17:58:55  GPS원시방향유효:0
17:58:55  GPS원시방향:0.0
17:58:55  가속도:-0.93,1.09,9.54
17:58:55  자이로:1.0,1.8,2.6
17:58:55  자력계:-19.050,-32.250,4.800
17:58:55  충격값:0.06
17:58:55  송신:10854
17:58:55  지팡이수신:10222
17:58:55  GPS위성:0
17:58:55  GPS_HDOP:99.00
17:58:55  원시위도:0.000000
17:58:55  원시경도:0.000000
17:58:55  GPS채택:0
17:58:55  GPS이상치거부:0
17:58:55  GPS품질거부:0
17:58:55  GPS재기준:0
17:58:55  계산거리:-1.00
17:58:55  접근속도:0.00
17:58:55  TTC:999.00
17:58:55  방향오차:0.0
17:58:55  전방여부:0
17:58:55  위험음성횟수:0
17:58:55  충격음성횟수:0
17:58:55  마지막위험음성:0
17:58:55  RSSI원시:-64
17:58:55  RSSI평활:-63.6
17:58:55  RSSI샘플:10222
17:58:55  RSSI경과ms:87
17:58:55  위험송신:10222
17:58:55  시각ms:1104656
17:58:55  IMU시각ms:1104656
17:58:55  위험:0
17:58:55  원시위험:0
17:58:55  GPS유효:0
17:58:55  위도:0.000000
17:58:55  경도:0.000000
17:58:56  속도:0.00
17:58:56  방향:0.0
17:58:56  GPS원시속도:0.000
17:58:56  GPS원시방향유효:0
17:58:56  GPS원시방향:0.0
17:58:56  가속도:-1.11,1.02,9.58
17:58:56  자이로:2.9,-2.6,-0.5
17:58:56  자력계:-18.450,-36.300,7.200
17:58:56  충격값:0.16
17:58:56  송신:10855
17:58:56  지팡이수신:10223
17:58:56  GPS위성:0
17:58:56  GPS_HDOP:99.00
17:58:56  원시위도:0.000000
17:58:56  원시경도:0.000000
17:58:56  GPS채택:0
17:58:56  GPS이상치거부:0
17:58:56  GPS품질거부:0
17:58:56  GPS재기준:0
17:58:56  계산거리:-1.00
17:58:56  접근속도:0.00
17:58:56  TTC:999.00
17:58:56  방향오차:0.0
17:58:56  전방여부:0
17:58:56  위험음성횟수:0
17:58:56  충격음성횟수:0
17:58:56  마지막위험음성:0
17:58:56  RSSI원시:-64
17:58:56  RSSI평활:-63.7
17:58:56  RSSI샘플:10223
17:58:56  RSSI경과ms:39
17:58:56  위험송신:10223
17:58:56  시각ms:1104761
17:58:56  IMU시각ms:1104761
17:58:56  위험:0
17:58:56  원시위험:0
17:58:56  GPS유효:0
17:58:56  위도:0.000000
17:58:56  경도:0.000000
17:58:56  속도:0.00
17:58:56  방향:0.0
17:58:56  GPS원시속도:0.000
17:58:56  GPS원시방향유효:0
17:58:56  GPS원시방향:0.0
17:58:56  가속도:-0.96,0.99,9.65
17:58:56  자이로:0.9,-0.6,-0.1
17:58:56  자력계:-21.000,-35.400,6.000
17:58:56  충격값:0.08
17:58:56  송신:10856
17:58:56  지팡이수신:10224
17:58:56  GPS위성:0
17:58:56  GPS_HDOP:99.00
17:58:56  원시위도:0.000000
17:58:56  원시경도:0.000000
17:58:56  GPS채택:0
17:58:56  GPS이상치거부:0
17:58:56  GPS품질거부:0
17:58:56  GPS재기준:0
17:58:56  계산거리:-1.00
17:58:56  접근속도:0.00
17:58:56  TTC:999.00
17:58:56  방향오차:0.0
17:58:56  전방여부:0
17:58:56  위험음성횟수:0
17:58:56  충격음성횟수:0
17:58:56  마지막위험음성:0
17:58:56  RSSI원시:-63
17:58:56  RSSI평활:-63.6
17:58:56  RSSI샘플:10224
17:58:56  RSSI경과ms:40
17:58:56  위험송신:10224
17:58:56  시각ms:1104866
17:58:56  IMU시각ms:1104866
17:58:56  위험:0
17:58:56  원시위험:0
17:58:56  GPS유효:0
17:58:56  위도:0.000000
17:58:56  경도:0.000000
17:58:56  속도:0.00
17:58:56  방향:0.0
17:58:56  GPS원시속도:0.000
17:58:56  GPS원시방향유효:0
17:58:56  GPS원시방향:0.0
17:58:56  가속도:-0.91,1.10,9.62
17:58:56  자이로:-1.1,-0.4,0.9
17:58:56  자력계:-19.200,-34.350,6.150
17:58:56  충격값:0.07
17:58:56  송신:10857
17:58:56  지팡이수신:10225
17:58:56  GPS위성:0
17:58:56  GPS_HDOP:99.00
17:58:56  원시위도:0.000000
17:58:56  원시경도:0.000000
17:58:56  GPS채택:0
17:58:56  GPS이상치거부:0
17:58:56  GPS품질거부:0
17:58:56  GPS재기준:0
17:58:56  계산거리:-1.00
17:58:56  접근속도:0.00
17:58:56  TTC:999.00
17:58:56  방향오차:0.0
17:58:56  전방여부:0
17:58:56  위험음성횟수:0
17:58:56  충격음성횟수:0
17:58:56  마지막위험음성:0
17:58:56  RSSI원시:-63
17:58:56  RSSI평활:-63.4
17:58:56  RSSI샘플:10225
17:58:56  RSSI경과ms:40
17:58:56  위험송신:10225
17:58:56  시각ms:1104916
17:58:56  IMU시각ms:1104916
17:58:56  위험:0
17:58:56  원시위험:0
17:58:56  GPS유효:0
17:58:56  위도:0.000000
17:58:56  경도:0.000000
17:58:56  속도:0.00
17:58:56  방향:0.0
17:58:56  GPS원시속도:0.000
17:58:56  GPS원시방향유효:0
17:58:56  GPS원시방향:0.0
17:58:56  가속도:-0.94,0.96,9.57
17:58:56  자이로:0.9,-1.0,0.4
17:58:56  자력계:-18.600,-34.950,4.500
17:58:56  충격값:0.10
17:58:56  송신:10857
17:58:56  지팡이수신:10225
17:58:56  GPS위성:0
17:58:56  GPS_HDOP:99.00
17:58:56  원시위도:0.000000
17:58:56  원시경도:0.000000
17:58:56  GPS채택:0
17:58:56  GPS이상치거부:0
17:58:56  GPS품질거부:0
17:58:56  GPS재기준:0
17:58:56  계산거리:-1.00
17:58:56  접근속도:0.00
17:58:56  TTC:999.00
17:58:56  방향오차:0.0
17:58:56  전방여부:0
17:58:56  위험음성횟수:0
17:58:56  충격음성횟수:0
17:58:56  마지막위험음성:0
17:58:56  RSSI원시:-63
17:58:56  RSSI평활:-63.4
17:58:56  RSSI샘플:10225
17:58:56  RSSI경과ms:90
17:58:56  위험송신:10225
17:58:56  시각ms:1105066
17:58:56  IMU시각ms:1105066
17:58:56  위험:0
17:58:56  원시위험:0
17:58:56  GPS유효:0
17:58:56  위도:0.000000
17:58:56  경도:0.000000
17:58:56  속도:0.00
17:58:56  방향:0.0
17:58:56  GPS원시속도:0.000
17:58:56  GPS원시방향유효:0
17:58:56  GPS원시방향:0.0
17:58:56  가속도:-0.95,1.02,9.44
17:58:56  자이로:0.7,-0.8,-0.9
17:58:56  자력계:-20.400,-34.800,4.650
17:58:56  충격값:0.15
17:58:56  송신:10859
17:58:56  지팡이수신:10227
17:58:56  GPS위성:0
17:58:56  GPS_HDOP:99.00
17:58:56  원시위도:0.000000
17:58:56  원시경도:0.000000
17:58:56  GPS채택:0
17:58:56  GPS이상치거부:0
17:58:56  GPS품질거부:0
17:58:56  GPS재기준:0
17:58:56  계산거리:-1.00
17:58:56  접근속도:0.00
17:58:56  TTC:999.00
17:58:56  방향오차:0.0
17:58:56  전방여부:0
17:58:56  위험음성횟수:0
17:58:56  충격음성횟수:0
17:58:56  마지막위험음성:0
17:58:56  RSSI원시:-63
17:58:56  RSSI평활:-63.3
17:58:56  RSSI샘플:10227
17:58:56  RSSI경과ms:40
17:58:56  위험송신:10227
17:58:56  시각ms:1105116
17:58:56  IMU시각ms:1105116
17:58:56  위험:0
17:58:56  원시위험:0
17:58:56  GPS유효:0
17:58:56  위도:0.000000
17:58:56  경도:0.000000
17:58:56  속도:0.00
17:58:56  방향:0.0
17:58:56  GPS원시속도:0.000
17:58:56  GPS원시방향유효:0
17:58:56  GPS원시방향:0.0
17:58:56  가속도:-0.88,0.91,9.62
17:58:56  자이로:1.1,-1.1,-1.9
17:58:56  자력계:-19.200,-34.800,5.400
17:58:56  충격값:0.15
17:58:56  송신:10859
17:58:56  지팡이수신:10227
17:58:56  GPS위성:0
17:58:56  GPS_HDOP:99.00
17:58:56  원시위도:0.000000
17:58:56  원시경도:0.000000
17:58:56  GPS채택:0
17:58:56  GPS이상치거부:0
17:58:56  GPS품질거부:0
17:58:56  GPS재기준:0
17:58:56  계산거리:-1.00
17:58:56  접근속도:0.00
17:58:56  TTC:999.00
17:58:56  방향오차:0.0
17:58:56  전방여부:0
17:58:56  위험음성횟수:0
17:58:56  충격음성횟수:0
17:58:56  마지막위험음성:0
17:58:56  RSSI원시:-63
17:58:56  RSSI평활:-63.3
17:58:56  RSSI샘플:10227
17:58:56  RSSI경과ms:90
17:58:56  위험송신:10227
17:58:56  시각ms:1105168
17:58:56  IMU시각ms:1105168
17:58:56  위험:0
17:58:56  원시위험:0
17:58:56  GPS유효:0
17:58:56  위도:0.000000
17:58:56  경도:0.000000
17:58:56  속도:0.00
17:58:56  방향:0.0
17:58:56  GPS원시속도:0.000
17:58:56  GPS원시방향유효:0
17:58:56  GPS원시방향:0.0
17:58:56  가속도:-0.98,0.99,9.62
17:58:56  자이로:1.8,-2.1,-0.8
17:58:56  자력계:-20.550,-33.450,5.550
17:58:56  충격값:0.06
17:58:56  송신:10860
17:58:56  지팡이수신:10228
17:58:56  GPS위성:0
17:58:56  GPS_HDOP:99.00
17:58:56  원시위도:0.000000
17:58:56  원시경도:0.000000
17:58:56  GPS채택:0
17:58:56  GPS이상치거부:0
17:58:56  GPS품질거부:0
17:58:56  GPS재기준:0
17:58:56  계산거리:-1.00
17:58:56  접근속도:0.00
17:58:56  TTC:999.00
17:58:56  방향오차:0.0
17:58:56  전방여부:0
17:58:56  위험음성횟수:0
17:58:56  충격음성횟수:0
17:58:56  마지막위험음성:0
17:58:56  RSSI원시:-62
17:58:56  RSSI평활:-63.0
17:58:56  RSSI샘플:10228
17:58:56  RSSI경과ms:42
17:58:56  위험송신:10228
17:58:56  시각ms:1105218
17:58:56  IMU시각ms:1105218
17:58:56  위험:0
17:58:56  원시위험:0
17:58:56  GPS유효:0
17:58:56  위도:0.000000
17:58:56  경도:0.000000
17:58:56  속도:0.00
17:58:56  방향:0.0
17:58:56  GPS원시속도:0.000
17:58:56  GPS원시방향유효:0
17:58:56  GPS원시방향:0.0
17:58:56  가속도:-0.95,1.06,9.56
17:58:56  자이로:0.9,0.6,-0.6
17:58:56  자력계:-18.600,-34.650,4.050
17:58:56  충격값:0.04
17:58:56  송신:10860
17:58:56  지팡이수신:10228
17:58:56  GPS위성:0
17:58:56  GPS_HDOP:99.00
17:58:56  원시위도:0.000000
17:58:56  원시경도:0.000000
17:58:56  GPS채택:0
17:58:56  GPS이상치거부:0
17:58:56  GPS품질거부:0
17:58:56  GPS재기준:0
17:58:56  계산거리:-1.00
17:58:56  접근속도:0.00
17:58:56  TTC:999.00
17:58:56  방향오차:0.0
17:58:56  전방여부:0
17:58:56  위험음성횟수:0
17:58:56  충격음성횟수:0
17:58:56  마지막위험음성:0
17:58:56  RSSI원시:-62
17:58:56  RSSI평활:-63.0
17:58:56  RSSI샘플:10228
17:58:56  RSSI경과ms:92
17:58:56  위험송신:10228
17:58:56  시각ms:1105318
17:58:56  IMU시각ms:1105318
17:58:56  위험:0
17:58:56  원시위험:0
17:58:56  GPS유효:0
17:58:56  위도:0.000000
17:58:56  경도:0.000000
17:58:56  속도:0.00
17:58:56  방향:0.0
17:58:56  GPS원시속도:0.000
17:58:56  GPS원시방향유효:0
17:58:56  GPS원시방향:0.0
17:58:56  가속도:-0.94,0.96,9.64
17:58:56  자이로:1.6,-3.5,0.6
17:58:56  자력계:-19.050,-34.200,7.050
17:58:56  충격값:0.09
17:58:56  송신:10861
17:58:56  지팡이수신:10229
17:58:56  GPS위성:0
17:58:56  GPS_HDOP:99.00
17:58:56  원시위도:0.000000
17:58:56  원시경도:0.000000
17:58:56  GPS채택:0
17:58:56  GPS이상치거부:0
17:58:56  GPS품질거부:0
17:58:56  GPS재기준:0
17:58:56  계산거리:-1.00
17:58:56  접근속도:0.00
17:58:56  TTC:999.00
17:58:56  방향오차:0.0
17:58:56  전방여부:0
17:58:56  위험음성횟수:0
17:58:56  충격음성횟수:0
17:58:56  마지막위험음성:0
17:58:56  RSSI원시:-62
17:58:56  RSSI평활:-62.8
17:58:56  RSSI샘플:10229
17:58:56  RSSI경과ms:92
17:58:56  위험송신:10229
17:58:56  시각ms:1105418
17:58:56  IMU시각ms:1105418
17:58:56  위험:0
17:58:56  원시위험:0
17:58:56  GPS유효:0
17:58:56  위도:0.000000
17:58:56  경도:0.000000
17:58:56  속도:0.00
17:58:56  방향:0.0
17:58:56  GPS원시속도:0.000
17:58:56  GPS원시방향유효:0
17:58:56  GPS원시방향:0.0
17:58:56  가속도:-0.93,1.00,9.63
17:58:56  자이로:0.2,0.3,0.2
17:58:56  자력계:-19.350,-34.200,4.800
17:58:56  충격값:0.04
17:58:56  송신:10862
17:58:56  지팡이수신:10229
17:58:56  GPS위성:0
17:58:56  GPS_HDOP:99.00
17:58:56  원시위도:0.000000
17:58:56  원시경도:0.000000
17:58:56  GPS채택:0
17:58:56  GPS이상치거부:0
17:58:56  GPS품질거부:0
17:58:56  GPS재기준:0
17:58:56  계산거리:-1.00
17:58:56  접근속도:0.00
17:58:56  TTC:999.00
17:58:56  방향오차:0.0
17:58:56  전방여부:0
17:58:56  위험음성횟수:0
17:58:56  충격음성횟수:0
17:58:56  마지막위험음성:0
17:58:56  RSSI원시:-62
17:58:56  RSSI평활:-62.8
17:58:56  RSSI샘플:10229
17:58:56  RSSI경과ms:192
17:58:56  위험송신:10229
17:58:56  시각ms:1105468
17:58:56  IMU시각ms:1105468
17:58:56  위험:0
17:58:56  원시위험:0
17:58:56  GPS유효:0
17:58:56  위도:0.000000
17:58:56  경도:0.000000
17:58:56  속도:0.00
17:58:56  방향:0.0
17:58:56  GPS원시속도:0.000
17:58:56  GPS원시방향유효:0
17:58:56  GPS원시방향:0.0
17:58:56  가속도:-0.98,0.95,9.52
17:58:56  자이로:1.1,0.9,-1.3
17:58:56  자력계:-18.450,-35.550,5.400
17:58:56  충격값:0.12
17:58:56  송신:10863
17:58:56  지팡이수신:10230
17:58:56  GPS위성:0
17:58:56  GPS_HDOP:99.00
17:58:56  원시위도:0.000000
17:58:56  원시경도:0.000000
17:58:56  GPS채택:0
17:58:56  GPS이상치거부:0
17:58:56  GPS품질거부:0
17:58:56  GPS재기준:0
17:58:56  계산거리:-1.00
17:58:56  접근속도:0.00
17:58:56  TTC:999.00
17:58:56  방향오차:0.0
17:58:56  전방여부:0
17:58:56  위험음성횟수:0
17:58:56  충격음성횟수:0
17:58:56  마지막위험음성:0
17:58:56  RSSI원시:-61
17:58:56  RSSI평활:-62.5
17:58:56  RSSI샘플:10230
17:58:56  RSSI경과ms:32
17:58:56  위험송신:10230
17:58:56  시각ms:1105518
17:58:56  IMU시각ms:1105518
17:58:56  위험:0
17:58:56  원시위험:0
17:58:56  GPS유효:0
17:58:56  위도:0.000000
17:58:56  경도:0.000000
17:58:56  속도:0.00
17:58:56  방향:0.0
17:58:56  GPS원시속도:0.000
17:58:56  GPS원시방향유효:0
17:58:56  GPS원시방향:0.0
17:58:56  가속도:-0.90,0.99,9.59
17:58:56  자이로:3.1,-0.5,-2.9
17:58:56  자력계:-20.100,-34.650,4.050
17:58:56  충격값:0.07
17:58:56  송신:10863
17:58:56  지팡이수신:10230
17:58:56  GPS위성:0
17:58:56  GPS_HDOP:99.00
17:58:56  원시위도:0.000000
17:58:56  원시경도:0.000000
17:58:56  GPS채택:0
17:58:56  GPS이상치거부:0
17:58:56  GPS품질거부:0
17:58:56  GPS재기준:0
17:58:56  계산거리:-1.00
17:58:56  접근속도:0.00
17:58:56  TTC:999.00
17:58:56  방향오차:0.0
17:58:56  전방여부:0
17:58:56  위험음성횟수:0
17:58:56  충격음성횟수:0
17:58:56  마지막위험음성:0
17:58:56  RSSI원시:-61
17:58:56  RSSI평활:-62.5
17:58:56  RSSI샘플:10230
17:58:56  RSSI경과ms:82
17:58:56  위험송신:10230
17:58:56  시각ms:1105618
17:58:56  IMU시각ms:1105618
17:58:56  위험:0
17:58:56  원시위험:0
17:58:56  GPS유효:0
17:58:56  위도:0.000000
17:58:56  경도:0.000000
17:58:56  속도:0.00
17:58:56  방향:0.0
17:58:56  GPS원시속도:0.000
17:58:56  GPS원시방향유효:0
17:58:56  GPS원시방향:0.0
17:58:56  가속도:-0.87,1.06,9.53
17:58:56  자이로:-0.0,0.7,-1.2
17:58:56  자력계:-17.550,-34.650,5.250
17:58:56  충격값:0.10
17:58:56  송신:10864
17:58:56  지팡이수신:10231
17:58:56  GPS위성:0
17:58:56  GPS_HDOP:99.00
17:58:56  원시위도:0.000000
17:58:56  원시경도:0.000000
17:58:56  GPS채택:0
17:58:56  GPS이상치거부:0
17:58:56  GPS품질거부:0
17:58:56  GPS재기준:0
17:58:56  계산거리:-1.00
17:58:56  접근속도:0.00
17:58:56  TTC:999.00
17:58:56  방향오차:0.0
17:58:56  전방여부:0
17:58:56  위험음성횟수:0
17:58:56  충격음성횟수:0
17:58:56  마지막위험음성:0
17:58:56  RSSI원시:-62
17:58:56  RSSI평활:-62.4
17:58:56  RSSI샘플:10231
17:58:56  RSSI경과ms:84
17:58:56  위험송신:10231
17:58:57  시각ms:1105668
17:58:57  IMU시각ms:1105668
17:58:57  위험:0
17:58:57  원시위험:0
17:58:57  GPS유효:0
17:58:57  위도:0.000000
17:58:57  경도:0.000000
17:58:57  속도:0.00
17:58:57  방향:0.0
17:58:57  GPS원시속도:0.000
17:58:57  GPS원시방향유효:0
17:58:57  GPS원시방향:0.0
17:58:57  가속도:-0.98,1.13,9.55
17:58:57  자이로:-0.5,-1.6,-1.8
17:58:57  자력계:-18.600,-34.200,5.250
17:58:57  충격값:0.11
17:58:57  송신:10865
17:58:57  지팡이수신:10232
17:58:57  GPS위성:0
17:58:57  GPS_HDOP:99.00
17:58:57  원시위도:0.000000
17:58:57  원시경도:0.000000
17:58:57  GPS채택:0
17:58:57  GPS이상치거부:0
17:58:57  GPS품질거부:0
17:58:57  GPS재기준:0
17:58:57  계산거리:-1.00
17:58:57  접근속도:0.00
17:58:57  TTC:999.00
17:58:57  방향오차:0.0
17:58:57  전방여부:0
17:58:57  위험음성횟수:0
17:58:57  충격음성횟수:0
17:58:57  마지막위험음성:0
17:58:57  RSSI원시:-61
17:58:57  RSSI평활:-62.1
17:58:57  RSSI샘플:10232
17:58:57  RSSI경과ms:28
17:58:57  위험송신:10232
17:58:57  시각ms:1105718
17:58:57  IMU시각ms:1105718
17:58:57  위험:0
17:58:57  원시위험:0
17:58:57  GPS유효:0
17:58:57  위도:0.000000
17:58:57  경도:0.000000
17:58:57  속도:0.00
17:58:57  방향:0.0
17:58:57  GPS원시속도:0.000
17:58:57  GPS원시방향유효:0
17:58:57  GPS원시방향:0.0
17:58:57  가속도:-0.91,1.20,9.52
17:58:57  자이로:0.9,3.1,1.9
17:58:57  자력계:-18.450,-33.150,4.200
17:58:57  충격값:0.17
17:58:57  송신:10865
17:58:57  지팡이수신:10232
17:58:57  GPS위성:0
17:58:57  GPS_HDOP:99.00
17:58:57  원시위도:0.000000
17:58:57  원시경도:0.000000
17:58:57  GPS채택:0
17:58:57  GPS이상치거부:0
17:58:57  GPS품질거부:0
17:58:57  GPS재기준:0
17:58:57  계산거리:-1.00
17:58:57  접근속도:0.00
17:58:57  TTC:999.00
17:58:57  방향오차:0.0
17:58:57  전방여부:0
17:58:57  위험음성횟수:0
17:58:57  충격음성횟수:0
17:58:57  마지막위험음성:0
17:58:57  RSSI원시:-61
17:58:57  RSSI평활:-62.1
17:58:57  RSSI샘플:10232
17:58:57  RSSI경과ms:78
17:58:57  위험송신:10232
17:58:57  시각ms:1105773
17:58:57  IMU시각ms:1105773
17:58:57  위험:0
17:58:57  원시위험:0
17:58:57  GPS유효:0
17:58:57  위도:0.000000
17:58:57  경도:0.000000
17:58:57  속도:0.00
17:58:57  방향:0.0
17:58:57  GPS원시속도:0.000
17:58:57  GPS원시방향유효:0
17:58:57  GPS원시방향:0.0
17:58:57  가속도:-0.98,1.01,9.63
17:58:57  자이로:0.5,-0.5,-0.0
17:58:57  자력계:-19.800,-33.450,6.300
17:58:57  충격값:0.06
17:58:57  송신:10866
17:58:57  지팡이수신:10233
17:58:57  GPS위성:0
17:58:57  GPS_HDOP:99.00
17:58:57  원시위도:0.000000
17:58:57  원시경도:0.000000
17:58:57  GPS채택:0
17:58:57  GPS이상치거부:0
17:58:57  GPS품질거부:0
17:58:57  GPS재기준:0
17:58:57  계산거리:-1.00
17:58:57  접근속도:0.00
17:58:57  TTC:999.00
17:58:57  방향오차:0.0
17:58:57  전방여부:0
17:58:57  위험음성횟수:0
17:58:57  충격음성횟수:0
17:58:57  마지막위험음성:0
17:58:57  RSSI원시:-61
17:58:57  RSSI평활:-61.9
17:58:57  RSSI샘플:10233
17:58:57  RSSI경과ms:25
17:58:57  위험송신:10233
17:58:57  시각ms:1105823
17:58:57  IMU시각ms:1105823
17:58:57  위험:0
17:58:57  원시위험:0
17:58:57  GPS유효:0
17:58:57  위도:0.000000
17:58:57  경도:0.000000
17:58:57  속도:0.00
17:58:57  방향:0.0
17:58:57  GPS원시속도:0.000
17:58:57  GPS원시방향유효:0
17:58:57  GPS원시방향:0.0
17:58:57  가속도:-0.98,0.96,9.65
17:58:57  자이로:1.4,-0.7,-2.4
17:58:57  자력계:-19.200,-34.800,3.450
17:58:57  충격값:0.10
17:58:57  송신:10866
17:58:57  지팡이수신:10233
17:58:57  GPS위성:0
17:58:57  GPS_HDOP:99.00
17:58:57  원시위도:0.000000
17:58:57  원시경도:0.000000
17:58:57  GPS채택:0
17:58:57  GPS이상치거부:0
17:58:57  GPS품질거부:0
17:58:57  GPS재기준:0
17:58:57  계산거리:-1.00
17:58:57  접근속도:0.00
17:58:57  TTC:999.00
17:58:57  방향오차:0.0
17:58:57  전방여부:0
17:58:57  위험음성횟수:0
17:58:57  충격음성횟수:0
17:58:57  마지막위험음성:0
17:58:57  RSSI원시:-61
17:58:57  RSSI평활:-61.9
17:58:57  RSSI샘플:10233
17:58:57  RSSI경과ms:75
17:58:57  위험송신:10233
17:58:57  시각ms:1105874
17:58:57  IMU시각ms:1105874
17:58:57  위험:0
17:58:57  원시위험:0
17:58:57  GPS유효:0
17:58:57  위도:0.000000
17:58:57  경도:0.000000
17:58:57  속도:0.00
17:58:57  방향:0.0
17:58:57  GPS원시속도:0.000
17:58:57  GPS원시방향유효:0
17:58:57  GPS원시방향:0.0
17:58:57  가속도:-0.92,0.89,9.64
17:58:57  자이로:1.4,-0.5,1.5
17:58:57  자력계:-19.650,-34.050,4.650
17:58:57  충격값:0.15
17:58:57  송신:10867
17:58:57  지팡이수신:10234
17:58:57  GPS위성:0
17:58:57  GPS_HDOP:99.00
17:58:57  원시위도:0.000000
17:58:57  원시경도:0.000000
17:58:57  GPS채택:0
17:58:57  GPS이상치거부:0
17:58:57  GPS품질거부:0
17:58:57  GPS재기준:0
17:58:57  계산거리:-1.00
17:58:57  접근속도:0.00
17:58:57  TTC:999.00
17:58:57  방향오차:0.0
17:58:57  전방여부:0
17:58:57  위험음성횟수:0
17:58:57  충격음성횟수:0
17:58:57  마지막위험음성:0
17:58:57  RSSI원시:-61
17:58:57  RSSI평활:-61.7
17:58:57  RSSI샘플:10234
17:58:57  RSSI경과ms:32
17:58:57  위험송신:10234
17:58:57  시각ms:1105924
17:58:57  IMU시각ms:1105924
17:58:57  위험:0
17:58:57  원시위험:0
17:58:57  GPS유효:0
17:58:57  위도:0.000000
17:58:57  경도:0.000000
17:58:57  속도:0.00
17:58:57  방향:0.0
17:58:57  GPS원시속도:0.000
17:58:57  GPS원시방향유효:0
17:58:57  GPS원시방향:0.0
17:58:57  가속도:-0.83,0.98,9.59
17:58:57  자이로:3.0,0.5,2.5
17:58:57  자력계:-19.050,-34.200,7.050
17:58:57  충격값:0.13
17:58:57  송신:10867
17:58:57  지팡이수신:10234
17:58:57  GPS위성:0
17:58:57  GPS_HDOP:99.00
17:58:57  원시위도:0.000000
17:58:57  원시경도:0.000000
17:58:57  GPS채택:0
17:58:57  GPS이상치거부:0
17:58:57  GPS품질거부:0
17:58:57  GPS재기준:0
17:58:57  계산거리:-1.00
17:58:57  접근속도:0.00
17:58:57  TTC:999.00
17:58:57  방향오차:0.0
17:58:57  전방여부:0
17:58:57  위험음성횟수:0
17:58:57  충격음성횟수:0
17:58:57  마지막위험음성:0
17:58:57  RSSI원시:-61
17:58:57  RSSI평활:-61.7
17:58:57  RSSI샘플:10234
17:58:57  RSSI경과ms:82
17:58:57  위험송신:10234
17:58:57  시각ms:1105974
17:58:57  IMU시각ms:1105974
17:58:57  위험:0
17:58:57  원시위험:0
17:58:57  GPS유효:0
17:58:57  위도:0.000000
17:58:57  경도:0.000000
17:58:57  속도:0.00
17:58:57  방향:0.0
17:58:57  GPS원시속도:0.000
17:58:57  GPS원시방향유효:0
17:58:57  GPS원시방향:0.0
17:58:57  가속도:-0.98,1.03,9.58
17:58:57  자이로:1.0,2.8,-2.5
17:58:57  자력계:-18.000,-32.850,3.150
17:58:57  충격값:0.04
17:58:57  송신:10868
17:58:57  지팡이수신:10235
17:58:57  GPS위성:0
17:58:57  GPS_HDOP:99.00
17:58:57  원시위도:0.000000
17:58:57  원시경도:0.000000
17:58:57  GPS채택:0
17:58:57  GPS이상치거부:0
17:58:57  GPS품질거부:0
17:58:57  GPS재기준:0
17:58:57  계산거리:-1.00
17:58:57  접근속도:0.00
17:58:57  TTC:999.00
17:58:57  방향오차:0.0
17:58:57  전방여부:0
17:58:57  위험음성횟수:0
17:58:57  충격음성횟수:0
17:58:57  마지막위험음성:0
17:58:57  RSSI원시:-60
17:58:57  RSSI평활:-61.4
17:58:57  RSSI샘플:10235
17:58:57  RSSI경과ms:30
17:58:57  위험송신:10235
17:58:57  시각ms:1106024
17:58:57  IMU시각ms:1106024
17:58:57  위험:0
17:58:57  원시위험:0
17:58:57  GPS유효:0
17:58:57  위도:0.000000
17:58:57  경도:0.000000
17:58:57  속도:0.00
17:58:57  방향:0.0
17:58:57  GPS원시속도:0.000
17:58:57  GPS원시방향유효:0
17:58:57  GPS원시방향:0.0
17:58:57  가속도:-0.84,1.02,9.58
17:58:57  자이로:0.8,2.0,-2.0
17:58:57  자력계:-19.200,-33.150,3.450
17:58:57  충격값:0.10
17:58:57  송신:10868
17:58:57  지팡이수신:10235
17:58:57  GPS위성:0
17:58:57  GPS_HDOP:99.00
17:58:57  원시위도:0.000000
17:58:57  원시경도:0.000000
17:58:57  GPS채택:0
17:58:57  GPS이상치거부:0
17:58:57  GPS품질거부:0
17:58:57  GPS재기준:0
17:58:57  계산거리:-1.00
17:58:57  접근속도:0.00
17:58:57  TTC:999.00
17:58:57  방향오차:0.0
17:58:57  전방여부:0
17:58:57  위험음성횟수:0
17:58:57  충격음성횟수:0
17:58:57  마지막위험음성:0
17:58:57  RSSI원시:-60
17:58:57  RSSI평활:-61.4
17:58:57  RSSI샘플:10235
17:58:57  RSSI경과ms:80
17:58:57  위험송신:10235
17:58:57  시각ms:1106074
17:58:57  IMU시각ms:1106074
17:58:57  위험:0
17:58:57  원시위험:0
17:58:57  GPS유효:0
17:58:57  위도:0.000000
17:58:57  경도:0.000000
17:58:57  속도:0.00
17:58:57  방향:0.0
17:58:57  GPS원시속도:0.000
17:58:57  GPS원시방향유효:0
17:58:57  GPS원시방향:0.0
17:58:57  가속도:-1.05,1.02,9.66
17:58:57  자이로:-0.8,2.1,-2.1
17:58:57  자력계:-19.350,-33.450,4.500
17:58:57  충격값:0.13
17:58:57  송신:10869
17:58:57  지팡이수신:10236
17:58:57  GPS위성:0
17:58:57  GPS_HDOP:99.00
17:58:57  원시위도:0.000000
17:58:57  원시경도:0.000000
17:58:57  GPS채택:0
17:58:57  GPS이상치거부:0
17:58:57  GPS품질거부:0
17:58:57  GPS재기준:0
17:58:57  계산거리:-1.00
17:58:57  접근속도:0.00
17:58:57  TTC:999.00
17:58:57  방향오차:0.0
17:58:57  전방여부:0
17:58:57  위험음성횟수:0
17:58:57  충격음성횟수:0
17:58:57  마지막위험음성:0
17:58:57  RSSI원시:-61
17:58:57  RSSI평활:-61.3
17:58:57  RSSI샘플:10236
17:58:57  RSSI경과ms:30
17:58:57  위험송신:10236
17:58:57  시각ms:1106329
17:58:57  IMU시각ms:1106329
17:58:57  위험:0
17:58:57  원시위험:0
17:58:57  GPS유효:0
17:58:57  위도:0.000000
17:58:57  경도:0.000000
17:58:57  속도:0.00
17:58:57  방향:0.0
17:58:57  GPS원시속도:0.000
17:58:57  GPS원시방향유효:0
17:58:57  GPS원시방향:0.0
17:58:57  가속도:-0.84,0.98,9.64
17:58:57  자이로:0.6,-0.8,-1.1
17:58:57  자력계:-21.000,-32.250,5.550
17:58:57  충격값:0.13
17:58:57  송신:10871
17:58:57  지팡이수신:10238
17:58:57  GPS위성:0
17:58:57  GPS_HDOP:99.00
17:58:57  원시위도:0.000000
17:58:57  원시경도:0.000000
17:58:57  GPS채택:0
17:58:57  GPS이상치거부:0
17:58:57  GPS품질거부:0
17:58:57  GPS재기준:0
17:58:57  계산거리:-1.00
17:58:57  접근속도:0.00
17:58:57  TTC:999.00
17:58:57  방향오차:0.0
17:58:57  전방여부:0
17:58:57  위험음성횟수:0
17:58:57  충격음성횟수:0
17:58:57  마지막위험음성:0
17:58:57  RSSI원시:-61
17:58:57  RSSI평활:-61.2
17:58:57  RSSI샘플:10238
17:58:57  RSSI경과ms:85
17:58:57  위험송신:10238
17:58:57  시각ms:1106379
17:58:57  IMU시각ms:1106379
17:58:57  위험:0
17:58:57  원시위험:0
17:58:57  GPS유효:0
17:58:57  위도:0.000000
17:58:57  경도:0.000000
17:58:57  속도:0.00
17:58:57  방향:0.0
17:58:57  GPS원시속도:0.000
17:58:57  GPS원시방향유효:0
17:58:57  GPS원시방향:0.0
17:58:57  가속도:-0.92,1.01,9.56
17:58:57  자이로:2.2,-1.4,2.0
17:58:57  자력계:-18.600,-33.450,3.300
17:58:57  충격값:0.04
17:58:57  송신:10872
17:58:57  지팡이수신:10239
17:58:57  GPS위성:0
17:58:57  GPS_HDOP:99.00
17:58:57  원시위도:0.000000
17:58:57  원시경도:0.000000
17:58:57  GPS채택:0
17:58:57  GPS이상치거부:0
17:58:57  GPS품질거부:0
17:58:57  GPS재기준:0
17:58:57  계산거리:-1.00
17:58:57  접근속도:0.00
17:58:57  TTC:999.00
17:58:57  방향오차:0.0
17:58:57  전방여부:0
17:58:57  위험음성횟수:0
17:58:57  충격음성횟수:0
17:58:57  마지막위험음성:0
17:58:57  RSSI원시:-61
17:58:57  RSSI평활:-61.1
17:58:57  RSSI샘플:10239
17:58:57  RSSI경과ms:31
17:58:57  위험송신:10239
17:58:57  시각ms:1106429
17:58:57  IMU시각ms:1106429
17:58:57  위험:0
17:58:57  원시위험:0
17:58:57  GPS유효:0
17:58:57  위도:0.000000
17:58:57  경도:0.000000
17:58:57  속도:0.00
17:58:57  방향:0.0
17:58:57  GPS원시속도:0.000
17:58:57  GPS원시방향유효:0
17:58:57  GPS원시방향:0.0
17:58:57  가속도:-0.92,1.12,9.62
17:58:57  자이로:-1.0,-1.9,-2.2
17:58:57  자력계:-19.650,-33.150,4.200
17:58:57  충격값:0.09
17:58:57  송신:10872
17:58:57  지팡이수신:10239
17:58:57  GPS위성:0
17:58:57  GPS_HDOP:99.00
17:58:57  원시위도:0.000000
17:58:57  원시경도:0.000000
17:58:57  GPS채택:0
17:58:57  GPS이상치거부:0
17:58:57  GPS품질거부:0
17:58:57  GPS재기준:0
17:58:57  계산거리:-1.00
17:58:57  접근속도:0.00
17:58:57  TTC:999.00
17:58:57  방향오차:0.0
17:58:57  전방여부:0
17:58:57  위험음성횟수:0
17:58:57  충격음성횟수:0
17:58:57  마지막위험음성:0
17:58:57  RSSI원시:-61
17:58:57  RSSI평활:-61.1
17:58:57  RSSI샘플:10239
17:58:57  RSSI경과ms:81
17:58:57  위험송신:10239
17:58:57  시각ms:1106479
17:58:57  IMU시각ms:1106479
17:58:57  위험:0
17:58:57  원시위험:0
17:58:57  GPS유효:0
17:58:57  위도:0.000000
17:58:57  경도:0.000000
17:58:57  속도:0.00
17:58:57  방향:0.0
17:58:57  GPS원시속도:0.000
17:58:57  GPS원시방향유효:0
17:58:57  GPS원시방향:0.0
17:58:57  가속도:-0.99,0.97,9.58
17:58:57  자이로:0.6,-1.9,-0.0
17:58:57  자력계:-18.000,-33.600,5.400
17:58:57  충격값:0.08
17:58:57  송신:10873
17:58:57  지팡이수신:10240
17:58:57  GPS위성:0
17:58:57  GPS_HDOP:99.00
17:58:57  원시위도:0.000000
17:58:57  원시경도:0.000000
17:58:57  GPS채택:0
17:58:57  GPS이상치거부:0
17:58:57  GPS품질거부:0
17:58:57  GPS재기준:0
17:58:57  계산거리:-1.00
17:58:57  접근속도:0.00
17:58:57  TTC:999.00
17:58:57  방향오차:0.0
17:58:57  전방여부:0
17:58:57  위험음성횟수:0
17:58:57  충격음성횟수:0
17:58:57  마지막위험음성:0
17:58:57  RSSI원시:-61
17:58:57  RSSI평활:-61.1
17:58:57  RSSI샘플:10240
17:58:57  RSSI경과ms:29
17:58:57  위험송신:10240
17:58:57  시각ms:1106529
17:58:57  IMU시각ms:1106529
17:58:57  위험:0
17:58:57  원시위험:0
17:58:57  GPS유효:0
17:58:57  위도:0.000000
17:58:57  경도:0.000000
17:58:57  속도:0.00
17:58:57  방향:0.0
17:58:57  GPS원시속도:0.000
17:58:57  GPS원시방향유효:0
17:58:57  GPS원시방향:0.0
17:58:57  가속도:-0.90,1.13,9.62
17:58:57  자이로:1.8,0.6,-1.1
17:58:57  자력계:-19.050,-34.950,6.300
17:58:57  충격값:0.11
17:58:57  송신:10873
17:58:57  지팡이수신:10240
17:58:57  GPS위성:0
17:58:57  GPS_HDOP:99.00
17:58:57  원시위도:0.000000
17:58:57  원시경도:0.000000
17:58:57  GPS채택:0
17:58:57  GPS이상치거부:0
17:58:57  GPS품질거부:0
17:58:57  GPS재기준:0
17:58:57  계산거리:-1.00
17:58:57  접근속도:0.00
17:58:57  TTC:999.00
17:58:57  방향오차:0.0
17:58:57  전방여부:0
17:58:57  위험음성횟수:0
17:58:57  충격음성횟수:0
17:58:57  마지막위험음성:0
17:58:57  RSSI원시:-61
17:58:57  RSSI평활:-61.1
17:58:57  RSSI샘플:10240
17:58:57  RSSI경과ms:79
17:58:57  위험송신:10240
17:58:57  시각ms:1106579
17:58:57  IMU시각ms:1106579
17:58:57  위험:0
17:58:57  원시위험:0
17:58:57  GPS유효:0
17:58:57  위도:0.000000
17:58:57  경도:0.000000
17:58:57  속도:0.00
17:58:57  방향:0.0
17:58:57  GPS원시속도:0.000
17:58:57  GPS원시방향유효:0
17:58:57  GPS원시방향:0.0
17:58:57  가속도:-0.87,1.07,9.47
17:58:57  자이로:0.5,-1.1,-0.9
17:58:57  자력계:-19.800,-33.750,5.550
17:58:57  충격값:0.15
17:58:57  송신:10874
17:58:57  지팡이수신:10241
17:58:57  GPS위성:0
17:58:57  GPS_HDOP:99.00
17:58:57  원시위도:0.000000
17:58:57  원시경도:0.000000
17:58:57  GPS채택:0
17:58:57  GPS이상치거부:0
17:58:57  GPS품질거부:0
17:58:57  GPS재기준:0
17:58:57  계산거리:-1.00
17:58:57  접근속도:0.00
17:58:57  TTC:999.00
17:58:57  방향오차:0.0
17:58:57  전방여부:0
17:58:57  위험음성횟수:0
17:58:57  충격음성횟수:0
17:58:57  마지막위험음성:0
17:58:57  RSSI원시:-61
17:58:57  RSSI평활:-61.1
17:58:57  RSSI샘플:10241
17:58:57  RSSI경과ms:27
17:58:57  위험송신:10241
17:58:57  시각ms:1106629
17:58:57  IMU시각ms:1106629
17:58:57  위험:0
17:58:57  원시위험:0
17:58:57  GPS유효:0
17:58:57  위도:0.000000
17:58:57  경도:0.000000
17:58:57  속도:0.00
17:58:57  방향:0.0
17:58:57  GPS원시속도:0.000
17:58:57  GPS원시방향유효:0
17:58:57  GPS원시방향:0.0
17:58:57  가속도:-0.90,1.09,9.71
17:58:57  자이로:2.3,2.1,-2.9
17:58:57  자력계:-19.200,-34.800,2.700
17:58:57  충격값:0.13
17:58:57  송신:10874
17:58:57  지팡이수신:10241
17:58:57  GPS위성:0
17:58:57  GPS_HDOP:99.00
17:58:57  원시위도:0.000000
17:58:57  원시경도:0.000000
17:58:57  GPS채택:0
17:58:57  GPS이상치거부:0
17:58:57  GPS품질거부:0
17:58:57  GPS재기준:0
17:58:57  계산거리:-1.00
17:58:57  접근속도:0.00
17:58:57  TTC:999.00
17:58:57  방향오차:0.0
17:58:57  전방여부:0
17:58:57  위험음성횟수:0
17:58:57  충격음성횟수:0
17:58:57  마지막위험음성:0
17:58:57  RSSI원시:-61
17:58:57  RSSI평활:-61.1
17:58:57  RSSI샘플:10241
17:58:57  RSSI경과ms:77
17:58:57  위험송신:10241
17:58:58  시각ms:1106684
17:58:58  IMU시각ms:1106684
17:58:58  위험:0
17:58:58  원시위험:0
17:58:58  GPS유효:0
17:58:58  위도:0.000000
17:58:58  경도:0.000000
17:58:58  속도:0.00
17:58:58  방향:0.0
17:58:58  GPS원시속도:0.000
17:58:58  GPS원시방향유효:0
17:58:58  GPS원시방향:0.0
17:58:58  가속도:-1.01,0.99,9.52
17:58:58  자이로:0.1,-1.8,-1.8
17:58:58  자력계:-19.200,-32.850,5.400
17:58:58  충격값:0.12
17:58:58  송신:10875
17:58:58  지팡이수신:10242
17:58:58  GPS위성:0
17:58:58  GPS_HDOP:99.00
17:58:58  원시위도:0.000000
17:58:58  원시경도:0.000000
17:58:58  GPS채택:0
17:58:58  GPS이상치거부:0
17:58:58  GPS품질거부:0
17:58:58  GPS재기준:0
17:58:58  계산거리:-1.00
17:58:58  접근속도:0.00
17:58:58  TTC:999.00
17:58:58  방향오차:0.0
17:58:58  전방여부:0
17:58:58  위험음성횟수:0
17:58:58  충격음성횟수:0
17:58:58  마지막위험음성:0
17:58:58  RSSI원시:-61
17:58:58  RSSI평활:-61.1
17:58:58  RSSI샘플:10242
17:58:58  RSSI경과ms:24
17:58:58  위험송신:10242
17:58:58  시각ms:1106734
17:58:58  IMU시각ms:1106734
17:58:58  위험:0
17:58:58  원시위험:0
17:58:58  GPS유효:0
17:58:58  위도:0.000000
17:58:58  경도:0.000000
17:58:58  속도:0.00
17:58:58  방향:0.0
17:58:58  GPS원시속도:0.000
17:58:58  GPS원시방향유효:0
17:58:58  GPS원시방향:0.0
17:58:58  가속도:-0.93,1.06,9.55
17:58:58  자이로:-0.9,-3.3,-0.6
17:58:58  자력계:-18.450,-35.100,6.450
17:58:58  충격값:0.05
17:58:58  송신:10875
17:58:58  지팡이수신:10242
17:58:58  GPS위성:0
17:58:58  GPS_HDOP:99.00
17:58:58  원시위도:0.000000
17:58:58  원시경도:0.000000
17:58:58  GPS채택:0
17:58:58  GPS이상치거부:0
17:58:58  GPS품질거부:0
17:58:58  GPS재기준:0
17:58:58  계산거리:-1.00
17:58:58  접근속도:0.00
17:58:58  TTC:999.00
17:58:58  방향오차:0.0
17:58:58  전방여부:0
17:58:58  위험음성횟수:0
17:58:58  충격음성횟수:0
17:58:58  마지막위험음성:0
17:58:58  RSSI원시:-61
17:58:58  RSSI평활:-61.1
17:58:58  RSSI샘플:10242
17:58:58  RSSI경과ms:74
17:58:58  위험송신:10242
17:58:58  시각ms:1106834
17:58:58  IMU시각ms:1106834
17:58:58  위험:0
17:58:58  원시위험:0
17:58:58  GPS유효:0
17:58:58  위도:0.000000
17:58:58  경도:0.000000
17:58:58  속도:0.00
17:58:58  방향:0.0
17:58:58  GPS원시속도:0.000
17:58:58  GPS원시방향유효:0
17:58:58  GPS원시방향:0.0
17:58:58  가속도:-0.81,1.13,9.59
17:58:58  자이로:0.4,4.2,-2.0
17:58:58  자력계:-18.600,-35.400,4.800
17:58:58  충격값:0.16
17:58:58  송신:10876
17:58:58  지팡이수신:10243
17:58:58  GPS위성:0
17:58:58  GPS_HDOP:99.00
17:58:58  원시위도:0.000000
17:58:58  원시경도:0.000000
17:58:58  GPS채택:0
17:58:58  GPS이상치거부:0
17:58:58  GPS품질거부:0
17:58:58  GPS재기준:0
17:58:58  계산거리:-1.00
17:58:58  접근속도:0.00
17:58:58  TTC:999.00
17:58:58  방향오차:0.0
17:58:58  전방여부:0
17:58:58  위험음성횟수:0
17:58:58  충격음성횟수:0
17:58:58  마지막위험음성:0
17:58:58  RSSI원시:-62
17:58:58  RSSI평활:-61.3
17:58:58  RSSI샘플:10243
17:58:58  RSSI경과ms:76
17:58:58  위험송신:10243
17:58:58  시각ms:1106884
17:58:58  IMU시각ms:1106884
17:58:58  위험:0
17:58:58  원시위험:0
17:58:58  GPS유효:0
17:58:58  위도:0.000000
17:58:58  경도:0.000000
17:58:58  속도:0.00
17:58:58  방향:0.0
17:58:58  GPS원시속도:0.000
17:58:58  GPS원시방향유효:0
17:58:58  GPS원시방향:0.0
17:58:58  가속도:-0.96,0.98,9.65
17:58:58  자이로:-1.1,-1.5,-2.7
17:58:58  자력계:-19.650,-34.350,5.400
17:58:58  충격값:0.09
17:58:58  송신:10877
17:58:58  지팡이수신:10244
17:58:58  GPS위성:0
17:58:58  GPS_HDOP:99.00
17:58:58  원시위도:0.000000
17:58:58  원시경도:0.000000
17:58:58  GPS채택:0
17:58:58  GPS이상치거부:0
17:58:58  GPS품질거부:0
17:58:58  GPS재기준:0
17:58:58  계산거리:-1.00
17:58:58  접근속도:0.00
17:58:58  TTC:999.00
17:58:58  방향오차:0.0
17:58:58  전방여부:0
17:58:58  위험음성횟수:0
17:58:58  충격음성횟수:0
17:58:58  마지막위험음성:0
17:58:58  RSSI원시:-61
17:58:58  RSSI평활:-61.2
17:58:58  RSSI샘플:10244
17:58:58  RSSI경과ms:26
17:58:58  위험송신:10244
17:58:58  시각ms:1106934
17:58:58  IMU시각ms:1106934
17:58:58  위험:0
17:58:58  원시위험:0
17:58:58  GPS유효:0
17:58:58  위도:0.000000
17:58:58  경도:0.000000
17:58:58  속도:0.00
17:58:58  방향:0.0
17:58:58  GPS원시속도:0.000
17:58:58  GPS원시방향유효:0
17:58:58  GPS원시방향:0.0
17:58:58  가속도:-1.14,1.11,9.50
17:58:58  자이로:-0.5,0.8,0.4
17:58:58  자력계:-19.800,-34.200,4.500
17:58:58  충격값:0.22
17:58:58  송신:10877
17:58:58  지팡이수신:10244
17:58:58  GPS위성:0
17:58:58  GPS_HDOP:99.00
17:58:58  원시위도:0.000000
17:58:58  원시경도:0.000000
17:58:58  GPS채택:0
17:58:58  GPS이상치거부:0
17:58:58  GPS품질거부:0
17:58:58  GPS재기준:0
17:58:58  계산거리:-1.00
17:58:58  접근속도:0.00
17:58:58  TTC:999.00
17:58:58  방향오차:0.0
17:58:58  전방여부:0
17:58:58  위험음성횟수:0
17:58:58  충격음성횟수:0
17:58:58  마지막위험음성:0
17:58:58  RSSI원시:-61
17:58:58  RSSI평활:-61.2
17:58:58  RSSI샘플:10244
17:58:58  RSSI경과ms:76
17:58:58  위험송신:10244
17:58:58  시각ms:1106984
17:58:58  IMU시각ms:1106984
17:58:58  위험:0
17:58:58  원시위험:0
17:58:58  GPS유효:0
17:58:58  위도:0.000000
17:58:58  경도:0.000000
17:58:58  속도:0.00
17:58:58  방향:0.0
17:58:58  GPS원시속도:0.000
17:58:58  GPS원시방향유효:0
17:58:58  GPS원시방향:0.0
17:58:58  가속도:-1.02,1.07,9.63
17:58:58  자이로:-1.5,1.6,-2.9
17:58:58  자력계:-19.800,-33.000,4.500
17:58:58  충격값:0.06
17:58:58  송신:10878
17:58:58  지팡이수신:10245
17:58:58  GPS위성:0
17:58:58  GPS_HDOP:99.00
17:58:58  원시위도:0.000000
17:58:58  원시경도:0.000000
17:58:58  GPS채택:0
17:58:58  GPS이상치거부:0
17:58:58  GPS품질거부:0
17:58:58  GPS재기준:0
17:58:58  계산거리:-1.00
17:58:58  접근속도:0.00
17:58:58  TTC:999.00
17:58:58  방향오차:0.0
17:58:58  전방여부:0
17:58:58  위험음성횟수:0
17:58:58  충격음성횟수:0
17:58:58  마지막위험음성:0
17:58:58  RSSI원시:-61
17:58:58  RSSI평활:-61.2
17:58:58  RSSI샘플:10245
17:58:58  RSSI경과ms:22
17:58:58  위험송신:10245
17:58:58  시각ms:1107034
17:58:58  IMU시각ms:1107034
17:58:58  위험:0
17:58:58  원시위험:0
17:58:58  GPS유효:0
17:58:58  위도:0.000000
17:58:58  경도:0.000000
17:58:58  속도:0.00
17:58:58  방향:0.0
17:58:58  GPS원시속도:0.000
17:58:58  GPS원시방향유효:0
17:58:58  GPS원시방향:0.0
17:58:58  가속도:-1.02,1.00,9.64
17:58:58  자이로:1.7,0.1,0.5
17:58:58  자력계:-19.800,-33.750,5.550
17:58:58  충격값:0.09
17:58:58  송신:10878
17:58:58  지팡이수신:10245
17:58:58  GPS위성:0
17:58:58  GPS_HDOP:99.00
17:58:58  원시위도:0.000000
17:58:58  원시경도:0.000000
17:58:58  GPS채택:0
17:58:58  GPS이상치거부:0
17:58:58  GPS품질거부:0
17:58:58  GPS재기준:0
17:58:58  계산거리:-1.00
17:58:58  접근속도:0.00
17:58:58  TTC:999.00
17:58:58  방향오차:0.0
17:58:58  전방여부:0
17:58:58  위험음성횟수:0
17:58:58  충격음성횟수:0
17:58:58  마지막위험음성:0
17:58:58  RSSI원시:-61
17:58:58  RSSI평활:-61.2
17:58:58  RSSI샘플:10245
17:58:58  RSSI경과ms:72
17:58:58  위험송신:10245
17:58:58  시각ms:1107084
17:58:58  IMU시각ms:1107084
17:58:58  위험:0
17:58:58  원시위험:0
17:58:58  GPS유효:0
17:58:58  위도:0.000000
17:58:58  경도:0.000000
17:58:58  속도:0.00
17:58:58  방향:0.0
17:58:58  GPS원시속도:0.000
17:58:58  GPS원시방향유효:0
17:58:58  GPS원시방향:0.0
17:58:58  가속도:-0.98,0.99,9.63
17:58:58  자이로:2.0,-1.5,0.1
17:58:58  자력계:-19.800,-34.650,4.500
17:58:58  충격값:0.07
17:58:58  송신:10879
17:58:58  지팡이수신:10246
17:58:58  GPS위성:0
17:58:58  GPS_HDOP:99.00
17:58:58  원시위도:0.000000
17:58:58  원시경도:0.000000
17:58:58  GPS채택:0
17:58:58  GPS이상치거부:0
17:58:58  GPS품질거부:0
17:58:58  GPS재기준:0
17:58:58  계산거리:-1.00
17:58:58  접근속도:0.00
17:58:58  TTC:999.00
17:58:58  방향오차:0.0
17:58:58  전방여부:0
17:58:58  위험음성횟수:0
17:58:58  충격음성횟수:0
17:58:58  마지막위험음성:0
17:58:58  RSSI원시:-62
17:58:58  RSSI평활:-61.3
17:58:58  RSSI샘플:10246
17:58:58  RSSI경과ms:23
17:58:58  위험송신:10246
17:58:58  시각ms:1107238
17:58:58  IMU시각ms:1107238
17:58:58  위험:0
17:58:58  원시위험:0
17:58:58  GPS유효:0
17:58:58  위도:0.000000
17:58:58  경도:0.000000
17:58:58  속도:0.00
17:58:58  방향:0.0
17:58:58  GPS원시속도:0.000
17:58:58  GPS원시방향유효:0
17:58:58  GPS원시방향:0.0
17:58:58  가속도:-1.01,1.10,9.59
17:58:58  자이로:-0.7,1.2,-3.0
17:58:58  자력계:-20.550,-34.200,6.000
17:58:58  충격값:0.06
17:58:58  송신:10880
17:58:58  지팡이수신:10247
17:58:58  GPS위성:0
17:58:58  GPS_HDOP:99.00
17:58:58  원시위도:0.000000
17:58:58  원시경도:0.000000
17:58:58  GPS채택:0
17:58:58  GPS이상치거부:0
17:58:58  GPS품질거부:0
17:58:58  GPS재기준:0
17:58:58  계산거리:-1.00
17:58:58  접근속도:0.00
17:58:58  TTC:999.00
17:58:58  방향오차:0.0
17:58:58  전방여부:0
17:58:58  위험음성횟수:0
17:58:58  충격음성횟수:0
17:58:58  마지막위험음성:0
17:58:58  RSSI원시:-63
17:58:58  RSSI평활:-61.7
17:58:58  RSSI샘플:10247
17:58:58  RSSI경과ms:78
17:58:58  위험송신:10247
17:58:58  시각ms:1107288
17:58:58  IMU시각ms:1107288
17:58:58  위험:0
17:58:58  원시위험:0
17:58:58  GPS유효:0
17:58:58  위도:0.000000
17:58:58  경도:0.000000
17:58:58  속도:0.00
17:58:58  방향:0.0
17:58:58  GPS원시속도:0.000
17:58:58  GPS원시방향유효:0
17:58:58  GPS원시방향:0.0
17:58:58  가속도:-1.00,1.09,9.60
17:58:58  자이로:0.1,3.1,0.9
17:58:58  자력계:-18.900,-34.800,4.200
17:58:58  충격값:0.05
17:58:58  송신:10881
17:58:58  지팡이수신:10248
17:58:58  GPS위성:0
17:58:58  GPS_HDOP:99.00
17:58:58  원시위도:0.000000
17:58:58  원시경도:0.000000
17:58:58  GPS채택:0
17:58:58  GPS이상치거부:0
17:58:58  GPS품질거부:0
17:58:58  GPS재기준:0
17:58:58  계산거리:-1.00
17:58:58  접근속도:0.00
17:58:58  TTC:999.00
17:58:58  방향오차:0.0
17:58:58  전방여부:0
17:58:58  위험음성횟수:0
17:58:58  충격음성횟수:0
17:58:58  마지막위험음성:0
17:58:58  RSSI원시:-65
17:58:58  RSSI평활:-62.3
17:58:58  RSSI샘플:10248
17:58:58  RSSI경과ms:27
17:58:58  위험송신:10248
17:58:58  시각ms:1107438
17:58:58  IMU시각ms:1107438
17:58:58  위험:0
17:58:58  원시위험:0
17:58:58  GPS유효:0
17:58:58  위도:0.000000
17:58:58  경도:0.000000
17:58:58  속도:0.00
17:58:58  방향:0.0
17:58:58  GPS원시속도:0.000
17:58:58  GPS원시방향유효:0
17:58:58  GPS원시방향:0.0
17:58:58  가속도:-1.00,1.09,9.64
17:58:58  자이로:1.3,-1.2,0.2
17:58:58  자력계:-19.050,-33.450,4.800
17:58:58  충격값:0.07
17:58:58  송신:10882
17:58:58  지팡이수신:10249
17:58:58  GPS위성:0
17:58:58  GPS_HDOP:99.00
17:58:58  원시위도:0.000000
17:58:58  원시경도:0.000000
17:58:58  GPS채택:0
17:58:58  GPS이상치거부:0
17:58:58  GPS품질거부:0
17:58:58  GPS재기준:0
17:58:58  계산거리:-1.00
17:58:58  접근속도:0.00
17:58:58  TTC:999.00
17:58:58  방향오차:0.0
17:58:58  전방여부:0
17:58:58  위험음성횟수:0
17:58:58  충격음성횟수:0
17:58:58  마지막위험음성:0
17:58:58  RSSI원시:-64
17:58:58  RSSI평활:-62.7
17:58:58  RSSI샘플:10249
17:58:58  RSSI경과ms:77
17:58:58  위험송신:10249
17:58:58  시각ms:1107543
17:58:58  IMU시각ms:1107543
17:58:58  위험:0
17:58:58  원시위험:0
17:58:58  GPS유효:0
17:58:58  위도:0.000000
17:58:58  경도:0.000000
17:58:58  속도:0.00
17:58:58  방향:0.0
17:58:58  GPS원시속도:0.000
17:58:58  GPS원시방향유효:0
17:58:58  GPS원시방향:0.0
17:58:58  가속도:-0.95,1.06,9.66
17:58:58  자이로:1.2,3.0,0.5
17:58:58  자력계:-17.700,-34.800,5.400
17:58:58  충격값:0.06
17:58:58  송신:10883
17:58:58  지팡이수신:10250
17:58:58  GPS위성:0
17:58:58  GPS_HDOP:99.00
17:58:58  원시위도:0.000000
17:58:58  원시경도:0.000000
17:58:58  GPS채택:0
17:58:58  GPS이상치거부:0
17:58:58  GPS품질거부:0
17:58:58  GPS재기준:0
17:58:58  계산거리:-1.00
17:58:58  접근속도:0.00
17:58:58  TTC:999.00
17:58:58  방향오차:0.0
17:58:58  전방여부:0
17:58:58  위험음성횟수:0
17:58:58  충격음성횟수:0
17:58:58  마지막위험음성:0
17:58:58  RSSI원시:-65
17:58:58  RSSI평활:-63.1
17:58:58  RSSI샘플:10250
17:58:58  RSSI경과ms:72
17:58:58  위험송신:10250
17:58:58  시각ms:1107593
17:58:58  IMU시각ms:1107593
17:58:58  위험:0
17:58:58  원시위험:0
17:58:58  GPS유효:0
17:58:58  위도:0.000000
17:58:58  경도:0.000000
17:58:58  속도:0.00
17:58:58  방향:0.0
17:58:58  GPS원시속도:0.000
17:58:58  GPS원시방향유효:0
17:58:58  GPS원시방향:0.0
17:58:58  가속도:-0.99,1.02,9.55
17:58:58  자이로:3.2,0.2,1.2
17:58:58  자력계:-19.350,-35.700,2.550
17:58:58  충격값:0.08
17:58:58  송신:10884
17:58:58  지팡이수신:10251
17:58:58  GPS위성:0
17:58:58  GPS_HDOP:99.00
17:58:58  원시위도:0.000000
17:58:58  원시경도:0.000000
17:58:58  GPS채택:0
17:58:58  GPS이상치거부:0
17:58:58  GPS품질거부:0
17:58:58  GPS재기준:0
17:58:58  계산거리:-1.00
17:58:58  접근속도:0.00
17:58:58  TTC:999.00
17:58:58  방향오차:0.0
17:58:58  전방여부:0
17:58:58  위험음성횟수:0
17:58:58  충격음성횟수:0
17:58:58  마지막위험음성:0
17:58:58  RSSI원시:-63
17:58:58  RSSI평활:-63.1
17:58:58  RSSI샘플:10251
17:58:58  RSSI경과ms:23
17:58:58  위험송신:10251
17:58:58  시각ms:1107643
17:58:58  IMU시각ms:1107643
17:58:58  위험:0
17:58:58  원시위험:0
17:58:58  GPS유효:0
17:58:58  위도:0.000000
17:58:58  경도:0.000000
17:58:58  속도:0.00
17:58:58  방향:0.0
17:58:58  GPS원시속도:0.000
17:58:58  GPS원시방향유효:0
17:58:58  GPS원시방향:0.0
17:58:58  가속도:-0.96,1.04,9.66
17:58:58  자이로:1.9,-1.1,0.0
17:58:58  자력계:-18.900,-34.350,5.700
17:58:58  충격값:0.05
17:58:58  송신:10884
17:58:58  지팡이수신:10251
17:58:58  GPS위성:0
17:58:58  GPS_HDOP:99.00
17:58:58  원시위도:0.000000
17:58:58  원시경도:0.000000
17:58:58  GPS채택:0
17:58:58  GPS이상치거부:0
17:58:58  GPS품질거부:0
17:58:58  GPS재기준:0
17:58:58  계산거리:-1.00
17:58:58  접근속도:0.00
17:58:58  TTC:999.00
17:58:58  방향오차:0.0
17:58:58  전방여부:0
17:58:58  위험음성횟수:0
17:58:58  충격음성횟수:0
17:58:58  마지막위험음성:0
17:58:58  RSSI원시:-63
17:58:58  RSSI평활:-63.1
17:58:58  RSSI샘플:10251
17:58:58  RSSI경과ms:73
17:58:58  위험송신:10251
17:58:58  시각ms:1107698
17:58:58  IMU시각ms:1107698
17:58:58  위험:0
17:58:58  원시위험:0
17:58:58  GPS유효:0
17:58:58  위도:0.000000
17:58:58  경도:0.000000
17:58:58  속도:0.00
17:58:58  방향:0.0
17:58:58  GPS원시속도:0.000
17:58:58  GPS원시방향유효:0
17:58:58  GPS원시방향:0.0
17:58:58  가속도:-0.95,1.05,9.61
17:58:58  자이로:1.4,0.3,0.4
17:58:58  자력계:-19.200,-33.600,5.700
17:58:58  충격값:0.01
17:58:58  송신:10885
17:58:58  지팡이수신:10252
17:58:58  GPS위성:0
17:58:58  GPS_HDOP:99.00
17:58:58  원시위도:0.000000
17:58:58  원시경도:0.000000
17:58:58  GPS채택:0
17:58:58  GPS이상치거부:0
17:58:58  GPS품질거부:0
17:58:58  GPS재기준:0
17:58:58  계산거리:-1.00
17:58:58  접근속도:0.00
17:58:58  TTC:999.00
17:58:58  방향오차:0.0
17:58:58  전방여부:0
17:58:58  위험음성횟수:0
17:58:58  충격음성횟수:0
17:58:58  마지막위험음성:0
17:58:58  RSSI원시:-66
17:58:58  RSSI평활:-63.7
17:58:58  RSSI샘플:10252
17:58:58  RSSI경과ms:24
17:58:58  위험송신:10252
17:58:59  시각ms:1107798
17:58:59  IMU시각ms:1107798
17:58:59  위험:0
17:58:59  원시위험:0
17:58:59  GPS유효:0
17:58:59  위도:0.000000
17:58:59  경도:0.000000
17:58:59  속도:0.00
17:58:59  방향:0.0
17:58:59  GPS원시속도:0.000
17:58:59  GPS원시방향유효:0
17:58:59  GPS원시방향:0.0
17:58:59  가속도:-1.06,1.05,9.59
17:58:59  자이로:1.3,-1.0,0.3
17:58:59  자력계:-17.700,-34.800,3.900
17:58:59  충격값:0.11
17:58:59  송신:10886
17:58:59  지팡이수신:10253
17:58:59  GPS위성:0
17:58:59  GPS_HDOP:99.00
17:58:59  원시위도:0.000000
17:58:59  원시경도:0.000000
17:58:59  GPS채택:0
17:58:59  GPS이상치거부:0
17:58:59  GPS품질거부:0
17:58:59  GPS재기준:0
17:58:59  계산거리:-1.00
17:58:59  접근속도:0.00
17:58:59  TTC:999.00
17:58:59  방향오차:0.0
17:58:59  전방여부:0
17:58:59  위험음성횟수:0
17:58:59  충격음성횟수:0
17:58:59  마지막위험음성:0
17:58:59  RSSI원시:-69
17:58:59  RSSI평활:-64.7
17:58:59  RSSI샘플:10253
17:58:59  RSSI경과ms:22
17:58:59  위험송신:10253
17:58:59  시각ms:1107848
17:58:59  IMU시각ms:1107848
17:58:59  위험:0
17:58:59  원시위험:0
17:58:59  GPS유효:0
17:58:59  위도:0.000000
17:58:59  경도:0.000000
17:58:59  속도:0.00
17:58:59  방향:0.0
17:58:59  GPS원시속도:0.000
17:58:59  GPS원시방향유효:0
17:58:59  GPS원시방향:0.0
17:58:59  가속도:-0.93,1.06,9.60
17:58:59  자이로:0.8,-0.9,1.1
17:58:59  자력계:-18.900,-33.600,4.950
17:58:59  충격값:0.02
17:58:59  송신:10886
17:58:59  지팡이수신:10253
17:58:59  GPS위성:0
17:58:59  GPS_HDOP:99.00
17:58:59  원시위도:0.000000
17:58:59  원시경도:0.000000
17:58:59  GPS채택:0
17:58:59  GPS이상치거부:0
17:58:59  GPS품질거부:0
17:58:59  GPS재기준:0
17:58:59  계산거리:-1.00
17:58:59  접근속도:0.00
17:58:59  TTC:999.00
17:58:59  방향오차:0.0
17:58:59  전방여부:0
17:58:59  위험음성횟수:0
17:58:59  충격음성횟수:0
17:58:59  마지막위험음성:0
17:58:59  RSSI원시:-69
17:58:59  RSSI평활:-64.7
17:58:59  RSSI샘플:10253
17:58:59  RSSI경과ms:72
17:58:59  위험송신:10253
17:58:59  시각ms:1107898
17:58:59  IMU시각ms:1107898
17:58:59  위험:0
17:58:59  원시위험:0
17:58:59  GPS유효:0
17:58:59  위도:0.000000
17:58:59  경도:0.000000
17:58:59  속도:0.00
17:58:59  방향:0.0
17:58:59  GPS원시속도:0.000
17:58:59  GPS원시방향유효:0
17:58:59  GPS원시방향:0.0
17:58:59  가속도:-1.00,0.97,9.56
17:58:59  자이로:-0.4,0.7,0.1
17:58:59  자력계:-20.700,-35.100,5.700
17:58:59  충격값:0.11
17:58:59  송신:10887
17:58:59  지팡이수신:10254
17:58:59  GPS위성:0
17:58:59  GPS_HDOP:99.00
17:58:59  원시위도:0.000000
17:58:59  원시경도:0.000000
17:58:59  GPS채택:0
17:58:59  GPS이상치거부:0
17:58:59  GPS품질거부:0
17:58:59  GPS재기준:0
17:58:59  계산거리:-1.00
17:58:59  접근속도:0.00
17:58:59  TTC:999.00
17:58:59  방향오차:0.0
17:58:59  전방여부:0
17:58:59  위험음성횟수:0
17:58:59  충격음성횟수:0
17:58:59  마지막위험음성:0
17:58:59  RSSI원시:-69
17:58:59  RSSI평활:-65.6
17:58:59  RSSI샘플:10254
17:58:59  RSSI경과ms:22
17:58:59  위험송신:10254
17:58:59  시각ms:1107948
17:58:59  IMU시각ms:1107948
17:58:59  위험:0
17:58:59  원시위험:0
17:58:59  GPS유효:0
17:58:59  위도:0.000000
17:58:59  경도:0.000000
17:58:59  속도:0.00
17:58:59  방향:0.0
17:58:59  GPS원시속도:0.000
17:58:59  GPS원시방향유효:0
17:58:59  GPS원시방향:0.0
17:58:59  가속도:-1.00,1.08,9.57
17:58:59  자이로:-0.8,-1.6,0.2
17:58:59  자력계:-18.300,-33.450,5.550
17:58:59  충격값:0.06
17:58:59  송신:10887
17:58:59  지팡이수신:10254
17:58:59  GPS위성:0
17:58:59  GPS_HDOP:99.00
17:58:59  원시위도:0.000000
17:58:59  원시경도:0.000000
17:58:59  GPS채택:0
17:58:59  GPS이상치거부:0
17:58:59  GPS품질거부:0
17:58:59  GPS재기준:0
17:58:59  계산거리:-1.00
17:58:59  접근속도:0.00
17:58:59  TTC:999.00
17:58:59  방향오차:0.0
17:58:59  전방여부:0
17:58:59  위험음성횟수:0
17:58:59  충격음성횟수:0
17:58:59  마지막위험음성:0
17:58:59  RSSI원시:-69
17:58:59  RSSI평활:-65.6
17:58:59  RSSI샘플:10254
17:58:59  RSSI경과ms:72
17:58:59  위험송신:10254
17:58:59  시각ms:1108003
17:58:59  IMU시각ms:1108003
17:58:59  위험:0
17:58:59  원시위험:0
17:58:59  GPS유효:0
17:58:59  위도:0.000000
17:58:59  경도:0.000000
17:58:59  속도:0.00
17:58:59  방향:0.0
17:58:59  GPS원시속도:0.000
17:58:59  GPS원시방향유효:0
17:58:59  GPS원시방향:0.0
17:58:59  가속도:-0.97,1.07,9.64
17:58:59  자이로:0.3,2.5,-1.8
17:58:59  자력계:-18.450,-32.850,6.150
17:58:59  충격값:0.05
17:58:59  송신:10888
17:58:59  지팡이수신:10255
17:58:59  GPS위성:0
17:58:59  GPS_HDOP:99.00
17:58:59  원시위도:0.000000
17:58:59  원시경도:0.000000
17:58:59  GPS채택:0
17:58:59  GPS이상치거부:0
17:58:59  GPS품질거부:0
17:58:59  GPS재기준:0
17:58:59  계산거리:-1.00
17:58:59  접근속도:0.00
17:58:59  TTC:999.00
17:58:59  방향오차:0.0
17:58:59  전방여부:0
17:58:59  위험음성횟수:0
17:58:59  충격음성횟수:0
17:58:59  마지막위험음성:0
17:58:59  RSSI원시:-68
17:58:59  RSSI평활:-66.1
17:58:59  RSSI샘플:10255
17:58:59  RSSI경과ms:26
17:58:59  위험송신:10255
17:58:59  시각ms:1108053
17:58:59  IMU시각ms:1108053
17:58:59  위험:0
17:58:59  원시위험:0
17:58:59  GPS유효:0
17:58:59  위도:0.000000
17:58:59  경도:0.000000
17:58:59  속도:0.00
17:58:59  방향:0.0
17:58:59  GPS원시속도:0.000
17:58:59  GPS원시방향유효:0
17:58:59  GPS원시방향:0.0
17:58:59  가속도:-0.96,1.04,9.53
17:58:59  자이로:2.1,-0.9,0.5
17:58:59  자력계:-19.050,-33.750,4.800
17:58:59  충격값:0.08
17:58:59  송신:10888
17:58:59  지팡이수신:10255
17:58:59  GPS위성:0
17:58:59  GPS_HDOP:99.00
17:58:59  원시위도:0.000000
17:58:59  원시경도:0.000000
17:58:59  GPS채택:0
17:58:59  GPS이상치거부:0
17:58:59  GPS품질거부:0
17:58:59  GPS재기준:0
17:58:59  계산거리:-1.00
17:58:59  접근속도:0.00
17:58:59  TTC:999.00
17:58:59  방향오차:0.0
17:58:59  전방여부:0
17:58:59  위험음성횟수:0
17:58:59  충격음성횟수:0
17:58:59  마지막위험음성:0
17:58:59  RSSI원시:-68
17:58:59  RSSI평활:-66.1
17:58:59  RSSI샘플:10255
17:58:59  RSSI경과ms:76
17:58:59  위험송신:10255
17:58:59  시각ms:1108162
17:58:59  IMU시각ms:1108162
17:58:59  위험:0
17:58:59  원시위험:0
17:58:59  GPS유효:0
17:58:59  위도:0.000000
17:58:59  경도:0.000000
17:58:59  속도:0.00
17:58:59  방향:0.0
17:58:59  GPS원시속도:0.000
17:58:59  GPS원시방향유효:0
17:58:59  GPS원시방향:0.0
17:58:59  가속도:-0.91,1.16,9.59
17:58:59  자이로:1.2,1.1,-2.4
17:58:59  자력계:-21.000,-34.950,4.500
17:58:59  충격값:0.12
17:58:59  송신:10889
17:58:59  지팡이수신:10256
17:58:59  GPS위성:0
17:58:59  GPS_HDOP:99.00
17:58:59  원시위도:0.000000
17:58:59  원시경도:0.000000
17:58:59  GPS채택:0
17:58:59  GPS이상치거부:0
17:58:59  GPS품질거부:0
17:58:59  GPS재기준:0
17:58:59  계산거리:-1.00
17:58:59  접근속도:0.00
17:58:59  TTC:999.00
17:58:59  방향오차:0.0
17:58:59  전방여부:0
17:58:59  위험음성횟수:0
17:58:59  충격음성횟수:0
17:58:59  마지막위험음성:0
17:58:59  RSSI원시:-70
17:58:59  RSSI평활:-66.9
17:58:59  RSSI샘플:10256
17:58:59  RSSI경과ms:80
17:58:59  위험송신:10256
17:58:59  시각ms:1108312
17:58:59  IMU시각ms:1108312
17:58:59  위험:0
17:58:59  원시위험:0
17:58:59  GPS유효:0
17:58:59  위도:0.000000
17:58:59  경도:0.000000
17:58:59  속도:0.00
17:58:59  방향:0.0
17:58:59  GPS원시속도:0.000
17:58:59  GPS원시방향유효:0
17:58:59  GPS원시방향:0.0
17:58:59  가속도:-0.97,1.07,9.61
17:58:59  자이로:-1.1,0.9,-1.3
17:58:59  자력계:-18.000,-33.600,5.400
17:58:59  충격값:0.04
17:58:59  송신:10891
17:58:59  지팡이수신:10258
17:58:59  GPS위성:0
17:58:59  GPS_HDOP:99.00
17:58:59  원시위도:0.000000
17:58:59  원시경도:0.000000
17:58:59  GPS채택:0
17:58:59  GPS이상치거부:0
17:58:59  GPS품질거부:0
17:58:59  GPS재기준:0
17:58:59  계산거리:-1.00
17:58:59  접근속도:0.00
17:58:59  TTC:999.00
17:58:59  방향오차:0.0
17:58:59  전방여부:0
17:58:59  위험음성횟수:0
17:58:59  충격음성횟수:0
17:58:59  마지막위험음성:0
17:58:59  RSSI원시:-70
17:58:59  RSSI평활:-67.8
17:58:59  RSSI샘플:10258
17:58:59  RSSI경과ms:31
17:58:59  위험송신:10258
17:58:59  시각ms:1108362
17:58:59  IMU시각ms:1108362
17:58:59  위험:0
17:58:59  원시위험:0
17:58:59  GPS유효:0
17:58:59  위도:0.000000
17:58:59  경도:0.000000
17:58:59  속도:0.00
17:58:59  방향:0.0
17:58:59  GPS원시속도:0.000
17:58:59  GPS원시방향유효:0
17:58:59  GPS원시방향:0.0
17:58:59  가속도:-0.90,1.03,9.51
17:58:59  자이로:1.2,-0.0,-1.8
17:58:59  자력계:-20.400,-33.600,5.400
17:58:59  충격값:0.11
17:58:59  송신:10891
17:58:59  지팡이수신:10258
17:58:59  GPS위성:0
17:58:59  GPS_HDOP:99.00
17:58:59  원시위도:0.000000
17:58:59  원시경도:0.000000
17:58:59  GPS채택:0
17:58:59  GPS이상치거부:0
17:58:59  GPS품질거부:0
17:58:59  GPS재기준:0
17:58:59  계산거리:-1.00
17:58:59  접근속도:0.00
17:58:59  TTC:999.00
17:58:59  방향오차:0.0
17:58:59  전방여부:0
17:58:59  위험음성횟수:0
17:58:59  충격음성횟수:0
17:58:59  마지막위험음성:0
17:58:59  RSSI원시:-70
17:58:59  RSSI평활:-67.8
17:58:59  RSSI샘플:10258
17:58:59  RSSI경과ms:81
17:58:59  위험송신:10258
17:58:59  시각ms:1108412
17:58:59  IMU시각ms:1108412
17:58:59  위험:0
17:58:59  원시위험:0
17:58:59  GPS유효:0
17:58:59  위도:0.000000
17:58:59  경도:0.000000
17:58:59  속도:0.00
17:58:59  방향:0.0
17:58:59  GPS원시속도:0.000
17:58:59  GPS원시방향유효:0
17:58:59  GPS원시방향:0.0
17:58:59  가속도:-0.95,0.95,9.64
17:58:59  자이로:1.3,1.1,-2.3
17:58:59  자력계:-19.800,-33.750,5.250
17:58:59  충격값:0.10
17:58:59  송신:10892
17:58:59  지팡이수신:10259
17:58:59  GPS위성:0
17:58:59  GPS_HDOP:99.00
17:58:59  원시위도:0.000000
17:58:59  원시경도:0.000000
17:58:59  GPS채택:0
17:58:59  GPS이상치거부:0
17:58:59  GPS품질거부:0
17:58:59  GPS재기준:0
17:58:59  계산거리:-1.00
17:58:59  접근속도:0.00
17:58:59  TTC:999.00
17:58:59  방향오차:0.0
17:58:59  전방여부:0
17:58:59  위험음성횟수:0
17:58:59  충격음성횟수:0
17:58:59  마지막위험음성:0
17:58:59  RSSI원시:-71
17:58:59  RSSI평활:-68.5
17:58:59  RSSI샘플:10259
17:58:59  RSSI경과ms:32
17:58:59  위험송신:10259
17:58:59  시각ms:1108462
17:58:59  IMU시각ms:1108462
17:58:59  위험:0
17:58:59  원시위험:0
17:58:59  GPS유효:0
17:58:59  위도:0.000000
17:58:59  경도:0.000000
17:58:59  속도:0.00
17:58:59  방향:0.0
17:58:59  GPS원시속도:0.000
17:58:59  GPS원시방향유효:0
17:58:59  GPS원시방향:0.0
17:58:59  가속도:-0.85,1.05,9.52
17:58:59  자이로:3.2,1.4,1.1
17:58:59  자력계:-18.000,-34.350,3.450
17:58:59  충격값:0.12
17:58:59  송신:10892
17:58:59  지팡이수신:10259
17:58:59  GPS위성:0
17:58:59  GPS_HDOP:99.00
17:58:59  원시위도:0.000000
17:58:59  원시경도:0.000000
17:58:59  GPS채택:0
17:58:59  GPS이상치거부:0
17:58:59  GPS품질거부:0
17:58:59  GPS재기준:0
17:58:59  계산거리:-1.00
17:58:59  접근속도:0.00
17:58:59  TTC:999.00
17:58:59  방향오차:0.0
17:58:59  전방여부:0
17:58:59  위험음성횟수:0
17:58:59  충격음성횟수:0
17:58:59  마지막위험음성:0
17:58:59  RSSI원시:-71
17:58:59  RSSI평활:-68.5
17:58:59  RSSI샘플:10259
17:58:59  RSSI경과ms:82
17:58:59  위험송신:10259
17:58:59  시각ms:1108567
17:58:59  IMU시각ms:1108567
17:58:59  위험:0
17:58:59  원시위험:0
17:58:59  GPS유효:0
17:58:59  위도:0.000000
17:58:59  경도:0.000000
17:58:59  속도:0.00
17:58:59  방향:0.0
17:58:59  GPS원시속도:0.000
17:58:59  GPS원시방향유효:0
17:58:59  GPS원시방향:0.0
17:58:59  가속도:-0.99,1.00,9.61
17:58:59  자이로:-1.6,2.4,-1.1
17:58:59  자력계:-18.300,-33.450,5.250
17:58:59  충격값:0.07
17:58:59  송신:10893
17:58:59  지팡이수신:10260
17:58:59  GPS위성:0
17:58:59  GPS_HDOP:99.00
17:58:59  원시위도:0.000000
17:58:59  원시경도:0.000000
17:58:59  GPS채택:0
17:58:59  GPS이상치거부:0
17:58:59  GPS품질거부:0
17:58:59  GPS재기준:0
17:58:59  계산거리:-1.00
17:58:59  접근속도:0.00
17:58:59  TTC:999.00
17:58:59  방향오차:0.0
17:58:59  전방여부:0
17:58:59  위험음성횟수:0
17:58:59  충격음성횟수:0
17:58:59  마지막위험음성:0
17:58:59  RSSI원시:-70
17:58:59  RSSI평활:-68.8
17:58:59  RSSI샘플:10260
17:58:59  RSSI경과ms:77
17:58:59  위험송신:10260
17:58:59  시각ms:1108667
17:58:59  IMU시각ms:1108667
17:58:59  위험:0
17:58:59  원시위험:0
17:58:59  GPS유효:0
17:58:59  위도:0.000000
17:58:59  경도:0.000000
17:58:59  속도:0.00
17:58:59  방향:0.0
17:58:59  GPS원시속도:0.000
17:58:59  GPS원시방향유효:0
17:58:59  GPS원시방향:0.0
17:58:59  가속도:-0.96,0.96,9.66
17:58:59  자이로:1.9,-1.8,-0.2
17:58:59  자력계:-19.650,-35.100,3.900
17:58:59  충격값:0.11
17:58:59  송신:10894
17:58:59  지팡이수신:10261
17:58:59  GPS위성:0
17:58:59  GPS_HDOP:99.00
17:58:59  원시위도:0.000000
17:58:59  원시경도:0.000000
17:58:59  GPS채택:0
17:58:59  GPS이상치거부:0
17:58:59  GPS품질거부:0
17:58:59  GPS재기준:0
17:58:59  계산거리:-1.00
17:58:59  접근속도:0.00
17:58:59  TTC:999.00
17:58:59  방향오차:0.0
17:58:59  전방여부:0
17:58:59  위험음성횟수:0
17:58:59  충격음성횟수:0
17:58:59  마지막위험음성:0
17:58:59  RSSI원시:-71
17:58:59  RSSI평활:-69.2
17:58:59  RSSI샘플:10261
17:58:59  RSSI경과ms:83
17:58:59  위험송신:10261
17:58:59  시각ms:1108717
17:58:59  IMU시각ms:1108717
17:58:59  위험:0
17:58:59  원시위험:0
17:58:59  GPS유효:0
17:58:59  위도:0.000000
17:58:59  경도:0.000000
17:58:59  속도:0.00
17:58:59  방향:0.0
17:58:59  GPS원시속도:0.000
17:58:59  GPS원시방향유효:0
17:58:59  GPS원시방향:0.0
17:58:59  가속도:-0.97,1.03,9.53
17:58:59  자이로:2.4,-1.7,2.6
17:58:59  자력계:-17.850,-34.650,4.800
17:58:59  충격값:0.07
17:58:59  송신:10895
17:58:59  지팡이수신:10262
17:58:59  GPS위성:0
17:58:59  GPS_HDOP:99.00
17:58:59  원시위도:0.000000
17:58:59  원시경도:0.000000
17:58:59  GPS채택:0
17:58:59  GPS이상치거부:0
17:58:59  GPS품질거부:0
17:58:59  GPS재기준:0
17:58:59  계산거리:-1.00
17:58:59  접근속도:0.00
17:58:59  TTC:999.00
17:58:59  방향오차:0.0
17:58:59  전방여부:0
17:58:59  위험음성횟수:0
17:58:59  충격음성횟수:0
17:58:59  마지막위험음성:0
17:58:59  RSSI원시:-71
17:58:59  RSSI평활:-69.6
17:58:59  RSSI샘플:10262
17:58:59  RSSI경과ms:33
17:58:59  위험송신:10262
17:59:00  시각ms:1108817
17:59:00  IMU시각ms:1108817
17:59:00  위험:0
17:59:00  원시위험:0
17:59:00  GPS유효:0
17:59:00  위도:0.000000
17:59:00  경도:0.000000
17:59:00  속도:0.00
17:59:00  방향:0.0
17:59:00  GPS원시속도:0.000
17:59:00  GPS원시방향유효:0
17:59:00  GPS원시방향:0.0
17:59:00  가속도:-1.03,1.02,9.66
17:59:00  자이로:1.8,-1.2,-1.2
17:59:00  자력계:-19.200,-32.850,5.700
17:59:00  충격값:0.10
17:59:00  송신:10896
17:59:00  지팡이수신:10263
17:59:00  GPS위성:0
17:59:00  GPS_HDOP:99.00
17:59:00  원시위도:0.000000
17:59:00  원시경도:0.000000
17:59:00  GPS채택:0
17:59:00  GPS이상치거부:0
17:59:00  GPS품질거부:0
17:59:00  GPS재기준:0
17:59:00  계산거리:-1.00
17:59:00  접근속도:0.00
17:59:00  TTC:999.00
17:59:00  방향오차:0.0
17:59:00  전방여부:0
17:59:00  위험음성횟수:0
17:59:00  충격음성횟수:0
17:59:00  마지막위험음성:0
17:59:00  RSSI원시:-72
17:59:00  RSSI평활:-70.1
17:59:00  RSSI샘플:10263
17:59:00  RSSI경과ms:20
17:59:00  위험송신:10263
17:59:00  시각ms:1108922
17:59:00  IMU시각ms:1108922
17:59:00  위험:0
17:59:00  원시위험:0
17:59:00  GPS유효:0
17:59:00  위도:0.000000
17:59:00  경도:0.000000
17:59:00  속도:0.00
17:59:00  방향:0.0
17:59:00  GPS원시속도:0.000
17:59:00  GPS원시방향유효:0
17:59:00  GPS원시방향:0.0
17:59:00  가속도:-0.96,0.96,9.47
17:59:00  자이로:1.0,-2.3,-0.8
17:59:00  자력계:-20.100,-34.650,4.500
17:59:00  충격값:0.15
17:59:00  송신:10897
17:59:00  지팡이수신:10264
17:59:00  GPS위성:0
17:59:00  GPS_HDOP:99.00
17:59:00  원시위도:0.000000
17:59:00  원시경도:0.000000
17:59:00  GPS채택:0
17:59:00  GPS이상치거부:0
17:59:00  GPS품질거부:0
17:59:00  GPS재기준:0
17:59:00  계산거리:-1.00
17:59:00  접근속도:0.00
17:59:00  TTC:999.00
17:59:00  방향오차:0.0
17:59:00  전방여부:0
17:59:00  위험음성횟수:0
17:59:00  충격음성횟수:0
17:59:00  마지막위험음성:0
17:59:00  RSSI원시:-73
17:59:00  RSSI평활:-70.6
17:59:00  RSSI샘플:10264
17:59:00  RSSI경과ms:31
17:59:00  위험송신:10264
17:59:00  시각ms:1109022
17:59:00  IMU시각ms:1109022
17:59:00  위험:0
17:59:00  원시위험:0
17:59:00  GPS유효:0
17:59:00  위도:0.000000
17:59:00  경도:0.000000
17:59:00  속도:0.00
17:59:00  방향:0.0
17:59:00  GPS원시속도:0.000
17:59:00  GPS원시방향유효:0
17:59:00  GPS원시방향:0.0
17:59:00  가속도:-1.02,1.18,9.50
17:59:00  자이로:-0.7,0.8,-2.7
17:59:00  자력계:-20.400,-34.050,6.450
17:59:00  충격값:0.17
17:59:00  송신:10898
17:59:00  지팡이수신:10265
17:59:00  GPS위성:0
17:59:00  GPS_HDOP:99.00
17:59:00  원시위도:0.000000
17:59:00  원시경도:0.000000
17:59:00  GPS채택:0
17:59:00  GPS이상치거부:0
17:59:00  GPS품질거부:0
17:59:00  GPS재기준:0
17:59:00  계산거리:-1.00
17:59:00  접근속도:0.00
17:59:00  TTC:999.00
17:59:00  방향오차:0.0
17:59:00  전방여부:0
17:59:00  위험음성횟수:0
17:59:00  충격음성횟수:0
17:59:00  마지막위험음성:0
17:59:00  RSSI원시:-73
17:59:00  RSSI평활:-71.1
17:59:00  RSSI샘플:10265
17:59:00  RSSI경과ms:21
17:59:00  위험송신:10265
17:59:00  시각ms:1109127
17:59:00  IMU시각ms:1109127
17:59:00  위험:0
17:59:00  원시위험:0
17:59:00  GPS유효:0
17:59:00  위도:0.000000
17:59:00  경도:0.000000
17:59:00  속도:0.00
17:59:00  방향:0.0
17:59:00  GPS원시속도:0.000
17:59:00  GPS원시방향유효:0
17:59:00  GPS원시방향:0.0
17:59:00  가속도:-0.93,1.18,9.54
17:59:00  자이로:2.6,3.7,-2.4
17:59:00  자력계:-20.550,-34.200,5.550
17:59:00  충격값:0.13
17:59:00  송신:10899
17:59:00  지팡이수신:10266
17:59:00  GPS위성:0
17:59:00  GPS_HDOP:99.00
17:59:00  원시위도:0.000000
17:59:00  원시경도:0.000000
17:59:00  GPS채택:0
17:59:00  GPS이상치거부:0
17:59:00  GPS품질거부:0
17:59:00  GPS재기준:0
17:59:00  계산거리:-1.00
17:59:00  접근속도:0.00
17:59:00  TTC:999.00
17:59:00  방향오차:0.0
17:59:00  전방여부:0
17:59:00  위험음성횟수:0
17:59:00  충격음성횟수:0
17:59:00  마지막위험음성:0
17:59:00  RSSI원시:-74
17:59:00  RSSI평활:-71.7
17:59:00  RSSI샘플:10266
17:59:00  RSSI경과ms:28
17:59:00  위험송신:10266
17:59:00  시각ms:1109181
17:59:00  IMU시각ms:1109181
17:59:00  위험:0
17:59:00  원시위험:0
17:59:00  GPS유효:0
17:59:00  위도:0.000000
17:59:00  경도:0.000000
17:59:00  속도:0.00
17:59:00  방향:0.0
17:59:00  GPS원시속도:0.000
17:59:00  GPS원시방향유효:0
17:59:00  GPS원시방향:0.0
17:59:00  가속도:-0.98,1.15,9.58
17:59:00  자이로:1.6,0.1,-0.2
17:59:00  자력계:-19.350,-35.700,5.550
17:59:00  충격값:0.11
17:59:00  송신:10899
17:59:00  지팡이수신:10266
17:59:00  GPS위성:0
17:59:00  GPS_HDOP:99.00
17:59:00  원시위도:0.000000
17:59:00  원시경도:0.000000
17:59:00  GPS채택:0
17:59:00  GPS이상치거부:0
17:59:00  GPS품질거부:0
17:59:00  GPS재기준:0
17:59:00  계산거리:-1.00
17:59:00  접근속도:0.00
17:59:00  TTC:999.00
17:59:00  방향오차:0.0
17:59:00  전방여부:0
17:59:00  위험음성횟수:0
17:59:00  충격음성횟수:0
17:59:00  마지막위험음성:0
17:59:00  RSSI원시:-74
17:59:00  RSSI평활:-71.7
17:59:00  RSSI샘플:10266
17:59:00  RSSI경과ms:82
17:59:00  위험송신:10266
17:59:00  시각ms:1109281
17:59:00  IMU시각ms:1109281
17:59:00  위험:0
17:59:00  원시위험:0
17:59:00  GPS유효:0
17:59:00  위도:0.000000
17:59:00  경도:0.000000
17:59:00  속도:0.00
17:59:00  방향:0.0
17:59:00  GPS원시속도:0.000
17:59:00  GPS원시방향유효:0
17:59:00  GPS원시방향:0.0
17:59:00  가속도:-0.89,1.05,9.68
17:59:00  자이로:-1.5,1.0,-1.5
17:59:00  자력계:-21.000,-33.750,3.750
17:59:00  충격값:0.08
17:59:00  송신:10900
17:59:00  지팡이수신:10267
17:59:00  GPS위성:0
17:59:00  GPS_HDOP:99.00
17:59:00  원시위도:0.000000
17:59:00  원시경도:0.000000
17:59:00  GPS채택:0
17:59:00  GPS이상치거부:0
17:59:00  GPS품질거부:0
17:59:00  GPS재기준:0
17:59:00  계산거리:-1.00
17:59:00  접근속도:0.00
17:59:00  TTC:999.00
17:59:00  방향오차:0.0
17:59:00  전방여부:0
17:59:00  위험음성횟수:0
17:59:00  충격음성횟수:0
17:59:00  마지막위험음성:0
17:59:00  RSSI원시:-73
17:59:00  RSSI평활:-72.0
17:59:00  RSSI샘플:10267
17:59:00  RSSI경과ms:89
17:59:00  위험송신:10267
17:59:00  시각ms:1109331
17:59:00  IMU시각ms:1109331
17:59:00  위험:0
17:59:00  원시위험:0
17:59:00  GPS유효:0
17:59:00  위도:0.000000
17:59:00  경도:0.000000
17:59:00  속도:0.00
17:59:00  방향:0.0
17:59:00  GPS원시속도:0.000
17:59:00  GPS원시방향유효:0
17:59:00  GPS원시방향:0.0
17:59:00  가속도:-0.89,1.05,9.54
17:59:00  자이로:1.8,-3.6,1.5
17:59:00  자력계:-17.850,-35.400,4.050
17:59:00  충격값:0.09
17:59:00  송신:10901
17:59:00  지팡이수신:10268
17:59:00  GPS위성:0
17:59:00  GPS_HDOP:99.00
17:59:00  원시위도:0.000000
17:59:00  원시경도:0.000000
17:59:00  GPS채택:0
17:59:00  GPS이상치거부:0
17:59:00  GPS품질거부:0
17:59:00  GPS재기준:0
17:59:00  계산거리:-1.00
17:59:00  접근속도:0.00
17:59:00  TTC:999.00
17:59:00  방향오차:0.0
17:59:00  전방여부:0
17:59:00  위험음성횟수:0
17:59:00  충격음성횟수:0
17:59:00  마지막위험음성:0
17:59:00  RSSI원시:-74
17:59:00  RSSI평활:-72.4
17:59:00  RSSI샘플:10268
17:59:00  RSSI경과ms:38
17:59:00  위험송신:10268
17:59:00  시각ms:1109431
17:59:00  IMU시각ms:1109431
17:59:00  위험:0
17:59:00  원시위험:0
17:59:00  GPS유효:0
17:59:00  위도:0.000000
17:59:00  경도:0.000000
17:59:00  속도:0.00
17:59:00  방향:0.0
17:59:00  GPS원시속도:0.000
17:59:00  GPS원시방향유효:0
17:59:00  GPS원시방향:0.0
17:59:00  가속도:-0.96,1.00,9.56
17:59:00  자이로:0.9,-2.2,0.1
17:59:00  자력계:-17.850,-34.950,4.050
17:59:00  충격값:0.08
17:59:00  송신:10902
17:59:00  지팡이수신:10268
17:59:00  GPS위성:0
17:59:00  GPS_HDOP:99.00
17:59:00  원시위도:0.000000
17:59:00  원시경도:0.000000
17:59:00  GPS채택:0
17:59:00  GPS이상치거부:0
17:59:00  GPS품질거부:0
17:59:00  GPS재기준:0
17:59:00  계산거리:-1.00
17:59:00  접근속도:0.00
17:59:00  TTC:999.00
17:59:00  방향오차:0.0
17:59:00  전방여부:0
17:59:00  위험음성횟수:0
17:59:00  충격음성횟수:0
17:59:00  마지막위험음성:0
17:59:00  RSSI원시:-74
17:59:00  RSSI평활:-72.4
17:59:00  RSSI샘플:10268
17:59:00  RSSI경과ms:138
17:59:00  위험송신:10268
17:59:00  시각ms:1109581
17:59:00  IMU시각ms:1109581
17:59:00  위험:0
17:59:00  원시위험:0
17:59:00  GPS유효:0
17:59:00  위도:0.000000
17:59:00  경도:0.000000
17:59:00  속도:0.00
17:59:00  방향:0.0
17:59:00  GPS원시속도:0.000
17:59:00  GPS원시방향유효:0
17:59:00  GPS원시방향:0.0
17:59:00  가속도:-0.97,0.99,9.57
17:59:00  자이로:0.8,-1.2,-1.2
17:59:00  자력계:-20.550,-33.450,4.800
17:59:00  충격값:0.08
17:59:00  송신:10903
17:59:00  지팡이수신:10269
17:59:00  GPS위성:0
17:59:00  GPS_HDOP:99.00
17:59:00  원시위도:0.000000
17:59:00  원시경도:0.000000
17:59:00  GPS채택:0
17:59:00  GPS이상치거부:0
17:59:00  GPS품질거부:0
17:59:00  GPS재기준:0
17:59:00  계산거리:-1.00
17:59:00  접근속도:0.00
17:59:00  TTC:999.00
17:59:00  방향오차:0.0
17:59:00  전방여부:0
17:59:00  위험음성횟수:0
17:59:00  충격음성횟수:0
17:59:00  마지막위험음성:0
17:59:00  RSSI원시:-73
17:59:00  RSSI평활:-72.5
17:59:00  RSSI샘플:10269
17:59:00  RSSI경과ms:78
17:59:00  위험송신:10269
