17:31:41  시각ms:1775547
17:31:41  IMU시각ms:1775547
17:31:41  위험:0
17:31:41  GPS유효:1
17:31:41  위도:37.496639
17:31:41  경도:126.957893
17:31:41  속도:0.014
17:31:41  방향:188.0
17:31:41  GPS원시속도:0.015
17:31:41  GPS원시방향유효:1
17:31:41  GPS원시방향:187.0
17:31:41  가속도:4.085,-6.019,6.627
17:31:41  자이로:-0.038,-2.252,0.351
17:31:41  자력계:-12.750,11.400,-1.350
17:31:41  송신:17349
17:31:41  GPS위성:7
17:31:41  GPS_HDOP:1.41
17:31:41  원시위도:37.496639
17:31:41  원시경도:126.957892
17:31:41  GPS채택:2463
17:31:41  GPS이상치거부:8
17:31:41  GPS품질거부:191
17:31:41  GPS재기준:1
17:31:41  RSSI원시:-82
17:31:41  RSSI평활:-81.9
17:31:41  RSSI샘플:32728
17:31:41  RSSI경과ms:42
17:31:41  차량수신:16086
17:31:41  시각ms:1775648
17:31:41  IMU시각ms:1775648
17:31:41  위험:0
17:31:41  GPS유효:1
17:31:41  위도:37.496639
17:31:41  경도:126.957893
17:31:41  속도:0.014
17:31:41  방향:188.0
17:31:41  GPS원시속도:0.015
17:31:41  GPS원시방향유효:1
17:31:41  GPS원시방향:187.0
17:31:41  가속도:3.994,-6.110,6.713
17:31:41  자이로:-2.160,0.511,-3.336
17:31:41  자력계:-13.800,12.300,0.300
17:31:41  송신:17350
17:31:41  GPS위성:7
17:31:41  GPS_HDOP:1.41
17:31:41  원시위도:37.496639
17:31:41  원시경도:126.957892
17:31:41  GPS채택:2463
17:31:41  GPS이상치거부:8
17:31:41  GPS품질거부:191
17:31:41  GPS재기준:1
17:31:41  RSSI원시:-82
17:31:41  RSSI평활:-81.9
17:31:41  RSSI샘플:32729
17:31:41  RSSI경과ms:99
17:31:41  차량수신:16086
17:31:41  시각ms:1776073
17:31:41  IMU시각ms:1776073
17:31:41  위험:0
17:31:41  GPS유효:1
17:31:41  위도:37.496639
17:31:41  경도:126.957893
17:31:41  속도:0.015
17:31:41  방향:188.0
17:31:41  GPS원시속도:0.015
17:31:41  GPS원시방향유효:1
17:31:41  GPS원시방향:187.0
17:31:41  가속도:4.061,-6.024,6.766
17:31:41  자이로:-2.122,1.534,3.603
17:31:41  자력계:-13.950,13.950,1.050
17:31:41  송신:17354
17:31:41  GPS위성:7
17:31:41  GPS_HDOP:1.41
17:31:41  원시위도:37.496639
17:31:41  원시경도:126.957892
17:31:41  GPS채택:2464
17:31:41  GPS이상치거부:8
17:31:41  GPS품질거부:191
17:31:41  GPS재기준:1
17:31:41  RSSI원시:-82
17:31:41  RSSI평활:-82.1
17:31:41  RSSI샘플:32735
17:31:41  RSSI경과ms:31
17:31:41  차량수신:16088
17:31:41  시각ms:1776272
17:31:41  IMU시각ms:1776272
17:31:41  위험:0
17:31:41  GPS유효:1
17:31:41  위도:37.496639
17:31:41  경도:126.957893
17:31:41  속도:0.015
17:31:41  방향:188.0
17:31:41  GPS원시속도:0.015
17:31:41  GPS원시방향유효:1
17:31:41  GPS원시방향:187.0
17:31:41  가속도:4.003,-5.981,6.780
17:31:41  자이로:-0.916,0.252,-1.924
17:31:41  자력계:-13.800,12.300,-1.050
17:31:41  송신:17356
17:31:41  GPS위성:7
17:31:41  GPS_HDOP:1.41
17:31:41  원시위도:37.496639
17:31:41  원시경도:126.957892
17:31:41  GPS채택:2464
17:31:41  GPS이상치거부:8
17:31:41  GPS품질거부:191
17:31:41  GPS재기준:1
17:31:41  RSSI원시:-83
17:31:41  RSSI평활:-82.5
17:31:41  RSSI샘플:32739
17:31:41  RSSI경과ms:11
17:31:41  차량수신:16090
17:31:42  시각ms:1776424
17:31:42  IMU시각ms:1776424
17:31:42  위험:0
17:31:42  GPS유효:1
17:31:42  위도:37.496639
17:31:42  경도:126.957893
17:31:42  속도:0.015
17:31:42  방향:188.0
17:31:42  GPS원시속도:0.015
17:31:42  GPS원시방향유효:1
17:31:42  GPS원시방향:187.0
17:31:42  가속도:4.051,-6.105,6.718
17:31:42  자이로:-0.893,0.847,0.672
17:31:42  자력계:-13.500,12.300,1.350
17:31:42  송신:17357
17:31:42  GPS위성:7
17:31:42  GPS_HDOP:1.41
17:31:42  원시위도:37.496639
17:31:42  원시경도:126.957892
17:31:42  GPS채택:2464
17:31:42  GPS이상치거부:8
17:31:42  GPS품질거부:191
17:31:42  GPS재기준:1
17:31:42  RSSI원시:-82
17:31:42  RSSI평활:-82.5
17:31:42  RSSI샘플:32741
17:31:42  RSSI경과ms:66
17:31:42  차량수신:16091
17:31:42  시각ms:1776523
17:31:42  IMU시각ms:1776523
17:31:42  위험:0
17:31:42  GPS유효:1
17:31:42  위도:37.496639
17:31:42  경도:126.957893
17:31:42  속도:0.015
17:31:42  방향:188.0
17:31:42  GPS원시속도:0.015
17:31:42  GPS원시방향유효:1
17:31:42  GPS원시방향:187.0
17:31:42  가속도:3.960,-6.139,6.665
17:31:42  자이로:0.977,-0.290,1.947
17:31:42  자력계:-13.950,12.000,-0.900
17:31:42  송신:17358
17:31:42  GPS위성:7
17:31:42  GPS_HDOP:1.41
17:31:42  원시위도:37.496639
17:31:42  원시경도:126.957892
17:31:42  GPS채택:2464
17:31:42  GPS이상치거부:8
17:31:42  GPS품질거부:191
17:31:42  GPS재기준:1
17:31:42  RSSI원시:-81
17:31:42  RSSI평활:-82.0
17:31:42  RSSI샘플:32743
17:31:42  RSSI경과ms:32
17:31:42  차량수신:16092
17:31:42  시각ms:1776890
17:31:42  IMU시각ms:1776890
17:31:42  위험:0
17:31:42  GPS유효:1
17:31:42  위도:37.496639
17:31:42  경도:126.957893
17:31:42  속도:0.012
17:31:42  방향:188.0
17:31:42  GPS원시속도:0.010
17:31:42  GPS원시방향유효:1
17:31:42  GPS원시방향:187.0
17:31:42  가속도:4.075,-6.124,6.809
17:31:42  자이로:-1.802,-0.351,-0.504
17:31:42  자력계:-12.750,11.850,1.350
17:31:42  송신:17362
17:31:42  GPS위성:7
17:31:42  GPS_HDOP:1.41
17:31:42  원시위도:37.496638
17:31:42  원시경도:126.957892
17:31:42  GPS채택:2466
17:31:42  GPS이상치거부:8
17:31:42  GPS품질거부:191
17:31:42  GPS재기준:1
17:31:42  RSSI원시:-82
17:31:42  RSSI평활:-81.6
17:31:42  RSSI샘플:32749
17:31:42  RSSI경과ms:12
17:31:42  차량수신:16095
17:31:42  시각ms:1776912
17:31:42  IMU시각ms:1776912
17:31:42  위험:0
17:31:42  GPS유효:1
17:31:42  위도:37.496639
17:31:42  경도:126.957893
17:31:42  속도:0.012
17:31:42  방향:188.0
17:31:42  GPS원시속도:0.010
17:31:42  GPS원시방향유효:1
17:31:42  GPS원시방향:187.0
17:31:42  가속도:4.032,-6.086,6.713
17:31:42  자이로:-0.427,-2.656,2.969
17:31:42  자력계:-12.300,11.850,1.050
17:31:42  송신:17362
17:31:42  GPS위성:7
17:31:42  GPS_HDOP:1.41
17:31:42  원시위도:37.496638
17:31:42  원시경도:126.957892
17:31:42  GPS채택:2466
17:31:42  GPS이상치거부:8
17:31:42  GPS품질거부:191
17:31:42  GPS재기준:1
17:31:42  RSSI원시:-82
17:31:42  RSSI평활:-81.6
17:31:42  RSSI샘플:32749
17:31:42  RSSI경과ms:34
17:31:42  차량수신:16095
17:31:42  시각ms:1776934
17:31:42  IMU시각ms:1776934
17:31:42  위험:0
17:31:42  GPS유효:1
17:31:42  위도:37.496639
17:31:42  경도:126.957893
17:31:42  속도:0.012
17:31:42  방향:188.0
17:31:42  GPS원시속도:0.010
17:31:42  GPS원시방향유효:1
17:31:42  GPS원시방향:187.0
17:31:42  가속도:4.013,-5.957,6.603
17:31:42  자이로:-0.634,-1.649,0.031
17:31:42  자력계:-12.150,12.000,0.450
17:31:42  송신:17362
17:31:42  GPS위성:7
17:31:42  GPS_HDOP:1.41
17:31:42  원시위도:37.496638
17:31:42  원시경도:126.957892
17:31:42  GPS채택:2466
17:31:42  GPS이상치거부:8
17:31:42  GPS품질거부:191
17:31:42  GPS재기준:1
17:31:42  RSSI원시:-82
17:31:42  RSSI평활:-81.6
17:31:42  RSSI샘플:32749
17:31:42  RSSI경과ms:56
17:31:42  차량수신:16095
17:31:42  시각ms:1777297
17:31:42  IMU시각ms:1777297
17:31:42  위험:0
17:31:42  GPS유효:1
17:31:42  위도:37.496639
17:31:42  경도:126.957893
17:31:42  속도:0.012
17:31:42  방향:188.0
17:31:42  GPS원시속도:0.010
17:31:42  GPS원시방향유효:1
17:31:42  GPS원시방향:187.0
17:31:42  가속도:4.070,-6.067,6.790
17:31:42  자이로:-1.107,-0.641,-1.046
17:31:42  자력계:-13.950,13.950,0.150
17:31:42  송신:17366
17:31:42  GPS위성:7
17:31:42  GPS_HDOP:1.41
17:31:42  원시위도:37.496638
17:31:42  원시경도:126.957892
17:31:42  GPS채택:2466
17:31:42  GPS이상치거부:8
17:31:42  GPS품질거부:191
17:31:42  GPS재기준:1
17:31:42  RSSI원시:-80
17:31:42  RSSI평활:-81.0
17:31:42  RSSI샘플:32755
17:31:42  RSSI경과ms:6
17:31:42  차량수신:16098
17:31:43  시각ms:1777505
17:31:43  IMU시각ms:1777505
17:31:43  위험:0
17:31:43  GPS유효:1
17:31:43  위도:37.496639
17:31:43  경도:126.957893
17:31:43  속도:0.012
17:31:43  방향:188.0
17:31:43  GPS원시속도:0.010
17:31:43  GPS원시방향유효:1
17:31:43  GPS원시방향:187.0
17:31:43  가속도:4.147,-6.009,6.603
17:31:43  자이로:-0.473,-1.160,1.504
17:31:43  자력계:-13.500,13.350,1.050
17:31:43  송신:17368
17:31:43  GPS위성:7
17:31:43  GPS_HDOP:1.41
17:31:43  원시위도:37.496638
17:31:43  원시경도:126.957892
17:31:43  GPS채택:2466
17:31:43  GPS이상치거부:8
17:31:43  GPS품질거부:191
17:31:43  GPS재기준:1
17:31:43  RSSI원시:-81
17:31:43  RSSI평활:-81.0
17:31:43  RSSI샘플:32758
17:31:43  RSSI경과ms:1
17:31:43  차량수신:16099
17:31:43  시각ms:1777527
17:31:43  IMU시각ms:1777527
17:31:43  위험:0
17:31:43  GPS유효:1
17:31:43  위도:37.496639
17:31:43  경도:126.957893
17:31:43  속도:0.012
17:31:43  방향:188.0
17:31:43  GPS원시속도:0.010
17:31:43  GPS원시방향유효:1
17:31:43  GPS원시방향:187.0
17:31:43  가속도:3.979,-6.096,6.833
17:31:43  자이로:0.802,-1.290,-1.656
17:31:43  자력계:-13.050,14.100,-0.600
17:31:43  송신:17368
17:31:43  GPS위성:7
17:31:43  GPS_HDOP:1.41
17:31:43  원시위도:37.496638
17:31:43  원시경도:126.957892
17:31:43  GPS채택:2466
17:31:43  GPS이상치거부:8
17:31:43  GPS품질거부:191
17:31:43  GPS재기준:1
17:31:43  RSSI원시:-81
17:31:43  RSSI평활:-81.0
17:31:43  RSSI샘플:32758
17:31:43  RSSI경과ms:23
17:31:43  차량수신:16099
17:31:43  시각ms:1777549
17:31:43  IMU시각ms:1777549
17:31:43  위험:0
17:31:43  GPS유효:1
17:31:43  위도:37.496639
17:31:43  경도:126.957893
17:31:43  속도:0.013
17:31:43  방향:188.0
17:31:43  GPS원시속도:0.015
17:31:43  GPS원시방향유효:1
17:31:43  GPS원시방향:187.0
17:31:43  가속도:4.185,-6.096,6.646
17:31:43  자이로:-0.718,-2.176,1.252
17:31:43  자력계:-14.400,13.200,-0.450
17:31:43  송신:17368
17:31:43  GPS위성:7
17:31:43  GPS_HDOP:1.41
17:31:43  원시위도:37.496638
17:31:43  원시경도:126.957892
17:31:43  GPS채택:2467
17:31:43  GPS이상치거부:8
17:31:43  GPS품질거부:191
17:31:43  GPS재기준:1
17:31:43  RSSI원시:-81
17:31:43  RSSI평활:-81.0
17:31:43  RSSI샘플:32758
17:31:43  RSSI경과ms:45
17:31:43  차량수신:16099
17:31:43  시각ms:1777606
17:31:43  IMU시각ms:1777606
17:31:43  위험:0
17:31:43  GPS유효:1
17:31:43  위도:37.496639
17:31:43  경도:126.957893
17:31:43  속도:0.013
17:31:43  방향:188.0
17:31:43  GPS원시속도:0.015
17:31:43  GPS원시방향유효:1
17:31:43  GPS원시방향:187.0
17:31:43  가속도:4.094,-6.158,6.795
17:31:43  자이로:-0.244,-1.771,1.168
17:31:43  자력계:-13.050,12.300,0.600
17:31:43  송신:17369
17:31:43  GPS위성:7
17:31:43  GPS_HDOP:1.41
17:31:43  원시위도:37.496638
17:31:43  원시경도:126.957892
17:31:43  GPS채택:2467
17:31:43  GPS이상치거부:8
17:31:43  GPS품질거부:191
17:31:43  GPS재기준:1
17:31:43  RSSI원시:-82
17:31:43  RSSI평활:-81.2
17:31:43  RSSI샘플:32760
17:31:43  RSSI경과ms:4
17:31:43  차량수신:16100
17:31:43  시각ms:1777707
17:31:43  IMU시각ms:1777707
17:31:43  위험:0
17:31:43  GPS유효:1
17:31:43  위도:37.496639
17:31:43  경도:126.957893
17:31:43  속도:0.014
17:31:43  방향:188.0
17:31:43  GPS원시속도:0.015
17:31:43  GPS원시방향유효:1
17:31:43  GPS원시방향:187.0
17:31:43  가속도:3.979,-6.053,6.790
17:31:43  자이로:-1.206,-0.916,-2.397
17:31:43  자력계:-13.950,12.750,0.150
17:31:43  송신:17370
17:31:43  GPS위성:7
17:31:43  GPS_HDOP:1.41
17:31:43  원시위도:37.496638
17:31:43  원시경도:126.957892
17:31:43  GPS채택:2468
17:31:43  GPS이상치거부:8
17:31:43  GPS품질거부:191
17:31:43  GPS재기준:1
17:31:43  RSSI원시:-80
17:31:43  RSSI평활:-81.0
17:31:43  RSSI샘플:32761
17:31:43  RSSI경과ms:26
17:31:43  차량수신:16100
17:31:43  시각ms:1778087
17:31:43  IMU시각ms:1778087
17:31:43  위험:0
17:31:43  GPS유효:1
17:31:43  위도:37.496639
17:31:43  경도:126.957893
17:31:43  속도:0.014
17:31:43  방향:188.0
17:31:43  GPS원시속도:0.015
17:31:43  GPS원시방향유효:1
17:31:43  GPS원시방향:187.0
17:31:43  가속도:4.171,-6.029,6.709
17:31:43  자이로:-0.008,-2.634,1.450
17:31:43  자력계:-14.700,13.200,0.900
17:31:43  송신:17374
17:31:43  GPS위성:7
17:31:43  GPS_HDOP:1.41
17:31:43  원시위도:37.496638
17:31:43  원시경도:126.957892
17:31:43  GPS채택:2468
17:31:43  GPS이상치거부:8
17:31:43  GPS품질거부:191
17:31:43  GPS재기준:1
17:31:43  RSSI원시:-81
17:31:43  RSSI평활:-80.8
17:31:43  RSSI샘플:32766
17:31:43  RSSI경과ms:67
17:31:43  차량수신:16102
17:31:43  시각ms:1778131
17:31:43  IMU시각ms:1778131
17:31:43  위험:0
17:31:43  GPS유효:1
17:31:43  위도:37.496639
17:31:43  경도:126.957893
17:31:43  속도:0.014
17:31:43  방향:188.0
17:31:43  GPS원시속도:0.015
17:31:43  GPS원시방향유효:1
17:31:43  GPS원시방향:187.0
17:31:43  가속도:4.008,-5.957,6.718
17:31:43  자이로:-1.992,2.603,-0.733
17:31:43  자력계:-13.200,11.250,1.200
17:31:43  송신:17374
17:31:43  GPS위성:7
17:31:43  GPS_HDOP:1.41
17:31:43  원시위도:37.496638
17:31:43  원시경도:126.957892
17:31:43  GPS채택:2468
17:31:43  GPS이상치거부:8
17:31:43  GPS품질거부:191
17:31:43  GPS재기준:1
17:31:43  RSSI원시:-81
17:31:43  RSSI평활:-80.8
17:31:43  RSSI샘플:32766
17:31:43  RSSI경과ms:111
17:31:43  차량수신:16102
17:31:44  시각ms:1778394
17:31:44  IMU시각ms:1778382
17:31:44  위험:0
17:31:44  GPS유효:1
17:31:44  위도:37.496639
17:31:44  경도:126.957893
17:31:44  속도:0.014
17:31:44  방향:188.0
17:31:44  GPS원시속도:0.015
17:31:44  GPS원시방향유효:1
17:31:44  GPS원시방향:187.0
17:31:44  가속도:4.046,-6.110,6.699
17:31:44  자이로:-1.450,-2.847,-0.313
17:31:44  자력계:-14.550,13.350,1.050
17:31:44  송신:17377
17:31:44  GPS위성:7
17:31:44  GPS_HDOP:1.41
17:31:44  원시위도:37.496638
17:31:44  원시경도:126.957892
17:31:44  GPS채택:2468
17:31:44  GPS이상치거부:8
17:31:44  GPS품질거부:191
17:31:44  GPS재기준:1
17:31:44  RSSI원시:-82
17:31:44  RSSI평활:-81.8
17:31:44  RSSI샘플:32770
17:31:44  RSSI경과ms:59
17:31:44  차량수신:16104
17:31:44  시각ms:1778468
17:31:44  IMU시각ms:1778468
17:31:44  위험:0
17:31:44  GPS유효:1
17:31:44  위도:37.496639
17:31:44  경도:126.957893
17:31:44  속도:0.014
17:31:44  방향:188.0
17:31:44  GPS원시속도:0.015
17:31:44  GPS원시방향유효:1
17:31:44  GPS원시방향:187.0
17:31:44  가속도:4.128,-6.110,6.728
17:31:44  자이로:0.275,-1.443,-1.962
17:31:44  자력계:-12.900,13.950,0.450
17:31:44  송신:17377
17:31:44  GPS위성:7
17:31:44  GPS_HDOP:1.41
17:31:44  원시위도:37.496638
17:31:44  원시경도:126.957892
17:31:44  GPS채택:2468
17:31:44  GPS이상치거부:8
17:31:44  GPS품질거부:191
17:31:44  GPS재기준:1
17:31:44  RSSI원시:-80
17:31:44  RSSI평활:-81.6
17:31:44  RSSI샘플:32772
17:31:44  RSSI경과ms:28
17:31:44  차량수신:16105
17:31:44  시각ms:1778547
17:31:44  IMU시각ms:1778547
17:31:44  위험:0
17:31:44  GPS유효:1
17:31:44  위도:37.496639
17:31:44  경도:126.957893
17:31:44  속도:0.020
17:31:44  방향:188.0
17:31:44  GPS원시속도:0.031
17:31:44  GPS원시방향유효:1
17:31:44  GPS원시방향:187.0
17:31:44  가속도:4.032,-6.000,6.713
17:31:44  자이로:-2.107,0.534,-0.435
17:31:44  자력계:-13.650,15.150,0.450
17:31:44  송신:17378
17:31:44  GPS위성:7
17:31:44  GPS_HDOP:1.41
17:31:44  원시위도:37.496637
17:31:44  원시경도:126.957891
17:31:44  GPS채택:2469
17:31:44  GPS이상치거부:8
17:31:44  GPS품질거부:191
17:31:44  GPS재기준:1
17:31:44  RSSI원시:-81
17:31:44  RSSI평활:-81.5
17:31:44  RSSI샘플:32773
17:31:44  RSSI경과ms:21
17:31:44  차량수신:16105
17:31:44  시각ms:1778906
17:31:44  IMU시각ms:1778906
17:31:44  위험:0
17:31:44  GPS유효:1
17:31:44  위도:37.496639
17:31:44  경도:126.957893
17:31:44  속도:0.024
17:31:44  방향:188.0
17:31:44  GPS원시속도:0.031
17:31:44  GPS원시방향유효:1
17:31:44  GPS원시방향:187.0
17:31:44  가속도:3.955,-6.057,6.776
17:31:44  자이로:1.427,-1.809,2.756
17:31:44  자력계:-13.650,13.500,-0.150
17:31:44  송신:17382
17:31:44  GPS위성:7
17:31:44  GPS_HDOP:1.41
17:31:44  원시위도:37.496637
17:31:44  원시경도:126.957891
17:31:44  GPS채택:2470
17:31:44  GPS이상치거부:8
17:31:44  GPS품질거부:191
17:31:44  GPS재기준:1
17:31:44  RSSI원시:-82
17:31:44  RSSI평활:-81.6
17:31:44  RSSI샘플:32776
17:31:44  RSSI경과ms:8
17:31:44  차량수신:16106
17:31:44  시각ms:1779334
17:31:44  IMU시각ms:1779334
17:31:44  위험:0
17:31:44  GPS유효:1
17:31:44  위도:37.496635
17:31:44  경도:126.957893
17:31:44  속도:0.024
17:31:44  방향:188.0
17:31:44  GPS원시속도:0.031
17:31:44  GPS원시방향유효:1
17:31:44  GPS원시방향:187.0
17:31:44  가속도:3.907,-6.057,6.642
17:31:44  자이로:2.275,0.977,1.756
17:31:44  자력계:-13.500,13.050,0.600
17:31:44  송신:17386
17:31:44  GPS위성:7
17:31:44  GPS_HDOP:1.41
17:31:44  원시위도:37.496637
17:31:44  원시경도:126.957891
17:31:45  GPS채택:2470
17:31:45  GPS이상치거부:8
17:31:45  GPS품질거부:191
17:31:45  GPS재기준:1
17:31:45  RSSI원시:-82
17:31:45  RSSI평활:-82.5
17:31:45  RSSI샘플:32784
17:31:45  RSSI경과ms:23
17:31:45  차량수신:16110
17:31:45  시각ms:1779486
17:31:45  IMU시각ms:1779486
17:31:45  위험:0
17:31:45  GPS유효:1
17:31:45  위도:37.496635
17:31:45  경도:126.957893
17:31:45  속도:0.024
17:31:45  방향:188.0
17:31:45  GPS원시속도:0.031
17:31:45  GPS원시방향유효:1
17:31:45  GPS원시방향:187.0
17:31:45  가속도:4.041,-6.096,6.823
17:31:45  자이로:-1.573,2.588,-2.374
17:31:45  자력계:-12.150,11.250,0.150
17:31:45  송신:17387
17:31:45  GPS위성:7
17:31:45  GPS_HDOP:1.41
17:31:45  원시위도:37.496637
17:31:45  원시경도:126.957891
17:31:45  GPS채택:2470
17:31:45  GPS이상치거부:8
17:31:45  GPS품질거부:191
17:31:45  GPS재기준:1
17:31:45  RSSI원시:-83
17:31:45  RSSI평활:-82.9
17:31:45  RSSI샘플:32787
17:31:45  RSSI경과ms:8
17:31:45  차량수신:16112
17:31:45  시각ms:1779666
17:31:45  IMU시각ms:1779666
17:31:45  위험:0
17:31:45  GPS유효:1
17:31:45  위도:37.496635
17:31:45  경도:126.957893
17:31:45  속도:0.010
17:31:45  방향:188.0
17:31:45  GPS원시속도:0.000
17:31:45  GPS원시방향유효:1
17:31:45  GPS원시방향:187.0
17:31:45  가속도:3.994,-6.091,6.680
17:31:45  자이로:1.229,-3.198,1.557
17:31:45  자력계:-12.750,13.050,-0.300
17:31:45  송신:17389
17:31:45  GPS위성:8
17:31:45  GPS_HDOP:1.41
17:31:45  원시위도:37.496637
17:31:45  원시경도:126.957891
17:31:45  GPS채택:2472
17:31:45  GPS이상치거부:8
17:31:45  GPS품질거부:191
17:31:45  GPS재기준:1
17:31:45  RSSI원시:-84
17:31:45  RSSI평활:-83.4
17:31:45  RSSI샘플:32790
17:31:45  RSSI경과ms:53
17:31:45  차량수신:16113
17:31:45  시각ms:1779688
17:31:45  IMU시각ms:1779688
17:31:45  위험:0
17:31:45  GPS유효:1
17:31:45  위도:37.496635
17:31:45  경도:126.957893
17:31:45  속도:0.010
17:31:45  방향:188.0
17:31:45  GPS원시속도:0.000
17:31:45  GPS원시방향유효:1
17:31:45  GPS원시방향:187.0
17:31:45  가속도:4.056,-6.043,6.689
17:31:45  자이로:-0.847,-2.832,-0.580
17:31:45  자력계:-13.950,12.450,1.950
17:31:45  송신:17389
17:31:45  GPS위성:8
17:31:45  GPS_HDOP:1.41
17:31:45  원시위도:37.496637
17:31:45  원시경도:126.957891
17:31:45  GPS채택:2472
17:31:45  GPS이상치거부:8
17:31:45  GPS품질거부:191
17:31:45  GPS재기준:1
17:31:45  RSSI원시:-84
17:31:45  RSSI평활:-83.4
17:31:45  RSSI샘플:32790
17:31:45  RSSI경과ms:75
17:31:45  차량수신:16113
17:31:45  시각ms:1779723
17:31:45  IMU시각ms:1779723
17:31:45  위험:0
17:31:45  GPS유효:1
17:31:45  위도:37.496635
17:31:45  경도:126.957893
17:31:45  속도:0.010
17:31:45  방향:188.0
17:31:45  GPS원시속도:0.000
17:31:45  GPS원시방향유효:1
17:31:45  GPS원시방향:187.0
17:31:45  가속도:4.099,-6.029,6.632
17:31:45  자이로:-0.366,-1.870,1.206
17:31:45  자력계:-14.400,13.500,0.150
17:31:45  송신:17390
17:31:45  GPS위성:8
17:31:45  GPS_HDOP:1.41
17:31:45  원시위도:37.496637
17:31:45  원시경도:126.957891
17:31:45  GPS채택:2472
17:31:45  GPS이상치거부:8
17:31:45  GPS품질거부:191
17:31:45  GPS재기준:1
17:31:45  RSSI원시:-84
17:31:45  RSSI평활:-83.6
17:31:45  RSSI샘플:32791
17:31:45  RSSI경과ms:34
17:31:45  차량수신:16114
17:31:45  시각ms:1779924
17:31:45  IMU시각ms:1779924
17:31:45  위험:0
17:31:45  GPS유효:1
17:31:45  위도:37.496635
17:31:45  경도:126.957893
17:31:45  속도:0.010
17:31:45  방향:188.0
17:31:45  GPS원시속도:0.000
17:31:45  GPS원시방향유효:1
17:31:45  GPS원시방향:187.0
17:31:45  가속도:3.998,-6.139,6.804
17:31:45  자이로:-3.267,0.031,0.198
17:31:45  자력계:-14.700,12.750,-0.150
17:31:45  송신:17392
17:31:45  GPS위성:8
17:31:45  GPS_HDOP:1.41
17:31:45  원시위도:37.496637
17:31:45  원시경도:126.957891
17:31:45  GPS채택:2472
17:31:45  GPS이상치거부:8
17:31:45  GPS품질거부:191
17:31:45  GPS재기준:1
17:31:45  RSSI원시:-84
17:31:45  RSSI평활:-84.0
17:31:45  RSSI샘플:32795
17:31:45  RSSI경과ms:21
17:31:45  차량수신:16116
17:31:46  시각ms:1780538
17:31:46  IMU시각ms:1780538
17:31:46  위험:0
17:31:46  GPS유효:1
17:31:46  위도:37.496635
17:31:46  경도:126.957893
17:31:46  속도:0.023
17:31:46  방향:188.0
17:31:46  GPS원시속도:0.046
17:31:46  GPS원시방향유효:1
17:31:46  GPS원시방향:187.0
17:31:46  가속도:4.108,-6.043,6.747
17:31:46  자이로:-1.481,3.221,-1.656
17:31:46  자력계:-13.950,13.200,0.150
17:31:46  송신:17398
17:31:46  GPS위성:8
17:31:46  GPS_HDOP:1.41
17:31:46  원시위도:37.496637
17:31:46  원시경도:126.957890
17:31:46  GPS채택:2473
17:31:46  GPS이상치거부:8
17:31:46  GPS품질거부:191
17:31:46  GPS재기준:1
17:31:46  RSSI원시:-80
17:31:46  RSSI평활:-80.5
17:31:46  RSSI샘플:32805
17:31:46  RSSI경과ms:11
17:31:46  차량수신:16120
17:31:46  시각ms:1780639
17:31:46  IMU시각ms:1780639
17:31:46  위험:0
17:31:46  GPS유효:1
17:31:46  위도:37.496635
17:31:46  경도:126.957893
17:31:46  속도:0.023
17:31:46  방향:188.0
17:31:46  GPS원시속도:0.046
17:31:46  GPS원시방향유효:1
17:31:46  GPS원시방향:187.0
17:31:46  가속도:4.132,-6.033,6.699
17:31:46  자이로:-0.802,0.237,1.221
17:31:46  자력계:-12.300,13.050,0.300
17:31:46  송신:17399
17:31:46  GPS위성:8
17:31:46  GPS_HDOP:1.41
17:31:46  원시위도:37.496637
17:31:46  원시경도:126.957890
17:31:46  GPS채택:2473
17:31:46  GPS이상치거부:8
17:31:46  GPS품질거부:191
17:31:46  GPS재기준:1
17:31:46  RSSI원시:-79
17:31:46  RSSI평활:-80.2
17:31:46  RSSI샘플:32806
17:31:46  RSSI경과ms:99
17:31:46  차량수신:16121
17:31:46  시각ms:1780986
17:31:46  IMU시각ms:1780986
17:31:46  위험:0
17:31:46  GPS유효:1
17:31:46  위도:37.496635
17:31:46  경도:126.957893
17:31:46  속도:0.031
17:31:46  방향:188.0
17:31:46  GPS원시속도:0.046
17:31:46  GPS원시방향유효:1
17:31:46  GPS원시방향:187.0
17:31:46  가속도:3.970,-6.072,6.800
17:31:46  자이로:0.290,0.969,-0.145
17:31:46  자력계:-12.750,11.850,-1.050
17:31:46  송신:17402
17:31:46  GPS위성:7
17:31:46  GPS_HDOP:1.41
17:31:46  원시위도:37.496637
17:31:46  원시경도:126.957890
17:31:46  GPS채택:2474
17:31:46  GPS이상치거부:8
17:31:46  GPS품질거부:191
17:31:46  GPS재기준:1
17:31:46  RSSI원시:-81
17:31:46  RSSI평활:-80.5
17:31:46  RSSI샘플:32810
17:31:46  RSSI경과ms:22
17:31:46  차량수신:16124
17:31:46  시각ms:1781315
17:31:46  IMU시각ms:1781315
17:31:46  위험:0
17:31:46  GPS유효:1
17:31:46  위도:37.496635
17:31:46  경도:126.957893
17:31:46  속도:0.031
17:31:46  방향:188.0
17:31:46  GPS원시속도:0.046
17:31:46  GPS원시방향유효:1
17:31:46  GPS원시방향:187.0
17:31:46  가속도:4.118,-6.057,6.752
17:31:46  자이로:-0.954,-1.855,1.412
17:31:46  자력계:-12.150,14.400,0.450
17:31:46  송신:17405
17:31:46  GPS위성:7
17:31:46  GPS_HDOP:1.41
17:31:46  원시위도:37.496637
17:31:46  원시경도:126.957890
17:31:46  GPS채택:2474
17:31:46  GPS이상치거부:8
17:31:46  GPS품질거부:191
17:31:46  GPS재기준:1
17:31:46  RSSI원시:-80
17:31:46  RSSI평활:-80.2
17:31:46  RSSI샘플:32815
17:31:46  RSSI경과ms:40
17:31:46  차량수신:16126
17:31:47  시각ms:1781522
17:31:47  IMU시각ms:1781522
17:31:47  위험:0
17:31:47  GPS유효:1
17:31:47  위도:37.496635
17:31:47  경도:126.957893
17:31:47  속도:0.031
17:31:47  방향:188.0
17:31:47  GPS원시속도:0.046
17:31:47  GPS원시방향유효:1
17:31:47  GPS원시방향:187.0
17:31:47  가속도:3.879,-5.990,6.766
17:31:47  자이로:-0.603,-0.779,-0.290
17:31:47  자력계:-14.400,12.750,0.150
17:31:47  송신:17407
17:31:47  GPS위성:7
17:31:47  GPS_HDOP:1.41
17:31:47  원시위도:37.496637
17:31:47  원시경도:126.957890
17:31:47  GPS채택:2474
17:31:47  GPS이상치거부:8
17:31:47  GPS품질거부:191
17:31:47  GPS재기준:1
17:31:47  RSSI원시:-79
17:31:47  RSSI평활:-79.7
17:31:47  RSSI샘플:32819
17:31:47  RSSI경과ms:43
17:31:47  차량수신:16128
17:31:47  시각ms:1781680
17:31:47  IMU시각ms:1781680
17:31:47  위험:0
17:31:47  GPS유효:1
17:31:47  위도:37.496635
17:31:47  경도:126.957893
17:31:47  속도:0.022
17:31:47  방향:188.0
17:31:47  GPS원시속도:0.015
17:31:47  GPS원시방향유효:1
17:31:47  GPS원시방향:187.0
17:31:47  가속도:4.156,-5.962,6.891
17:31:47  자이로:1.992,-2.183,-0.740
17:31:47  자력계:-13.050,12.300,0.600
17:31:47  송신:17409
17:31:47  GPS위성:8
17:31:47  GPS_HDOP:1.41
17:31:47  원시위도:37.496636
17:31:47  원시경도:126.957890
17:31:47  GPS채택:2476
17:31:47  GPS이상치거부:8
17:31:47  GPS품질거부:191
17:31:47  GPS재기준:1
17:31:47  RSSI원시:-81
17:31:47  RSSI평활:-80.0
17:31:47  RSSI샘플:32822
17:31:47  RSSI경과ms:36
17:31:47  차량수신:16129
17:31:47  시각ms:1781759
17:31:47  IMU시각ms:1781759
17:31:47  위험:0
17:31:47  GPS유효:1
17:31:47  위도:37.496635
17:31:47  경도:126.957893
17:31:47  속도:0.022
17:31:47  방향:188.0
17:31:47  GPS원시속도:0.015
17:31:47  GPS원시방향유효:1
17:31:47  GPS원시방향:187.0
17:31:47  가속도:4.037,-6.043,6.900
17:31:47  자이로:-1.595,1.260,1.137
17:31:47  자력계:-14.250,13.050,0.000
17:31:47  송신:17410
17:31:47  GPS위성:8
17:31:47  GPS_HDOP:1.41
17:31:47  원시위도:37.496636
17:31:47  원시경도:126.957890
17:31:47  GPS채택:2476
17:31:47  GPS이상치거부:8
17:31:47  GPS품질거부:191
17:31:47  GPS재기준:1
17:31:47  RSSI원시:-80
17:31:47  RSSI평활:-80.0
17:31:47  RSSI샘플:32823
17:31:47  RSSI경과ms:73
17:31:47  차량수신:16130
17:31:47  시각ms:1781925
17:31:47  IMU시각ms:1781925
17:31:47  위험:0
17:31:47  GPS유효:1
17:31:47  위도:37.496635
17:31:47  경도:126.957893
17:31:47  속도:0.022
17:31:47  방향:188.0
17:31:47  GPS원시속도:0.015
17:31:47  GPS원시방향유효:1
17:31:47  GPS원시방향:187.0
17:31:47  가속도:4.008,-5.962,6.723
17:31:47  자이로:-1.130,-0.527,-1.855
17:31:47  자력계:-14.250,13.800,-0.300
17:31:47  송신:17411
17:31:47  GPS위성:8
17:31:47  GPS_HDOP:1.41
17:31:47  원시위도:37.496636
17:31:47  원시경도:126.957890
17:31:47  GPS채택:2476
17:31:47  GPS이상치거부:8
17:31:47  GPS품질거부:191
17:31:47  GPS재기준:1
17:31:47  RSSI원시:-80
17:31:47  RSSI평활:-80.1
17:31:47  RSSI샘플:32827
17:31:47  RSSI경과ms:28
17:31:47  차량수신:16132
17:31:47  시각ms:1782103
17:31:47  IMU시각ms:1782103
17:31:47  위험:0
17:31:47  GPS유효:1
17:31:47  위도:37.496635
17:31:47  경도:126.957893
17:31:47  속도:0.022
17:31:47  방향:188.0
17:31:47  GPS원시속도:0.015
17:31:47  GPS원시방향유효:1
17:31:47  GPS원시방향:187.0
17:31:47  가속도:4.214,-6.081,6.852
17:31:47  자이로:-1.611,-0.031,-1.489
17:31:47  자력계:-13.050,13.800,1.050
17:31:47  송신:17413
17:31:47  GPS위성:8
17:31:47  GPS_HDOP:1.41
17:31:47  원시위도:37.496636
17:31:47  원시경도:126.957890
17:31:47  GPS채택:2476
17:31:47  GPS이상치거부:8
17:31:47  GPS품질거부:191
17:31:47  GPS재기준:1
17:31:47  RSSI원시:-79
17:31:47  RSSI평활:-80.3
17:31:47  RSSI샘플:32830
17:31:47  RSSI경과ms:57
17:31:47  차량수신:16133
17:31:47  시각ms:1782202
17:31:47  IMU시각ms:1782202
17:31:47  위험:0
17:31:47  GPS유효:1
17:31:47  위도:37.496635
17:31:47  경도:126.957893
17:31:47  속도:0.022
17:31:47  방향:188.0
17:31:47  GPS원시속도:0.015
17:31:47  GPS원시방향유효:1
17:31:47  GPS원시방향:187.0
17:31:47  가속도:3.965,-6.182,6.766
17:31:47  자이로:0.031,0.336,1.176
17:31:47  자력계:-14.550,13.350,-0.600
17:31:47  송신:17414
17:31:47  GPS위성:8
17:31:47  GPS_HDOP:1.41
17:31:47  원시위도:37.496636
17:31:47  원시경도:126.957890
17:31:47  GPS채택:2476
17:31:47  GPS이상치거부:8
17:31:47  GPS품질거부:191
17:31:47  GPS재기준:1
17:31:47  RSSI원시:-80
17:31:47  RSSI평활:-80.4
17:31:47  RSSI샘플:32832
17:31:47  RSSI경과ms:54
17:31:47  차량수신:16134
17:31:47  시각ms:1782387
17:31:48  IMU시각ms:1782387
17:31:48  위험:0
17:31:48  GPS유효:1
17:31:48  위도:37.496635
17:31:48  경도:126.957893
17:31:48  속도:0.022
17:31:48  방향:188.0
17:31:48  GPS원시속도:0.015
17:31:48  GPS원시방향유효:1
17:31:48  GPS원시방향:187.0
17:31:48  가속도:4.013,-6.019,6.584
17:31:48  자이로:-1.122,-4.260,-0.031
17:31:48  자력계:-13.950,12.450,-0.900
17:31:48  송신:17416
17:31:48  GPS위성:8
17:31:48  GPS_HDOP:1.41
17:31:48  원시위도:37.496636
17:31:48  원시경도:126.957890
17:31:48  GPS채택:2476
17:31:48  GPS이상치거부:8
17:31:48  GPS품질거부:191
17:31:48  GPS재기준:1
17:31:48  RSSI원시:-81
17:31:48  RSSI평활:-80.5
17:31:48  RSSI샘플:32836
17:31:48  RSSI경과ms:31
17:31:48  차량수신:16136
17:31:48  시각ms:1782409
17:31:48  IMU시각ms:1782409
17:31:48  위험:0
17:31:48  GPS유효:1
17:31:48  위도:37.496635
17:31:48  경도:126.957893
17:31:48  속도:0.022
17:31:48  방향:188.0
17:31:48  GPS원시속도:0.015
17:31:48  GPS원시방향유효:1
17:31:48  GPS원시방향:187.0
17:31:48  가속도:4.070,-6.048,6.704
17:31:48  자이로:-0.015,-1.511,-0.321
17:31:48  자력계:-12.900,12.450,0.150
17:31:48  송신:17416
17:31:48  GPS위성:8
17:31:48  GPS_HDOP:1.41
17:31:48  원시위도:37.496636
17:31:48  원시경도:126.957890
17:31:48  GPS채택:2476
17:31:48  GPS이상치거부:8
17:31:48  GPS품질거부:191
17:31:48  GPS재기준:1
17:31:48  RSSI원시:-81
17:31:48  RSSI평활:-80.5
17:31:48  RSSI샘플:32836
17:31:48  RSSI경과ms:53
17:31:48  차량수신:16136
17:31:48  시각ms:1782473
17:31:48  IMU시각ms:1782473
17:31:48  위험:0
17:31:48  GPS유효:1
17:31:48  위도:37.496635
17:31:48  경도:126.957893
17:31:48  속도:0.022
17:31:48  방향:188.0
17:31:48  GPS원시속도:0.015
17:31:48  GPS원시방향유효:1
17:31:48  GPS원시방향:187.0
17:31:48  가속도:4.027,-6.072,6.665
17:31:48  자이로:-1.977,2.305,-0.176
17:31:48  자력계:-12.900,13.200,-0.150
17:31:48  송신:17417
17:31:48  GPS위성:8
17:31:48  GPS_HDOP:1.41
17:31:48  원시위도:37.496636
17:31:48  원시경도:126.957890
17:31:48  GPS채택:2476
17:31:48  GPS이상치거부:8
17:31:48  GPS품질거부:191
17:31:48  GPS재기준:1
17:31:48  RSSI원시:-81
17:31:48  RSSI평활:-80.5
17:31:48  RSSI샘플:32838
17:31:48  RSSI경과ms:11
17:31:48  차량수신:16137
17:31:48  시각ms:1782539
17:31:48  IMU시각ms:1782539
17:31:48  위험:0
17:31:48  GPS유효:1
17:31:48  위도:37.496635
17:31:48  경도:126.957893
17:31:48  속도:0.025
17:31:48  방향:188.0
17:31:48  GPS원시속도:0.031
17:31:48  GPS원시방향유효:1
17:31:48  GPS원시방향:187.0
17:31:48  가속도:4.195,-5.942,6.694
17:31:48  자이로:-0.916,-1.496,-0.588
17:31:48  자력계:-13.650,13.950,0.150
17:31:48  송신:17417
17:31:48  GPS위성:8
17:31:48  GPS_HDOP:1.41
17:31:48  원시위도:37.496636
17:31:48  원시경도:126.957889
17:31:48  GPS채택:2477
17:31:48  GPS이상치거부:8
17:31:48  GPS품질거부:191
17:31:48  GPS재기준:1
17:31:48  RSSI원시:-80
17:31:48  RSSI평활:-80.4
17:31:48  RSSI샘플:32839
17:31:48  RSSI경과ms:12
17:31:48  차량수신:16138
17:31:48  시각ms:1782697
17:31:48  IMU시각ms:1782697
17:31:48  위험:0
17:31:48  GPS유효:1
17:31:48  위도:37.496635
17:31:48  경도:126.957893
17:31:48  속도:0.027
17:31:48  방향:188.0
17:31:48  GPS원시속도:0.031
17:31:48  GPS원시방향유효:1
17:31:48  GPS원시방향:187.0
17:31:48  가속도:4.123,-5.942,6.694
17:31:48  자이로:-2.840,0.939,1.176
17:31:48  자력계:-13.500,14.100,0.600
17:31:48  송신:17419
17:31:48  GPS위성:8
17:31:48  GPS_HDOP:1.41
17:31:48  원시위도:37.496636
17:31:48  원시경도:126.957889
17:31:48  GPS채택:2478
17:31:48  GPS이상치거부:8
17:31:48  GPS품질거부:191
17:31:48  GPS재기준:1
17:31:48  RSSI원시:-81
17:31:48  RSSI평활:-80.7
17:31:48  RSSI샘플:32842
17:31:48  RSSI경과ms:35
17:31:48  차량수신:16139
17:31:48  시각ms:1782798
17:31:48  IMU시각ms:1782798
17:31:48  위험:0
17:31:48  GPS유효:1
17:31:48  위도:37.496635
17:31:48  경도:126.957893
17:31:48  속도:0.027
17:31:48  방향:188.0
17:31:48  GPS원시속도:0.031
17:31:48  GPS원시방향유효:1
17:31:48  GPS원시방향:187.0
17:31:48  가속도:4.089,-6.100,6.800
17:31:48  자이로:-0.962,-2.687,1.275
17:31:48  자력계:-14.550,13.050,0.000
17:31:48  송신:17420
17:31:48  GPS위성:8
17:31:48  GPS_HDOP:1.41
17:31:48  원시위도:37.496636
17:31:48  원시경도:126.957889
17:31:48  GPS채택:2478
17:31:48  GPS이상치거부:8
17:31:48  GPS품질거부:191
17:31:48  GPS재기준:1
17:31:48  RSSI원시:-81
17:31:48  RSSI평활:-80.7
17:31:48  RSSI샘플:32843
17:31:48  RSSI경과ms:30
17:31:48  차량수신:16139
17:31:48  시각ms:1782899
17:31:48  IMU시각ms:1782899
17:31:48  위험:0
17:31:48  GPS유효:1
17:31:48  위도:37.496635
17:31:48  경도:126.957893
17:31:48  속도:0.027
17:31:48  방향:188.0
17:31:48  GPS원시속도:0.031
17:31:48  GPS원시방향유효:1
17:31:48  GPS원시방향:187.0
17:31:48  가속도:4.080,-6.053,6.761
17:31:48  자이로:-1.939,-0.122,1.458
17:31:48  자력계:-13.950,14.400,0.450
17:31:48  송신:17421
17:31:48  GPS위성:8
17:31:48  GPS_HDOP:1.41
17:31:48  원시위도:37.496636
17:31:48  원시경도:126.957889
17:31:48  GPS채택:2478
17:31:48  GPS이상치거부:8
17:31:48  GPS품질거부:191
17:31:48  GPS재기준:1
17:31:48  RSSI원시:-81
17:31:48  RSSI평활:-80.8
17:31:48  RSSI샘플:32844
17:31:48  RSSI경과ms:57
17:31:48  차량수신:16140
17:31:48  시각ms:1782943
17:31:48  IMU시각ms:1782943
17:31:48  위험:0
17:31:48  GPS유효:1
17:31:48  위도:37.496635
17:31:48  경도:126.957893
17:31:48  속도:0.027
17:31:48  방향:188.0
17:31:48  GPS원시속도:0.031
17:31:48  GPS원시방향유효:1
17:31:48  GPS원시방향:187.0
17:31:48  가속도:4.013,-5.981,6.694
17:31:48  자이로:0.252,-2.885,1.221
17:31:48  자력계:-13.800,12.600,1.050
17:31:48  송신:17421
17:31:48  GPS위성:8
17:31:48  GPS_HDOP:1.41
17:31:48  원시위도:37.496636
17:31:48  원시경도:126.957889
17:31:48  GPS채택:2478
17:31:48  GPS이상치거부:8
17:31:48  GPS품질거부:191
17:31:48  GPS재기준:1
17:31:48  RSSI원시:-81
17:31:48  RSSI평활:-80.8
17:31:48  RSSI샘플:32844
17:31:48  RSSI경과ms:101
17:31:48  차량수신:16140
17:31:48  시각ms:1783077
17:31:48  IMU시각ms:1783077
17:31:48  위험:0
17:31:48  GPS유효:1
17:31:48  위도:37.496635
17:31:48  경도:126.957893
17:31:48  속도:0.027
17:31:48  방향:188.0
17:31:48  GPS원시속도:0.031
17:31:48  GPS원시방향유효:1
17:31:48  GPS원시방향:187.0
17:31:48  가속도:4.041,-6.053,6.819
17:31:48  자이로:-1.702,-1.641,-0.763
17:31:48  자력계:-13.950,13.200,0.450
17:31:48  송신:17423
17:31:48  GPS위성:8
17:31:48  GPS_HDOP:1.41
17:31:48  원시위도:37.496636
17:31:48  원시경도:126.957889
17:31:48  GPS채택:2478
17:31:48  GPS이상치거부:8
17:31:48  GPS품질거부:191
17:31:48  GPS재기준:1
17:31:48  RSSI원시:-84
17:31:48  RSSI평활:-81.4
17:31:48  RSSI샘플:32848
17:31:48  RSSI경과ms:0
17:31:48  차량수신:16142
17:31:48  시각ms:1783121
17:31:48  IMU시각ms:1783121
17:31:48  위험:0
17:31:48  GPS유효:1
17:31:48  위도:37.496635
17:31:48  경도:126.957893
17:31:48  속도:0.027
17:31:48  방향:188.0
17:31:48  GPS원시속도:0.031
17:31:48  GPS원시방향유효:1
17:31:48  GPS원시방향:187.0
17:31:48  가속도:3.917,-6.005,6.637
17:31:48  자이로:-0.321,-0.244,-0.679
17:31:48  자력계:-13.800,13.050,-1.350
17:31:48  송신:17423
17:31:48  GPS위성:8
17:31:48  GPS_HDOP:1.41
17:31:48  원시위도:37.496636
17:31:48  원시경도:126.957889
17:31:48  GPS채택:2478
17:31:48  GPS이상치거부:8
17:31:48  GPS품질거부:191
17:31:48  GPS재기준:1
17:31:48  RSSI원시:-84
17:31:48  RSSI평활:-81.4
17:31:48  RSSI샘플:32848
17:31:48  RSSI경과ms:44
17:31:48  차량수신:16142
17:31:48  시각ms:1783185
17:31:48  IMU시각ms:1783185
17:31:48  위험:0
17:31:48  GPS유효:1
17:31:48  위도:37.496635
17:31:48  경도:126.957893
17:31:48  속도:0.027
17:31:48  방향:188.0
17:31:48  GPS원시속도:0.031
17:31:48  GPS원시방향유효:1
17:31:48  GPS원시방향:187.0
17:31:48  가속도:4.190,-6.029,6.689
17:31:48  자이로:-1.618,-0.687,-1.763
17:31:48  자력계:-13.800,13.800,0.300
17:31:48  송신:17424
17:31:48  GPS위성:8
17:31:48  GPS_HDOP:1.41
17:31:48  원시위도:37.496636
17:31:48  원시경도:126.957889
17:31:48  GPS채택:2478
17:31:48  GPS이상치거부:8
17:31:48  GPS품질거부:191
17:31:48  GPS재기준:1
17:31:48  RSSI원시:-81
17:31:48  RSSI평활:-81.4
17:31:48  RSSI샘플:32850
17:31:48  RSSI경과ms:10
17:31:48  차량수신:16143
17:31:48  시각ms:1783350
17:31:48  IMU시각ms:1783350
17:31:48  위험:0
17:31:48  GPS유효:1
17:31:48  위도:37.496635
17:31:48  경도:126.957893
17:31:48  속도:0.027
17:31:48  방향:188.0
17:31:48  GPS원시속도:0.031
17:31:48  GPS원시방향유효:1
17:31:48  GPS원시방향:187.0
17:31:48  가속도:4.089,-6.110,6.780
17:31:48  자이로:-0.718,-1.779,2.137
17:31:48  자력계:-13.050,13.800,1.050
17:31:48  송신:17425
17:31:48  GPS위성:8
17:31:48  GPS_HDOP:1.41
17:31:48  원시위도:37.496636
17:31:48  원시경도:126.957889
17:31:48  GPS채택:2478
17:31:48  GPS이상치거부:8
17:31:48  GPS품질거부:191
17:31:48  GPS재기준:1
17:31:48  RSSI원시:-81
17:31:48  RSSI평활:-81.3
17:31:48  RSSI샘플:32852
17:31:48  RSSI경과ms:76
17:31:48  차량수신:16144
17:31:49  시각ms:1783458
17:31:49  IMU시각ms:1783458
17:31:49  위험:0
17:31:49  GPS유효:1
17:31:49  위도:37.496635
17:31:49  경도:126.957893
17:31:49  속도:0.027
17:31:49  방향:188.0
17:31:49  GPS원시속도:0.031
17:31:49  GPS원시방향유효:1
17:31:49  GPS원시방향:187.0
17:31:49  가속도:4.080,-6.148,6.689
17:31:49  자이로:-0.374,-1.130,1.954
17:31:49  자력계:-13.800,12.600,0.300
17:31:49  송신:17426
17:31:49  GPS위성:8
17:31:49  GPS_HDOP:1.41
17:31:49  원시위도:37.496636
17:31:49  원시경도:126.957889
17:31:49  GPS채택:2478
17:31:49  GPS이상치거부:8
17:31:49  GPS품질거부:191
17:31:49  GPS재기준:1
17:31:49  RSSI원시:-81
17:31:49  RSSI평활:-81.2
17:31:49  RSSI샘플:32854
17:31:49  RSSI경과ms:80
17:31:49  차량수신:16145
17:31:49  시각ms:1783493
17:31:49  IMU시각ms:1783493
17:31:49  위험:0
17:31:49  GPS유효:1
17:31:49  위도:37.496635
17:31:49  경도:126.957893
17:31:49  속도:0.027
17:31:49  방향:188.0
17:31:49  GPS원시속도:0.031
17:31:49  GPS원시방향유효:1
17:31:49  GPS원시방향:187.0
17:31:49  가속도:4.171,-6.120,6.694
17:31:49  자이로:-0.466,0.168,0.939
17:31:49  자력계:-12.750,14.100,0.600
17:31:49  송신:17427
17:31:49  GPS위성:8
17:31:49  GPS_HDOP:1.41
17:31:49  원시위도:37.496636
17:31:49  원시경도:126.957889
17:31:49  GPS채택:2478
17:31:49  GPS이상치거부:8
17:31:49  GPS품질거부:191
17:31:49  GPS재기준:1
17:31:49  RSSI원시:-81
17:31:49  RSSI평활:-81.1
17:31:49  RSSI샘플:32855
17:31:49  RSSI경과ms:25
17:31:49  차량수신:16146
17:31:49  시각ms:1783559
17:31:49  IMU시각ms:1783559
17:31:49  위험:0
17:31:49  GPS유효:1
17:31:49  위도:37.496635
17:31:49  경도:126.957886
17:31:49  속도:0.032
17:31:49  방향:188.0
17:31:49  GPS원시속도:0.041
17:31:49  GPS원시방향유효:1
17:31:49  GPS원시방향:187.0
17:31:49  가속도:3.974,-6.029,6.709
17:31:49  자이로:-1.275,-0.267,0.481
17:31:49  자력계:-13.050,13.350,0.300
17:31:49  송신:17427
17:31:49  GPS위성:8
17:31:49  GPS_HDOP:1.41
17:31:49  원시위도:37.496636
17:31:49  원시경도:126.957889
17:31:49  GPS채택:2479
17:31:49  GPS이상치거부:8
17:31:49  GPS품질거부:191
17:31:49  GPS재기준:1
17:31:49  RSSI원시:-82
17:31:49  RSSI평활:-81.3
17:31:49  RSSI샘플:32856
17:31:49  RSSI경과ms:66
17:31:49  차량수신:16146
17:31:49  시각ms:1783738
17:31:49  IMU시각ms:1783738
17:31:49  위험:0
17:31:49  GPS유효:1
17:31:49  위도:37.496635
17:31:49  경도:126.957886
17:31:49  속도:0.035
17:31:49  방향:188.0
17:31:49  GPS원시속도:0.041
17:31:49  GPS원시방향유효:1
17:31:49  GPS원시방향:187.0
17:31:49  가속도:4.037,-6.096,6.752
17:31:49  자이로:-2.099,-3.023,-0.695
17:31:49  자력계:-15.150,14.400,1.200
17:31:49  송신:17429
17:31:49  GPS위성:8
17:31:49  GPS_HDOP:1.41
17:31:49  원시위도:37.496636
17:31:49  원시경도:126.957889
17:31:49  GPS채택:2480
17:31:49  GPS이상치거부:8
17:31:49  GPS품질거부:191
17:31:49  GPS재기준:1
17:31:49  RSSI원시:-89
17:31:49  RSSI평활:-82.8
17:31:49  RSSI샘플:32859
17:31:49  RSSI경과ms:57
17:31:49  차량수신:16148
17:31:49  시각ms:1784040
17:31:49  IMU시각ms:1784040
17:31:49  위험:0
17:31:49  GPS유효:1
17:31:49  위도:37.496635
17:31:49  경도:126.957886
17:31:49  속도:0.035
17:31:49  방향:188.0
17:31:49  GPS원시속도:0.041
17:31:49  GPS원시방향유효:1
17:31:49  GPS원시방향:187.0
17:31:49  가속도:4.051,-6.009,6.680
17:31:49  자이로:-2.885,0.786,-1.053
17:31:49  자력계:-13.950,11.250,-0.900
17:31:49  송신:17432
17:31:49  GPS위성:8
17:31:49  GPS_HDOP:1.41
17:31:49  원시위도:37.496636
17:31:49  원시경도:126.957889
17:31:49  GPS채택:2480
17:31:49  GPS이상치거부:8
17:31:49  GPS품질거부:191
17:31:49  GPS재기준:1
17:31:49  RSSI원시:-82
17:31:49  RSSI평활:-81.7
17:31:49  RSSI샘플:32863
17:31:49  RSSI경과ms:45
17:31:49  차량수신:16149
17:31:50  시각ms:1784713
17:31:50  IMU시각ms:1784713
17:31:50  위험:0
17:31:50  GPS유효:1
17:31:50  위도:37.496635
17:31:50  경도:126.957886
17:31:50  속도:0.030
17:31:50  방향:188.0
17:31:50  GPS원시속도:0.026
17:31:50  GPS원시방향유효:1
17:31:50  GPS원시방향:187.0
17:31:50  가속도:4.003,-6.100,6.780
17:31:50  자이로:0.611,-2.855,0.450
17:31:50  자력계:-12.900,14.400,0.150
17:31:50  송신:17439
17:31:50  GPS위성:8
17:31:50  GPS_HDOP:1.41
17:31:50  원시위도:37.496636
17:31:50  원시경도:126.957888
17:31:50  GPS채택:2482
17:31:50  GPS이상치거부:8
17:31:50  GPS품질거부:191
17:31:50  GPS재기준:1
17:31:50  RSSI원시:-81
17:31:50  RSSI평활:-81.2
17:31:50  RSSI샘플:32873
17:31:50  RSSI경과ms:14
17:31:50  차량수신:16152
17:31:51  시각ms:1785733
17:31:51  IMU시각ms:1785733
17:31:51  위험:0
17:31:51  GPS유효:1
17:31:51  위도:37.496635
17:31:51  경도:126.957886
17:31:51  속도:0.021
17:31:51  방향:188.0
17:31:51  GPS원시속도:0.015
17:31:51  GPS원시방향유효:1
17:31:51  GPS원시방향:187.0
17:31:51  가속도:4.080,-6.110,6.819
17:31:51  자이로:-3.443,-1.916,-0.298
17:31:51  자력계:-12.900,12.450,0.150
17:31:51  송신:17449
17:31:51  GPS위성:8
17:31:51  GPS_HDOP:1.12
17:31:51  원시위도:37.496636
17:31:51  원시경도:126.957888
17:31:51  GPS채택:2484
17:31:51  GPS이상치거부:8
17:31:51  GPS품질거부:191
17:31:51  GPS재기준:1
17:31:51  RSSI원시:-79
17:31:51  RSSI평활:-78.9
17:31:51  RSSI샘플:32892
17:31:51  RSSI경과ms:8
17:31:51  차량수신:16161
17:31:51  시각ms:1785898
17:31:51  IMU시각ms:1785898
17:31:51  위험:0
17:31:51  GPS유효:1
17:31:51  위도:37.496635
17:31:51  경도:126.957886
17:31:51  속도:0.021
17:31:51  방향:188.0
17:31:51  GPS원시속도:0.015
17:31:51  GPS원시방향유효:1
17:31:51  GPS원시방향:187.0
17:31:51  가속도:3.941,-6.043,6.651
17:31:51  자이로:-1.115,3.389,-2.076
17:31:51  자력계:-14.550,13.800,0.600
17:31:51  송신:17450
17:31:51  GPS위성:8
17:31:51  GPS_HDOP:1.12
17:31:51  원시위도:37.496636
17:31:51  원시경도:126.957888
17:31:51  GPS채택:2484
17:31:51  GPS이상치거부:8
17:31:51  GPS품질거부:191
17:31:51  GPS재기준:1
17:31:51  RSSI원시:-79
17:31:51  RSSI평활:-79.1
17:31:51  RSSI샘플:32894
17:31:51  RSSI경과ms:75
17:31:51  차량수신:16162
17:31:51  시각ms:1786033
17:31:51  IMU시각ms:1786033
17:31:51  위험:0
17:31:51  GPS유효:1
17:31:51  위도:37.496635
17:31:51  경도:126.957886
17:31:51  속도:0.021
17:31:51  방향:188.0
17:31:51  GPS원시속도:0.015
17:31:51  GPS원시방향유효:1
17:31:51  GPS원시방향:187.0
17:31:51  가속도:4.008,-6.033,6.766
17:31:51  자이로:0.389,-3.183,-2.351
17:31:51  자력계:-15.000,13.050,0.000
17:31:51  송신:17452
17:31:51  GPS위성:8
17:31:51  GPS_HDOP:1.12
17:31:51  원시위도:37.496636
17:31:51  원시경도:126.957888
17:31:51  GPS채택:2484
17:31:51  GPS이상치거부:8
17:31:51  GPS품질거부:191
17:31:51  GPS재기준:1
17:31:51  RSSI원시:-81
17:31:51  RSSI평활:-80.1
17:31:51  RSSI샘플:32898
17:31:51  RSSI경과ms:8
17:31:51  차량수신:16164
