17:31:41  시각ms:1787026
17:31:41  IMU시각ms:1787014
17:31:41  위험:0
17:31:41  원시위험:0
17:31:41  GPS유효:1
17:31:41  위도:37.496570
17:31:41  경도:126.958027
17:31:41  속도:0.00
17:31:41  방향:178.0
17:31:41  GPS원시속도:0.000
17:31:41  GPS원시방향유효:1
17:31:41  GPS원시방향:182.8
17:31:41  가속도:-0.68,1.37,9.69
17:31:41  자이로:2.0,0.3,-0.4
17:31:41  자력계:6.300,2.850,-1.650
17:31:41  충격값:0.12
17:31:41  송신:17350
17:31:41  지팡이수신:16645
17:31:41  GPS위성:6
17:31:41  GPS_HDOP:1.40
17:31:41  원시위도:37.496570
17:31:41  원시경도:126.958027
17:31:41  GPS채택:965
17:31:41  GPS이상치거부:24
17:31:41  GPS품질거부:84
17:31:41  GPS재기준:6
17:31:41  계산거리:14.05
17:31:41  접근속도:0.02
17:31:41  TTC:999.00
17:31:41  방향오차:126.1
17:31:41  전방여부:0
17:31:41  위험음성횟수:0
17:31:41  충격음성횟수:1
17:31:41  마지막위험음성:0
17:31:41  RSSI원시:-79
17:31:41  RSSI평활:-78.6
17:31:41  RSSI샘플:16645
17:31:41  RSSI경과ms:18
17:31:41  위험송신:16644
17:31:42  시각ms:1788148
17:31:42  IMU시각ms:1788148
17:31:42  위험:0
17:31:42  원시위험:0
17:31:42  GPS유효:1
17:31:42  위도:37.496570
17:31:42  경도:126.958027
17:31:42  속도:0.00
17:31:42  방향:178.0
17:31:42  GPS원시속도:0.000
17:31:42  GPS원시방향유효:1
17:31:42  GPS원시방향:182.8
17:31:42  가속도:-0.71,1.25,9.50
17:31:42  자이로:0.0,-1.3,-0.4
17:31:42  자력계:7.350,0.900,-4.950
17:31:42  충격값:0.13
17:31:42  송신:17361
17:31:42  지팡이수신:16654
17:31:42  GPS위성:6
17:31:42  GPS_HDOP:1.40
17:31:42  원시위도:37.496570
17:31:42  원시경도:126.958027
17:31:42  GPS채택:968
17:31:42  GPS이상치거부:24
17:31:42  GPS품질거부:84
17:31:42  GPS재기준:6
17:31:42  계산거리:14.05
17:31:42  접근속도:0.01
17:31:42  TTC:999.00
17:31:42  방향오차:126.1
17:31:42  전방여부:0
17:31:42  위험음성횟수:0
17:31:42  충격음성횟수:1
17:31:42  마지막위험음성:0
17:31:42  RSSI원시:-78
17:31:42  RSSI평활:-78.9
17:31:42  RSSI샘플:16654
17:31:42  RSSI경과ms:127
17:31:42  위험송신:16653
17:31:43  시각ms:1789586
17:31:43  IMU시각ms:1789586
17:31:43  위험:0
17:31:43  원시위험:0
17:31:43  GPS유효:1
17:31:43  위도:37.496570
17:31:43  경도:126.958027
17:31:43  속도:0.00
17:31:43  방향:178.0
17:31:43  GPS원시속도:0.000
17:31:43  GPS원시방향유효:1
17:31:43  GPS원시방향:182.8
17:31:43  가속도:-2.21,1.94,9.06
17:31:43  자이로:20.1,36.1,-8.9
17:31:43  자력계:12.600,4.650,-4.500
17:31:43  충격값:1.26
17:31:43  송신:17374
17:31:43  지팡이수신:16666
17:31:43  GPS위성:6
17:31:43  GPS_HDOP:1.40
17:31:43  원시위도:37.496570
17:31:43  원시경도:126.958027
17:31:43  GPS채택:970
17:31:43  GPS이상치거부:24
17:31:43  GPS품질거부:84
17:31:43  GPS재기준:6
17:31:43  계산거리:14.05
17:31:43  접근속도:0.00
17:31:43  TTC:999.00
17:31:43  방향오차:126.1
17:31:43  전방여부:0
17:31:43  위험음성횟수:0
17:31:43  충격음성횟수:1
17:31:43  마지막위험음성:0
17:31:43  RSSI원시:-77
17:31:43  RSSI평활:-77.9
17:31:43  RSSI샘플:16666
17:31:43  RSSI경과ms:40
17:31:43  위험송신:16665
17:31:44  시각ms:1790278
17:31:44  IMU시각ms:1790266
17:31:44  위험:0
17:31:44  원시위험:0
17:31:44  GPS유효:1
17:31:44  위도:37.496570
17:31:44  경도:126.958026
17:31:44  속도:0.00
17:31:44  방향:178.0
17:31:44  GPS원시속도:0.000
17:31:44  GPS원시방향유효:1
17:31:44  GPS원시방향:182.8
17:31:44  가속도:-4.44,3.13,8.07
17:31:44  자이로:2.7,6.0,1.4
17:31:44  자력계:20.100,8.550,-12.000
17:31:44  충격값:1.04
17:31:44  송신:17381
17:31:44  지팡이수신:16671
17:31:44  GPS위성:6
17:31:44  GPS_HDOP:1.40
17:31:44  원시위도:37.496570
17:31:44  원시경도:126.958025
17:31:44  GPS채택:972
17:31:44  GPS이상치거부:24
17:31:44  GPS품질거부:84
17:31:44  GPS재기준:6
17:31:44  계산거리:14.03
17:31:44  접근속도:0.01
17:31:44  TTC:999.00
17:31:44  방향오차:126.2
17:31:44  전방여부:0
17:31:44  위험음성횟수:0
17:31:44  충격음성횟수:1
17:31:44  마지막위험음성:0
17:31:44  RSSI원시:-78
17:31:44  RSSI평활:-78.3
17:31:44  RSSI샘플:16671
17:31:44  RSSI경과ms:19
17:31:44  위험송신:16670
17:31:46  시각ms:1792344
17:31:46  IMU시각ms:1792344
17:31:46  위험:0
17:31:46  원시위험:0
17:31:46  GPS유효:1
17:31:46  위도:37.496570
17:31:46  경도:126.958026
17:31:46  속도:0.00
17:31:46  방향:178.0
17:31:46  GPS원시속도:0.000
17:31:46  GPS원시방향유효:1
17:31:46  GPS원시방향:182.8
17:31:46  가속도:-4.45,3.19,8.06
17:31:46  자이로:-0.1,-0.7,-1.6
17:31:46  자력계:20.550,8.550,-10.800
17:31:46  충격값:0.10
17:31:46  송신:17401
17:31:46  지팡이수신:16687
17:31:46  GPS위성:6
17:31:46  GPS_HDOP:1.40
17:31:46  원시위도:37.496570
17:31:46  원시경도:126.958025
17:31:46  GPS채택:976
17:31:46  GPS이상치거부:24
17:31:46  GPS품질거부:84
17:31:46  GPS재기준:6
17:31:46  계산거리:13.78
17:31:46  접근속도:0.08
17:31:46  TTC:999.00
17:31:46  방향오차:123.6
17:31:46  전방여부:0
17:31:46  위험음성횟수:0
17:31:46  충격음성횟수:1
17:31:46  마지막위험음성:0
17:31:46  RSSI원시:-77
17:31:46  RSSI평활:-77.8
17:31:46  RSSI샘플:16687
17:31:46  RSSI경과ms:252
17:31:46  위험송신:16686
17:31:47  시각ms:1793045
17:31:47  IMU시각ms:1793045
17:31:47  위험:0
17:31:47  원시위험:0
17:31:47  GPS유효:1
17:31:47  위도:37.496570
17:31:47  경도:126.958026
17:31:47  속도:0.00
17:31:47  방향:178.0
17:31:47  GPS원시속도:0.000
17:31:47  GPS원시방향유효:1
17:31:47  GPS원시방향:182.8
17:31:47  가속도:-4.59,3.11,7.96
17:31:47  자이로:-0.4,-2.0,-0.2
17:31:47  자력계:19.950,7.950,-10.950
17:31:47  충격값:0.19
17:31:47  송신:17407
17:31:47  지팡이수신:16694
17:31:47  GPS위성:6
17:31:47  GPS_HDOP:1.40
17:31:47  원시위도:37.496570
17:31:47  원시경도:126.958025
17:31:47  GPS채택:978
17:31:47  GPS이상치거부:24
17:31:47  GPS품질거부:84
17:31:47  GPS재기준:6
17:31:47  계산거리:13.77
17:31:47  접근속도:0.05
17:31:47  TTC:999.00
17:31:47  방향오차:123.7
17:31:47  전방여부:0
17:31:47  위험음성횟수:0
17:31:47  충격음성횟수:1
17:31:47  마지막위험음성:0
17:31:47  RSSI원시:-76
17:31:47  RSSI평활:-76.4
17:31:47  RSSI샘플:16694
17:31:47  RSSI경과ms:36
17:31:47  위험송신:16693
17:31:49  시각ms:1795601
17:31:49  IMU시각ms:1795601
17:31:49  위험:0
17:31:49  원시위험:0
17:31:49  GPS유효:1
17:31:49  위도:37.496570
17:31:49  경도:126.958026
17:31:49  속도:0.00
17:31:49  방향:178.0
17:31:49  GPS원시속도:0.000
17:31:49  GPS원시방향유효:1
17:31:49  GPS원시방향:182.8
17:31:49  가속도:-4.51,3.10,8.14
17:31:49  자이로:1.9,-0.9,-2.1
17:31:49  자력계:19.350,7.800,-10.800
17:31:49  충격값:0.09
17:31:49  송신:17432
17:31:49  지팡이수신:16717
17:31:49  GPS위성:6
17:31:49  GPS_HDOP:1.40
17:31:49  원시위도:37.496570
17:31:49  원시경도:126.958025
17:31:49  GPS채택:982
17:31:49  GPS이상치거부:24
17:31:49  GPS품질거부:84
17:31:49  GPS재기준:6
17:31:49  계산거리:14.32
17:31:49  접근속도:-0.22
17:31:49  TTC:999.00
17:31:49  방향오차:122.3
17:31:49  전방여부:0
17:31:49  위험음성횟수:0
17:31:49  충격음성횟수:1
17:31:49  마지막위험음성:0
17:31:49  RSSI원시:-78
17:31:49  RSSI평활:-77.9
17:31:49  RSSI샘플:16717
17:31:49  RSSI경과ms:45
17:31:49  위험송신:16716
17:31:50  시각ms:1796134
17:31:50  IMU시각ms:1796134
17:31:50  위험:0
17:31:50  원시위험:0
17:31:50  GPS유효:1
17:31:50  위도:37.496570
17:31:50  경도:126.958025
17:31:50  속도:0.00
17:31:50  방향:178.0
17:31:50  GPS원시속도:0.000
17:31:50  GPS원시방향유효:1
17:31:50  GPS원시방향:182.8
17:31:50  가속도:-4.51,3.19,8.00
17:31:50  자이로:0.3,-2.6,0.3
17:31:50  자력계:19.650,8.400,-11.700
17:31:50  충격값:0.11
17:31:50  송신:17437
17:31:50  지팡이수신:16722
17:31:50  GPS위성:6
17:31:50  GPS_HDOP:1.40
17:31:50  원시위도:37.496570
17:31:50  원시경도:126.958025
17:31:50  GPS채택:984
17:31:50  GPS이상치거부:24
17:31:50  GPS품질거부:84
17:31:50  GPS재기준:6
17:31:50  계산거리:14.32
17:31:50  접근속도:-0.15
17:31:50  TTC:999.00
17:31:50  방향오차:122.3
17:31:50  전방여부:0
17:31:50  위험음성횟수:0
17:31:50  충격음성횟수:1
17:31:50  마지막위험음성:0
17:31:50  RSSI원시:-76
17:31:50  RSSI평활:-77.6
17:31:50  RSSI샘플:16722
17:31:50  RSSI경과ms:70
17:31:50  위험송신:16721
