1787794382.250 RX eeeeeeeeeeeeeeeeeeeeeeeeeeeeeeeeeeeeeeeeeeeeets Jul 29 2019 12:21:46
1787794382.251 RX rst:ets Jul 29 2019 12:21:46
1787794382.252 RX rst:ets Jul 29 2019 12:21:46
1787794382.252 RX rst:ets Jul 29 2019 12:21:46
1787794382.253 RX rst:ets Jul 29 2019 12:21:46
1787794382.253 RX rst:ets Jul 29 2019 12:21:46
1787794382.254 RX rst:ets Jul 29 2019 12:21:46
1787794382.255 RX rst:ets Jul 29 2019 12:21:46
1787794382.255 RX rst:ets Jul 29 2019 12:21:46
1787794382.256 RX rst:ets Jul 29 2019 12:21:46
1787794382.256 RX rst:ets Jul 29 2019 12:21:46
1787794382.257 RX rst:ets Jul 29 2019 12:21:46
1787794382.257 RX rst:ets Jul 29 2019 12:21:46
1787794382.258 RX rst:ets Jul 29 2019 12:21:46
1787794382.258 RX rst:ets Jul 29 2019 12:21:46
1787794382.259 RX rst:ets Jul 29 2019 12:21:46
1787794382.259 RX rst:ets Jul 29 2019 12:21:46
1787794382.260 RX rst:ets Jul 29 2019 12:21:46
1787794382.260 RX rst:ets Jul 29 2019 12:21:46
1787794382.261 RX rst:ets Jul 29 2019 12:21:46
1787794382.261 RX rst:ets Jul 29 2019 12:21:46
1787794382.262 RX rst:ets Jul 29 2019 12:21:46
1787794382.262 RX rst:ets Jul 29 2019 12:21:46
1787794382.263 RX rst:ets Jul 29 2019 12:21:46
1787794382.263 RX rst:ets Jul 29 2019 12:21:46
1787794382.264 RX rst:ets Jul 29 2019 12:21:46
1787794382.264 RX rst:ets Jul 29 2019 12:21:46
1787794382.265 RX rst:ets Jul 29 2019 12:21:46
1787794382.265 RX rst:ets Jul 29 2019 12:21:46
1787794382.266 RX rst:ets Jul 29 2019 12:21:46
1787794382.266 RX rst:ets Jul 29 2019 12:21:46
1787794382.267 RX rst:ets Jul 29 2019 12:21:46
1787794382.267 RX rst:ets Jul 29 2019 12:21:46
1787794382.267 RX rst:ets Jul 29 2019 12:21:46
1787794382.268 RX rst:ets Jul 29 2019 12:21:46
1787794382.268 RX rst:ets Jul 29 2019 12:21:46
1787794382.269 RX rst:ets Jul 29 2019 12:21:46
1787794382.269 RX rst:ets Jul 29 2019 12:21:46
1787794382.270 RX rst:ets Jul 29 2019 12:21:46
1787794382.270 RX rst:ets Jul 29 2019 12:21:46
1787794382.271 RX rst:ets Jul 29 2019 12:21:46
1787794382.271 RX rst:ets Jul 29 2019 12:21:46
1787794382.271 RX rst:ets Jul 29 2019 12:21:46
1787794382.272 RX rst:ets Jul 29 2019 12:21:46
1787794382.272 RX rst:ets Jul 29 2019 12:21:46
1787794382.273 RX rst:ets Jul 29 2019 12:21:46
1787794382.273 RX rst:ets Jul 29 2019 12:21:46
1787794382.273 RX rst:ets Jul 29 2019 12:21:46
1787794382.274 RX rst:ets Jul 29 2019 12:21:46
1787794382.274 RX rst:ets Jul 29 2019 12:21:46
1787794382.275 RX rst:ets Jul 29 2019 12:21:46
1787794382.275 RX rst:ets Jul 29 2019 12:21:46
1787794382.276 RX rst:ets Jul 29 2019 12:21:46
1787794382.276 RX rst:ets Jul 29 2019 12:21:46
1787794382.276 RX rst:ets Jul 29 2019 12:21:46
1787794382.277 RX rst:ets Jul 29 2019 12:21:46
1787794382.277 RX rst:ets Jul 29 2019 12:21:46
1787794382.278 RX rst:ets Jul 29 2019 12:21:46
1787794382.278 RX rst:ets Jul 29 2019 12:21:46
1787794382.278 RX rst:ets Jul 29 2019 12:21:46
1787794382.279 RX rst:ets Jul 29 2019 12:21:46
1787794382.279 RX rst:ets Jul 29 2019 12:21:46
1787794382.280 RX rst:ets Jul 29 2019 12:21:46
1787794382.280 RX rst:0x1 (POWERON_RESET),boot:0x13 (SPI_FAST_FLASH_BOOT)
1787794382.281 RX configsip: 0, SPIWP:0xee
1787794382.281 RX clk_drv:0x00,q_drv:0x00,d_drv:0x00,cs0_drv:0x00,hd_drv:0x00,wp_drv:0x00
1787794382.282 RX mode:DIO, clock div:1
1787794382.282 RX load:0x3fff0030,len:4876
1787794382.282 RX ho 0 tail 12 room 4
1787794382.283 RX load:0x40078000,len:16532
1787794382.283 RX load:0x40080400,len:3500
1787794382.283 RX entry 0x400805b4
1787794383.303 RX {"type":"bridge_boot","node_id":4125657604,"channel":6,"version":3,"wdt_ms":10000}
1787794383.350 RX {"type":"vehicle","node_id":2882630492,"seq":2620,"gps_valid":0,"heading_valid":0,"lat":0.000000,"lng":0.000000,"speed_mps":0.000,"heading_deg":0.00,"node_risk":0,"tx_ms":287476,"rx_ms":795,"recv_count":1,"lost_count":0,"rssi":-37,"rssi_dist":0.80,"src_mac":"1C:C3:AB:D1:73:5C"}
1787794383.416 RX {"type":"cane","node_id":4125577512,"seq":2516,"gps_valid":0,"heading_valid":0,"lat":0.000000,"lng":0.000000,"speed_mps":0.000,"heading_deg":0.00,"node_risk":0,"tx_ms":286311,"rx_ms":860,"recv_count":1,"lost_count":0,"rssi":-40,"rssi_dist":-1.00,"src_mac":"30:76:F5:E7:51:28"}
1787794383.456 RX {"type":"vehicle","node_id":2882630492,"seq":2621,"gps_valid":0,"heading_valid":0,"lat":0.000000,"lng":0.000000,"speed_mps":0.000,"heading_deg":0.00,"node_risk":0,"tx_ms":287582,"rx_ms":901,"recv_count":2,"lost_count":0,"rssi":-34,"rssi_dist":0.80,"src_mac":"1C:C3:AB:D1:73:5C"}
1787794383.522 RX {"type":"cane","node_id":4125577512,"seq":2517,"gps_valid":0,"heading_valid":0,"lat":0.000000,"lng":0.000000,"speed_mps":0.000,"heading_deg":0.00,"node_risk":0,"tx_ms":286418,"rx_ms":968,"recv_count":2,"lost_count":0,"rssi":-39,"rssi_dist":-1.00,"src_mac":"30:76:F5:E7:51:28"}
1787794383.562 RX {"type":"vehicle","node_id":2882630492,"seq":2622,"gps_valid":0,"heading_valid":0,"lat":0.000000,"lng":0.000000,"speed_mps":0.000,"heading_deg":0.00,"node_risk":0,"tx_ms":287685,"rx_ms":1007,"recv_count":3,"lost_count":0,"rssi":-34,"rssi_dist":0.80,"src_mac":"1C:C3:AB:D1:73:5C"}
1787794383.628 RX {"type":"cane","node_id":4125577512,"seq":2518,"gps_valid":0,"heading_valid":0,"lat":0.000000,"lng":0.000000,"speed_mps":0.000,"heading_deg":0.00,"node_risk":0,"tx_ms":286525,"rx_ms":1074,"recv_count":3,"lost_count":0,"rssi":-39,"rssi_dist":-1.00,"src_mac":"30:76:F5:E7:51:28"}
1787794383.660 RX {"type":"vehicle","node_id":2882630492,"seq":2623,"gps_valid":0,"heading_valid":0,"lat":0.000000,"lng":0.000000,"speed_mps":0.000,"heading_deg":0.00,"node_risk":0,"tx_ms":287793,"rx_ms":1105,"recv_count":4,"lost_count":0,"rssi":-35,"rssi_dist":0.80,"src_mac":"1C:C3:AB:D1:73:5C"}
1787794383.742 RX {"type":"cane","node_id":4125577512,"seq":2519,"gps_valid":0,"heading_valid":0,"lat":0.000000,"lng":0.000000,"speed_mps":0.000,"heading_deg":0.00,"node_risk":0,"tx_ms":286632,"rx_ms":1188,"recv_count":4,"lost_count":0,"rssi":-42,"rssi_dist":-1.00,"src_mac":"30:76:F5:E7:51:28"}
1787794383.766 RX {"type":"vehicle","node_id":2882630492,"seq":2624,"gps_valid":0,"heading_valid":0,"lat":0.000000,"lng":0.000000,"speed_mps":0.000,"heading_deg":0.00,"node_risk":0,"tx_ms":287893,"rx_ms":1205,"recv_count":5,"lost_count":0,"rssi":-27,"rssi_dist":0.80,"src_mac":"1C:C3:AB:D1:73:5C"}
1787794383.848 RX {"type":"cane","node_id":4125577512,"seq":2520,"gps_valid":0,"heading_valid":0,"lat":0.000000,"lng":0.000000,"speed_mps":0.000,"heading_deg":0.00,"node_risk":0,"tx_ms":286740,"rx_ms":1292,"recv_count":5,"lost_count":0,"rssi":-42,"rssi_dist":-1.00,"src_mac":"30:76:F5:E7:51:28"}
1787794383.872 RX {"type":"vehicle","node_id":2882630492,"seq":2625,"gps_valid":0,"heading_valid":0,"lat":0.000000,"lng":0.000000,"speed_mps":0.000,"heading_deg":0.00,"node_risk":0,"tx_ms":287998,"rx_ms":1310,"recv_count":6,"lost_count":0,"rssi":-34,"rssi_dist":0.80,"src_mac":"1C:C3:AB:D1:73:5C"}
1787794383.950 RX {"type":"cane","node_id":4125577512,"seq":2521,"gps_valid":0,"heading_valid":0,"lat":0.000000,"lng":0.000000,"speed_mps":0.000,"heading_deg":0.00,"node_risk":0,"tx_ms":286846,"rx_ms":1396,"recv_count":6,"lost_count":0,"rssi":-42,"rssi_dist":-1.00,"src_mac":"30:76:F5:E7:51:28"}
1787794383.974 RX {"type":"vehicle","node_id":2882630492,"seq":2626,"gps_valid":0,"heading_valid":0,"lat":0.000000,"lng":0.000000,"speed_mps":0.000,"heading_deg":0.00,"node_risk":0,"tx_ms":288099,"rx_ms":1410,"recv_count":7,"lost_count":0,"rssi":-34,"rssi_dist":0.80,"src_mac":"1C:C3:AB:D1:73:5C"}
1787794384.064 RX {"type":"cane","node_id":4125577512,"seq":2522,"gps_valid":0,"heading_valid":0,"lat":0.000000,"lng":0.000000,"speed_mps":0.000,"heading_deg":0.00,"node_risk":0,"tx_ms":286953,"rx_ms":1509,"recv_count":7,"lost_count":0,"rssi":-41,"rssi_dist":-1.00,"src_mac":"30:76:F5:E7:51:28"}
1787794384.088 RX {"type":"vehicle","node_id":2882630492,"seq":2627,"gps_valid":0,"heading_valid":0,"lat":0.000000,"lng":0.000000,"speed_mps":0.000,"heading_deg":0.00,"node_risk":0,"tx_ms":288204,"rx_ms":1516,"recv_count":8,"lost_count":0,"rssi":-34,"rssi_dist":0.80,"src_mac":"1C:C3:AB:D1:73:5C"}
1787794384.166 RX {"type":"cane","node_id":4125577512,"seq":2523,"gps_valid":0,"heading_valid":0,"lat":0.000000,"lng":0.000000,"speed_mps":0.000,"heading_deg":0.00,"node_risk":0,"tx_ms":287060,"rx_ms":1611,"recv_count":8,"lost_count":0,"rssi":-42,"rssi_dist":-1.00,"src_mac":"30:76:F5:E7:51:28"}
1787794384.190 RX {"type":"vehicle","node_id":2882630492,"seq":2628,"gps_valid":0,"heading_valid":0,"lat":0.000000,"lng":0.000000,"speed_mps":0.000,"heading_deg":0.00,"node_risk":0,"tx_ms":288305,"rx_ms":1619,"recv_count":9,"lost_count":0,"rssi":-25,"rssi_dist":0.80,"src_mac":"1C:C3:AB:D1:73:5C"}
1787794384.274 RX {"type":"cane","node_id":4125577512,"seq":2524,"gps_valid":0,"heading_valid":0,"lat":0.000000,"lng":0.000000,"speed_mps":0.000,"heading_deg":0.00,"node_risk":0,"tx_ms":287167,"rx_ms":1719,"recv_count":9,"lost_count":0,"rssi":-39,"rssi_dist":-1.00,"src_mac":"30:76:F5:E7:51:28"}
1787794384.298 RX {"type":"vehicle","node_id":2882630492,"seq":2629,"gps_valid":0,"heading_valid":0,"lat":0.000000,"lng":0.000000,"speed_mps":0.000,"heading_deg":0.00,"node_risk":0,"tx_ms":288410,"rx_ms":1722,"recv_count":10,"lost_count":0,"rssi":-24,"rssi_dist":0.80,"src_mac":"1C:C3:AB:D1:73:5C"}
1787794384.392 RX {"type":"vehicle","node_id":2882630492,"seq":2630,"gps_valid":0,"heading_valid":0,"lat":0.000000,"lng":0.000000,"speed_mps":0.000,"heading_deg":0.00,"node_risk":0,"tx_ms":288514,"rx_ms":1837,"recv_count":11,"lost_count":0,"rssi":-24,"rssi_dist":0.80,"src_mac":"1C:C3:AB:D1:73:5C"}
1787794384.486 RX {"type":"cane","node_id":4125577512,"seq":2526,"gps_valid":0,"heading_valid":0,"lat":0.000000,"lng":0.000000,"speed_mps":0.000,"heading_deg":0.00,"node_risk":0,"tx_ms":287382,"rx_ms":1930,"recv_count":10,"lost_count":1,"rssi":-43,"rssi_dist":-1.00,"src_mac":"30:76:F5:E7:51:28"}
1787794384.510 RX {"type":"vehicle","node_id":2882630492,"seq":2631,"gps_valid":0,"heading_valid":0,"lat":0.000000,"lng":0.000000,"speed_mps":0.000,"heading_deg":0.00,"node_risk":0,"tx_ms":288617,"rx_ms":1931,"recv_count":12,"lost_count":0,"rssi":-33,"rssi_dist":0.80,"src_mac":"1C:C3:AB:D1:73:5C"}
1787794384.594 RX {"type":"cane","node_id":4125577512,"seq":2527,"gps_valid":0,"heading_valid":0,"lat":0.000000,"lng":0.000000,"speed_mps":0.000,"heading_deg":0.00,"node_risk":0,"tx_ms":287488,"rx_ms":2040,"recv_count":11,"lost_count":1,"rssi":-44,"rssi_dist":-1.00,"src_mac":"30:76:F5:E7:51:28"}
1787794384.618 RX {"type":"vehicle","node_id":2882630492,"seq":2632,"gps_valid":0,"heading_valid":0,"lat":0.000000,"lng":0.000000,"speed_mps":0.000,"heading_deg":0.00,"node_risk":0,"tx_ms":288721,"rx_ms":2041,"recv_count":13,"lost_count":0,"rssi":-25,"rssi_dist":0.80,"src_mac":"1C:C3:AB:D1:73:5C"}
1787794384.700 RX {"type":"vehicle","node_id":2882630492,"seq":2633,"gps_valid":0,"heading_valid":0,"lat":0.000000,"lng":0.000000,"speed_mps":0.000,"heading_deg":0.00,"node_risk":0,"tx_ms":288828,"rx_ms":2144,"recv_count":14,"lost_count":0,"rssi":-34,"rssi_dist":0.80,"src_mac":"1C:C3:AB:D1:73:5C"}
1787794384.724 RX {"type":"cane","node_id":4125577512,"seq":2528,"gps_valid":0,"heading_valid":0,"lat":0.000000,"lng":0.000000,"speed_mps":0.000,"heading_deg":0.00,"node_risk":0,"tx_ms":287595,"rx_ms":2145,"recv_count":12,"lost_count":1,"rssi":-44,"rssi_dist":-1.00,"src_mac":"30:76:F5:E7:51:28"}
1787794384.806 RX {"type":"cane","node_id":4125577512,"seq":2529,"gps_valid":0,"heading_valid":0,"lat":0.000000,"lng":0.000000,"speed_mps":0.000,"heading_deg":0.00,"node_risk":0,"tx_ms":287702,"rx_ms":2250,"recv_count":13,"lost_count":1,"rssi":-43,"rssi_dist":-1.00,"src_mac":"30:76:F5:E7:51:28"}
1787794384.830 RX {"type":"vehicle","node_id":2882630492,"seq":2634,"gps_valid":0,"heading_valid":0,"lat":0.000000,"lng":0.000000,"speed_mps":0.000,"heading_deg":0.00,"node_risk":0,"tx_ms":288934,"rx_ms":2251,"recv_count":15,"lost_count":0,"rssi":-24,"rssi_dist":0.80,"src_mac":"1C:C3:AB:D1:73:5C"}
1787794384.902 RX {"type":"vehicle","node_id":2882630492,"seq":2635,"gps_valid":0,"heading_valid":0,"lat":0.000000,"lng":0.000000,"speed_mps":0.000,"heading_deg":0.00,"node_risk":0,"tx_ms":289035,"rx_ms":2347,"recv_count":16,"lost_count":0,"rssi":-24,"rssi_dist":0.80,"src_mac":"1C:C3:AB:D1:73:5C"}
1787794384.926 RX {"type":"cane","node_id":4125577512,"seq":2530,"gps_valid":0,"heading_valid":0,"lat":0.000000,"lng":0.000000,"speed_mps":0.000,"heading_deg":0.00,"node_risk":0,"tx_ms":287809,"rx_ms":2360,"recv_count":14,"lost_count":1,"rssi":-43,"rssi_dist":-1.00,"src_mac":"30:76:F5:E7:51:28"}
1787794385.006 RX {"type":"vehicle","node_id":2882630492,"seq":2636,"gps_valid":0,"heading_valid":0,"lat":0.000000,"lng":0.000000,"speed_mps":0.000,"heading_deg":0.00,"node_risk":0,"tx_ms":289140,"rx_ms":2452,"recv_count":17,"lost_count":0,"rssi":-24,"rssi_dist":0.80,"src_mac":"1C:C3:AB:D1:73:5C"}
1787794385.030 RX {"type":"cane","node_id":4125577512,"seq":2531,"gps_valid":0,"heading_valid":0,"lat":0.000000,"lng":0.000000,"speed_mps":0.000,"heading_deg":0.00,"node_risk":0,"tx_ms":287916,"rx_ms":2465,"recv_count":15,"lost_count":1,"rssi":-44,"rssi_dist":-1.00,"src_mac":"30:76:F5:E7:51:28"}
1787794385.108 RX {"type":"vehicle","node_id":2882630492,"seq":2637,"gps_valid":0,"heading_valid":0,"lat":0.000000,"lng":0.000000,"speed_mps":0.000,"heading_deg":0.00,"node_risk":0,"tx_ms":289242,"rx_ms":2554,"recv_count":18,"lost_count":0,"rssi":-25,"rssi_dist":0.80,"src_mac":"1C:C3:AB:D1:73:5C"}
1787794385.132 RX {"type":"cane","node_id":4125577512,"seq":2532,"gps_valid":0,"heading_valid":0,"lat":0.000000,"lng":0.000000,"speed_mps":0.000,"heading_deg":0.00,"node_risk":0,"tx_ms":288023,"rx_ms":2573,"recv_count":16,"lost_count":1,"rssi":-44,"rssi_dist":-1.00,"src_mac":"30:76:F5:E7:51:28"}
1787794385.214 RX {"type":"vehicle","node_id":2882630492,"seq":2638,"gps_valid":0,"heading_valid":0,"lat":0.000000,"lng":0.000000,"speed_mps":0.000,"heading_deg":0.00,"node_risk":0,"tx_ms":289346,"rx_ms":2658,"recv_count":19,"lost_count":0,"rssi":-34,"rssi_dist":0.80,"src_mac":"1C:C3:AB:D1:73:5C"}
1787794385.238 RX {"type":"cane","node_id":4125577512,"seq":2533,"gps_valid":0,"heading_valid":0,"lat":0.000000,"lng":0.000000,"speed_mps":0.000,"heading_deg":0.00,"node_risk":0,"tx_ms":288130,"rx_ms":2681,"recv_count":17,"lost_count":1,"rssi":-44,"rssi_dist":-1.00,"src_mac":"30:76:F5:E7:51:28"}
1787794385.316 RX {"type":"vehicle","node_id":2882630492,"seq":2639,"gps_valid":0,"heading_valid":0,"lat":0.000000,"lng":0.000000,"speed_mps":0.000,"heading_deg":0.00,"node_risk":0,"tx_ms":289448,"rx_ms":2760,"recv_count":20,"lost_count":0,"rssi":-34,"rssi_dist":0.80,"src_mac":"1C:C3:AB:D1:73:5C"}
1787794385.346 RX {"type":"cane","node_id":4125577512,"seq":2534,"gps_valid":0,"heading_valid":0,"lat":0.000000,"lng":0.000000,"speed_mps":0.000,"heading_deg":0.00,"node_risk":0,"tx_ms":288237,"rx_ms":2790,"recv_count":18,"lost_count":1,"rssi":-47,"rssi_dist":-1.00,"src_mac":"30:76:F5:E7:51:28"}
1787794385.420 RX {"type":"vehicle","node_id":2882630492,"seq":2640,"gps_valid":0,"heading_valid":0,"lat":0.000000,"lng":0.000000,"speed_mps":0.000,"heading_deg":0.00,"node_risk":0,"tx_ms":289553,"rx_ms":2865,"recv_count":21,"lost_count":0,"rssi":-34,"rssi_dist":0.80,"src_mac":"1C:C3:AB:D1:73:5C"}
1787794385.462 RX {"type":"cane","node_id":4125577512,"seq":2535,"gps_valid":0,"heading_valid":0,"lat":0.000000,"lng":0.000000,"speed_mps":0.000,"heading_deg":0.00,"node_risk":0,"tx_ms":288344,"rx_ms":2906,"recv_count":19,"lost_count":1,"rssi":-47,"rssi_dist":-1.00,"src_mac":"30:76:F5:E7:51:28"}
1787794385.522 RX {"type":"vehicle","node_id":2882630492,"seq":2641,"gps_valid":0,"heading_valid":0,"lat":0.000000,"lng":0.000000,"speed_mps":0.000,"heading_deg":0.00,"node_risk":0,"tx_ms":289655,"rx_ms":2967,"recv_count":22,"lost_count":0,"rssi":-24,"rssi_dist":0.80,"src_mac":"1C:C3:AB:D1:73:5C"}
1787794385.626 RX {"type":"vehicle","node_id":2882630492,"seq":2642,"gps_valid":0,"heading_valid":0,"lat":0.000000,"lng":0.000000,"speed_mps":0.000,"heading_deg":0.00,"node_risk":0,"tx_ms":289759,"rx_ms":3071,"recv_count":23,"lost_count":0,"rssi":-24,"rssi_dist":0.80,"src_mac":"1C:C3:AB:D1:73:5C"}
1787794385.670 RX {"type":"cane","node_id":4125577512,"seq":2537,"gps_valid":0,"heading_valid":0,"lat":0.000000,"lng":0.000000,"speed_mps":0.000,"heading_deg":0.00,"node_risk":0,"tx_ms":288559,"rx_ms":3114,"recv_count":20,"lost_count":2,"rssi":-45,"rssi_dist":-1.00,"src_mac":"30:76:F5:E7:51:28"}
1787794385.728 RX {"type":"vehicle","node_id":2882630492,"seq":2643,"gps_valid":0,"heading_valid":0,"lat":0.000000,"lng":0.000000,"speed_mps":0.000,"heading_deg":0.00,"node_risk":0,"tx_ms":289859,"rx_ms":3172,"recv_count":24,"lost_count":0,"rssi":-24,"rssi_dist":0.80,"src_mac":"1C:C3:AB:D1:73:5C"}
1787794385.774 RX {"type":"cane","node_id":4125577512,"seq":2538,"gps_valid":0,"heading_valid":0,"lat":0.000000,"lng":0.000000,"speed_mps":0.000,"heading_deg":0.00,"node_risk":0,"tx_ms":288665,"rx_ms":3219,"recv_count":21,"lost_count":2,"rssi":-45,"rssi_dist":-1.00,"src_mac":"30:76:F5:E7:51:28"}
1787794385.832 RX {"type":"vehicle","node_id":2882630492,"seq":2644,"gps_valid":0,"heading_valid":0,"lat":0.000000,"lng":0.000000,"speed_mps":0.000,"heading_deg":0.00,"node_risk":0,"tx_ms":289965,"rx_ms":3277,"recv_count":25,"lost_count":0,"rssi":-32,"rssi_dist":0.80,"src_mac":"1C:C3:AB:D1:73:5C"}
1787794385.884 RX {"type":"cane","node_id":4125577512,"seq":2539,"gps_valid":0,"heading_valid":0,"lat":0.000000,"lng":0.000000,"speed_mps":0.000,"heading_deg":0.00,"node_risk":0,"tx_ms":288772,"rx_ms":3328,"recv_count":22,"lost_count":2,"rssi":-45,"rssi_dist":-1.00,"src_mac":"30:76:F5:E7:51:28"}
1787794385.934 RX {"type":"vehicle","node_id":2882630492,"seq":2645,"gps_valid":0,"heading_valid":0,"lat":0.000000,"lng":0.000000,"speed_mps":0.000,"heading_deg":0.00,"node_risk":0,"tx_ms":290067,"rx_ms":3378,"recv_count":26,"lost_count":0,"rssi":-24,"rssi_dist":0.80,"src_mac":"1C:C3:AB:D1:73:5C"}
1787794385.988 RX {"type":"cane","node_id":4125577512,"seq":2540,"gps_valid":0,"heading_valid":0,"lat":0.000000,"lng":0.000000,"speed_mps":0.000,"heading_deg":0.00,"node_risk":0,"tx_ms":288879,"rx_ms":3433,"recv_count":23,"lost_count":2,"rssi":-44,"rssi_dist":-1.00,"src_mac":"30:76:F5:E7:51:28"}
1787794386.038 RX {"type":"vehicle","node_id":2882630492,"seq":2646,"gps_valid":0,"heading_valid":0,"lat":0.000000,"lng":0.000000,"speed_mps":0.000,"heading_deg":0.00,"node_risk":0,"tx_ms":290171,"rx_ms":3484,"recv_count":27,"lost_count":0,"rssi":-25,"rssi_dist":0.80,"src_mac":"1C:C3:AB:D1:73:5C"}
1787794386.094 RX {"type":"cane","node_id":4125577512,"seq":2541,"gps_valid":0,"heading_valid":0,"lat":0.000000,"lng":0.000000,"speed_mps":0.000,"heading_deg":0.00,"node_risk":0,"tx_ms":288986,"rx_ms":3538,"recv_count":24,"lost_count":2,"rssi":-42,"rssi_dist":-1.00,"src_mac":"30:76:F5:E7:51:28"}
1787794386.146 RX {"type":"vehicle","node_id":2882630492,"seq":2647,"gps_valid":0,"heading_valid":0,"lat":0.000000,"lng":0.000000,"speed_mps":0.000,"heading_deg":0.00,"node_risk":0,"tx_ms":290271,"rx_ms":3591,"recv_count":28,"lost_count":0,"rssi":-34,"rssi_dist":0.80,"src_mac":"1C:C3:AB:D1:73:5C"}
1787794386.196 RX {"type":"cane","node_id":4125577512,"seq":2542,"gps_valid":0,"heading_valid":0,"lat":0.000000,"lng":0.000000,"speed_mps":0.000,"heading_deg":0.00,"node_risk":0,"tx_ms":289093,"rx_ms":3642,"recv_count":25,"lost_count":2,"rssi":-44,"rssi_dist":-1.00,"src_mac":"30:76:F5:E7:51:28"}
1787794386.242 RX {"type":"vehicle","node_id":2882630492,"seq":2648,"gps_valid":0,"heading_valid":0,"lat":0.000000,"lng":0.000000,"speed_mps":0.000,"heading_deg":0.00,"node_risk":0,"tx_ms":290376,"rx_ms":3688,"recv_count":29,"lost_count":0,"rssi":-34,"rssi_dist":0.80,"src_mac":"1C:C3:AB:D1:73:5C"}
1787794386.304 RX {"type":"cane","node_id":4125577512,"seq":2543,"gps_valid":0,"heading_valid":0,"lat":0.000000,"lng":0.000000,"speed_mps":0.000,"heading_deg":0.00,"node_risk":0,"tx_ms":289200,"rx_ms":3749,"recv_count":26,"lost_count":2,"rssi":-47,"rssi_dist":-1.00,"src_mac":"30:76:F5:E7:51:28"}
1787794386.342 RX {"type":"vehicle","node_id":2882630492,"seq":2649,"gps_valid":0,"heading_valid":0,"lat":0.000000,"lng":0.000000,"speed_mps":0.000,"heading_deg":0.00,"node_risk":0,"tx_ms":290476,"rx_ms":3788,"recv_count":30,"lost_count":0,"rssi":-35,"rssi_dist":0.80,"src_mac":"1C:C3:AB:D1:73:5C"}
1787794386.410 RX {"type":"cane","node_id":4125577512,"seq":2544,"gps_valid":0,"heading_valid":0,"lat":0.000000,"lng":0.000000,"speed_mps":0.000,"heading_deg":0.00,"node_risk":0,"tx_ms":289307,"rx_ms":3856,"recv_count":27,"lost_count":2,"rssi":-46,"rssi_dist":-1.00,"src_mac":"30:76:F5:E7:51:28"}
1787794386.448 RX {"type":"vehicle","node_id":2882630492,"seq":2650,"gps_valid":0,"heading_valid":0,"lat":0.000000,"lng":0.000000,"speed_mps":0.000,"heading_deg":0.00,"node_risk":0,"tx_ms":290581,"rx_ms":3893,"recv_count":31,"lost_count":0,"rssi":-34,"rssi_dist":0.80,"src_mac":"1C:C3:AB:D1:73:5C"}
1787794386.520 RX {"type":"cane","node_id":4125577512,"seq":2545,"gps_valid":0,"heading_valid":0,"lat":0.000000,"lng":0.000000,"speed_mps":0.000,"heading_deg":0.00,"node_risk":0,"tx_ms":289414,"rx_ms":3965,"recv_count":28,"lost_count":2,"rssi":-44,"rssi_dist":-1.00,"src_mac":"30:76:F5:E7:51:28"}
1787794386.550 RX {"type":"vehicle","node_id":2882630492,"seq":2651,"gps_valid":0,"heading_valid":0,"lat":0.000000,"lng":0.000000,"speed_mps":0.000,"heading_deg":0.00,"node_risk":0,"tx_ms":290683,"rx_ms":3995,"recv_count":32,"lost_count":0,"rssi":-34,"rssi_dist":0.80,"src_mac":"1C:C3:AB:D1:73:5C"}
1787794386.628 RX {"type":"cane","node_id":4125577512,"seq":2546,"gps_valid":0,"heading_valid":0,"lat":0.000000,"lng":0.000000,"speed_mps":0.000,"heading_deg":0.00,"node_risk":0,"tx_ms":289521,"rx_ms":4072,"recv_count":29,"lost_count":2,"rssi":-43,"rssi_dist":-1.00,"src_mac":"30:76:F5:E7:51:28"}
1787794386.668 RX {"type":"vehicle","node_id":2882630492,"seq":2652,"gps_valid":0,"heading_valid":0,"lat":0.000000,"lng":0.000000,"speed_mps":0.000,"heading_deg":0.00,"node_risk":0,"tx_ms":290800,"rx_ms":4112,"recv_count":33,"lost_count":0,"rssi":-25,"rssi_dist":0.80,"src_mac":"1C:C3:AB:D1:73:5C"}
1787794386.738 RX {"type":"cane","node_id":4125577512,"seq":2547,"gps_valid":0,"heading_valid":0,"lat":0.000000,"lng":0.000000,"speed_mps":0.000,"heading_deg":0.00,"node_risk":0,"tx_ms":289628,"rx_ms":4182,"recv_count":30,"lost_count":2,"rssi":-44,"rssi_dist":-1.00,"src_mac":"30:76:F5:E7:51:28"}
1787794386.774 RX {"type":"vehicle","node_id":2882630492,"seq":2653,"gps_valid":0,"heading_valid":0,"lat":0.000000,"lng":0.000000,"speed_mps":0.000,"heading_deg":0.00,"node_risk":0,"tx_ms":290906,"rx_ms":4219,"recv_count":34,"lost_count":0,"rssi":-25,"rssi_dist":0.80,"src_mac":"1C:C3:AB:D1:73:5C"}
1787794386.840 RX {"type":"cane","node_id":4125577512,"seq":2548,"gps_valid":0,"heading_valid":0,"lat":0.000000,"lng":0.000000,"speed_mps":0.000,"heading_deg":0.00,"node_risk":0,"tx_ms":289735,"rx_ms":4284,"recv_count":31,"lost_count":2,"rssi":-45,"rssi_dist":-1.00,"src_mac":"30:76:F5:E7:51:28"}
1787794386.878 RX {"type":"vehicle","node_id":2882630492,"seq":2654,"gps_valid":0,"heading_valid":0,"lat":0.000000,"lng":0.000000,"speed_mps":0.000,"heading_deg":0.00,"node_risk":0,"tx_ms":291011,"rx_ms":4323,"recv_count":35,"lost_count":0,"rssi":-34,"rssi_dist":0.80,"src_mac":"1C:C3:AB:D1:73:5C"}
1787794386.946 RX {"type":"cane","node_id":4125577512,"seq":2549,"gps_valid":0,"heading_valid":0,"lat":0.000000,"lng":0.000000,"speed_mps":0.000,"heading_deg":0.00,"node_risk":0,"tx_ms":289842,"rx_ms":4390,"recv_count":32,"lost_count":2,"rssi":-43,"rssi_dist":-1.00,"src_mac":"30:76:F5:E7:51:28"}
1787794386.982 RX {"type":"vehicle","node_id":2882630492,"seq":2655,"gps_valid":0,"heading_valid":0,"lat":0.000000,"lng":0.000000,"speed_mps":0.000,"heading_deg":0.00,"node_risk":0,"tx_ms":291114,"rx_ms":4426,"recv_count":36,"lost_count":0,"rssi":-34,"rssi_dist":0.80,"src_mac":"1C:C3:AB:D1:73:5C"}
1787794387.052 RX {"type":"cane","node_id":4125577512,"seq":2550,"gps_valid":0,"heading_valid":0,"lat":0.000000,"lng":0.000000,"speed_mps":0.000,"heading_deg":0.00,"node_risk":0,"tx_ms":289949,"rx_ms":4498,"recv_count":33,"lost_count":2,"rssi":-44,"rssi_dist":-1.00,"src_mac":"30:76:F5:E7:51:28"}
1787794387.082 RX {"type":"vehicle","node_id":2882630492,"seq":2656,"gps_valid":0,"heading_valid":0,"lat":0.000000,"lng":0.000000,"speed_mps":0.000,"heading_deg":0.00,"node_risk":0,"tx_ms":291215,"rx_ms":4527,"recv_count":37,"lost_count":0,"rssi":-34,"rssi_dist":0.80,"src_mac":"1C:C3:AB:D1:73:5C"}
1787794387.160 RX {"type":"cane","node_id":4125577512,"seq":2551,"gps_valid":0,"heading_valid":0,"lat":0.000000,"lng":0.000000,"speed_mps":0.000,"heading_deg":0.00,"node_risk":0,"tx_ms":290056,"rx_ms":4604,"recv_count":34,"lost_count":2,"rssi":-44,"rssi_dist":-1.00,"src_mac":"30:76:F5:E7:51:28"}
1787794387.188 RX {"type":"vehicle","node_id":2882630492,"seq":2657,"gps_valid":0,"heading_valid":0,"lat":0.000000,"lng":0.000000,"speed_mps":0.000,"heading_deg":0.00,"node_risk":0,"tx_ms":291320,"rx_ms":4632,"recv_count":38,"lost_count":0,"rssi":-35,"rssi_dist":0.80,"src_mac":"1C:C3:AB:D1:73:5C"}
1787794387.266 RX {"type":"cane","node_id":4125577512,"seq":2552,"gps_valid":0,"heading_valid":0,"lat":0.000000,"lng":0.000000,"speed_mps":0.000,"heading_deg":0.00,"node_risk":0,"tx_ms":290164,"rx_ms":4712,"recv_count":35,"lost_count":2,"rssi":-43,"rssi_dist":-1.00,"src_mac":"30:76:F5:E7:51:28"}
1787794387.290 RX {"type":"vehicle","node_id":2882630492,"seq":2658,"gps_valid":0,"heading_valid":0,"lat":0.000000,"lng":0.000000,"speed_mps":0.000,"heading_deg":0.00,"node_risk":0,"tx_ms":291420,"rx_ms":4733,"recv_count":39,"lost_count":0,"rssi":-34,"rssi_dist":0.80,"src_mac":"1C:C3:AB:D1:73:5C"}
1787794387.376 RX {"type":"cane","node_id":4125577512,"seq":2553,"gps_valid":0,"heading_valid":0,"lat":0.000000,"lng":0.000000,"speed_mps":0.000,"heading_deg":0.00,"node_risk":0,"tx_ms":290270,"rx_ms":4820,"recv_count":36,"lost_count":2,"rssi":-43,"rssi_dist":-1.00,"src_mac":"30:76:F5:E7:51:28"}
1787794387.400 RX {"type":"vehicle","node_id":2882630492,"seq":2659,"gps_valid":0,"heading_valid":0,"lat":0.000000,"lng":0.000000,"speed_mps":0.000,"heading_deg":0.00,"node_risk":0,"tx_ms":291524,"rx_ms":4842,"recv_count":40,"lost_count":0,"rssi":-34,"rssi_dist":0.80,"src_mac":"1C:C3:AB:D1:73:5C"}
1787794387.488 RX {"type":"cane","node_id":4125577512,"seq":2554,"gps_valid":0,"heading_valid":0,"lat":0.000000,"lng":0.000000,"speed_mps":0.000,"heading_deg":0.00,"node_risk":0,"tx_ms":290378,"rx_ms":4932,"recv_count":37,"lost_count":2,"rssi":-46,"rssi_dist":-1.00,"src_mac":"30:76:F5:E7:51:28"}
1787794387.512 RX {"type":"vehicle","node_id":2882630492,"seq":2660,"gps_valid":0,"heading_valid":0,"lat":0.000000,"lng":0.000000,"speed_mps":0.000,"heading_deg":0.00,"node_risk":0,"tx_ms":291626,"rx_ms":4945,"recv_count":41,"lost_count":0,"rssi":-35,"rssi_dist":0.80,"src_mac":"1C:C3:AB:D1:73:5C"}
1787794387.588 RX {"type":"cane","node_id":4125577512,"seq":2555,"gps_valid":0,"heading_valid":0,"lat":0.000000,"lng":0.000000,"speed_mps":0.000,"heading_deg":0.00,"node_risk":0,"tx_ms":290484,"rx_ms":5033,"recv_count":38,"lost_count":2,"rssi":-46,"rssi_dist":-1.00,"src_mac":"30:76:F5:E7:51:28"}
1787794387.612 RX {"type":"vehicle","node_id":2882630492,"seq":2661,"gps_valid":0,"heading_valid":0,"lat":0.000000,"lng":0.000000,"speed_mps":0.000,"heading_deg":0.00,"node_risk":0,"tx_ms":291732,"rx_ms":5048,"recv_count":42,"lost_count":0,"rssi":-35,"rssi_dist":0.80,"src_mac":"1C:C3:AB:D1:73:5C"}
1787794387.696 RX {"type":"cane","node_id":4125577512,"seq":2556,"gps_valid":0,"heading_valid":0,"lat":0.000000,"lng":0.000000,"speed_mps":0.000,"heading_deg":0.00,"node_risk":0,"tx_ms":290591,"rx_ms":5142,"recv_count":39,"lost_count":2,"rssi":-45,"rssi_dist":-1.00,"src_mac":"30:76:F5:E7:51:28"}
1787794387.720 RX {"type":"vehicle","node_id":2882630492,"seq":2662,"gps_valid":0,"heading_valid":0,"lat":0.000000,"lng":0.000000,"speed_mps":0.000,"heading_deg":0.00,"node_risk":0,"tx_ms":291839,"rx_ms":5155,"recv_count":43,"lost_count":0,"rssi":-34,"rssi_dist":0.80,"src_mac":"1C:C3:AB:D1:73:5C"}
1787794387.802 RX {"type":"cane","node_id":4125577512,"seq":2557,"gps_valid":0,"heading_valid":0,"lat":0.000000,"lng":0.000000,"speed_mps":0.000,"heading_deg":0.00,"node_risk":0,"tx_ms":290698,"rx_ms":5248,"recv_count":40,"lost_count":2,"rssi":-44,"rssi_dist":-1.00,"src_mac":"30:76:F5:E7:51:28"}
1787794387.826 RX {"type":"vehicle","node_id":2882630492,"seq":2663,"gps_valid":0,"heading_valid":0,"lat":0.000000,"lng":0.000000,"speed_mps":0.000,"heading_deg":0.00,"node_risk":0,"tx_ms":291944,"rx_ms":5261,"recv_count":44,"lost_count":0,"rssi":-36,"rssi_dist":0.80,"src_mac":"1C:C3:AB:D1:73:5C"}
1787794387.910 RX {"type":"cane","node_id":4125577512,"seq":2558,"gps_valid":0,"heading_valid":0,"lat":0.000000,"lng":0.000000,"speed_mps":0.000,"heading_deg":0.00,"node_risk":0,"tx_ms":290805,"rx_ms":5354,"recv_count":41,"lost_count":2,"rssi":-44,"rssi_dist":-1.00,"src_mac":"30:76:F5:E7:51:28"}
1787794387.934 RX {"type":"vehicle","node_id":2882630492,"seq":2664,"gps_valid":0,"heading_valid":0,"lat":0.000000,"lng":0.000000,"speed_mps":0.000,"heading_deg":0.00,"node_risk":0,"tx_ms":292045,"rx_ms":5367,"recv_count":45,"lost_count":0,"rssi":-34,"rssi_dist":0.80,"src_mac":"1C:C3:AB:D1:73:5C"}
1787794388.032 RX {"type":"cane","node_id":4125577512,"seq":2559,"gps_valid":0,"heading_valid":0,"lat":0.000000,"lng":0.000000,"speed_mps":0.000,"heading_deg":0.00,"node_risk":0,"tx_ms":290912,"rx_ms":5477,"recv_count":42,"lost_count":2,"rssi":-48,"rssi_dist":-1.00,"src_mac":"30:76:F5:E7:51:28"}
1787794388.056 RX {"type":"vehicle","node_id":2882630492,"seq":2665,"gps_valid":0,"heading_valid":0,"lat":0.000000,"lng":0.000000,"speed_mps":0.000,"heading_deg":0.00,"node_risk":0,"tx_ms":292151,"rx_ms":5478,"recv_count":46,"lost_count":0,"rssi":-33,"rssi_dist":0.80,"src_mac":"1C:C3:AB:D1:73:5C"}
1787794388.122 RX {"type":"vehicle","node_id":2882630492,"seq":2666,"gps_valid":0,"heading_valid":0,"lat":0.000000,"lng":0.000000,"speed_mps":0.000,"heading_deg":0.00,"node_risk":0,"tx_ms":292251,"rx_ms":5567,"recv_count":47,"lost_count":0,"rssi":-25,"rssi_dist":0.80,"src_mac":"1C:C3:AB:D1:73:5C"}
1787794388.146 RX {"type":"cane","node_id":4125577512,"seq":2560,"gps_valid":0,"heading_valid":0,"lat":0.000000,"lng":0.000000,"speed_mps":0.000,"heading_deg":0.00,"node_risk":0,"tx_ms":291019,"rx_ms":5568,"recv_count":43,"lost_count":2,"rssi":-48,"rssi_dist":-1.00,"src_mac":"30:76:F5:E7:51:28"}
1787794388.226 RX {"type":"vehicle","node_id":2882630492,"seq":2667,"gps_valid":0,"heading_valid":0,"lat":0.000000,"lng":0.000000,"speed_mps":0.000,"heading_deg":0.00,"node_risk":0,"tx_ms":292356,"rx_ms":5672,"recv_count":48,"lost_count":0,"rssi":-25,"rssi_dist":0.80,"src_mac":"1C:C3:AB:D1:73:5C"}
1787794388.250 RX {"type":"cane","node_id":4125577512,"seq":2561,"gps_valid":0,"heading_valid":0,"lat":0.000000,"lng":0.000000,"speed_mps":0.000,"heading_deg":0.00,"node_risk":0,"tx_ms":291126,"rx_ms":5682,"recv_count":44,"lost_count":2,"rssi":-48,"rssi_dist":-1.00,"src_mac":"30:76:F5:E7:51:28"}
1787794388.330 RX {"type":"vehicle","node_id":2882630492,"seq":2668,"gps_valid":0,"heading_valid":0,"lat":0.000000,"lng":0.000000,"speed_mps":0.000,"heading_deg":0.00,"node_risk":0,"tx_ms":292458,"rx_ms":5774,"recv_count":49,"lost_count":0,"rssi":-25,"rssi_dist":0.80,"src_mac":"1C:C3:AB:D1:73:5C"}
1787794388.354 RX {"type":"cane","node_id":4125577512,"seq":2562,"gps_valid":0,"heading_valid":0,"lat":0.000000,"lng":0.000000,"speed_mps":0.000,"heading_deg":0.00,"node_risk":0,"tx_ms":291233,"rx_ms":5785,"recv_count":45,"lost_count":2,"rssi":-50,"rssi_dist":-1.00,"src_mac":"30:76:F5:E7:51:28"}
1787794388.434 RX {"type":"vehicle","node_id":2882630492,"seq":2669,"gps_valid":0,"heading_valid":0,"lat":0.000000,"lng":0.000000,"speed_mps":0.000,"heading_deg":0.00,"node_risk":0,"tx_ms":292563,"rx_ms":5879,"recv_count":50,"lost_count":0,"rssi":-34,"rssi_dist":0.80,"src_mac":"1C:C3:AB:D1:73:5C"}
1787794388.458 RX {"type":"cane","node_id":4125577512,"seq":2563,"gps_valid":0,"heading_valid":0,"lat":0.000000,"lng":0.000000,"speed_mps":0.000,"heading_deg":0.00,"node_risk":0,"tx_ms":291341,"rx_ms":5889,"recv_count":46,"lost_count":2,"rssi":-50,"rssi_dist":-1.00,"src_mac":"30:76:F5:E7:51:28"}
1787794388.536 RX {"type":"vehicle","node_id":2882630492,"seq":2670,"gps_valid":0,"heading_valid":0,"lat":0.000000,"lng":0.000000,"speed_mps":0.000,"heading_deg":0.00,"node_risk":0,"tx_ms":292664,"rx_ms":5981,"recv_count":51,"lost_count":0,"rssi":-25,"rssi_dist":0.80,"src_mac":"1C:C3:AB:D1:73:5C"}
1787794388.560 RX {"type":"cane","node_id":4125577512,"seq":2564,"gps_valid":0,"heading_valid":0,"lat":0.000000,"lng":0.000000,"speed_mps":0.000,"heading_deg":0.00,"node_risk":0,"tx_ms":291441,"rx_ms":5991,"recv_count":47,"lost_count":2,"rssi":-47,"rssi_dist":-1.00,"src_mac":"30:76:F5:E7:51:28"}
1787794388.640 RX {"type":"vehicle","node_id":2882630492,"seq":2671,"gps_valid":0,"heading_valid":0,"lat":0.000000,"lng":0.000000,"speed_mps":0.000,"heading_deg":0.00,"node_risk":0,"tx_ms":292771,"rx_ms":6086,"recv_count":52,"lost_count":0,"rssi":-35,"rssi_dist":0.80,"src_mac":"1C:C3:AB:D1:73:5C"}
1787794388.664 RX {"type":"cane","node_id":4125577512,"seq":2565,"gps_valid":0,"heading_valid":0,"lat":0.000000,"lng":0.000000,"speed_mps":0.000,"heading_deg":0.00,"node_risk":0,"tx_ms":291548,"rx_ms":6097,"recv_count":48,"lost_count":2,"rssi":-46,"rssi_dist":-1.00,"src_mac":"30:76:F5:E7:51:28"}
1787794388.748 RX {"type":"vehicle","node_id":2882630492,"seq":2672,"gps_valid":0,"heading_valid":0,"lat":0.000000,"lng":0.000000,"speed_mps":0.000,"heading_deg":0.00,"node_risk":0,"tx_ms":292878,"rx_ms":6193,"recv_count":53,"lost_count":0,"rssi":-34,"rssi_dist":0.80,"src_mac":"1C:C3:AB:D1:73:5C"}
1787794388.772 RX {"type":"cane","node_id":4125577512,"seq":2566,"gps_valid":0,"heading_valid":0,"lat":0.000000,"lng":0.000000,"speed_mps":0.000,"heading_deg":0.00,"node_risk":0,"tx_ms":291655,"rx_ms":6204,"recv_count":49,"lost_count":2,"rssi":-46,"rssi_dist":-1.00,"src_mac":"30:76:F5:E7:51:28"}
1787794388.852 RX {"type":"vehicle","node_id":2882630492,"seq":2673,"gps_valid":0,"heading_valid":0,"lat":0.000000,"lng":0.000000,"speed_mps":0.000,"heading_deg":0.00,"node_risk":0,"tx_ms":292982,"rx_ms":6298,"recv_count":54,"lost_count":0,"rssi":-34,"rssi_dist":0.80,"src_mac":"1C:C3:AB:D1:73:5C"}
1787794388.876 RX {"type":"cane","node_id":4125577512,"seq":2567,"gps_valid":0,"heading_valid":0,"lat":0.000000,"lng":0.000000,"speed_mps":0.000,"heading_deg":0.00,"node_risk":0,"tx_ms":291762,"rx_ms":6311,"recv_count":50,"lost_count":2,"rssi":-44,"rssi_dist":-1.00,"src_mac":"30:76:F5:E7:51:28"}
1787794388.956 RX {"type":"vehicle","node_id":2882630492,"seq":2674,"gps_valid":0,"heading_valid":0,"lat":0.000000,"lng":0.000000,"speed_mps":0.000,"heading_deg":0.00,"node_risk":0,"tx_ms":293085,"rx_ms":6401,"recv_count":55,"lost_count":0,"rssi":-35,"rssi_dist":0.80,"src_mac":"1C:C3:AB:D1:73:5C"}
1787794388.980 RX {"type":"cane","node_id":4125577512,"seq":2568,"gps_valid":0,"heading_valid":0,"lat":0.000000,"lng":0.000000,"speed_mps":0.000,"heading_deg":0.00,"node_risk":0,"tx_ms":291869,"rx_ms":6418,"recv_count":51,"lost_count":2,"rssi":-45,"rssi_dist":-1.00,"src_mac":"30:76:F5:E7:51:28"}
1787794389.064 RX {"type":"vehicle","node_id":2882630492,"seq":2675,"gps_valid":0,"heading_valid":0,"lat":0.000000,"lng":0.000000,"speed_mps":0.000,"heading_deg":0.00,"node_risk":0,"tx_ms":293191,"rx_ms":6508,"recv_count":56,"lost_count":0,"rssi":-35,"rssi_dist":0.80,"src_mac":"1C:C3:AB:D1:73:5C"}
1787794389.088 RX {"type":"cane","node_id":4125577512,"seq":2569,"gps_valid":0,"heading_valid":0,"lat":0.000000,"lng":0.000000,"speed_mps":0.000,"heading_deg":0.00,"node_risk":0,"tx_ms":291977,"rx_ms":6528,"recv_count":52,"lost_count":2,"rssi":-46,"rssi_dist":-1.00,"src_mac":"30:76:F5:E7:51:28"}
1787794389.162 RX {"type":"vehicle","node_id":2882630492,"seq":2676,"gps_valid":0,"heading_valid":0,"lat":0.000000,"lng":0.000000,"speed_mps":0.000,"heading_deg":0.00,"node_risk":0,"tx_ms":293292,"rx_ms":6608,"recv_count":57,"lost_count":0,"rssi":-36,"rssi_dist":0.80,"src_mac":"1C:C3:AB:D1:73:5C"}
1787794389.190 RX {"type":"cane","node_id":4125577512,"seq":2570,"gps_valid":0,"heading_valid":0,"lat":0.000000,"lng":0.000000,"speed_mps":0.000,"heading_deg":0.00,"node_risk":0,"tx_ms":292083,"rx_ms":6634,"recv_count":53,"lost_count":2,"rssi":-46,"rssi_dist":-1.00,"src_mac":"30:76:F5:E7:51:28"}
1787794389.268 RX {"type":"vehicle","node_id":2882630492,"seq":2677,"gps_valid":0,"heading_valid":0,"lat":0.000000,"lng":0.000000,"speed_mps":0.000,"heading_deg":0.00,"node_risk":0,"tx_ms":293397,"rx_ms":6713,"recv_count":58,"lost_count":0,"rssi":-36,"rssi_dist":0.80,"src_mac":"1C:C3:AB:D1:73:5C"}
1787794389.296 RX {"type":"cane","node_id":4125577512,"seq":2571,"gps_valid":0,"heading_valid":0,"lat":0.000000,"lng":0.000000,"speed_mps":0.000,"heading_deg":0.00,"node_risk":0,"tx_ms":292190,"rx_ms":6741,"recv_count":54,"lost_count":2,"rssi":-47,"rssi_dist":-1.00,"src_mac":"30:76:F5:E7:51:28"}
1787794389.370 RX {"type":"vehicle","node_id":2882630492,"seq":2678,"gps_valid":0,"heading_valid":0,"lat":0.000000,"lng":0.000000,"speed_mps":0.000,"heading_deg":0.00,"node_risk":0,"tx_ms":293500,"rx_ms":6816,"recv_count":59,"lost_count":0,"rssi":-35,"rssi_dist":0.80,"src_mac":"1C:C3:AB:D1:73:5C"}
1787794389.400 RX {"type":"cane","node_id":4125577512,"seq":2572,"gps_valid":0,"heading_valid":0,"lat":0.000000,"lng":0.000000,"speed_mps":0.000,"heading_deg":0.00,"node_risk":0,"tx_ms":292297,"rx_ms":6846,"recv_count":55,"lost_count":2,"rssi":-46,"rssi_dist":-1.00,"src_mac":"30:76:F5:E7:51:28"}
1787794389.476 RX {"type":"vehicle","node_id":2882630492,"seq":2679,"gps_valid":0,"heading_valid":0,"lat":0.000000,"lng":0.000000,"speed_mps":0.000,"heading_deg":0.00,"node_risk":0,"tx_ms":293606,"rx_ms":6921,"recv_count":60,"lost_count":0,"rssi":-36,"rssi_dist":0.80,"src_mac":"1C:C3:AB:D1:73:5C"}
1787794389.508 RX {"type":"cane","node_id":4125577512,"seq":2573,"gps_valid":0,"heading_valid":0,"lat":0.000000,"lng":0.000000,"speed_mps":0.000,"heading_deg":0.00,"node_risk":0,"tx_ms":292404,"rx_ms":6953,"recv_count":56,"lost_count":2,"rssi":-44,"rssi_dist":-1.00,"src_mac":"30:76:F5:E7:51:28"}
1787794389.580 RX {"type":"vehicle","node_id":2882630492,"seq":2680,"gps_valid":0,"heading_valid":0,"lat":0.000000,"lng":0.000000,"speed_mps":0.000,"heading_deg":0.00,"node_risk":0,"tx_ms":293713,"rx_ms":7024,"recv_count":61,"lost_count":0,"rssi":-34,"rssi_dist":0.80,"src_mac":"1C:C3:AB:D1:73:5C"}
1787794389.614 RX {"type":"cane","node_id":4125577512,"seq":2574,"gps_valid":0,"heading_valid":0,"lat":0.000000,"lng":0.000000,"speed_mps":0.000,"heading_deg":0.00,"node_risk":0,"tx_ms":292511,"rx_ms":7060,"recv_count":57,"lost_count":2,"rssi":-44,"rssi_dist":-1.00,"src_mac":"30:76:F5:E7:51:28"}
1787794389.688 RX {"type":"vehicle","node_id":2882630492,"seq":2681,"gps_valid":0,"heading_valid":0,"lat":0.000000,"lng":0.000000,"speed_mps":0.000,"heading_deg":0.00,"node_risk":0,"tx_ms":293820,"rx_ms":7134,"recv_count":62,"lost_count":0,"rssi":-34,"rssi_dist":0.80,"src_mac":"1C:C3:AB:D1:73:5C"}
1787794389.722 RX {"type":"cane","node_id":4125577512,"seq":2575,"gps_valid":0,"heading_valid":0,"lat":0.000000,"lng":0.000000,"speed_mps":0.000,"heading_deg":0.00,"node_risk":0,"tx_ms":292618,"rx_ms":7168,"recv_count":58,"lost_count":2,"rssi":-43,"rssi_dist":-1.00,"src_mac":"30:76:F5:E7:51:28"}
1787794389.800 RX {"type":"vehicle","node_id":2882630492,"seq":2682,"gps_valid":0,"heading_valid":0,"lat":0.000000,"lng":0.000000,"speed_mps":0.000,"heading_deg":0.00,"node_risk":0,"tx_ms":293926,"rx_ms":7246,"recv_count":63,"lost_count":0,"rssi":-34,"rssi_dist":0.80,"src_mac":"1C:C3:AB:D1:73:5C"}
1787794389.830 RX {"type":"cane","node_id":4125577512,"seq":2576,"gps_valid":0,"heading_valid":0,"lat":0.000000,"lng":0.000000,"speed_mps":0.000,"heading_deg":0.00,"node_risk":0,"tx_ms":292725,"rx_ms":7274,"recv_count":59,"lost_count":2,"rssi":-43,"rssi_dist":-1.00,"src_mac":"30:76:F5:E7:51:28"}
1787794389.902 RX {"type":"vehicle","node_id":2882630492,"seq":2683,"gps_valid":0,"heading_valid":0,"lat":0.000000,"lng":0.000000,"speed_mps":0.000,"heading_deg":0.00,"node_risk":0,"tx_ms":294027,"rx_ms":7347,"recv_count":64,"lost_count":0,"rssi":-34,"rssi_dist":0.80,"src_mac":"1C:C3:AB:D1:73:5C"}
1787794389.936 RX {"type":"cane","node_id":4125577512,"seq":2577,"gps_valid":0,"heading_valid":0,"lat":0.000000,"lng":0.000000,"speed_mps":0.000,"heading_deg":0.00,"node_risk":0,"tx_ms":292832,"rx_ms":7381,"recv_count":60,"lost_count":2,"rssi":-43,"rssi_dist":-1.00,"src_mac":"30:76:F5:E7:51:28"}
1787794390.006 RX {"type":"vehicle","node_id":2882630492,"seq":2684,"gps_valid":0,"heading_valid":0,"lat":0.000000,"lng":0.000000,"speed_mps":0.000,"heading_deg":0.00,"node_risk":0,"tx_ms":294133,"rx_ms":7452,"recv_count":65,"lost_count":0,"rssi":-37,"rssi_dist":0.80,"src_mac":"1C:C3:AB:D1:73:5C"}
1787794390.044 RX {"type":"cane","node_id":4125577512,"seq":2578,"gps_valid":0,"heading_valid":0,"lat":0.000000,"lng":0.000000,"speed_mps":0.000,"heading_deg":0.00,"node_risk":0,"tx_ms":292939,"rx_ms":7488,"recv_count":61,"lost_count":2,"rssi":-43,"rssi_dist":-1.00,"src_mac":"30:76:F5:E7:51:28"}
1787794390.120 RX {"type":"vehicle","node_id":2882630492,"seq":2685,"gps_valid":0,"heading_valid":0,"lat":0.000000,"lng":0.000000,"speed_mps":0.000,"heading_deg":0.00,"node_risk":0,"tx_ms":294236,"rx_ms":7565,"recv_count":66,"lost_count":0,"rssi":-34,"rssi_dist":0.80,"src_mac":"1C:C3:AB:D1:73:5C"}
1787794390.150 RX {"type":"cane","node_id":4125577512,"seq":2579,"gps_valid":0,"heading_valid":0,"lat":0.000000,"lng":0.000000,"speed_mps":0.000,"heading_deg":0.00,"node_risk":0,"tx_ms":293046,"rx_ms":7595,"recv_count":62,"lost_count":2,"rssi":-43,"rssi_dist":-1.00,"src_mac":"30:76:F5:E7:51:28"}
1787794390.220 RX {"type":"vehicle","node_id":2882630492,"seq":2686,"gps_valid":0,"heading_valid":0,"lat":0.000000,"lng":0.000000,"speed_mps":0.000,"heading_deg":0.00,"node_risk":0,"tx_ms":294341,"rx_ms":7666,"recv_count":67,"lost_count":0,"rssi":-34,"rssi_dist":0.80,"src_mac":"1C:C3:AB:D1:73:5C"}
1787794390.258 RX {"type":"cane","node_id":4125577512,"seq":2580,"gps_valid":0,"heading_valid":0,"lat":0.000000,"lng":0.000000,"speed_mps":0.000,"heading_deg":0.00,"node_risk":0,"tx_ms":293153,"rx_ms":7702,"recv_count":63,"lost_count":2,"rssi":-46,"rssi_dist":-1.00,"src_mac":"30:76:F5:E7:51:28"}
1787794390.316 RX {"type":"vehicle","node_id":2882630492,"seq":2687,"gps_valid":0,"heading_valid":0,"lat":0.000000,"lng":0.000000,"speed_mps":0.000,"heading_deg":0.00,"node_risk":0,"tx_ms":294442,"rx_ms":7760,"recv_count":68,"lost_count":0,"rssi":-34,"rssi_dist":0.80,"src_mac":"1C:C3:AB:D1:73:5C"}
1787794390.364 RX {"type":"cane","node_id":4125577512,"seq":2581,"gps_valid":0,"heading_valid":0,"lat":0.000000,"lng":0.000000,"speed_mps":0.000,"heading_deg":0.00,"node_risk":0,"tx_ms":293260,"rx_ms":7809,"recv_count":64,"lost_count":2,"rssi":-45,"rssi_dist":-1.00,"src_mac":"30:76:F5:E7:51:28"}
1787794390.420 RX {"type":"vehicle","node_id":2882630492,"seq":2688,"gps_valid":0,"heading_valid":0,"lat":0.000000,"lng":0.000000,"speed_mps":0.000,"heading_deg":0.00,"node_risk":0,"tx_ms":294547,"rx_ms":7865,"recv_count":69,"lost_count":0,"rssi":-39,"rssi_dist":0.80,"src_mac":"1C:C3:AB:D1:73:5C"}
1787794390.470 RX {"type":"cane","node_id":4125577512,"seq":2582,"gps_valid":0,"heading_valid":0,"lat":0.000000,"lng":0.000000,"speed_mps":0.000,"heading_deg":0.00,"node_risk":0,"tx_ms":293367,"rx_ms":7915,"recv_count":65,"lost_count":2,"rssi":-45,"rssi_dist":-1.00,"src_mac":"30:76:F5:E7:51:28"}
1787794390.528 RX {"type":"vehicle","node_id":2882630492,"seq":2689,"gps_valid":0,"heading_valid":0,"lat":0.000000,"lng":0.000000,"speed_mps":0.000,"heading_deg":0.00,"node_risk":0,"tx_ms":294650,"rx_ms":7972,"recv_count":70,"lost_count":0,"rssi":-35,"rssi_dist":0.80,"src_mac":"1C:C3:AB:D1:73:5C"}
1787794390.584 RX {"type":"cane","node_id":4125577512,"seq":2583,"gps_valid":0,"heading_valid":0,"lat":0.000000,"lng":0.000000,"speed_mps":0.000,"heading_deg":0.00,"node_risk":0,"tx_ms":293474,"rx_ms":8028,"recv_count":66,"lost_count":2,"rssi":-46,"rssi_dist":-1.00,"src_mac":"30:76:F5:E7:51:28"}
1787794390.636 RX {"type":"vehicle","node_id":2882630492,"seq":2690,"gps_valid":0,"heading_valid":0,"lat":0.000000,"lng":0.000000,"speed_mps":0.000,"heading_deg":0.00,"node_risk":0,"tx_ms":294757,"rx_ms":8080,"recv_count":71,"lost_count":0,"rssi":-36,"rssi_dist":0.80,"src_mac":"1C:C3:AB:D1:73:5C"}
1787794390.686 RX {"type":"cane","node_id":4125577512,"seq":2584,"gps_valid":0,"heading_valid":0,"lat":0.000000,"lng":0.000000,"speed_mps":0.000,"heading_deg":0.00,"node_risk":0,"tx_ms":293581,"rx_ms":8130,"recv_count":67,"lost_count":2,"rssi":-45,"rssi_dist":-1.00,"src_mac":"30:76:F5:E7:51:28"}
1787794390.730 RX {"type":"vehicle","node_id":2882630492,"seq":2691,"gps_valid":0,"heading_valid":0,"lat":0.000000,"lng":0.000000,"speed_mps":0.000,"heading_deg":0.00,"node_risk":0,"tx_ms":294862,"rx_ms":8174,"recv_count":72,"lost_count":0,"rssi":-34,"rssi_dist":0.80,"src_mac":"1C:C3:AB:D1:73:5C"}
1787794390.792 RX {"type":"cane","node_id":4125577512,"seq":2585,"gps_valid":0,"heading_valid":0,"lat":0.000000,"lng":0.000000,"speed_mps":0.000,"heading_deg":0.00,"node_risk":0,"tx_ms":293688,"rx_ms":8237,"recv_count":68,"lost_count":2,"rssi":-44,"rssi_dist":-1.00,"src_mac":"30:76:F5:E7:51:28"}
1787794390.834 RX {"type":"vehicle","node_id":2882630492,"seq":2692,"gps_valid":0,"heading_valid":0,"lat":0.000000,"lng":0.000000,"speed_mps":0.000,"heading_deg":0.00,"node_risk":0,"tx_ms":294968,"rx_ms":8280,"recv_count":73,"lost_count":0,"rssi":-36,"rssi_dist":0.80,"src_mac":"1C:C3:AB:D1:73:5C"}
1787794390.908 RX {"type":"cane","node_id":4125577512,"seq":2586,"gps_valid":0,"heading_valid":0,"lat":0.000000,"lng":0.000000,"speed_mps":0.000,"heading_deg":0.00,"node_risk":0,"tx_ms":293795,"rx_ms":8353,"recv_count":69,"lost_count":2,"rssi":-44,"rssi_dist":-1.00,"src_mac":"30:76:F5:E7:51:28"}
1787794390.936 RX {"type":"vehicle","node_id":2882630492,"seq":2693,"gps_valid":0,"heading_valid":0,"lat":0.000000,"lng":0.000000,"speed_mps":0.000,"heading_deg":0.00,"node_risk":0,"tx_ms":295070,"rx_ms":8382,"recv_count":74,"lost_count":0,"rssi":-37,"rssi_dist":0.80,"src_mac":"1C:C3:AB:D1:73:5C"}
1787794391.004 RX {"type":"cane","node_id":4125577512,"seq":2587,"gps_valid":0,"heading_valid":0,"lat":0.000000,"lng":0.000000,"speed_mps":0.000,"heading_deg":0.00,"node_risk":0,"tx_ms":293902,"rx_ms":8449,"recv_count":70,"lost_count":2,"rssi":-41,"rssi_dist":-1.00,"src_mac":"30:76:F5:E7:51:28"}
1787794391.040 RX {"type":"vehicle","node_id":2882630492,"seq":2694,"gps_valid":0,"heading_valid":0,"lat":0.000000,"lng":0.000000,"speed_mps":0.000,"heading_deg":0.00,"node_risk":0,"tx_ms":295174,"rx_ms":8486,"recv_count":75,"lost_count":0,"rssi":-43,"rssi_dist":0.80,"src_mac":"1C:C3:AB:D1:73:5C"}
1787794391.116 RX {"type":"cane","node_id":4125577512,"seq":2588,"gps_valid":0,"heading_valid":0,"lat":0.000000,"lng":0.000000,"speed_mps":0.000,"heading_deg":0.00,"node_risk":0,"tx_ms":294009,"rx_ms":8561,"recv_count":71,"lost_count":2,"rssi":-41,"rssi_dist":-1.00,"src_mac":"30:76:F5:E7:51:28"}
1787794391.142 RX {"type":"vehicle","node_id":2882630492,"seq":2695,"gps_valid":0,"heading_valid":0,"lat":0.000000,"lng":0.000000,"speed_mps":0.000,"heading_deg":0.00,"node_risk":0,"tx_ms":295275,"rx_ms":8587,"recv_count":76,"lost_count":0,"rssi":-40,"rssi_dist":0.80,"src_mac":"1C:C3:AB:D1:73:5C"}
1787794391.222 RX {"type":"cane","node_id":4125577512,"seq":2589,"gps_valid":0,"heading_valid":0,"lat":0.000000,"lng":0.000000,"speed_mps":0.000,"heading_deg":0.00,"node_risk":0,"tx_ms":294116,"rx_ms":8666,"recv_count":72,"lost_count":2,"rssi":-43,"rssi_dist":-1.00,"src_mac":"30:76:F5:E7:51:28"}
1787794391.246 RX {"type":"vehicle","node_id":2882630492,"seq":2696,"gps_valid":0,"heading_valid":0,"lat":0.000000,"lng":0.000000,"speed_mps":0.000,"heading_deg":0.00,"node_risk":0,"tx_ms":295379,"rx_ms":8691,"recv_count":77,"lost_count":0,"rssi":-41,"rssi_dist":0.80,"src_mac":"1C:C3:AB:D1:73:5C"}
1787794391.328 RX {"type":"cane","node_id":4125577512,"seq":2590,"gps_valid":0,"heading_valid":0,"lat":0.000000,"lng":0.000000,"speed_mps":0.000,"heading_deg":0.00,"node_risk":0,"tx_ms":294223,"rx_ms":8773,"recv_count":73,"lost_count":2,"rssi":-39,"rssi_dist":-1.00,"src_mac":"30:76:F5:E7:51:28"}
1787794391.352 RX {"type":"vehicle","node_id":2882630492,"seq":2697,"gps_valid":0,"heading_valid":0,"lat":0.000000,"lng":0.000000,"speed_mps":0.000,"heading_deg":0.00,"node_risk":0,"tx_ms":295480,"rx_ms":8791,"recv_count":78,"lost_count":0,"rssi":-38,"rssi_dist":0.80,"src_mac":"1C:C3:AB:D1:73:5C"}
1787794391.442 RX {"type":"cane","node_id":4125577512,"seq":2591,"gps_valid":0,"heading_valid":0,"lat":0.000000,"lng":0.000000,"speed_mps":0.000,"heading_deg":0.00,"node_risk":0,"tx_ms":294330,"rx_ms":8887,"recv_count":74,"lost_count":2,"rssi":-42,"rssi_dist":-1.00,"src_mac":"30:76:F5:E7:51:28"}
1787794391.466 RX {"type":"vehicle","node_id":2882630492,"seq":2698,"gps_valid":0,"heading_valid":0,"lat":0.000000,"lng":0.000000,"speed_mps":0.000,"heading_deg":0.00,"node_risk":0,"tx_ms":295585,"rx_ms":8896,"recv_count":79,"lost_count":0,"rssi":-37,"rssi_dist":0.80,"src_mac":"1C:C3:AB:D1:73:5C"}
1787794391.542 RX {"type":"cane","node_id":4125577512,"seq":2592,"gps_valid":0,"heading_valid":0,"lat":0.000000,"lng":0.000000,"speed_mps":0.000,"heading_deg":0.00,"node_risk":0,"tx_ms":294437,"rx_ms":8986,"recv_count":75,"lost_count":2,"rssi":-45,"rssi_dist":-1.00,"src_mac":"30:76:F5:E7:51:28"}
1787794391.566 RX {"type":"vehicle","node_id":2882630492,"seq":2699,"gps_valid":0,"heading_valid":0,"lat":0.000000,"lng":0.000000,"speed_mps":0.000,"heading_deg":0.00,"node_risk":0,"tx_ms":295687,"rx_ms":8999,"recv_count":80,"lost_count":0,"rssi":-36,"rssi_dist":0.80,"src_mac":"1C:C3:AB:D1:73:5C"}
1787794391.660 RX {"type":"cane","node_id":4125577512,"seq":2593,"gps_valid":0,"heading_valid":0,"lat":0.000000,"lng":0.000000,"speed_mps":0.000,"heading_deg":0.00,"node_risk":0,"tx_ms":294544,"rx_ms":9105,"recv_count":76,"lost_count":2,"rssi":-40,"rssi_dist":-1.00,"src_mac":"30:76:F5:E7:51:28"}
1787794391.684 RX {"type":"vehicle","node_id":2882630492,"seq":2700,"gps_valid":0,"heading_valid":0,"lat":0.000000,"lng":0.000000,"speed_mps":0.000,"heading_deg":0.00,"node_risk":0,"tx_ms":295792,"rx_ms":9106,"recv_count":81,"lost_count":0,"rssi":-35,"rssi_dist":0.80,"src_mac":"1C:C3:AB:D1:73:5C"}
