16:29:46  시각ms:1389296
16:29:46  IMU시각ms:1389284
16:29:46  위험:0
16:29:46  GPS유효:1
16:29:46  위도:37.496483
16:29:46  경도:126.955238
16:29:46  속도:0.132
16:29:46  방향:1.9
16:29:46  GPS원시속도:0.139
16:29:46  GPS원시방향유효:1
16:29:46  GPS원시방향:359.2
16:29:46  가속도:6.977,3.797,5.167
16:29:46  자이로:0.290,-0.130,-0.573
16:29:46  자력계:-55.500,82.200,-30.300
16:29:46  IMU방향유효:1
16:29:46  IMU방향:1.9
16:29:46  방향가속도크기:9.48
16:29:46  방향자이로크기:0.65
16:29:46  방향자세cos:0.9783
16:29:46  자기모델잔차:3.69
16:29:46  자기모델반경:0.836
16:29:46  방향채택:359
16:29:46  방향거부:165464
16:29:46  송신:13406
16:29:46  GPS위성:7
16:29:46  GPS_HDOP:1.39
16:29:46  원시위도:37.496484
16:29:46  원시경도:126.955232
16:29:46  GPS채택:1920
16:29:46  GPS이상치거부:7
16:29:46  GPS품질거부:34
16:29:46  GPS재기준:0
16:29:46  RSSI원시:-53
16:29:46  RSSI평활:-53.7
16:29:46  RSSI샘플:23308
16:29:46  RSSI경과ms:1
16:29:46  차량수신:11577
16:29:46  시각ms:1389399
16:29:46  IMU시각ms:1389387
16:29:46  위험:0
16:29:46  GPS유효:1
16:29:46  위도:37.496483
16:29:46  경도:126.955238
16:29:46  속도:0.132
16:29:46  방향:1.9
16:29:46  GPS원시속도:0.139
16:29:46  GPS원시방향유효:1
16:29:46  GPS원시방향:359.2
16:29:46  가속도:7.034,3.946,5.171
16:29:46  자이로:3.656,1.908,-0.031
16:29:46  자력계:-55.050,81.000,-28.800
16:29:46  IMU방향유효:1
16:29:46  IMU방향:1.9
16:29:46  방향가속도크기:9.58
16:29:46  방향자이로크기:4.12
16:29:46  방향자세cos:0.9793
16:29:46  자기모델잔차:3.69
16:29:46  자기모델반경:0.836
16:29:46  방향채택:359
16:29:46  방향거부:165476
16:29:46  송신:13407
16:29:46  GPS위성:7
16:29:46  GPS_HDOP:1.39
16:29:46  원시위도:37.496484
16:29:46  원시경도:126.955232
16:29:46  GPS채택:1920
16:29:46  GPS이상치거부:7
16:29:46  GPS품질거부:34
16:29:46  GPS재기준:0
16:29:46  RSSI원시:-53
16:29:46  RSSI평활:-53.3
16:29:46  RSSI샘플:23310
16:29:46  RSSI경과ms:7
16:29:46  차량수신:11578
16:29:47  시각ms:1389502
16:29:47  IMU시각ms:1389490
16:29:47  위험:0
16:29:47  GPS유효:1
16:29:47  위도:37.496483
16:29:47  경도:126.955238
16:29:47  속도:0.132
16:29:47  방향:1.9
16:29:47  GPS원시속도:0.139
16:29:47  GPS원시방향유효:1
16:29:47  GPS원시방향:359.2
16:29:47  가속도:6.881,3.936,5.210
16:29:47  자이로:-1.435,-4.168,3.305
16:29:47  자력계:-54.900,82.800,-30.750
16:29:47  IMU방향유효:1
16:29:47  IMU방향:1.9
16:29:47  방향가속도크기:9.49
16:29:47  방향자이로크기:5.51
16:29:47  방향자세cos:0.9817
16:29:47  자기모델잔차:3.69
16:29:47  자기모델반경:0.836
16:29:47  방향채택:359
16:29:47  방향거부:165488
16:29:47  송신:13408
16:29:47  GPS위성:7
16:29:47  GPS_HDOP:1.39
16:29:47  원시위도:37.496484
16:29:47  원시경도:126.955232
16:29:47  GPS채택:1920
16:29:47  GPS이상치거부:7
16:29:47  GPS품질거부:34
16:29:47  GPS재기준:0
16:29:47  RSSI원시:-53
16:29:47  RSSI평활:-53.2
16:29:47  RSSI샘플:23311
16:29:47  RSSI경과ms:91
16:29:47  차량수신:11579
16:29:47  시각ms:1389607
16:29:47  IMU시각ms:1389595
16:29:47  위험:0
16:29:47  GPS유효:1
16:29:47  위도:37.496483
16:29:47  경도:126.955238
16:29:47  속도:0.132
16:29:47  방향:1.9
16:29:47  GPS원시속도:0.139
16:29:47  GPS원시방향유효:1
16:29:47  GPS원시방향:359.2
16:29:47  가속도:7.049,3.797,5.277
16:29:47  자이로:-2.412,1.351,1.908
16:29:47  자력계:-55.950,83.550,-29.400
16:29:47  IMU방향유효:1
16:29:47  IMU방향:1.9
16:29:47  방향가속도크기:9.59
16:29:47  방향자이로크기:3.36
16:29:47  방향자세cos:0.9784
16:29:47  자기모델잔차:3.69
16:29:47  자기모델반경:0.836
16:29:47  방향채택:359
16:29:47  방향거부:165501
16:29:47  송신:13409
16:29:47  GPS위성:7
16:29:47  GPS_HDOP:1.39
16:29:47  원시위도:37.496484
16:29:47  원시경도:126.955232
16:29:47  GPS채택:1920
16:29:47  GPS이상치거부:7
16:29:47  GPS품질거부:34
16:29:47  GPS재기준:0
16:29:47  RSSI원시:-53
16:29:47  RSSI평활:-53.2
16:29:47  RSSI샘플:23313
16:29:47  RSSI경과ms:90
16:29:47  차량수신:11580
16:29:47  시각ms:1389712
16:29:47  IMU시각ms:1389700
16:29:47  위험:0
16:29:47  GPS유효:1
16:29:47  위도:37.496483
16:29:47  경도:126.955238
16:29:47  속도:0.132
16:29:47  방향:1.9
16:29:47  GPS원시속도:0.139
16:29:47  GPS원시방향유효:1
16:29:47  GPS원시방향:359.2
16:29:47  가속도:7.053,3.768,5.468
16:29:47  자이로:-5.588,-4.023,0.885
16:29:47  자력계:-54.000,82.500,-29.550
16:29:47  IMU방향유효:1
16:29:47  IMU방향:1.9
16:29:47  방향가속도크기:9.69
16:29:47  방향자이로크기:6.94
16:29:47  방향자세cos:0.9797
16:29:47  자기모델잔차:3.69
16:29:47  자기모델반경:0.836
16:29:47  방향채택:359
16:29:47  방향거부:165514
16:29:47  송신:13410
16:29:47  GPS위성:7
16:29:47  GPS_HDOP:1.39
16:29:47  원시위도:37.496484
16:29:47  원시경도:126.955232
16:29:47  GPS채택:1920
16:29:47  GPS이상치거부:7
16:29:47  GPS품질거부:34
16:29:47  GPS재기준:0
16:29:47  RSSI원시:-52
16:29:47  RSSI평활:-52.7
16:29:47  RSSI샘플:23315
16:29:47  RSSI경과ms:89
16:29:47  차량수신:11581
16:29:47  시각ms:1389816
16:29:47  IMU시각ms:1389804
16:29:47  위험:0
16:29:47  GPS유효:1
16:29:47  위도:37.496483
16:29:47  경도:126.955238
16:29:47  속도:0.132
16:29:47  방향:1.9
16:29:47  GPS원시속도:0.139
16:29:47  GPS원시방향유효:1
16:29:47  GPS원시방향:359.2
16:29:47  가속도:7.144,3.654,5.080
16:29:47  자이로:-3.733,-2.954,-1.008
16:29:47  자력계:-54.750,82.950,-30.300
16:29:47  IMU방향유효:1
16:29:47  IMU방향:1.9
16:29:47  방향가속도크기:9.50
16:29:47  방향자이로크기:4.87
16:29:47  방향자세cos:0.9729
16:29:47  자기모델잔차:3.69
16:29:47  자기모델반경:0.836
16:29:47  방향채택:359
16:29:47  방향거부:165527
16:29:47  송신:13411
16:29:47  GPS위성:7
16:29:47  GPS_HDOP:1.39
16:29:47  원시위도:37.496484
16:29:47  원시경도:126.955232
16:29:47  GPS채택:1920
16:29:47  GPS이상치거부:7
16:29:47  GPS품질거부:34
16:29:47  GPS재기준:0
16:29:47  RSSI원시:-53
16:29:47  RSSI평활:-53.0
16:29:47  RSSI샘플:23318
16:29:47  RSSI경과ms:3
16:29:47  차량수신:11582
16:29:47  시각ms:1389918
16:29:47  IMU시각ms:1389906
16:29:47  위험:0
16:29:47  GPS유효:1
16:29:47  위도:37.496483
16:29:47  경도:126.955238
16:29:47  속도:0.132
16:29:47  방향:1.9
16:29:47  GPS원시속도:0.139
16:29:47  GPS원시방향유효:1
16:29:47  GPS원시방향:359.2
16:29:47  가속도:7.077,3.701,5.502
16:29:47  자이로:-9.847,-5.435,0.160
16:29:47  자력계:-55.500,82.200,-29.550
16:29:47  IMU방향유효:1
16:29:47  IMU방향:1.9
16:29:47  방향가속도크기:9.70
16:29:47  방향자이로크기:11.25
16:29:47  방향자세cos:0.9788
16:29:47  자기모델잔차:3.69
16:29:47  자기모델반경:0.836
16:29:47  방향채택:359
16:29:47  방향거부:165539
16:29:47  송신:13412
16:29:47  GPS위성:7
16:29:47  GPS_HDOP:1.39
16:29:47  원시위도:37.496484
16:29:47  원시경도:126.955232
16:29:47  GPS채택:1920
16:29:47  GPS이상치거부:7
16:29:47  GPS품질거부:34
16:29:47  GPS재기준:0
16:29:47  RSSI원시:-53
16:29:47  RSSI평활:-53.2
16:29:47  RSSI샘플:23320
16:29:47  RSSI경과ms:2
16:29:47  차량수신:11583
16:29:47  시각ms:1390020
16:29:47  IMU시각ms:1390008
16:29:47  위험:0
16:29:47  GPS유효:1
16:29:47  위도:37.496483
16:29:47  경도:126.955238
16:29:47  속도:0.132
16:29:47  방향:1.9
16:29:47  GPS원시속도:0.139
16:29:47  GPS원시방향유효:1
16:29:47  GPS원시방향:359.2
16:29:47  가속도:7.058,3.735,5.622
16:29:47  자이로:-18.237,-14.107,0.504
16:29:47  자력계:-55.950,82.350,-29.700
16:29:47  IMU방향유효:1
16:29:47  IMU방향:1.9
16:29:47  방향가속도크기:9.77
16:29:47  방향자이로크기:23.06
16:29:47  방향자세cos:0.9804
16:29:47  자기모델잔차:3.69
16:29:47  자기모델반경:0.836
16:29:47  방향채택:359
16:29:47  방향거부:165551
16:29:47  송신:13413
16:29:47  GPS위성:7
16:29:47  GPS_HDOP:1.39
16:29:47  원시위도:37.496484
16:29:47  원시경도:126.955232
16:29:47  GPS채택:1920
16:29:47  GPS이상치거부:7
16:29:47  GPS품질거부:34
16:29:47  GPS재기준:0
16:29:47  RSSI원시:-53
16:29:47  RSSI평활:-53.1
16:29:47  RSSI샘플:23322
16:29:47  RSSI경과ms:2
16:29:47  차량수신:11584
16:29:47  시각ms:1390122
16:29:47  IMU시각ms:1390110
16:29:47  위험:0
16:29:47  GPS유효:1
16:29:47  위도:37.496483
16:29:47  경도:126.955238
16:29:47  속도:0.132
16:29:47  방향:0.0
16:29:47  GPS원시속도:0.139
16:29:47  GPS원시방향유효:1
16:29:47  GPS원시방향:359.2
16:29:47  가속도:7.173,3.452,5.042
16:29:47  자이로:-36.145,-32.183,-0.237
16:29:47  자력계:-54.900,83.100,-28.950
16:29:47  IMU방향유효:0
16:29:47  IMU방향:1.9
16:29:47  방향가속도크기:9.42
16:29:47  방향자이로크기:48.40
16:29:47  방향자세cos:0.9681
16:29:47  자기모델잔차:3.69
16:29:47  자기모델반경:0.836
16:29:47  방향채택:359
16:29:47  방향거부:165563
16:29:47  송신:13414
16:29:47  GPS위성:7
16:29:47  GPS_HDOP:1.39
16:29:47  원시위도:37.496484
16:29:47  원시경도:126.955232
16:29:47  GPS채택:1920
16:29:47  GPS이상치거부:7
16:29:47  GPS품질거부:34
16:29:47  GPS재기준:0
16:29:47  RSSI원시:-53
16:29:47  RSSI평활:-53.1
16:29:47  RSSI샘플:23324
16:29:47  RSSI경과ms:2
16:29:47  차량수신:11585
16:29:47  시각ms:1390224
16:29:47  IMU시각ms:1390212
16:29:47  위험:0
16:29:47  GPS유효:1
16:29:47  위도:37.496487
16:29:47  경도:126.955231
16:29:47  속도:0.156
16:29:47  방향:0.0
16:29:47  GPS원시속도:0.201
16:29:47  GPS원시방향유효:1
16:29:47  GPS원시방향:359.2
16:29:47  가속도:7.436,3.165,4.803
16:29:47  자이로:-20.908,-15.206,4.198
16:29:47  자력계:-53.400,80.100,-28.650
16:29:47  IMU방향유효:0
16:29:47  IMU방향:1.9
16:29:47  방향가속도크기:9.40
16:29:47  방향자이로크기:26.19
16:29:47  방향자세cos:0.9557
16:29:47  자기모델잔차:3.69
16:29:47  자기모델반경:0.836
16:29:47  방향채택:359
16:29:47  방향거부:165575
16:29:47  송신:13415
16:29:47  GPS위성:7
16:29:47  GPS_HDOP:1.08
16:29:47  원시위도:37.496493
16:29:47  원시경도:126.955231
16:29:47  GPS채택:1921
16:29:47  GPS이상치거부:7
16:29:47  GPS품질거부:34
16:29:47  GPS재기준:0
16:29:47  RSSI원시:-53
16:29:47  RSSI평활:-53.1
16:29:47  RSSI샘플:23325
16:29:47  RSSI경과ms:72
16:29:47  차량수신:11586
16:29:47  시각ms:1390329
16:29:47  IMU시각ms:1390317
16:29:47  위험:0
16:29:47  GPS유효:1
16:29:47  위도:37.496487
16:29:47  경도:126.955231
16:29:47  속도:0.156
16:29:47  방향:0.0
16:29:47  GPS원시속도:0.201
16:29:47  GPS원시방향유효:1
16:29:47  GPS원시방향:359.2
16:29:47  가속도:8.021,2.576,4.281
16:29:47  자이로:-25.565,-19.290,1.084
16:29:47  자력계:-54.300,80.700,-27.750
16:29:47  IMU방향유효:0
16:29:47  IMU방향:1.9
16:29:47  방향가속도크기:9.45
16:29:47  방향자이로크기:32.04
16:29:47  방향자세cos:0.9201
16:29:47  자기모델잔차:3.69
16:29:47  자기모델반경:0.836
16:29:47  방향채택:359
16:29:47  방향거부:165588
16:29:47  송신:13416
16:29:47  GPS위성:7
16:29:47  GPS_HDOP:1.08
16:29:47  원시위도:37.496493
16:29:47  원시경도:126.955231
16:29:47  GPS채택:1921
16:29:47  GPS이상치거부:7
16:29:47  GPS품질거부:34
16:29:47  GPS재기준:0
16:29:47  RSSI원시:-53
16:29:47  RSSI평활:-52.9
16:29:47  RSSI샘플:23328
16:29:47  RSSI경과ms:1
16:29:47  차량수신:11587
16:29:48  시각ms:1390432
16:29:48  IMU시각ms:1390420
16:29:48  위험:0
16:29:48  GPS유효:1
16:29:48  위도:37.496487
16:29:48  경도:126.955231
16:29:48  속도:0.156
16:29:48  방향:0.0
16:29:48  GPS원시속도:0.201
16:29:48  GPS원시방향유효:1
16:29:48  GPS원시방향:359.2
16:29:48  가속도:8.025,2.514,5.296
16:29:48  자이로:18.061,19.351,2.405
16:29:48  자력계:-54.900,81.150,-27.900
16:29:48  IMU방향유효:0
16:29:48  IMU방향:1.9
16:29:48  방향가속도크기:9.94
16:29:48  방향자이로크기:26.58
16:29:48  방향자세cos:0.9367
16:29:48  자기모델잔차:3.69
16:29:48  자기모델반경:0.836
16:29:48  방향채택:359
16:29:48  방향거부:165600
16:29:48  송신:13417
16:29:48  GPS위성:7
16:29:48  GPS_HDOP:1.08
16:29:48  원시위도:37.496493
16:29:48  원시경도:126.955231
16:29:48  GPS채택:1921
16:29:48  GPS이상치거부:7
16:29:48  GPS품질거부:34
16:29:48  GPS재기준:0
16:29:48  RSSI원시:-53
16:29:48  RSSI평활:-52.9
16:29:48  RSSI샘플:23330
16:29:48  RSSI경과ms:3
16:29:48  차량수신:11588
16:29:48  시각ms:1390535
16:29:48  IMU시각ms:1390523
16:29:48  위험:0
16:29:48  GPS유효:1
16:29:48  위도:37.496487
16:29:48  경도:126.955231
16:29:48  속도:0.156
16:29:48  방향:0.0
16:29:48  GPS원시속도:0.201
16:29:48  GPS원시방향유효:1
16:29:48  GPS원시방향:359.2
16:29:48  가속도:8.059,2.485,5.301
16:29:48  자이로:-8.527,-8.038,-0.122
16:29:48  자력계:-55.800,81.450,-27.750
16:29:48  IMU방향유효:0
16:29:48  IMU방향:1.9
16:29:48  방향가속도크기:9.96
16:29:48  방향자이로크기:11.72
16:29:48  방향자세cos:0.9354
16:29:48  자기모델잔차:3.69
16:29:48  자기모델반경:0.836
16:29:48  방향채택:359
16:29:48  방향거부:165612
16:29:48  송신:13418
16:29:48  GPS위성:7
16:29:48  GPS_HDOP:1.08
16:29:48  원시위도:37.496493
16:29:48  원시경도:126.955231
16:29:48  GPS채택:1921
16:29:48  GPS이상치거부:7
16:29:48  GPS품질거부:34
16:29:48  GPS재기준:0
16:29:48  RSSI원시:-53
16:29:48  RSSI평활:-53.0
16:29:48  RSSI샘플:23332
16:29:48  RSSI경과ms:5
16:29:48  차량수신:11589
16:29:48  시각ms:1390638
16:29:48  IMU시각ms:1390626
16:29:48  위험:0
16:29:48  GPS유효:1
16:29:48  위도:37.496487
16:29:48  경도:126.955231
16:29:48  속도:0.156
16:29:48  방향:0.0
16:29:48  GPS원시속도:0.201
16:29:48  GPS원시방향유효:1
16:29:48  GPS원시방향:359.2
16:29:48  가속도:7.858,2.753,5.148
16:29:48  자이로:12.031,7.771,-0.435
16:29:48  자력계:-54.300,82.200,-27.000
16:29:48  IMU방향유효:0
16:29:48  IMU방향:1.9
16:29:48  방향가속도크기:9.79
16:29:48  방향자이로크기:14.33
16:29:48  방향자세cos:0.9439
16:29:48  자기모델잔차:3.69
16:29:48  자기모델반경:0.836
16:29:48  방향채택:359
16:29:48  방향거부:165624
16:29:48  송신:13419
16:29:48  GPS위성:7
16:29:48  GPS_HDOP:1.08
16:29:48  원시위도:37.496493
16:29:48  원시경도:126.955231
16:29:48  GPS채택:1921
16:29:48  GPS이상치거부:7
16:29:48  GPS품질거부:34
16:29:48  GPS재기준:0
16:29:48  RSSI원시:-54
16:29:48  RSSI평활:-53.2
16:29:48  RSSI샘플:23333
16:29:48  RSSI경과ms:68
16:29:48  차량수신:11590
16:29:48  시각ms:1390743
16:29:48  IMU시각ms:1390731
16:29:48  위험:0
16:29:48  GPS유효:1
16:29:48  위도:37.496487
16:29:48  경도:126.955231
16:29:48  속도:0.156
16:29:48  방향:0.0
16:29:48  GPS원시속도:0.201
16:29:48  GPS원시방향유효:1
16:29:48  GPS원시방향:359.2
16:29:48  가속도:8.068,2.619,4.434
16:29:48  자이로:-10.588,-12.542,-1.832
16:29:48  자력계:-55.050,82.500,-28.500
16:29:48  IMU방향유효:0
16:29:48  IMU방향:1.9
16:29:48  방향가속도크기:9.57
16:29:48  방향자이로크기:16.52
16:29:48  방향자세cos:0.9237
16:29:48  자기모델잔차:3.69
16:29:48  자기모델반경:0.836
16:29:48  방향채택:359
16:29:48  방향거부:165637
16:29:48  송신:13420
16:29:48  GPS위성:7
16:29:48  GPS_HDOP:1.08
16:29:48  원시위도:37.496493
16:29:48  원시경도:126.955231
16:29:48  GPS채택:1921
16:29:48  GPS이상치거부:7
16:29:48  GPS품질거부:34
16:29:48  GPS재기준:0
16:29:48  RSSI원시:-53
16:29:48  RSSI평활:-53.2
16:29:48  RSSI샘플:23336
16:29:48  RSSI경과ms:2
16:29:48  차량수신:11591
16:29:48  시각ms:1390845
16:29:48  IMU시각ms:1390833
16:29:48  위험:0
16:29:48  GPS유효:1
16:29:48  위도:37.496487
16:29:48  경도:126.955231
16:29:48  속도:0.156
16:29:48  방향:0.0
16:29:48  GPS원시속도:0.201
16:29:48  GPS원시방향유효:1
16:29:48  GPS원시방향:359.2
16:29:48  가속도:7.590,3.117,4.472
16:29:48  자이로:27.145,31.061,-2.939
16:29:48  자력계:-54.750,81.750,-28.050
16:29:48  IMU방향유효:0
16:29:48  IMU방향:1.9
16:29:48  방향가속도크기:9.34
16:29:48  방향자이로크기:41.36
16:29:48  방향자세cos:0.9461
16:29:48  자기모델잔차:3.69
16:29:48  자기모델반경:0.836
16:29:48  방향채택:359
16:29:48  방향거부:165649
16:29:48  송신:13421
16:29:48  GPS위성:7
16:29:48  GPS_HDOP:1.08
16:29:48  원시위도:37.496493
16:29:48  원시경도:126.955231
16:29:48  GPS채택:1921
16:29:48  GPS이상치거부:7
16:29:48  GPS품질거부:34
16:29:48  GPS재기준:0
16:29:48  RSSI원시:-54
16:29:48  RSSI평활:-53.4
16:29:48  RSSI샘플:23337
16:29:48  RSSI경과ms:60
16:29:48  차량수신:11592
16:29:48  시각ms:1390949
16:29:48  IMU시각ms:1390937
16:29:48  위험:0
16:29:48  GPS유효:1
16:29:48  위도:37.496487
16:29:48  경도:126.955231
16:29:48  속도:0.156
16:29:48  방향:0.2
16:29:48  GPS원시속도:0.201
16:29:48  GPS원시방향유효:1
16:29:48  GPS원시방향:359.2
16:29:48  가속도:6.704,4.094,6.005
16:29:48  자이로:15.504,18.618,-1.168
16:29:48  자력계:-56.400,83.850,-29.400
16:29:48  IMU방향유효:1
16:29:48  IMU방향:0.2
16:29:48  방향가속도크기:9.89
16:29:48  방향자이로크기:24.26
16:29:48  방향자세cos:0.9906
16:29:48  자기모델잔차:2.61
16:29:48  자기모델반경:0.921
16:29:48  방향채택:362
16:29:48  방향거부:165659
16:29:48  송신:13422
16:29:48  GPS위성:7
16:29:48  GPS_HDOP:1.08
16:29:48  원시위도:37.496493
16:29:48  원시경도:126.955231
16:29:48  GPS채택:1921
16:29:48  GPS이상치거부:7
16:29:48  GPS품질거부:34
16:29:48  GPS재기준:0
16:29:48  RSSI원시:-54
16:29:48  RSSI평활:-53.5
16:29:48  RSSI샘플:23340
16:29:48  RSSI경과ms:3
16:29:48  차량수신:11593
16:29:48  시각ms:1391051
16:29:48  IMU시각ms:1391039
16:29:48  위험:0
16:29:48  GPS유효:1
16:29:48  위도:37.496487
16:29:48  경도:126.955231
16:29:48  속도:0.156
16:29:48  방향:0.4
16:29:48  GPS원시속도:0.201
16:29:48  GPS원시방향유효:1
16:29:48  GPS원시방향:359.2
16:29:48  가속도:6.919,3.472,5.186
16:29:48  자이로:-28.206,-25.046,2.603
16:29:48  자력계:-55.650,82.350,-28.650
16:29:48  IMU방향유효:1
16:29:48  IMU방향:0.4
16:29:48  방향가속도크기:9.32
16:29:48  방향자이로크기:37.81
16:29:48  방향자세cos:0.9748
16:29:48  자기모델잔차:2.44
16:29:48  자기모델반경:0.821
16:29:48  방향채택:367
16:29:48  방향거부:165666
16:29:48  송신:13423
16:29:48  GPS위성:7
16:29:48  GPS_HDOP:1.08
16:29:48  원시위도:37.496493
16:29:48  원시경도:126.955231
16:29:48  GPS채택:1921
16:29:48  GPS이상치거부:7
16:29:48  GPS품질거부:34
16:29:48  GPS재기준:0
16:29:48  RSSI원시:-55
16:29:48  RSSI평활:-53.9
16:29:48  RSSI샘플:23342
16:29:48  RSSI경과ms:1
16:29:48  차량수신:11594
16:29:48  시각ms:1391153
16:29:48  IMU시각ms:1391141
16:29:48  위험:0
16:29:48  GPS유효:1
16:29:48  위도:37.496487
16:29:48  경도:126.955231
16:29:48  속도:0.156
16:29:48  방향:0.4
16:29:48  GPS원시속도:0.201
16:29:48  GPS원시방향유효:1
16:29:48  GPS원시방향:359.2
16:29:48  가속도:7.556,2.897,4.932
16:29:48  자이로:-38.954,-37.840,1.427
16:29:48  자력계:-53.700,82.350,-28.650
16:29:48  IMU방향유효:1
16:29:48  IMU방향:0.4
16:29:48  방향가속도크기:9.48
16:29:48  방향자이로크기:54.33
16:29:48  방향자세cos:0.9748
16:29:48  자기모델잔차:2.44
16:29:48  자기모델반경:0.821
16:29:48  방향채택:367
16:29:48  방향거부:165678
16:29:48  송신:13424
16:29:48  GPS위성:7
16:29:48  GPS_HDOP:1.08
16:29:48  원시위도:37.496493
16:29:48  원시경도:126.955231
16:29:48  GPS채택:1921
16:29:48  GPS이상치거부:7
16:29:48  GPS품질거부:34
16:29:48  GPS재기준:0
16:29:48  RSSI원시:-54
16:29:48  RSSI평활:-53.9
16:29:48  RSSI샘플:23344
16:29:48  RSSI경과ms:5
16:29:48  차량수신:11595
16:29:48  시각ms:1391256
16:29:48  IMU시각ms:1391244
16:29:48  위험:0
16:29:48  GPS유효:1
16:29:48  위도:37.496490
16:29:48  경도:126.955231
16:29:48  속도:0.174
16:29:48  방향:0.4
16:29:48  GPS원시속도:0.206
16:29:48  GPS원시방향유효:1
16:29:48  GPS원시방향:359.2
16:29:48  가속도:8.016,2.610,4.736
16:29:48  자이로:-10.481,-11.183,-0.664
16:29:48  자력계:-53.550,83.400,-27.300
16:29:48  IMU방향유효:1
16:29:48  IMU방향:0.4
16:29:48  방향가속도크기:9.67
16:29:48  방향자이로크기:15.34
16:29:48  방향자세cos:0.9305
16:29:48  자기모델잔차:2.44
16:29:48  자기모델반경:0.821
16:29:48  방향채택:367
16:29:48  방향거부:165690
16:29:48  송신:13425
16:29:48  GPS위성:7
16:29:48  GPS_HDOP:1.08
16:29:48  원시위도:37.496498
16:29:48  원시경도:126.955229
16:29:48  GPS채택:1922
16:29:48  GPS이상치거부:7
16:29:48  GPS품질거부:34
16:29:48  GPS재기준:0
16:29:48  RSSI원시:-54
16:29:48  RSSI평활:-54.0
16:29:48  RSSI샘플:23345
16:29:48  RSSI경과ms:61
16:29:48  차량수신:11596
16:29:49  시각ms:1391464
16:29:49  IMU시각ms:1391452
16:29:49  위험:0
16:29:49  GPS유효:1
16:29:49  위도:37.496490
16:29:49  경도:126.955231
16:29:49  속도:0.174
16:29:49  방향:0.4
16:29:49  GPS원시속도:0.206
16:29:49  GPS원시방향유효:1
16:29:49  GPS원시방향:359.2
16:29:49  가속도:7.767,2.691,4.946
16:29:49  자이로:1.137,-0.710,-2.466
16:29:49  자력계:-54.450,82.950,-27.000
16:29:49  IMU방향유효:1
16:29:49  IMU방향:0.4
16:29:49  방향가속도크기:9.59
16:29:49  방향자이로크기:2.81
16:29:49  방향자세cos:0.9410
16:29:49  자기모델잔차:2.44
16:29:49  자기모델반경:0.821
16:29:49  방향채택:367
16:29:49  방향거부:165715
16:29:49  송신:13427
16:29:49  GPS위성:7
16:29:49  GPS_HDOP:1.08
16:29:49  원시위도:37.496498
16:29:49  원시경도:126.955229
16:29:49  GPS채택:1922
16:29:49  GPS이상치거부:7
16:29:49  GPS품질거부:34
16:29:49  GPS재기준:0
16:29:49  RSSI원시:-54
16:29:49  RSSI평활:-54.1
16:29:49  RSSI샘플:23350
16:29:49  RSSI경과ms:5
16:29:49  차량수신:11598
16:29:49  시각ms:1391567
16:29:49  IMU시각ms:1391555
16:29:49  위험:0
16:29:49  GPS유효:1
16:29:49  위도:37.496490
16:29:49  경도:126.955231
16:29:49  속도:0.174
16:29:49  방향:0.4
16:29:49  GPS원시속도:0.206
16:29:49  GPS원시방향유효:1
16:29:49  GPS원시방향:359.2
16:29:49  가속도:7.848,2.772,4.937
16:29:49  자이로:-0.947,1.595,-0.885
16:29:49  자력계:-55.050,81.750,-27.750
16:29:49  IMU방향유효:1
16:29:49  IMU방향:0.4
16:29:49  방향가속도크기:9.68
16:29:49  방향자이로크기:2.06
16:29:49  방향자세cos:0.9414
16:29:49  자기모델잔차:2.44
16:29:49  자기모델반경:0.821
16:29:49  방향채택:367
16:29:49  방향거부:165727
16:29:49  송신:13428
16:29:49  GPS위성:7
16:29:49  GPS_HDOP:1.08
16:29:49  원시위도:37.496498
16:29:49  원시경도:126.955229
16:29:49  GPS채택:1922
16:29:49  GPS이상치거부:7
16:29:49  GPS품질거부:34
16:29:49  GPS재기준:0
16:29:49  RSSI원시:-54
16:29:49  RSSI평활:-54.3
16:29:49  RSSI샘플:23352
16:29:49  RSSI경과ms:3
16:29:49  차량수신:11599
16:29:49  시각ms:1391670
16:29:49  IMU시각ms:1391658
16:29:49  위험:0
16:29:49  GPS유효:1
16:29:49  위도:37.496490
16:29:49  경도:126.955231
16:29:49  속도:0.174
16:29:49  방향:0.4
16:29:49  GPS원시속도:0.206
16:29:49  GPS원시방향유효:1
16:29:49  GPS원시방향:359.2
16:29:49  가속도:7.810,2.677,4.980
16:29:49  자이로:-2.160,-2.786,0.878
16:29:49  자력계:-55.650,80.100,-26.100
16:29:49  IMU방향유효:1
16:29:49  IMU방향:0.4
16:29:49  방향가속도크기:9.64
16:29:49  방향자이로크기:3.63
16:29:49  방향자세cos:0.9404
16:29:49  자기모델잔차:2.44
16:29:49  자기모델반경:0.821
16:29:49  방향채택:367
16:29:49  방향거부:165739
16:29:49  송신:13429
16:29:49  GPS위성:7
16:29:49  GPS_HDOP:1.08
16:29:49  원시위도:37.496498
16:29:49  원시경도:126.955229
16:29:49  GPS채택:1922
16:29:49  GPS이상치거부:7
16:29:49  GPS품질거부:34
16:29:49  GPS재기준:0
16:29:49  RSSI원시:-55
16:29:49  RSSI평활:-54.8
16:29:49  RSSI샘플:23354
16:29:49  RSSI경과ms:7
16:29:49  차량수신:11600
16:29:49  시각ms:1391773
16:29:49  IMU시각ms:1391761
16:29:49  위험:0
16:29:49  GPS유효:1
16:29:49  위도:37.496490
16:29:49  경도:126.955231
16:29:49  속도:0.174
16:29:49  방향:0.4
16:29:49  GPS원시속도:0.206
16:29:49  GPS원시방향유효:1
16:29:49  GPS원시방향:359.2
16:29:49  가속도:7.805,2.729,4.922
16:29:49  자이로:3.985,2.931,1.336
16:29:49  자력계:-54.300,81.450,-27.000
16:29:49  IMU방향유효:1
16:29:49  IMU방향:0.4
16:29:49  방향가속도크기:9.62
16:29:49  방향자이로크기:5.12
16:29:49  방향자세cos:0.9409
16:29:49  자기모델잔차:2.44
16:29:49  자기모델반경:0.821
16:29:49  방향채택:367
16:29:49  방향거부:165751
16:29:49  송신:13430
16:29:49  GPS위성:7
16:29:49  GPS_HDOP:1.08
16:29:49  원시위도:37.496498
16:29:49  원시경도:126.955229
16:29:49  GPS채택:1922
16:29:49  GPS이상치거부:7
16:29:49  GPS품질거부:34
16:29:49  GPS재기준:0
16:29:49  RSSI원시:-57
16:29:49  RSSI평활:-55.5
16:29:49  RSSI샘플:23356
16:29:49  RSSI경과ms:6
16:29:49  차량수신:11601
16:29:49  시각ms:1391875
16:29:49  IMU시각ms:1391863
16:29:49  위험:0
16:29:49  GPS유효:1
16:29:49  위도:37.496490
16:29:49  경도:126.955231
16:29:49  속도:0.174
16:29:49  방향:0.4
16:29:49  GPS원시속도:0.206
16:29:49  GPS원시방향유효:1
16:29:49  GPS원시방향:359.2
16:29:49  가속도:7.925,2.643,5.047
16:29:49  자이로:0.557,2.550,1.221
16:29:49  자력계:-54.450,82.350,-26.850
16:29:49  IMU방향유효:1
16:29:49  IMU방향:0.4
16:29:49  방향가속도크기:9.76
16:29:49  방향자이로크기:2.88
16:29:49  방향자세cos:0.9384
16:29:49  자기모델잔차:2.44
16:29:49  자기모델반경:0.821
16:29:49  방향채택:367
16:29:49  방향거부:165763
16:29:49  송신:13431
16:29:49  GPS위성:7
16:29:49  GPS_HDOP:1.08
16:29:49  원시위도:37.496498
16:29:49  원시경도:126.955229
16:29:49  GPS채택:1922
16:29:49  GPS이상치거부:7
16:29:49  GPS품질거부:34
16:29:49  GPS재기준:0
16:29:49  RSSI원시:-56
16:29:49  RSSI평활:-55.5
16:29:49  RSSI샘플:23358
16:29:49  RSSI경과ms:3
16:29:49  차량수신:11602
16:29:49  시각ms:1391977
16:29:49  IMU시각ms:1391965
16:29:49  위험:0
16:29:49  GPS유효:1
16:29:49  위도:37.496490
16:29:49  경도:126.955231
16:29:49  속도:0.174
16:29:49  방향:0.4
16:29:49  GPS원시속도:0.206
16:29:49  GPS원시방향유효:1
16:29:49  GPS원시방향:359.2
16:29:49  가속도:7.614,2.811,4.817
16:29:49  자이로:-4.191,-3.176,0.809
16:29:49  자력계:-55.200,82.050,-26.400
16:29:49  IMU방향유효:1
16:29:49  IMU방향:0.4
16:29:49  방향가속도크기:9.44
16:29:49  방향자이로크기:5.32
16:29:49  방향자세cos:0.9449
16:29:49  자기모델잔차:2.44
16:29:49  자기모델반경:0.821
16:29:49  방향채택:367
16:29:49  방향거부:165775
16:29:49  송신:13432
16:29:49  GPS위성:7
16:29:49  GPS_HDOP:1.08
16:29:49  원시위도:37.496498
16:29:49  원시경도:126.955229
16:29:49  GPS채택:1922
16:29:49  GPS이상치거부:7
16:29:49  GPS품질거부:34
16:29:49  GPS재기준:0
16:29:49  RSSI원시:-56
16:29:49  RSSI평활:-55.6
16:29:49  RSSI샘플:23359
16:29:49  RSSI경과ms:46
16:29:49  차량수신:11603
16:29:49  시각ms:1392081
16:29:49  IMU시각ms:1392069
16:29:49  위험:0
16:29:49  GPS유효:1
16:29:49  위도:37.496490
16:29:49  경도:126.955231
16:29:49  속도:0.174
16:29:49  방향:0.4
16:29:49  GPS원시속도:0.206
16:29:49  GPS원시방향유효:1
16:29:49  GPS원시방향:359.2
16:29:49  가속도:7.930,2.514,4.841
16:29:49  자이로:-6.855,-5.908,0.229
16:29:49  자력계:-55.950,82.050,-26.400
16:29:49  IMU방향유효:1
16:29:49  IMU방향:0.4
16:29:49  방향가속도크기:9.62
16:29:49  방향자이로크기:9.05
16:29:49  방향자세cos:0.9315
16:29:49  자기모델잔차:2.44
16:29:49  자기모델반경:0.821
16:29:49  방향채택:367
16:29:49  방향거부:165788
16:29:49  송신:13433
16:29:49  GPS위성:7
16:29:49  GPS_HDOP:1.08
16:29:49  원시위도:37.496498
16:29:49  원시경도:126.955229
16:29:49  GPS채택:1922
16:29:49  GPS이상치거부:7
16:29:49  GPS품질거부:34
16:29:49  GPS재기준:0
16:29:49  RSSI원시:-56
16:29:49  RSSI평활:-55.8
16:29:49  RSSI샘플:23362
16:29:49  RSSI경과ms:8
16:29:49  차량수신:11604
16:29:49  시각ms:1392183
16:29:49  IMU시각ms:1392171
16:29:49  위험:0
16:29:49  GPS유효:1
16:29:49  위도:37.496490
16:29:49  경도:126.955231
16:29:49  속도:0.174
16:29:49  방향:0.4
16:29:49  GPS원시속도:0.206
16:29:49  GPS원시방향유효:1
16:29:49  GPS원시방향:359.2
16:29:49  가속도:7.623,2.801,4.951
16:29:49  자이로:4.008,2.618,-1.092
16:29:49  자력계:-54.450,81.150,-27.600
16:29:49  IMU방향유효:1
16:29:49  IMU방향:0.4
16:29:49  방향가속도크기:9.51
16:29:49  방향자이로크기:4.91
16:29:49  방향자세cos:0.9465
16:29:49  자기모델잔차:2.44
16:29:49  자기모델반경:0.821
16:29:49  방향채택:367
16:29:49  방향거부:165800
16:29:49  송신:13434
16:29:49  GPS위성:7
16:29:49  GPS_HDOP:1.08
16:29:49  원시위도:37.496498
16:29:49  원시경도:126.955229
16:29:49  GPS채택:1922
16:29:49  GPS이상치거부:7
16:29:49  GPS품질거부:34
16:29:49  GPS재기준:0
16:29:49  RSSI원시:-55
16:29:49  RSSI평활:-55.6
16:29:49  RSSI샘플:23363
16:29:49  RSSI경과ms:42
16:29:49  차량수신:11605
16:29:49  시각ms:1392287
16:29:49  IMU시각ms:1392275
16:29:49  위험:0
16:29:49  GPS유효:1
16:29:49  위도:37.496498
16:29:49  경도:126.955231
16:29:49  속도:0.158
16:29:49  방향:0.4
16:29:49  GPS원시속도:0.129
16:29:49  GPS원시방향유효:1
16:29:49  GPS원시방향:359.2
16:29:49  가속도:7.915,2.658,4.736
16:29:49  자이로:-2.992,-3.244,1.870
16:29:49  자력계:-54.300,82.200,-26.550
16:29:49  IMU방향유효:1
16:29:49  IMU방향:0.4
16:29:49  방향가속도크기:9.60
16:29:49  방향자이로크기:4.79
16:29:49  방향자세cos:0.9338
16:29:49  자기모델잔차:2.44
16:29:49  자기모델반경:0.821
16:29:49  방향채택:367
16:29:49  방향거부:165812
16:29:49  송신:13435
16:29:49  GPS위성:7
16:29:49  GPS_HDOP:1.08
16:29:49  원시위도:37.496503
16:29:49  원시경도:126.955230
16:29:49  GPS채택:1923
16:29:49  GPS이상치거부:7
16:29:49  GPS품질거부:34
16:29:49  GPS재기준:0
16:29:49  RSSI원시:-56
16:29:49  RSSI평활:-55.7
16:29:49  RSSI샘플:23366
16:29:49  RSSI경과ms:3
16:29:49  차량수신:11606
16:29:50  시각ms:1392493
16:29:50  IMU시각ms:1392481
16:29:50  위험:0
16:29:50  GPS유효:1
16:29:50  위도:37.496498
16:29:50  경도:126.955231
16:29:50  속도:0.158
16:29:50  방향:0.0
16:29:50  GPS원시속도:0.129
16:29:50  GPS원시방향유효:1
16:29:50  GPS원시방향:359.2
16:29:50  가속도:7.748,2.772,5.023
16:29:50  자이로:-1.351,1.122,0.534
16:29:50  자력계:-56.550,80.250,-26.550
16:29:50  IMU방향유효:0
16:29:50  IMU방향:0.4
16:29:50  방향가속도크기:9.64
16:29:50  방향자이로크기:1.84
16:29:50  방향자세cos:0.9446
16:29:50  자기모델잔차:2.44
16:29:50  자기모델반경:0.821
16:29:50  방향채택:367
16:29:50  방향거부:165836
16:29:50  송신:13437
16:29:50  GPS위성:7
16:29:50  GPS_HDOP:1.08
16:29:50  원시위도:37.496503
16:29:50  원시경도:126.955230
16:29:50  GPS채택:1923
16:29:50  GPS이상치거부:7
16:29:50  GPS품질거부:34
16:29:50  GPS재기준:0
16:29:50  RSSI원시:-55
16:29:50  RSSI평활:-55.7
16:29:50  RSSI샘플:23370
16:29:50  RSSI경과ms:3
16:29:50  차량수신:11608
16:29:50  시각ms:1392596
16:29:50  IMU시각ms:1392584
16:29:50  위험:0
16:29:50  GPS유효:1
16:29:50  위도:37.496498
16:29:50  경도:126.955231
16:29:50  속도:0.158
16:29:50  방향:0.0
16:29:50  GPS원시속도:0.129
16:29:50  GPS원시방향유효:1
16:29:50  GPS원시방향:359.2
16:29:50  가속도:7.791,2.638,4.889
16:29:50  자이로:1.031,-4.221,1.000
16:29:50  자력계:-55.650,82.050,-27.150
16:29:50  IMU방향유효:0
16:29:50  IMU방향:0.4
16:29:50  방향가속도크기:9.57
16:29:50  방향자이로크기:4.46
16:29:50  방향자세cos:0.9383
16:29:50  자기모델잔차:2.44
16:29:50  자기모델반경:0.821
16:29:50  방향채택:367
16:29:50  방향거부:165848
16:29:50  송신:13438
16:29:50  GPS위성:7
16:29:50  GPS_HDOP:1.08
16:29:50  원시위도:37.496503
16:29:50  원시경도:126.955230
16:29:50  GPS채택:1923
16:29:50  GPS이상치거부:7
16:29:50  GPS품질거부:34
16:29:50  GPS재기준:0
16:29:50  RSSI원시:-57
16:29:50  RSSI평활:-56.1
16:29:50  RSSI샘플:23372
16:29:50  RSSI경과ms:1
16:29:50  차량수신:11609
16:29:50  시각ms:1392699
16:29:50  IMU시각ms:1392687
16:29:50  위험:0
16:29:50  GPS유효:1
16:29:50  위도:37.496498
16:29:50  경도:126.955231
16:29:50  속도:0.158
16:29:50  방향:0.0
16:29:50  GPS원시속도:0.129
16:29:50  GPS원시방향유효:1
16:29:50  GPS원시방향:359.2
16:29:50  가속도:7.843,2.677,5.023
16:29:50  자이로:0.740,0.489,-0.733
16:29:50  자력계:-53.700,82.350,-27.150
16:29:50  IMU방향유효:0
16:29:50  IMU방향:0.4
16:29:50  방향가속도크기:9.69
16:29:50  방향자이로크기:1.15
16:29:50  방향자세cos:0.9404
16:29:50  자기모델잔차:2.44
16:29:50  자기모델반경:0.821
16:29:50  방향채택:367
16:29:50  방향거부:165860
16:29:50  송신:13439
16:29:50  GPS위성:7
16:29:50  GPS_HDOP:1.08
16:29:50  원시위도:37.496503
16:29:50  원시경도:126.955230
16:29:50  GPS채택:1923
16:29:50  GPS이상치거부:7
16:29:50  GPS품질거부:34
16:29:50  GPS재기준:0
16:29:50  RSSI원시:-57
16:29:50  RSSI평활:-56.5
16:29:50  RSSI샘플:23374
16:29:50  RSSI경과ms:6
16:29:50  차량수신:11610
16:29:50  시각ms:1392802
16:29:50  IMU시각ms:1392790
16:29:50  위험:0
16:29:50  GPS유효:1
16:29:50  위도:37.496498
16:29:50  경도:126.955231
16:29:50  속도:0.158
16:29:50  방향:0.0
16:29:50  GPS원시속도:0.129
16:29:50  GPS원시방향유효:1
16:29:50  GPS원시방향:359.2
16:29:50  가속도:7.661,2.658,5.009
16:29:50  자이로:-1.473,-1.115,-1.412
16:29:50  자력계:-55.050,82.200,-27.300
16:29:50  IMU방향유효:0
16:29:50  IMU방향:0.4
16:29:50  방향가속도크기:9.53
16:29:50  방향자이로크기:2.33
16:29:50  방향자세cos:0.9431
16:29:50  자기모델잔차:2.44
16:29:50  자기모델반경:0.821
16:29:50  방향채택:367
16:29:50  방향거부:165872
16:29:50  송신:13440
16:29:50  GPS위성:7
16:29:50  GPS_HDOP:1.08
16:29:50  원시위도:37.496503
16:29:50  원시경도:126.955230
16:29:50  GPS채택:1923
16:29:50  GPS이상치거부:7
16:29:50  GPS품질거부:34
16:29:50  GPS재기준:0
16:29:50  RSSI원시:-57
16:29:50  RSSI평활:-56.6
16:29:50  RSSI샘플:23376
16:29:50  RSSI경과ms:4
16:29:50  차량수신:11611
16:29:50  시각ms:1392904
16:29:50  IMU시각ms:1392892
16:29:50  위험:0
16:29:50  GPS유효:1
16:29:50  위도:37.496498
16:29:50  경도:126.955231
16:29:50  속도:0.158
16:29:50  방향:0.0
16:29:50  GPS원시속도:0.129
16:29:50  GPS원시방향유효:1
16:29:50  GPS원시방향:359.2
16:29:50  가속도:7.733,2.691,4.961
16:29:50  자이로:-5.458,-1.489,0.420
16:29:50  자력계:-55.650,81.600,-26.850
16:29:50  IMU방향유효:0
16:29:50  IMU방향:0.4
16:29:50  방향가속도크기:9.57
16:29:50  방향자이로크기:5.67
16:29:50  방향자세cos:0.9419
16:29:50  자기모델잔차:2.44
16:29:50  자기모델반경:0.821
16:29:50  방향채택:367
16:29:50  방향거부:165884
16:29:50  송신:13441
16:29:50  GPS위성:7
16:29:50  GPS_HDOP:1.08
16:29:50  원시위도:37.496503
16:29:50  원시경도:126.955230
16:29:50  GPS채택:1923
16:29:50  GPS이상치거부:7
16:29:50  GPS품질거부:34
16:29:50  GPS재기준:0
16:29:50  RSSI원시:-55
16:29:50  RSSI평활:-56.3
16:29:50  RSSI샘플:23377
16:29:50  RSSI경과ms:38
16:29:50  차량수신:11612
16:29:50  시각ms:1393008
16:29:50  IMU시각ms:1392996
16:29:50  위험:0
16:29:50  GPS유효:1
16:29:50  위도:37.496498
16:29:50  경도:126.955231
16:29:50  속도:0.158
16:29:50  방향:0.0
16:29:50  GPS원시속도:0.129
16:29:50  GPS원시방향유효:1
16:29:50  GPS원시방향:359.2
16:29:50  가속도:7.930,2.825,4.985
16:29:50  자이로:-0.557,-1.374,-0.191
16:29:50  자력계:-54.450,82.800,-26.850
16:29:50  IMU방향유효:0
16:29:50  IMU방향:0.4
16:29:50  방향가속도크기:9.78
16:29:50  방향자이로크기:1.49
16:29:50  방향자세cos:0.9419
16:29:50  자기모델잔차:2.44
16:29:50  자기모델반경:0.821
16:29:50  방향채택:367
16:29:50  방향거부:165897
16:29:50  송신:13442
16:29:50  GPS위성:7
16:29:50  GPS_HDOP:1.08
16:29:50  원시위도:37.496503
16:29:50  원시경도:126.955230
16:29:50  GPS채택:1923
16:29:50  GPS이상치거부:7
16:29:50  GPS품질거부:34
16:29:50  GPS재기준:0
16:29:50  RSSI원시:-58
16:29:50  RSSI평활:-56.7
16:29:50  RSSI샘플:23380
16:29:50  RSSI경과ms:2
16:29:50  차량수신:11613
16:29:50  시각ms:1393110
16:29:50  IMU시각ms:1393098
16:29:50  위험:0
16:29:50  GPS유효:1
16:29:50  위도:37.496498
16:29:50  경도:126.955231
16:29:50  속도:0.158
16:29:50  방향:0.0
16:29:50  GPS원시속도:0.129
16:29:50  GPS원시방향유효:1
16:29:50  GPS원시방향:359.2
16:29:50  가속도:7.705,2.729,5.119
16:29:50  자이로:-1.344,-1.336,-1.328
16:29:50  자력계:-55.050,83.700,-26.550
16:29:50  IMU방향유효:0
16:29:50  IMU방향:0.4
16:29:50  방향가속도크기:9.64
16:29:50  방향자이로크기:2.31
16:29:50  방향자세cos:0.9457
16:29:50  자기모델잔차:2.44
16:29:50  자기모델반경:0.821
16:29:50  방향채택:367
16:29:50  방향거부:165909
16:29:50  송신:13443
16:29:50  GPS위성:7
16:29:50  GPS_HDOP:1.08
16:29:50  원시위도:37.496503
16:29:50  원시경도:126.955230
16:29:50  GPS채택:1923
16:29:50  GPS이상치거부:7
16:29:50  GPS품질거부:34
16:29:50  GPS재기준:0
16:29:50  RSSI원시:-58
16:29:50  RSSI평활:-56.8
16:29:50  RSSI샘플:23382
16:29:50  RSSI경과ms:5
16:29:50  차량수신:11614
16:29:50  시각ms:1393315
16:29:50  IMU시각ms:1393303
16:29:50  위험:0
16:29:50  GPS유효:1
16:29:50  위도:37.496502
16:29:50  경도:126.955231
16:29:50  속도:0.142
16:29:50  방향:0.0
16:29:50  GPS원시속도:0.113
16:29:50  GPS원시방향유효:1
16:29:50  GPS원시방향:359.2
16:29:50  가속도:7.800,2.662,4.875
16:29:50  자이로:-4.290,0.718,1.664
16:29:50  자력계:-54.900,82.800,-28.200
16:29:50  IMU방향유효:0
16:29:50  IMU방향:0.4
16:29:50  방향가속도크기:9.58
16:29:50  방향자이로크기:4.66
16:29:50  방향자세cos:0.9385
16:29:50  자기모델잔차:2.44
16:29:50  자기모델반경:0.821
16:29:50  방향채택:367
16:29:50  방향거부:165933
16:29:50  송신:13445
16:29:50  GPS위성:8
16:29:50  GPS_HDOP:1.32
16:29:50  원시위도:37.496510
16:29:50  원시경도:126.955235
16:29:50  GPS채택:1924
16:29:50  GPS이상치거부:7
16:29:50  GPS품질거부:34
16:29:50  GPS재기준:0
16:29:50  RSSI원시:-56
16:29:50  RSSI평활:-56.4
16:29:50  RSSI샘플:23386
16:29:50  RSSI경과ms:1
16:29:50  차량수신:11616
16:29:51  시각ms:1393418
16:29:51  IMU시각ms:1393406
16:29:51  위험:0
16:29:51  GPS유효:1
16:29:51  위도:37.496502
16:29:51  경도:126.955231
16:29:51  속도:0.142
16:29:51  방향:0.0
16:29:51  GPS원시속도:0.113
16:29:51  GPS원시방향유효:1
16:29:51  GPS원시방향:359.2
16:29:51  가속도:7.776,2.820,4.990
16:29:51  자이로:2.046,0.427,-1.290
16:29:51  자력계:-53.550,81.750,-27.300
16:29:51  IMU방향유효:0
16:29:51  IMU방향:0.4
16:29:51  방향가속도크기:9.66
16:29:51  방향자이로크기:2.46
16:29:51  방향자세cos:0.9447
16:29:51  자기모델잔차:2.44
16:29:51  자기모델반경:0.821
16:29:51  방향채택:367
16:29:51  방향거부:165945
16:29:51  송신:13446
16:29:51  GPS위성:8
16:29:51  GPS_HDOP:1.32
16:29:51  원시위도:37.496510
16:29:51  원시경도:126.955235
16:29:51  GPS채택:1924
16:29:51  GPS이상치거부:7
16:29:51  GPS품질거부:34
16:29:51  GPS재기준:0
16:29:51  RSSI원시:-56
16:29:51  RSSI평활:-56.1
16:29:51  RSSI샘플:23388
16:29:51  RSSI경과ms:1
16:29:51  차량수신:11617
16:29:51  시각ms:1393521
16:29:51  IMU시각ms:1393509
16:29:51  위험:0
16:29:51  GPS유효:1
16:29:51  위도:37.496502
16:29:51  경도:126.955231
16:29:51  속도:0.142
16:29:51  방향:0.0
16:29:51  GPS원시속도:0.113
16:29:51  GPS원시방향유효:1
16:29:51  GPS원시방향:359.2
16:29:51  가속도:7.666,2.758,4.966
16:29:51  자이로:-1.420,1.084,-2.840
16:29:51  자력계:-56.550,83.400,-25.950
16:29:51  IMU방향유효:0
16:29:51  IMU방향:0.4
16:29:51  방향가속도크기:9.54
16:29:51  방향자이로크기:3.35
16:29:51  방향자세cos:0.9449
16:29:51  자기모델잔차:2.44
16:29:51  자기모델반경:0.821
16:29:51  방향채택:367
16:29:51  방향거부:165957
16:29:51  송신:13447
16:29:51  GPS위성:8
16:29:51  GPS_HDOP:1.32
16:29:51  원시위도:37.496510
16:29:51  원시경도:126.955235
16:29:51  GPS채택:1924
16:29:51  GPS이상치거부:7
16:29:51  GPS품질거부:34
16:29:51  GPS재기준:0
16:29:51  RSSI원시:-55
16:29:51  RSSI평활:-55.9
16:29:51  RSSI샘플:23390
16:29:51  RSSI경과ms:6
16:29:51  차량수신:11618
16:29:51  시각ms:1393624
16:29:51  IMU시각ms:1393612
16:29:51  위험:0
16:29:51  GPS유효:1
16:29:51  위도:37.496502
16:29:51  경도:126.955231
16:29:51  속도:0.142
16:29:51  방향:0.0
16:29:51  GPS원시속도:0.113
16:29:51  GPS원시방향유효:1
16:29:51  GPS원시방향:359.2
16:29:51  가속도:7.733,2.744,5.181
16:29:51  자이로:-2.985,-2.496,0.618
16:29:51  자력계:-54.900,80.400,-26.400
16:29:51  IMU방향유효:0
16:29:51  IMU방향:0.4
16:29:51  방향가속도크기:9.70
16:29:51  방향자이로크기:3.94
16:29:51  방향자세cos:0.9464
16:29:51  자기모델잔차:2.44
16:29:51  자기모델반경:0.821
16:29:51  방향채택:367
16:29:51  방향거부:165969
16:29:51  송신:13448
16:29:51  GPS위성:8
16:29:51  GPS_HDOP:1.32
16:29:51  원시위도:37.496510
16:29:51  원시경도:126.955235
16:29:51  GPS채택:1924
16:29:51  GPS이상치거부:7
16:29:51  GPS품질거부:34
16:29:51  GPS재기준:0
16:29:51  RSSI원시:-56
16:29:51  RSSI평활:-55.9
16:29:51  RSSI샘플:23392
16:29:51  RSSI경과ms:4
16:29:51  차량수신:11619
16:29:51  시각ms:1393727
16:29:51  IMU시각ms:1393715
16:29:51  위험:0
16:29:51  GPS유효:1
16:29:51  위도:37.496502
16:29:51  경도:126.955231
16:29:51  속도:0.142
16:29:51  방향:0.0
16:29:51  GPS원시속도:0.113
16:29:51  GPS원시방향유효:1
16:29:51  GPS원시방향:359.2
16:29:51  가속도:7.642,2.720,5.210
16:29:51  자이로:-3.496,-5.137,0.977
16:29:51  자력계:-55.650,82.800,-25.350
16:29:51  IMU방향유효:0
16:29:51  IMU방향:0.4
16:29:51  방향가속도크기:9.64
16:29:51  방향자이로크기:6.29
16:29:51  방향자세cos:0.9477
16:29:51  자기모델잔차:2.44
16:29:51  자기모델반경:0.821
16:29:51  방향채택:367
16:29:51  방향거부:165981
16:29:51  송신:13449
16:29:51  GPS위성:8
16:29:51  GPS_HDOP:1.32
16:29:51  원시위도:37.496510
16:29:51  원시경도:126.955235
16:29:51  GPS채택:1924
16:29:51  GPS이상치거부:7
16:29:51  GPS품질거부:34
16:29:51  GPS재기준:0
16:29:51  RSSI원시:-56
16:29:51  RSSI평활:-55.9
16:29:51  RSSI샘플:23394
16:29:51  RSSI경과ms:2
16:29:51  차량수신:11620
16:29:51  시각ms:1393931
16:29:51  IMU시각ms:1393919
16:29:51  위험:0
16:29:51  GPS유효:1
16:29:51  위도:37.496502
16:29:51  경도:126.955231
16:29:51  속도:0.142
16:29:51  방향:0.0
16:29:51  GPS원시속도:0.113
16:29:51  GPS원시방향유효:1
16:29:51  GPS원시방향:359.2
16:29:51  가속도:7.685,2.758,5.018
16:29:51  자이로:0.832,-1.076,1.954
16:29:51  자력계:-54.150,82.350,-26.850
16:29:51  IMU방향유효:0
16:29:51  IMU방향:0.4
16:29:51  방향가속도크기:9.58
16:29:51  방향자이로크기:2.38
16:29:51  방향자세cos:0.9453
16:29:51  자기모델잔차:2.44
16:29:51  자기모델반경:0.821
16:29:51  방향채택:367
16:29:51  방향거부:166005
16:29:51  송신:13451
16:29:51  GPS위성:8
16:29:51  GPS_HDOP:1.32
16:29:51  원시위도:37.496510
16:29:51  원시경도:126.955235
16:29:51  GPS채택:1924
16:29:51  GPS이상치거부:7
16:29:51  GPS품질거부:34
16:29:51  GPS재기준:0
16:29:51  RSSI원시:-54
16:29:51  RSSI평활:-54.8
16:29:51  RSSI샘플:23398
16:29:51  RSSI경과ms:1
16:29:51  차량수신:11622
16:29:51  시각ms:1394033
16:29:51  IMU시각ms:1394021
16:29:51  위험:0
16:29:51  GPS유효:1
16:29:51  위도:37.496502
16:29:51  경도:126.955231
16:29:51  속도:0.142
16:29:51  방향:0.0
16:29:51  GPS원시속도:0.113
16:29:51  GPS원시방향유효:1
16:29:51  GPS원시방향:359.2
16:29:51  가속도:7.719,2.758,5.138
16:29:51  자이로:3.115,0.237,0.359
16:29:51  자력계:-54.000,82.200,-27.750
16:29:51  IMU방향유효:0
16:29:51  IMU방향:0.4
16:29:51  방향가속도크기:9.67
16:29:51  방향자이로크기:3.14
16:29:51  방향자세cos:0.9464
16:29:51  자기모델잔차:2.44
16:29:51  자기모델반경:0.821
16:29:51  방향채택:367
16:29:51  방향거부:166017
16:29:51  송신:13452
16:29:51  GPS위성:8
16:29:51  GPS_HDOP:1.32
16:29:51  원시위도:37.496510
16:29:51  원시경도:126.955235
16:29:51  GPS채택:1924
16:29:51  GPS이상치거부:7
16:29:51  GPS품질거부:34
16:29:51  GPS재기준:0
16:29:51  RSSI원시:-54
16:29:51  RSSI평활:-54.5
16:29:51  RSSI샘플:23400
16:29:51  RSSI경과ms:5
16:29:51  차량수신:11623
16:29:51  시각ms:1394135
16:29:51  IMU시각ms:1394123
16:29:51  위험:0
16:29:51  GPS유효:1
16:29:51  위도:37.496502
16:29:51  경도:126.955231
16:29:51  속도:0.142
16:29:51  방향:0.0
16:29:51  GPS원시속도:0.113
16:29:51  GPS원시방향유효:1
16:29:51  GPS원시방향:359.2
16:29:51  가속도:7.594,2.768,5.162
16:29:51  자이로:5.603,4.191,2.305
16:29:51  자력계:-54.300,81.750,-27.000
16:29:51  IMU방향유효:0
16:29:51  IMU방향:0.4
16:29:51  방향가속도크기:9.59
16:29:51  방향자이로크기:7.37
16:29:51  방향자세cos:0.9492
16:29:51  자기모델잔차:2.44
16:29:52  자기모델반경:0.821
16:29:52  방향채택:367
16:29:52  방향거부:166029
16:29:52  송신:13453
16:29:52  GPS위성:8
16:29:52  GPS_HDOP:1.32
16:29:52  원시위도:37.496510
16:29:52  원시경도:126.955235
16:29:52  GPS채택:1924
16:29:52  GPS이상치거부:7
16:29:52  GPS품질거부:34
16:29:52  GPS재기준:0
16:29:52  RSSI원시:-55
16:29:52  RSSI평활:-54.7
16:29:52  RSSI샘플:23402
16:29:52  RSSI경과ms:2
16:29:52  차량수신:11624
16:29:52  시각ms:1394237
16:29:52  IMU시각ms:1394225
16:29:52  위험:0
16:29:52  GPS유효:1
16:29:52  위도:37.496510
16:29:52  경도:126.955231
16:29:52  속도:0.109
16:29:52  방향:0.0
16:29:52  GPS원시속도:0.046
16:29:52  GPS원시방향유효:1
16:29:52  GPS원시방향:359.2
16:29:52  가속도:7.508,2.830,5.167
16:29:52  자이로:0.260,-0.435,-0.740
16:29:52  자력계:-54.750,83.400,-25.200
16:29:52  IMU방향유효:0
16:29:52  IMU방향:0.4
16:29:52  방향가속도크기:9.54
16:29:52  방향자이로크기:0.90
16:29:52  방향자세cos:0.9522
16:29:52  자기모델잔차:2.44
16:29:52  자기모델반경:0.821
16:29:52  방향채택:367
16:29:52  방향거부:166041
16:29:52  송신:13454
16:29:52  GPS위성:8
16:29:52  GPS_HDOP:1.32
16:29:52  원시위도:37.496516
16:29:52  원시경도:126.955237
16:29:52  GPS채택:1925
16:29:52  GPS이상치거부:7
16:29:52  GPS품질거부:34
16:29:52  GPS재기준:0
16:29:52  RSSI원시:-54
16:29:52  RSSI평활:-54.6
16:29:52  RSSI샘플:23404
16:29:52  RSSI경과ms:5
16:29:52  차량수신:11625
16:29:52  시각ms:1394340
16:29:52  IMU시각ms:1394328
16:29:52  위험:0
16:29:52  GPS유효:1
16:29:52  위도:37.496510
16:29:52  경도:126.955231
16:29:52  속도:0.109
16:29:52  방향:0.0
16:29:52  GPS원시속도:0.046
16:29:52  GPS원시방향유효:1
16:29:52  GPS원시방향:359.2
16:29:52  가속도:7.724,2.816,5.114
16:29:52  자이로:-4.023,-5.435,2.206
16:29:52  자력계:-53.250,81.000,-25.950
16:29:52  IMU방향유효:0
16:29:52  IMU방향:0.4
16:29:52  방향가속도크기:9.68
16:29:52  방향자이로크기:7.11
16:29:52  방향자세cos:0.9474
16:29:52  자기모델잔차:2.44
16:29:52  자기모델반경:0.821
16:29:52  방향채택:367
16:29:52  방향거부:166053
16:29:52  송신:13455
16:29:52  GPS위성:8
16:29:52  GPS_HDOP:1.32
16:29:52  원시위도:37.496516
16:29:52  원시경도:126.955237
16:29:52  GPS채택:1925
16:29:52  GPS이상치거부:7
16:29:52  GPS품질거부:34
16:29:52  GPS재기준:0
16:29:52  RSSI원시:-54
16:29:52  RSSI평활:-54.5
16:29:52  RSSI샘플:23406
16:29:52  RSSI경과ms:8
16:29:52  차량수신:11626
16:29:52  시각ms:1394546
16:29:52  IMU시각ms:1394534
16:29:52  위험:0
16:29:52  GPS유효:1
16:29:52  위도:37.496510
16:29:52  경도:126.955231
16:29:52  속도:0.109
16:29:52  방향:0.0
16:29:52  GPS원시속도:0.046
16:29:52  GPS원시방향유효:1
16:29:52  GPS원시방향:359.2
16:29:52  가속도:7.705,2.873,5.057
16:29:52  자이로:-2.893,-4.305,0.718
16:29:52  자력계:-54.750,82.950,-25.950
16:29:52  IMU방향유효:0
16:29:52  IMU방향:0.4
16:29:52  방향가속도크기:9.65
16:29:52  방향자이로크기:5.24
16:29:52  방향자세cos:0.9483
16:29:52  자기모델잔차:2.44
16:29:52  자기모델반경:0.821
16:29:52  방향채택:367
16:29:52  방향거부:166077
16:29:52  송신:13457
16:29:52  GPS위성:8
16:29:52  GPS_HDOP:1.32
16:29:52  원시위도:37.496516
16:29:52  원시경도:126.955237
16:29:52  GPS채택:1925
16:29:52  GPS이상치거부:7
16:29:52  GPS품질거부:34
16:29:52  GPS재기준:0
16:29:52  RSSI원시:-56
16:29:52  RSSI평활:-55.6
16:29:52  RSSI샘플:23410
16:29:52  RSSI경과ms:3
16:29:52  차량수신:11628
16:29:52  시각ms:1394649
16:29:52  IMU시각ms:1394637
16:29:52  위험:0
16:29:52  GPS유효:1
16:29:52  위도:37.496510
16:29:52  경도:126.955231
16:29:52  속도:0.109
16:29:52  방향:0.0
16:29:52  GPS원시속도:0.046
16:29:52  GPS원시방향유효:1
16:29:52  GPS원시방향:359.2
16:29:52  가속도:7.685,2.820,4.841
16:29:52  자이로:-1.863,-1.618,2.695
16:29:52  자력계:-54.900,82.800,-26.850
16:29:52  IMU방향유효:0
16:29:52  IMU방향:0.4
16:29:52  방향가속도크기:9.51
16:29:52  방향자이로크기:3.65
16:29:52  방향자세cos:0.9441
16:29:52  자기모델잔차:2.44
16:29:52  자기모델반경:0.821
16:29:52  방향채택:367
16:29:52  방향거부:166089
16:29:52  송신:13458
16:29:52  GPS위성:8
16:29:52  GPS_HDOP:1.32
16:29:52  원시위도:37.496516
16:29:52  원시경도:126.955237
16:29:52  GPS채택:1925
16:29:52  GPS이상치거부:7
16:29:52  GPS품질거부:34
16:29:52  GPS재기준:0
16:29:52  RSSI원시:-57
16:29:52  RSSI평활:-55.9
16:29:52  RSSI샘플:23412
16:29:52  RSSI경과ms:1
16:29:52  차량수신:11629
16:29:52  시각ms:1394752
16:29:52  IMU시각ms:1394740
16:29:52  위험:0
16:29:52  GPS유효:1
16:29:52  위도:37.496510
16:29:52  경도:126.955231
16:29:52  속도:0.109
16:29:52  방향:0.0
16:29:52  GPS원시속도:0.046
16:29:52  GPS원시방향유효:1
16:29:52  GPS원시방향:359.2
16:29:52  가속도:7.719,2.811,4.985
16:29:52  자이로:-8.038,-6.985,1.786
16:29:52  자력계:-54.450,82.800,-26.100
16:29:52  IMU방향유효:0
16:29:52  IMU방향:0.4
16:29:52  방향가속도크기:9.61
16:29:52  방향자이로크기:10.80
16:29:52  방향자세cos:0.9455
16:29:52  자기모델잔차:2.44
16:29:52  자기모델반경:0.821
16:29:52  방향채택:367
16:29:52  방향거부:166101
16:29:52  송신:13459
16:29:52  GPS위성:8
16:29:52  GPS_HDOP:1.32
16:29:52  원시위도:37.496516
16:29:52  원시경도:126.955237
16:29:52  GPS채택:1925
16:29:52  GPS이상치거부:7
16:29:52  GPS품질거부:34
16:29:52  GPS재기준:0
16:29:52  RSSI원시:-57
16:29:52  RSSI평활:-56.1
16:29:52  RSSI샘플:23414
16:29:52  RSSI경과ms:7
16:29:52  차량수신:11630
16:29:52  시각ms:1394854
16:29:52  IMU시각ms:1394842
16:29:52  위험:0
16:29:52  GPS유효:1
16:29:52  위도:37.496510
16:29:52  경도:126.955231
16:29:52  속도:0.109
16:29:52  방향:0.0
16:29:52  GPS원시속도:0.046
16:29:52  GPS원시방향유효:1
16:29:52  GPS원시방향:359.2
16:29:52  가속도:7.719,2.686,5.104
16:29:52  자이로:-2.985,-4.145,-1.198
16:29:52  자력계:-54.900,80.850,-26.100
16:29:52  IMU방향유효:0
16:29:52  IMU방향:0.4
16:29:52  방향가속도크기:9.64
16:29:52  방향자이로크기:5.25
16:29:52  방향자세cos:0.9441
16:29:52  자기모델잔차:2.44
16:29:52  자기모델반경:0.821
16:29:52  방향채택:367
16:29:52  방향거부:166113
16:29:52  송신:13460
16:29:52  GPS위성:8
16:29:52  GPS_HDOP:1.32
16:29:52  원시위도:37.496516
16:29:52  원시경도:126.955237
16:29:52  GPS채택:1925
16:29:52  GPS이상치거부:7
16:29:52  GPS품질거부:34
16:29:52  GPS재기준:0
16:29:52  RSSI원시:-56
16:29:52  RSSI평활:-55.9
16:29:52  RSSI샘플:23416
16:29:52  RSSI경과ms:4
16:29:52  차량수신:11631
16:29:52  시각ms:1394956
16:29:52  IMU시각ms:1394944
16:29:52  위험:0
16:29:52  GPS유효:1
16:29:52  위도:37.496510
16:29:52  경도:126.955231
16:29:52  속도:0.109
16:29:52  방향:0.0
16:29:52  GPS원시속도:0.046
16:29:52  GPS원시방향유효:1
16:29:52  GPS원시방향:359.2
16:29:52  가속도:7.748,2.629,5.042
16:29:52  자이로:-2.130,-2.817,0.328
16:29:52  자력계:-57.150,83.100,-26.400
16:29:52  IMU방향유효:0
16:29:52  IMU방향:0.4
16:29:52  방향가속도크기:9.61
16:29:52  방향자이로크기:3.55
16:29:52  방향자세cos:0.9412
16:29:52  자기모델잔차:2.44
16:29:52  자기모델반경:0.821
16:29:52  방향채택:367
16:29:52  방향거부:166125
16:29:52  송신:13461
16:29:52  GPS위성:8
16:29:52  GPS_HDOP:1.32
16:29:52  원시위도:37.496516
16:29:52  원시경도:126.955237
16:29:52  GPS채택:1925
16:29:52  GPS이상치거부:7
16:29:52  GPS품질거부:34
16:29:52  GPS재기준:0
16:29:52  RSSI원시:-55
16:29:52  RSSI평활:-55.6
16:29:52  RSSI샘플:23418
16:29:52  RSSI경과ms:3
16:29:52  차량수신:11632
16:29:52  시각ms:1395058
16:29:52  IMU시각ms:1395046
16:29:52  위험:0
16:29:52  GPS유효:1
16:29:52  위도:37.496510
16:29:52  경도:126.955231
16:29:52  속도:0.109
16:29:52  방향:0.0
16:29:52  GPS원시속도:0.046
16:29:52  GPS원시방향유효:1
16:29:52  GPS원시방향:359.2
16:29:52  가속도:7.839,2.782,5.047
16:29:52  자이로:-0.458,-0.603,-1.053
16:29:52  자력계:-56.700,82.050,-26.400
16:29:52  IMU방향유효:0
16:29:52  IMU방향:0.4
16:29:52  방향가속도크기:9.73
16:29:52  방향자이로크기:1.30
16:29:52  방향자세cos:0.9435
16:29:52  자기모델잔차:2.44
16:29:52  자기모델반경:0.821
16:29:52  방향채택:367
16:29:52  방향거부:166137
16:29:52  송신:13462
16:29:52  GPS위성:8
16:29:52  GPS_HDOP:1.32
16:29:52  원시위도:37.496516
16:29:52  원시경도:126.955237
16:29:52  GPS채택:1925
16:29:52  GPS이상치거부:7
16:29:52  GPS품질거부:34
16:29:52  GPS재기준:0
16:29:52  RSSI원시:-57
16:29:52  RSSI평활:-55.9
16:29:52  RSSI샘플:23419
16:29:52  RSSI경과ms:7
16:29:52  차량수신:11633
16:29:52  시각ms:1395158
16:29:52  IMU시각ms:1395146
16:29:52  위험:0
16:29:52  GPS유효:1
16:29:52  위도:37.496510
16:29:52  경도:126.955231
16:29:52  속도:0.109
16:29:52  방향:0.0
16:29:52  GPS원시속도:0.046
16:29:52  GPS원시방향유효:1
16:29:52  GPS원시방향:359.2
16:29:52  가속도:7.829,2.744,5.033
16:29:52  자이로:-1.481,-0.290,-0.473
16:29:52  자력계:-54.750,82.200,-26.550
16:29:52  IMU방향유효:0
16:29:52  IMU방향:0.4
16:29:52  방향가속도크기:9.70
16:29:52  방향자이로크기:1.58
16:29:52  방향자세cos:0.9425
16:29:52  자기모델잔차:2.44
16:29:52  자기모델반경:0.821
16:29:52  방향채택:367
16:29:52  방향거부:166148
16:29:52  송신:13463
16:29:52  GPS위성:8
16:29:52  GPS_HDOP:1.32
16:29:52  원시위도:37.496516
16:29:52  원시경도:126.955237
16:29:52  GPS채택:1925
16:29:52  GPS이상치거부:7
16:29:52  GPS품질거부:34
16:29:52  GPS재기준:0
16:29:52  RSSI원시:-57
16:29:52  RSSI평활:-56.1
16:29:52  RSSI샘플:23421
16:29:52  RSSI경과ms:5
16:29:52  차량수신:11633
16:29:52  시각ms:1395261
16:29:52  IMU시각ms:1395249
16:29:52  위험:0
16:29:52  GPS유효:1
16:29:52  위도:37.496513
16:29:52  경도:126.955238
16:29:52  속도:0.085
16:29:52  방향:0.0
16:29:52  GPS원시속도:0.041
16:29:52  GPS원시방향유효:1
16:29:52  GPS원시방향:359.2
16:29:52  가속도:7.848,2.725,5.004
16:29:52  자이로:0.405,-1.557,0.588
16:29:52  자력계:-54.750,81.450,-27.000
16:29:52  IMU방향유효:0
16:29:52  IMU방향:0.4
16:29:52  방향가속도크기:9.70
16:29:52  방향자이로크기:1.71
16:29:52  방향자세cos:0.9413
16:29:52  자기모델잔차:2.44
16:29:52  자기모델반경:0.821
16:29:52  방향채택:367
16:29:52  방향거부:166160
16:29:52  송신:13464
16:29:52  GPS위성:8
16:29:52  GPS_HDOP:1.32
16:29:52  원시위도:37.496521
16:29:52  원시경도:126.955235
16:29:52  GPS채택:1926
16:29:52  GPS이상치거부:7
16:29:52  GPS품질거부:34
16:29:52  GPS재기준:0
16:29:52  RSSI원시:-56
16:29:52  RSSI평활:-56.1
16:29:52  RSSI샘플:23423
16:29:52  RSSI경과ms:6
16:29:52  차량수신:11634
16:29:52  시각ms:1395364
16:29:52  IMU시각ms:1395352
16:29:52  위험:0
16:29:52  GPS유효:1
16:29:52  위도:37.496513
16:29:52  경도:126.955238
16:29:52  속도:0.085
16:29:52  방향:0.0
16:29:52  GPS원시속도:0.041
16:29:52  GPS원시방향유효:1
16:29:52  GPS원시방향:359.2
16:29:52  가속도:7.724,2.619,5.085
16:29:52  자이로:-1.137,-0.664,0.221
16:29:52  자력계:-54.900,82.350,-26.850
16:29:52  IMU방향유효:0
16:29:52  IMU방향:0.4
16:29:52  방향가속도크기:9.61
16:29:52  방향자이로크기:1.34
16:29:52  방향자세cos:0.9420
16:29:52  자기모델잔차:2.44
16:29:52  자기모델반경:0.821
16:29:52  방향채택:367
16:29:52  방향거부:166172
16:29:52  송신:13465
16:29:52  GPS위성:8
16:29:52  GPS_HDOP:1.32
16:29:52  원시위도:37.496521
16:29:52  원시경도:126.955235
16:29:52  GPS채택:1926
16:29:52  GPS이상치거부:7
16:29:52  GPS품질거부:34
16:29:52  GPS재기준:0
16:29:52  RSSI원시:-56
16:29:52  RSSI평활:-56.1
16:29:52  RSSI샘플:23425
16:29:52  RSSI경과ms:5
16:29:52  차량수신:11635
16:29:53  시각ms:1395467
16:29:53  IMU시각ms:1395455
16:29:53  위험:0
16:29:53  GPS유효:1
16:29:53  위도:37.496513
16:29:53  경도:126.955238
16:29:53  속도:0.085
16:29:53  방향:0.0
16:29:53  GPS원시속도:0.041
16:29:53  GPS원시방향유효:1
16:29:53  GPS원시방향:359.2
16:29:53  가속도:7.714,2.557,4.956
16:29:53  자이로:-2.603,0.496,0.557
16:29:53  자력계:-55.650,82.050,-26.850
16:29:53  IMU방향유효:0
16:29:53  IMU방향:0.4
16:29:53  방향가속도크기:9.52
16:29:53  방향자이로크기:2.71
16:29:53  방향자세cos:0.9387
16:29:53  자기모델잔차:2.44
16:29:53  자기모델반경:0.821
16:29:53  방향채택:367
16:29:53  방향거부:166184
16:29:53  송신:13466
16:29:53  GPS위성:8
16:29:53  GPS_HDOP:1.32
16:29:53  원시위도:37.496521
16:29:53  원시경도:126.955235
16:29:53  GPS채택:1926
16:29:53  GPS이상치거부:7
16:29:53  GPS품질거부:34
16:29:53  GPS재기준:0
16:29:53  RSSI원시:-57
16:29:53  RSSI평활:-56.2
16:29:53  RSSI샘플:23427
16:29:53  RSSI경과ms:4
16:29:53  차량수신:11636
16:29:53  시각ms:1395570
16:29:53  IMU시각ms:1395558
16:29:53  위험:0
16:29:53  GPS유효:1
16:29:53  위도:37.496513
16:29:53  경도:126.955238
16:29:53  속도:0.085
16:29:53  방향:0.0
16:29:53  GPS원시속도:0.041
16:29:53  GPS원시방향유효:1
16:29:53  GPS원시방향:359.2
16:29:53  가속도:7.810,2.504,4.951
16:29:53  자이로:0.939,0.756,2.351
16:29:53  자력계:-56.400,81.150,-26.850
16:29:53  IMU방향유효:0
16:29:53  IMU방향:0.4
16:29:53  방향가속도크기:9.58
16:29:53  방향자이로크기:2.64
16:29:53  방향자세cos:0.9353
16:29:53  자기모델잔차:2.44
16:29:53  자기모델반경:0.821
16:29:53  방향채택:367
16:29:53  방향거부:166196
16:29:53  송신:13467
16:29:53  GPS위성:8
16:29:53  GPS_HDOP:1.32
16:29:53  원시위도:37.496521
16:29:53  원시경도:126.955235
16:29:53  GPS채택:1926
16:29:53  GPS이상치거부:7
16:29:53  GPS품질거부:34
16:29:53  GPS재기준:0
16:29:53  RSSI원시:-56
16:29:53  RSSI평활:-56.1
16:29:53  RSSI샘플:23429
16:29:53  RSSI경과ms:3
16:29:53  차량수신:11637
16:29:53  시각ms:1395673
16:29:53  IMU시각ms:1395661
16:29:53  위험:0
16:29:53  GPS유효:1
16:29:53  위도:37.496513
16:29:53  경도:126.955238
16:29:53  속도:0.085
16:29:53  방향:0.0
16:29:53  GPS원시속도:0.041
16:29:53  GPS원시방향유효:1
16:29:53  GPS원시방향:359.2
16:29:53  가속도:7.762,2.648,4.951
16:29:53  자이로:-0.740,1.977,-0.168
16:29:53  자력계:-54.750,83.400,-28.500
16:29:53  IMU방향유효:0
16:29:53  IMU방향:0.4
16:29:53  방향가속도크기:9.58
16:29:53  방향자이로크기:2.12
16:29:53  방향자세cos:0.9401
16:29:53  자기모델잔차:2.44
16:29:53  자기모델반경:0.821
16:29:53  방향채택:367
16:29:53  방향거부:166208
16:29:53  송신:13468
16:29:53  GPS위성:8
16:29:53  GPS_HDOP:1.32
16:29:53  원시위도:37.496521
16:29:53  원시경도:126.955235
16:29:53  GPS채택:1926
16:29:53  GPS이상치거부:7
16:29:53  GPS품질거부:34
16:29:53  GPS재기준:0
16:29:53  RSSI원시:-57
16:29:53  RSSI평활:-56.3
16:29:53  RSSI샘플:23431
16:29:53  RSSI경과ms:2
16:29:53  차량수신:11638
16:29:53  시각ms:1395776
16:29:53  IMU시각ms:1395764
16:29:53  위험:0
16:29:53  GPS유효:1
16:29:53  위도:37.496513
16:29:53  경도:126.955238
16:29:53  속도:0.085
16:29:53  방향:0.0
16:29:53  GPS원시속도:0.041
16:29:53  GPS원시방향유효:1
16:29:53  GPS원시방향:359.2
16:29:53  가속도:7.796,2.682,4.975
16:29:53  자이로:-2.221,0.015,2.527
16:29:53  자력계:-54.000,82.500,-25.500
16:29:53  IMU방향유효:0
16:29:53  IMU방향:0.4
16:29:53  방향가속도크기:9.63
16:29:53  방향자이로크기:3.36
16:29:53  방향자세cos:0.9407
16:29:53  자기모델잔차:2.44
16:29:53  자기모델반경:0.821
16:29:53  방향채택:367
16:29:53  방향거부:166220
16:29:53  송신:13469
16:29:53  GPS위성:8
16:29:53  GPS_HDOP:1.32
16:29:53  원시위도:37.496521
16:29:53  원시경도:126.955235
16:29:53  GPS채택:1926
16:29:53  GPS이상치거부:7
16:29:53  GPS품질거부:34
16:29:53  GPS재기준:0
16:29:53  RSSI원시:-56
16:29:53  RSSI평활:-56.3
16:29:53  RSSI샘플:23433
16:29:53  RSSI경과ms:3
16:29:53  차량수신:11639
16:29:53  시각ms:1395878
16:29:53  IMU시각ms:1395866
16:29:53  위험:0
16:29:53  GPS유효:1
16:29:53  위도:37.496513
16:29:53  경도:126.955238
16:29:53  속도:0.085
16:29:53  방향:0.0
16:29:53  GPS원시속도:0.041
16:29:53  GPS원시방향유효:1
16:29:53  GPS원시방향:359.2
16:29:53  가속도:7.910,2.480,5.114
16:29:53  자이로:-1.366,0.321,1.351
16:29:53  자력계:-55.800,81.450,-27.750
16:29:53  IMU방향유효:0
16:29:53  IMU방향:0.4
16:29:53  방향가속도크기:9.74
16:29:53  방향자이로크기:1.95
16:29:53  방향자세cos:0.9353
16:29:53  자기모델잔차:2.44
16:29:53  자기모델반경:0.821
16:29:53  방향채택:367
16:29:53  방향거부:166232
16:29:53  송신:13470
16:29:53  GPS위성:8
16:29:53  GPS_HDOP:1.32
16:29:53  원시위도:37.496521
16:29:53  원시경도:126.955235
16:29:53  GPS채택:1926
16:29:53  GPS이상치거부:7
16:29:53  GPS품질거부:34
16:29:53  GPS재기준:0
16:29:53  RSSI원시:-56
16:29:53  RSSI평활:-56.5
16:29:53  RSSI샘플:23435
16:29:53  RSSI경과ms:3
16:29:53  차량수신:11640
16:29:53  시각ms:1395980
16:29:53  IMU시각ms:1395968
16:29:53  위험:0
16:29:53  GPS유효:1
16:29:53  위도:37.496513
16:29:53  경도:126.955238
16:29:53  속도:0.085
16:29:53  방향:0.0
16:29:53  GPS원시속도:0.041
16:29:53  GPS원시방향유효:1
16:29:53  GPS원시방향:359.2
16:29:53  가속도:7.728,2.614,4.942
16:29:53  자이로:-0.687,0.977,-1.000
16:29:53  자력계:-55.950,82.350,-27.900
16:29:53  IMU방향유효:0
16:29:53  IMU방향:0.4
16:29:53  방향가속도크기:9.54
16:29:53  방향자이로크기:1.56
16:29:53  방향자세cos:0.9397
16:29:53  자기모델잔차:2.44
16:29:53  자기모델반경:0.821
16:29:53  방향채택:367
16:29:53  방향거부:166244
16:29:53  송신:13471
16:29:53  GPS위성:8
16:29:53  GPS_HDOP:1.32
16:29:53  원시위도:37.496521
16:29:53  원시경도:126.955235
16:29:53  GPS채택:1926
16:29:53  GPS이상치거부:7
16:29:53  GPS품질거부:34
16:29:53  GPS재기준:0
16:29:53  RSSI원시:-57
16:29:53  RSSI평활:-56.7
16:29:53  RSSI샘플:23437
16:29:53  RSSI경과ms:4
16:29:53  차량수신:11641
16:29:53  시각ms:1396082
16:29:53  IMU시각ms:1396070
16:29:53  위험:0
16:29:53  GPS유효:1
16:29:53  위도:37.496513
16:29:53  경도:126.955238
16:29:53  속도:0.085
16:29:53  방향:0.0
16:29:53  GPS원시속도:0.041
16:29:53  GPS원시방향유효:1
16:29:53  GPS원시방향:359.2
16:29:53  가속도:7.925,2.634,4.956
16:29:53  자이로:-0.443,1.176,1.008
16:29:53  자력계:-54.150,80.100,-25.350
16:29:53  IMU방향유효:0
16:29:53  IMU방향:0.4
16:29:53  방향가속도크기:9.71
16:29:53  방향자이로크기:1.61
16:29:53  방향자세cos:0.9367
16:29:53  자기모델잔차:2.44
16:29:53  자기모델반경:0.821
16:29:53  방향채택:367
16:29:53  방향거부:166256
16:29:53  송신:13472
16:29:53  GPS위성:8
16:29:53  GPS_HDOP:1.32
16:29:53  원시위도:37.496521
16:29:53  원시경도:126.955235
16:29:53  GPS채택:1926
16:29:53  GPS이상치거부:7
16:29:53  GPS품질거부:34
16:29:53  GPS재기준:0
16:29:53  RSSI원시:-58
16:29:53  RSSI평활:-57.0
16:29:53  RSSI샘플:23439
16:29:53  RSSI경과ms:3
16:29:53  차량수신:11642
16:29:53  시각ms:1396390
16:29:53  IMU시각ms:1396378
16:29:53  위험:0
16:29:53  GPS유효:1
16:29:54  위도:37.496517
16:29:54  경도:126.955231
16:29:54  속도:0.070
16:29:54  방향:0.0
16:29:54  GPS원시속도:0.041
16:29:54  GPS원시방향유효:1
16:29:54  GPS원시방향:359.2
16:29:54  가속도:7.594,2.701,5.042
16:29:54  자이로:-0.130,0.802,-0.855
16:29:54  자력계:-54.450,81.600,-28.650
16:29:54  IMU방향유효:0
16:29:54  IMU방향:0.4
16:29:54  방향가속도크기:9.51
16:29:54  방향자이로크기:1.18
16:29:54  방향자세cos:0.9459
16:29:54  자기모델잔차:2.44
16:29:54  자기모델반경:0.821
16:29:54  방향채택:367
16:29:54  방향거부:166292
16:29:54  송신:13475
16:29:54  GPS위성:8
16:29:54  GPS_HDOP:1.32
16:29:54  원시위도:37.496524
16:29:54  원시경도:126.955230
16:29:54  GPS채택:1927
16:29:54  GPS이상치거부:7
16:29:54  GPS품질거부:34
16:29:54  GPS재기준:0
16:29:54  RSSI원시:-59
16:29:54  RSSI평활:-58.2
16:29:54  RSSI샘플:23445
16:29:54  RSSI경과ms:2
16:29:54  차량수신:11645
16:29:54  시각ms:1396904
16:29:54  IMU시각ms:1396892
16:29:54  위험:0
16:29:54  GPS유효:1
16:29:54  위도:37.496517
16:29:54  경도:126.955231
16:29:54  속도:0.070
16:29:54  방향:0.0
16:29:54  GPS원시속도:0.041
16:29:54  GPS원시방향유효:1
16:29:54  GPS원시방향:359.2
16:29:54  가속도:7.508,2.950,5.143
16:29:54  자이로:-0.595,1.626,-0.183
16:29:54  자력계:-52.800,82.500,-26.550
16:29:54  IMU방향유효:0
16:29:54  IMU방향:0.4
16:29:54  방향가속도크기:9.57
16:29:54  방향자이로크기:1.74
16:29:54  방향자세cos:0.9547
16:29:54  자기모델잔차:2.44
16:29:54  자기모델반경:0.821
16:29:54  방향채택:367
16:29:54  방향거부:166352
16:29:54  송신:13480
16:29:54  GPS위성:8
16:29:54  GPS_HDOP:1.32
16:29:54  원시위도:37.496524
16:29:54  원시경도:126.955230
16:29:54  GPS채택:1927
16:29:54  GPS이상치거부:7
16:29:54  GPS품질거부:34
16:29:54  GPS재기준:0
16:29:54  RSSI원시:-56
16:29:54  RSSI평활:-58.9
16:29:54  RSSI샘플:23455
16:29:54  RSSI경과ms:7
16:29:54  차량수신:11650
16:29:54  시각ms:1397006
16:29:54  IMU시각ms:1396994
16:29:54  위험:0
16:29:54  GPS유효:1
16:29:54  위도:37.496517
16:29:54  경도:126.955231
16:29:54  속도:0.070
16:29:54  방향:0.0
16:29:54  GPS원시속도:0.041
16:29:54  GPS원시방향유효:1
16:29:54  GPS원시방향:359.2
16:29:54  가속도:7.566,2.873,5.277
16:29:54  자이로:-1.351,-1.481,-0.641
16:29:54  자력계:-55.500,82.950,-26.550
16:29:54  IMU방향유효:0
16:29:54  IMU방향:0.4
16:29:54  방향가속도크기:9.66
16:29:54  방향자이로크기:2.10
16:29:54  방향자세cos:0.9536
16:29:54  자기모델잔차:2.44
16:29:54  자기모델반경:0.821
16:29:54  방향채택:367
16:29:54  방향거부:166364
16:29:54  송신:13481
16:29:54  GPS위성:8
16:29:54  GPS_HDOP:1.32
16:29:54  원시위도:37.496524
16:29:54  원시경도:126.955230
16:29:54  GPS채택:1927
16:29:54  GPS이상치거부:7
16:29:54  GPS품질거부:34
16:29:54  GPS재기준:0
16:29:54  RSSI원시:-55
16:29:54  RSSI평활:-57.7
16:29:54  RSSI샘플:23457
16:29:54  RSSI경과ms:2
16:29:54  차량수신:11651
16:29:54  시각ms:1397108
16:29:54  IMU시각ms:1397096
16:29:54  위험:0
16:29:54  GPS유효:1
16:29:54  위도:37.496517
16:29:54  경도:126.955231
16:29:54  속도:0.070
16:29:54  방향:0.0
16:29:54  GPS원시속도:0.041
16:29:54  GPS원시방향유효:1
16:29:54  GPS원시방향:359.2
16:29:54  가속도:7.570,2.734,5.492
16:29:54  자이로:-5.328,-7.244,-1.328
16:29:54  자력계:-53.400,83.100,-26.850
16:29:54  IMU방향유효:0
16:29:54  IMU방향:0.4
16:29:54  방향가속도크기:9.74
16:29:54  방향자이로크기:9.09
16:29:54  방향자세cos:0.9525
16:29:54  자기모델잔차:2.44
16:29:54  자기모델반경:0.821
16:29:54  방향채택:367
16:29:54  방향거부:166376
16:29:54  송신:13482
16:29:54  GPS위성:8
16:29:54  GPS_HDOP:1.32
16:29:54  원시위도:37.496524
16:29:54  원시경도:126.955230
16:29:54  GPS채택:1927
16:29:54  GPS이상치거부:7
16:29:54  GPS품질거부:34
16:29:54  GPS재기준:0
16:29:54  RSSI원시:-55
16:29:54  RSSI평활:-57.0
16:29:54  RSSI샘플:23459
16:29:54  RSSI경과ms:5
16:29:54  차량수신:11652
16:29:55  시각ms:1397416
16:29:55  IMU시각ms:1397404
16:29:55  위험:0
16:29:55  GPS유효:1
16:29:55  위도:37.496521
16:29:55  경도:126.955231
16:29:55  속도:0.069
16:29:55  방향:0.0
16:29:55  GPS원시속도:0.067
16:29:55  GPS원시방향유효:1
16:29:55  GPS원시방향:359.2
16:29:55  가속도:7.657,2.796,5.176
16:29:55  자이로:-7.656,-5.107,-0.565
16:29:55  자력계:-54.300,81.450,-27.300
16:29:55  IMU방향유효:0
16:29:55  IMU방향:0.4
16:29:55  방향가속도크기:9.66
16:29:55  방향자이로크기:9.22
16:29:55  방향자세cos:0.9489
16:29:55  자기모델잔차:2.44
16:29:55  자기모델반경:0.821
16:29:55  방향채택:367
16:29:55  방향거부:166412
16:29:55  송신:13485
16:29:55  GPS위성:8
16:29:55  GPS_HDOP:1.32
16:29:55  원시위도:37.496529
16:29:55  원시경도:126.955225
16:29:55  GPS채택:1928
16:29:55  GPS이상치거부:7
16:29:55  GPS품질거부:34
16:29:55  GPS재기준:0
16:29:55  RSSI원시:-55
16:29:55  RSSI평활:-55.4
16:29:55  RSSI샘플:23465
16:29:55  RSSI경과ms:2
16:29:55  차량수신:11655
16:29:55  시각ms:1397519
16:29:55  IMU시각ms:1397507
16:29:55  위험:0
16:29:55  GPS유효:1
16:29:55  위도:37.496521
16:29:55  경도:126.955231
16:29:55  속도:0.069
16:29:55  방향:0.0
16:29:55  GPS원시속도:0.067
16:29:55  GPS원시방향유효:1
16:29:55  GPS원시방향:359.2
16:29:55  가속도:7.997,2.710,5.033
16:29:55  자이로:7.786,7.588,-3.092
16:29:55  자력계:-53.700,81.600,-25.650
16:29:55  IMU방향유효:0
16:29:55  IMU방향:0.4
16:29:55  방향가속도크기:9.83
16:29:55  방향자이로크기:11.30
16:29:55  방향자세cos:0.9386
16:29:55  자기모델잔차:2.44
16:29:55  자기모델반경:0.821
16:29:55  방향채택:367
16:29:55  방향거부:166424
16:29:55  송신:13486
16:29:55  GPS위성:8
16:29:55  GPS_HDOP:1.32
16:29:55  원시위도:37.496529
16:29:55  원시경도:126.955225
16:29:55  GPS채택:1928
16:29:55  GPS이상치거부:7
16:29:55  GPS품질거부:34
16:29:55  GPS재기준:0
16:29:55  RSSI원시:-54
16:29:55  RSSI평활:-55.1
16:29:55  RSSI샘플:23467
16:29:55  RSSI경과ms:0
16:29:55  차량수신:11656
16:29:55  시각ms:1397831
16:29:55  IMU시각ms:1397819
16:29:55  위험:0
16:29:55  GPS유효:1
16:29:55  위도:37.496521
16:29:55  경도:126.955231
16:29:55  속도:0.069
16:29:55  방향:0.0
16:29:55  GPS원시속도:0.067
16:29:55  GPS원시방향유효:1
16:29:55  GPS원시방향:359.2
16:29:55  가속도:7.336,2.998,5.507
16:29:55  자이로:-1.443,-3.740,-1.389
16:29:55  자력계:-54.450,82.350,-27.150
16:29:55  IMU방향유효:0
16:29:55  IMU방향:0.4
16:29:55  방향가속도크기:9.65
16:29:55  방향자이로크기:4.24
16:29:55  방향자세cos:0.9625
16:29:55  자기모델잔차:2.44
16:29:55  자기모델반경:0.821
16:29:55  방향채택:367
16:29:55  방향거부:166462
16:29:55  송신:13489
16:29:55  GPS위성:8
16:29:55  GPS_HDOP:1.32
16:29:55  원시위도:37.496529
16:29:55  원시경도:126.955225
16:29:55  GPS채택:1928
16:29:55  GPS이상치거부:7
16:29:55  GPS품질거부:34
16:29:55  GPS재기준:0
16:29:55  RSSI원시:-54
16:29:55  RSSI평활:-54.7
16:29:55  RSSI샘플:23473
16:29:55  RSSI경과ms:4
16:29:55  차량수신:11659
16:29:55  시각ms:1397933
16:29:55  IMU시각ms:1397921
16:29:55  위험:0
16:29:55  GPS유효:1
16:29:55  위도:37.496521
16:29:55  경도:126.955231
16:29:55  속도:0.069
16:29:55  방향:0.0
16:29:55  GPS원시속도:0.067
16:29:55  GPS원시방향유효:1
16:29:55  GPS원시방향:359.2
16:29:55  가속도:7.690,2.897,5.291
16:29:55  자이로:2.588,-6.893,0.137
16:29:55  자력계:-52.200,82.800,-27.600
16:29:55  IMU방향유효:0
16:29:55  IMU방향:0.4
16:29:55  방향가속도크기:9.77
16:29:55  방향자이로크기:7.36
16:29:55  방향자세cos:0.9522
16:29:55  자기모델잔차:2.44
16:29:55  자기모델반경:0.821
16:29:55  방향채택:367
16:29:55  방향거부:166474
16:29:55  송신:13490
16:29:55  GPS위성:8
16:29:55  GPS_HDOP:1.32
16:29:55  원시위도:37.496529
16:29:55  원시경도:126.955225
16:29:55  GPS채택:1928
16:29:55  GPS이상치거부:7
16:29:55  GPS품질거부:34
16:29:55  GPS재기준:0
16:29:55  RSSI원시:-53
16:29:55  RSSI평활:-54.1
16:29:55  RSSI샘플:23475
16:29:55  RSSI경과ms:3
16:29:55  차량수신:11660
16:29:55  시각ms:1398035
16:29:55  IMU시각ms:1398023
16:29:55  위험:0
16:29:55  GPS유효:1
16:29:55  위도:37.496521
16:29:55  경도:126.955231
16:29:55  속도:0.069
16:29:55  방향:0.0
16:29:55  GPS원시속도:0.067
16:29:55  GPS원시방향유효:1
16:29:55  GPS원시방향:359.2
16:29:55  가속도:7.800,2.753,5.080
16:29:55  자이로:17.328,4.137,-0.702
16:29:55  자력계:-54.300,82.950,-28.050
16:29:55  IMU방향유효:0
16:29:55  IMU방향:0.4
16:29:55  방향가속도크기:9.71
16:29:55  방향자이로크기:17.83
16:29:55  방향자세cos:0.9440
16:29:55  자기모델잔차:2.44
16:29:55  자기모델반경:0.821
16:29:55  방향채택:367
16:29:55  방향거부:166486
16:29:55  송신:13491
16:29:55  GPS위성:8
16:29:55  GPS_HDOP:1.32
16:29:55  원시위도:37.496529
16:29:55  원시경도:126.955225
16:29:55  GPS채택:1928
16:29:55  GPS이상치거부:7
16:29:55  GPS품질거부:34
16:29:55  GPS재기준:0
16:29:55  RSSI원시:-52
16:29:55  RSSI평활:-53.5
16:29:55  RSSI샘플:23477
16:29:55  RSSI경과ms:7
16:29:55  차량수신:11661
16:29:55  시각ms:1398137
16:29:55  IMU시각ms:1398125
16:29:55  위험:0
16:29:55  GPS유효:1
16:29:55  위도:37.496525
16:29:55  경도:126.955231
16:29:55  속도:0.069
16:29:55  방향:0.0
16:29:55  GPS원시속도:0.067
16:29:55  GPS원시방향유효:1
16:29:55  GPS원시방향:359.2
16:29:55  가속도:7.503,2.897,4.314
16:29:55  자이로:15.656,7.344,-2.351
16:29:55  자력계:-55.200,83.100,-29.400
16:29:55  IMU방향유효:0
16:29:55  IMU방향:0.4
16:29:55  방향가속도크기:9.13
16:29:55  방향자이로크기:17.45
16:29:55  방향자세cos:0.9398
16:29:55  자기모델잔차:2.44
16:29:55  자기모델반경:0.821
16:29:55  방향채택:367
16:29:55  방향거부:166498
16:29:55  송신:13492
16:29:55  GPS위성:8
16:29:55  GPS_HDOP:1.32
16:29:55  원시위도:37.496529
16:29:55  원시경도:126.955225
16:29:55  GPS채택:1928
16:29:55  GPS이상치거부:7
16:29:55  GPS품질거부:34
16:29:55  GPS재기준:0
16:29:55  RSSI원시:-51
16:29:55  RSSI평활:-52.8
16:29:55  RSSI샘플:23479
16:29:55  RSSI경과ms:3
16:29:55  차량수신:11662
16:29:55  시각ms:1398240
16:29:55  IMU시각ms:1398228
16:29:55  위험:0
16:29:55  GPS유효:1
16:29:55  위도:37.496529
16:29:55  경도:126.955223
16:29:55  속도:0.093
16:29:55  방향:4.7
16:29:55  GPS원시속도:0.139
16:29:55  GPS원시방향유효:1
16:29:55  GPS원시방향:359.2
16:29:55  가속도:5.895,4.736,3.280
16:29:55  자이로:14.870,4.771,1.847
16:29:55  자력계:-54.900,81.600,-28.200
16:29:55  IMU방향유효:1
16:29:55  IMU방향:4.7
16:29:55  방향가속도크기:8.24
16:29:55  방향자이로크기:15.73
16:29:55  방향자세cos:0.9610
16:29:55  자기모델잔차:6.09
16:29:55  자기모델반경:0.885
16:29:55  방향채택:368
16:29:55  방향거부:166509
16:29:55  송신:13493
16:29:55  GPS위성:8
16:29:55  GPS_HDOP:1.32
16:29:55  원시위도:37.496536
16:29:55  원시경도:126.955220
16:29:55  GPS채택:1929
16:29:55  GPS이상치거부:7
16:29:55  GPS품질거부:34
16:29:55  GPS재기준:0
16:29:55  RSSI원시:-51
16:29:55  RSSI평활:-52.1
16:29:55  RSSI샘플:23481
16:29:55  RSSI경과ms:7
16:29:55  차량수신:11663
16:29:56  시각ms:1398343
16:29:56  IMU시각ms:1398331
16:29:56  위험:0
16:29:56  GPS유효:1
16:29:56  위도:37.496529
16:29:56  경도:126.955223
16:29:56  속도:0.093
16:29:56  방향:4.7
16:29:56  GPS원시속도:0.139
16:29:56  GPS원시방향유효:1
16:29:56  GPS원시방향:359.2
16:29:56  가속도:7.724,3.165,5.138
16:29:56  자이로:52.763,44.763,-1.542
16:29:56  자력계:-54.750,81.000,-29.850
16:29:56  IMU방향유효:1
16:29:56  IMU방향:4.7
16:29:56  방향가속도크기:9.80
16:29:56  방향자이로크기:69.21
16:29:56  방향자세cos:0.9551
16:29:56  자기모델잔차:6.09
16:29:56  자기모델반경:0.885
16:29:56  방향채택:368
16:29:56  방향거부:166521
16:29:56  송신:13494
16:29:56  GPS위성:8
16:29:56  GPS_HDOP:1.32
16:29:56  원시위도:37.496536
16:29:56  원시경도:126.955220
16:29:56  GPS채택:1929
16:29:56  GPS이상치거부:7
16:29:56  GPS품질거부:34
16:29:56  GPS재기준:0
16:29:56  RSSI원시:-51
16:29:56  RSSI평활:-51.4
16:29:56  RSSI샘플:23483
16:29:56  RSSI경과ms:4
16:29:56  차량수신:11664
16:29:56  시각ms:1398549
16:29:56  IMU시각ms:1398537
16:29:56  위험:0
16:29:56  GPS유효:1
16:29:56  위도:37.496529
16:29:56  경도:126.955223
16:29:56  속도:0.093
16:29:56  방향:3.8
16:29:56  GPS원시속도:0.139
16:29:56  GPS원시방향유효:1
16:29:56  GPS원시방향:359.2
16:29:56  가속도:6.139,4.961,4.501
16:29:56  자이로:-50.137,-51.695,3.664
16:29:56  자력계:-54.300,82.500,-31.050
16:29:56  IMU방향유효:1
16:29:56  IMU방향:3.8
16:29:56  방향가속도크기:9.09
16:29:56  방향자이로크기:72.11
16:29:56  방향자세cos:0.9988
16:29:56  자기모델잔차:4.57
16:29:56  자기모델반경:0.936
16:29:56  방향채택:373
16:29:56  방향거부:166540
16:29:56  송신:13496
16:29:56  GPS위성:8
16:29:56  GPS_HDOP:1.32
16:29:56  원시위도:37.496536
16:29:56  원시경도:126.955220
16:29:56  GPS채택:1929
16:29:56  GPS이상치거부:7
16:29:56  GPS품질거부:34
16:29:56  GPS재기준:0
16:29:56  RSSI원시:-51
16:29:56  RSSI평활:-50.9
16:29:56  RSSI샘플:23487
16:29:56  RSSI경과ms:6
16:29:56  차량수신:11666
16:29:56  시각ms:1398652
16:29:56  IMU시각ms:1398640
16:29:56  위험:0
16:29:56  GPS유효:1
16:29:56  위도:37.496529
16:29:56  경도:126.955223
16:29:56  속도:0.093
16:29:56  방향:3.8
16:29:56  GPS원시속도:0.139
16:29:56  GPS원시방향유효:1
16:29:56  GPS원시방향:359.2
16:29:56  가속도:7.671,3.227,4.515
16:29:56  자이로:10.924,17.962,3.115
16:29:56  자력계:-53.700,82.050,-28.650
16:29:56  IMU방향유효:1
16:29:56  IMU방향:3.8
16:29:56  방향가속도크기:9.47
16:29:56  방향자이로크기:21.25
16:29:56  방향자세cos:0.9475
16:29:56  자기모델잔차:4.57
16:29:56  자기모델반경:0.936
16:29:56  방향채택:373
16:29:56  방향거부:166552
16:29:56  송신:13497
16:29:56  GPS위성:8
16:29:56  GPS_HDOP:1.32
16:29:56  원시위도:37.496536
16:29:56  원시경도:126.955220
16:29:56  GPS채택:1929
16:29:56  GPS이상치거부:7
16:29:56  GPS품질거부:34
16:29:56  GPS재기준:0
16:29:56  RSSI원시:-51
16:29:56  RSSI평활:-51.1
16:29:56  RSSI샘플:23489
16:29:56  RSSI경과ms:4
16:29:56  차량수신:11667
16:29:56  시각ms:1399165
16:29:56  IMU시각ms:1399153
16:29:56  위험:0
16:29:56  GPS유효:1
16:29:56  위도:37.496529
16:29:56  경도:126.955223
16:29:56  속도:0.093
16:29:56  방향:1.6
16:29:56  GPS원시속도:0.139
16:29:56  GPS원시방향유효:1
16:29:56  GPS원시방향:359.2
16:29:56  가속도:5.588,5.334,7.058
16:29:56  자이로:-6.351,-3.809,1.076
16:29:56  자력계:-53.550,79.950,-29.550
16:29:56  IMU방향유효:1
16:29:56  IMU방향:1.6
16:29:56  방향가속도크기:10.46
16:29:56  방향자이로크기:7.48
16:29:56  방향자세cos:0.9980
16:29:56  자기모델잔차:6.26
16:29:56  자기모델반경:0.814
16:29:56  방향채택:391
16:29:56  방향거부:166595
16:29:56  송신:13502
16:29:56  GPS위성:8
16:29:56  GPS_HDOP:1.32
16:29:56  원시위도:37.496536
16:29:56  원시경도:126.955220
16:29:56  GPS채택:1929
16:29:56  GPS이상치거부:7
16:29:56  GPS품질거부:34
16:29:56  GPS재기준:0
16:29:56  RSSI원시:-53
16:29:56  RSSI평활:-51.7
16:29:56  RSSI샘플:23499
16:29:56  RSSI경과ms:4
16:29:56  차량수신:11672
16:29:57  시각ms:1399268
16:29:57  IMU시각ms:1399256
16:29:57  위험:0
16:29:57  GPS유효:1
16:29:57  위도:37.496532
16:29:57  경도:126.955223
16:29:57  속도:0.068
16:29:57  방향:1.5
16:29:57  GPS원시속도:0.021
16:29:57  GPS원시방향유효:1
16:29:57  GPS원시방향:359.2
16:29:57  가속도:5.329,5.636,5.995
16:29:57  자이로:25.863,20.870,0.870
16:29:57  자력계:-55.050,81.750,-29.850
16:29:57  IMU방향유효:1
16:29:57  IMU방향:1.5
16:29:57  방향가속도크기:9.80
16:29:57  방향자이로크기:33.24
16:29:57  방향자세cos:0.9968
16:29:57  자기모델잔차:4.71
16:29:57  자기모델반경:0.876
16:29:57  방향채택:403
16:29:57  방향거부:166595
16:29:57  송신:13503
16:29:57  GPS위성:8
16:29:57  GPS_HDOP:1.92
16:29:57  원시위도:37.496541
16:29:57  원시경도:126.955219
16:29:57  GPS채택:1930
16:29:57  GPS이상치거부:7
16:29:57  GPS품질거부:34
16:29:57  GPS재기준:0
16:29:57  RSSI원시:-53
16:29:57  RSSI평활:-51.5
16:29:57  RSSI샘플:23501
16:29:57  RSSI경과ms:1
16:29:57  차량수신:11673
16:29:57  시각ms:1399371
16:29:57  IMU시각ms:1399359
16:29:57  위험:0
16:29:57  GPS유효:1
16:29:57  위도:37.496532
16:29:57  경도:126.955223
16:29:57  속도:0.068
16:29:57  방향:1.3
16:29:57  GPS원시속도:0.021
16:29:57  GPS원시방향유효:1
16:29:57  GPS원시방향:359.2
16:29:57  가속도:6.009,5.009,5.430
16:29:57  자이로:-32.229,-30.015,-1.053
16:29:57  자력계:-54.900,82.800,-29.400
16:29:57  IMU방향유효:1
16:29:57  IMU방향:1.3
16:29:57  방향가속도크기:9.52
16:29:57  방향자이로크기:44.05
16:29:57  방향자세cos:0.9966
16:29:57  자기모델잔차:3.99
16:29:57  자기모델반경:0.882
16:29:57  방향채택:405
16:29:57  방향거부:166605
16:29:57  송신:13504
16:29:57  GPS위성:8
16:29:57  GPS_HDOP:1.92
16:29:57  원시위도:37.496541
16:29:57  원시경도:126.955219
16:29:57  GPS채택:1930
16:29:57  GPS이상치거부:7
16:29:57  GPS품질거부:34
16:29:57  GPS재기준:0
16:29:57  RSSI원시:-52
16:29:57  RSSI평활:-52.0
16:29:57  RSSI샘플:23503
16:29:57  RSSI경과ms:5
16:29:57  차량수신:11674
16:29:57  시각ms:1399474
16:29:57  IMU시각ms:1399462
16:29:57  위험:0
16:29:57  GPS유효:1
16:29:57  위도:37.496532
16:29:57  경도:126.955223
16:29:57  속도:0.068
16:29:57  방향:1.1
16:29:57  GPS원시속도:0.021
16:29:57  GPS원시방향유효:1
16:29:57  GPS원시방향:359.2
16:29:57  가속도:4.836,6.110,6.469
16:29:57  자이로:28.855,26.053,0.641
16:29:57  자력계:-55.500,82.500,-31.350
16:29:57  IMU방향유효:1
16:29:57  IMU방향:1.1
16:29:57  방향가속도크기:10.13
16:29:57  방향자이로크기:38.88
16:29:57  방향자세cos:0.9900
16:29:57  자기모델잔차:5.07
16:29:57  자기모델반경:0.935
16:29:57  방향채택:414
16:29:57  방향거부:166608
16:29:57  송신:13505
16:29:57  GPS위성:8
16:29:57  GPS_HDOP:1.92
16:29:57  원시위도:37.496541
16:29:57  원시경도:126.955219
16:29:57  GPS채택:1930
16:29:57  GPS이상치거부:7
16:29:57  GPS품질거부:34
16:29:57  GPS재기준:0
16:29:57  RSSI원시:-51
16:29:57  RSSI평활:-52.0
16:29:57  RSSI샘플:23505
16:29:57  RSSI경과ms:3
16:29:57  차량수신:11675
16:29:57  시각ms:1399579
16:29:57  IMU시각ms:1399567
16:29:57  위험:0
16:29:57  GPS유효:1
16:29:57  위도:37.496532
16:29:57  경도:126.955223
16:29:57  속도:0.068
16:29:57  방향:1.0
16:29:57  GPS원시속도:0.021
16:29:57  GPS원시방향유효:1
16:29:57  GPS원시방향:359.2
16:29:57  가속도:5.344,5.641,5.239
16:29:57  자이로:-17.198,-23.183,0.481
16:29:57  자력계:-55.650,81.150,-30.150
16:29:57  IMU방향유효:1
16:29:57  IMU방향:1.0
16:29:57  방향가속도크기:9.37
16:29:57  방향자이로크기:28.87
16:29:57  방향자세cos:0.9927
16:29:57  자기모델잔차:4.86
16:29:57  자기모델반경:0.881
16:29:57  방향채택:427
16:29:57  방향거부:166608
16:29:57  송신:13506
16:29:57  GPS위성:8
16:29:57  GPS_HDOP:1.92
16:29:57  원시위도:37.496541
16:29:57  원시경도:126.955219
16:29:57  GPS채택:1930
16:29:57  GPS이상치거부:7
16:29:57  GPS품질거부:34
16:29:57  GPS재기준:0
16:29:57  RSSI원시:-52
16:29:57  RSSI평활:-52.0
16:29:57  RSSI샘플:23506
16:29:57  RSSI경과ms:26
16:29:57  차량수신:11676
