16:29:46  시각ms:887750
16:29:46  IMU시각ms:887726
16:29:46  위험:0
16:29:46  원시위험:0
16:29:46  GPS유효:1
16:29:46  위도:37.496475
16:29:46  경도:126.954535
16:29:46  속도:0.00
16:29:46  방향:196.1
16:29:46  이동방향유효:0
16:29:46  GPS이동방향:191.4
16:29:46  차체방향유효:0
16:29:46  차체방향:183.3
16:29:46  후진판정:0
16:29:46  IMU요회전속도:0.00
16:29:46  방향가속도크기:9.73
16:29:46  방향자이로크기:1.75
16:29:46  방향자세cos:0.9996
16:29:46  자기모델잔차:6.18
16:29:46  자기모델반경:2.341
16:29:46  방향채택:37579
16:29:46  방향거부:70986
16:29:46  GPS원시속도:0.000
16:29:46  GPS원시방향유효:1
16:29:46  GPS원시방향:191.4
16:29:46  가속도:-0.16,0.46,9.72
16:29:46  자이로:1.2,-1.3,0.1
16:29:46  자력계:53.100,-81.450,9.750
16:29:46  충격값:0.05
16:29:46  충격피크:0.17
16:29:46  마지막충격발생값:97.08
16:29:46  마지막충격발생ms:388467
16:29:46  송신:8485
16:29:46  지팡이수신:8189
16:29:46  GPS위성:6
16:29:46  GPS_HDOP:2.20
16:29:46  원시위도:37.496475
16:29:46  원시경도:126.954535
16:29:46  GPS채택:564
16:29:46  GPS이상치거부:70
16:29:46  GPS품질거부:137
16:29:46  GPS재기준:0
16:29:46  계산거리:0.82
16:29:46  접근속도:0.00
16:29:46  TTC:999.00
16:29:46  방향오차:-121.6
16:29:46  전방여부:0
16:29:46  위험음성횟수:0
16:29:46  충격음성횟수:3
16:29:46  마지막위험음성:0
16:29:46  RSSI원시:-50
16:29:46  RSSI평활:-49.6
16:29:46  RSSI샘플:8189
16:29:46  RSSI경과ms:30
16:29:46  RSSI구간:4
16:29:46  RSSI거리:0.82
16:29:46  상대보정:1
16:29:46  상대보정중:0
16:29:46  보정동쪽:-8.82
16:29:46  보정북쪽:-18.73
16:29:46  위험송신:8189
16:29:46  시각ms:887854
16:29:46  IMU시각ms:887830
16:29:46  위험:0
16:29:46  원시위험:0
16:29:46  GPS유효:1
16:29:46  위도:37.496475
16:29:46  경도:126.954535
16:29:46  속도:0.00
16:29:46  방향:196.1
16:29:46  이동방향유효:0
16:29:46  GPS이동방향:191.4
16:29:46  차체방향유효:0
16:29:46  차체방향:183.3
16:29:46  후진판정:0
16:29:46  IMU요회전속도:0.00
16:29:46  방향가속도크기:9.70
16:29:46  방향자이로크기:1.47
16:29:46  방향자세cos:0.9996
16:29:46  자기모델잔차:6.51
16:29:46  자기모델반경:2.309
16:29:46  방향채택:37579
16:29:46  방향거부:70997
16:29:46  GPS원시속도:0.000
16:29:46  GPS원시방향유효:1
16:29:46  GPS원시방향:191.4
16:29:46  가속도:-0.18,0.56,9.68
16:29:46  자이로:-1.5,-0.2,-0.0
16:29:46  자력계:50.550,-82.350,10.200
16:29:46  충격값:0.08
16:29:46  충격피크:0.17
16:29:46  마지막충격발생값:97.08
16:29:46  마지막충격발생ms:388467
16:29:46  송신:8486
16:29:46  지팡이수신:8190
16:29:46  GPS위성:6
16:29:46  GPS_HDOP:2.20
16:29:46  원시위도:37.496475
16:29:46  원시경도:126.954535
16:29:46  GPS채택:564
16:29:46  GPS이상치거부:70
16:29:46  GPS품질거부:137
16:29:46  GPS재기준:0
16:29:46  계산거리:0.82
16:29:46  접근속도:0.00
16:29:46  TTC:999.00
16:29:46  방향오차:-121.6
16:29:46  전방여부:0
16:29:46  위험음성횟수:0
16:29:46  충격음성횟수:3
16:29:46  마지막위험음성:0
16:29:46  RSSI원시:-50
16:29:46  RSSI평활:-49.7
16:29:46  RSSI샘플:8190
16:29:46  RSSI경과ms:30
16:29:46  RSSI구간:4
16:29:46  RSSI거리:0.82
16:29:46  상대보정:1
16:29:46  상대보정중:0
16:29:46  보정동쪽:-8.82
16:29:46  보정북쪽:-18.73
16:29:46  위험송신:8190
16:29:46  시각ms:887947
16:29:46  IMU시각ms:887946
16:29:46  위험:0
16:29:46  원시위험:0
16:29:46  GPS유효:1
16:29:46  위도:37.496475
16:29:46  경도:126.954535
16:29:46  속도:0.00
16:29:46  방향:196.1
16:29:46  이동방향유효:0
16:29:46  GPS이동방향:191.4
16:29:46  차체방향유효:0
16:29:46  차체방향:183.3
16:29:46  후진판정:0
16:29:46  IMU요회전속도:0.00
16:29:46  방향가속도크기:9.74
16:29:46  방향자이로크기:2.46
16:29:46  방향자세cos:0.9995
16:29:46  자기모델잔차:6.22
16:29:46  자기모델반경:2.334
16:29:46  방향채택:37579
16:29:46  방향거부:71008
16:29:46  GPS원시속도:0.000
16:29:46  GPS원시방향유효:1
16:29:46  GPS원시방향:191.4
16:29:46  가속도:-0.14,0.59,9.72
16:29:46  자이로:-1.0,1.3,-1.9
16:29:46  자력계:51.750,-82.350,9.900
16:29:46  충격값:0.11
16:29:46  충격피크:0.18
16:29:46  마지막충격발생값:97.08
16:29:46  마지막충격발생ms:388467
16:29:46  송신:8487
16:29:46  지팡이수신:8191
16:29:46  GPS위성:6
16:29:46  GPS_HDOP:2.20
16:29:46  원시위도:37.496475
16:29:46  원시경도:126.954535
16:29:46  GPS채택:565
16:29:46  GPS이상치거부:70
16:29:46  GPS품질거부:137
16:29:46  GPS재기준:0
16:29:46  계산거리:0.83
16:29:46  접근속도:0.00
16:29:46  TTC:999.00
16:29:46  방향오차:-121.6
16:29:46  전방여부:0
16:29:46  위험음성횟수:0
16:29:46  충격음성횟수:3
16:29:46  마지막위험음성:0
16:29:46  RSSI원시:-50
16:29:46  RSSI평활:-49.7
16:29:46  RSSI샘플:8191
16:29:46  RSSI경과ms:22
16:29:46  RSSI구간:4
16:29:46  RSSI거리:0.83
16:29:46  상대보정:1
16:29:46  상대보정중:0
16:29:46  보정동쪽:-8.82
16:29:46  보정북쪽:-18.73
16:29:46  위험송신:8191
16:29:47  시각ms:888053
16:29:47  IMU시각ms:888052
16:29:47  위험:0
16:29:47  원시위험:0
16:29:47  GPS유효:1
16:29:47  위도:37.496475
16:29:47  경도:126.954535
16:29:47  속도:0.00
16:29:47  방향:196.1
16:29:47  이동방향유효:0
16:29:47  GPS이동방향:191.4
16:29:47  차체방향유효:0
16:29:47  차체방향:183.3
16:29:47  후진판정:0
16:29:47  IMU요회전속도:0.00
16:29:47  방향가속도크기:9.81
16:29:47  방향자이로크기:2.15
16:29:47  방향자세cos:0.9997
16:29:47  자기모델잔차:4.55
16:29:47  자기모델반경:2.357
16:29:47  방향채택:37579
16:29:47  방향거부:71021
16:29:47  GPS원시속도:0.000
16:29:47  GPS원시방향유효:1
16:29:47  GPS원시방향:191.4
16:29:47  가속도:-0.21,0.48,9.79
16:29:47  자이로:-0.4,1.9,0.9
16:29:47  자력계:52.650,-82.650,8.250
16:29:47  충격값:0.07
16:29:47  충격피크:0.18
16:29:47  마지막충격발생값:97.08
16:29:47  마지막충격발생ms:388467
16:29:47  송신:8488
16:29:47  지팡이수신:8192
16:29:47  GPS위성:6
16:29:47  GPS_HDOP:2.20
16:29:47  원시위도:37.496475
16:29:47  원시경도:126.954535
16:29:47  GPS채택:565
16:29:47  GPS이상치거부:70
16:29:47  GPS품질거부:137
16:29:47  GPS재기준:0
16:29:47  계산거리:0.82
16:29:47  접근속도:0.00
16:29:47  TTC:999.00
16:29:47  방향오차:-121.6
16:29:47  전방여부:0
16:29:47  위험음성횟수:0
16:29:47  충격음성횟수:3
16:29:47  마지막위험음성:0
16:29:47  RSSI원시:-49
16:29:47  RSSI평활:-49.6
16:29:47  RSSI샘플:8192
16:29:47  RSSI경과ms:25
16:29:47  RSSI구간:4
16:29:47  RSSI거리:0.82
16:29:47  상대보정:1
16:29:47  상대보정중:0
16:29:47  보정동쪽:-8.82
16:29:47  보정북쪽:-18.73
16:29:47  위험송신:8192
16:29:47  시각ms:888159
16:29:47  IMU시각ms:888158
16:29:47  위험:0
16:29:47  원시위험:0
16:29:47  GPS유효:1
16:29:47  위도:37.496475
16:29:47  경도:126.954535
16:29:47  속도:0.00
16:29:47  방향:196.1
16:29:47  이동방향유효:0
16:29:47  GPS이동방향:191.4
16:29:47  차체방향유효:0
16:29:47  차체방향:183.3
16:29:47  후진판정:0
16:29:47  IMU요회전속도:0.00
16:29:47  방향가속도크기:9.83
16:29:47  방향자이로크기:2.78
16:29:47  방향자세cos:0.9997
16:29:47  자기모델잔차:6.39
16:29:47  자기모델반경:2.350
16:29:47  방향채택:37579
16:29:47  방향거부:71034
16:29:47  GPS원시속도:0.000
16:29:47  GPS원시방향유효:1
16:29:47  GPS원시방향:191.4
16:29:47  가속도:-0.19,0.49,9.82
16:29:47  자이로:-0.5,-2.0,1.8
16:29:47  자력계:52.650,-82.200,10.050
16:29:47  충격값:0.10
16:29:47  충격피크:0.19
16:29:47  마지막충격발생값:97.08
16:29:47  마지막충격발생ms:388467
16:29:47  송신:8489
16:29:47  지팡이수신:8193
16:29:47  GPS위성:6
16:29:47  GPS_HDOP:2.20
16:29:47  원시위도:37.496475
16:29:47  원시경도:126.954535
16:29:47  GPS채택:565
16:29:47  GPS이상치거부:70
16:29:47  GPS품질거부:137
16:29:47  GPS재기준:0
16:29:47  계산거리:0.82
16:29:47  접근속도:0.00
16:29:47  TTC:999.00
16:29:47  방향오차:-121.6
16:29:47  전방여부:0
16:29:47  위험음성횟수:0
16:29:47  충격음성횟수:3
16:29:47  마지막위험음성:0
16:29:47  RSSI원시:-50
16:29:47  RSSI평활:-49.7
16:29:47  RSSI샘플:8193
16:29:47  RSSI경과ms:26
16:29:47  RSSI구간:4
16:29:47  RSSI거리:0.82
16:29:47  상대보정:1
16:29:47  상대보정중:0
16:29:47  보정동쪽:-8.82
16:29:47  보정북쪽:-18.73
16:29:47  위험송신:8193
16:29:47  시각ms:888283
16:29:47  IMU시각ms:888259
16:29:47  위험:0
16:29:47  원시위험:0
16:29:47  GPS유효:1
16:29:47  위도:37.496475
16:29:47  경도:126.954535
16:29:47  속도:0.00
16:29:47  방향:196.1
16:29:47  이동방향유효:0
16:29:47  GPS이동방향:191.4
16:29:47  차체방향유효:0
16:29:47  차체방향:183.3
16:29:47  후진판정:0
16:29:47  IMU요회전속도:0.00
16:29:47  방향가속도크기:9.71
16:29:47  방향자이로크기:1.82
16:29:47  방향자세cos:0.9997
16:29:47  자기모델잔차:5.45
16:29:47  자기모델반경:2.380
16:29:47  방향채택:37579
16:29:47  방향거부:71048
16:29:47  GPS원시속도:0.000
16:29:47  GPS원시방향유효:1
16:29:47  GPS원시방향:191.4
16:29:47  가속도:-0.22,0.45,9.70
16:29:47  자이로:1.4,-1.1,0.4
16:29:47  자력계:52.200,-83.850,9.300
16:29:47  충격값:0.05
16:29:47  충격피크:0.15
16:29:47  마지막충격발생값:97.08
16:29:47  마지막충격발생ms:388467
16:29:47  송신:8490
16:29:47  지팡이수신:8194
16:29:47  GPS위성:6
16:29:47  GPS_HDOP:2.20
16:29:47  원시위도:37.496475
16:29:47  원시경도:126.954535
16:29:47  GPS채택:565
16:29:47  GPS이상치거부:70
16:29:47  GPS품질거부:137
16:29:47  GPS재기준:0
16:29:47  계산거리:0.81
16:29:47  접근속도:0.00
16:29:47  TTC:999.00
16:29:47  방향오차:-121.6
16:29:47  전방여부:0
16:29:47  위험음성횟수:0
16:29:47  충격음성횟수:3
16:29:47  마지막위험음성:0
16:29:47  RSSI원시:-49
16:29:47  RSSI평활:-49.5
16:29:47  RSSI샘플:8194
16:29:47  RSSI경과ms:25
16:29:47  RSSI구간:4
16:29:47  RSSI거리:0.81
16:29:47  상대보정:1
16:29:47  상대보정중:0
16:29:47  보정동쪽:-8.82
16:29:47  보정북쪽:-18.73
16:29:47  위험송신:8194
16:29:47  시각ms:888375
16:29:47  IMU시각ms:888374
16:29:47  위험:0
16:29:47  원시위험:0
16:29:47  GPS유효:1
16:29:47  위도:37.496475
16:29:47  경도:126.954535
16:29:47  속도:0.00
16:29:47  방향:196.1
16:29:47  이동방향유효:0
16:29:47  GPS이동방향:191.4
16:29:47  차체방향유효:0
16:29:47  차체방향:183.3
16:29:47  후진판정:0
16:29:47  IMU요회전속도:0.00
16:29:47  방향가속도크기:9.65
16:29:47  방향자이로크기:2.44
16:29:47  방향자세cos:0.9997
16:29:47  자기모델잔차:6.31
16:29:47  자기모델반경:2.338
16:29:47  방향채택:37579
16:29:47  방향거부:71059
16:29:47  GPS원시속도:0.000
16:29:47  GPS원시방향유효:1
16:29:47  GPS원시방향:191.4
16:29:47  가속도:-0.21,0.55,9.63
16:29:47  자이로:-0.2,1.0,-2.2
16:29:47  자력계:52.800,-81.600,9.900
16:29:47  충격값:0.09
16:29:47  충격피크:0.21
16:29:47  마지막충격발생값:97.08
16:29:47  마지막충격발생ms:388467
16:29:47  송신:8491
16:29:47  지팡이수신:8195
16:29:47  GPS위성:6
16:29:47  GPS_HDOP:2.20
16:29:47  원시위도:37.496475
16:29:47  원시경도:126.954535
16:29:47  GPS채택:565
16:29:47  GPS이상치거부:70
16:29:47  GPS품질거부:137
16:29:47  GPS재기준:0
16:29:47  계산거리:0.81
16:29:47  접근속도:0.00
16:29:47  TTC:999.00
16:29:47  방향오차:-121.6
16:29:47  전방여부:0
16:29:47  위험음성횟수:0
16:29:47  충격음성횟수:3
16:29:47  마지막위험음성:0
16:29:47  RSSI원시:-49
16:29:47  RSSI평활:-49.4
16:29:47  RSSI샘플:8195
16:29:47  RSSI경과ms:33
16:29:47  RSSI구간:4
16:29:47  RSSI거리:0.81
16:29:47  상대보정:1
16:29:47  상대보정중:0
16:29:47  보정동쪽:-8.82
16:29:47  보정북쪽:-18.73
16:29:47  위험송신:8195
16:29:47  시각ms:888583
16:29:47  IMU시각ms:888582
16:29:47  위험:0
16:29:47  원시위험:0
16:29:47  GPS유효:1
16:29:47  위도:37.496475
16:29:47  경도:126.954535
16:29:47  속도:0.00
16:29:47  방향:196.1
16:29:47  이동방향유효:0
16:29:47  GPS이동방향:191.4
16:29:47  차체방향유효:0
16:29:47  차체방향:183.3
16:29:47  후진판정:0
16:29:47  IMU요회전속도:0.00
16:29:47  방향가속도크기:9.72
16:29:47  방향자이로크기:3.09
16:29:47  방향자세cos:0.9996
16:29:47  자기모델잔차:6.53
16:29:47  자기모델반경:2.384
16:29:47  방향채택:37579
16:29:47  방향거부:71083
16:29:47  GPS원시속도:0.000
16:29:47  GPS원시방향유효:1
16:29:47  GPS원시방향:191.4
16:29:47  가속도:-0.18,0.47,9.71
16:29:47  자이로:2.1,1.5,-1.7
16:29:47  자력계:54.000,-82.350,10.200
16:29:47  충격값:0.02
16:29:47  충격피크:0.22
16:29:47  마지막충격발생값:97.08
16:29:47  마지막충격발생ms:388467
16:29:47  송신:8493
16:29:47  지팡이수신:8197
16:29:47  GPS위성:6
16:29:47  GPS_HDOP:2.20
16:29:47  원시위도:37.496475
16:29:47  원시경도:126.954535
16:29:47  GPS채택:565
16:29:47  GPS이상치거부:70
16:29:47  GPS품질거부:137
16:29:47  GPS재기준:0
16:29:47  계산거리:0.81
16:29:47  접근속도:0.00
16:29:47  TTC:999.00
16:29:47  방향오차:-121.6
16:29:47  전방여부:0
16:29:47  위험음성횟수:0
16:29:47  충격음성횟수:3
16:29:47  마지막위험음성:0
16:29:47  RSSI원시:-49
16:29:47  RSSI평활:-49.4
16:29:47  RSSI샘플:8197
16:29:47  RSSI경과ms:37
16:29:47  RSSI구간:4
16:29:47  RSSI거리:0.81
16:29:47  상대보정:1
16:29:47  상대보정중:0
16:29:47  보정동쪽:-8.82
16:29:47  보정북쪽:-18.73
16:29:47  위험송신:8197
16:29:47  시각ms:888688
16:29:47  IMU시각ms:888687
16:29:47  위험:0
16:29:47  원시위험:0
16:29:47  GPS유효:1
16:29:47  위도:37.496475
16:29:47  경도:126.954535
16:29:47  속도:0.00
16:29:47  방향:196.1
16:29:47  이동방향유효:0
16:29:47  GPS이동방향:191.4
16:29:47  차체방향유효:0
16:29:47  차체방향:183.3
16:29:47  후진판정:0
16:29:47  IMU요회전속도:0.00
16:29:47  방향가속도크기:9.66
16:29:47  방향자이로크기:3.47
16:29:47  방향자세cos:0.9998
16:29:47  자기모델잔차:6.74
16:29:47  자기모델반경:2.344
16:29:47  방향채택:37579
16:29:47  방향거부:71096
16:29:47  GPS원시속도:0.000
16:29:47  GPS원시방향유효:1
16:29:47  GPS원시방향:191.4
16:29:47  가속도:-0.25,0.41,9.65
16:29:47  자이로:-0.3,0.8,-3.4
16:29:47  자력계:51.450,-82.950,10.500
16:29:47  충격값:0.13
16:29:47  충격피크:0.14
16:29:47  마지막충격발생값:97.08
16:29:47  마지막충격발생ms:388467
16:29:47  송신:8494
16:29:47  지팡이수신:8198
16:29:47  GPS위성:6
16:29:47  GPS_HDOP:2.20
16:29:47  원시위도:37.496475
16:29:47  원시경도:126.954535
16:29:47  GPS채택:565
16:29:47  GPS이상치거부:70
16:29:47  GPS품질거부:137
16:29:47  GPS재기준:0
16:29:47  계산거리:0.83
16:29:47  접근속도:0.00
16:29:47  TTC:999.00
16:29:47  방향오차:-121.6
16:29:47  전방여부:0
16:29:47  위험음성횟수:0
16:29:47  충격음성횟수:3
16:29:47  마지막위험음성:0
16:29:47  RSSI원시:-51
16:29:47  RSSI평활:-49.7
16:29:47  RSSI샘플:8198
16:29:47  RSSI경과ms:36
16:29:47  RSSI구간:4
16:29:47  RSSI거리:0.83
16:29:47  상대보정:1
16:29:47  상대보정중:0
16:29:47  보정동쪽:-8.82
16:29:47  보정북쪽:-18.73
16:29:47  위험송신:8198
16:29:47  시각ms:888793
16:29:47  IMU시각ms:888792
16:29:47  위험:0
16:29:47  원시위험:0
16:29:47  GPS유효:1
16:29:47  위도:37.496475
16:29:47  경도:126.954535
16:29:47  속도:0.00
16:29:47  방향:196.1
16:29:47  이동방향유효:0
16:29:47  GPS이동방향:191.4
16:29:47  차체방향유효:0
16:29:47  차체방향:183.3
16:29:47  후진판정:0
16:29:47  IMU요회전속도:0.00
16:29:47  방향가속도크기:9.67
16:29:47  방향자이로크기:1.84
16:29:47  방향자세cos:1.0000
16:29:47  자기모델잔차:5.65
16:29:47  자기모델반경:2.348
16:29:47  방향채택:37579
16:29:47  방향거부:71109
16:29:47  GPS원시속도:0.000
16:29:47  GPS원시방향유효:1
16:29:47  GPS원시방향:191.4
16:29:47  가속도:-0.34,0.49,9.65
16:29:47  자이로:1.2,-1.2,-0.6
16:29:47  자력계:52.650,-82.200,9.300
16:29:47  충격값:0.16
16:29:47  충격피크:0.17
16:29:47  마지막충격발생값:97.08
16:29:47  마지막충격발생ms:388467
16:29:47  송신:8495
16:29:47  지팡이수신:8199
16:29:47  GPS위성:6
16:29:47  GPS_HDOP:2.20
16:29:47  원시위도:37.496475
16:29:47  원시경도:126.954535
16:29:47  GPS채택:565
16:29:47  GPS이상치거부:70
16:29:47  GPS품질거부:137
16:29:47  GPS재기준:0
16:29:47  계산거리:0.83
16:29:47  접근속도:0.00
16:29:47  TTC:999.00
16:29:47  방향오차:-122.0
16:29:47  전방여부:0
16:29:47  위험음성횟수:0
16:29:47  충격음성횟수:3
16:29:47  마지막위험음성:0
16:29:47  RSSI원시:-50
16:29:47  RSSI평활:-49.8
16:29:47  RSSI샘플:8199
16:29:47  RSSI경과ms:40
16:29:47  RSSI구간:4
16:29:47  RSSI거리:0.83
16:29:47  상대보정:1
16:29:47  상대보정중:0
16:29:47  보정동쪽:-8.82
16:29:47  보정북쪽:-18.73
16:29:47  위험송신:8199
16:29:47  시각ms:888899
16:29:47  IMU시각ms:888898
16:29:47  위험:0
16:29:47  원시위험:0
16:29:47  GPS유효:1
16:29:47  위도:37.496475
16:29:47  경도:126.954535
16:29:47  속도:0.00
16:29:47  방향:196.1
16:29:47  이동방향유효:0
16:29:47  GPS이동방향:191.4
16:29:47  차체방향유효:0
16:29:47  차체방향:183.3
16:29:47  후진판정:0
16:29:47  IMU요회전속도:0.00
16:29:47  방향가속도크기:9.77
16:29:47  방향자이로크기:2.91
16:29:47  방향자세cos:0.9996
16:29:47  자기모델잔차:5.95
16:29:47  자기모델반경:2.363
16:29:47  방향채택:37579
16:29:47  방향거부:71122
16:29:47  GPS원시속도:0.000
16:29:47  GPS원시방향유효:1
16:29:47  GPS원시방향:191.4
16:29:47  가속도:-0.18,0.53,9.76
16:29:47  자이로:-0.8,-0.1,-2.8
16:29:47  자력계:51.900,-83.400,9.750
16:29:47  충격값:0.07
16:29:47  충격피크:0.21
16:29:47  마지막충격발생값:97.08
16:29:47  마지막충격발생ms:388467
16:29:47  송신:8496
16:29:47  지팡이수신:8200
16:29:47  GPS위성:6
16:29:47  GPS_HDOP:2.20
16:29:47  원시위도:37.496475
16:29:47  원시경도:126.954535
16:29:47  GPS채택:565
16:29:47  GPS이상치거부:70
16:29:47  GPS품질거부:137
16:29:47  GPS재기준:0
16:29:47  계산거리:0.84
16:29:47  접근속도:0.00
16:29:47  TTC:999.00
16:29:47  방향오차:-122.0
16:29:47  전방여부:0
16:29:47  위험음성횟수:0
16:29:47  충격음성횟수:3
16:29:47  마지막위험음성:0
16:29:47  RSSI원시:-50
16:29:47  RSSI평활:-49.8
16:29:47  RSSI샘플:8200
16:29:47  RSSI경과ms:44
16:29:47  RSSI구간:4
16:29:47  RSSI거리:0.84
16:29:47  상대보정:1
16:29:47  상대보정중:0
16:29:47  보정동쪽:-8.82
16:29:47  보정북쪽:-18.73
16:29:47  위험송신:8200
16:29:48  시각ms:888999
16:29:48  IMU시각ms:888998
16:29:48  위험:0
16:29:48  원시위험:0
16:29:48  GPS유효:1
16:29:48  위도:37.496475
16:29:48  경도:126.954535
16:29:48  속도:0.00
16:29:48  방향:196.1
16:29:48  이동방향유효:0
16:29:48  GPS이동방향:191.4
16:29:48  차체방향유효:0
16:29:48  차체방향:183.3
16:29:48  후진판정:0
16:29:48  IMU요회전속도:0.00
16:29:48  방향가속도크기:9.84
16:29:48  방향자이로크기:2.90
16:29:48  방향자세cos:0.9997
16:29:48  자기모델잔차:5.87
16:29:48  자기모델반경:2.398
16:29:48  방향채택:37579
16:29:48  방향거부:71134
16:29:48  GPS원시속도:0.000
16:29:48  GPS원시방향유효:1
16:29:48  GPS원시방향:191.4
16:29:48  가속도:-0.21,0.48,9.82
16:29:48  자이로:2.7,-1.2,-0.1
16:29:48  자력계:52.650,-84.150,9.750
16:29:48  충격값:0.12
16:29:48  충격피크:0.17
16:29:48  마지막충격발생값:97.08
16:29:48  마지막충격발생ms:388467
16:29:48  송신:8497
16:29:48  지팡이수신:8201
16:29:48  GPS위성:6
16:29:48  GPS_HDOP:2.20
16:29:48  원시위도:37.496475
16:29:48  원시경도:126.954535
16:29:48  GPS채택:565
16:29:48  GPS이상치거부:70
16:29:48  GPS품질거부:137
16:29:48  GPS재기준:0
16:29:48  계산거리:0.84
16:29:48  접근속도:0.00
16:29:48  TTC:999.00
16:29:48  방향오차:-122.0
16:29:48  전방여부:0
16:29:48  위험음성횟수:0
16:29:48  충격음성횟수:3
16:29:48  마지막위험음성:0
16:29:48  RSSI원시:-50
16:29:48  RSSI평활:-49.9
16:29:48  RSSI샘플:8201
16:29:48  RSSI경과ms:40
16:29:48  RSSI구간:4
16:29:48  RSSI거리:0.84
16:29:48  상대보정:1
16:29:48  상대보정중:0
16:29:48  보정동쪽:-8.82
16:29:48  보정북쪽:-18.73
16:29:48  위험송신:8201
16:29:48  시각ms:889105
16:29:48  IMU시각ms:889104
16:29:48  위험:0
16:29:48  원시위험:0
16:29:48  GPS유효:1
16:29:48  위도:37.496475
16:29:48  경도:126.954535
16:29:48  속도:0.00
16:29:48  방향:196.1
16:29:48  이동방향유효:0
16:29:48  GPS이동방향:191.4
16:29:48  차체방향유효:0
16:29:48  차체방향:183.3
16:29:48  후진판정:0
16:29:48  IMU요회전속도:0.00
16:29:48  방향가속도크기:9.73
16:29:48  방향자이로크기:1.70
16:29:48  방향자세cos:0.9997
16:29:48  자기모델잔차:6.99
16:29:48  자기모델반경:2.366
16:29:48  방향채택:37579
16:29:48  방향거부:71147
16:29:48  GPS원시속도:0.000
16:29:48  GPS원시방향유효:1
16:29:48  GPS원시방향:191.4
16:29:48  가속도:-0.20,0.57,9.71
16:29:48  자이로:0.8,-0.4,-1.5
16:29:48  자력계:51.900,-83.400,10.800
16:29:48  충격값:0.08
16:29:48  충격피크:0.15
16:29:48  마지막충격발생값:97.08
16:29:48  마지막충격발생ms:388467
16:29:48  송신:8498
16:29:48  지팡이수신:8202
16:29:48  GPS위성:6
16:29:48  GPS_HDOP:2.20
16:29:48  원시위도:37.496475
16:29:48  원시경도:126.954535
16:29:48  GPS채택:565
16:29:48  GPS이상치거부:70
16:29:48  GPS품질거부:137
16:29:48  GPS재기준:0
16:29:48  계산거리:0.86
16:29:48  접근속도:0.00
16:29:48  TTC:999.00
16:29:48  방향오차:-122.0
16:29:48  전방여부:0
16:29:48  위험음성횟수:0
16:29:48  충격음성횟수:3
16:29:48  마지막위험음성:0
16:29:48  RSSI원시:-51
16:29:48  RSSI평활:-50.1
16:29:48  RSSI샘플:8202
16:29:48  RSSI경과ms:43
16:29:48  RSSI구간:4
16:29:48  RSSI거리:0.86
16:29:48  상대보정:1
16:29:48  상대보정중:0
16:29:48  보정동쪽:-8.82
16:29:48  보정북쪽:-18.73
16:29:48  위험송신:8202
16:29:48  시각ms:889210
16:29:48  IMU시각ms:889210
16:29:48  위험:0
16:29:48  원시위험:0
16:29:48  GPS유효:1
16:29:48  위도:37.496475
16:29:48  경도:126.954535
16:29:48  속도:0.00
16:29:48  방향:196.1
16:29:48  이동방향유효:0
16:29:48  GPS이동방향:191.4
16:29:48  차체방향유효:0
16:29:48  차체방향:183.3
16:29:48  후진판정:0
16:29:48  IMU요회전속도:0.00
16:29:48  방향가속도크기:9.66
16:29:48  방향자이로크기:3.12
16:29:48  방향자세cos:0.9996
16:29:48  자기모델잔차:6.17
16:29:48  자기모델반경:2.345
16:29:48  방향채택:37579
16:29:48  방향거부:71160
16:29:48  GPS원시속도:0.000
16:29:48  GPS원시방향유효:1
16:29:48  GPS원시방향:191.4
16:29:48  가속도:-0.21,0.59,9.64
16:29:48  자이로:1.5,-1.7,2.1
16:29:48  자력계:51.750,-82.800,9.900
16:29:48  충격값:0.11
16:29:48  충격피크:0.13
16:29:48  마지막충격발생값:97.08
16:29:48  마지막충격발생ms:388467
16:29:48  송신:8499
16:29:48  지팡이수신:8203
16:29:48  GPS위성:6
16:29:48  GPS_HDOP:2.20
16:29:48  원시위도:37.496475
16:29:48  원시경도:126.954535
16:29:48  GPS채택:566
16:29:48  GPS이상치거부:70
16:29:48  GPS품질거부:137
16:29:48  GPS재기준:0
16:29:48  계산거리:0.86
16:29:48  접근속도:0.00
16:29:48  TTC:999.00
16:29:48  방향오차:-122.0
16:29:48  전방여부:0
16:29:48  위험음성횟수:0
16:29:48  충격음성횟수:3
16:29:48  마지막위험음성:0
16:29:48  RSSI원시:-50
16:29:48  RSSI평활:-50.1
16:29:48  RSSI샘플:8203
16:29:48  RSSI경과ms:36
16:29:48  RSSI구간:4
16:29:48  RSSI거리:0.86
16:29:48  상대보정:1
16:29:48  상대보정중:0
16:29:48  보정동쪽:-8.82
16:29:48  보정북쪽:-18.73
16:29:48  위험송신:8203
16:29:48  시각ms:889315
16:29:48  IMU시각ms:889315
16:29:48  위험:0
16:29:48  원시위험:0
16:29:48  GPS유효:1
16:29:48  위도:37.496475
16:29:48  경도:126.954535
16:29:48  속도:0.00
16:29:48  방향:196.1
16:29:48  이동방향유효:0
16:29:48  GPS이동방향:191.4
16:29:48  차체방향유효:0
16:29:48  차체방향:183.3
16:29:48  후진판정:0
16:29:48  IMU요회전속도:0.00
16:29:48  방향가속도크기:9.84
16:29:48  방향자이로크기:1.62
16:29:48  방향자세cos:0.9997
16:29:48  자기모델잔차:6.23
16:29:48  자기모델반경:2.357
16:29:48  방향채택:37579
16:29:48  방향거부:71173
16:29:48  GPS원시속도:0.000
16:29:48  GPS원시방향유효:1
16:29:48  GPS원시방향:191.4
16:29:48  가속도:-0.20,0.47,9.83
16:29:48  자이로:-0.5,1.5,0.1
16:29:48  자력계:52.800,-82.350,9.900
16:29:48  충격값:0.13
16:29:48  충격피크:0.14
16:29:48  마지막충격발생값:97.08
16:29:48  마지막충격발생ms:388467
16:29:48  송신:8500
16:29:48  지팡이수신:8204
16:29:48  GPS위성:6
16:29:48  GPS_HDOP:2.20
16:29:48  원시위도:37.496475
16:29:48  원시경도:126.954535
16:29:48  GPS채택:566
16:29:48  GPS이상치거부:70
16:29:48  GPS품질거부:137
16:29:48  GPS재기준:0
16:29:48  계산거리:0.86
16:29:48  접근속도:0.00
16:29:48  TTC:999.00
16:29:48  방향오차:-122.0
16:29:48  전방여부:0
16:29:48  위험음성횟수:0
16:29:48  충격음성횟수:3
16:29:48  마지막위험음성:0
16:29:48  RSSI원시:-50
16:29:48  RSSI평활:-50.1
16:29:48  RSSI샘플:8204
16:29:48  RSSI경과ms:44
16:29:48  RSSI구간:4
16:29:48  RSSI거리:0.86
16:29:48  상대보정:1
16:29:48  상대보정중:0
16:29:48  보정동쪽:-8.82
16:29:48  보정북쪽:-18.73
16:29:48  위험송신:8204
16:29:48  시각ms:889429
16:29:48  IMU시각ms:889406
16:29:48  위험:0
16:29:48  원시위험:0
16:29:48  GPS유효:1
16:29:48  위도:37.496475
16:29:48  경도:126.954535
16:29:48  속도:0.00
16:29:48  방향:196.1
16:29:48  이동방향유효:0
16:29:48  GPS이동방향:191.4
16:29:48  차체방향유효:0
16:29:48  차체방향:183.3
16:29:48  후진판정:0
16:29:48  IMU요회전속도:0.00
16:29:48  방향가속도크기:9.84
16:29:48  방향자이로크기:2.13
16:29:48  방향자세cos:0.9996
16:29:48  자기모델잔차:5.41
16:29:48  자기모델반경:2.371
16:29:48  방향채택:37579
16:29:48  방향거부:71184
16:29:48  GPS원시속도:0.000
16:29:48  GPS원시방향유효:1
16:29:48  GPS원시방향:191.4
16:29:48  가속도:-0.17,0.40,9.83
16:29:48  자이로:-0.3,-0.3,-2.1
16:29:48  자력계:51.450,-84.150,9.300
16:29:48  충격값:0.15
16:29:48  충격피크:0.15
16:29:48  마지막충격발생값:97.08
16:29:48  마지막충격발생ms:388467
16:29:48  송신:8501
16:29:48  지팡이수신:8205
16:29:48  GPS위성:6
16:29:48  GPS_HDOP:2.20
16:29:48  원시위도:37.496475
16:29:48  원시경도:126.954535
16:29:48  GPS채택:566
16:29:48  GPS이상치거부:70
16:29:48  GPS품질거부:137
16:29:48  GPS재기준:0
16:29:48  계산거리:0.89
16:29:48  접근속도:0.00
16:29:48  TTC:999.00
16:29:48  방향오차:-122.0
16:29:48  전방여부:0
16:29:48  위험음성횟수:0
16:29:48  충격음성횟수:3
16:29:48  마지막위험음성:0
16:29:48  RSSI원시:-52
16:29:48  RSSI평활:-50.4
16:29:48  RSSI샘플:8205
16:29:48  RSSI경과ms:55
16:29:48  RSSI구간:4
16:29:48  RSSI거리:0.89
16:29:48  상대보정:1
16:29:48  상대보정중:0
16:29:48  보정동쪽:-8.82
16:29:48  보정북쪽:-18.73
16:29:48  위험송신:8205
16:29:48  시각ms:889520
16:29:48  IMU시각ms:889520
16:29:48  위험:0
16:29:48  원시위험:0
16:29:48  GPS유효:1
16:29:48  위도:37.496475
16:29:48  경도:126.954535
16:29:48  속도:0.00
16:29:48  방향:196.1
16:29:48  이동방향유효:0
16:29:48  GPS이동방향:191.4
16:29:48  차체방향유효:0
16:29:48  차체방향:183.3
16:29:48  후진판정:0
16:29:48  IMU요회전속도:0.00
16:29:48  방향가속도크기:9.72
16:29:48  방향자이로크기:1.07
16:29:48  방향자세cos:0.9998
16:29:48  자기모델잔차:5.12
16:29:48  자기모델반경:2.328
16:29:48  방향채택:37579
16:29:48  방향거부:71195
16:29:48  GPS원시속도:0.000
16:29:48  GPS원시방향유효:1
16:29:48  GPS원시방향:191.4
16:29:48  가속도:-0.24,0.51,9.71
16:29:48  자이로:0.6,-0.5,0.7
16:29:48  자력계:52.500,-81.600,8.700
16:29:48  충격값:0.05
16:29:48  충격피크:0.19
16:29:48  마지막충격발생값:97.08
16:29:48  마지막충격발생ms:388467
16:29:48  송신:8502
16:29:48  지팡이수신:8206
16:29:48  GPS위성:6
16:29:48  GPS_HDOP:2.20
16:29:48  원시위도:37.496475
16:29:48  원시경도:126.954535
16:29:48  GPS채택:566
16:29:48  GPS이상치거부:70
16:29:48  GPS품질거부:137
16:29:48  GPS재기준:0
16:29:48  계산거리:0.88
16:29:48  접근속도:0.00
16:29:48  TTC:999.00
16:29:48  방향오차:-122.0
16:29:48  전방여부:0
16:29:48  위험음성횟수:0
16:29:48  충격음성횟수:3
16:29:48  마지막위험음성:0
16:29:48  RSSI원시:-50
16:29:48  RSSI평활:-50.4
16:29:48  RSSI샘플:8206
16:29:48  RSSI경과ms:44
16:29:48  RSSI구간:4
16:29:48  RSSI거리:0.88
16:29:48  상대보정:1
16:29:48  상대보정중:0
16:29:48  보정동쪽:-8.82
16:29:48  보정북쪽:-18.73
16:29:48  위험송신:8206
16:29:48  시각ms:889625
16:29:48  IMU시각ms:889625
16:29:48  위험:0
16:29:48  원시위험:0
16:29:48  GPS유효:1
16:29:48  위도:37.496475
16:29:48  경도:126.954535
16:29:48  속도:0.00
16:29:48  방향:196.1
16:29:48  이동방향유효:0
16:29:48  GPS이동방향:191.4
16:29:48  차체방향유효:0
16:29:48  차체방향:183.3
16:29:48  후진판정:0
16:29:48  IMU요회전속도:0.00
16:29:48  방향가속도크기:9.69
16:29:48  방향자이로크기:2.35
16:29:48  방향자세cos:0.9994
16:29:48  자기모델잔차:6.42
16:29:48  자기모델반경:2.442
16:29:48  방향채택:37579
16:29:48  방향거부:71208
16:29:48  GPS원시속도:0.000
16:29:48  GPS원시방향유효:1
16:29:48  GPS원시방향:191.4
16:29:48  가속도:-0.10,0.51,9.68
16:29:48  자이로:-0.6,2.2,-0.7
16:29:48  자력계:52.650,-85.800,10.500
16:29:48  충격값:0.10
16:29:48  충격피크:0.16
16:29:48  마지막충격발생값:97.08
16:29:48  마지막충격발생ms:388467
16:29:48  송신:8503
16:29:48  지팡이수신:8207
16:29:48  GPS위성:6
16:29:48  GPS_HDOP:2.20
16:29:48  원시위도:37.496475
16:29:48  원시경도:126.954535
16:29:48  GPS채택:566
16:29:48  GPS이상치거부:70
16:29:48  GPS품질거부:137
16:29:48  GPS재기준:0
16:29:48  계산거리:0.87
16:29:48  접근속도:0.00
16:29:48  TTC:999.00
16:29:48  방향오차:-122.0
16:29:48  전방여부:0
16:29:48  위험음성횟수:0
16:29:48  충격음성횟수:3
16:29:48  마지막위험음성:0
16:29:48  RSSI원시:-50
16:29:48  RSSI평활:-50.3
16:29:48  RSSI샘플:8207
16:29:48  RSSI경과ms:47
16:29:48  RSSI구간:4
16:29:48  RSSI거리:0.87
16:29:48  상대보정:1
16:29:48  상대보정중:0
16:29:48  보정동쪽:-8.82
16:29:48  보정북쪽:-18.73
16:29:48  위험송신:8207
16:29:48  시각ms:889731
16:29:48  IMU시각ms:889730
16:29:48  위험:0
16:29:48  원시위험:0
16:29:48  GPS유효:1
16:29:48  위도:37.496475
16:29:48  경도:126.954535
16:29:48  속도:0.00
16:29:48  방향:196.1
16:29:48  이동방향유효:0
16:29:48  GPS이동방향:191.4
16:29:48  차체방향유효:0
16:29:48  차체방향:183.3
16:29:48  후진판정:0
16:29:48  IMU요회전속도:0.00
16:29:48  방향가속도크기:9.76
16:29:48  방향자이로크기:3.73
16:29:48  방향자세cos:0.9992
16:29:48  자기모델잔차:7.57
16:29:48  자기모델반경:2.311
16:29:48  방향채택:37579
16:29:48  방향거부:71221
16:29:48  GPS원시속도:0.000
16:29:48  GPS원시방향유효:1
16:29:48  GPS원시방향:191.4
16:29:48  가속도:-0.05,0.44,9.75
16:29:48  자이로:2.5,0.2,2.7
16:29:48  자력계:50.700,-82.200,11.250
16:29:48  충격값:0.15
16:29:48  충격피크:0.22
16:29:48  마지막충격발생값:97.08
16:29:48  마지막충격발생ms:388467
16:29:48  송신:8504
16:29:48  지팡이수신:8208
16:29:48  GPS위성:6
16:29:48  GPS_HDOP:2.20
16:29:48  원시위도:37.496475
16:29:48  원시경도:126.954535
16:29:48  GPS채택:566
16:29:48  GPS이상치거부:70
16:29:48  GPS품질거부:137
16:29:48  GPS재기준:0
16:29:48  계산거리:0.89
16:29:48  접근속도:0.00
16:29:48  TTC:999.00
16:29:48  방향오차:-122.0
16:29:48  전방여부:0
16:29:48  위험음성횟수:0
16:29:48  충격음성횟수:3
16:29:48  마지막위험음성:0
16:29:48  RSSI원시:-51
16:29:48  RSSI평활:-50.4
16:29:48  RSSI샘플:8208
16:29:48  RSSI경과ms:50
16:29:48  RSSI구간:4
16:29:48  RSSI거리:0.89
16:29:48  상대보정:1
16:29:48  상대보정중:0
16:29:48  보정동쪽:-8.82
16:29:48  보정북쪽:-18.73
16:29:48  위험송신:8208
16:29:49  시각ms:889943
16:29:49  IMU시각ms:889942
16:29:49  위험:0
16:29:49  원시위험:0
16:29:49  GPS유효:1
16:29:49  위도:37.496475
16:29:49  경도:126.954535
16:29:49  속도:0.00
16:29:49  방향:196.1
16:29:49  이동방향유효:0
16:29:49  GPS이동방향:191.4
16:29:49  차체방향유효:0
16:29:49  차체방향:183.3
16:29:49  후진판정:0
16:29:49  IMU요회전속도:0.00
16:29:49  방향가속도크기:9.68
16:29:49  방향자이로크기:0.95
16:29:49  방향자세cos:0.9996
16:29:49  자기모델잔차:7.31
16:29:49  자기모델반경:2.423
16:29:49  방향채택:37579
16:29:49  방향거부:71247
16:29:49  GPS원시속도:0.000
16:29:49  GPS원시방향유효:1
16:29:49  GPS원시방향:191.4
16:29:49  가속도:-0.17,0.58,9.66
16:29:49  자이로:-0.7,-0.5,-0.4
16:29:49  자력계:53.100,-84.600,11.250
16:29:49  충격값:0.10
16:29:49  충격피크:0.17
16:29:49  마지막충격발생값:97.08
16:29:49  마지막충격발생ms:388467
16:29:49  송신:8506
16:29:49  지팡이수신:8210
16:29:49  GPS위성:6
16:29:49  GPS_HDOP:2.20
16:29:49  원시위도:37.496475
16:29:49  원시경도:126.954535
16:29:49  GPS채택:567
16:29:49  GPS이상치거부:70
16:29:49  GPS품질거부:137
16:29:49  GPS재기준:0
16:29:49  계산거리:0.89
16:29:49  접근속도:0.00
16:29:49  TTC:999.00
16:29:49  방향오차:-122.3
16:29:49  전방여부:0
16:29:49  위험음성횟수:0
16:29:49  충격음성횟수:3
16:29:49  마지막위험음성:0
16:29:49  RSSI원시:-50
16:29:49  RSSI평활:-50.4
16:29:49  RSSI샘플:8210
16:29:49  RSSI경과ms:52
16:29:49  RSSI구간:4
16:29:49  RSSI거리:0.89
16:29:49  상대보정:1
16:29:49  상대보정중:0
16:29:49  보정동쪽:-8.82
16:29:49  보정북쪽:-18.73
16:29:49  위험송신:8210
16:29:49  시각ms:890048
16:29:49  IMU시각ms:890048
16:29:49  위험:0
16:29:49  원시위험:0
16:29:49  GPS유효:1
16:29:49  위도:37.496475
16:29:49  경도:126.954535
16:29:49  속도:0.00
16:29:49  방향:196.1
16:29:49  이동방향유효:0
16:29:49  GPS이동방향:191.4
16:29:49  차체방향유효:0
16:29:49  차체방향:183.3
16:29:49  후진판정:0
16:29:49  IMU요회전속도:0.00
16:29:49  방향가속도크기:9.69
16:29:49  방향자이로크기:2.30
16:29:49  방향자세cos:1.0000
16:29:49  자기모델잔차:6.70
16:29:49  자기모델반경:2.372
16:29:49  방향채택:37579
16:29:49  방향거부:71260
16:29:49  GPS원시속도:0.000
16:29:49  GPS원시방향유효:1
16:29:49  GPS원시방향:191.4
16:29:49  가속도:-0.37,0.52,9.67
16:29:49  자이로:0.6,-1.0,2.0
16:29:49  자력계:52.200,-83.400,10.500
16:29:49  충격값:0.18
16:29:49  충격피크:0.18
16:29:49  마지막충격발생값:97.08
16:29:49  마지막충격발생ms:388467
16:29:49  송신:8507
16:29:49  지팡이수신:8211
16:29:49  GPS위성:6
16:29:49  GPS_HDOP:2.20
16:29:49  원시위도:37.496475
16:29:49  원시경도:126.954535
16:29:49  GPS채택:567
16:29:49  GPS이상치거부:70
16:29:49  GPS품질거부:137
16:29:49  GPS재기준:0
16:29:49  계산거리:0.90
16:29:49  접근속도:0.00
16:29:49  TTC:999.00
16:29:49  방향오차:-122.3
16:29:49  전방여부:0
16:29:49  위험음성횟수:0
16:29:49  충격음성횟수:3
16:29:49  마지막위험음성:0
16:29:49  RSSI원시:-51
16:29:49  RSSI평활:-50.5
16:29:49  RSSI샘플:8211
16:29:49  RSSI경과ms:57
16:29:49  RSSI구간:4
16:29:49  RSSI거리:0.90
16:29:49  상대보정:1
16:29:49  상대보정중:0
16:29:49  보정동쪽:-8.82
16:29:49  보정북쪽:-18.73
16:29:49  위험송신:8211
16:29:49  시각ms:890153
16:29:49  IMU시각ms:890153
16:29:49  위험:0
16:29:49  원시위험:0
16:29:49  GPS유효:1
16:29:49  위도:37.496475
16:29:49  경도:126.954535
16:29:49  속도:0.00
16:29:49  방향:196.1
16:29:49  이동방향유효:0
16:29:49  GPS이동방향:191.4
16:29:49  차체방향유효:0
16:29:49  차체방향:183.3
16:29:49  후진판정:0
16:29:49  IMU요회전속도:0.00
16:29:49  방향가속도크기:9.86
16:29:49  방향자이로크기:3.64
16:29:49  방향자세cos:0.9996
16:29:49  자기모델잔차:6.03
16:29:49  자기모델반경:2.335
16:29:49  방향채택:37579
16:29:49  방향거부:71273
16:29:49  GPS원시속도:0.000
16:29:49  GPS원시방향유효:1
16:29:49  GPS원시방향:191.4
16:29:49  가속도:-0.18,0.48,9.84
16:29:49  자이로:3.4,-0.7,1.1
16:29:49  자력계:51.450,-82.650,9.750
16:29:49  충격값:0.14
16:29:49  충격피크:0.14
16:29:49  마지막충격발생값:97.08
16:29:49  마지막충격발생ms:388467
16:29:49  송신:8508
16:29:49  지팡이수신:8212
16:29:49  GPS위성:6
16:29:49  GPS_HDOP:2.20
16:29:49  원시위도:37.496475
16:29:49  원시경도:126.954535
16:29:49  GPS채택:567
16:29:49  GPS이상치거부:70
16:29:49  GPS품질거부:137
16:29:49  GPS재기준:0
16:29:49  계산거리:0.90
16:29:49  접근속도:0.00
16:29:49  TTC:999.00
16:29:49  방향오차:-122.3
16:29:49  전방여부:0
16:29:49  위험음성횟수:0
16:29:49  충격음성횟수:3
16:29:49  마지막위험음성:0
16:29:49  RSSI원시:-51
16:29:49  RSSI평활:-50.6
16:29:49  RSSI샘플:8212
16:29:49  RSSI경과ms:60
16:29:49  RSSI구간:4
16:29:49  RSSI거리:0.90
16:29:49  상대보정:1
16:29:49  상대보정중:0
16:29:49  보정동쪽:-8.82
16:29:49  보정북쪽:-18.73
16:29:49  위험송신:8212
16:29:49  시각ms:890258
16:29:49  IMU시각ms:890258
16:29:49  위험:0
16:29:49  원시위험:0
16:29:49  GPS유효:1
16:29:49  위도:37.496475
16:29:49  경도:126.954535
16:29:49  속도:0.00
16:29:49  방향:196.1
16:29:49  이동방향유효:0
16:29:49  GPS이동방향:191.4
16:29:49  차체방향유효:0
16:29:49  차체방향:183.3
16:29:49  후진판정:0
16:29:49  IMU요회전속도:0.00
16:29:49  방향가속도크기:9.69
16:29:49  방향자이로크기:1.75
16:29:49  방향자세cos:0.9998
16:29:49  자기모델잔차:5.81
16:29:49  자기모델반경:2.342
16:29:49  방향채택:37579
16:29:49  방향거부:71286
16:29:49  GPS원시속도:0.000
16:29:49  GPS원시방향유효:1
16:29:49  GPS원시방향:191.4
16:29:49  가속도:-0.25,0.48,9.67
16:29:49  자이로:1.3,0.4,-1.0
16:29:49  자력계:52.500,-82.050,9.450
16:29:49  충격값:0.06
16:29:49  충격피크:0.17
16:29:49  마지막충격발생값:97.08
16:29:49  마지막충격발생ms:388467
16:29:49  송신:8509
16:29:49  지팡이수신:8213
16:29:49  GPS위성:6
16:29:49  GPS_HDOP:2.20
16:29:49  원시위도:37.496475
16:29:49  원시경도:126.954535
16:29:49  GPS채택:567
16:29:49  GPS이상치거부:70
16:29:49  GPS품질거부:137
16:29:49  GPS재기준:0
16:29:49  계산거리:0.91
16:29:49  접근속도:0.00
16:29:49  TTC:999.00
16:29:49  방향오차:-122.3
16:29:49  전방여부:0
16:29:49  위험음성횟수:0
16:29:49  충격음성횟수:3
16:29:49  마지막위험음성:0
16:29:49  RSSI원시:-51
16:29:49  RSSI평활:-50.7
16:29:49  RSSI샘플:8213
16:29:49  RSSI경과ms:61
16:29:49  RSSI구간:4
16:29:49  RSSI거리:0.91
16:29:49  상대보정:1
16:29:49  상대보정중:0
16:29:49  보정동쪽:-8.82
16:29:49  보정북쪽:-18.73
16:29:49  위험송신:8213
16:29:49  시각ms:890363
16:29:49  IMU시각ms:890363
16:29:49  위험:0
16:29:49  원시위험:0
16:29:49  GPS유효:1
16:29:49  위도:37.496475
16:29:49  경도:126.954535
16:29:49  속도:0.00
16:29:49  방향:196.1
16:29:49  이동방향유효:0
16:29:49  GPS이동방향:191.4
16:29:49  차체방향유효:0
16:29:49  차체방향:183.3
16:29:49  후진판정:0
16:29:49  IMU요회전속도:0.00
16:29:49  방향가속도크기:9.71
16:29:49  방향자이로크기:1.75
16:29:49  방향자세cos:0.9998
16:29:49  자기모델잔차:5.57
16:29:49  자기모델반경:2.324
16:29:49  방향채택:37579
16:29:49  방향거부:71299
16:29:49  GPS원시속도:0.000
16:29:49  GPS원시방향유효:1
16:29:49  GPS원시방향:191.4
16:29:49  가속도:-0.27,0.43,9.70
16:29:49  자이로:-0.5,1.1,-1.3
16:29:49  자력계:49.350,-84.000,9.450
16:29:49  충격값:0.09
16:29:49  충격피크:0.18
16:29:49  마지막충격발생값:97.08
16:29:49  마지막충격발생ms:388467
16:29:49  송신:8510
16:29:49  지팡이수신:8214
16:29:49  GPS위성:6
16:29:49  GPS_HDOP:2.20
16:29:49  원시위도:37.496475
16:29:49  원시경도:126.954535
16:29:49  GPS채택:567
16:29:49  GPS이상치거부:70
16:29:49  GPS품질거부:137
16:29:49  GPS재기준:0
16:29:49  계산거리:0.95
16:29:49  접근속도:0.00
16:29:49  TTC:999.00
16:29:49  방향오차:-122.3
16:29:49  전방여부:0
16:29:49  위험음성횟수:0
16:29:49  충격음성횟수:3
16:29:49  마지막위험음성:0
16:29:49  RSSI원시:-53
16:29:49  RSSI평활:-51.2
16:29:49  RSSI샘플:8214
16:29:49  RSSI경과ms:64
16:29:49  RSSI구간:4
16:29:49  RSSI거리:0.95
16:29:49  상대보정:1
16:29:49  상대보정중:0
16:29:49  보정동쪽:-8.82
16:29:49  보정북쪽:-18.73
16:29:49  위험송신:8214
16:29:49  시각ms:890466
16:29:49  IMU시각ms:890466
16:29:49  위험:0
16:29:49  원시위험:0
16:29:49  GPS유효:1
16:29:49  위도:37.496475
16:29:49  경도:126.954535
16:29:49  속도:0.00
16:29:49  방향:196.1
16:29:49  이동방향유효:0
16:29:49  GPS이동방향:191.4
16:29:49  차체방향유효:0
16:29:49  차체방향:183.3
16:29:49  후진판정:0
16:29:49  IMU요회전속도:0.00
16:29:49  방향가속도크기:9.80
16:29:49  방향자이로크기:5.63
16:29:49  방향자세cos:0.9996
16:29:49  자기모델잔차:5.55
16:29:49  자기모델반경:2.341
16:29:49  방향채택:37579
16:29:49  방향거부:71310
16:29:49  GPS원시속도:0.000
16:29:49  GPS원시방향유효:1
16:29:49  GPS원시방향:191.4
16:29:49  가속도:-0.19,0.43,9.79
16:29:49  자이로:-1.4,2.1,-5.0
16:29:49  자력계:51.450,-82.950,9.300
16:29:49  충격값:0.11
16:29:49  충격피크:0.15
16:29:49  마지막충격발생값:97.08
16:29:49  마지막충격발생ms:388467
16:29:49  송신:8511
16:29:49  지팡이수신:8215
16:29:49  GPS위성:6
16:29:49  GPS_HDOP:2.20
16:29:49  원시위도:37.496475
16:29:49  원시경도:126.954535
16:29:49  GPS채택:567
16:29:49  GPS이상치거부:70
16:29:49  GPS품질거부:137
16:29:49  GPS재기준:0
16:29:49  계산거리:0.95
16:29:49  접근속도:0.00
16:29:49  TTC:999.00
16:29:49  방향오차:-122.3
16:29:49  전방여부:0
16:29:49  위험음성횟수:0
16:29:49  충격음성횟수:3
16:29:49  마지막위험음성:0
16:29:49  RSSI원시:-51
16:29:49  RSSI평활:-51.1
16:29:49  RSSI샘플:8215
16:29:49  RSSI경과ms:64
16:29:49  RSSI구간:4
16:29:49  RSSI거리:0.95
16:29:49  상대보정:1
16:29:49  상대보정중:0
16:29:49  보정동쪽:-8.82
16:29:49  보정북쪽:-18.73
16:29:49  위험송신:8215
16:29:49  시각ms:890571
16:29:49  IMU시각ms:890571
16:29:49  위험:0
16:29:49  원시위험:0
16:29:49  GPS유효:1
16:29:49  위도:37.496475
16:29:49  경도:126.954535
16:29:49  속도:0.00
16:29:49  방향:196.1
16:29:49  이동방향유효:0
16:29:49  GPS이동방향:191.4
16:29:49  차체방향유효:0
16:29:49  차체방향:183.3
16:29:49  후진판정:0
16:29:49  IMU요회전속도:0.00
16:29:49  방향가속도크기:9.81
16:29:49  방향자이로크기:1.00
16:29:49  방향자세cos:0.9996
16:29:49  자기모델잔차:6.39
16:29:49  자기모델반경:2.360
16:29:49  방향채택:37579
16:29:49  방향거부:71323
16:29:49  GPS원시속도:0.000
16:29:49  GPS원시방향유효:1
16:29:49  GPS원시방향:191.4
16:29:49  가속도:-0.16,0.45,9.80
16:29:49  자이로:-0.9,0.1,-0.3
16:29:49  자력계:53.100,-82.200,10.050
16:29:49  충격값:0.11
16:29:49  충격피크:0.16
16:29:49  마지막충격발생값:97.08
16:29:49  마지막충격발생ms:388467
16:29:49  송신:8512
16:29:49  지팡이수신:8216
16:29:49  GPS위성:6
16:29:49  GPS_HDOP:2.20
16:29:49  원시위도:37.496475
16:29:49  원시경도:126.954535
16:29:49  GPS채택:567
16:29:49  GPS이상치거부:70
16:29:49  GPS품질거부:137
16:29:49  GPS재기준:0
16:29:49  계산거리:0.95
16:29:49  접근속도:0.00
16:29:49  TTC:999.00
16:29:49  방향오차:-122.3
16:29:49  전방여부:0
16:29:49  위험음성횟수:0
16:29:49  충격음성횟수:3
16:29:49  마지막위험음성:0
16:29:49  RSSI원시:-51
16:29:49  RSSI평활:-51.1
16:29:49  RSSI샘플:8216
16:29:49  RSSI경과ms:56
16:29:49  RSSI구간:4
16:29:49  RSSI거리:0.95
16:29:49  상대보정:1
16:29:49  상대보정중:0
16:29:49  보정동쪽:-8.82
16:29:49  보정북쪽:-18.73
16:29:49  위험송신:8216
16:29:49  시각ms:890676
16:29:49  IMU시각ms:890676
16:29:49  위험:0
16:29:49  원시위험:0
16:29:49  GPS유효:1
16:29:49  위도:37.496475
16:29:49  경도:126.954535
16:29:49  속도:0.00
16:29:49  방향:196.1
16:29:49  이동방향유효:0
16:29:49  GPS이동방향:191.4
16:29:49  차체방향유효:0
16:29:49  차체방향:183.3
16:29:49  후진판정:0
16:29:49  IMU요회전속도:0.00
16:29:49  방향가속도크기:9.78
16:29:49  방향자이로크기:2.91
16:29:49  방향자세cos:0.9994
16:29:49  자기모델잔차:5.68
16:29:49  자기모델반경:2.324
16:29:49  방향채택:37579
16:29:49  방향거부:71336
16:29:49  GPS원시속도:0.000
16:29:49  GPS원시방향유효:1
16:29:49  GPS원시방향:191.4
16:29:49  가속도:-0.12,0.45,9.77
16:29:49  자이로:-1.3,2.0,-1.7
16:29:49  자력계:51.900,-81.900,9.300
16:29:49  충격값:0.11
16:29:49  충격피크:0.17
16:29:49  마지막충격발생값:97.08
16:29:49  마지막충격발생ms:388467
16:29:49  송신:8513
16:29:49  지팡이수신:8217
16:29:49  GPS위성:6
16:29:49  GPS_HDOP:2.20
16:29:49  원시위도:37.496475
16:29:49  원시경도:126.954535
16:29:49  GPS채택:567
16:29:49  GPS이상치거부:70
16:29:49  GPS품질거부:137
16:29:49  GPS재기준:0
16:29:49  계산거리:0.96
16:29:49  접근속도:0.00
16:29:49  TTC:999.00
16:29:49  방향오차:-122.3
16:29:49  전방여부:0
16:29:49  위험음성횟수:0
16:29:49  충격음성횟수:3
16:29:49  마지막위험음성:0
16:29:49  RSSI원시:-52
16:29:49  RSSI평활:-51.3
16:29:49  RSSI샘플:8217
16:29:49  RSSI경과ms:69
16:29:49  RSSI구간:4
16:29:49  RSSI거리:0.96
16:29:49  상대보정:1
16:29:49  상대보정중:0
16:29:49  보정동쪽:-8.82
16:29:49  보정북쪽:-18.73
16:29:49  위험송신:8217
16:29:49  시각ms:890782
16:29:49  IMU시각ms:890781
16:29:49  위험:0
16:29:49  원시위험:0
16:29:49  GPS유효:1
16:29:49  위도:37.496475
16:29:49  경도:126.954535
16:29:49  속도:0.00
16:29:49  방향:196.1
16:29:49  이동방향유효:0
16:29:49  GPS이동방향:191.4
16:29:49  차체방향유효:0
16:29:49  차체방향:183.3
16:29:49  후진판정:0
16:29:49  IMU요회전속도:0.00
16:29:49  방향가속도크기:9.70
16:29:49  방향자이로크기:1.77
16:29:49  방향자세cos:0.9998
16:29:49  자기모델잔차:5.59
16:29:49  자기모델반경:2.407
16:29:49  방향채택:37579
16:29:49  방향거부:71349
16:29:49  GPS원시속도:0.000
16:29:49  GPS원시방향유효:1
16:29:49  GPS원시방향:191.4
16:29:49  가속도:-0.24,0.52,9.68
16:29:49  자이로:-0.3,-1.6,0.7
16:29:49  자력계:53.250,-84.000,9.450
16:29:49  충격값:0.06
16:29:49  충격피크:0.18
16:29:49  마지막충격발생값:97.08
16:29:49  마지막충격발생ms:388467
16:29:49  송신:8514
16:29:49  지팡이수신:8218
16:29:49  GPS위성:6
16:29:49  GPS_HDOP:2.20
16:29:49  원시위도:37.496475
16:29:49  원시경도:126.954535
16:29:49  GPS채택:567
16:29:49  GPS이상치거부:70
16:29:49  GPS품질거부:137
16:29:49  GPS재기준:0
16:29:49  계산거리:0.96
16:29:49  접근속도:0.00
16:29:49  TTC:999.00
16:29:49  방향오차:-122.3
16:29:49  전방여부:0
16:29:49  위험음성횟수:0
16:29:49  충격음성횟수:3
16:29:49  마지막위험음성:0
16:29:49  RSSI원시:-51
16:29:49  RSSI평활:-51.2
16:29:49  RSSI샘플:8218
16:29:49  RSSI경과ms:72
16:29:49  RSSI구간:4
16:29:49  RSSI거리:0.96
16:29:49  상대보정:1
16:29:49  상대보정중:0
16:29:49  보정동쪽:-8.82
16:29:49  보정북쪽:-18.73
16:29:49  위험송신:8218
16:29:50  시각ms:890882
16:29:50  IMU시각ms:890881
16:29:50  위험:0
16:29:50  원시위험:0
16:29:50  GPS유효:1
16:29:50  위도:37.496475
16:29:50  경도:126.954535
16:29:50  속도:0.00
16:29:50  방향:196.1
16:29:50  이동방향유효:0
16:29:50  GPS이동방향:191.4
16:29:50  차체방향유효:0
16:29:50  차체방향:183.3
16:29:50  후진판정:0
16:29:50  IMU요회전속도:0.00
16:29:50  방향가속도크기:9.85
16:29:50  방향자이로크기:2.30
16:29:50  방향자세cos:0.9996
16:29:50  자기모델잔차:6.09
16:29:50  자기모델반경:2.333
16:29:50  방향채택:37579
16:29:50  방향거부:71361
16:29:50  GPS원시속도:0.000
16:29:50  GPS원시방향유효:1
16:29:50  GPS원시방향:191.4
16:29:50  가속도:-0.15,0.50,9.84
16:29:50  자이로:-1.0,2.1,-0.3
16:29:50  자력계:51.900,-82.200,9.750
16:29:50  충격값:0.13
16:29:50  충격피크:0.17
16:29:50  마지막충격발생값:97.08
16:29:50  마지막충격발생ms:388467
16:29:50  송신:8515
16:29:50  지팡이수신:8219
16:29:50  GPS위성:6
16:29:50  GPS_HDOP:2.20
16:29:50  원시위도:37.496475
16:29:50  원시경도:126.954535
16:29:50  GPS채택:567
16:29:50  GPS이상치거부:70
16:29:50  GPS품질거부:137
16:29:50  GPS재기준:0
16:29:50  계산거리:0.97
16:29:50  접근속도:0.00
16:29:50  TTC:999.00
16:29:50  방향오차:-123.0
16:29:50  전방여부:0
16:29:50  위험음성횟수:0
16:29:50  충격음성횟수:3
16:29:50  마지막위험음성:0
16:29:50  RSSI원시:-52
16:29:50  RSSI평활:-51.4
16:29:50  RSSI샘플:8219
16:29:50  RSSI경과ms:68
16:29:50  RSSI구간:4
16:29:50  RSSI거리:0.97
16:29:50  상대보정:1
16:29:50  상대보정중:0
16:29:50  보정동쪽:-8.82
16:29:50  보정북쪽:-18.73
16:29:50  위험송신:8219
16:29:50  시각ms:890982
16:29:50  IMU시각ms:890981
16:29:50  위험:0
16:29:50  원시위험:0
16:29:50  GPS유효:1
16:29:50  위도:37.496475
16:29:50  경도:126.954535
16:29:50  속도:0.00
16:29:50  방향:196.1
16:29:50  이동방향유효:0
16:29:50  GPS이동방향:191.4
16:29:50  차체방향유효:0
16:29:50  차체방향:183.3
16:29:50  후진판정:0
16:29:50  IMU요회전속도:0.00
16:29:50  방향가속도크기:9.72
16:29:50  방향자이로크기:3.30
16:29:50  방향자세cos:0.9996
16:29:50  자기모델잔차:6.62
16:29:50  자기모델반경:2.417
16:29:50  방향채택:37579
16:29:50  방향거부:71373
16:29:50  GPS원시속도:0.000
16:29:50  GPS원시방향유효:1
16:29:50  GPS원시방향:191.4
16:29:50  가속도:-0.17,0.49,9.71
16:29:50  자이로:0.0,-2.6,2.1
16:29:50  자력계:53.400,-84.150,10.500
16:29:50  충격값:0.03
16:29:50  충격피크:0.18
16:29:50  마지막충격발생값:97.08
16:29:50  마지막충격발생ms:388467
16:29:50  송신:8516
16:29:50  지팡이수신:8220
16:29:50  GPS위성:6
16:29:50  GPS_HDOP:2.20
16:29:50  원시위도:37.496475
16:29:50  원시경도:126.954535
16:29:50  GPS채택:568
16:29:50  GPS이상치거부:70
16:29:50  GPS품질거부:137
16:29:50  GPS재기준:0
16:29:50  계산거리:0.96
16:29:50  접근속도:0.00
16:29:50  TTC:999.00
16:29:50  방향오차:-123.0
16:29:50  전방여부:0
16:29:50  위험음성횟수:0
16:29:50  충격음성횟수:3
16:29:50  마지막위험음성:0
16:29:50  RSSI원시:-51
16:29:50  RSSI평활:-51.3
16:29:50  RSSI샘플:8220
16:29:50  RSSI경과ms:65
16:29:50  RSSI구간:4
16:29:50  RSSI거리:0.96
16:29:50  상대보정:1
16:29:50  상대보정중:0
16:29:50  보정동쪽:-8.82
16:29:50  보정북쪽:-18.73
16:29:50  위험송신:8220
16:29:50  시각ms:891086
16:29:50  IMU시각ms:891086
16:29:50  위험:0
16:29:50  원시위험:0
16:29:50  GPS유효:1
16:29:50  위도:37.496475
16:29:50  경도:126.954535
16:29:50  속도:0.00
16:29:50  방향:196.1
16:29:50  이동방향유효:0
16:29:50  GPS이동방향:191.4
16:29:50  차체방향유효:0
16:29:50  차체방향:183.3
16:29:50  후진판정:0
16:29:50  IMU요회전속도:0.00
16:29:50  방향가속도크기:9.80
16:29:50  방향자이로크기:4.15
16:29:50  방향자세cos:0.9996
16:29:50  자기모델잔차:5.54
16:29:50  자기모델반경:2.408
16:29:50  방향채택:37579
16:29:50  방향거부:71386
16:29:50  GPS원시속도:0.000
16:29:50  GPS원시방향유효:1
16:29:50  GPS원시방향:191.4
16:29:50  가속도:-0.17,0.47,9.78
16:29:50  자이로:3.5,-2.2,-0.2
16:29:50  자력계:52.800,-84.450,9.450
16:29:50  충격값:0.08
16:29:50  충격피크:0.19
16:29:50  마지막충격발생값:97.08
16:29:50  마지막충격발생ms:388467
16:29:50  송신:8517
16:29:50  지팡이수신:8221
16:29:50  GPS위성:6
16:29:50  GPS_HDOP:2.20
16:29:50  원시위도:37.496475
16:29:50  원시경도:126.954535
16:29:50  GPS채택:568
16:29:50  GPS이상치거부:70
16:29:50  GPS품질거부:137
16:29:50  GPS재기준:0
16:29:50  계산거리:0.96
16:29:50  접근속도:0.00
16:29:50  TTC:999.00
16:29:50  방향오차:-123.0
16:29:50  전방여부:0
16:29:50  위험음성횟수:0
16:29:50  충격음성횟수:3
16:29:50  마지막위험음성:0
16:29:50  RSSI원시:-51
16:29:50  RSSI평활:-51.2
16:29:50  RSSI샘플:8221
16:29:50  RSSI경과ms:66
16:29:50  RSSI구간:4
16:29:50  RSSI거리:0.96
16:29:50  상대보정:1
16:29:50  상대보정중:0
16:29:50  보정동쪽:-8.82
16:29:50  보정북쪽:-18.73
16:29:50  위험송신:8221
16:29:50  시각ms:891191
16:29:50  IMU시각ms:891191
16:29:50  위험:0
16:29:50  원시위험:0
16:29:50  GPS유효:1
16:29:50  위도:37.496475
16:29:50  경도:126.954535
16:29:50  속도:0.00
16:29:50  방향:196.1
16:29:50  이동방향유효:0
16:29:50  GPS이동방향:191.4
16:29:50  차체방향유효:0
16:29:50  차체방향:183.3
16:29:50  후진판정:0
16:29:50  IMU요회전속도:0.00
16:29:50  방향가속도크기:9.78
16:29:50  방향자이로크기:2.44
16:29:50  방향자세cos:0.9997
16:29:50  자기모델잔차:6.16
16:29:50  자기모델반경:2.336
16:29:50  방향채택:37579
16:29:50  방향거부:71399
16:29:50  GPS원시속도:0.000
16:29:50  GPS원시방향유효:1
16:29:50  GPS원시방향:191.4
16:29:50  가속도:-0.19,0.50,9.77
16:29:50  자이로:1.9,-0.5,-1.5
16:29:50  자력계:51.300,-82.800,9.900
16:29:50  충격값:0.05
16:29:50  충격피크:0.17
16:29:50  마지막충격발생값:97.08
16:29:50  마지막충격발생ms:388467
16:29:50  송신:8518
16:29:50  지팡이수신:8222
16:29:50  GPS위성:6
16:29:50  GPS_HDOP:2.20
16:29:50  원시위도:37.496475
16:29:50  원시경도:126.954535
16:29:50  GPS채택:568
16:29:50  GPS이상치거부:70
16:29:50  GPS품질거부:137
16:29:50  GPS재기준:0
16:29:50  계산거리:0.95
16:29:50  접근속도:0.00
16:29:50  TTC:999.00
16:29:50  방향오차:-123.0
16:29:50  전방여부:0
16:29:50  위험음성횟수:0
16:29:50  충격음성횟수:3
16:29:50  마지막위험음성:0
16:29:50  RSSI원시:-51
16:29:50  RSSI평활:-51.2
16:29:50  RSSI샘플:8222
16:29:50  RSSI경과ms:66
16:29:50  RSSI구간:4
16:29:50  RSSI거리:0.95
16:29:50  상대보정:1
16:29:50  상대보정중:0
16:29:50  보정동쪽:-8.82
16:29:50  보정북쪽:-18.73
16:29:50  위험송신:8222
16:29:50  시각ms:891297
16:29:50  IMU시각ms:891296
16:29:50  위험:0
16:29:50  원시위험:0
16:29:50  GPS유효:1
16:29:50  위도:37.496475
16:29:50  경도:126.954535
16:29:50  속도:0.00
16:29:50  방향:196.1
16:29:50  이동방향유효:0
16:29:50  GPS이동방향:191.4
16:29:50  차체방향유효:0
16:29:50  차체방향:183.3
16:29:50  후진판정:0
16:29:50  IMU요회전속도:0.00
16:29:50  방향가속도크기:9.82
16:29:50  방향자이로크기:4.04
16:29:50  방향자세cos:0.9997
16:29:50  자기모델잔차:6.16
16:29:50  자기모델반경:2.389
16:29:50  방향채택:37579
16:29:50  방향거부:71412
16:29:50  GPS원시속도:0.000
16:29:50  GPS원시방향유효:1
16:29:50  GPS원시방향:191.4
16:29:50  가속도:-0.21,0.57,9.80
16:29:50  자이로:3.2,-2.4,0.9
16:29:50  자력계:52.200,-84.150,10.050
16:29:50  충격값:0.11
16:29:50  충격피크:0.16
16:29:50  마지막충격발생값:97.08
16:29:50  마지막충격발생ms:388467
16:29:50  송신:8519
16:29:50  지팡이수신:8223
16:29:50  GPS위성:6
16:29:50  GPS_HDOP:2.20
16:29:50  원시위도:37.496475
16:29:50  원시경도:126.954535
16:29:50  GPS채택:568
16:29:50  GPS이상치거부:70
16:29:50  GPS품질거부:137
16:29:50  GPS재기준:0
16:29:50  계산거리:0.95
16:29:50  접근속도:0.00
16:29:50  TTC:999.00
16:29:50  방향오차:-123.0
16:29:50  전방여부:0
16:29:50  위험음성횟수:0
16:29:50  충격음성횟수:3
16:29:50  마지막위험음성:0
16:29:50  RSSI원시:-51
16:29:50  RSSI평활:-51.2
16:29:50  RSSI샘플:8223
16:29:50  RSSI경과ms:70
16:29:50  RSSI구간:4
16:29:50  RSSI거리:0.95
16:29:50  상대보정:1
16:29:50  상대보정중:0
16:29:50  보정동쪽:-8.82
16:29:50  보정북쪽:-18.73
16:29:50  위험송신:8223
16:29:50  시각ms:891401
16:29:50  IMU시각ms:891401
16:29:50  위험:0
16:29:50  원시위험:0
16:29:50  GPS유효:1
16:29:50  위도:37.496475
16:29:50  경도:126.954535
16:29:50  속도:0.00
16:29:50  방향:196.1
16:29:50  이동방향유효:0
16:29:50  GPS이동방향:191.4
16:29:50  차체방향유효:0
16:29:50  차체방향:183.3
16:29:50  후진판정:0
16:29:50  IMU요회전속도:0.00
16:29:50  방향가속도크기:9.79
16:29:50  방향자이로크기:1.45
16:29:50  방향자세cos:0.9998
16:29:50  자기모델잔차:5.90
16:29:50  자기모델반경:2.381
16:29:50  방향채택:37579
16:29:50  방향거부:71425
16:29:50  GPS원시속도:0.000
16:29:50  GPS원시방향유효:1
16:29:50  GPS원시방향:191.4
16:29:50  가속도:-0.23,0.44,9.77
16:29:50  자이로:0.2,-1.1,1.0
16:29:50  자력계:52.200,-83.850,9.750
16:29:50  충격값:0.08
16:29:50  충격피크:0.15
16:29:50  마지막충격발생값:97.08
16:29:50  마지막충격발생ms:388467
16:29:50  송신:8520
16:29:50  지팡이수신:8224
16:29:50  GPS위성:6
16:29:50  GPS_HDOP:2.20
16:29:50  원시위도:37.496475
16:29:50  원시경도:126.954535
16:29:50  GPS채택:568
16:29:50  GPS이상치거부:70
16:29:50  GPS품질거부:137
16:29:50  GPS재기준:0
16:29:50  계산거리:0.95
16:29:50  접근속도:0.00
16:29:50  TTC:999.00
16:29:50  방향오차:-123.0
16:29:50  전방여부:0
16:29:50  위험음성횟수:0
16:29:50  충격음성횟수:3
16:29:50  마지막위험음성:0
16:29:50  RSSI원시:-51
16:29:50  RSSI평활:-51.1
16:29:50  RSSI샘플:8224
16:29:50  RSSI경과ms:72
16:29:50  RSSI구간:4
16:29:50  RSSI거리:0.95
16:29:50  상대보정:1
16:29:50  상대보정중:0
16:29:50  보정동쪽:-8.82
16:29:50  보정북쪽:-18.73
16:29:50  위험송신:8224
16:29:50  시각ms:891504
16:29:50  IMU시각ms:891504
16:29:50  위험:0
16:29:50  원시위험:0
16:29:50  GPS유효:1
16:29:50  위도:37.496475
16:29:50  경도:126.954535
16:29:50  속도:0.00
16:29:50  방향:196.1
16:29:50  이동방향유효:0
16:29:50  GPS이동방향:191.4
16:29:50  차체방향유효:0
16:29:50  차체방향:183.3
16:29:50  후진판정:0
16:29:50  IMU요회전속도:0.00
16:29:50  방향가속도크기:9.71
16:29:50  방향자이로크기:1.58
16:29:50  방향자세cos:0.9997
16:29:50  자기모델잔차:5.42
16:29:50  자기모델반경:2.350
16:29:50  방향채택:37579
16:29:50  방향거부:71436
16:29:50  GPS원시속도:0.000
16:29:50  GPS원시방향유효:1
16:29:50  GPS원시방향:191.4
16:29:50  가속도:-0.21,0.45,9.70
16:29:50  자이로:1.6,0.1,0.2
16:29:50  자력계:52.050,-82.800,9.150
16:29:50  충격값:0.04
16:29:50  충격피크:0.16
16:29:50  마지막충격발생값:97.08
16:29:50  마지막충격발생ms:388467
16:29:50  송신:8521
16:29:50  지팡이수신:8225
16:29:50  GPS위성:6
16:29:50  GPS_HDOP:2.20
16:29:50  원시위도:37.496475
16:29:50  원시경도:126.954535
16:29:50  GPS채택:568
16:29:50  GPS이상치거부:70
16:29:50  GPS품질거부:137
16:29:50  GPS재기준:0
16:29:50  계산거리:0.94
16:29:50  접근속도:0.00
16:29:50  TTC:999.00
16:29:50  방향오차:-123.0
16:29:50  전방여부:0
16:29:50  위험음성횟수:0
16:29:50  충격음성횟수:3
16:29:50  마지막위험음성:0
16:29:50  RSSI원시:-51
16:29:50  RSSI평활:-51.1
16:29:50  RSSI샘플:8225
16:29:50  RSSI경과ms:74
16:29:50  RSSI구간:4
16:29:50  RSSI거리:0.94
16:29:50  상대보정:1
16:29:50  상대보정중:0
16:29:50  보정동쪽:-8.82
16:29:50  보정북쪽:-18.73
16:29:50  위험송신:8225
16:29:50  시각ms:891609
16:29:50  IMU시각ms:891609
16:29:50  위험:0
16:29:50  원시위험:0
16:29:50  GPS유효:1
16:29:50  위도:37.496475
16:29:50  경도:126.954535
16:29:50  속도:0.00
16:29:50  방향:196.1
16:29:50  이동방향유효:0
16:29:50  GPS이동방향:191.4
16:29:50  차체방향유효:0
16:29:50  차체방향:183.3
16:29:50  후진판정:0
16:29:50  IMU요회전속도:0.00
16:29:50  방향가속도크기:9.75
16:29:50  방향자이로크기:2.26
16:29:50  방향자세cos:0.9992
16:29:50  자기모델잔차:5.51
16:29:50  자기모델반경:2.388
16:29:50  방향채택:37579
16:29:50  방향거부:71449
16:29:50  GPS원시속도:0.000
16:29:50  GPS원시방향유효:1
16:29:50  GPS원시방향:191.4
16:29:50  가속도:-0.12,0.68,9.72
16:29:50  자이로:-1.2,-0.4,1.9
16:29:50  자력계:53.100,-83.400,9.300
16:29:50  충격값:0.20
16:29:50  충격피크:0.20
16:29:50  마지막충격발생값:97.08
16:29:50  마지막충격발생ms:388467
16:29:50  송신:8522
16:29:50  지팡이수신:8226
16:29:50  GPS위성:6
16:29:50  GPS_HDOP:2.20
16:29:50  원시위도:37.496475
16:29:50  원시경도:126.954535
16:29:50  GPS채택:568
16:29:50  GPS이상치거부:70
16:29:50  GPS품질거부:137
16:29:50  GPS재기준:0
16:29:50  계산거리:0.94
16:29:50  접근속도:0.00
16:29:50  TTC:999.00
16:29:50  방향오차:-123.0
16:29:50  전방여부:0
16:29:50  위험음성횟수:0
16:29:50  충격음성횟수:3
16:29:50  마지막위험음성:0
16:29:50  RSSI원시:-51
16:29:50  RSSI평활:-51.1
16:29:50  RSSI샘플:8226
16:29:50  RSSI경과ms:75
16:29:50  RSSI구간:4
16:29:50  RSSI거리:0.94
16:29:50  상대보정:1
16:29:50  상대보정중:0
16:29:50  보정동쪽:-8.82
16:29:50  보정북쪽:-18.73
16:29:50  위험송신:8226
16:29:50  시각ms:891815
16:29:50  IMU시각ms:891814
16:29:50  위험:0
16:29:50  원시위험:0
16:29:50  GPS유효:1
16:29:50  위도:37.496475
16:29:50  경도:126.954535
16:29:50  속도:0.00
16:29:50  방향:196.1
16:29:50  이동방향유효:0
16:29:50  GPS이동방향:191.4
16:29:50  차체방향유효:0
16:29:50  차체방향:183.3
16:29:50  후진판정:0
16:29:50  IMU요회전속도:0.00
16:29:50  방향가속도크기:9.78
16:29:50  방향자이로크기:3.20
16:29:50  방향자세cos:0.9997
16:29:50  자기모델잔차:6.82
16:29:50  자기모델반경:2.309
16:29:50  방향채택:37579
16:29:50  방향거부:71474
16:29:50  GPS원시속도:0.000
16:29:50  GPS원시방향유효:1
16:29:50  GPS원시방향:191.4
16:29:50  가속도:-0.22,0.57,9.76
16:29:50  자이로:2.4,-2.0,0.6
16:29:50  자력계:50.700,-82.200,10.500
16:29:50  충격값:0.09
16:29:50  충격피크:0.20
16:29:50  마지막충격발생값:97.08
16:29:50  마지막충격발생ms:388467
16:29:50  송신:8524
16:29:50  지팡이수신:8228
16:29:50  GPS위성:6
16:29:50  GPS_HDOP:2.20
16:29:50  원시위도:37.496475
16:29:50  원시경도:126.954535
16:29:50  GPS채택:568
16:29:50  GPS이상치거부:70
16:29:50  GPS품질거부:137
16:29:50  GPS재기준:0
16:29:50  계산거리:0.94
16:29:50  접근속도:0.00
16:29:50  TTC:999.00
16:29:50  방향오차:-123.0
16:29:50  전방여부:0
16:29:50  위험음성횟수:0
16:29:50  충격음성횟수:3
16:29:50  마지막위험음성:0
16:29:50  RSSI원시:-51
16:29:50  RSSI평활:-51.1
16:29:50  RSSI샘플:8228
16:29:50  RSSI경과ms:76
16:29:50  RSSI구간:4
16:29:50  RSSI거리:0.94
16:29:50  상대보정:1
16:29:50  상대보정중:0
16:29:50  보정동쪽:-8.82
16:29:50  보정북쪽:-18.73
16:29:50  위험송신:8228
16:29:51  시각ms:892020
16:29:51  IMU시각ms:892020
16:29:51  위험:0
16:29:51  원시위험:0
16:29:51  GPS유효:1
16:29:51  위도:37.496475
16:29:51  경도:126.954535
16:29:51  속도:0.00
16:29:51  방향:196.1
16:29:51  이동방향유효:0
16:29:51  GPS이동방향:191.4
16:29:51  차체방향유효:0
16:29:51  차체방향:183.3
16:29:51  후진판정:0
16:29:51  IMU요회전속도:0.00
16:29:51  방향가속도크기:9.83
16:29:51  방향자이로크기:2.71
16:29:51  방향자세cos:0.9996
16:29:51  자기모델잔차:6.20
16:29:51  자기모델반경:2.375
16:29:51  방향채택:37579
16:29:51  방향거부:71499
16:29:51  GPS원시속도:0.000
16:29:51  GPS원시방향유효:1
16:29:51  GPS원시방향:191.4
16:29:51  가속도:-0.19,0.42,9.82
16:29:51  자이로:0.4,1.0,-2.5
16:29:51  자력계:51.900,-83.850,10.050
16:29:51  충격값:0.13
16:29:51  충격피크:0.18
16:29:51  마지막충격발생값:97.08
16:29:51  마지막충격발생ms:388467
16:29:51  송신:8526
16:29:51  지팡이수신:8230
16:29:51  GPS위성:6
16:29:51  GPS_HDOP:2.20
16:29:51  원시위도:37.496475
16:29:51  원시경도:126.954535
16:29:51  GPS채택:569
16:29:51  GPS이상치거부:70
16:29:51  GPS품질거부:137
16:29:51  GPS재기준:0
16:29:51  계산거리:0.96
16:29:51  접근속도:0.00
16:29:51  TTC:999.00
16:29:51  방향오차:-123.3
16:29:51  전방여부:0
16:29:51  위험음성횟수:0
16:29:51  충격음성횟수:3
16:29:51  마지막위험음성:0
16:29:51  RSSI원시:-52
16:29:51  RSSI평활:-51.2
16:29:51  RSSI샘플:8230
16:29:51  RSSI경과ms:73
16:29:51  RSSI구간:4
16:29:51  RSSI거리:0.96
16:29:51  상대보정:1
16:29:51  상대보정중:0
16:29:51  보정동쪽:-8.82
16:29:51  보정북쪽:-18.73
16:29:51  위험송신:8230
16:29:51  시각ms:892125
16:29:51  IMU시각ms:892125
16:29:51  위험:0
16:29:51  원시위험:0
16:29:51  GPS유효:1
16:29:51  위도:37.496475
16:29:51  경도:126.954535
16:29:51  속도:0.00
16:29:51  방향:196.1
16:29:51  이동방향유효:0
16:29:51  GPS이동방향:191.4
16:29:51  차체방향유효:0
16:29:51  차체방향:183.3
16:29:51  후진판정:0
16:29:51  IMU요회전속도:0.00
16:29:51  방향가속도크기:9.65
16:29:51  방향자이로크기:2.31
16:29:51  방향자세cos:0.9994
16:29:51  자기모델잔차:5.66
16:29:51  자기모델반경:2.292
16:29:51  방향채택:37579
16:29:51  방향거부:71512
16:29:51  GPS원시속도:0.000
16:29:51  GPS원시방향유효:1
16:29:51  GPS원시방향:191.4
16:29:51  가속도:-0.10,0.53,9.64
16:29:51  자이로:-0.4,1.9,-1.3
16:29:51  자력계:50.400,-81.900,9.300
16:29:51  충격값:0.12
16:29:51  충격피크:0.17
16:29:51  마지막충격발생값:97.08
16:29:51  마지막충격발생ms:388467
16:29:51  송신:8527
16:29:51  지팡이수신:8231
16:29:51  GPS위성:6
16:29:51  GPS_HDOP:2.20
16:29:51  원시위도:37.496475
16:29:51  원시경도:126.954535
16:29:51  GPS채택:569
16:29:51  GPS이상치거부:70
16:29:51  GPS품질거부:137
16:29:51  GPS재기준:0
16:29:51  계산거리:0.95
16:29:51  접근속도:0.00
16:29:51  TTC:999.00
16:29:51  방향오차:-123.3
16:29:51  전방여부:0
16:29:51  위험음성횟수:0
16:29:51  충격음성횟수:3
16:29:51  마지막위험음성:0
16:29:51  RSSI원시:-51
16:29:51  RSSI평활:-51.2
16:29:51  RSSI샘플:8231
16:29:51  RSSI경과ms:77
16:29:51  RSSI구간:4
16:29:51  RSSI거리:0.95
16:29:51  상대보정:1
16:29:51  상대보정중:0
16:29:51  보정동쪽:-8.82
16:29:51  보정북쪽:-18.73
16:29:51  위험송신:8231
16:29:51  시각ms:892230
16:29:51  IMU시각ms:892230
16:29:51  위험:0
16:29:51  원시위험:0
16:29:51  GPS유효:1
16:29:51  위도:37.496475
16:29:51  경도:126.954535
16:29:51  속도:0.00
16:29:51  방향:196.1
16:29:51  이동방향유효:0
16:29:51  GPS이동방향:191.4
16:29:51  차체방향유효:0
16:29:51  차체방향:183.3
16:29:51  후진판정:0
16:29:51  IMU요회전속도:0.00
16:29:51  방향가속도크기:9.74
16:29:51  방향자이로크기:1.74
16:29:51  방향자세cos:0.9997
16:29:51  자기모델잔차:4.71
16:29:51  자기모델반경:2.378
16:29:51  방향채택:37579
16:29:51  방향거부:71525
16:29:51  GPS원시속도:0.000
16:29:51  GPS원시방향유효:1
16:29:51  GPS원시방향:191.4
16:29:51  가속도:-0.22,0.47,9.73
16:29:51  자이로:-0.0,0.8,1.5
16:29:51  자력계:52.200,-83.850,8.550
16:29:51  충격값:0.03
16:29:51  충격피크:0.13
16:29:51  마지막충격발생값:97.08
16:29:51  마지막충격발생ms:388467
16:29:51  송신:8528
16:29:51  지팡이수신:8232
16:29:51  GPS위성:6
16:29:51  GPS_HDOP:2.20
16:29:51  원시위도:37.496475
16:29:51  원시경도:126.954535
16:29:51  GPS채택:569
16:29:51  GPS이상치거부:70
16:29:51  GPS품질거부:137
16:29:51  GPS재기준:0
16:29:51  계산거리:0.97
16:29:51  접근속도:0.00
16:29:51  TTC:999.00
16:29:51  방향오차:-123.3
16:29:51  전방여부:0
16:29:51  위험음성횟수:0
16:29:51  충격음성횟수:3
16:29:51  마지막위험음성:0
16:29:51  RSSI원시:-52
16:29:51  RSSI평활:-51.3
16:29:51  RSSI샘플:8232
16:29:51  RSSI경과ms:79
16:29:51  RSSI구간:4
16:29:51  RSSI거리:0.97
16:29:51  상대보정:1
16:29:51  상대보정중:0
16:29:51  보정동쪽:-8.82
16:29:51  보정북쪽:-18.73
16:29:51  위험송신:8232
16:29:51  시각ms:892335
16:29:51  IMU시각ms:892335
16:29:51  위험:0
16:29:51  원시위험:0
16:29:51  GPS유효:1
16:29:51  위도:37.496475
16:29:51  경도:126.954535
16:29:51  속도:0.00
16:29:51  방향:196.1
16:29:51  이동방향유효:0
16:29:51  GPS이동방향:191.4
16:29:51  차체방향유효:0
16:29:51  차체방향:183.3
16:29:51  후진판정:0
16:29:51  IMU요회전속도:0.00
16:29:51  방향가속도크기:9.72
16:29:51  방향자이로크기:1.85
16:29:51  방향자세cos:0.9995
16:29:51  자기모델잔차:7.14
16:29:51  자기모델반경:2.315
16:29:51  방향채택:37579
16:29:51  방향거부:71538
16:29:51  GPS원시속도:0.000
16:29:51  GPS원시방향유효:1
16:29:51  GPS원시방향:191.4
16:29:51  가속도:-0.14,0.45,9.71
16:29:51  자이로:-1.4,-1.2,-0.2
16:29:51  자력계:52.500,-80.850,10.650
16:29:51  충격값:0.06
16:29:51  충격피크:0.20
16:29:51  마지막충격발생값:97.08
16:29:51  마지막충격발생ms:388467
16:29:51  송신:8529
16:29:51  지팡이수신:8233
16:29:51  GPS위성:6
16:29:51  GPS_HDOP:2.20
16:29:51  원시위도:37.496475
16:29:51  원시경도:126.954535
16:29:51  GPS채택:569
16:29:51  GPS이상치거부:70
16:29:51  GPS품질거부:137
16:29:51  GPS재기준:0
16:29:51  계산거리:0.96
16:29:51  접근속도:0.00
16:29:51  TTC:999.00
16:29:51  방향오차:-123.3
16:29:51  전방여부:0
16:29:51  위험음성횟수:0
16:29:51  충격음성횟수:3
16:29:51  마지막위험음성:0
16:29:51  RSSI원시:-51
16:29:51  RSSI평활:-51.3
16:29:51  RSSI샘플:8233
16:29:51  RSSI경과ms:82
16:29:51  RSSI구간:4
16:29:51  RSSI거리:0.96
16:29:51  상대보정:1
16:29:51  상대보정중:0
16:29:51  보정동쪽:-8.82
16:29:51  보정북쪽:-18.73
16:29:51  위험송신:8233
16:29:51  시각ms:892449
16:29:51  IMU시각ms:892426
16:29:51  위험:0
16:29:51  원시위험:0
16:29:51  GPS유효:1
16:29:51  위도:37.496475
16:29:51  경도:126.954535
16:29:51  속도:0.00
16:29:51  방향:196.1
16:29:51  이동방향유효:0
16:29:51  GPS이동방향:191.4
16:29:51  차체방향유효:0
16:29:51  차체방향:183.3
16:29:51  후진판정:0
16:29:51  IMU요회전속도:0.00
16:29:51  방향가속도크기:9.77
16:29:51  방향자이로크기:0.86
16:29:51  방향자세cos:0.9996
16:29:51  자기모델잔차:7.26
16:29:51  자기모델반경:2.343
16:29:51  방향채택:37579
16:29:51  방향거부:71549
16:29:51  GPS원시속도:0.000
16:29:51  GPS원시방향유효:1
16:29:51  GPS원시방향:191.4
16:29:51  가속도:-0.16,0.48,9.76
16:29:51  자이로:0.5,-0.5,0.5
16:29:51  자력계:52.050,-82.350,10.950
16:29:51  충격값:0.07
16:29:51  충격피크:0.18
16:29:51  마지막충격발생값:97.08
16:29:51  마지막충격발생ms:388467
16:29:51  송신:8530
16:29:51  지팡이수신:8234
16:29:51  GPS위성:6
16:29:51  GPS_HDOP:2.20
16:29:51  원시위도:37.496475
16:29:51  원시경도:126.954535
16:29:51  GPS채택:569
16:29:51  GPS이상치거부:70
16:29:51  GPS품질거부:137
16:29:51  GPS재기준:0
16:29:51  계산거리:0.96
16:29:51  접근속도:0.00
16:29:51  TTC:999.00
16:29:51  방향오차:-123.3
16:29:51  전방여부:0
16:29:51  위험음성횟수:0
16:29:51  충격음성횟수:3
16:29:51  마지막위험음성:0
16:29:51  RSSI원시:-51
16:29:51  RSSI평활:-51.2
16:29:51  RSSI샘플:8234
16:29:51  RSSI경과ms:92
16:29:51  RSSI구간:4
16:29:51  RSSI거리:0.96
16:29:51  상대보정:1
16:29:51  상대보정중:0
16:29:51  보정동쪽:-8.82
16:29:51  보정북쪽:-18.73
16:29:51  위험송신:8234
16:29:51  시각ms:892541
16:29:51  IMU시각ms:892540
16:29:51  위험:0
16:29:51  원시위험:0
16:29:51  GPS유효:1
16:29:51  위도:37.496475
16:29:51  경도:126.954535
16:29:51  속도:0.00
16:29:51  방향:196.1
16:29:51  이동방향유효:0
16:29:51  GPS이동방향:191.4
16:29:51  차체방향유효:0
16:29:51  차체방향:183.3
16:29:51  후진판정:0
16:29:51  IMU요회전속도:0.00
16:29:51  방향가속도크기:9.65
16:29:51  방향자이로크기:2.99
16:29:51  방향자세cos:0.9998
16:29:51  자기모델잔차:6.52
16:29:51  자기모델반경:2.304
16:29:51  방향채택:37579
16:29:51  방향거부:71560
16:29:51  GPS원시속도:0.000
16:29:51  GPS원시방향유효:1
16:29:51  GPS원시방향:191.4
16:29:51  가속도:-0.23,0.44,9.64
16:29:51  자이로:2.2,0.0,2.0
16:29:51  자력계:51.900,-81.000,10.050
16:29:51  충격값:0.10
16:29:51  충격피크:0.15
16:29:51  마지막충격발생값:97.08
16:29:51  마지막충격발생ms:388467
16:29:51  송신:8531
16:29:51  지팡이수신:8235
16:29:51  GPS위성:6
16:29:51  GPS_HDOP:2.20
16:29:51  원시위도:37.496475
16:29:51  원시경도:126.954535
16:29:51  GPS채택:569
16:29:51  GPS이상치거부:70
16:29:51  GPS품질거부:137
16:29:51  GPS재기준:0
16:29:51  계산거리:0.95
16:29:51  접근속도:0.00
16:29:51  TTC:999.00
16:29:51  방향오차:-123.3
16:29:51  전방여부:0
16:29:51  위험음성횟수:0
16:29:51  충격음성횟수:3
16:29:51  마지막위험음성:0
16:29:51  RSSI원시:-51
16:29:51  RSSI평활:-51.2
16:29:51  RSSI샘플:8235
16:29:51  RSSI경과ms:79
16:29:51  RSSI구간:4
16:29:51  RSSI거리:0.95
16:29:51  상대보정:1
16:29:51  상대보정중:0
16:29:51  보정동쪽:-8.82
16:29:51  보정북쪽:-18.73
16:29:51  위험송신:8235
16:29:51  시각ms:892645
16:29:51  IMU시각ms:892645
16:29:51  위험:0
16:29:51  원시위험:0
16:29:51  GPS유효:1
16:29:51  위도:37.496475
16:29:51  경도:126.954535
16:29:51  속도:0.00
16:29:51  방향:196.1
16:29:51  이동방향유효:0
16:29:51  GPS이동방향:191.4
16:29:51  차체방향유효:0
16:29:51  차체방향:183.3
16:29:51  후진판정:0
16:29:51  IMU요회전속도:0.00
16:29:51  방향가속도크기:9.67
16:29:51  방향자이로크기:3.00
16:29:51  방향자세cos:0.9998
16:29:51  자기모델잔차:6.39
16:29:51  자기모델반경:2.350
16:29:51  방향채택:37579
16:29:51  방향거부:71573
16:29:51  GPS원시속도:0.000
16:29:51  GPS원시방향유효:1
16:29:51  GPS원시방향:191.4
16:29:51  가속도:-0.27,0.57,9.65
16:29:51  자이로:2.6,-1.3,-0.7
16:29:51  자력계:52.650,-82.200,10.050
16:29:51  충격값:0.11
16:29:51  충격피크:0.18
16:29:51  마지막충격발생값:97.08
16:29:51  마지막충격발생ms:388467
16:29:51  송신:8532
16:29:51  지팡이수신:8236
16:29:51  GPS위성:6
16:29:51  GPS_HDOP:2.20
16:29:51  원시위도:37.496475
16:29:51  원시경도:126.954535
16:29:51  GPS채택:569
16:29:51  GPS이상치거부:70
16:29:51  GPS품질거부:137
16:29:51  GPS재기준:0
16:29:51  계산거리:0.95
16:29:51  접근속도:0.00
16:29:51  TTC:999.00
16:29:51  방향오차:-123.3
16:29:51  전방여부:0
16:29:51  위험음성횟수:0
16:29:51  충격음성횟수:3
16:29:51  마지막위험음성:0
16:29:51  RSSI원시:-51
16:29:51  RSSI평활:-51.1
16:29:51  RSSI샘플:8236
16:29:51  RSSI경과ms:86
16:29:51  RSSI구간:4
16:29:51  RSSI거리:0.95
16:29:51  상대보정:1
16:29:51  상대보정중:0
16:29:51  보정동쪽:-8.82
16:29:51  보정북쪽:-18.73
16:29:51  위험송신:8236
16:29:51  시각ms:892751
16:29:51  IMU시각ms:892750
16:29:51  위험:0
16:29:51  원시위험:0
16:29:51  GPS유효:1
16:29:51  위도:37.496475
16:29:51  경도:126.954535
16:29:51  속도:0.00
16:29:51  방향:196.1
16:29:51  이동방향유효:0
16:29:51  GPS이동방향:191.4
16:29:51  차체방향유효:0
16:29:51  차체방향:183.3
16:29:51  후진판정:0
16:29:51  IMU요회전속도:0.00
16:29:51  방향가속도크기:9.69
16:29:51  방향자이로크기:2.63
16:29:51  방향자세cos:0.9992
16:29:51  자기모델잔차:4.77
16:29:51  자기모델반경:2.339
16:29:51  방향채택:37579
16:29:51  방향거부:71586
16:29:51  GPS원시속도:0.000
16:29:51  GPS원시방향유효:1
16:29:51  GPS원시방향:191.4
16:29:51  가속도:-0.07,0.42,9.68
16:29:51  자이로:-1.3,-2.2,-0.5
16:29:51  자력계:52.500,-82.050,8.400
16:29:51  충격값:0.15
16:29:51  충격피크:0.24
16:29:51  마지막충격발생값:97.08
16:29:51  마지막충격발생ms:388467
16:29:51  송신:8533
16:29:51  지팡이수신:8237
16:29:51  GPS위성:6
16:29:51  GPS_HDOP:2.20
16:29:51  원시위도:37.496475
16:29:51  원시경도:126.954535
16:29:51  GPS채택:569
16:29:51  GPS이상치거부:70
16:29:51  GPS품질거부:137
16:29:51  GPS재기준:0
16:29:51  계산거리:0.96
16:29:51  접근속도:0.00
16:29:51  TTC:999.00
16:29:51  방향오차:-123.3
16:29:51  전방여부:0
16:29:51  위험음성횟수:0
16:29:51  충격음성횟수:3
16:29:51  마지막위험음성:0
16:29:51  RSSI원시:-52
16:29:51  RSSI평활:-51.3
16:29:51  RSSI샘플:8237
16:29:51  RSSI경과ms:87
16:29:51  RSSI구간:4
16:29:51  RSSI거리:0.96
16:29:51  상대보정:1
16:29:51  상대보정중:0
16:29:51  보정동쪽:-8.82
16:29:51  보정북쪽:-18.73
16:29:51  위험송신:8237
16:29:51  시각ms:892851
16:29:51  IMU시각ms:892850
16:29:51  위험:0
16:29:51  원시위험:0
16:29:51  GPS유효:1
16:29:51  위도:37.496475
16:29:51  경도:126.954535
16:29:51  속도:0.00
16:29:51  방향:196.1
16:29:51  이동방향유효:0
16:29:51  GPS이동방향:191.4
16:29:51  차체방향유효:0
16:29:51  차체방향:183.3
16:29:51  후진판정:0
16:29:51  IMU요회전속도:0.00
16:29:51  방향가속도크기:9.73
16:29:51  방향자이로크기:2.93
16:29:51  방향자세cos:0.9998
16:29:51  자기모델잔차:5.38
16:29:51  자기모델반경:2.371
16:29:51  방향채택:37579
16:29:51  방향거부:71598
16:29:51  GPS원시속도:0.000
16:29:51  GPS원시방향유효:1
16:29:51  GPS원시방향:191.4
16:29:51  가속도:-0.24,0.50,9.72
16:29:51  자이로:2.0,-2.0,0.5
16:29:51  자력계:52.500,-83.250,9.150
16:29:51  충격값:0.05
16:29:51  충격피크:0.21
16:29:51  마지막충격발생값:97.08
16:29:51  마지막충격발생ms:388467
16:29:51  송신:8534
16:29:51  지팡이수신:8238
16:29:51  GPS위성:6
16:29:51  GPS_HDOP:2.20
16:29:51  원시위도:37.496475
16:29:51  원시경도:126.954535
16:29:51  GPS채택:569
16:29:51  GPS이상치거부:70
16:29:51  GPS품질거부:137
16:29:51  GPS재기준:0
16:29:51  계산거리:0.98
16:29:51  접근속도:0.00
16:29:51  TTC:999.00
16:29:51  방향오차:-123.9
16:29:51  전방여부:0
16:29:51  위험음성횟수:0
16:29:51  충격음성횟수:3
16:29:51  마지막위험음성:0
16:29:51  RSSI원시:-52
16:29:51  RSSI평활:-51.5
16:29:51  RSSI샘플:8238
16:29:51  RSSI경과ms:87
16:29:51  RSSI구간:4
16:29:51  RSSI거리:0.98
16:29:51  상대보정:1
16:29:51  상대보정중:0
16:29:51  보정동쪽:-8.82
16:29:51  보정북쪽:-18.73
16:29:51  위험송신:8238
16:29:52  시각ms:892957
16:29:52  IMU시각ms:892956
16:29:52  위험:0
16:29:52  원시위험:0
16:29:52  GPS유효:1
16:29:52  위도:37.496475
16:29:52  경도:126.954535
16:29:52  속도:0.00
16:29:52  방향:196.1
16:29:52  이동방향유효:0
16:29:52  GPS이동방향:191.4
16:29:52  차체방향유효:0
16:29:52  차체방향:183.3
16:29:52  후진판정:0
16:29:52  IMU요회전속도:0.00
16:29:52  방향가속도크기:9.75
16:29:52  방향자이로크기:2.13
16:29:52  방향자세cos:0.9998
16:29:52  자기모델잔차:5.20
16:29:52  자기모델반경:2.352
16:29:52  방향채택:37579
16:29:52  방향거부:71611
16:29:52  GPS원시속도:0.000
16:29:52  GPS원시방향유효:1
16:29:52  GPS원시방향:191.4
16:29:52  가속도:-0.23,0.52,9.73
16:29:52  자이로:-1.3,0.9,1.4
16:29:52  자력계:51.450,-83.400,9.000
16:29:52  충격값:0.05
16:29:52  충격피크:0.19
16:29:52  마지막충격발생값:97.08
16:29:52  마지막충격발생ms:388467
16:29:52  송신:8535
16:29:52  지팡이수신:8239
16:29:52  GPS위성:6
16:29:52  GPS_HDOP:2.20
16:29:52  원시위도:37.496475
16:29:52  원시경도:126.954535
16:29:52  GPS채택:570
16:29:52  GPS이상치거부:70
16:29:52  GPS품질거부:137
16:29:52  GPS재기준:0
16:29:52  계산거리:0.97
16:29:52  접근속도:0.00
16:29:52  TTC:999.00
16:29:52  방향오차:-123.9
16:29:52  전방여부:0
16:29:52  위험음성횟수:0
16:29:52  충격음성횟수:3
16:29:52  마지막위험음성:0
16:29:52  RSSI원시:-51
16:29:52  RSSI평활:-51.4
16:29:52  RSSI샘플:8239
16:29:52  RSSI경과ms:90
16:29:52  RSSI구간:4
16:29:52  RSSI거리:0.97
16:29:52  상대보정:1
16:29:52  상대보정중:0
16:29:52  보정동쪽:-8.82
16:29:52  보정북쪽:-18.73
16:29:52  위험송신:8239
16:29:52  시각ms:893166
16:29:52  IMU시각ms:893166
16:29:52  위험:0
16:29:52  원시위험:0
16:29:52  GPS유효:1
16:29:52  위도:37.496475
16:29:52  경도:126.954535
16:29:52  속도:0.00
16:29:52  방향:196.1
16:29:52  이동방향유효:0
16:29:52  GPS이동방향:191.4
16:29:52  차체방향유효:0
16:29:52  차체방향:183.3
16:29:52  후진판정:0
16:29:52  IMU요회전속도:0.00
16:29:52  방향가속도크기:9.76
16:29:52  방향자이로크기:3.57
16:29:52  방향자세cos:0.9994
16:29:52  자기모델잔차:6.24
16:29:52  자기모델반경:2.348
16:29:52  방향채택:37579
16:29:52  방향거부:71637
16:29:52  GPS원시속도:0.000
16:29:52  GPS원시방향유효:1
16:29:52  GPS원시방향:191.4
16:29:52  가속도:-0.11,0.58,9.74
16:29:52  자이로:-1.2,3.1,-1.3
16:29:52  자력계:51.150,-83.400,10.050
16:29:52  충격값:0.13
16:29:52  충격피크:0.18
16:29:52  마지막충격발생값:97.08
16:29:52  마지막충격발생ms:388467
16:29:52  송신:8537
16:29:52  지팡이수신:8241
16:29:52  GPS위성:6
16:29:52  GPS_HDOP:2.20
16:29:52  원시위도:37.496475
16:29:52  원시경도:126.954535
16:29:52  GPS채택:570
16:29:52  GPS이상치거부:70
16:29:52  GPS품질거부:137
16:29:52  GPS재기준:0
16:29:52  계산거리:0.96
16:29:52  접근속도:0.00
16:29:52  TTC:999.00
16:29:52  방향오차:-123.9
16:29:52  전방여부:0
16:29:52  위험음성횟수:0
16:29:52  충격음성횟수:3
16:29:52  마지막위험음성:0
16:29:52  RSSI원시:-51
16:29:52  RSSI평활:-51.2
16:29:52  RSSI샘플:8241
16:29:52  RSSI경과ms:93
16:29:52  RSSI구간:4
16:29:52  RSSI거리:0.96
16:29:52  상대보정:1
16:29:52  상대보정중:0
16:29:52  보정동쪽:-8.82
16:29:52  보정북쪽:-18.73
16:29:52  위험송신:8241
16:29:52  시각ms:893272
16:29:52  IMU시각ms:893271
16:29:52  위험:0
16:29:52  원시위험:0
16:29:52  GPS유효:1
16:29:52  위도:37.496475
16:29:52  경도:126.954535
16:29:52  속도:0.00
16:29:52  방향:196.1
16:29:52  이동방향유효:0
16:29:52  GPS이동방향:191.4
16:29:52  차체방향유효:0
16:29:52  차체방향:183.3
16:29:52  후진판정:0
16:29:52  IMU요회전속도:0.00
16:29:52  방향가속도크기:9.71
16:29:52  방향자이로크기:1.05
16:29:52  방향자세cos:0.9997
16:29:52  자기모델잔차:6.96
16:29:52  자기모델반경:2.273
16:29:52  방향채택:37579
16:29:52  방향거부:71650
16:29:52  GPS원시속도:0.000
16:29:52  GPS원시방향유효:1
16:29:52  GPS원시방향:191.4
16:29:52  가속도:-0.20,0.50,9.70
16:29:52  자이로:-0.5,-0.9,0.1
16:29:52  자력계:50.400,-81.000,10.500
16:29:52  충격값:0.03
16:29:52  충격피크:0.18
16:29:52  마지막충격발생값:97.08
16:29:52  마지막충격발생ms:388467
16:29:52  송신:8538
16:29:52  지팡이수신:8242
16:29:52  GPS위성:6
16:29:52  GPS_HDOP:2.20
16:29:52  원시위도:37.496475
16:29:52  원시경도:126.954535
16:29:52  GPS채택:570
16:29:52  GPS이상치거부:70
16:29:52  GPS품질거부:137
16:29:52  GPS재기준:0
16:29:52  계산거리:0.95
16:29:52  접근속도:0.00
16:29:52  TTC:999.00
16:29:52  방향오차:-123.9
16:29:52  전방여부:0
16:29:52  위험음성횟수:0
16:29:52  충격음성횟수:3
16:29:52  마지막위험음성:0
16:29:52  RSSI원시:-51
16:29:52  RSSI평활:-51.2
16:29:52  RSSI샘플:8242
16:29:52  RSSI경과ms:96
16:29:52  RSSI구간:4
16:29:52  RSSI거리:0.95
16:29:52  상대보정:1
16:29:52  상대보정중:0
16:29:52  보정동쪽:-8.82
16:29:52  보정북쪽:-18.73
16:29:52  위험송신:8242
16:29:52  시각ms:893376
16:29:52  IMU시각ms:893376
16:29:52  위험:0
16:29:52  원시위험:0
16:29:52  GPS유효:1
16:29:52  위도:37.496475
16:29:52  경도:126.954535
16:29:52  속도:0.00
16:29:52  방향:196.1
16:29:52  이동방향유효:0
16:29:52  GPS이동방향:191.4
16:29:52  차체방향유효:0
16:29:52  차체방향:183.3
16:29:52  후진판정:0
16:29:52  IMU요회전속도:0.00
16:29:52  방향가속도크기:9.71
16:29:52  방향자이로크기:3.16
16:29:52  방향자세cos:0.9992
16:29:52  자기모델잔차:5.64
16:29:52  자기모델반경:2.322
16:29:52  방향채택:37579
16:29:52  방향거부:71663
16:29:52  GPS원시속도:0.000
16:29:52  GPS원시방향유효:1
16:29:52  GPS원시방향:191.4
16:29:52  가속도:-0.06,0.49,9.70
16:29:52  자이로:0.6,-3.1,0.2
16:29:52  자력계:51.450,-82.200,9.300
16:29:52  충격값:0.13
16:29:52  충격피크:0.16
16:29:52  마지막충격발생값:97.08
16:29:52  마지막충격발생ms:388467
16:29:52  송신:8539
16:29:52  지팡이수신:8243
16:29:52  GPS위성:6
16:29:52  GPS_HDOP:2.20
16:29:52  원시위도:37.496475
16:29:52  원시경도:126.954535
16:29:52  GPS채택:570
16:29:52  GPS이상치거부:70
16:29:52  GPS품질거부:137
16:29:52  GPS재기준:0
16:29:52  계산거리:0.95
16:29:52  접근속도:0.00
16:29:52  TTC:999.00
16:29:52  방향오차:-123.9
16:29:52  전방여부:0
16:29:52  위험음성횟수:0
16:29:52  충격음성횟수:3
16:29:52  마지막위험음성:0
16:29:52  RSSI원시:-51
16:29:52  RSSI평활:-51.1
16:29:52  RSSI샘플:8243
16:29:52  RSSI경과ms:98
16:29:52  RSSI구간:4
16:29:52  RSSI거리:0.95
16:29:52  상대보정:1
16:29:52  상대보정중:0
16:29:52  보정동쪽:-8.82
16:29:52  보정북쪽:-18.73
16:29:52  위험송신:8243
16:29:52  시각ms:893583
16:29:52  IMU시각ms:893583
16:29:52  위험:0
16:29:52  원시위험:0
16:29:52  GPS유효:1
16:29:52  위도:37.496475
16:29:52  경도:126.954535
16:29:52  속도:0.00
16:29:52  방향:196.1
16:29:52  이동방향유효:0
16:29:52  GPS이동방향:191.4
16:29:52  차체방향유효:0
16:29:52  차체방향:183.3
16:29:52  후진판정:0
16:29:52  IMU요회전속도:0.00
16:29:52  방향가속도크기:9.65
16:29:52  방향자이로크기:4.26
16:29:52  방향자세cos:0.9996
16:29:52  자기모델잔차:5.43
16:29:52  자기모델반경:2.366
16:29:52  방향채택:37579
16:29:52  방향거부:71687
16:29:52  GPS원시속도:0.000
16:29:52  GPS원시방향유효:1
16:29:52  GPS원시방향:191.4
16:29:52  가속도:-0.16,0.49,9.64
16:29:52  자이로:0.1,-2.7,-3.3
16:29:52  자력계:52.800,-82.800,9.150
16:29:52  충격값:0.08
16:29:52  충격피크:0.18
16:29:52  마지막충격발생값:97.08
16:29:52  마지막충격발생ms:388467
16:29:52  송신:8541
16:29:52  지팡이수신:8245
16:29:52  GPS위성:6
16:29:52  GPS_HDOP:2.20
16:29:52  원시위도:37.496475
16:29:52  원시경도:126.954535
16:29:52  GPS채택:570
16:29:52  GPS이상치거부:70
16:29:52  GPS품질거부:137
16:29:52  GPS재기준:0
16:29:52  계산거리:0.96
16:29:52  접근속도:0.00
16:29:52  TTC:999.00
16:29:52  방향오차:-123.9
16:29:52  전방여부:0
16:29:52  위험음성횟수:0
16:29:52  충격음성횟수:3
16:29:52  마지막위험음성:0
16:29:52  RSSI원시:-51
16:29:52  RSSI평활:-51.3
16:29:52  RSSI샘플:8245
16:29:52  RSSI경과ms:100
16:29:52  RSSI구간:4
16:29:52  RSSI거리:0.96
16:29:52  상대보정:1
16:29:52  상대보정중:0
16:29:52  보정동쪽:-8.82
16:29:52  보정북쪽:-18.73
16:29:52  위험송신:8245
16:29:52  시각ms:893712
16:29:52  IMU시각ms:893688
16:29:52  위험:0
16:29:52  원시위험:0
16:29:52  GPS유효:1
16:29:52  위도:37.496475
16:29:52  경도:126.954535
16:29:52  속도:0.00
16:29:52  방향:196.1
16:29:52  이동방향유효:0
16:29:52  GPS이동방향:191.4
16:29:52  차체방향유효:0
16:29:52  차체방향:183.3
16:29:52  후진판정:0
16:29:52  IMU요회전속도:0.00
16:29:52  방향가속도크기:9.94
16:29:52  방향자이로크기:3.67
16:29:52  방향자세cos:0.9999
16:29:52  자기모델잔차:4.22
16:29:52  자기모델반경:2.314
16:29:52  방향채택:37579
16:29:52  방향거부:71700
16:29:52  GPS원시속도:0.000
16:29:52  GPS원시방향유효:1
16:29:52  GPS원시방향:191.4
16:29:52  가속도:-0.31,0.44,9.93
16:29:52  자이로:0.5,-0.5,-3.6
16:29:52  자력계:50.550,-82.800,7.950
16:29:52  충격값:0.24
16:29:52  충격피크:0.24
16:29:52  마지막충격발생값:97.08
16:29:52  마지막충격발생ms:388467
16:29:52  송신:8542
16:29:52  지팡이수신:8247
16:29:52  GPS위성:6
16:29:52  GPS_HDOP:2.20
16:29:52  원시위도:37.496475
16:29:52  원시경도:126.954535
16:29:52  GPS채택:570
16:29:52  GPS이상치거부:70
16:29:52  GPS품질거부:137
16:29:52  GPS재기준:0
16:29:52  계산거리:0.95
16:29:52  접근속도:0.00
16:29:52  TTC:999.00
16:29:52  방향오차:-123.9
16:29:52  전방여부:0
16:29:52  위험음성횟수:0
16:29:52  충격음성횟수:3
16:29:52  마지막위험음성:0
16:29:52  RSSI원시:-51
16:29:52  RSSI평활:-51.2
16:29:52  RSSI샘플:8247
16:29:52  RSSI경과ms:27
16:29:52  RSSI구간:4
16:29:52  RSSI거리:0.95
16:29:52  상대보정:1
16:29:52  상대보정중:0
16:29:52  보정동쪽:-8.82
16:29:52  보정북쪽:-18.73
16:29:52  위험송신:8247
16:29:52  시각ms:893918
16:29:52  IMU시각ms:893894
16:29:52  위험:0
16:29:52  원시위험:0
16:29:52  GPS유효:1
16:29:52  위도:37.496475
16:29:52  경도:126.954535
16:29:52  속도:0.00
16:29:52  방향:196.1
16:29:52  이동방향유효:0
16:29:52  GPS이동방향:191.4
16:29:52  차체방향유효:0
16:29:52  차체방향:183.3
16:29:52  후진판정:0
16:29:52  IMU요회전속도:0.00
16:29:52  방향가속도크기:9.68
16:29:52  방향자이로크기:2.61
16:29:52  방향자세cos:0.9995
16:29:52  자기모델잔차:4.98
16:29:52  자기모델반경:2.365
16:29:52  방향채택:37579
16:29:52  방향거부:71722
16:29:52  GPS원시속도:0.000
16:29:52  GPS원시방향유효:1
16:29:52  GPS원시방향:191.4
16:29:52  가속도:-0.13,0.48,9.67
16:29:52  자이로:0.1,1.5,-2.1
16:29:52  자력계:52.800,-82.800,8.700
16:29:52  충격값:0.08
16:29:52  충격피크:0.17
16:29:52  마지막충격발생값:97.08
16:29:52  마지막충격발생ms:388467
16:29:52  송신:8544
16:29:52  지팡이수신:8249
16:29:52  GPS위성:6
16:29:52  GPS_HDOP:2.20
16:29:52  원시위도:37.496475
16:29:52  원시경도:126.954535
16:29:52  GPS채택:570
16:29:52  GPS이상치거부:70
16:29:52  GPS품질거부:137
16:29:52  GPS재기준:0
16:29:52  계산거리:0.96
16:29:52  접근속도:0.00
16:29:52  TTC:999.00
16:29:52  방향오차:-124.1
16:29:52  전방여부:0
16:29:52  위험음성횟수:0
16:29:52  충격음성횟수:3
16:29:52  마지막위험음성:0
16:29:52  RSSI원시:-51
16:29:52  RSSI평활:-51.3
16:29:52  RSSI샘플:8249
16:29:52  RSSI경과ms:28
16:29:52  RSSI구간:4
16:29:52  RSSI거리:0.96
16:29:52  상대보정:1
16:29:52  상대보정중:0
16:29:52  보정동쪽:-8.82
16:29:52  보정북쪽:-18.73
16:29:52  위험송신:8249
16:29:53  시각ms:894230
16:29:53  IMU시각ms:894206
16:29:53  위험:0
16:29:53  원시위험:0
16:29:53  GPS유효:1
16:29:53  위도:37.496475
16:29:53  경도:126.954535
16:29:53  속도:0.00
16:29:53  방향:196.1
16:29:53  이동방향유효:0
16:29:53  GPS이동방향:191.4
16:29:53  차체방향유효:0
16:29:53  차체방향:183.3
16:29:53  후진판정:0
16:29:53  IMU요회전속도:0.00
16:29:53  방향가속도크기:9.78
16:29:53  방향자이로크기:4.30
16:29:53  방향자세cos:0.9996
16:29:53  자기모델잔차:7.17
16:29:53  자기모델반경:2.335
16:29:53  방향채택:37579
16:29:53  방향거부:71755
16:29:53  GPS원시속도:0.000
16:29:53  GPS원시방향유효:1
16:29:53  GPS원시방향:191.4
16:29:53  가속도:-0.18,0.39,9.77
16:29:53  자이로:-0.2,3.7,-2.2
16:29:53  자력계:52.200,-81.900,10.800
16:29:53  충격값:0.12
16:29:53  충격피크:0.18
16:29:53  마지막충격발생값:97.08
16:29:53  마지막충격발생ms:388467
16:29:53  송신:8547
16:29:53  지팡이수신:8252
16:29:53  GPS위성:6
16:29:53  GPS_HDOP:2.20
16:29:53  원시위도:37.496475
16:29:53  원시경도:126.954535
16:29:53  GPS채택:571
16:29:53  GPS이상치거부:70
16:29:53  GPS품질거부:137
16:29:53  GPS재기준:0
16:29:53  계산거리:0.98
16:29:53  접근속도:0.00
16:29:53  TTC:999.00
16:29:53  방향오차:-124.1
16:29:53  전방여부:0
16:29:53  위험음성횟수:0
16:29:53  충격음성횟수:3
16:29:53  마지막위험음성:0
16:29:53  RSSI원시:-52
16:29:53  RSSI평활:-51.5
16:29:53  RSSI샘플:8252
16:29:53  RSSI경과ms:31
16:29:53  RSSI구간:4
16:29:53  RSSI거리:0.98
16:29:53  상대보정:1
16:29:53  상대보정중:0
16:29:53  보정동쪽:-8.82
16:29:53  보정북쪽:-18.73
16:29:53  위험송신:8252
16:29:53  시각ms:894332
16:29:53  IMU시각ms:894308
16:29:53  위험:0
16:29:53  원시위험:0
16:29:53  GPS유효:1
16:29:53  위도:37.496475
16:29:53  경도:126.954535
16:29:53  속도:0.00
16:29:53  방향:196.1
16:29:53  이동방향유효:0
16:29:53  GPS이동방향:191.4
16:29:53  차체방향유효:0
16:29:53  차체방향:183.3
16:29:53  후진판정:0
16:29:53  IMU요회전속도:0.00
16:29:53  방향가속도크기:9.70
16:29:53  방향자이로크기:4.82
16:29:53  방향자세cos:0.9997
16:29:53  자기모델잔차:6.03
16:29:53  자기모델반경:2.319
16:29:53  방향채택:37579
16:29:53  방향거부:71766
16:29:53  GPS원시속도:0.000
16:29:53  GPS원시방향유효:1
16:29:53  GPS원시방향:191.4
16:29:53  가속도:-0.22,0.44,9.69
16:29:53  자이로:3.5,-0.6,-3.2
16:29:53  자력계:50.700,-82.650,9.750
16:29:53  충격값:0.06
16:29:53  충격피크:0.18
16:29:53  마지막충격발생값:97.08
16:29:53  마지막충격발생ms:388467
16:29:53  송신:8548
16:29:53  지팡이수신:8253
16:29:53  GPS위성:6
16:29:53  GPS_HDOP:2.20
16:29:53  원시위도:37.496475
16:29:53  원시경도:126.954535
16:29:53  GPS채택:571
16:29:53  GPS이상치거부:70
16:29:53  GPS품질거부:137
16:29:53  GPS재기준:0
16:29:53  계산거리:0.97
16:29:53  접근속도:0.00
16:29:53  TTC:999.00
16:29:53  방향오차:-124.1
16:29:53  전방여부:0
16:29:53  위험음성횟수:0
16:29:53  충격음성횟수:3
16:29:53  마지막위험음성:0
16:29:53  RSSI원시:-51
16:29:53  RSSI평활:-51.4
16:29:53  RSSI샘플:8253
16:29:53  RSSI경과ms:30
16:29:53  RSSI구간:4
16:29:53  RSSI거리:0.97
16:29:53  상대보정:1
16:29:53  상대보정중:0
16:29:53  보정동쪽:-8.82
16:29:53  보정북쪽:-18.73
16:29:53  위험송신:8253
16:29:53  시각ms:894434
16:29:53  IMU시각ms:894410
16:29:53  위험:0
16:29:53  원시위험:0
16:29:53  GPS유효:1
16:29:53  위도:37.496475
16:29:53  경도:126.954535
16:29:53  속도:0.00
16:29:53  방향:196.1
16:29:53  이동방향유효:0
16:29:53  GPS이동방향:191.4
16:29:53  차체방향유효:0
16:29:53  차체방향:183.3
16:29:53  후진판정:0
16:29:53  IMU요회전속도:0.00
16:29:53  방향가속도크기:9.67
16:29:53  방향자이로크기:3.32
16:29:53  방향자세cos:0.9998
16:29:53  자기모델잔차:5.37
16:29:53  자기모델반경:2.307
16:29:53  방향채택:37579
16:29:53  방향거부:71777
16:29:53  GPS원시속도:0.000
16:29:53  GPS원시방향유효:1
16:29:53  GPS원시방향:191.4
16:29:53  가속도:-0.27,0.45,9.66
16:29:53  자이로:0.5,3.1,-1.2
16:29:53  자력계:51.150,-81.900,9.000
16:29:53  충격값:0.10
16:29:53  충격피크:0.14
16:29:53  마지막충격발생값:97.08
16:29:53  마지막충격발생ms:388467
16:29:53  송신:8549
16:29:53  지팡이수신:8254
16:29:53  GPS위성:6
16:29:53  GPS_HDOP:2.20
16:29:53  원시위도:37.496475
16:29:53  원시경도:126.954535
16:29:53  GPS채택:571
16:29:53  GPS이상치거부:70
16:29:53  GPS품질거부:137
16:29:53  GPS재기준:0
16:29:53  계산거리:0.96
16:29:53  접근속도:0.00
16:29:53  TTC:999.00
16:29:53  방향오차:-124.1
16:29:53  전방여부:0
16:29:53  위험음성횟수:0
16:29:53  충격음성횟수:3
16:29:53  마지막위험음성:0
16:29:53  RSSI원시:-51
16:29:53  RSSI평활:-51.3
16:29:53  RSSI샘플:8254
16:29:53  RSSI경과ms:29
16:29:53  RSSI구간:4
16:29:53  RSSI거리:0.96
16:29:53  상대보정:1
16:29:53  상대보정중:0
16:29:53  보정동쪽:-8.82
16:29:53  보정북쪽:-18.73
16:29:53  위험송신:8254
16:29:53  시각ms:894534
16:29:53  IMU시각ms:894510
16:29:53  위험:0
16:29:53  원시위험:0
16:29:53  GPS유효:1
16:29:53  위도:37.496475
16:29:53  경도:126.954535
16:29:53  속도:0.00
16:29:53  방향:196.1
16:29:53  이동방향유효:0
16:29:53  GPS이동방향:191.4
16:29:53  차체방향유효:0
16:29:53  차체방향:183.3
16:29:53  후진판정:0
16:29:53  IMU요회전속도:0.00
16:29:53  방향가속도크기:9.78
16:29:53  방향자이로크기:3.12
16:29:53  방향자세cos:0.9995
16:29:53  자기모델잔차:5.43
16:29:53  자기모델반경:2.302
16:29:53  방향채택:37579
16:29:53  방향거부:71786
16:29:53  GPS원시속도:0.000
16:29:53  GPS원시방향유효:1
16:29:53  GPS원시방향:191.4
16:29:53  가속도:-0.23,0.68,9.75
16:29:53  자이로:0.9,0.0,-3.0
16:29:53  자력계:51.450,-81.450,9.000
16:29:53  충격값:0.20
16:29:53  충격피크:0.20
16:29:53  마지막충격발생값:97.08
16:29:53  마지막충격발생ms:388467
16:29:53  송신:8550
16:29:53  지팡이수신:8255
16:29:53  GPS위성:6
16:29:53  GPS_HDOP:2.20
16:29:53  원시위도:37.496475
16:29:53  원시경도:126.954535
16:29:53  GPS채택:571
16:29:53  GPS이상치거부:70
16:29:53  GPS품질거부:137
16:29:53  GPS재기준:0
16:29:53  계산거리:0.98
16:29:53  접근속도:0.00
16:29:53  TTC:999.00
16:29:53  방향오차:-124.1
16:29:53  전방여부:0
16:29:53  위험음성횟수:0
16:29:53  충격음성횟수:3
16:29:53  마지막위험음성:0
16:29:53  RSSI원시:-52
16:29:53  RSSI평활:-51.5
16:29:53  RSSI샘플:8255
16:29:53  RSSI경과ms:27
16:29:53  RSSI구간:4
16:29:53  RSSI거리:0.98
16:29:53  상대보정:1
16:29:53  상대보정중:0
16:29:53  보정동쪽:-8.82
16:29:53  보정북쪽:-18.73
16:29:53  위험송신:8255
16:29:53  시각ms:894637
16:29:53  IMU시각ms:894613
16:29:53  위험:0
16:29:53  원시위험:0
16:29:53  GPS유효:1
16:29:53  위도:37.496475
16:29:53  경도:126.954535
16:29:53  속도:0.00
16:29:53  방향:196.1
16:29:53  이동방향유효:0
16:29:53  GPS이동방향:191.4
16:29:53  차체방향유효:0
16:29:53  차체방향:183.3
16:29:53  후진판정:0
16:29:53  IMU요회전속도:0.00
16:29:53  방향가속도크기:9.70
16:29:53  방향자이로크기:2.65
16:29:53  방향자세cos:0.9998
16:29:53  자기모델잔차:5.56
16:29:53  자기모델반경:2.313
16:29:53  방향채택:37579
16:29:53  방향거부:71797
16:29:53  GPS원시속도:0.000
16:29:53  GPS원시방향유효:1
16:29:53  GPS원시방향:191.4
16:29:53  가속도:-0.23,0.46,9.68
16:29:53  자이로:-1.1,-1.1,-2.2
16:29:53  자력계:51.750,-81.600,9.150
16:29:53  충격값:0.04
16:29:53  충격피크:0.19
16:29:53  마지막충격발생값:97.08
16:29:53  마지막충격발생ms:388467
16:29:53  송신:8551
16:29:53  지팡이수신:8256
16:29:53  GPS위성:6
16:29:53  GPS_HDOP:2.20
16:29:53  원시위도:37.496475
16:29:53  원시경도:126.954535
16:29:53  GPS채택:571
16:29:53  GPS이상치거부:70
16:29:53  GPS품질거부:137
16:29:53  GPS재기준:0
16:29:53  계산거리:0.99
16:29:53  접근속도:0.00
16:29:53  TTC:999.00
16:29:53  방향오차:-124.1
16:29:53  전방여부:0
16:29:53  위험음성횟수:0
16:29:53  충격음성횟수:3
16:29:53  마지막위험음성:0
16:29:53  RSSI원시:-52
16:29:53  RSSI평활:-51.6
16:29:53  RSSI샘플:8256
16:29:53  RSSI경과ms:29
16:29:53  RSSI구간:4
16:29:53  RSSI거리:0.99
16:29:53  상대보정:1
16:29:53  상대보정중:0
16:29:53  보정동쪽:-8.82
16:29:53  보정북쪽:-18.73
16:29:53  위험송신:8256
16:29:54  시각ms:895040
16:29:54  IMU시각ms:895039
16:29:54  위험:0
16:29:54  원시위험:0
16:29:54  GPS유효:1
16:29:54  위도:37.496475
16:29:54  경도:126.954535
16:29:54  속도:0.00
16:29:54  방향:196.1
16:29:54  이동방향유효:0
16:29:54  GPS이동방향:191.4
16:29:54  차체방향유효:0
16:29:54  차체방향:183.3
16:29:54  후진판정:0
16:29:54  IMU요회전속도:0.00
16:29:54  방향가속도크기:3.36
16:29:54  방향자이로크기:43.62
16:29:54  방향자세cos:0.9668
16:29:54  자기모델잔차:5.38
16:29:54  자기모델반경:2.371
16:29:54  방향채택:37579
16:29:54  방향거부:71841
16:29:54  GPS원시속도:0.000
16:29:54  GPS원시방향유효:1
16:29:54  GPS원시방향:191.4
16:29:54  가속도:0.98,-1.40,2.89
16:29:54  자이로:13.7,-41.4,-1.7
16:29:54  자력계:54.300,-81.300,7.950
16:29:54  충격값:7.36
16:29:54  충격피크:9.72
16:29:54  마지막충격발생값:97.08
16:29:54  마지막충격발생ms:388467
16:29:54  송신:8555
16:29:54  지팡이수신:8260
16:29:54  GPS위성:6
16:29:54  GPS_HDOP:2.20
16:29:54  원시위도:37.496475
16:29:54  원시경도:126.954535
16:29:54  GPS채택:572
16:29:54  GPS이상치거부:70
16:29:54  GPS품질거부:137
16:29:54  GPS재기준:0
16:29:54  계산거리:1.02
16:29:54  접근속도:0.00
16:29:54  TTC:999.00
16:29:54  방향오차:-124.6
16:29:54  전방여부:0
16:29:54  위험음성횟수:0
16:29:54  충격음성횟수:3
16:29:54  마지막위험음성:0
16:29:54  RSSI원시:-52
16:29:54  RSSI평활:-51.9
16:29:54  RSSI샘플:8260
16:29:54  RSSI경과ms:20
16:29:54  RSSI구간:4
16:29:54  RSSI거리:1.02
16:29:54  상대보정:1
16:29:54  상대보정중:0
16:29:54  보정동쪽:-8.82
16:29:54  보정북쪽:-18.73
16:29:54  위험송신:8260
16:29:54  시각ms:895145
16:29:54  IMU시각ms:895144
16:29:54  위험:0
16:29:54  원시위험:0
16:29:54  GPS유효:1
16:29:54  위도:37.496475
16:29:54  경도:126.954535
16:29:54  속도:0.00
16:29:54  방향:196.1
16:29:54  이동방향유효:0
16:29:54  GPS이동방향:191.4
16:29:54  차체방향유효:0
16:29:54  차체방향:183.3
16:29:54  후진판정:0
16:29:54  IMU요회전속도:0.00
16:29:54  방향가속도크기:9.53
16:29:54  방향자이로크기:13.86
16:29:54  방향자세cos:0.9991
16:29:54  자기모델잔차:5.26
16:29:54  자기모델반경:2.350
16:29:54  방향채택:37579
16:29:54  방향거부:71854
16:29:54  GPS원시속도:0.000
16:29:54  GPS원시방향유효:1
16:29:54  GPS원시방향:191.4
16:29:54  가속도:-0.69,0.78,9.47
16:29:54  자이로:7.9,10.0,-5.4
16:29:54  자력계:51.900,-82.950,9.000
16:29:54  충격값:0.93
16:29:54  충격피크:7.15
16:29:54  마지막충격발생값:97.08
16:29:54  마지막충격발생ms:388467
16:29:54  송신:8556
16:29:54  지팡이수신:8261
16:29:54  GPS위성:6
16:29:54  GPS_HDOP:2.20
16:29:54  원시위도:37.496475
16:29:54  원시경도:126.954535
16:29:54  GPS채택:572
16:29:54  GPS이상치거부:70
16:29:54  GPS품질거부:137
16:29:54  GPS재기준:0
16:29:54  계산거리:1.02
16:29:54  접근속도:0.00
16:29:54  TTC:999.00
16:29:54  방향오차:-124.6
16:29:54  전방여부:0
16:29:54  위험음성횟수:0
16:29:54  충격음성횟수:3
16:29:54  마지막위험음성:0
16:29:54  RSSI원시:-52
16:29:54  RSSI평활:-52.0
16:29:54  RSSI샘플:8261
16:29:54  RSSI경과ms:22
16:29:54  RSSI구간:4
16:29:54  RSSI거리:1.02
16:29:54  상대보정:1
16:29:54  상대보정중:0
16:29:54  보정동쪽:-8.82
16:29:54  보정북쪽:-18.73
16:29:54  위험송신:8261
16:29:54  시각ms:895250
16:29:54  IMU시각ms:895249
16:29:54  위험:0
16:29:54  원시위험:0
16:29:54  GPS유효:1
16:29:54  위도:37.496475
16:29:54  경도:126.954535
16:29:54  속도:0.00
16:29:54  방향:196.1
16:29:54  이동방향유효:0
16:29:54  GPS이동방향:191.4
16:29:54  차체방향유효:0
16:29:54  차체방향:183.3
16:29:54  후진판정:0
16:29:54  IMU요회전속도:0.00
16:29:54  방향가속도크기:12.33
16:29:54  방향자이로크기:11.14
16:29:54  방향자세cos:0.9595
16:29:54  자기모델잔차:5.52
16:29:54  자기모델반경:2.347
16:29:54  방향채택:37579
16:29:54  방향거부:71867
16:29:54  GPS원시속도:0.000
16:29:54  GPS원시방향유효:1
16:29:54  GPS원시방향:191.4
16:29:54  가속도:2.76,1.68,11.89
16:29:54  자이로:-10.5,-3.6,-1.1
16:29:54  자력계:53.400,-84.150,10.500
16:29:54  충격값:3.40
16:29:54  충격피크:3.40
16:29:54  마지막충격발생값:97.08
16:29:54  마지막충격발생ms:388467
16:29:54  송신:8557
16:29:54  지팡이수신:8262
16:29:54  GPS위성:6
16:29:54  GPS_HDOP:2.20
16:29:54  원시위도:37.496475
16:29:54  원시경도:126.954535
16:29:54  GPS채택:572
16:29:54  GPS이상치거부:70
16:29:54  GPS품질거부:137
16:29:54  GPS재기준:0
16:29:54  계산거리:1.05
16:29:54  접근속도:0.00
16:29:54  TTC:999.00
16:29:54  방향오차:-124.6
16:29:54  전방여부:0
16:29:54  위험음성횟수:0
16:29:54  충격음성횟수:3
16:29:54  마지막위험음성:0
16:29:54  RSSI원시:-53
16:29:54  RSSI평활:-52.2
16:29:54  RSSI샘플:8262
16:29:54  RSSI경과ms:24
16:29:54  RSSI구간:4
16:29:54  RSSI거리:1.05
16:29:54  상대보정:1
16:29:54  상대보정중:0
16:29:54  보정동쪽:-8.82
16:29:54  보정북쪽:-18.73
16:29:54  위험송신:8262
16:29:54  시각ms:895360
16:29:54  IMU시각ms:895336
16:29:54  위험:0
16:29:54  원시위험:0
16:29:54  GPS유효:1
16:29:54  위도:37.496475
16:29:54  경도:126.954535
16:29:54  속도:0.00
16:29:54  방향:196.1
16:29:54  이동방향유효:0
16:29:54  GPS이동방향:191.4
16:29:54  차체방향유효:0
16:29:54  차체방향:183.3
16:29:54  후진판정:0
16:29:54  IMU요회전속도:0.00
16:29:54  방향가속도크기:18.90
16:29:54  방향자이로크기:37.17
16:29:54  방향자세cos:0.2903
16:29:54  자기모델잔차:5.52
16:29:54  자기모델반경:2.347
16:29:54  방향채택:37579
16:29:54  방향거부:71879
16:29:54  GPS원시속도:0.000
16:29:54  GPS원시방향유효:1
16:29:54  GPS원시방향:191.4
16:29:54  가속도:0.38,5.05,18.21
16:29:54  자이로:6.1,29.1,-22.3
16:29:54  자력계:54.300,-84.000,8.400
16:29:54  충격값:9.14
16:29:54  충격피크:13.06
16:29:54  마지막충격발생값:97.08
16:29:54  마지막충격발생ms:388467
16:29:54  송신:8558
16:29:54  지팡이수신:8263
16:29:54  GPS위성:6
16:29:54  GPS_HDOP:2.20
16:29:54  원시위도:37.496475
16:29:54  원시경도:126.954535
16:29:54  GPS채택:572
16:29:54  GPS이상치거부:70
16:29:54  GPS품질거부:137
16:29:54  GPS재기준:0
16:29:54  계산거리:1.06
16:29:54  접근속도:0.00
16:29:54  TTC:999.00
16:29:54  방향오차:-124.6
16:29:54  전방여부:0
16:29:54  위험음성횟수:0
16:29:54  충격음성횟수:3
16:29:54  마지막위험음성:0
16:29:54  RSSI원시:-53
16:29:54  RSSI평활:-52.3
16:29:54  RSSI샘플:8263
16:29:54  RSSI경과ms:31
16:29:54  RSSI구간:4
16:29:54  RSSI거리:1.06
16:29:54  상대보정:1
16:29:54  상대보정중:0
16:29:54  보정동쪽:-8.82
16:29:54  보정북쪽:-18.73
16:29:54  위험송신:8263
16:29:55  시각ms:896402
16:29:55  IMU시각ms:896402
16:29:55  위험:0
16:29:55  원시위험:0
16:29:55  GPS유효:1
16:29:55  위도:37.496475
16:29:55  경도:126.954535
16:29:55  속도:0.10
16:29:55  방향:196.1
16:29:55  이동방향유효:0
16:29:55  GPS이동방향:191.4
16:29:55  차체방향유효:0
16:29:55  차체방향:183.3
16:29:55  후진판정:0
16:29:55  IMU요회전속도:0.00
16:29:55  방향가속도크기:13.06
16:29:55  방향자이로크기:44.79
16:29:55  방향자세cos:0.9944
16:29:55  자기모델잔차:4.97
16:29:55  자기모델반경:2.444
16:29:55  방향채택:37579
16:29:55  방향거부:72004
16:29:55  GPS원시속도:0.201
16:29:55  GPS원시방향유효:1
16:29:55  GPS원시방향:191.4
16:29:55  가속도:5.28,5.67,10.51
16:29:55  자이로:-36.8,25.4,3.0
16:29:55  자력계:56.700,-81.600,9.900
16:29:55  충격값:6.59
16:29:55  충격피크:17.24
16:29:55  마지막충격발생값:97.08
16:29:55  마지막충격발생ms:388467
16:29:55  송신:8568
16:29:55  지팡이수신:8273
16:29:55  GPS위성:6
16:29:55  GPS_HDOP:2.20
16:29:55  원시위도:37.496478
16:29:55  원시경도:126.954535
16:29:55  GPS채택:573
16:29:55  GPS이상치거부:70
16:29:55  GPS품질거부:137
16:29:55  GPS재기준:0
16:29:55  계산거리:0.88
16:29:55  접근속도:0.00
16:29:55  TTC:999.00
16:29:55  방향오차:-124.9
16:29:55  전방여부:0
16:29:55  위험음성횟수:0
16:29:55  충격음성횟수:3
16:29:55  마지막위험음성:0
16:29:55  RSSI원시:-50
16:29:55  RSSI평활:-50.3
16:29:55  RSSI샘플:8273
16:29:55  RSSI경과ms:43
16:29:55  RSSI구간:4
16:29:55  RSSI거리:0.88
16:29:55  상대보정:1
16:29:55  상대보정중:0
16:29:55  보정동쪽:-8.82
16:29:55  보정북쪽:-18.73
16:29:55  위험송신:8273
16:29:55  시각ms:896505
16:29:55  IMU시각ms:896505
16:29:55  위험:0
16:29:55  원시위험:0
16:29:55  GPS유효:1
16:29:55  위도:37.496475
16:29:55  경도:126.954535
16:29:55  속도:0.10
16:29:55  방향:196.1
16:29:55  이동방향유효:0
16:29:55  GPS이동방향:191.4
16:29:55  차체방향유효:0
16:29:55  차체방향:183.3
16:29:55  후진판정:0
16:29:55  IMU요회전속도:0.00
16:29:55  방향가속도크기:13.98
16:29:55  방향자이로크기:50.94
16:29:55  방향자세cos:0.7975
16:29:55  자기모델잔차:4.97
16:29:55  자기모델반경:2.444
16:29:55  방향채택:37579
16:29:55  방향거부:72015
16:29:55  GPS원시속도:0.201
16:29:55  GPS원시방향유효:1
16:29:55  GPS원시방향:191.4
16:29:55  가속도:2.15,0.74,13.80
16:29:55  자이로:-13.5,48.9,-4.5
16:29:55  자력계:56.100,-81.900,8.550
16:29:55  충격값:4.44
16:29:55  충격피크:14.80
16:29:55  마지막충격발생값:97.08
16:29:55  마지막충격발생ms:388467
16:29:55  송신:8569
16:29:55  지팡이수신:8274
16:29:55  GPS위성:6
16:29:55  GPS_HDOP:2.20
16:29:55  원시위도:37.496478
16:29:55  원시경도:126.954535
16:29:55  GPS채택:573
16:29:55  GPS이상치거부:70
16:29:55  GPS품질거부:137
16:29:55  GPS재기준:0
16:29:55  계산거리:0.82
16:29:55  접근속도:0.00
16:29:55  TTC:999.00
16:29:55  방향오차:-124.9
16:29:55  전방여부:0
16:29:55  위험음성횟수:0
16:29:55  충격음성횟수:3
16:29:55  마지막위험음성:0
16:29:55  RSSI원시:-47
16:29:55  RSSI평활:-49.6
16:29:55  RSSI샘플:8274
16:29:55  RSSI경과ms:46
16:29:55  RSSI구간:4
16:29:55  RSSI거리:0.82
16:29:55  상대보정:1
16:29:55  상대보정중:0
16:29:55  보정동쪽:-8.82
16:29:55  보정북쪽:-18.73
16:29:55  위험송신:8274
16:29:55  시각ms:896717
16:29:55  IMU시각ms:896716
16:29:55  위험:0
16:29:55  원시위험:0
16:29:55  GPS유효:1
16:29:55  위도:37.496475
16:29:55  경도:126.954535
16:29:55  속도:0.10
16:29:55  방향:196.1
16:29:55  이동방향유효:0
16:29:55  GPS이동방향:191.4
16:29:55  차체방향유효:0
16:29:55  차체방향:183.3
16:29:55  후진판정:0
16:29:55  IMU요회전속도:0.00
16:29:55  방향가속도크기:1.69
16:29:55  방향자이로크기:51.37
16:29:55  방향자세cos:0.8965
16:29:55  자기모델잔차:5.69
16:29:55  자기모델반경:2.438
16:29:55  방향채택:37579
16:29:55  방향거부:72041
16:29:55  GPS원시속도:0.201
16:29:55  GPS원시방향유효:1
16:29:55  GPS원시방향:191.4
16:29:55  가속도:0.97,-0.91,1.03
16:29:55  자이로:21.8,-43.0,-17.6
16:29:55  자력계:55.350,-82.650,8.250
16:29:55  충격값:8.54
16:29:55  충격피크:9.91
16:29:55  마지막충격발생값:97.08
16:29:55  마지막충격발생ms:388467
16:29:55  송신:8571
16:29:55  지팡이수신:8276
16:29:55  GPS위성:6
16:29:55  GPS_HDOP:2.20
16:29:55  원시위도:37.496478
16:29:55  원시경도:126.954535
16:29:55  GPS채택:573
16:29:55  GPS이상치거부:70
16:29:55  GPS품질거부:137
16:29:55  GPS재기준:0
16:29:55  계산거리:0.80
16:29:55  접근속도:0.00
16:29:55  TTC:999.00
16:29:55  방향오차:-125.2
16:29:55  전방여부:0
16:29:55  위험음성횟수:0
16:29:55  충격음성횟수:3
16:29:55  마지막위험음성:0
16:29:55  RSSI원시:-47
16:29:55  RSSI평활:-48.9
16:29:55  RSSI샘플:8276
16:29:55  RSSI경과ms:54
16:29:55  RSSI구간:4
16:29:55  RSSI거리:0.80
16:29:55  상대보정:1
16:29:55  상대보정중:0
16:29:55  보정동쪽:-8.82
16:29:55  보정북쪽:-18.73
16:29:55  위험송신:8276
16:29:56  시각ms:897034
16:29:56  IMU시각ms:897034
16:29:56  위험:0
16:29:56  원시위험:0
16:29:56  GPS유효:1
16:29:56  위도:37.496476
16:29:56  경도:126.954535
16:29:56  속도:0.24
16:29:56  방향:196.1
16:29:56  이동방향유효:0
16:29:56  GPS이동방향:191.4
16:29:56  차체방향유효:0
16:29:56  차체방향:183.3
16:29:56  후진판정:0
16:29:56  IMU요회전속도:0.00
16:29:56  방향가속도크기:8.43
16:29:56  방향자이로크기:18.53
16:29:56  방향자세cos:-0.7763
16:29:56  자기모델잔차:4.75
16:29:56  자기모델반경:2.406
16:29:56  방향채택:37579
16:29:56  방향거부:72080
16:29:56  GPS원시속도:0.386
16:29:56  GPS원시방향유효:1
16:29:56  GPS원시방향:191.4
16:29:56  가속도:1.24,-5.54,-6.23
16:29:56  자이로:16.8,4.6,-6.3
16:29:56  자력계:56.700,-84.450,7.200
16:29:56  충격값:17.79
16:29:56  충격피크:25.25
16:29:56  마지막충격발생값:97.08
16:29:56  마지막충격발생ms:388467
16:29:56  송신:8574
16:29:56  지팡이수신:8279
16:29:56  GPS위성:6
16:29:56  GPS_HDOP:2.20
16:29:56  원시위도:37.496483
16:29:56  원시경도:126.954535
16:29:56  GPS채택:574
16:29:56  GPS이상치거부:70
16:29:56  GPS품질거부:137
16:29:56  GPS재기준:0
16:29:56  계산거리:0.80
16:29:56  접근속도:0.00
16:29:56  TTC:999.00
16:29:56  방향오차:-125.7
16:29:56  전방여부:0
16:29:56  위험음성횟수:0
16:29:56  충격음성횟수:3
16:29:56  마지막위험음성:0
16:29:56  RSSI원시:-46
16:29:56  RSSI평활:-47.6
16:29:56  RSSI샘플:8279
16:29:56  RSSI경과ms:61
16:29:56  RSSI구간:4
16:29:56  RSSI거리:0.80
16:29:56  상대보정:1
16:29:56  상대보정중:0
16:29:56  보정동쪽:-8.82
16:29:56  보정북쪽:-18.73
16:29:56  위험송신:8279
16:29:56  시각ms:897244
16:29:56  IMU시각ms:897244
16:29:56  위험:0
16:29:56  원시위험:0
16:29:56  GPS유효:1
16:29:56  위도:37.496476
16:29:56  경도:126.954535
16:29:56  속도:0.24
16:29:56  방향:196.1
16:29:56  이동방향유효:0
16:29:56  GPS이동방향:191.4
16:29:56  차체방향유효:0
16:29:56  차체방향:183.3
16:29:56  후진판정:0
16:29:56  IMU요회전속도:0.00
16:29:56  방향가속도크기:19.02
16:29:56  방향자이로크기:124.59
16:29:56  방향자세cos:0.8912
16:29:56  자기모델잔차:4.75
16:29:56  자기모델반경:2.406
16:29:56  방향채택:37579
16:29:56  방향거부:72106
16:29:56  GPS원시속도:0.386
16:29:56  GPS원시방향유효:1
16:29:56  GPS원시방향:191.4
16:29:56  가속도:5.00,6.96,16.97
16:29:56  자이로:75.3,-98.3,13.7
16:29:56  자력계:57.600,-85.350,7.800
16:29:56  충격값:9.91
16:29:56  충격피크:22.50
16:29:56  마지막충격발생값:97.08
16:29:56  마지막충격발생ms:388467
16:29:56  송신:8576
16:29:56  지팡이수신:8281
16:29:56  GPS위성:6
16:29:56  GPS_HDOP:2.20
16:29:56  원시위도:37.496483
16:29:56  원시경도:126.954535
16:29:56  GPS채택:574
16:29:56  GPS이상치거부:70
16:29:56  GPS품질거부:137
16:29:56  GPS재기준:0
16:29:56  계산거리:0.80
16:29:56  접근속도:0.00
16:29:56  TTC:999.00
16:29:56  방향오차:-125.7
16:29:56  전방여부:0
16:29:56  위험음성횟수:0
16:29:56  충격음성횟수:3
16:29:56  마지막위험음성:0
16:29:56  RSSI원시:-47
16:29:56  RSSI평활:-47.4
16:29:56  RSSI샘플:8281
16:29:56  RSSI경과ms:66
16:29:56  RSSI구간:4
16:29:56  RSSI거리:0.80
16:29:56  상대보정:1
16:29:56  상대보정중:0
16:29:56  보정동쪽:-8.82
16:29:56  보정북쪽:-18.73
16:29:56  위험송신:8281
16:29:56  시각ms:897772
16:29:56  IMU시각ms:897771
16:29:56  위험:0
16:29:56  원시위험:0
16:29:56  GPS유효:1
16:29:56  위도:37.496476
16:29:56  경도:126.954535
16:29:56  속도:0.24
16:29:56  방향:196.1
16:29:56  이동방향유효:0
16:29:56  GPS이동방향:191.4
16:29:56  차체방향유효:0
16:29:56  차체방향:183.3
16:29:56  후진판정:0
16:29:56  IMU요회전속도:0.00
16:29:56  방향가속도크기:8.01
16:29:56  방향자이로크기:64.55
16:29:56  방향자세cos:0.7750
16:29:56  자기모델잔차:6.73
16:29:56  자기모델반경:2.465
16:29:56  방향채택:37579
16:29:56  방향거부:72168
16:29:56  GPS원시속도:0.386
16:29:56  GPS원시방향유효:1
16:29:56  GPS원시방향:191.4
16:29:56  가속도:-3.44,-5.24,4.98
16:29:56  자이로:-24.1,59.3,-8.5
16:29:56  자력계:55.200,-82.350,8.400
16:29:56  충격값:8.44
16:29:57  충격피크:13.48
16:29:57  마지막충격발생값:97.08
16:29:57  마지막충격발생ms:388467
16:29:57  송신:8581
16:29:57  지팡이수신:8286
16:29:57  GPS위성:6
16:29:57  GPS_HDOP:2.20
16:29:57  원시위도:37.496483
16:29:57  원시경도:126.954535
16:29:57  GPS채택:574
16:29:57  GPS이상치거부:70
16:29:57  GPS품질거부:137
16:29:57  GPS재기준:0
16:29:57  계산거리:0.80
16:29:57  접근속도:0.00
16:29:57  TTC:999.00
16:29:57  방향오차:-125.7
16:29:57  전방여부:0
16:29:57  위험음성횟수:0
16:29:57  충격음성횟수:3
16:29:57  마지막위험음성:0
16:29:57  RSSI원시:-47
16:29:57  RSSI평활:-46.3
16:29:57  RSSI샘플:8286
16:29:57  RSSI경과ms:80
16:29:57  RSSI구간:4
16:29:57  RSSI거리:0.80
16:29:57  상대보정:1
16:29:57  상대보정중:0
16:29:57  보정동쪽:-8.82
16:29:57  보정북쪽:-18.73
16:29:57  위험송신:8286
16:29:57  시각ms:897878
16:29:57  IMU시각ms:897877
16:29:57  위험:0
16:29:57  원시위험:0
16:29:57  GPS유효:1
16:29:57  위도:37.496476
16:29:57  경도:126.954535
16:29:57  속도:0.24
16:29:57  방향:196.1
16:29:57  이동방향유효:0
16:29:57  GPS이동방향:191.4
16:29:57  차체방향유효:0
16:29:57  차체방향:183.3
16:29:57  후진판정:0
16:29:57  IMU요회전속도:0.00
16:29:57  방향가속도크기:6.01
16:29:57  방향자이로크기:35.00
16:29:57  방향자세cos:0.8144
16:29:57  자기모델잔차:6.73
16:29:57  자기모델반경:2.465
16:29:57  방향채택:37579
16:29:57  방향거부:72181
16:29:57  GPS원시속도:0.386
16:29:57  GPS원시방향유효:1
16:29:57  GPS원시방향:191.4
16:29:57  가속도:1.55,-1.40,5.63
16:29:57  자이로:3.8,-34.0,-7.2
16:29:57  자력계:55.200,-84.750,8.400
16:29:57  충격값:4.79
16:29:57  충격피크:14.06
16:29:57  마지막충격발생값:97.08
16:29:57  마지막충격발생ms:388467
16:29:57  송신:8582
16:29:57  지팡이수신:8287
16:29:57  GPS위성:6
16:29:57  GPS_HDOP:2.20
16:29:57  원시위도:37.496483
16:29:57  원시경도:126.954535
16:29:57  GPS채택:574
16:29:57  GPS이상치거부:70
16:29:57  GPS품질거부:137
16:29:57  GPS재기준:0
16:29:57  계산거리:0.80
16:29:57  접근속도:0.00
16:29:57  TTC:999.00
16:29:57  방향오차:-126.0
16:29:57  전방여부:0
16:29:57  위험음성횟수:0
16:29:57  충격음성횟수:3
16:29:57  마지막위험음성:0
16:29:57  RSSI원시:-46
16:29:57  RSSI평활:-46.3
16:29:57  RSSI샘플:8287
16:29:57  RSSI경과ms:83
16:29:57  RSSI구간:4
16:29:57  RSSI거리:0.80
16:29:57  상대보정:1
16:29:57  상대보정중:0
16:29:57  보정동쪽:-8.82
16:29:57  보정북쪽:-18.73
16:29:57  위험송신:8287
16:30:06  시각ms:8595
16:30:06  IMU시각ms:8595
16:30:06  위험:0
16:30:06  원시위험:0
16:30:06  GPS유효:1
16:30:06  위도:37.496542
16:30:06  경도:126.954615
16:30:06  속도:0.94
16:30:06  방향:15.4
16:30:06  이동방향유효:1
16:30:06  GPS이동방향:15.4
16:30:06  차체방향유효:0
16:30:06  차체방향:0.0
16:30:06  후진판정:0
16:30:06  IMU요회전속도:0.00
16:30:06  방향가속도크기:9.68
16:30:06  방향자이로크기:2.28
16:30:06  방향자세cos:0.9970
16:30:06  자기모델잔차:5.90
16:30:06  자기모델반경:2.375
16:30:06  방향채택:0
16:30:06  방향거부:474
16:30:06  GPS원시속도:0.751
16:30:06  GPS원시방향유효:1
16:30:06  GPS원시방향:3.8
16:30:06  가속도:0.24,0.16,9.67
16:30:06  자이로:-1.1,-1.9,-0.7
16:30:06  자력계:51.900,-83.850,9.750
16:30:06  충격값:0.12
16:30:06  충격피크:0.12
16:30:06  마지막충격발생값:0.00
16:30:06  마지막충격발생ms:0
16:30:06  송신:40
16:30:06  지팡이수신:40
16:30:06  GPS위성:6
16:30:06  GPS_HDOP:2.20
16:30:06  원시위도:37.496537
16:30:06  원시경도:126.954607
16:30:06  GPS채택:4
16:30:06  GPS이상치거부:0
16:30:06  GPS품질거부:1
16:30:06  GPS재기준:0
16:30:06  계산거리:1.52
16:30:06  접근속도:0.00
16:30:06  TTC:999.00
16:30:06  방향오차:0.0
16:30:06  전방여부:0
16:30:06  위험음성횟수:0
16:30:06  충격음성횟수:0
16:30:06  마지막위험음성:0
16:30:06  RSSI원시:-56
16:30:06  RSSI평활:-56.1
16:30:06  RSSI샘플:40
16:30:06  RSSI경과ms:46
16:30:06  RSSI구간:4
16:30:06  RSSI거리:1.52
16:30:06  상대보정:0
16:30:06  상대보정중:0
16:30:06  보정동쪽:0.00
16:30:06  보정북쪽:0.00
16:30:06  위험송신:40
16:30:06  시각ms:8700
16:30:06  IMU시각ms:8700
16:30:06  위험:0
16:30:06  원시위험:0
16:30:06  GPS유효:1
16:30:06  위도:37.496543
16:30:06  경도:126.954616
16:30:06  속도:0.94
16:30:06  방향:15.4
16:30:06  이동방향유효:1
16:30:06  GPS이동방향:15.4
16:30:06  차체방향유효:0
16:30:06  차체방향:0.0
16:30:06  후진판정:0
16:30:06  IMU요회전속도:0.00
16:30:06  방향가속도크기:9.67
16:30:06  방향자이로크기:2.76
16:30:06  방향자세cos:0.9965
16:30:06  자기모델잔차:6.01
16:30:06  자기모델반경:2.367
16:30:06  방향채택:0
16:30:06  방향거부:487
16:30:06  GPS원시속도:0.751
16:30:06  GPS원시방향유효:1
16:30:06  GPS원시방향:3.8
16:30:06  가속도:0.34,0.25,9.66
16:30:06  자이로:0.7,2.1,1.6
16:30:06  자력계:49.650,-85.350,10.050
16:30:06  충격값:0.15
16:30:06  충격피크:0.17
16:30:06  마지막충격발생값:0.00
16:30:06  마지막충격발생ms:0
16:30:06  송신:41
16:30:06  지팡이수신:41
16:30:06  GPS위성:6
16:30:06  GPS_HDOP:2.20
16:30:06  원시위도:37.496537
16:30:06  원시경도:126.954607
16:30:06  GPS채택:4
16:30:06  GPS이상치거부:0
16:30:06  GPS품질거부:1
16:30:06  GPS재기준:0
16:30:06  계산거리:1.55
16:30:06  접근속도:0.00
16:30:06  TTC:999.00
16:30:06  방향오차:0.0
16:30:06  전방여부:0
16:30:06  위험음성횟수:0
16:30:06  충격음성횟수:0
16:30:06  마지막위험음성:0
16:30:06  RSSI원시:-57
16:30:06  RSSI평활:-56.3
16:30:06  RSSI샘플:41
16:30:06  RSSI경과ms:47
16:30:06  RSSI구간:4
16:30:06  RSSI거리:1.55
16:30:06  상대보정:0
16:30:06  상대보정중:0
16:30:06  보정동쪽:0.00
16:30:06  보정북쪽:0.00
16:30:06  위험송신:41
16:30:06  시각ms:8805
16:30:06  IMU시각ms:8805
16:30:06  위험:0
16:30:06  원시위험:0
16:30:06  GPS유효:1
16:30:06  위도:37.496544
16:30:06  경도:126.954616
16:30:06  속도:0.94
16:30:06  방향:15.4
16:30:06  이동방향유효:1
16:30:06  GPS이동방향:15.4
16:30:06  차체방향유효:0
16:30:06  차체방향:0.0
16:30:06  후진판정:0
16:30:06  IMU요회전속도:0.00
16:30:06  방향가속도크기:9.66
16:30:06  방향자이로크기:1.58
16:30:06  방향자세cos:0.9956
16:30:06  자기모델잔차:5.75
16:30:06  자기모델반경:2.389
16:30:06  방향채택:0
16:30:06  방향거부:500
16:30:06  GPS원시속도:0.751
16:30:06  GPS원시방향유효:1
16:30:06  GPS원시방향:3.8
16:30:06  가속도:0.39,0.10,9.65
16:30:06  자이로:0.9,-0.4,-1.2
16:30:06  자력계:51.150,-85.050,9.750
16:30:06  충격값:0.07
16:30:06  충격피크:0.19
16:30:06  마지막충격발생값:0.00
16:30:06  마지막충격발생ms:0
16:30:06  송신:42
16:30:06  지팡이수신:42
16:30:06  GPS위성:6
16:30:06  GPS_HDOP:2.20
16:30:06  원시위도:37.496537
16:30:06  원시경도:126.954607
16:30:06  GPS채택:4
16:30:06  GPS이상치거부:0
16:30:06  GPS품질거부:1
16:30:06  GPS재기준:0
16:30:06  계산거리:1.54
16:30:06  접근속도:0.00
16:30:06  TTC:999.00
16:30:06  방향오차:0.0
16:30:06  전방여부:0
16:30:06  위험음성횟수:0
16:30:06  충격음성횟수:0
16:30:06  마지막위험음성:0
16:30:06  RSSI원시:-56
16:30:06  RSSI평활:-56.2
16:30:06  RSSI샘플:42
16:30:06  RSSI경과ms:50
16:30:06  RSSI구간:4
16:30:06  RSSI거리:1.54
16:30:06  상대보정:0
16:30:06  상대보정중:0
16:30:06  보정동쪽:0.00
16:30:06  보정북쪽:0.00
16:30:06  위험송신:42
16:30:06  시각ms:9227
16:30:06  IMU시각ms:9226
16:30:06  위험:0
16:30:06  원시위험:0
16:30:06  GPS유효:1
16:30:06  위도:37.496544
16:30:06  경도:126.954605
16:30:06  속도:0.86
16:30:07  방향:12.1
16:30:07  이동방향유효:1
16:30:07  GPS이동방향:12.1
16:30:07  차체방향유효:0
16:30:07  차체방향:0.0
16:30:07  후진판정:0
16:30:07  IMU요회전속도:0.00
16:30:07  방향가속도크기:9.67
16:30:07  방향자이로크기:2.48
16:30:07  방향자세cos:0.9953
16:30:07  자기모델잔차:4.00
16:30:07  자기모델반경:2.326
16:30:07  방향채택:0
16:30:07  방향거부:552
16:30:07  GPS원시속도:0.787
16:30:07  GPS원시방향유효:1
16:30:07  GPS원시방향:6.0
16:30:07  가속도:0.43,0.11,9.66
16:30:07  자이로:1.7,-0.8,-1.7
16:30:07  자력계:50.400,-83.400,7.800
16:30:07  충격값:0.09
16:30:07  충격피크:0.24
16:30:07  마지막충격발생값:0.00
16:30:07  마지막충격발생ms:0
16:30:07  송신:46
16:30:07  지팡이수신:46
16:30:07  GPS위성:6
16:30:07  GPS_HDOP:2.20
16:30:07  원시위도:37.496542
16:30:07  원시경도:126.954593
16:30:07  GPS채택:5
16:30:07  GPS이상치거부:0
16:30:07  GPS품질거부:1
16:30:07  GPS재기준:0
16:30:07  계산거리:1.82
16:30:07  접근속도:0.00
16:30:07  TTC:999.00
16:30:07  방향오차:0.0
16:30:07  전방여부:0
16:30:07  위험음성횟수:0
16:30:07  충격음성횟수:0
16:30:07  마지막위험음성:0
16:30:07  RSSI원시:-59
16:30:07  RSSI평활:-58.0
16:30:07  RSSI샘플:46
16:30:07  RSSI경과ms:60
16:30:07  RSSI구간:4
16:30:07  RSSI거리:1.82
16:30:07  상대보정:0
16:30:07  상대보정중:0
16:30:07  보정동쪽:0.00
16:30:07  보정북쪽:0.00
16:30:07  위험송신:46
