19:11:32  시각ms:573468
19:11:32  IMU시각ms:573456
19:11:32  위험:0
19:11:32  GPS유효:1
19:11:32  위도:37.496704
19:11:32  경도:126.957840
19:11:32  속도:0.077
19:11:32  방향:210.5
19:11:32  GPS원시속도:0.062
19:11:32  GPS원시방향유효:1
19:11:33  GPS원시방향:340.5
19:11:33  가속도:5.875,3.893,6.258
19:11:33  자이로:-10.099,-12.145,2.092
19:11:33  자력계:-48.450,34.350,8.850
19:11:33  IMU방향유효:1
19:11:33  IMU방향:210.5
19:11:33  방향가속도크기:9.43
19:11:33  방향자이로크기:15.93
19:11:33  방향자세cos:0.9941
19:11:33  자기모델잔차:6.41
19:11:33  자기모델반경:1.283
19:11:33  방향채택:13330
19:11:33  방향거부:57842
19:11:33  송신:5482
19:11:33  GPS위성:5
19:11:33  GPS_HDOP:1.65
19:11:33  원시위도:37.496703
19:11:33  원시경도:126.957842
19:11:33  GPS채택:435
19:11:33  GPS이상치거부:0
19:11:33  GPS품질거부:409
19:11:33  GPS재기준:0
19:11:33  RSSI원시:-60
19:11:33  RSSI평활:-59.5
19:11:33  RSSI샘플:10898
19:11:33  RSSI경과ms:91
19:11:33  차량수신:5451
19:11:33  시각ms:574093
19:11:33  IMU시각ms:574081
19:11:33  위험:0
19:11:33  GPS유효:1
19:11:33  위도:37.496704
19:11:33  경도:126.957840
19:11:33  속도:0.068
19:11:33  방향:211.6
19:11:33  GPS원시속도:0.062
19:11:33  GPS원시방향유효:1
19:11:33  GPS원시방향:340.5
19:11:33  가속도:6.565,3.534,5.971
19:11:33  자이로:3.122,-4.374,2.405
19:11:33  자력계:-49.050,36.900,9.000
19:11:33  IMU방향유효:1
19:11:33  IMU방향:211.6
19:11:33  방향가속도크기:9.55
19:11:33  방향자이로크기:5.89
19:11:33  방향자세cos:0.9848
19:11:33  자기모델잔차:4.72
19:11:33  자기모델반경:1.217
19:11:33  방향채택:13363
19:11:33  방향거부:57887
19:11:33  송신:5488
19:11:33  GPS위성:6
19:11:33  GPS_HDOP:1.61
19:11:33  원시위도:37.496704
19:11:33  원시경도:126.957841
19:11:33  GPS채택:437
19:11:33  GPS이상치거부:0
19:11:33  GPS품질거부:409
19:11:33  GPS재기준:0
19:11:33  RSSI원시:-58
19:11:33  RSSI평활:-59.1
19:11:33  RSSI샘플:10911
19:11:33  RSSI경과ms:7
19:11:33  차량수신:5457
19:11:33  시각ms:574301
19:11:33  IMU시각ms:574289
19:11:33  위험:0
19:11:33  GPS유효:1
19:11:33  위도:37.496704
19:11:33  경도:126.957840
19:11:33  속도:0.068
19:11:33  방향:211.2
19:11:33  GPS원시속도:0.062
19:11:33  GPS원시방향유효:1
19:11:33  GPS원시방향:340.5
19:11:33  가속도:6.464,3.634,5.890
19:11:33  자이로:2.099,-2.863,2.145
19:11:33  자력계:-48.900,32.850,8.550
19:11:33  IMU방향유효:1
19:11:33  IMU방향:211.2
19:11:33  방향가속도크기:9.47
19:11:33  방향자이로크기:4.15
19:11:33  방향자세cos:0.9871
19:11:33  자기모델잔차:7.08
19:11:33  자기모델반경:1.318
19:11:33  방향채택:13374
19:11:33  방향거부:57902
19:11:33  송신:5490
19:11:33  GPS위성:6
19:11:33  GPS_HDOP:1.61
19:11:33  원시위도:37.496704
19:11:33  원시경도:126.957841
19:11:33  GPS채택:437
19:11:33  GPS이상치거부:0
19:11:33  GPS품질거부:409
19:11:33  GPS재기준:0
19:11:33  RSSI원시:-58
19:11:33  RSSI평활:-59.3
19:11:33  RSSI샘플:10915
19:11:33  RSSI경과ms:2
19:11:33  차량수신:5459
19:11:34  시각ms:574613
19:11:34  IMU시각ms:574601
19:11:34  위험:0
19:11:34  GPS유효:1
19:11:34  위도:37.496704
19:11:34  경도:126.957840
19:11:34  속도:0.068
19:11:34  방향:211.0
19:11:34  GPS원시속도:0.062
19:11:34  GPS원시방향유효:1
19:11:34  GPS원시방향:340.5
19:11:34  가속도:7.044,3.017,5.540
19:11:34  자이로:2.962,-0.130,4.130
19:11:34  자력계:-48.900,37.050,9.600
19:11:34  IMU방향유효:1
19:11:34  IMU방향:211.0
19:11:34  방향가속도크기:9.46
19:11:34  방향자이로크기:5.08
19:11:34  방향자세cos:0.9676
19:11:34  자기모델잔차:3.05
19:11:34  자기모델반경:1.242
19:11:34  방향채택:13394
19:11:34  방향거부:57921
19:11:34  송신:5493
19:11:34  GPS위성:6
19:11:34  GPS_HDOP:1.61
19:11:34  원시위도:37.496704
19:11:34  원시경도:126.957841
19:11:34  GPS채택:437
19:11:34  GPS이상치거부:0
19:11:34  GPS품질거부:409
19:11:34  GPS재기준:0
19:11:34  RSSI원시:-60
19:11:34  RSSI평활:-59.7
19:11:34  RSSI샘플:10920
19:11:34  RSSI경과ms:92
19:11:34  차량수신:5462
19:11:34  시각ms:575240
19:11:34  IMU시각ms:575228
19:11:34  위험:0
19:11:34  GPS유효:1
19:11:34  위도:37.496704
19:11:34  경도:126.957840
19:11:34  속도:0.073
19:11:34  방향:207.5
19:11:34  GPS원시속도:0.077
19:11:34  GPS원시방향유효:1
19:11:34  GPS원시방향:340.5
19:11:34  가속도:6.062,4.396,6.450
19:11:34  자이로:4.832,8.992,-0.382
19:11:34  자력계:-44.250,44.550,13.050
19:11:34  IMU방향유효:1
19:11:34  IMU방향:207.5
19:11:34  방향가속도크기:9.88
19:11:34  방향자이로크기:10.22
19:11:34  방향자세cos:0.9973
19:11:34  자기모델잔차:1.10
19:11:34  자기모델반경:1.122
19:11:34  방향채택:13424
19:11:34  방향거부:57969
19:11:34  송신:5499
19:11:34  GPS위성:6
19:11:34  GPS_HDOP:1.64
19:11:34  원시위도:37.496704
19:11:34  원시경도:126.957841
19:11:34  GPS채택:439
19:11:34  GPS이상치거부:0
19:11:34  GPS품질거부:409
19:11:34  GPS재기준:0
19:11:34  RSSI원시:-64
19:11:34  RSSI평활:-65.0
19:11:34  RSSI샘플:10933
19:11:34  RSSI경과ms:6
19:11:34  차량수신:5468
19:11:35  시각ms:575762
19:11:35  IMU시각ms:575750
19:11:35  위험:0
19:11:35  GPS유효:1
19:11:35  위도:37.496704
19:11:35  경도:126.957840
19:11:35  속도:0.052
19:11:35  방향:200.5
19:11:35  GPS원시속도:0.036
19:11:35  GPS원시방향유효:1
19:11:35  GPS원시방향:340.5
19:11:35  가속도:5.780,4.070,6.292
19:11:35  자이로:-2.183,1.458,-1.573
19:11:35  자력계:-40.950,43.950,14.700
19:11:35  IMU방향유효:1
19:11:35  IMU방향:200.5
19:11:35  방향가속도크기:9.46
19:11:35  방향자이로크기:3.06
19:11:35  방향자세cos:0.9960
19:11:35  자기모델잔차:2.23
19:11:35  자기모델반경:1.199
19:11:35  방향채택:13489
19:11:35  방향거부:57969
19:11:35  송신:5504
19:11:35  GPS위성:6
19:11:35  GPS_HDOP:1.61
19:11:35  원시위도:37.496702
19:11:35  원시경도:126.957841
19:11:35  GPS채택:441
19:11:35  GPS이상치거부:0
19:11:35  GPS품질거부:409
19:11:35  GPS재기준:0
19:11:35  RSSI원시:-69
19:11:35  RSSI평활:-67.1
19:11:35  RSSI샘플:10943
19:11:35  RSSI경과ms:7
19:11:35  차량수신:5473
19:11:35  시각ms:575867
19:11:35  IMU시각ms:575855
19:11:35  위험:0
19:11:35  GPS유효:1
19:11:35  위도:37.496704
19:11:35  경도:126.957840
19:11:35  속도:0.052
19:11:35  방향:199.5
19:11:35  GPS원시속도:0.036
19:11:35  GPS원시방향유효:1
19:11:35  GPS원시방향:340.5
19:11:35  가속도:5.569,4.477,6.244
19:11:35  자이로:10.443,8.145,0.183
19:11:35  자력계:-40.650,44.700,14.400
19:11:35  IMU방향유효:1
19:11:35  IMU방향:199.5
19:11:35  방향가속도크기:9.49
19:11:35  방향자이로크기:13.24
19:11:35  방향자세cos:0.9990
19:11:35  자기모델잔차:2.23
19:11:35  자기모델반경:1.177
19:11:35  방향채택:13502
19:11:35  방향거부:57969
19:11:35  송신:5505
19:11:35  GPS위성:6
19:11:35  GPS_HDOP:1.61
19:11:35  원시위도:37.496702
19:11:35  원시경도:126.957841
19:11:35  GPS채택:441
19:11:35  GPS이상치거부:0
19:11:35  GPS품질거부:409
19:11:35  GPS재기준:0
19:11:35  RSSI원시:-71
19:11:35  RSSI평활:-68.3
19:11:35  RSSI샘플:10945
19:11:35  RSSI경과ms:7
19:11:35  차량수신:5474
19:11:35  시각ms:575971
19:11:35  IMU시각ms:575959
19:11:35  위험:0
19:11:35  GPS유효:1
19:11:35  위도:37.496704
19:11:35  경도:126.957840
19:11:35  속도:0.052
19:11:35  방향:198.5
19:11:35  GPS원시속도:0.036
19:11:35  GPS원시방향유효:1
19:11:35  GPS원시방향:340.5
19:11:35  가속도:5.444,4.429,6.067
19:11:35  자이로:6.511,14.977,-0.405
19:11:35  자력계:-40.050,43.800,12.750
19:11:35  IMU방향유효:1
19:11:35  IMU방향:198.5
19:11:35  방향가속도크기:9.28
19:11:35  방향자이로크기:16.34
19:11:35  방향자세cos:0.9993
19:11:35  자기모델잔차:4.09
19:11:35  자기모델반경:1.163
19:11:35  방향채택:13515
19:11:35  방향거부:57969
19:11:35  송신:5506
19:11:35  GPS위성:6
19:11:35  GPS_HDOP:1.61
19:11:35  원시위도:37.496702
19:11:35  원시경도:126.957841
19:11:35  GPS채택:441
19:11:35  GPS이상치거부:0
19:11:35  GPS품질거부:409
19:11:35  GPS재기준:0
19:11:35  RSSI원시:-71
19:11:35  RSSI평활:-68.9
19:11:35  RSSI샘플:10946
19:11:35  RSSI경과ms:92
19:11:35  차량수신:5475
19:11:35  시각ms:576284
19:11:35  IMU시각ms:576272
19:11:35  위험:0
19:11:35  GPS유효:1
19:11:35  위도:37.496704
19:11:35  경도:126.957840
19:11:35  속도:0.052
19:11:35  방향:193.8
19:11:35  GPS원시속도:0.036
19:11:35  GPS원시방향유효:1
19:11:35  GPS원시방향:340.5
19:11:35  가속도:5.124,5.152,6.330
19:11:35  자이로:-8.504,-5.595,-1.924
19:11:35  자력계:-36.300,47.550,14.550
19:11:35  IMU방향유효:1
19:11:35  IMU방향:193.8
19:11:35  방향가속도크기:9.64
19:11:35  방향자이로크기:10.36
19:11:35  방향자세cos:0.9981
19:11:35  자기모델잔차:3.25
19:11:35  자기모델반경:1.168
19:11:35  방향채택:13554
19:11:35  방향거부:57969
19:11:35  송신:5509
19:11:35  GPS위성:6
19:11:35  GPS_HDOP:1.61
19:11:35  원시위도:37.496702
19:11:35  원시경도:126.957841
19:11:35  GPS채택:441
19:11:35  GPS이상치거부:0
19:11:35  GPS품질거부:409
19:11:35  GPS재기준:0
19:11:35  RSSI원시:-72
19:11:35  RSSI평활:-71.6
19:11:35  RSSI샘플:10952
19:11:35  RSSI경과ms:93
19:11:35  차량수신:5478
19:11:36  시각ms:576596
19:11:36  IMU시각ms:576584
19:11:36  위험:0
19:11:36  GPS유효:1
19:11:36  위도:37.496704
19:11:36  경도:126.957840
19:11:36  속도:0.052
19:11:36  방향:189.7
19:11:36  GPS원시속도:0.036
19:11:36  GPS원시방향유효:1
19:11:36  GPS원시방향:340.5
19:11:36  가속도:5.315,4.899,6.230
19:11:36  자이로:1.557,-0.702,-0.061
19:11:36  자력계:-34.650,48.900,13.950
19:11:36  IMU방향유효:1
19:11:36  IMU방향:189.7
19:11:36  방향가속도크기:9.54
19:11:36  방향자이로크기:1.71
19:11:36  방향자세cos:0.9995
19:11:36  자기모델잔차:3.94
19:11:36  자기모델반경:1.148
19:11:36  방향채택:13593
19:11:36  방향거부:57969
19:11:36  송신:5512
19:11:36  GPS위성:6
19:11:36  GPS_HDOP:1.61
19:11:36  원시위도:37.496702
19:11:36  원시경도:126.957841
19:11:36  GPS채택:441
19:11:36  GPS이상치거부:0
19:11:36  GPS품질거부:409
19:11:36  GPS재기준:0
19:11:36  RSSI원시:-79
19:11:36  RSSI평활:-75.1
19:11:36  RSSI샘플:10958
19:11:36  RSSI경과ms:2
19:11:36  차량수신:5481
19:11:36  시각ms:577225
19:11:36  IMU시각ms:577213
19:11:36  위험:0
19:11:36  GPS유효:1
19:11:36  위도:37.496700
19:11:36  경도:126.957840
19:11:36  속도:0.043
19:11:36  방향:185.5
19:11:36  GPS원시속도:0.036
19:11:36  GPS원시방향유효:1
19:11:36  GPS원시방향:340.5
19:11:36  가속도:5.171,4.769,6.431
19:11:36  자이로:0.649,0.389,0.183
19:11:36  자력계:-35.550,49.200,16.800
19:11:36  IMU방향유효:1
19:11:36  IMU방향:185.5
19:11:36  방향가속도크기:9.53
19:11:36  방향자이로크기:0.78
19:11:36  방향자세cos:0.9984
19:11:36  자기모델잔차:1.41
19:11:36  자기모델반경:1.204
19:11:36  방향채택:13671
19:11:36  방향거부:57969
19:11:36  송신:5518
19:11:36  GPS위성:6
19:11:36  GPS_HDOP:1.61
19:11:36  원시위도:37.496701
19:11:36  원시경도:126.957842
19:11:36  GPS채택:443
19:11:36  GPS이상치거부:0
19:11:36  GPS품질거부:409
19:11:36  GPS재기준:0
19:11:36  RSSI원시:-71
19:11:36  RSSI평활:-71.8
19:11:36  RSSI샘플:10970
19:11:36  RSSI경과ms:2
19:11:36  차량수신:5487
19:11:36  시각ms:577329
19:11:36  IMU시각ms:577317
19:11:36  위험:0
19:11:36  GPS유효:1
19:11:36  위도:37.496700
19:11:36  경도:126.957840
19:11:36  속도:0.043
19:11:36  방향:185.0
19:11:36  GPS원시속도:0.036
19:11:36  GPS원시방향유효:1
19:11:36  GPS원시방향:340.5
19:11:36  가속도:5.090,4.932,6.469
19:11:36  자이로:-0.542,0.313,-1.443
19:11:36  자력계:-35.700,46.950,15.900
19:11:36  IMU방향유효:1
19:11:36  IMU방향:185.0
19:11:36  방향가속도크기:9.60
19:11:36  방향자이로크기:1.57
19:11:36  방향자세cos:0.9979
19:11:36  자기모델잔차:3.01
19:11:36  자기모델반경:1.221
19:11:36  방향채택:13684
19:11:36  방향거부:57969
19:11:36  송신:5519
19:11:36  GPS위성:6
19:11:36  GPS_HDOP:1.61
19:11:36  원시위도:37.496701
19:11:36  원시경도:126.957842
19:11:36  GPS채택:443
19:11:36  GPS이상치거부:0
19:11:36  GPS품질거부:409
19:11:36  GPS재기준:0
19:11:36  RSSI원시:-73
19:11:36  RSSI평활:-71.9
19:11:36  RSSI샘플:10972
19:11:36  RSSI경과ms:1
19:11:36  차량수신:5488
19:11:36  시각ms:577433
19:11:36  IMU시각ms:577421
19:11:36  위험:0
19:11:36  GPS유효:1
19:11:36  위도:37.496700
19:11:36  경도:126.957840
19:11:36  속도:0.043
19:11:36  방향:184.4
19:11:36  GPS원시속도:0.036
19:11:36  GPS원시방향유효:1
19:11:36  GPS원시방향:340.5
19:11:36  가속도:5.181,4.717,6.153
19:11:36  자이로:1.580,0.313,-2.130
19:11:36  자력계:-37.650,48.900,15.150
19:11:36  IMU방향유효:1
19:11:36  IMU방향:184.4
19:11:36  방향가속도크기:9.32
19:11:36  방향자이로크기:2.67
19:11:36  방향자세cos:0.9993
19:11:36  자기모델잔차:1.42
19:11:36  자기모델반경:1.140
19:11:36  방향채택:13697
19:11:36  방향거부:57969
19:11:36  송신:5520
19:11:36  GPS위성:6
19:11:36  GPS_HDOP:1.61
19:11:36  원시위도:37.496701
19:11:36  원시경도:126.957842
19:11:36  GPS채택:443
19:11:36  GPS이상치거부:0
19:11:36  GPS품질거부:409
19:11:36  GPS재기준:0
19:11:36  RSSI원시:-71
19:11:36  RSSI평활:-71.4
19:11:36  RSSI샘플:10974
19:11:36  RSSI경과ms:8
19:11:36  차량수신:5489
19:11:37  시각ms:577537
19:11:37  IMU시각ms:577525
19:11:37  위험:0
19:11:37  GPS유효:1
19:11:37  위도:37.496700
19:11:37  경도:126.957840
19:11:37  속도:0.043
19:11:37  방향:184.0
19:11:37  GPS원시속도:0.036
19:11:37  GPS원시방향유효:1
19:11:37  GPS원시방향:340.5
19:11:37  가속도:4.961,5.171,6.359
19:11:37  자이로:0.237,-0.321,-0.550
19:11:37  자력계:-36.300,50.250,14.850
19:11:37  IMU방향유효:1
19:11:37  IMU방향:184.0
19:11:37  방향가속도크기:9.58
19:11:37  방향자이로크기:0.68
19:11:37  방향자세cos:0.9970
19:11:37  자기모델잔차:1.73
19:11:37  자기모델반경:1.124
19:11:37  방향채택:13710
19:11:37  방향거부:57969
19:11:37  송신:5521
19:11:37  GPS위성:6
19:11:37  GPS_HDOP:1.61
19:11:37  원시위도:37.496701
19:11:37  원시경도:126.957842
19:11:37  GPS채택:443
19:11:37  GPS이상치거부:0
19:11:37  GPS품질거부:409
19:11:37  GPS재기준:0
19:11:37  RSSI원시:-70
19:11:37  RSSI평활:-71.1
19:11:37  RSSI샘플:10976
19:11:37  RSSI경과ms:4
19:11:37  차량수신:5490
19:11:37  시각ms:577956
19:11:37  IMU시각ms:577944
19:11:37  위험:0
19:11:37  GPS유효:1
19:11:37  위도:37.496700
19:11:37  경도:126.957848
19:11:37  속도:0.036
19:11:37  방향:182.6
19:11:37  GPS원시속도:0.031
19:11:37  GPS원시방향유효:1
19:11:37  GPS원시방향:340.5
19:11:37  가속도:5.057,4.822,6.349
19:11:37  자이로:-0.954,2.382,0.221
19:11:37  자력계:-34.950,49.350,15.900
19:11:37  IMU방향유효:1
19:11:37  IMU방향:182.6
19:11:37  방향가속도크기:9.44
19:11:37  방향자이로크기:2.58
19:11:37  방향자세cos:0.9982
19:11:37  자기모델잔차:2.27
19:11:37  자기모델반경:1.186
19:11:37  방향채택:13762
19:11:37  방향거부:57969
19:11:37  송신:5525
19:11:37  GPS위성:6
19:11:37  GPS_HDOP:1.61
19:11:37  원시위도:37.496698
19:11:37  원시경도:126.957846
19:11:37  GPS채택:445
19:11:37  GPS이상치거부:0
19:11:37  GPS품질거부:409
19:11:37  GPS재기준:0
19:11:37  RSSI원시:-69
19:11:37  RSSI평활:-69.7
19:11:37  RSSI샘플:10983
19:11:37  RSSI경과ms:6
19:11:37  차량수신:5493
19:11:37  시각ms:578165
19:11:37  IMU시각ms:578153
19:11:37  위험:0
19:11:37  GPS유효:1
19:11:37  위도:37.496700
19:11:37  경도:126.957848
19:11:37  속도:0.036
19:11:37  방향:182.0
19:11:37  GPS원시속도:0.031
19:11:37  GPS원시방향유효:1
19:11:37  GPS원시방향:340.5
19:11:37  가속도:5.559,4.372,6.144
19:11:37  자이로:-4.229,-3.168,-1.191
19:11:37  자력계:-33.450,49.350,17.700
19:11:37  IMU방향유효:1
19:11:37  IMU방향:182.0
19:11:37  방향가속도크기:9.37
19:11:37  방향자이로크기:5.42
19:11:37  방향자세cos:0.9988
19:11:37  자기모델잔차:1.96
19:11:37  자기모델반경:1.255
19:11:37  방향채택:13788
19:11:37  방향거부:57969
19:11:37  송신:5527
19:11:37  GPS위성:6
19:11:37  GPS_HDOP:1.61
19:11:37  원시위도:37.496698
19:11:37  원시경도:126.957846
19:11:37  GPS채택:445
19:11:37  GPS이상치거부:0
19:11:37  GPS품질거부:409
19:11:37  GPS재기준:0
19:11:37  RSSI원시:-72
19:11:37  RSSI평활:-70.4
19:11:37  RSSI샘플:10986
19:11:37  RSSI경과ms:60
19:11:37  차량수신:5495
19:11:38  시각ms:578581
19:11:38  IMU시각ms:578569
19:11:38  위험:0
19:11:38  GPS유효:1
19:11:38  위도:37.496700
19:11:38  경도:126.957848
19:11:38  속도:0.036
19:11:38  방향:180.9
19:11:38  GPS원시속도:0.031
19:11:38  GPS원시방향유효:1
19:11:38  GPS원시방향:340.5
19:11:38  가속도:5.085,4.630,6.393
19:11:38  자이로:-4.863,-0.588,-0.198
19:11:38  자력계:-36.000,48.750,16.050
19:11:38  IMU방향유효:1
19:11:38  IMU방향:180.9
19:11:38  방향가속도크기:9.39
19:11:38  방향자이로크기:4.90
19:11:38  방향자세cos:0.9980
19:11:38  자기모델잔차:1.86
19:11:38  자기모델반경:1.187
19:11:38  방향채택:13840
19:11:38  방향거부:57969
19:11:38  송신:5531
19:11:38  GPS위성:6
19:11:38  GPS_HDOP:1.61
19:11:38  원시위도:37.496698
19:11:38  원시경도:126.957846
19:11:38  GPS채택:445
19:11:38  GPS이상치거부:0
19:11:38  GPS품질거부:409
19:11:38  GPS재기준:0
19:11:38  RSSI원시:-74
19:11:38  RSSI평활:-72.0
19:11:38  RSSI샘플:10994
19:11:38  RSSI경과ms:7
19:11:38  차량수신:5499
19:11:38  시각ms:578686
19:11:38  IMU시각ms:578674
19:11:38  위험:0
19:11:38  GPS유효:1
19:11:38  위도:37.496696
19:11:38  경도:126.957848
19:11:38  속도:0.034
19:11:38  방향:180.8
19:11:38  GPS원시속도:0.031
19:11:38  GPS원시방향유효:1
19:11:38  GPS원시방향:340.5
19:11:38  가속도:4.841,5.157,6.584
19:11:38  자이로:-0.130,-0.542,0.267
19:11:38  자력계:-34.950,50.100,16.950
19:11:38  IMU방향유효:1
19:11:38  IMU방향:180.8
19:11:38  방향가속도크기:9.66
19:11:38  방향자이로크기:0.62
19:11:38  방향자세cos:0.9953
19:11:38  자기모델잔차:1.22
19:11:38  자기모델반경:1.200
19:11:38  방향채택:13853
19:11:38  방향거부:57969
19:11:38  송신:5532
19:11:38  GPS위성:6
19:11:38  GPS_HDOP:1.61
19:11:38  원시위도:37.496697
19:11:38  원시경도:126.957847
19:11:38  GPS채택:446
19:11:38  GPS이상치거부:0
19:11:38  GPS품질거부:409
19:11:38  GPS재기준:0
19:11:38  RSSI원시:-74
19:11:38  RSSI평활:-72.7
19:11:38  RSSI샘플:10996
19:11:38  RSSI경과ms:5
19:11:38  차량수신:5500
19:11:38  시각ms:578896
19:11:38  IMU시각ms:578884
19:11:38  위험:0
19:11:38  GPS유효:1
19:11:38  위도:37.496696
19:11:38  경도:126.957848
19:11:38  속도:0.033
19:11:38  방향:180.5
19:11:38  GPS원시속도:0.031
19:11:38  GPS원시방향유효:1
19:11:38  GPS원시방향:340.5
19:11:38  가속도:5.152,4.721,6.570
19:11:38  자이로:-3.893,-0.305,-1.702
19:11:38  자력계:-35.550,49.500,16.050
19:11:38  IMU방향유효:1
19:11:38  IMU방향:180.5
19:11:38  방향가속도크기:9.59
19:11:38  방향자이로크기:4.26
19:11:38  방향자세cos:0.9976
19:11:38  자기모델잔차:1.75
19:11:38  자기모델반경:1.179
19:11:38  방향채택:13879
19:11:38  방향거부:57969
19:11:38  송신:5534
19:11:38  GPS위성:6
19:11:38  GPS_HDOP:1.61
19:11:38  원시위도:37.496697
19:11:38  원시경도:126.957847
19:11:38  GPS채택:447
19:11:38  GPS이상치거부:0
19:11:38  GPS품질거부:409
19:11:38  GPS재기준:0
19:11:38  RSSI원시:-74
19:11:38  RSSI평활:-73.3
19:11:38  RSSI샘플:10999
19:11:38  RSSI경과ms:85
19:11:38  차량수신:5502
19:11:38  시각ms:579001
19:11:38  IMU시각ms:578989
19:11:38  위험:0
19:11:38  GPS유효:1
19:11:38  위도:37.496696
19:11:38  경도:126.957848
19:11:38  속도:0.033
19:11:38  방향:180.3
19:11:38  GPS원시속도:0.031
19:11:38  GPS원시방향유효:1
19:11:38  GPS원시방향:340.5
19:11:38  가속도:4.798,5.080,6.670
19:11:38  자이로:-3.344,-0.947,-0.489
19:11:38  자력계:-34.950,51.300,16.200
19:11:38  IMU방향유효:1
19:11:38  IMU방향:180.3
19:11:38  방향가속도크기:9.66
19:11:38  방향자이로크기:3.51
19:11:38  방향자세cos:0.9946
19:11:38  자기모델잔차:1.12
19:11:38  자기모델반경:1.160
19:11:38  방향채택:13892
19:11:38  방향거부:57969
19:11:38  송신:5535
19:11:38  GPS위성:6
19:11:38  GPS_HDOP:1.61
19:11:38  원시위도:37.496697
19:11:38  원시경도:126.957847
19:11:38  GPS채택:447
19:11:38  GPS이상치거부:0
19:11:38  GPS품질거부:409
19:11:38  GPS재기준:0
19:11:38  RSSI원시:-73
19:11:38  RSSI평활:-73.4
19:11:38  RSSI샘플:11001
19:11:38  RSSI경과ms:88
19:11:38  차량수신:5503
19:11:38  시각ms:579106
19:11:38  IMU시각ms:579094
19:11:38  위험:0
19:11:38  GPS유효:1
19:11:38  위도:37.496696
19:11:38  경도:126.957848
19:11:38  속도:0.033
19:11:38  방향:180.2
19:11:38  GPS원시속도:0.031
19:11:38  GPS원시방향유효:1
19:11:38  GPS원시방향:340.5
19:11:38  가속도:5.004,5.037,6.297
19:11:38  자이로:-1.893,-1.565,1.542
19:11:38  자력계:-37.050,49.950,16.350
19:11:38  IMU방향유효:1
19:11:38  IMU방향:180.2
19:11:38  방향가속도크기:9.49
19:11:38  방향자이로크기:2.90
19:11:38  방향자세cos:0.9978
19:11:38  자기모델잔차:0.47
19:11:38  자기모델반경:1.158
19:11:38  방향채택:13905
19:11:38  방향거부:57969
19:11:38  송신:5536
19:11:38  GPS위성:6
19:11:38  GPS_HDOP:1.61
19:11:38  원시위도:37.496697
19:11:38  원시경도:126.957847
19:11:38  GPS채택:447
19:11:38  GPS이상치거부:0
19:11:38  GPS품질거부:409
19:11:38  GPS재기준:0
19:11:38  RSSI원시:-72
19:11:38  RSSI평활:-73.0
19:11:38  RSSI샘플:11003
19:11:38  RSSI경과ms:3
19:11:38  차량수신:5503
19:11:38  시각ms:579314
19:11:38  IMU시각ms:579302
19:11:38  위험:0
19:11:38  GPS유효:1
19:11:38  위도:37.496696
19:11:38  경도:126.957848
19:11:38  속도:0.033
19:11:38  방향:180.0
19:11:38  GPS원시속도:0.031
19:11:38  GPS원시방향유효:1
19:11:38  GPS원시방향:340.5
19:11:38  가속도:5.152,4.784,6.551
19:11:38  자이로:-4.031,3.359,0.122
19:11:38  자력계:-34.500,48.000,14.850
19:11:38  IMU방향유효:1
19:11:38  IMU방향:180.0
19:11:38  방향가속도크기:9.61
19:11:38  방향자이로크기:5.25
19:11:38  방향자세cos:0.9978
19:11:38  자기모델잔차:3.87
19:11:38  자기모델반경:1.190
19:11:38  방향채택:13931
19:11:38  방향거부:57969
19:11:38  송신:5538
19:11:38  GPS위성:6
19:11:38  GPS_HDOP:1.61
19:11:38  원시위도:37.496697
19:11:38  원시경도:126.957847
19:11:38  GPS채택:447
19:11:38  GPS이상치거부:0
19:11:38  GPS품질거부:409
19:11:38  GPS재기준:0
19:11:38  RSSI원시:-74
19:11:38  RSSI평활:-73.3
19:11:38  RSSI샘플:11007
19:11:38  RSSI경과ms:7
19:11:38  차량수신:5505
19:11:39  시각ms:579836
19:11:39  IMU시각ms:579824
19:11:39  위험:0
19:11:39  GPS유효:1
19:11:39  위도:37.496696
19:11:39  경도:126.957848
19:11:39  속도:0.044
19:11:39  방향:179.9
19:11:39  GPS원시속도:0.051
19:11:39  GPS원시방향유효:1
19:11:39  GPS원시방향:340.5
19:11:39  가속도:4.966,4.664,6.809
19:11:39  자이로:2.160,-0.031,2.115
19:11:39  자력계:-34.950,48.900,14.700
19:11:39  IMU방향유효:1
19:11:39  IMU방향:179.9
19:11:39  방향가속도크기:9.63
19:11:39  방향자이로크기:3.02
19:11:39  방향자세cos:0.9949
19:11:39  자기모델잔차:3.27
19:11:39  자기모델반경:1.163
19:11:39  방향채택:13996
19:11:39  방향거부:57969
19:11:39  송신:5543
19:11:39  GPS위성:6
19:11:39  GPS_HDOP:1.61
19:11:39  원시위도:37.496695
19:11:39  원시경도:126.957849
19:11:39  GPS채택:449
19:11:39  GPS이상치거부:0
19:11:39  GPS품질거부:409
19:11:39  GPS재기준:0
19:11:39  RSSI원시:-72
19:11:39  RSSI평활:-74.6
19:11:39  RSSI샘플:11017
19:11:39  RSSI경과ms:4
19:11:39  차량수신:5510
19:11:39  시각ms:579941
19:11:39  IMU시각ms:579929
19:11:39  위험:0
19:11:39  GPS유효:1
19:11:39  위도:37.496696
19:11:39  경도:126.957848
19:11:39  속도:0.044
19:11:39  방향:179.9
19:11:39  GPS원시속도:0.051
19:11:39  GPS원시방향유효:1
19:11:39  GPS원시방향:340.5
19:11:39  가속도:5.018,4.961,6.407
19:11:39  자이로:-2.252,-1.794,-2.130
19:11:39  자력계:-34.500,49.950,14.250
19:11:39  IMU방향유효:1
19:11:39  IMU방향:179.9
19:11:39  방향가속도크기:9.53
19:11:39  방향자이로크기:3.58
19:11:39  방향자세cos:0.9977
19:11:39  자기모델잔차:3.31
19:11:39  자기모델반경:1.139
19:11:39  방향채택:14009
19:11:39  방향거부:57969
19:11:39  송신:5544
19:11:39  GPS위성:6
19:11:39  GPS_HDOP:1.61
19:11:39  원시위도:37.496695
19:11:39  원시경도:126.957849
19:11:39  GPS채택:449
19:11:39  GPS이상치거부:0
19:11:39  GPS품질거부:409
19:11:39  GPS재기준:0
19:11:39  RSSI원시:-74
19:11:39  RSSI평활:-74.5
19:11:39  RSSI샘플:11018
19:11:39  RSSI경과ms:93
19:11:39  차량수신:5511
19:11:39  시각ms:580254
19:11:39  IMU시각ms:580242
19:11:39  위험:0
19:11:39  GPS유효:1
19:11:39  위도:37.496696
19:11:39  경도:126.957848
19:11:39  속도:0.044
19:11:39  방향:179.8
19:11:39  GPS원시속도:0.051
19:11:39  GPS원시방향유효:1
19:11:39  GPS원시방향:340.5
19:11:39  가속도:5.047,4.836,6.555
19:11:39  자이로:0.573,0.115,-1.985
19:11:39  자력계:-34.650,46.650,16.200
19:11:39  IMU방향유효:1
19:11:39  IMU방향:179.8
19:11:39  방향가속도크기:9.58
19:11:39  방향자이로크기:2.07
19:11:39  방향자세cos:0.9972
19:11:39  자기모델잔차:3.57
19:11:39  자기모델반경:1.248
19:11:39  방향채택:14048
19:11:39  방향거부:57969
19:11:39  송신:5547
19:11:39  GPS위성:6
19:11:39  GPS_HDOP:1.61
19:11:39  원시위도:37.496695
19:11:39  원시경도:126.957849
19:11:39  GPS채택:449
19:11:39  GPS이상치거부:0
19:11:39  GPS품질거부:409
19:11:39  GPS재기준:0
19:11:39  RSSI원시:-74
19:11:39  RSSI평활:-74.5
19:11:39  RSSI샘플:11024
19:11:39  RSSI경과ms:2
19:11:39  차량수신:5514
19:11:39  시각ms:580358
19:11:39  IMU시각ms:580346
19:11:39  위험:0
19:11:39  GPS유효:1
19:11:39  위도:37.496696
19:11:39  경도:126.957848
19:11:39  속도:0.044
19:11:39  방향:179.6
19:11:39  GPS원시속도:0.051
19:11:39  GPS원시방향유효:1
19:11:39  GPS원시방향:340.5
19:11:39  가속도:4.855,4.875,6.321
19:11:39  자이로:-1.153,0.931,1.847
19:11:39  자력계:-34.200,49.350,16.500
19:11:39  IMU방향유효:1
19:11:39  IMU방향:179.6
19:11:39  방향가속도크기:9.34
19:11:39  방향자이로크기:2.37
19:11:39  방향자세cos:0.9971
19:11:39  자기모델잔차:2.31
19:11:39  자기모델반경:1.213
19:11:39  방향채택:14061
19:11:39  방향거부:57969
19:11:39  송신:5548
19:11:39  GPS위성:6
19:11:39  GPS_HDOP:1.61
19:11:39  원시위도:37.496695
19:11:39  원시경도:126.957849
19:11:39  GPS채택:449
19:11:39  GPS이상치거부:0
19:11:39  GPS품질거부:409
19:11:39  GPS재기준:0
19:11:39  RSSI원시:-71
19:11:39  RSSI평활:-73.5
19:11:39  RSSI샘플:11026
19:11:39  RSSI경과ms:6
19:11:39  차량수신:5515
19:11:40  시각ms:580566
19:11:40  IMU시각ms:580554
19:11:40  위험:0
19:11:40  GPS유효:1
19:11:40  위도:37.496696
19:11:40  경도:126.957848
19:11:40  속도:0.044
19:11:40  방향:179.4
19:11:40  GPS원시속도:0.051
19:11:40  GPS원시방향유효:1
19:11:40  GPS원시방향:340.5
19:11:40  가속도:4.755,4.937,6.584
19:11:40  자이로:-0.130,-1.954,1.634
19:11:40  자력계:-33.300,48.750,15.600
19:11:40  IMU방향유효:1
19:11:40  IMU방향:179.4
19:11:40  방향가속도크기:9.50
19:11:40  방향자이로크기:2.55
19:11:40  방향자세cos:0.9949
19:11:40  자기모델잔차:3.71
19:11:40  자기모델반경:1.213
19:11:40  방향채택:14087
19:11:40  방향거부:57969
19:11:40  송신:5550
19:11:40  GPS위성:6
19:11:40  GPS_HDOP:1.61
19:11:40  원시위도:37.496695
19:11:40  원시경도:126.957849
19:11:40  GPS채택:449
19:11:40  GPS이상치거부:0
19:11:40  GPS품질거부:409
19:11:40  GPS재기준:0
19:11:40  RSSI원시:-71
19:11:40  RSSI평활:-72.1
19:11:40  RSSI샘플:11030
19:11:40  RSSI경과ms:6
19:11:40  차량수신:5517
19:11:40  시각ms:580671
19:11:40  IMU시각ms:580659
19:11:40  위험:0
19:11:40  GPS유효:1
19:11:40  위도:37.496693
19:11:40  경도:126.957848
19:11:40  속도:0.050
19:11:40  방향:179.3
19:11:40  GPS원시속도:0.062
19:11:40  GPS원시방향유효:1
19:11:40  GPS원시방향:340.5
19:11:40  가속도:4.956,4.932,6.445
19:11:40  자이로:-3.267,-1.733,0.076
19:11:40  자력계:-34.650,49.650,14.700
19:11:40  IMU방향유효:1
19:11:40  IMU방향:179.3
19:11:40  방향가속도크기:9.51
19:11:40  방향자이로크기:3.70
19:11:40  방향자세cos:0.9972
19:11:40  자기모델잔차:3.08
19:11:40  자기모델반경:1.154
19:11:40  방향채택:14100
19:11:40  방향거부:57969
19:11:40  송신:5551
19:11:40  GPS위성:6
19:11:40  GPS_HDOP:1.61
19:11:40  원시위도:37.496693
19:11:40  원시경도:126.957849
19:11:40  GPS채택:450
19:11:40  GPS이상치거부:0
19:11:40  GPS품질거부:409
19:11:40  GPS재기준:0
19:11:40  RSSI원시:-69
19:11:40  RSSI평활:-71.2
19:11:40  RSSI샘플:11032
19:11:40  RSSI경과ms:2
19:11:40  차량수신:5518
19:11:40  시각ms:580776
19:11:40  IMU시각ms:580764
19:11:40  위험:0
19:11:40  GPS유효:1
19:11:40  위도:37.496693
19:11:40  경도:126.957848
19:11:40  속도:0.054
19:11:40  방향:179.5
19:11:40  GPS원시속도:0.062
19:11:40  GPS원시방향유효:1
19:11:40  GPS원시방향:340.5
19:11:40  가속도:5.100,4.855,6.814
19:11:40  자이로:-1.099,0.573,1.069
19:11:40  자력계:-36.000,48.300,16.350
19:11:40  IMU방향유효:1
19:11:40  IMU방향:179.5
19:11:40  방향가속도크기:9.80
19:11:40  방향자이로크기:1.64
19:11:40  방향자세cos:0.9962
19:11:40  자기모델잔차:1.88
19:11:40  자기모델반경:1.203
19:11:40  방향채택:14113
19:11:40  방향거부:57969
19:11:40  송신:5552
19:11:40  GPS위성:6
19:11:40  GPS_HDOP:1.61
19:11:40  원시위도:37.496693
19:11:40  원시경도:126.957849
19:11:40  GPS채택:451
19:11:40  GPS이상치거부:0
19:11:40  GPS품질거부:409
19:11:40  GPS재기준:0
19:11:40  RSSI원시:-70
19:11:40  RSSI평활:-70.7
19:11:40  RSSI샘플:11034
19:11:40  RSSI경과ms:6
19:11:40  차량수신:5519
19:11:40  시각ms:581195
19:11:40  IMU시각ms:581183
19:11:40  위험:0
19:11:40  GPS유효:1
19:11:40  위도:37.496693
19:11:40  경도:126.957848
19:11:40  속도:0.054
19:11:40  방향:179.2
19:11:40  GPS원시속도:0.062
19:11:40  GPS원시방향유효:1
19:11:40  GPS원시방향:340.5
19:11:40  가속도:4.985,4.764,6.354
19:11:40  자이로:-2.359,0.069,1.237
19:11:40  자력계:-34.200,50.100,14.700
19:11:40  IMU방향유효:1
19:11:40  IMU방향:179.2
19:11:40  방향가속도크기:9.38
19:11:40  방향자이로크기:2.66
19:11:40  방향자세cos:0.9978
19:11:40  자기모델잔차:3.12
19:11:40  자기모델반경:1.152
19:11:40  방향채택:14165
19:11:40  방향거부:57969
19:11:40  송신:5556
19:11:40  GPS위성:6
19:11:40  GPS_HDOP:1.61
19:11:40  원시위도:37.496693
19:11:40  원시경도:126.957849
19:11:40  GPS채택:451
19:11:40  GPS이상치거부:0
19:11:40  GPS품질거부:409
19:11:40  GPS재기준:0
19:11:40  RSSI원시:-70
19:11:40  RSSI평활:-70.1
19:11:40  RSSI샘플:11042
19:11:40  RSSI경과ms:2
19:11:40  차량수신:5523
19:11:40  시각ms:581299
19:11:40  IMU시각ms:581287
19:11:40  위험:0
19:11:40  GPS유효:1
19:11:40  위도:37.496693
19:11:40  경도:126.957848
19:11:40  속도:0.054
19:11:40  방향:179.4
19:11:40  GPS원시속도:0.062
19:11:40  GPS원시방향유효:1
19:11:40  GPS원시방향:340.5
19:11:40  가속도:5.023,4.846,6.670
19:11:40  자이로:-1.145,-0.802,-2.206
19:11:40  자력계:-34.050,49.500,14.850
19:11:40  IMU방향유효:1
19:11:40  IMU방향:179.4
19:11:40  방향가속도크기:9.65
19:11:40  방향자이로크기:2.61
19:11:40  방향자세cos:0.9965
19:11:40  자기모델잔차:3.40
19:11:40  자기모델반경:1.169
19:11:40  방향채택:14178
19:11:40  방향거부:57969
19:11:40  송신:5557
19:11:40  GPS위성:6
19:11:40  GPS_HDOP:1.61
19:11:40  원시위도:37.496693
19:11:40  원시경도:126.957849
19:11:40  GPS채택:451
19:11:40  GPS이상치거부:0
19:11:40  GPS품질거부:409
19:11:40  GPS재기준:0
19:11:40  RSSI원시:-71
19:11:40  RSSI평활:-70.3
19:11:40  RSSI샘플:11043
19:11:40  RSSI경과ms:23
19:11:40  차량수신:5524
19:11:41  시각ms:581403
19:11:41  IMU시각ms:581391
19:11:41  위험:0
19:11:41  GPS유효:1
19:11:41  위도:37.496693
19:11:41  경도:126.957848
19:11:41  속도:0.054
19:11:41  방향:179.3
19:11:41  GPS원시속도:0.062
19:11:41  GPS원시방향유효:1
19:11:41  GPS원시방향:340.5
19:11:41  가속도:4.975,4.870,6.440
19:11:41  자이로:-1.267,0.336,-1.427
19:11:41  자력계:-33.450,48.600,15.450
19:11:41  IMU방향유효:1
19:11:41  IMU방향:179.3
19:11:41  방향가속도크기:9.48
19:11:41  방향자이로크기:1.94
19:11:41  방향자세cos:0.9973
19:11:41  자기모델잔차:3.80
19:11:41  자기모델반경:1.210
19:11:41  방향채택:14191
19:11:41  방향거부:57969
19:11:41  송신:5558
19:11:41  GPS위성:6
19:11:41  GPS_HDOP:1.61
19:11:41  원시위도:37.496693
19:11:41  원시경도:126.957849
19:11:41  GPS채택:451
19:11:41  GPS이상치거부:0
19:11:41  GPS품질거부:409
19:11:41  GPS재기준:0
19:11:41  RSSI원시:-71
19:11:41  RSSI평활:-70.5
19:11:41  RSSI샘플:11046
19:11:41  RSSI경과ms:6
19:11:41  차량수신:5525
19:11:41  시각ms:581926
19:11:41  IMU시각ms:581914
19:11:41  위험:0
19:11:41  GPS유효:1
19:11:41  위도:37.496693
19:11:41  경도:126.957848
19:11:41  속도:0.044
19:11:41  방향:179.3
19:11:41  GPS원시속도:0.036
19:11:41  GPS원시방향유효:1
19:11:41  GPS원시방향:340.5
19:11:41  가속도:5.128,4.822,6.531
19:11:41  자이로:0.496,-3.710,-1.397
19:11:41  자력계:-33.750,48.300,14.550
19:11:41  IMU방향유효:1
19:11:41  IMU방향:179.3
19:11:41  방향가속도크기:9.60
19:11:41  방향자이로크기:4.00
19:11:41  방향자세cos:0.9978
19:11:41  자기모델잔차:4.36
19:11:41  자기모델반경:1.187
19:11:41  방향채택:14256
19:11:41  방향거부:57969
19:11:41  송신:5563
19:11:41  GPS위성:6
19:11:41  GPS_HDOP:1.61
19:11:41  원시위도:37.496691
19:11:41  원시경도:126.957849
19:11:41  GPS채택:453
19:11:41  GPS이상치거부:0
19:11:41  GPS품질거부:409
19:11:41  GPS재기준:0
19:11:41  RSSI원시:-72
19:11:41  RSSI평활:-71.3
19:11:41  RSSI샘플:11056
19:11:41  RSSI경과ms:6
19:11:41  차량수신:5530
19:11:41  시각ms:582344
19:11:41  IMU시각ms:582332
19:11:41  위험:0
19:11:41  GPS유효:1
19:11:41  위도:37.496693
19:11:41  경도:126.957848
19:11:41  속도:0.044
19:11:41  방향:179.3
19:11:41  GPS원시속도:0.036
19:11:41  GPS원시방향유효:1
19:11:41  GPS원시방향:340.5
19:11:41  가속도:4.879,4.817,6.584
19:11:41  자이로:-0.962,-1.450,-2.634
19:11:41  자력계:-34.500,49.950,16.050
19:11:41  IMU방향유효:1
19:11:41  IMU방향:179.3
19:11:41  방향가속도크기:9.51
19:11:41  방향자이로크기:3.16
19:11:41  방향자세cos:0.9959
19:11:41  자기모델잔차:2.14
19:11:41  자기모델반경:1.186
19:11:41  방향채택:14308
19:11:41  방향거부:57969
19:11:41  송신:5567
19:11:41  GPS위성:6
19:11:41  GPS_HDOP:1.61
19:11:41  원시위도:37.496691
19:11:41  원시경도:126.957849
19:11:41  GPS채택:453
19:11:41  GPS이상치거부:0
19:11:41  GPS품질거부:409
19:11:41  GPS재기준:0
19:11:41  RSSI원시:-71
19:11:41  RSSI평활:-70.6
19:11:41  RSSI샘플:11063
19:11:41  RSSI경과ms:4
19:11:41  차량수신:5533
19:11:42  시각ms:582552
19:11:42  IMU시각ms:582540
19:11:42  위험:0
19:11:42  GPS유효:1
19:11:42  위도:37.496693
19:11:42  경도:126.957848
19:11:42  속도:0.044
19:11:42  방향:179.4
19:11:42  GPS원시속도:0.036
19:11:42  GPS원시방향유효:1
19:11:42  GPS원시방향:340.5
19:11:42  가속도:4.899,4.836,6.651
19:11:42  자이로:-0.992,0.725,1.473
19:11:42  자력계:-34.800,50.250,15.300
19:11:42  IMU방향유효:1
19:11:42  IMU방향:179.4
19:11:42  방향가속도크기:9.57
19:11:42  방향자이로크기:1.92
19:11:42  방향자세cos:0.9957
19:11:42  자기모델잔차:2.31
19:11:42  자기모델반경:1.157
19:11:42  방향채택:14334
19:11:42  방향거부:57969
19:11:42  송신:5569
19:11:42  GPS위성:6
19:11:42  GPS_HDOP:1.61
19:11:42  원시위도:37.496691
19:11:42  원시경도:126.957849
19:11:42  GPS채택:453
19:11:42  GPS이상치거부:0
19:11:42  GPS품질거부:409
19:11:42  GPS재기준:0
19:11:42  RSSI원시:-70
19:11:42  RSSI평활:-70.3
19:11:42  RSSI샘플:11066
19:11:42  RSSI경과ms:5
19:11:42  차량수신:5534
19:11:42  시각ms:582656
19:11:42  IMU시각ms:582644
19:11:42  위험:0
19:11:42  GPS유효:1
19:11:42  위도:37.496693
19:11:42  경도:126.957848
19:11:42  속도:0.041
19:11:42  방향:179.5
19:11:42  GPS원시속도:0.036
19:11:42  GPS원시방향유효:1
19:11:42  GPS원시방향:340.5
19:11:42  가속도:5.013,4.884,6.536
19:11:42  자이로:-0.702,-4.092,2.626
19:11:42  자력계:-34.650,49.350,15.450
19:11:42  IMU방향유효:1
19:11:42  IMU방향:179.5
19:11:42  방향가속도크기:9.58
19:11:42  방향자이로크기:4.91
19:11:42  방향자세cos:0.9971
19:11:42  자기모델잔차:2.74
19:11:42  자기모델반경:1.179
19:11:42  방향채택:14347
19:11:42  방향거부:57969
19:11:42  송신:5570
19:11:42  GPS위성:6
19:11:42  GPS_HDOP:1.61
19:11:42  원시위도:37.496690
19:11:42  원시경도:126.957849
19:11:42  GPS채택:454
19:11:42  GPS이상치거부:0
19:11:42  GPS품질거부:409
19:11:42  GPS재기준:0
19:11:42  RSSI원시:-73
19:11:42  RSSI평활:-71.0
19:11:42  RSSI샘플:11068
19:11:42  RSSI경과ms:8
19:11:42  차량수신:5535
19:11:42  시각ms:582761
19:11:42  IMU시각ms:582749
19:11:42  위험:0
19:11:42  GPS유효:1
19:11:42  위도:37.496689
19:11:42  경도:126.957848
19:11:42  속도:0.039
19:11:42  방향:179.5
19:11:42  GPS원시속도:0.036
19:11:42  GPS원시방향유효:1
19:11:42  GPS원시방향:340.5
19:11:42  가속도:4.999,4.736,6.522
19:11:42  자이로:-0.969,-1.237,-1.137
19:11:42  자력계:-33.750,48.000,16.050
19:11:42  IMU방향유효:1
19:11:42  IMU방향:179.5
19:11:42  방향가속도크기:9.48
19:11:42  방향자이로크기:1.94
19:11:42  방향자세cos:0.9970
19:11:42  자기모델잔차:3.52
19:11:42  자기모델반경:1.232
19:11:42  방향채택:14360
19:11:42  방향거부:57969
19:11:42  송신:5571
19:11:42  GPS위성:6
19:11:42  GPS_HDOP:1.61
19:11:42  원시위도:37.496690
19:11:42  원시경도:126.957849
19:11:42  GPS채택:455
19:11:42  GPS이상치거부:0
19:11:42  GPS품질거부:409
19:11:42  GPS재기준:0
19:11:42  RSSI원시:-73
19:11:42  RSSI평활:-71.4
19:11:42  RSSI샘플:11069
19:11:42  RSSI경과ms:5
19:11:42  차량수신:5535
19:11:42  시각ms:583388
19:11:42  IMU시각ms:583376
19:11:42  위험:0
19:11:42  GPS유효:1
19:11:42  위도:37.496689
19:11:42  경도:126.957848
19:11:42  속도:0.039
19:11:42  방향:179.4
19:11:42  GPS원시속도:0.036
19:11:42  GPS원시방향유효:1
19:11:42  GPS원시방향:340.5
19:11:42  가속도:4.966,4.774,6.551
19:11:42  자이로:2.290,-1.481,0.611
19:11:42  자력계:-35.250,48.750,16.350
19:11:42  IMU방향유효:1
19:11:42  IMU방향:179.4
19:11:42  방향가속도크기:9.51
19:11:42  방향자이로크기:2.79
19:11:42  방향자세cos:0.9967
19:11:42  자기모델잔차:2.09
19:11:42  자기모델반경:1.205
19:11:42  방향채택:14438
19:11:42  방향거부:57969
19:11:42  송신:5577
19:11:42  GPS위성:6
19:11:42  GPS_HDOP:1.61
19:11:42  원시위도:37.496690
19:11:42  원시경도:126.957849
19:11:42  GPS채택:455
19:11:42  GPS이상치거부:0
19:11:42  GPS품질거부:409
19:11:42  GPS재기준:0
19:11:42  RSSI원시:-70
19:11:42  RSSI평활:-70.6
19:11:42  RSSI샘플:11080
19:11:42  RSSI경과ms:90
19:11:42  차량수신:5541
19:11:43  시각ms:583911
19:11:43  IMU시각ms:583899
19:11:43  위험:0
19:11:43  GPS유효:1
19:11:43  위도:37.496689
19:11:43  경도:126.957848
19:11:43  속도:0.034
19:11:43  방향:179.4
19:11:43  GPS원시속도:0.031
19:11:43  GPS원시방향유효:1
19:11:43  GPS원시방향:340.5
19:11:43  가속도:5.028,4.875,6.373
19:11:43  자이로:0.122,-0.099,0.870
19:11:43  자력계:-34.050,48.000,13.800
19:11:43  IMU방향유효:1
19:11:43  IMU방향:179.4
19:11:43  방향가속도크기:9.47
19:11:43  방향자이로크기:0.88
19:11:43  방향자세cos:0.9979
19:11:43  자기모델잔차:4.82
19:11:43  자기모델반경:1.169
19:11:43  방향채택:14503
19:11:43  방향거부:57969
19:11:43  송신:5582
19:11:43  GPS위성:6
19:11:43  GPS_HDOP:1.61
19:11:43  원시위도:37.496688
19:11:43  원시경도:126.957849
19:11:43  GPS채택:457
19:11:43  GPS이상치거부:0
19:11:43  GPS품질거부:409
19:11:43  GPS재기준:0
19:11:43  RSSI원시:-70
19:11:43  RSSI평활:-70.4
19:11:43  RSSI샘플:11090
19:11:43  RSSI경과ms:96
19:11:43  차량수신:5546
19:11:43  시각ms:584329
19:11:43  IMU시각ms:584317
19:11:43  위험:0
19:11:43  GPS유효:1
19:11:43  위도:37.496689
19:11:43  경도:126.957848
19:11:43  속도:0.034
19:11:43  방향:179.5
19:11:43  GPS원시속도:0.031
19:11:43  GPS원시방향유효:1
19:11:43  GPS원시방향:340.5
19:11:43  가속도:4.827,5.042,6.589
19:11:43  자이로:-2.214,-0.901,-1.321
19:11:43  자력계:-34.500,47.550,15.600
19:11:43  IMU방향유효:1
19:11:43  IMU방향:179.5
19:11:43  방향가속도크기:9.60
19:11:43  방향자이로크기:2.73
19:11:43  방향자세cos:0.9954
19:11:43  자기모델잔차:3.60
19:11:43  자기모델반경:1.218
19:11:43  방향채택:14555
19:11:43  방향거부:57969
19:11:43  송신:5586
19:11:43  GPS위성:6
19:11:43  GPS_HDOP:1.61
19:11:43  원시위도:37.496688
19:11:43  원시경도:126.957849
19:11:43  GPS채택:457
19:11:43  GPS이상치거부:0
19:11:43  GPS품질거부:409
19:11:43  GPS재기준:0
19:11:43  RSSI원시:-69
19:11:43  RSSI평활:-69.1
19:11:43  RSSI샘플:11099
19:11:43  RSSI경과ms:4
19:11:43  차량수신:5550
19:11:43  시각ms:584433
19:11:43  IMU시각ms:584421
19:11:43  위험:0
19:11:43  GPS유효:1
19:11:43  위도:37.496689
19:11:43  경도:126.957848
19:11:43  속도:0.034
19:11:43  방향:179.6
19:11:43  GPS원시속도:0.031
19:11:43  GPS원시방향유효:1
19:11:43  GPS원시방향:340.5
19:11:43  가속도:4.922,4.827,6.450
19:11:43  자이로:-4.290,-3.038,2.160
19:11:43  자력계:-34.500,49.950,16.050
19:11:43  IMU방향유효:1
19:11:43  IMU방향:179.6
19:11:43  방향가속도크기:9.44
19:11:43  방향자이로크기:5.68
19:11:43  방향자세cos:0.9970
19:11:43  자기모델잔차:2.14
19:11:43  자기모델반경:1.186
19:11:43  방향채택:14568
19:11:43  방향거부:57969
19:11:43  송신:5587
19:11:43  GPS위성:6
19:11:43  GPS_HDOP:1.61
19:11:43  원시위도:37.496688
19:11:43  원시경도:126.957849
19:11:43  GPS채택:457
19:11:43  GPS이상치거부:0
19:11:43  GPS품질거부:409
19:11:43  GPS재기준:0
19:11:43  RSSI원시:-68
19:11:43  RSSI평활:-68.7
19:11:43  RSSI샘플:11101
19:11:43  RSSI경과ms:5
19:11:43  차량수신:5551
19:11:44  시각ms:585269
19:11:44  IMU시각ms:585257
19:11:44  위험:0
19:11:44  GPS유효:1
19:11:44  위도:37.496689
19:11:44  경도:126.957848
19:11:44  속도:0.026
19:11:44  방향:180.0
19:11:44  GPS원시속도:0.021
19:11:44  GPS원시방향유효:1
19:11:44  GPS원시방향:340.5
19:11:44  가속도:5.047,4.755,6.594
19:11:44  자이로:-1.527,-3.099,-1.069
19:11:44  자력계:-33.750,47.250,14.850
19:11:44  IMU방향유효:1
19:11:44  IMU방향:180.0
19:11:44  방향가속도크기:9.57
19:11:44  방향자이로크기:3.62
19:11:44  방향자세cos:0.9970
19:11:44  자기모델잔차:4.67
19:11:44  자기모델반경:1.214
19:11:44  방향채택:14672
19:11:44  방향거부:57969
19:11:44  송신:5595
19:11:44  GPS위성:6
19:11:44  GPS_HDOP:1.61
19:11:44  원시위도:37.496688
19:11:44  원시경도:126.957849
19:11:44  GPS채택:459
19:11:44  GPS이상치거부:0
19:11:44  GPS품질거부:409
19:11:44  GPS재기준:0
19:11:44  RSSI원시:-70
19:11:44  RSSI평활:-68.8
19:11:44  RSSI샘플:11116
19:11:44  RSSI경과ms:93
19:11:44  차량수신:5559
19:11:45  시각ms:585477
19:11:45  IMU시각ms:585465
19:11:45  위험:0
19:11:45  GPS유효:1
19:11:45  위도:37.496689
19:11:45  경도:126.957848
19:11:45  속도:0.026
19:11:45  방향:180.1
19:11:45  GPS원시속도:0.021
19:11:45  GPS원시방향유효:1
19:11:45  GPS원시방향:340.5
19:11:45  가속도:4.985,4.731,6.680
19:11:45  자이로:-2.069,-0.137,-2.817
19:11:45  자력계:-35.250,47.550,16.350
19:11:45  IMU방향유효:1
19:11:45  IMU방향:180.1
19:11:45  방향가속도크기:9.58
19:11:45  방향자이로크기:3.50
19:11:45  방향자세cos:0.9960
19:11:45  자기모델잔차:2.68
19:11:45  자기모델반경:1.227
19:11:45  방향채택:14698
19:11:45  방향거부:57969
19:11:45  송신:5597
19:11:45  GPS위성:6
19:11:45  GPS_HDOP:1.61
19:11:45  원시위도:37.496688
19:11:45  원시경도:126.957849
19:11:45  GPS채택:459
19:11:45  GPS이상치거부:0
19:11:45  GPS품질거부:409
19:11:45  GPS재기준:0
19:11:45  RSSI원시:-69
19:11:45  RSSI평활:-69.1
19:11:45  RSSI샘플:11121
19:11:45  RSSI경과ms:6
19:11:45  차량수신:5561
19:11:45  시각ms:585581
19:11:45  IMU시각ms:585569
19:11:45  위험:0
19:11:45  GPS유효:1
19:11:45  위도:37.496689
19:11:45  경도:126.957848
19:11:45  속도:0.026
19:11:45  방향:180.1
19:11:45  GPS원시속도:0.021
19:11:45  GPS원시방향유효:1
19:11:45  GPS원시방향:340.5
19:11:45  가속도:4.851,4.961,6.273
19:11:45  자이로:-2.290,-0.992,0.298
19:11:45  자력계:-35.700,47.400,15.150
19:11:45  IMU방향유효:1
19:11:45  IMU방향:180.1
19:11:45  방향가속도크기:9.35
19:11:45  방향자이로크기:2.51
19:11:45  방향자세cos:0.9971
19:11:45  자기모델잔차:3.28
19:11:45  자기모델반경:1.193
19:11:45  방향채택:14711
19:11:45  방향거부:57969
19:11:45  송신:5598
19:11:45  GPS위성:6
19:11:45  GPS_HDOP:1.61
19:11:45  원시위도:37.496688
19:11:45  원시경도:126.957849
19:11:45  GPS채택:459
19:11:45  GPS이상치거부:0
19:11:45  GPS품질거부:409
19:11:45  GPS재기준:0
19:11:45  RSSI원시:-68
19:11:45  RSSI평활:-68.9
19:11:45  RSSI샘플:11123
19:11:45  RSSI경과ms:5
19:11:45  차량수신:5562
19:11:45  시각ms:586001
19:11:45  IMU시각ms:585989
19:11:45  위험:0
19:11:45  GPS유효:1
19:11:45  위도:37.496689
19:11:45  경도:126.957848
19:11:45  속도:0.032
19:11:45  방향:179.8
19:11:45  GPS원시속도:0.036
19:11:45  GPS원시방향유효:1
19:11:45  GPS원시방향:340.5
19:11:45  가속도:5.104,4.664,6.694
19:11:45  자이로:0.244,-2.977,1.183
19:11:45  자력계:-34.050,50.250,17.550
19:11:45  IMU방향유효:1
19:11:45  IMU방향:179.8
19:11:45  방향가속도크기:9.62
19:11:45  방향자이로크기:3.21
19:11:45  방향자세cos:0.9965
19:11:45  자기모델잔차:1.27
19:11:45  자기모델반경:1.227
19:11:45  방향채택:14763
19:11:45  방향거부:57969
19:11:45  송신:5602
19:11:45  GPS위성:6
19:11:45  GPS_HDOP:1.61
19:11:45  원시위도:37.496688
19:11:45  원시경도:126.957848
19:11:45  GPS채택:461
19:11:45  GPS이상치거부:0
19:11:45  GPS품질거부:409
19:11:45  GPS재기준:0
19:11:45  RSSI원시:-67
19:11:45  RSSI평활:-68.1
19:11:45  RSSI샘플:11129
19:11:45  RSSI경과ms:110
19:11:45  차량수신:5565
19:11:46  시각ms:587462
19:11:46  IMU시각ms:587450
19:11:46  위험:0
19:11:46  GPS유효:1
19:11:46  위도:37.496689
19:11:46  경도:126.957848
19:11:46  속도:0.028
19:11:46  방향:180.1
19:11:46  GPS원시속도:0.026
19:11:46  GPS원시방향유효:1
19:11:46  GPS원시방향:340.5
19:11:46  가속도:5.272,4.808,6.613
19:11:46  자이로:0.435,-1.229,-1.267
19:11:46  자력계:-35.700,47.850,16.200
19:11:46  IMU방향유효:1
19:11:46  IMU방향:180.1
19:11:46  방향가속도크기:9.73
19:11:46  방향자이로크기:1.82
19:11:46  방향자세cos:0.9981
19:11:46  자기모델잔차:2.37
19:11:46  자기모델반경:1.212
19:11:46  방향채택:14945
19:11:46  방향거부:57969
19:11:46  송신:5616
19:11:46  GPS위성:6
19:11:46  GPS_HDOP:1.61
19:11:46  원시위도:37.496688
19:11:46  원시경도:126.957849
19:11:46  GPS채택:463
19:11:46  GPS이상치거부:0
19:11:46  GPS품질거부:409
19:11:46  GPS재기준:0
19:11:46  RSSI원시:-66
19:11:46  RSSI평활:-66.6
19:11:46  RSSI샘플:11157
19:11:46  RSSI경과ms:6
19:11:46  차량수신:5578
19:11:47  시각ms:588091
19:11:47  IMU시각ms:588079
19:11:47  위험:0
19:11:47  GPS유효:1
19:11:47  위도:37.496689
19:11:47  경도:126.957848
19:11:47  속도:0.033
19:11:47  방향:180.3
19:11:47  GPS원시속도:0.036
19:11:47  GPS원시방향유효:1
19:11:47  GPS원시방향:340.5
19:11:47  가속도:4.990,4.477,6.905
19:11:47  자이로:0.305,0.260,-1.611
19:11:47  자력계:-34.200,48.600,14.400
19:11:47  IMU방향유효:1
19:11:47  IMU방향:180.3
19:11:47  방향가속도크기:9.62
19:11:47  방향자이로크기:1.66
19:11:47  방향자세cos:0.9936
19:11:47  자기모델잔차:4.05
19:11:47  자기모델반경:1.172
19:11:47  방향채택:15023
19:11:47  방향거부:57969
19:11:47  송신:5622
19:11:47  GPS위성:6
19:11:47  GPS_HDOP:1.61
19:11:47  원시위도:37.496689
19:11:47  원시경도:126.957849
19:11:47  GPS채택:465
19:11:47  GPS이상치거부:0
19:11:47  GPS품질거부:409
19:11:47  GPS재기준:0
19:11:47  RSSI원시:-66
19:11:47  RSSI평활:-66.0
19:11:47  RSSI샘플:11169
19:11:47  RSSI경과ms:2
19:11:47  차량수신:5584
19:11:48  시각ms:588507
19:11:48  IMU시각ms:588495
19:11:48  위험:0
19:11:48  GPS유효:1
19:11:48  위도:37.496689
19:11:48  경도:126.957848
19:11:48  속도:0.033
19:11:48  방향:180.6
19:11:48  GPS원시속도:0.036
19:11:48  GPS원시방향유효:1
19:11:48  GPS원시방향:340.5
19:11:48  가속도:4.951,4.673,6.627
19:11:48  자이로:-2.290,2.137,-0.298
19:11:48  자력계:-34.200,47.400,15.150
19:11:48  IMU방향유효:1
19:11:48  IMU방향:180.6
19:11:48  방향가속도크기:9.50
19:11:48  방향자이로크기:3.15
19:11:48  방향자세cos:0.9960
19:11:48  자기모델잔차:4.14
19:11:48  자기모델반경:1.213
19:11:48  방향채택:15075
19:11:48  방향거부:57969
19:11:48  송신:5626
19:11:48  GPS위성:6
19:11:48  GPS_HDOP:1.61
19:11:48  원시위도:37.496689
19:11:48  원시경도:126.957849
19:11:48  GPS채택:465
19:11:48  GPS이상치거부:0
19:11:48  GPS품질거부:409
19:11:48  GPS재기준:0
19:11:48  RSSI원시:-67
19:11:48  RSSI평활:-66.0
19:11:48  RSSI샘플:11177
19:11:48  RSSI경과ms:7
19:11:48  차량수신:5588
19:11:48  시각ms:588611
19:11:48  IMU시각ms:588599
19:11:48  위험:0
19:11:48  GPS유효:1
19:11:48  위도:37.496689
19:11:48  경도:126.957848
19:11:48  속도:0.033
19:11:48  방향:180.6
19:11:48  GPS원시속도:0.036
19:11:48  GPS원시방향유효:1
19:11:48  GPS원시방향:340.5
19:11:48  가속도:4.937,4.707,6.732
19:11:48  자이로:-1.794,-1.832,2.740
19:11:48  자력계:-35.700,49.650,14.400
19:11:48  IMU방향유효:1
19:11:48  IMU방향:180.6
19:11:48  방향가속도크기:9.58
19:11:48  방향자이로크기:3.75
19:11:48  방향자세cos:0.9953
19:11:48  자기모델잔차:2.67
19:11:48  자기모델반경:1.131
19:11:48  방향채택:15088
19:11:48  방향거부:57969
19:11:48  송신:5627
19:11:48  GPS위성:6
19:11:48  GPS_HDOP:1.61
19:11:48  원시위도:37.496689
19:11:48  원시경도:126.957849
19:11:48  GPS채택:465
19:11:48  GPS이상치거부:0
19:11:48  GPS품질거부:409
19:11:48  GPS재기준:0
19:11:48  RSSI원시:-68
19:11:48  RSSI평활:-66.4
19:11:48  RSSI샘플:11179
19:11:48  RSSI경과ms:3
19:11:48  차량수신:5589
19:11:48  시각ms:588821
19:11:48  IMU시각ms:588809
19:11:48  위험:0
19:11:48  GPS유효:1
19:11:48  위도:37.496689
19:11:48  경도:126.957848
19:11:48  속도:0.061
19:11:48  방향:180.7
19:11:48  GPS원시속도:0.082
19:11:48  GPS원시방향유효:1
19:11:48  GPS원시방향:340.5
19:11:48  가속도:5.023,4.688,6.603
19:11:48  자이로:-2.237,-1.214,-1.466
19:11:48  자력계:-34.950,46.650,15.150
19:11:48  IMU방향유효:1
19:11:48  IMU방향:180.7
19:11:48  방향가속도크기:9.53
19:11:48  방향자이로크기:2.94
19:11:48  방향자세cos:0.9966
19:11:48  자기모델잔차:4.08
19:11:48  자기모델반경:1.218
19:11:48  방향채택:15114
19:11:48  방향거부:57969
19:11:48  송신:5629
19:11:48  GPS위성:6
19:11:48  GPS_HDOP:1.61
19:11:48  원시위도:37.496690
19:11:48  원시경도:126.957850
19:11:48  GPS채택:467
19:11:48  GPS이상치거부:0
19:11:48  GPS품질거부:409
19:11:48  GPS재기준:0
19:11:48  RSSI원시:-67
19:11:48  RSSI평활:-66.5
19:11:48  RSSI샘플:11182
19:11:48  RSSI경과ms:93
19:11:48  차량수신:5591
19:11:48  시각ms:588926
19:11:48  IMU시각ms:588914
19:11:48  위험:0
19:11:48  GPS유효:1
19:11:48  위도:37.496689
19:11:48  경도:126.957848
19:11:48  속도:0.061
19:11:48  방향:180.5
19:11:48  GPS원시속도:0.082
19:11:48  GPS원시방향유효:1
19:11:48  GPS원시방향:340.5
19:11:48  가속도:5.004,4.817,6.560
19:11:48  자이로:0.763,-0.588,-1.031
19:11:48  자력계:-35.250,48.750,16.800
19:11:48  IMU방향유효:1
19:11:48  IMU방향:180.5
19:11:48  방향가속도크기:9.55
19:11:48  방향자이로크기:1.41
19:11:48  방향자세cos:0.9969
19:11:48  자기모델잔차:1.80
19:11:48  자기모델반경:1.217
19:11:48  방향채택:15127
19:11:48  방향거부:57969
19:11:48  송신:5630
19:11:48  GPS위성:6
19:11:48  GPS_HDOP:1.61
19:11:48  원시위도:37.496690
19:11:48  원시경도:126.957850
19:11:48  GPS채택:467
19:11:48  GPS이상치거부:0
19:11:48  GPS품질거부:409
19:11:48  GPS재기준:0
19:11:48  RSSI원시:-65
19:11:48  RSSI평활:-66.0
19:11:48  RSSI샘플:11184
19:11:48  RSSI경과ms:102
19:11:48  차량수신:5592
19:11:48  시각ms:589031
19:11:48  IMU시각ms:589019
19:11:48  위험:0
19:11:48  GPS유효:1
19:11:48  위도:37.496689
19:11:48  경도:126.957848
19:11:48  속도:0.061
19:11:48  방향:180.4
19:11:48  GPS원시속도:0.082
19:11:48  GPS원시방향유효:1
19:11:48  GPS원시방향:340.5
19:11:48  가속도:5.047,4.741,6.536
19:11:48  자이로:-1.229,-2.153,1.084
19:11:48  자력계:-34.950,48.150,15.900
19:11:48  IMU방향유효:1
19:11:48  IMU방향:180.4
19:11:48  방향가속도크기:9.52
19:11:48  방향자이로크기:2.71
19:11:48  방향자세cos:0.9972
19:11:48  자기모델잔차:2.85
19:11:48  자기모델반경:1.208
19:11:48  방향채택:15140
19:11:48  방향거부:57969
19:11:48  송신:5631
19:11:48  GPS위성:6
19:11:48  GPS_HDOP:1.61
19:11:48  원시위도:37.496690
19:11:48  원시경도:126.957850
19:11:48  GPS채택:467
19:11:48  GPS이상치거부:0
19:11:48  GPS품질거부:409
19:11:48  GPS재기준:0
19:11:48  RSSI원시:-66
19:11:48  RSSI평활:-66.0
19:11:48  RSSI샘플:11186
19:11:48  RSSI경과ms:103
19:11:48  차량수신:5593
19:11:48  시각ms:589136
19:11:48  IMU시각ms:589124
19:11:48  위험:0
19:11:48  GPS유효:1
19:11:48  위도:37.496689
19:11:48  경도:126.957848
19:11:48  속도:0.061
19:11:48  방향:180.4
19:11:48  GPS원시속도:0.082
19:11:48  GPS원시방향유효:1
19:11:48  GPS원시방향:340.5
19:11:48  가속도:5.143,4.606,6.675
19:11:48  자이로:-0.985,-0.450,0.809
19:11:48  자력계:-35.550,47.550,16.050
19:11:48  IMU방향유효:1
19:11:48  IMU방향:180.4
19:11:48  방향가속도크기:9.60
19:11:48  방향자이로크기:1.35
19:11:48  방향자세cos:0.9967
19:11:48  자기모델잔차:2.70
19:11:48  자기모델반경:1.216
19:11:48  방향채택:15153
19:11:48  방향거부:57969
19:11:48  송신:5632
19:11:48  GPS위성:6
19:11:48  GPS_HDOP:1.61
19:11:48  원시위도:37.496690
19:11:48  원시경도:126.957850
19:11:48  GPS채택:467
19:11:48  GPS이상치거부:0
19:11:48  GPS품질거부:409
19:11:48  GPS재기준:0
19:11:48  RSSI원시:-66
19:11:48  RSSI평활:-66.2
19:11:48  RSSI샘플:11189
19:11:48  RSSI경과ms:1
19:11:48  차량수신:5594
19:11:49  시각ms:589657
19:11:49  IMU시각ms:589645
19:11:49  위험:0
19:11:49  GPS유효:1
19:11:49  위도:37.496689
19:11:49  경도:126.957848
19:11:49  속도:0.047
19:11:49  방향:180.4
19:11:49  GPS원시속도:0.021
19:11:49  GPS원시방향유효:1
19:11:49  GPS원시방향:340.5
19:11:49  가속도:5.124,4.798,6.661
19:11:49  자이로:-1.618,-2.817,0.725
19:11:49  자력계:-36.000,48.750,14.250
19:11:49  IMU방향유효:1
19:11:49  IMU방향:180.4
19:11:49  방향가속도크기:9.68
19:11:49  방향자이로크기:3.33
19:11:49  방향자세cos:0.9971
19:11:49  자기모델잔차:3.03
19:11:49  자기모델반경:1.141
19:11:49  방향채택:15218
19:11:49  방향거부:57969
19:11:49  송신:5637
19:11:49  GPS위성:6
19:11:49  GPS_HDOP:1.61
19:11:49  원시위도:37.496691
19:11:49  원시경도:126.957849
19:11:49  GPS채택:468
19:11:49  GPS이상치거부:0
19:11:49  GPS품질거부:409
19:11:49  GPS재기준:0
19:11:49  RSSI원시:-66
19:11:49  RSSI평활:-66.0
19:11:49  RSSI샘플:11199
19:11:49  RSSI경과ms:2
19:11:49  차량수신:5599
19:11:49  시각ms:589867
19:11:49  IMU시각ms:589855
19:11:49  위험:0
19:11:49  GPS유효:1
19:11:49  위도:37.496689
19:11:49  경도:126.957848
19:11:49  속도:0.038
19:11:49  방향:180.8
19:11:49  GPS원시속도:0.021
19:11:49  GPS원시방향유효:1
19:11:49  GPS원시방향:340.5
19:11:49  가속도:5.109,4.645,6.651
19:11:49  자이로:-0.282,-2.641,-2.855
19:11:49  자력계:-35.700,48.600,15.150
19:11:49  IMU방향유효:1
19:11:49  IMU방향:180.8
19:11:49  방향가속도크기:9.59
19:11:49  방향자이로크기:3.90
19:11:49  방향자세cos:0.9967
19:11:49  자기모델잔차:2.69
19:11:49  자기모델반경:1.171
19:11:49  방향채택:15244
19:11:49  방향거부:57969
19:11:49  송신:5639
19:11:49  GPS위성:6
19:11:49  GPS_HDOP:1.61
19:11:49  원시위도:37.496691
19:11:49  원시경도:126.957849
19:11:49  GPS채택:469
19:11:49  GPS이상치거부:0
19:11:49  GPS품질거부:409
19:11:49  GPS재기준:0
19:11:49  RSSI원시:-65
19:11:49  RSSI평활:-65.9
19:11:49  RSSI샘플:11203
19:11:49  RSSI경과ms:1
19:11:49  차량수신:5601
19:11:49  시각ms:589972
19:11:49  IMU시각ms:589960
19:11:49  위험:0
19:11:49  GPS유효:1
19:11:49  위도:37.496689
19:11:49  경도:126.957848
19:11:49  속도:0.038
19:11:49  방향:180.7
19:11:49  GPS원시속도:0.021
19:11:49  GPS원시방향유효:1
19:11:49  GPS원시방향:340.5
19:11:49  가속도:5.071,4.697,6.512
19:11:49  자이로:-0.962,-3.389,-2.115
19:11:49  자력계:-33.750,48.000,15.600
19:11:49  IMU방향유효:1
19:11:49  IMU방향:180.7
19:11:49  방향가속도크기:9.50
19:11:49  방향자이로크기:4.11
19:11:49  방향자세cos:0.9974
19:11:49  자기모델잔차:3.82
19:11:49  자기모델반경:1.220
19:11:49  방향채택:15257
19:11:49  방향거부:57969
19:11:49  송신:5640
19:11:49  GPS위성:6
19:11:49  GPS_HDOP:1.61
19:11:49  원시위도:37.496691
19:11:49  원시경도:126.957849
19:11:49  GPS채택:469
19:11:49  GPS이상치거부:0
19:11:49  GPS품질거부:409
19:11:49  GPS재기준:0
19:11:49  RSSI원시:-66
19:11:49  RSSI평활:-65.9
19:11:49  RSSI샘플:11204
19:11:49  RSSI경과ms:93
19:11:49  차량수신:5602
19:11:49  시각ms:590077
19:11:49  IMU시각ms:590065
19:11:49  위험:0
19:11:49  GPS유효:1
19:11:49  위도:37.496689
19:11:49  경도:126.957848
19:11:49  속도:0.038
19:11:49  방향:180.7
19:11:49  GPS원시속도:0.021
19:11:49  GPS원시방향유효:1
19:11:49  GPS원시방향:340.5
19:11:49  가속도:4.990,4.697,6.699
19:11:49  자이로:-2.885,-1.908,0.069
19:11:49  자력계:-35.400,46.950,15.900
19:11:49  IMU방향유효:1
19:11:49  IMU방향:180.7
19:11:49  방향가속도크기:9.58
19:11:49  방향자이로크기:3.46
19:11:49  방향자세cos:0.9959
19:11:49  자기모델잔차:3.18
19:11:49  자기모델반경:1.225
19:11:49  방향채택:15270
19:11:49  방향거부:57969
19:11:49  송신:5641
19:11:49  GPS위성:6
19:11:49  GPS_HDOP:1.61
19:11:49  원시위도:37.496691
19:11:49  원시경도:126.957849
19:11:49  GPS채택:469
19:11:49  GPS이상치거부:0
19:11:49  GPS품질거부:409
19:11:49  GPS재기준:0
19:11:49  RSSI원시:-64
19:11:49  RSSI평활:-65.5
19:11:49  RSSI샘플:11207
19:11:49  RSSI경과ms:5
19:11:49  차량수신:5604
19:11:49  시각ms:590181
19:11:49  IMU시각ms:590169
19:11:49  위험:0
19:11:49  GPS유효:1
19:11:49  위도:37.496689
19:11:49  경도:126.957848
19:11:49  속도:0.038
19:11:49  방향:180.7
19:11:49  GPS원시속도:0.021
19:11:49  GPS원시방향유효:1
19:11:49  GPS원시방향:340.5
19:11:49  가속도:5.076,4.712,6.627
19:11:49  자이로:-1.809,2.885,-0.748
19:11:49  자력계:-35.250,48.300,17.100
19:11:49  IMU방향유효:1
19:11:49  IMU방향:180.7
19:11:49  방향가속도크기:9.59
19:11:49  방향자이로크기:3.49
19:11:49  방향자세cos:0.9969
19:11:49  자기모델잔차:1.82
19:11:49  자기모델반경:1.233
19:11:49  방향채택:15283
19:11:49  방향거부:57969
19:11:49  송신:5642
19:11:49  GPS위성:6
19:11:49  GPS_HDOP:1.61
19:11:49  원시위도:37.496691
19:11:49  원시경도:126.957849
19:11:49  GPS채택:469
19:11:49  GPS이상치거부:0
19:11:49  GPS품질거부:409
19:11:49  GPS재기준:0
19:11:49  RSSI원시:-65
19:11:49  RSSI평활:-65.5
19:11:49  RSSI샘플:11209
19:11:49  RSSI경과ms:5
19:11:49  차량수신:5605
19:11:49  시각ms:590493
19:11:49  IMU시각ms:590481
19:11:49  위험:0
19:11:49  GPS유효:1
19:11:49  위도:37.496689
19:11:49  경도:126.957848
19:11:49  속도:0.038
19:11:49  방향:180.7
19:11:49  GPS원시속도:0.021
19:11:49  GPS원시방향유효:1
19:11:49  GPS원시방향:340.5
19:11:49  가속도:5.100,4.922,6.536
19:11:49  자이로:0.878,0.298,-0.947
19:11:49  자력계:-35.400,46.950,16.200
19:11:49  IMU방향유효:1
19:11:49  IMU방향:180.7
19:11:49  방향가속도크기:9.64
19:11:49  방향자이로크기:1.32
19:11:49  방향자세cos:0.9976
19:11:49  자기모델잔차:2.99
19:11:49  자기모델반경:1.233
19:11:49  방향채택:15322
19:11:49  방향거부:57969
19:11:49  송신:5645
19:11:49  GPS위성:6
19:11:49  GPS_HDOP:1.61
19:11:49  원시위도:37.496691
19:11:49  원시경도:126.957849
19:11:49  GPS채택:469
19:11:49  GPS이상치거부:0
19:11:49  GPS품질거부:409
19:11:49  GPS재기준:0
19:11:49  RSSI원시:-64
19:11:49  RSSI평활:-64.4
19:11:49  RSSI샘플:11216
19:11:49  RSSI경과ms:3
19:11:49  차량수신:5608
19:11:50  시각ms:590807
19:11:50  IMU시각ms:590795
19:11:50  위험:0
19:11:50  GPS유효:1
19:11:50  위도:37.496693
19:11:50  경도:126.957848
19:11:50  속도:0.040
19:11:50  방향:180.8
19:11:50  GPS원시속도:0.041
19:11:50  GPS원시방향유효:1
19:11:50  GPS원시방향:340.5
19:11:50  가속도:4.966,4.875,6.531
19:11:50  자이로:-1.344,0.183,-1.252
19:11:50  자력계:-34.950,48.900,15.900
19:11:50  IMU방향유효:1
19:11:50  IMU방향:180.8
19:11:50  방향가속도크기:9.54
19:11:50  방향자이로크기:1.85
19:11:50  방향자세cos:0.9968
19:11:50  자기모델잔차:2.49
19:11:50  자기모델반경:1.195
19:11:50  방향채택:15361
19:11:50  방향거부:57969
19:11:50  송신:5648
19:11:50  GPS위성:6
19:11:50  GPS_HDOP:1.61
19:11:50  원시위도:37.496693
19:11:50  원시경도:126.957849
19:11:50  GPS채택:471
19:11:50  GPS이상치거부:0
19:11:50  GPS품질거부:409
19:11:50  GPS재기준:0
19:11:50  RSSI원시:-65
19:11:50  RSSI평활:-64.7
19:11:50  RSSI샘플:11222
19:11:50  RSSI경과ms:3
19:11:50  차량수신:5611
19:11:50  시각ms:591015
19:11:50  IMU시각ms:591003
19:11:50  위험:0
19:11:50  GPS유효:1
19:11:50  위도:37.496693
19:11:50  경도:126.957848
19:11:50  속도:0.040
19:11:50  방향:180.8
19:11:50  GPS원시속도:0.041
19:11:50  GPS원시방향유효:1
19:11:50  GPS원시방향:340.5
19:11:50  가속도:5.047,4.717,6.680
19:11:50  자이로:-1.992,-3.618,-2.534
19:11:50  자력계:-34.050,47.550,17.850
19:11:50  IMU방향유효:1
19:11:50  IMU방향:180.8
19:11:50  방향가속도크기:9.61
19:11:50  방향자이로크기:4.85
19:11:50  방향자세cos:0.9964
19:11:50  자기모델잔차:2.39
19:11:50  자기모델반경:1.283
19:11:50  방향채택:15387
19:11:50  방향거부:57969
19:11:50  송신:5650
19:11:50  GPS위성:6
19:11:50  GPS_HDOP:1.61
19:11:50  원시위도:37.496693
19:11:50  원시경도:126.957849
19:11:50  GPS채택:471
19:11:50  GPS이상치거부:0
19:11:50  GPS품질거부:409
19:11:50  GPS재기준:0
19:11:50  RSSI원시:-65
19:11:50  RSSI평활:-64.9
19:11:50  RSSI샘플:11226
19:11:50  RSSI경과ms:3
19:11:50  차량수신:5613
19:11:50  시각ms:591119
19:11:50  IMU시각ms:591107
19:11:50  위험:0
19:11:50  GPS유효:1
19:11:50  위도:37.496693
19:11:50  경도:126.957848
19:11:50  속도:0.040
19:11:50  방향:180.7
19:11:50  GPS원시속도:0.041
19:11:50  GPS원시방향유효:1
19:11:50  GPS원시방향:340.5
19:11:50  가속도:5.076,4.779,6.598
19:11:50  자이로:2.153,1.282,-1.809
19:11:50  자력계:-34.050,46.800,15.600
19:11:50  IMU방향유효:1
19:11:50  IMU방향:180.7
19:11:50  방향가속도크기:9.60
19:11:50  방향자이로크기:3.09
19:11:50  방향자세cos:0.9971
19:11:50  자기모델잔차:4.23
19:11:50  자기모델반경:1.238
19:11:50  방향채택:15400
19:11:50  방향거부:57969
19:11:50  송신:5651
19:11:50  GPS위성:6
19:11:50  GPS_HDOP:1.61
19:11:50  원시위도:37.496693
19:11:50  원시경도:126.957849
19:11:50  GPS채택:471
19:11:50  GPS이상치거부:0
19:11:50  GPS품질거부:409
19:11:50  GPS재기준:0
19:11:50  RSSI원시:-65
19:11:50  RSSI평활:-64.9
19:11:50  RSSI샘플:11228
19:11:50  RSSI경과ms:7
19:11:50  차량수신:5614
19:11:50  시각ms:591327
19:11:50  IMU시각ms:591315
19:11:50  위험:0
19:11:50  GPS유효:1
19:11:50  위도:37.496693
19:11:50  경도:126.957848
19:11:50  속도:0.040
19:11:50  방향:180.7
19:11:50  GPS원시속도:0.041
19:11:50  GPS원시방향유효:1
19:11:50  GPS원시방향:340.5
19:11:50  가속도:5.109,4.721,6.747
19:11:50  자이로:-1.603,-2.634,-0.595
19:11:50  자력계:-36.300,47.250,16.350
19:11:50  IMU방향유효:1
19:11:50  IMU방향:180.7
19:11:50  방향가속도크기:9.69
19:11:50  방향자이로크기:3.14
19:11:50  방향자세cos:0.9964
19:11:50  자기모델잔차:2.22
19:11:50  자기모델반경:1.220
19:11:50  방향채택:15426
19:11:50  방향거부:57969
19:11:50  송신:5653
19:11:50  GPS위성:6
19:11:50  GPS_HDOP:1.61
19:11:50  원시위도:37.496693
19:11:50  원시경도:126.957849
19:11:50  GPS채택:471
19:11:50  GPS이상치거부:0
19:11:50  GPS품질거부:409
19:11:50  GPS재기준:0
19:11:50  RSSI원시:-66
19:11:50  RSSI평활:-65.3
19:11:50  RSSI샘플:11232
19:11:50  RSSI경과ms:7
19:11:50  차량수신:5616
19:11:50  시각ms:591431
19:11:50  IMU시각ms:591419
19:11:50  위험:0
19:11:50  GPS유효:1
19:11:50  위도:37.496693
19:11:50  경도:126.957848
19:11:50  속도:0.040
19:11:50  방향:180.8
19:11:50  GPS원시속도:0.041
19:11:50  GPS원시방향유효:1
19:11:50  GPS원시방향:340.5
19:11:50  가속도:4.966,4.717,6.546
19:11:50  자이로:0.863,-0.992,1.412
19:11:50  자력계:-34.050,48.000,15.600
19:11:50  IMU방향유효:1
19:11:50  IMU방향:180.8
19:11:50  방향가속도크기:9.47
19:11:50  방향자이로크기:1.93
19:11:50  방향자세cos:0.9967
19:11:50  자기모델잔차:3.64
19:11:50  자기모델반경:1.216
19:11:50  방향채택:15439
19:11:50  방향거부:57969
19:11:50  송신:5654
19:11:50  GPS위성:6
19:11:50  GPS_HDOP:1.61
19:11:50  원시위도:37.496693
19:11:50  원시경도:126.957849
19:11:50  GPS채택:471
19:11:50  GPS이상치거부:0
19:11:50  GPS품질거부:409
19:11:50  GPS재기준:0
19:11:50  RSSI원시:-64
19:11:50  RSSI평활:-65.1
19:11:50  RSSI샘플:11234
19:11:50  RSSI경과ms:7
19:11:50  차량수신:5617
19:11:51  시각ms:591744
19:11:51  IMU시각ms:591732
19:11:51  위험:0
19:11:51  GPS유효:1
19:11:51  위도:37.496693
19:11:51  경도:126.957848
19:11:51  속도:0.058
19:11:51  방향:180.9
19:11:51  GPS원시속도:0.072
19:11:51  GPS원시방향유효:1
19:11:51  GPS원시방향:340.5
19:11:51  가속도:4.975,4.784,6.661
19:11:51  자이로:0.489,-0.511,0.702
19:11:51  자력계:-34.050,46.800,16.350
19:11:51  IMU방향유효:1
19:11:51  IMU방향:180.9
19:11:51  방향가속도크기:9.59
19:11:51  방향자이로크기:1.00
19:11:51  방향자세cos:0.9962
19:11:51  자기모델잔차:3.74
19:11:51  자기모델반경:1.257
19:11:51  방향채택:15478
19:11:51  방향거부:57969
19:11:51  송신:5657
19:11:51  GPS위성:6
19:11:51  GPS_HDOP:1.61
19:11:51  원시위도:37.496695
19:11:51  원시경도:126.957848
19:11:51  GPS채택:473
19:11:51  GPS이상치거부:0
19:11:51  GPS품질거부:409
19:11:51  GPS재기준:0
19:11:51  RSSI원시:-64
19:11:51  RSSI평활:-64.8
19:11:51  RSSI샘플:11240
19:11:51  RSSI경과ms:4
19:11:51  차량수신:5620
19:11:51  시각ms:591849
19:11:51  IMU시각ms:591837
19:11:51  위험:0
19:11:51  GPS유효:1
19:11:51  위도:37.496693
19:11:51  경도:126.957848
19:11:51  속도:0.058
19:11:51  방향:180.9
19:11:51  GPS원시속도:0.072
19:11:51  GPS원시방향유효:1
19:11:51  GPS원시방향:340.5
19:11:51  가속도:5.219,4.587,6.732
19:11:51  자이로:-0.863,-0.580,1.489
19:11:51  자력계:-35.700,47.400,15.900
19:11:51  IMU방향유효:1
19:11:51  IMU방향:180.9
19:11:51  방향가속도크기:9.68
19:11:51  방향자이로크기:1.82
19:11:51  방향자세cos:0.9966
19:11:51  자기모델잔차:2.79
19:11:51  자기모델반경:1.213
19:11:51  방향채택:15491
19:11:51  방향거부:57969
19:11:51  송신:5658
19:11:51  GPS위성:6
19:11:51  GPS_HDOP:1.61
19:11:51  원시위도:37.496695
19:11:51  원시경도:126.957848
19:11:51  GPS채택:473
19:11:51  GPS이상치거부:0
19:11:51  GPS품질거부:409
19:11:51  GPS재기준:0
19:11:51  RSSI원시:-65
19:11:51  RSSI평활:-64.9
19:11:51  RSSI샘플:11242
19:11:51  RSSI경과ms:2
19:11:51  차량수신:5621
19:11:51  시각ms:592267
19:11:51  IMU시각ms:592255
19:11:51  위험:0
19:11:51  GPS유효:1
19:11:51  위도:37.496693
19:11:51  경도:126.957848
19:11:51  속도:0.058
19:11:51  방향:181.0
19:11:51  GPS원시속도:0.072
19:11:51  GPS원시방향유효:1
19:11:51  GPS원시방향:340.5
19:11:51  가속도:5.023,4.650,6.574
19:11:51  자이로:-2.794,-2.107,1.244
19:11:51  자력계:-36.750,47.250,14.550
19:11:51  IMU방향유효:1
19:11:51  IMU방향:181.0
19:11:51  방향가속도크기:9.49
19:11:51  방향자이로크기:3.71
19:11:51  방향자세cos:0.9967
19:11:51  자기모델잔차:3.14
19:11:51  자기모델반경:1.168
19:11:51  방향채택:15543
19:11:51  방향거부:57969
19:11:51  송신:5662
19:11:51  GPS위성:6
19:11:51  GPS_HDOP:1.61
19:11:51  원시위도:37.496695
19:11:51  원시경도:126.957848
19:11:51  GPS채택:473
19:11:51  GPS이상치거부:0
19:11:51  GPS품질거부:409
19:11:51  GPS재기준:0
19:11:51  RSSI원시:-64
19:11:51  RSSI평활:-64.5
19:11:51  RSSI샘플:11250
19:11:51  RSSI경과ms:4
19:11:51  차량수신:5625
19:11:52  시각ms:592579
19:11:52  IMU시각ms:592567
19:11:52  위험:0
19:11:52  GPS유효:1
19:11:52  위도:37.496693
19:11:52  경도:126.957848
19:11:52  속도:0.058
19:11:52  방향:181.0
19:11:52  GPS원시속도:0.072
19:11:52  GPS원시방향유효:1
19:11:52  GPS원시방향:340.5
19:11:52  가속도:4.985,4.860,6.220
19:11:52  자이로:-4.947,-4.519,0.695
19:11:52  자력계:-34.500,48.000,16.050
19:11:52  IMU방향유효:1
19:11:52  IMU방향:181.0
19:11:52  방향가속도크기:9.34
19:11:52  방향자이로크기:6.74
19:11:52  방향자세cos:0.9983
19:11:52  자기모델잔차:3.09
19:11:52  자기모델반경:1.221
19:11:52  방향채택:15581
19:11:52  방향거부:57970
19:11:52  송신:5665
19:11:52  GPS위성:6
19:11:52  GPS_HDOP:1.61
19:11:52  원시위도:37.496695
19:11:52  원시경도:126.957848
19:11:52  GPS채택:473
19:11:52  GPS이상치거부:0
19:11:52  GPS품질거부:409
19:11:52  GPS재기준:0
19:11:52  RSSI원시:-64
19:11:52  RSSI평활:-64.4
19:11:52  RSSI샘플:11256
19:11:52  RSSI경과ms:5
19:11:52  차량수신:5628
19:11:52  시각ms:592684
19:11:52  IMU시각ms:592672
19:11:52  위험:0
19:11:52  GPS유효:1
19:11:52  위도:37.496696
19:11:52  경도:126.957848
19:11:52  속도:0.056
19:11:52  방향:181.1
19:11:52  GPS원시속도:0.051
19:11:52  GPS원시방향유효:1
19:11:52  GPS원시방향:340.5
19:11:52  가속도:5.382,4.262,7.197
19:11:52  자이로:-2.382,-1.618,1.214
19:11:52  자력계:-36.750,47.550,16.800
19:11:52  IMU방향유효:1
19:11:52  IMU방향:181.1
19:11:52  방향가속도크기:9.95
19:11:52  방향자이로크기:3.12
19:11:52  방향자세cos:0.9920
19:11:52  자기모델잔차:1.52
19:11:52  자기모델반경:1.220
19:11:52  방향채택:15594
19:11:52  방향거부:57970
19:11:52  송신:5666
19:11:52  GPS위성:6
19:11:52  GPS_HDOP:1.61
19:11:52  원시위도:37.496696
19:11:52  원시경도:126.957847
19:11:52  GPS채택:474
19:11:52  GPS이상치거부:0
19:11:52  GPS품질거부:409
19:11:52  GPS재기준:0
19:11:52  RSSI원시:-63
19:11:52  RSSI평활:-64.2
19:11:52  RSSI샘플:11258
19:11:52  RSSI경과ms:8
19:11:52  차량수신:5629
19:11:52  시각ms:593208
19:11:52  IMU시각ms:593196
19:11:52  위험:0
19:11:52  GPS유효:1
19:11:52  위도:37.496696
19:11:52  경도:126.957848
19:11:52  속도:0.054
19:11:52  방향:181.2
19:11:52  GPS원시속도:0.051
19:11:52  GPS원시방향유효:1
19:11:52  GPS원시방향:340.5
19:11:52  가속도:5.037,4.707,6.603
19:11:52  자이로:-0.435,-2.672,-1.237
19:11:52  자력계:-36.000,48.000,15.300
19:11:52  IMU방향유효:1
19:11:52  IMU방향:181.2
19:11:52  방향가속도크기:9.55
19:11:52  방향자이로크기:2.98
19:11:52  방향자세cos:0.9968
19:11:52  자기모델잔차:2.71
19:11:52  자기모델반경:1.182
19:11:52  방향채택:15659
19:11:52  방향거부:57970
19:11:52  송신:5671
19:11:52  GPS위성:6
19:11:52  GPS_HDOP:1.61
19:11:52  원시위도:37.496696
19:11:52  원시경도:126.957847
19:11:52  GPS채택:475
19:11:52  GPS이상치거부:0
19:11:52  GPS품질거부:409
19:11:52  GPS재기준:0
19:11:52  RSSI원시:-60
19:11:52  RSSI평활:-62.7
19:11:52  RSSI샘플:11268
19:11:52  RSSI경과ms:2
19:11:52  차량수신:5634
19:11:52  시각ms:593416
19:11:52  IMU시각ms:593404
19:11:52  위험:0
19:11:52  GPS유효:1
19:11:52  위도:37.496696
19:11:52  경도:126.957848
19:11:52  속도:0.054
19:11:52  방향:181.3
19:11:52  GPS원시속도:0.051
19:11:52  GPS원시방향유효:1
19:11:52  GPS원시방향:340.5
19:11:52  가속도:4.760,4.774,6.910
19:11:52  자이로:-0.099,-1.405,-2.672
19:11:52  자력계:-35.250,45.600,15.300
19:11:52  IMU방향유효:1
19:11:52  IMU방향:181.3
19:11:52  방향가속도크기:9.65
19:11:52  방향자이로크기:3.02
19:11:52  방향자세cos:0.9926
19:11:52  자기모델잔차:4.32
19:11:52  자기모델반경:1.238
19:11:52  방향채택:15685
19:11:52  방향거부:57970
19:11:52  송신:5673
19:11:52  GPS위성:6
19:11:52  GPS_HDOP:1.61
19:11:52  원시위도:37.496696
19:11:52  원시경도:126.957847
19:11:52  GPS채택:475
19:11:52  GPS이상치거부:0
19:11:52  GPS품질거부:409
19:11:52  GPS재기준:0
19:11:52  RSSI원시:-62
19:11:52  RSSI평활:-61.9
19:11:52  RSSI샘플:11272
19:11:52  RSSI경과ms:9
19:11:52  차량수신:5636
19:11:53  시각ms:593624
19:11:53  IMU시각ms:593612
19:11:53  위험:0
19:11:53  GPS유효:1
19:11:53  위도:37.496696
19:11:53  경도:126.957848
19:11:53  속도:0.059
19:11:53  방향:181.3
19:11:53  GPS원시속도:0.067
19:11:53  GPS원시방향유효:1
19:11:53  GPS원시방향:340.5
19:11:53  가속도:5.353,4.659,6.704
19:11:53  자이로:-1.069,-2.168,-2.198
19:11:53  자력계:-36.150,46.650,15.450
19:11:53  IMU방향유효:1
19:11:53  IMU방향:181.3
19:11:53  방향가속도크기:9.76
19:11:53  방향자이로크기:3.27
19:11:53  방향자세cos:0.9976
19:11:53  자기모델잔차:3.19
19:11:53  자기모델반경:1.210
19:11:53  방향채택:15711
19:11:53  방향거부:57970
19:11:53  송신:5675
19:11:53  GPS위성:6
19:11:53  GPS_HDOP:1.61
19:11:53  원시위도:37.496697
19:11:53  원시경도:126.957845
19:11:53  GPS채택:476
19:11:53  GPS이상치거부:0
19:11:53  GPS품질거부:409
19:11:53  GPS재기준:0
19:11:53  RSSI원시:-62
19:11:53  RSSI평활:-61.9
19:11:53  RSSI샘플:11275
19:11:53  RSSI경과ms:92
19:11:53  차량수신:5638
