19:11:33  시각ms:603635
19:11:33  IMU시각ms:603624
19:11:33  위험:0
19:11:33  원시위험:0
19:11:33  GPS유효:0
19:11:33  위도:0.000000
19:11:33  경도:0.000000
19:11:33  속도:0.00
19:11:33  방향:0.0
19:11:33  이동방향유효:0
19:11:33  GPS이동방향:274.8
19:11:33  차체방향유효:0
19:11:33  차체방향:57.5
19:11:33  후진판정:0
19:11:33  IMU요회전속도:0.00
19:11:33  방향가속도크기:9.76
19:11:33  방향자이로크기:3.62
19:11:33  방향자세cos:0.9976
19:11:33  자기모델잔차:0.48
19:11:33  자기모델반경:1.780
19:11:33  방향채택:8953
19:11:33  방향거부:67174
19:11:33  GPS원시속도:0.190
19:11:33  GPS원시방향유효:1
19:11:33  GPS원시방향:275.0
19:11:33  가속도:0.09,0.06,9.76
19:11:33  자이로:-0.2,-3.5,1.0
19:11:33  자력계:-5.250,-82.200,4.500
19:11:33  충격값:0.11
19:11:33  충격피크:0.19
19:11:33  마지막충격발생값:44.27
19:11:33  마지막충격발생ms:70226
19:11:33  송신:5802
19:11:33  지팡이수신:5665
19:11:33  GPS위성:5
19:11:33  GPS_HDOP:1.60
19:11:33  원시위도:37.496718
19:11:33  원시경도:126.957803
19:11:33  GPS채택:627
19:11:33  GPS이상치거부:97
19:11:33  GPS품질거부:287
19:11:33  GPS재기준:12
19:11:33  계산거리:-1.00
19:11:33  접근속도:0.00
19:11:33  TTC:999.00
19:11:33  방향오차:0.0
19:11:33  전방여부:0
19:11:33  위험음성횟수:38
19:11:33  충격음성횟수:1
19:11:33  마지막위험음성:1
19:11:33  RSSI원시:-61
19:11:33  RSSI평활:-58.6
19:11:33  RSSI샘플:5665
19:11:33  RSSI경과ms:23
19:11:33  위험송신:5665
19:11:33  시각ms:604047
19:11:33  IMU시각ms:604036
19:11:33  위험:0
19:11:33  원시위험:0
19:11:33  GPS유효:0
19:11:33  위도:0.000000
19:11:33  경도:0.000000
19:11:33  속도:0.00
19:11:33  방향:0.0
19:11:33  이동방향유효:0
19:11:33  GPS이동방향:274.8
19:11:33  차체방향유효:0
19:11:33  차체방향:57.5
19:11:33  후진판정:0
19:11:33  IMU요회전속도:0.00
19:11:33  방향가속도크기:9.76
19:11:33  방향자이로크기:3.20
19:11:33  방향자세cos:0.9984
19:11:33  자기모델잔차:0.99
19:11:33  자기모델반경:1.853
19:11:33  방향채택:8953
19:11:33  방향거부:67225
19:11:33  GPS원시속도:0.190
19:11:33  GPS원시방향유효:1
19:11:33  GPS원시방향:275.0
19:11:33  가속도:0.01,0.15,9.75
19:11:33  자이로:1.3,-2.4,-1.7
19:11:33  자력계:-6.750,-84.150,5.250
19:11:33  충격값:0.05
19:11:33  충격피크:0.13
19:11:33  마지막충격발생값:44.27
19:11:33  마지막충격발생ms:70226
19:11:33  송신:5806
19:11:33  지팡이수신:5669
19:11:33  GPS위성:5
19:11:33  GPS_HDOP:1.60
19:11:33  원시위도:37.496718
19:11:33  원시경도:126.957803
19:11:33  GPS채택:627
19:11:33  GPS이상치거부:97
19:11:33  GPS품질거부:287
19:11:33  GPS재기준:12
19:11:33  계산거리:-1.00
19:11:33  접근속도:0.00
19:11:33  TTC:999.00
19:11:33  방향오차:0.0
19:11:33  전방여부:0
19:11:33  위험음성횟수:38
19:11:33  충격음성횟수:1
19:11:33  마지막위험음성:1
19:11:33  RSSI원시:-58
19:11:33  RSSI평활:-58.6
19:11:33  RSSI샘플:5669
19:11:33  RSSI경과ms:22
19:11:33  위험송신:5669
19:11:33  시각ms:604151
19:11:33  IMU시각ms:604140
19:11:33  위험:0
19:11:33  원시위험:0
19:11:33  GPS유효:0
19:11:33  위도:0.000000
19:11:33  경도:0.000000
19:11:33  속도:0.00
19:11:33  방향:0.0
19:11:33  이동방향유효:0
19:11:33  GPS이동방향:274.8
19:11:33  차체방향유효:0
19:11:33  차체방향:57.5
19:11:33  후진판정:0
19:11:33  IMU요회전속도:0.00
19:11:33  방향가속도크기:9.69
19:11:33  방향자이로크기:1.36
19:11:33  방향자세cos:0.9975
19:11:33  자기모델잔차:0.91
19:11:33  자기모델반경:1.834
19:11:33  방향채택:8953
19:11:33  방향거부:67238
19:11:33  GPS원시속도:0.190
19:11:33  GPS원시방향유효:1
19:11:33  GPS원시방향:275.0
19:11:33  가속도:0.16,0.17,9.69
19:11:33  자이로:0.6,-1.1,-0.5
19:11:33  자력계:-6.450,-83.850,3.300
19:11:33  충격값:0.13
19:11:33  충격피크:0.16
19:11:33  마지막충격발생값:44.27
19:11:33  마지막충격발생ms:70226
19:11:33  송신:5807
19:11:33  지팡이수신:5670
19:11:33  GPS위성:5
19:11:33  GPS_HDOP:1.60
19:11:33  원시위도:37.496718
19:11:33  원시경도:126.957803
19:11:33  GPS채택:627
19:11:33  GPS이상치거부:97
19:11:33  GPS품질거부:287
19:11:33  GPS재기준:12
19:11:33  계산거리:-1.00
19:11:33  접근속도:0.00
19:11:33  TTC:999.00
19:11:33  방향오차:0.0
19:11:33  전방여부:0
19:11:33  위험음성횟수:38
19:11:33  충격음성횟수:1
19:11:33  마지막위험음성:1
19:11:33  RSSI원시:-60
19:11:33  RSSI평활:-58.9
19:11:33  RSSI샘플:5670
19:11:33  RSSI경과ms:22
19:11:33  위험송신:5670
19:11:34  시각ms:605087
19:11:34  IMU시각ms:605076
19:11:34  위험:0
19:11:34  원시위험:0
19:11:34  GPS유효:0
19:11:34  위도:0.000000
19:11:34  경도:0.000000
19:11:34  속도:0.00
19:11:34  방향:0.0
19:11:34  이동방향유효:0
19:11:34  GPS이동방향:274.8
19:11:34  차체방향유효:0
19:11:34  차체방향:57.5
19:11:34  후진판정:0
19:11:34  IMU요회전속도:0.00
19:11:34  방향가속도크기:9.77
19:11:34  방향자이로크기:3.82
19:11:34  방향자세cos:0.9981
19:11:34  자기모델잔차:0.69
19:11:34  자기모델반경:1.813
19:11:34  방향채택:8953
19:11:34  방향거부:67353
19:11:34  GPS원시속도:0.190
19:11:34  GPS원시방향유효:1
19:11:34  GPS원시방향:275.0
19:11:34  가속도:0.07,0.17,9.76
19:11:34  자이로:3.3,-0.2,1.8
19:11:34  자력계:-5.850,-83.250,3.450
19:11:34  충격값:0.08
19:11:34  충격피크:0.17
19:11:34  마지막충격발생값:44.27
19:11:34  마지막충격발생ms:70226
19:11:34  송신:5816
19:11:34  지팡이수신:5679
19:11:34  GPS위성:5
19:11:34  GPS_HDOP:1.60
19:11:34  원시위도:37.496718
19:11:34  원시경도:126.957803
19:11:34  GPS채택:627
19:11:34  GPS이상치거부:97
19:11:34  GPS품질거부:287
19:11:34  GPS재기준:12
19:11:34  계산거리:-1.00
19:11:34  접근속도:0.00
19:11:34  TTC:999.00
19:11:34  방향오차:0.0
19:11:34  전방여부:0
19:11:34  위험음성횟수:38
19:11:34  충격음성횟수:1
19:11:34  마지막위험음성:1
19:11:34  RSSI원시:-64
19:11:34  RSSI평활:-63.5
19:11:34  RSSI샘플:5679
19:11:34  RSSI경과ms:19
19:11:34  위험송신:5679
19:11:34  시각ms:605192
19:11:34  IMU시각ms:605181
19:11:34  위험:0
19:11:34  원시위험:0
19:11:34  GPS유효:0
19:11:34  위도:0.000000
19:11:34  경도:0.000000
19:11:34  속도:0.00
19:11:34  방향:0.0
19:11:34  이동방향유효:0
19:11:34  GPS이동방향:274.8
19:11:34  차체방향유효:0
19:11:34  차체방향:57.5
19:11:34  후진판정:0
19:11:34  IMU요회전속도:0.00
19:11:34  방향가속도크기:9.87
19:11:34  방향자이로크기:0.62
19:11:34  방향자세cos:0.9980
19:11:34  자기모델잔차:0.07
19:11:34  자기모델반경:1.805
19:11:34  방향채택:8953
19:11:34  방향거부:67366
19:11:34  GPS원시속도:0.190
19:11:34  GPS원시방향유효:1
19:11:34  GPS원시방향:275.0
19:11:34  가속도:0.09,0.16,9.86
19:11:34  자이로:0.4,0.2,0.4
19:11:34  자력계:-4.350,-83.250,4.200
19:11:34  충격값:0.17
19:11:34  충격피크:0.17
19:11:34  마지막충격발생값:44.27
19:11:34  마지막충격발생ms:70226
19:11:34  송신:5817
19:11:34  지팡이수신:5680
19:11:34  GPS위성:5
19:11:34  GPS_HDOP:1.60
19:11:34  원시위도:37.496718
19:11:34  원시경도:126.957803
19:11:34  GPS채택:627
19:11:34  GPS이상치거부:97
19:11:34  GPS품질거부:287
19:11:34  GPS재기준:12
19:11:34  계산거리:-1.00
19:11:34  접근속도:0.00
19:11:34  TTC:999.00
19:11:34  방향오차:0.0
19:11:34  전방여부:0
19:11:34  위험음성횟수:38
19:11:34  충격음성횟수:1
19:11:34  마지막위험음성:1
19:11:34  RSSI원시:-65
19:11:34  RSSI평활:-63.8
19:11:34  RSSI샘플:5680
19:11:34  RSSI경과ms:20
19:11:34  위험송신:5680
19:11:35  시각ms:605403
19:11:35  IMU시각ms:605391
19:11:35  위험:0
19:11:35  원시위험:0
19:11:35  GPS유효:0
19:11:35  위도:0.000000
19:11:35  경도:0.000000
19:11:35  속도:0.00
19:11:35  방향:0.0
19:11:35  이동방향유효:0
19:11:35  GPS이동방향:274.8
19:11:35  차체방향유효:0
19:11:35  차체방향:57.5
19:11:35  후진판정:0
19:11:35  IMU요회전속도:0.00
19:11:35  방향가속도크기:9.77
19:11:35  방향자이로크기:3.07
19:11:35  방향자세cos:0.9987
19:11:35  자기모델잔차:0.41
19:11:35  자기모델반경:1.817
19:11:35  방향채택:8953
19:11:35  방향거부:67392
19:11:35  GPS원시속도:0.190
19:11:35  GPS원시방향유효:1
19:11:35  GPS원시방향:275.0
19:11:35  가속도:-0.02,0.21,9.77
19:11:35  자이로:-0.2,-2.7,-1.5
19:11:35  자력계:-5.700,-83.400,3.750
19:11:35  충격값:0.09
19:11:35  충격피크:0.18
19:11:35  마지막충격발생값:44.27
19:11:35  마지막충격발생ms:70226
19:11:35  송신:5819
19:11:35  지팡이수신:5682
19:11:35  GPS위성:5
19:11:35  GPS_HDOP:1.60
19:11:35  원시위도:37.496718
19:11:35  원시경도:126.957803
19:11:35  GPS채택:627
19:11:35  GPS이상치거부:97
19:11:35  GPS품질거부:287
19:11:35  GPS재기준:12
19:11:35  계산거리:-1.00
19:11:35  접근속도:0.00
19:11:35  TTC:999.00
19:11:35  방향오차:0.0
19:11:35  전방여부:0
19:11:35  위험음성횟수:38
19:11:35  충격음성횟수:1
19:11:35  마지막위험음성:1
19:11:35  RSSI원시:-66
19:11:35  RSSI평활:-64.8
19:11:35  RSSI샘플:5682
19:11:35  RSSI경과ms:21
19:11:35  위험송신:5682
19:11:35  시각ms:605507
19:11:35  IMU시각ms:605496
19:11:35  위험:0
19:11:35  원시위험:0
19:11:35  GPS유효:0
19:11:35  위도:0.000000
19:11:35  경도:0.000000
19:11:35  속도:0.00
19:11:35  방향:0.0
19:11:35  이동방향유효:0
19:11:35  GPS이동방향:274.8
19:11:35  차체방향유효:0
19:11:35  차체방향:57.5
19:11:35  후진판정:0
19:11:35  IMU요회전속도:0.00
19:11:35  방향가속도크기:9.80
19:11:35  방향자이로크기:2.16
19:11:35  방향자세cos:0.9982
19:11:35  자기모델잔차:0.48
19:11:35  자기모델반경:1.784
19:11:35  방향채택:8953
19:11:35  방향거부:67405
19:11:35  GPS원시속도:0.190
19:11:35  GPS원시방향유효:1
19:11:35  GPS원시방향:275.0
19:11:35  가속도:0.03,0.13,9.80
19:11:35  자이로:2.0,0.8,0.4
19:11:35  자력계:-5.700,-82.200,4.500
19:11:35  충격값:0.09
19:11:35  충격피크:0.17
19:11:35  마지막충격발생값:44.27
19:11:35  마지막충격발생ms:70226
19:11:35  송신:5820
19:11:35  지팡이수신:5683
19:11:35  GPS위성:5
19:11:35  GPS_HDOP:1.60
19:11:35  원시위도:37.496718
19:11:35  원시경도:126.957803
19:11:35  GPS채택:627
19:11:35  GPS이상치거부:97
19:11:35  GPS품질거부:287
19:11:35  GPS재기준:12
19:11:35  계산거리:-1.00
19:11:35  접근속도:0.00
19:11:35  TTC:999.00
19:11:35  방향오차:0.0
19:11:35  전방여부:0
19:11:35  위험음성횟수:38
19:11:35  충격음성횟수:1
19:11:35  마지막위험음성:1
19:11:35  RSSI원시:-69
19:11:35  RSSI평활:-65.6
19:11:35  RSSI샘플:5683
19:11:35  RSSI경과ms:20
19:11:35  위험송신:5683
19:11:35  시각ms:605611
19:11:35  IMU시각ms:605600
19:11:35  위험:0
19:11:35  원시위험:0
19:11:35  GPS유효:0
19:11:35  위도:0.000000
19:11:35  경도:0.000000
19:11:35  속도:0.00
19:11:35  방향:0.0
19:11:35  이동방향유효:0
19:11:35  GPS이동방향:274.8
19:11:35  차체방향유효:0
19:11:35  차체방향:57.5
19:11:35  후진판정:0
19:11:35  IMU요회전속도:0.00
19:11:35  방향가속도크기:9.66
19:11:35  방향자이로크기:5.08
19:11:35  방향자세cos:0.9983
19:11:35  자기모델잔차:1.26
19:11:35  자기모델반경:1.769
19:11:35  방향채택:8953
19:11:35  방향거부:67418
19:11:35  GPS원시속도:0.190
19:11:35  GPS원시방향유효:1
19:11:35  GPS원시방향:275.0
19:11:35  가속도:0.04,0.18,9.65
19:11:35  자이로:3.8,-3.4,0.7
19:11:35  자력계:-4.500,-81.900,5.250
19:11:35  충격값:0.07
19:11:35  충격피크:0.15
19:11:35  마지막충격발생값:44.27
19:11:35  마지막충격발생ms:70226
19:11:35  송신:5821
19:11:35  지팡이수신:5684
19:11:35  GPS위성:5
19:11:35  GPS_HDOP:1.60
19:11:35  원시위도:37.496718
19:11:35  원시경도:126.957803
19:11:35  GPS채택:627
19:11:35  GPS이상치거부:97
19:11:35  GPS품질거부:287
19:11:35  GPS재기준:12
19:11:35  계산거리:-1.00
19:11:35  접근속도:0.00
19:11:35  TTC:999.00
19:11:35  방향오차:0.0
19:11:35  전방여부:0
19:11:35  위험음성횟수:38
19:11:35  충격음성횟수:1
19:11:35  마지막위험음성:1
19:11:35  RSSI원시:-68
19:11:35  RSSI평활:-66.1
19:11:35  RSSI샘플:5684
19:11:35  RSSI경과ms:19
19:11:35  위험송신:5684
19:11:36  시각ms:606830
19:11:36  IMU시각ms:606830
19:11:36  위험:0
19:11:36  원시위험:0
19:11:36  GPS유효:0
19:11:36  위도:0.000000
19:11:36  경도:0.000000
19:11:36  속도:0.00
19:11:36  방향:0.0
19:11:36  이동방향유효:0
19:11:36  GPS이동방향:274.8
19:11:36  차체방향유효:0
19:11:36  차체방향:57.5
19:11:36  후진판정:0
19:11:36  IMU요회전속도:0.00
19:11:36  방향가속도크기:9.84
19:11:36  방향자이로크기:2.49
19:11:36  방향자세cos:0.9984
19:11:36  자기모델잔차:1.38
19:11:36  자기모델반경:1.800
19:11:36  방향채택:8953
19:11:36  방향거부:67577
19:11:36  GPS원시속도:0.190
19:11:36  GPS원시방향유효:1
19:11:36  GPS원시방향:275.0
19:11:36  가속도:0.06,0.27,9.84
19:11:36  자이로:-2.5,0.2,0.4
19:11:36  자력계:-6.300,-82.800,2.700
19:11:36  충격값:0.19
19:11:36  충격피크:0.19
19:11:36  마지막충격발생값:44.27
19:11:36  마지막충격발생ms:70226
19:11:36  송신:5833
19:11:36  지팡이수신:5694
19:11:36  GPS위성:5
19:11:36  GPS_HDOP:1.60
19:11:36  원시위도:37.496718
19:11:36  원시경도:126.957803
19:11:36  GPS채택:627
19:11:36  GPS이상치거부:97
19:11:36  GPS품질거부:287
19:11:36  GPS재기준:12
19:11:36  계산거리:-1.00
19:11:36  접근속도:0.00
19:11:36  TTC:999.00
19:11:36  방향오차:0.0
19:11:36  전방여부:0
19:11:36  위험음성횟수:38
19:11:36  충격음성횟수:1
19:11:36  마지막위험음성:1
19:11:36  RSSI원시:-69
19:11:36  RSSI평활:-72.0
19:11:36  RSSI샘플:5694
19:11:36  RSSI경과ms:83
19:11:36  위험송신:5694
19:11:36  시각ms:607136
19:11:36  IMU시각ms:607136
19:11:36  위험:0
19:11:36  원시위험:0
19:11:36  GPS유효:0
19:11:36  위도:0.000000
19:11:36  경도:0.000000
19:11:36  속도:0.00
19:11:36  방향:0.0
19:11:36  이동방향유효:0
19:11:36  GPS이동방향:274.8
19:11:36  차체방향유효:0
19:11:36  차체방향:57.5
19:11:36  후진판정:0
19:11:36  IMU요회전속도:0.00
19:11:36  방향가속도크기:9.70
19:11:36  방향자이로크기:4.00
19:11:36  방향자세cos:0.9978
19:11:36  자기모델잔차:0.06
19:11:36  자기모델반경:1.775
19:11:36  방향채택:8953
19:11:36  방향거부:67618
19:11:36  GPS원시속도:0.190
19:11:36  GPS원시방향유효:1
19:11:36  GPS원시방향:275.0
19:11:36  가속도:0.03,0.05,9.70
19:11:36  자이로:4.0,0.4,0.3
19:11:36  자력계:-6.000,-81.900,4.050
19:11:36  충격값:0.08
19:11:36  충격피크:0.20
19:11:36  마지막충격발생값:44.27
19:11:36  마지막충격발생ms:70226
19:11:36  송신:5836
19:11:36  지팡이수신:5697
19:11:36  GPS위성:5
19:11:36  GPS_HDOP:1.60
19:11:36  원시위도:37.496718
19:11:36  원시경도:126.957803
19:11:36  GPS채택:627
19:11:36  GPS이상치거부:97
19:11:36  GPS품질거부:287
19:11:36  GPS재기준:12
19:11:36  계산거리:-1.00
19:11:36  접근속도:0.00
19:11:36  TTC:999.00
19:11:36  방향오차:0.0
19:11:36  전방여부:0
19:11:36  위험음성횟수:38
19:11:36  충격음성횟수:1
19:11:36  마지막위험음성:1
19:11:36  RSSI원시:-74
19:11:36  RSSI평활:-71.7
19:11:36  RSSI샘플:5697
19:11:36  RSSI경과ms:79
19:11:36  위험송신:5697
19:11:37  시각ms:607738
19:11:37  IMU시각ms:607738
19:11:37  위험:0
19:11:37  원시위험:0
19:11:37  GPS유효:0
19:11:37  위도:0.000000
19:11:37  경도:0.000000
19:11:37  속도:0.00
19:11:37  방향:0.0
19:11:37  이동방향유효:0
19:11:37  GPS이동방향:274.8
19:11:37  차체방향유효:0
19:11:37  차체방향:57.5
19:11:37  후진판정:0
19:11:37  IMU요회전속도:0.00
19:11:37  방향가속도크기:9.71
19:11:37  방향자이로크기:2.19
19:11:37  방향자세cos:0.9990
19:11:37  자기모델잔차:0.99
19:11:37  자기모델반경:1.768
19:11:37  방향채택:8953
19:11:37  방향거부:67702
19:11:37  GPS원시속도:0.190
19:11:37  GPS원시방향유효:1
19:11:37  GPS원시방향:275.0
19:11:37  가속도:-0.11,0.22,9.71
19:11:37  자이로:1.7,-0.8,-1.1
19:11:37  자력계:-5.850,-81.600,4.950
19:11:37  충격값:0.14
19:11:37  충격피크:0.19
19:11:37  마지막충격발생값:44.27
19:11:37  마지막충격발생ms:70226
19:11:37  송신:5842
19:11:37  지팡이수신:5703
19:11:37  GPS위성:5
19:11:37  GPS_HDOP:1.60
19:11:37  원시위도:37.496718
19:11:37  원시경도:126.957803
19:11:37  GPS채택:627
19:11:37  GPS이상치거부:97
19:11:37  GPS품질거부:287
19:11:37  GPS재기준:12
19:11:37  계산거리:-1.00
19:11:37  접근속도:0.00
19:11:37  TTC:999.00
19:11:37  방향오차:0.0
19:11:37  전방여부:0
19:11:37  위험음성횟수:38
19:11:37  충격음성횟수:1
19:11:37  마지막위험음성:1
19:11:37  RSSI원시:-70
19:11:37  RSSI평활:-70.7
19:11:37  RSSI샘플:5703
19:11:37  RSSI경과ms:57
19:11:37  위험송신:5703
19:11:37  시각ms:608142
19:11:37  IMU시각ms:608142
19:11:37  위험:0
19:11:37  원시위험:0
19:11:37  GPS유효:0
19:11:37  위도:0.000000
19:11:37  경도:0.000000
19:11:37  속도:0.00
19:11:37  방향:0.0
19:11:37  이동방향유효:0
19:11:37  GPS이동방향:274.8
19:11:37  차체방향유효:0
19:11:37  차체방향:57.5
19:11:37  후진판정:0
19:11:37  IMU요회전속도:0.00
19:11:37  방향가속도크기:9.70
19:11:37  방향자이로크기:3.71
19:11:37  방향자세cos:0.9987
19:11:37  자기모델잔차:0.02
19:11:37  자기모델반경:1.792
19:11:37  방향채택:8953
19:11:37  방향거부:67757
19:11:37  GPS원시속도:0.190
19:11:37  GPS원시방향유효:1
19:11:37  GPS원시방향:275.0
19:11:37  가속도:0.01,0.25,9.70
19:11:37  자이로:-1.0,0.1,-3.6
19:11:37  자력계:-5.250,-82.650,4.050
19:11:37  충격값:0.11
19:11:37  충격피크:0.18
19:11:37  마지막충격발생값:44.27
19:11:37  마지막충격발생ms:70226
19:11:37  송신:5846
19:11:37  지팡이수신:5706
19:11:37  GPS위성:5
19:11:37  GPS_HDOP:1.60
19:11:37  원시위도:37.496718
19:11:37  원시경도:126.957803
19:11:37  GPS채택:627
19:11:37  GPS이상치거부:97
19:11:37  GPS품질거부:287
19:11:37  GPS재기준:12
19:11:37  계산거리:-1.00
19:11:37  접근속도:0.00
19:11:37  TTC:999.00
19:11:37  방향오차:0.0
19:11:37  전방여부:0
19:11:37  위험음성횟수:38
19:11:37  충격음성횟수:1
19:11:37  마지막위험음성:1
19:11:37  RSSI원시:-72
19:11:37  RSSI평활:-71.4
19:11:37  RSSI샘플:5706
19:11:37  RSSI경과ms:45
19:11:37  위험송신:5706
19:11:37  시각ms:608242
19:11:37  IMU시각ms:608242
19:11:37  위험:0
19:11:37  원시위험:0
19:11:37  GPS유효:0
19:11:37  위도:0.000000
19:11:37  경도:0.000000
19:11:37  속도:0.00
19:11:37  방향:0.0
19:11:37  이동방향유효:0
19:11:37  GPS이동방향:274.8
19:11:37  차체방향유효:0
19:11:37  차체방향:57.5
19:11:37  후진판정:0
19:11:37  IMU요회전속도:0.00
19:11:37  방향가속도크기:9.80
19:11:37  방향자이로크기:1.47
19:11:37  방향자세cos:0.9991
19:11:37  자기모델잔차:0.90
19:11:37  자기모델반경:1.794
19:11:37  방향채택:8953
19:11:37  방향거부:67771
19:11:37  GPS원시속도:0.190
19:11:37  GPS원시방향유효:1
19:11:37  GPS원시방향:275.0
19:11:37  가속도:-0.11,0.23,9.79
19:11:37  자이로:1.0,-0.6,-0.8
19:11:37  자력계:-6.300,-82.350,4.950
19:11:37  충격값:0.17
19:11:37  충격피크:0.22
19:11:37  마지막충격발생값:44.27
19:11:37  마지막충격발생ms:70226
19:11:37  송신:5847
19:11:37  지팡이수신:5707
19:11:37  GPS위성:5
19:11:37  GPS_HDOP:1.60
19:11:37  원시위도:37.496718
19:11:37  원시경도:126.957803
19:11:37  GPS채택:627
19:11:37  GPS이상치거부:97
19:11:37  GPS품질거부:287
19:11:37  GPS재기준:12
19:11:37  계산거리:-1.00
19:11:37  접근속도:0.00
19:11:37  TTC:999.00
19:11:37  방향오차:0.0
19:11:37  전방여부:0
19:11:37  위험음성횟수:38
19:11:37  충격음성횟수:1
19:11:37  마지막위험음성:1
19:11:37  RSSI원시:-72
19:11:37  RSSI평활:-71.5
19:11:37  RSSI샘플:5707
19:11:37  RSSI경과ms:41
19:11:37  위험송신:5707
19:11:38  시각ms:608757
19:11:38  IMU시각ms:608746
19:11:38  위험:0
19:11:38  원시위험:0
19:11:38  GPS유효:0
19:11:38  위도:0.000000
19:11:38  경도:0.000000
19:11:38  속도:0.00
19:11:38  방향:0.0
19:11:38  이동방향유효:0
19:11:38  GPS이동방향:274.8
19:11:38  차체방향유효:0
19:11:38  차체방향:57.5
19:11:38  후진판정:0
19:11:38  IMU요회전속도:0.00
19:11:38  방향가속도크기:9.70
19:11:38  방향자이로크기:1.77
19:11:38  방향자세cos:0.9981
19:11:38  자기모델잔차:1.55
19:11:38  자기모델반경:1.801
19:11:38  방향채택:8953
19:11:38  방향거부:67841
19:11:38  GPS원시속도:0.190
19:11:38  GPS원시방향유효:1
19:11:38  GPS원시방향:275.0
19:11:38  가속도:0.07,0.17,9.70
19:11:38  자이로:-0.4,1.1,1.3
19:11:38  자력계:-6.000,-82.950,2.550
19:11:38  충격값:0.05
19:11:38  충격피크:0.16
19:11:38  마지막충격발생값:44.27
19:11:38  마지막충격발생ms:70226
19:11:38  송신:5852
19:11:38  지팡이수신:5712
19:11:38  GPS위성:5
19:11:38  GPS_HDOP:1.60
19:11:38  원시위도:37.496718
19:11:38  원시경도:126.957803
19:11:38  GPS채택:627
19:11:38  GPS이상치거부:97
19:11:38  GPS품질거부:287
19:11:38  GPS재기준:12
19:11:38  계산거리:-1.00
19:11:38  접근속도:0.00
19:11:38  TTC:999.00
19:11:38  방향오차:0.0
19:11:38  전방여부:0
19:11:38  위험음성횟수:38
19:11:38  충격음성횟수:1
19:11:38  마지막위험음성:1
19:11:38  RSSI원시:-73
19:11:38  RSSI평활:-73.0
19:11:38  RSSI샘플:5712
19:11:38  RSSI경과ms:25
19:11:38  위험송신:5712
19:11:38  시각ms:608950
19:11:38  IMU시각ms:608950
19:11:38  위험:0
19:11:38  원시위험:0
19:11:38  GPS유효:0
19:11:38  위도:0.000000
19:11:38  경도:0.000000
19:11:38  속도:0.00
19:11:38  방향:0.0
19:11:38  이동방향유효:0
19:11:38  GPS이동방향:274.8
19:11:38  차체방향유효:0
19:11:38  차체방향:57.5
19:11:38  후진판정:0
19:11:38  IMU요회전속도:0.00
19:11:38  방향가속도크기:9.77
19:11:38  방향자이로크기:3.12
19:11:38  방향자세cos:0.9978
19:11:38  자기모델잔차:0.63
19:11:38  자기모델반경:1.791
19:11:38  방향채택:8953
19:11:38  방향거부:67868
19:11:38  GPS원시속도:0.190
19:11:38  GPS원시방향유효:1
19:11:38  GPS원시방향:275.0
19:11:38  가속도:0.07,0.09,9.77
19:11:38  자이로:-2.2,0.4,-2.2
19:11:38  자력계:-4.650,-82.800,3.450
19:11:38  충격값:0.09
19:11:38  충격피크:0.19
19:11:38  마지막충격발생값:44.27
19:11:38  마지막충격발생ms:70226
19:11:38  송신:5854
19:11:38  지팡이수신:5714
19:11:38  GPS위성:5
19:11:38  GPS_HDOP:1.60
19:11:38  원시위도:37.496718
19:11:38  원시경도:126.957803
19:11:38  GPS채택:627
19:11:38  GPS이상치거부:97
19:11:38  GPS품질거부:287
19:11:38  GPS재기준:12
19:11:38  계산거리:-1.00
19:11:38  접근속도:0.00
19:11:38  TTC:999.00
19:11:38  방향오차:0.0
19:11:38  전방여부:0
19:11:38  위험음성횟수:38
19:11:38  충격음성횟수:1
19:11:38  마지막위험음성:1
19:11:38  RSSI원시:-72
19:11:38  RSSI평활:-72.6
19:11:38  RSSI샘플:5714
19:11:38  RSSI경과ms:15
19:11:38  위험송신:5714
19:11:39  시각ms:609269
19:11:39  IMU시각ms:609258
19:11:39  위험:0
19:11:39  원시위험:0
19:11:39  GPS유효:0
19:11:39  위도:0.000000
19:11:39  경도:0.000000
19:11:39  속도:0.00
19:11:39  방향:0.0
19:11:39  이동방향유효:0
19:11:39  GPS이동방향:274.8
19:11:39  차체방향유효:0
19:11:39  차체방향:57.5
19:11:39  후진판정:0
19:11:39  IMU요회전속도:0.00
19:11:39  방향가속도크기:9.69
19:11:39  방향자이로크기:0.76
19:11:39  방향자세cos:0.9986
19:11:39  자기모델잔차:0.10
19:11:39  자기모델반경:1.773
19:11:39  방향채택:8953
19:11:39  방향거부:67908
19:11:39  GPS원시속도:0.190
19:11:39  GPS원시방향유효:1
19:11:39  GPS원시방향:275.0
19:11:39  가속도:0.03,0.27,9.68
19:11:39  자이로:0.6,0.3,-0.4
19:11:39  자력계:-5.100,-82.050,3.900
19:11:39  충격값:0.13
19:11:39  충격피크:0.14
19:11:39  마지막충격발생값:44.27
19:11:39  마지막충격발생ms:70226
19:11:39  송신:5857
19:11:39  지팡이수신:5717
19:11:39  GPS위성:5
19:11:39  GPS_HDOP:1.60
19:11:39  원시위도:37.496718
19:11:39  원시경도:126.957803
19:11:39  GPS채택:627
19:11:39  GPS이상치거부:97
19:11:39  GPS품질거부:287
19:11:39  GPS재기준:12
19:11:39  계산거리:-1.00
19:11:39  접근속도:0.00
19:11:39  TTC:999.00
19:11:39  방향오차:0.0
19:11:39  전방여부:0
19:11:39  위험음성횟수:38
19:11:39  충격음성횟수:1
19:11:39  마지막위험음성:1
19:11:39  RSSI원시:-72
19:11:39  RSSI평활:-72.2
19:11:39  RSSI샘플:5717
19:11:39  RSSI경과ms:23
19:11:39  위험송신:5717
19:11:39  시각ms:609375
19:11:39  IMU시각ms:609363
19:11:39  위험:0
19:11:39  원시위험:0
19:11:39  GPS유효:0
19:11:39  위도:0.000000
19:11:39  경도:0.000000
19:11:39  속도:0.00
19:11:39  방향:0.0
19:11:39  이동방향유효:0
19:11:39  GPS이동방향:274.8
19:11:39  차체방향유효:0
19:11:39  차체방향:57.5
19:11:39  후진판정:0
19:11:39  IMU요회전속도:0.00
19:11:39  방향가속도크기:9.70
19:11:39  방향자이로크기:2.56
19:11:39  방향자세cos:0.9987
19:11:39  자기모델잔차:1.47
19:11:39  자기모델반경:1.766
19:11:39  방향채택:8953
19:11:39  방향거부:67921
19:11:39  GPS원시속도:0.190
19:11:39  GPS원시방향유효:1
19:11:39  GPS원시방향:275.0
19:11:39  가속도:-0.02,0.22,9.70
19:11:39  자이로:-0.6,1.4,-2.0
19:11:39  자력계:-6.600,-81.300,5.400
19:11:39  충격값:0.09
19:11:39  충격피크:0.20
19:11:39  마지막충격발생값:44.27
19:11:39  마지막충격발생ms:70226
19:11:39  송신:5858
19:11:39  지팡이수신:5718
19:11:39  GPS위성:5
19:11:39  GPS_HDOP:1.60
19:11:39  원시위도:37.496718
19:11:39  원시경도:126.957803
19:11:39  GPS채택:627
19:11:39  GPS이상치거부:97
19:11:39  GPS품질거부:287
19:11:39  GPS재기준:12
19:11:39  계산거리:-1.00
19:11:39  접근속도:0.00
19:11:39  TTC:999.00
19:11:39  방향오차:0.0
19:11:39  전방여부:0
19:11:39  위험음성횟수:38
19:11:39  충격음성횟수:1
19:11:39  마지막위험음성:1
19:11:39  RSSI원시:-72
19:11:39  RSSI평활:-72.1
19:11:39  RSSI샘플:5718
19:11:39  RSSI경과ms:23
19:11:39  위험송신:5718
19:11:39  시각ms:609689
19:11:39  IMU시각ms:609677
19:11:39  위험:0
19:11:39  원시위험:0
19:11:39  GPS유효:0
19:11:39  위도:0.000000
19:11:39  경도:0.000000
19:11:39  속도:0.00
19:11:39  방향:0.0
19:11:39  이동방향유효:0
19:11:39  GPS이동방향:274.8
19:11:39  차체방향유효:0
19:11:39  차체방향:57.5
19:11:39  후진판정:0
19:11:39  IMU요회전속도:0.00
19:11:39  방향가속도크기:9.80
19:11:39  방향자이로크기:3.15
19:11:39  방향자세cos:0.9982
19:11:39  자기모델잔차:0.92
19:11:39  자기모델반경:1.781
19:11:39  방향채택:8953
19:11:39  방향거부:67960
19:11:39  GPS원시속도:0.190
19:11:39  GPS원시방향유효:1
19:11:39  GPS원시방향:275.0
19:11:39  가속도:0.11,0.28,9.80
19:11:39  자이로:-1.9,-1.0,2.3
19:11:39  자력계:-4.350,-82.350,4.950
19:11:39  충격값:0.16
19:11:39  충격피크:0.18
19:11:39  마지막충격발생값:44.27
19:11:39  마지막충격발생ms:70226
19:11:39  송신:5861
19:11:39  지팡이수신:5721
19:11:39  GPS위성:5
19:11:39  GPS_HDOP:1.60
19:11:39  원시위도:37.496718
19:11:39  원시경도:126.957803
19:11:39  GPS채택:627
19:11:39  GPS이상치거부:97
19:11:39  GPS품질거부:287
19:11:39  GPS재기준:12
19:11:39  계산거리:-1.00
19:11:39  접근속도:0.00
19:11:39  TTC:999.00
19:11:39  방향오차:0.0
19:11:39  전방여부:0
19:11:39  위험음성횟수:38
19:11:39  충격음성횟수:1
19:11:39  마지막위험음성:1
19:11:39  RSSI원시:-72
19:11:39  RSSI평활:-72.9
19:11:39  RSSI샘플:5721
19:11:39  RSSI경과ms:16
19:11:39  위험송신:5721
19:11:39  시각ms:609792
19:11:39  IMU시각ms:609781
19:11:39  위험:0
19:11:39  원시위험:0
19:11:39  GPS유효:0
19:11:39  위도:0.000000
19:11:39  경도:0.000000
19:11:39  속도:0.00
19:11:39  방향:0.0
19:11:39  이동방향유효:0
19:11:39  GPS이동방향:274.8
19:11:39  차체방향유효:0
19:11:39  차체방향:57.5
19:11:39  후진판정:0
19:11:39  IMU요회전속도:0.00
19:11:39  방향가속도크기:9.74
19:11:39  방향자이로크기:3.06
19:11:39  방향자세cos:0.9988
19:11:39  자기모델잔차:0.41
19:11:39  자기모델반경:1.848
19:11:39  방향채택:8953
19:11:39  방향거부:67973
19:11:39  GPS원시속도:0.190
19:11:39  GPS원시방향유효:1
19:11:39  GPS원시방향:275.0
19:11:39  가속도:-0.06,0.18,9.73
19:11:39  자이로:0.4,-1.9,2.3
19:11:39  자력계:-7.050,-84.000,4.650
19:11:39  충격값:0.10
19:11:39  충격피크:0.17
19:11:39  마지막충격발생값:44.27
19:11:39  마지막충격발생ms:70226
19:11:39  송신:5862
19:11:39  지팡이수신:5722
19:11:39  GPS위성:5
19:11:39  GPS_HDOP:1.60
19:11:39  원시위도:37.496718
19:11:39  원시경도:126.957803
19:11:39  GPS채택:627
19:11:39  GPS이상치거부:97
19:11:39  GPS품질거부:287
19:11:39  GPS재기준:12
19:11:39  계산거리:-1.00
19:11:39  접근속도:0.00
19:11:39  TTC:999.00
19:11:39  방향오차:0.0
19:11:39  전방여부:0
19:11:39  위험음성횟수:38
19:11:39  충격음성횟수:1
19:11:39  마지막위험음성:1
19:11:39  RSSI원시:-72
19:11:39  RSSI평활:-72.7
19:11:39  RSSI샘플:5722
19:11:39  RSSI경과ms:21
19:11:39  위험송신:5722
19:11:39  시각ms:609885
19:11:39  IMU시각ms:609885
19:11:39  위험:0
19:11:39  원시위험:0
19:11:39  GPS유효:0
19:11:39  위도:0.000000
19:11:39  경도:0.000000
19:11:39  속도:0.00
19:11:39  방향:0.0
19:11:39  이동방향유효:0
19:11:39  GPS이동방향:274.8
19:11:39  차체방향유효:0
19:11:39  차체방향:57.5
19:11:39  후진판정:0
19:11:39  IMU요회전속도:0.00
19:11:39  방향가속도크기:9.73
19:11:39  방향자이로크기:4.69
19:11:39  방향자세cos:0.9982
19:11:39  자기모델잔차:0.78
19:11:39  자기모델반경:1.777
19:11:39  방향채택:8953
19:11:39  방향거부:67986
19:11:39  GPS원시속도:0.190
19:11:39  GPS원시방향유효:1
19:11:39  GPS원시방향:275.0
19:11:39  가속도:0.01,0.10,9.73
19:11:39  자이로:3.3,-0.7,3.3
19:11:39  자력계:-4.500,-82.200,4.800
19:11:39  충격값:0.06
19:11:39  충격피크:0.16
19:11:39  마지막충격발생값:44.27
19:11:39  마지막충격발생ms:70226
19:11:39  송신:5863
19:11:39  지팡이수신:5722
19:11:39  GPS위성:5
19:11:39  GPS_HDOP:1.60
19:11:39  원시위도:37.496718
19:11:39  원시경도:126.957803
19:11:39  GPS채택:627
19:11:39  GPS이상치거부:97
19:11:39  GPS품질거부:287
19:11:39  GPS재기준:12
19:11:39  계산거리:-1.00
19:11:39  접근속도:0.00
19:11:39  TTC:999.00
19:11:39  방향오차:0.0
19:11:39  전방여부:0
19:11:39  위험음성횟수:38
19:11:39  충격음성횟수:1
19:11:39  마지막위험음성:1
19:11:39  RSSI원시:-72
19:11:39  RSSI평활:-72.7
19:11:39  RSSI샘플:5722
19:11:39  RSSI경과ms:114
19:11:39  위험송신:5722
19:11:40  시각ms:610607
19:11:40  IMU시각ms:610607
19:11:40  위험:0
19:11:40  원시위험:0
19:11:40  GPS유효:0
19:11:40  위도:0.000000
19:11:40  경도:0.000000
19:11:40  속도:0.00
19:11:40  방향:0.0
19:11:40  이동방향유효:0
19:11:40  GPS이동방향:274.8
19:11:40  차체방향유효:0
19:11:40  차체방향:57.5
19:11:40  후진판정:0
19:11:40  IMU요회전속도:0.00
19:11:40  방향가속도크기:9.78
19:11:40  방향자이로크기:2.71
19:11:40  방향자세cos:0.9984
19:11:40  자기모델잔차:1.74
19:11:40  자기모델반경:1.771
19:11:40  방향채택:8953
19:11:40  방향거부:68076
19:11:40  GPS원시속도:0.190
19:11:40  GPS원시방향유효:1
19:11:40  GPS원시방향:275.0
19:11:40  가속도:0.02,0.19,9.78
19:11:40  자이로:0.5,0.7,-2.6
19:11:40  자력계:-5.850,-81.600,5.700
19:11:40  충격값:0.06
19:11:40  충격피크:0.15
19:11:40  마지막충격발생값:44.27
19:11:40  마지막충격발생ms:70226
19:11:40  송신:5870
19:11:40  지팡이수신:5728
19:11:40  GPS위성:5
19:11:40  GPS_HDOP:1.60
19:11:40  원시위도:37.496718
19:11:40  원시경도:126.957803
19:11:40  GPS채택:627
19:11:40  GPS이상치거부:97
19:11:40  GPS품질거부:287
19:11:40  GPS재기준:12
19:11:40  계산거리:-1.00
19:11:40  접근속도:0.00
19:11:40  TTC:999.00
19:11:40  방향오차:0.0
19:11:40  전방여부:0
19:11:40  위험음성횟수:38
19:11:40  충격음성횟수:1
19:11:40  마지막위험음성:1
19:11:40  RSSI원시:-69
19:11:40  RSSI평활:-71.0
19:11:40  RSSI샘플:5728
19:11:40  RSSI경과ms:105
19:11:40  위험송신:5728
19:11:40  시각ms:610708
19:11:40  IMU시각ms:610708
19:11:40  위험:0
19:11:40  원시위험:0
19:11:40  GPS유효:0
19:11:40  위도:0.000000
19:11:40  경도:0.000000
19:11:40  속도:0.00
19:11:40  방향:0.0
19:11:40  이동방향유효:0
19:11:40  GPS이동방향:274.8
19:11:40  차체방향유효:0
19:11:40  차체방향:57.5
19:11:40  후진판정:0
19:11:40  IMU요회전속도:0.00
19:11:40  방향가속도크기:9.65
19:11:40  방향자이로크기:2.45
19:11:40  방향자세cos:0.9982
19:11:40  자기모델잔차:0.72
19:11:40  자기모델반경:1.819
19:11:40  방향채택:8953
19:11:40  방향거부:68090
19:11:40  GPS원시속도:0.190
19:11:40  GPS원시방향유효:1
19:11:40  GPS원시방향:275.0
19:11:40  가속도:0.05,0.15,9.65
19:11:40  자이로:-0.8,-2.3,-0.3
19:11:40  자력계:-5.400,-83.550,3.450
19:11:40  충격값:0.08
19:11:40  충격피크:0.16
19:11:40  마지막충격발생값:44.27
19:11:40  마지막충격발생ms:70226
19:11:40  송신:5871
19:11:40  지팡이수신:5729
19:11:40  GPS위성:5
19:11:40  GPS_HDOP:1.60
19:11:40  원시위도:37.496718
19:11:40  원시경도:126.957803
19:11:40  GPS채택:627
19:11:40  GPS이상치거부:97
19:11:40  GPS품질거부:287
19:11:40  GPS재기준:12
19:11:40  계산거리:-1.00
19:11:40  접근속도:0.00
19:11:40  TTC:999.00
19:11:40  방향오차:0.0
19:11:40  전방여부:0
19:11:40  위험음성횟수:38
19:11:40  충격음성횟수:1
19:11:40  마지막위험음성:1
19:11:40  RSSI원시:-70
19:11:40  RSSI평활:-70.8
19:11:40  RSSI샘플:5729
19:11:40  RSSI경과ms:101
19:11:40  위험송신:5729
19:11:40  시각ms:610809
19:11:40  IMU시각ms:610809
19:11:40  위험:0
19:11:40  원시위험:0
19:11:40  GPS유효:0
19:11:40  위도:0.000000
19:11:40  경도:0.000000
19:11:40  속도:0.00
19:11:40  방향:0.0
19:11:40  이동방향유효:0
19:11:40  GPS이동방향:274.8
19:11:40  차체방향유효:0
19:11:40  차체방향:57.5
19:11:40  후진판정:0
19:11:40  IMU요회전속도:0.00
19:11:40  방향가속도크기:9.75
19:11:40  방향자이로크기:3.15
19:11:40  방향자세cos:0.9984
19:11:40  자기모델잔차:0.99
19:11:40  자기모델반경:1.812
19:11:40  방향채택:8953
19:11:40  방향거부:68104
19:11:40  GPS원시속도:0.190
19:11:40  GPS원시방향유효:1
19:11:40  GPS원시방향:275.0
19:11:40  가속도:-0.03,0.13,9.74
19:11:40  자이로:2.5,0.4,-1.9
19:11:40  자력계:-5.850,-83.250,3.150
19:11:40  충격값:0.06
19:11:40  충격피크:0.14
19:11:40  마지막충격발생값:44.27
19:11:40  마지막충격발생ms:70226
19:11:40  송신:5872
19:11:40  지팡이수신:5730
19:11:40  GPS위성:5
19:11:40  GPS_HDOP:1.60
19:11:40  원시위도:37.496718
19:11:40  원시경도:126.957803
19:11:40  GPS채택:627
19:11:40  GPS이상치거부:97
19:11:40  GPS품질거부:287
19:11:40  GPS재기준:12
19:11:40  계산거리:-1.00
19:11:40  접근속도:0.00
19:11:40  TTC:999.00
19:11:40  방향오차:0.0
19:11:40  전방여부:0
19:11:40  위험음성횟수:38
19:11:40  충격음성횟수:1
19:11:40  마지막위험음성:1
19:11:40  RSSI원시:-70
19:11:40  RSSI평활:-70.7
19:11:40  RSSI샘플:5730
19:11:40  RSSI경과ms:98
19:11:40  위험송신:5730
19:11:40  시각ms:611115
19:11:40  IMU시각ms:611115
19:11:40  위험:0
19:11:40  원시위험:0
19:11:40  GPS유효:0
19:11:40  위도:0.000000
19:11:40  경도:0.000000
19:11:40  속도:0.00
19:11:40  방향:0.0
19:11:40  이동방향유효:0
19:11:40  GPS이동방향:274.8
19:11:40  차체방향유효:0
19:11:40  차체방향:57.5
19:11:40  후진판정:0
19:11:40  IMU요회전속도:0.00
19:11:40  방향가속도크기:9.66
19:11:40  방향자이로크기:1.94
19:11:40  방향자세cos:0.9977
19:11:40  자기모델잔차:1.34
19:11:40  자기모델반경:1.792
19:11:40  방향채택:8953
19:11:40  방향거부:68145
19:11:40  GPS원시속도:0.190
19:11:40  GPS원시방향유효:1
19:11:40  GPS원시방향:275.0
19:11:40  가속도:0.03,0.03,9.66
19:11:40  자이로:-0.9,1.5,-0.8
19:11:40  자력계:-7.050,-82.350,2.700
19:11:40  충격값:0.12
19:11:40  충격피크:0.18
19:11:40  마지막충격발생값:44.27
19:11:40  마지막충격발생ms:70226
19:11:40  송신:5875
19:11:40  지팡이수신:5733
19:11:40  GPS위성:5
19:11:40  GPS_HDOP:1.60
19:11:40  원시위도:37.496718
19:11:40  원시경도:126.957803
19:11:40  GPS채택:627
19:11:40  GPS이상치거부:97
19:11:40  GPS품질거부:287
19:11:40  GPS재기준:12
19:11:40  계산거리:-1.00
19:11:40  접근속도:0.00
19:11:40  TTC:999.00
19:11:40  방향오차:0.0
19:11:40  전방여부:0
19:11:40  위험음성횟수:38
19:11:40  충격음성횟수:1
19:11:40  마지막위험음성:1
19:11:40  RSSI원시:-70
19:11:40  RSSI평활:-70.5
19:11:40  RSSI샘플:5733
19:11:40  RSSI경과ms:88
19:11:40  위험송신:5733
19:11:40  시각ms:611215
19:11:41  IMU시각ms:611215
19:11:41  위험:0
19:11:41  원시위험:0
19:11:41  GPS유효:0
19:11:41  위도:0.000000
19:11:41  경도:0.000000
19:11:41  속도:0.00
19:11:41  방향:0.0
19:11:41  이동방향유효:0
19:11:41  GPS이동방향:274.8
19:11:41  차체방향유효:0
19:11:41  차체방향:57.5
19:11:41  후진판정:0
19:11:41  IMU요회전속도:0.00
19:11:41  방향가속도크기:9.66
19:11:41  방향자이로크기:4.78
19:11:41  방향자세cos:0.9979
19:11:41  자기모델잔차:1.06
19:11:41  자기모델반경:1.787
19:11:41  방향채택:8953
19:11:41  방향거부:68159
19:11:41  GPS원시속도:0.190
19:11:41  GPS원시방향유효:1
19:11:41  GPS원시방향:275.0
19:11:41  가속도:0.09,0.16,9.66
19:11:41  자이로:0.6,-3.7,3.0
19:11:41  자력계:-4.950,-82.650,3.000
19:11:41  충격값:0.09
19:11:41  충격피크:0.16
19:11:41  마지막충격발생값:44.27
19:11:41  마지막충격발생ms:70226
19:11:41  송신:5876
19:11:41  지팡이수신:5734
19:11:41  GPS위성:5
19:11:41  GPS_HDOP:1.60
19:11:41  원시위도:37.496718
19:11:41  원시경도:126.957803
19:11:41  GPS채택:627
19:11:41  GPS이상치거부:97
19:11:41  GPS품질거부:287
19:11:41  GPS재기준:12
19:11:41  계산거리:-1.00
19:11:41  접근속도:0.00
19:11:41  TTC:999.00
19:11:41  방향오차:0.0
19:11:41  전방여부:0
19:11:41  위험음성횟수:38
19:11:41  충격음성횟수:1
19:11:41  마지막위험음성:1
19:11:41  RSSI원시:-72
19:11:41  RSSI평활:-70.8
19:11:41  RSSI샘플:5734
19:11:41  RSSI경과ms:88
19:11:41  위험송신:5734
19:11:41  시각ms:611316
19:11:41  IMU시각ms:611316
19:11:41  위험:0
19:11:41  원시위험:0
19:11:41  GPS유효:0
19:11:41  위도:0.000000
19:11:41  경도:0.000000
19:11:41  속도:0.00
19:11:41  방향:0.0
19:11:41  이동방향유효:0
19:11:41  GPS이동방향:274.8
19:11:41  차체방향유효:0
19:11:41  차체방향:57.5
19:11:41  후진판정:0
19:11:41  IMU요회전속도:0.00
19:11:41  방향가속도크기:9.72
19:11:41  방향자이로크기:2.25
19:11:41  방향자세cos:0.9978
19:11:41  자기모델잔차:0.77
19:11:41  자기모델반경:1.824
19:11:41  방향채택:8953
19:11:41  방향거부:68173
19:11:41  GPS원시속도:0.190
19:11:41  GPS원시방향유효:1
19:11:41  GPS원시방향:275.0
19:11:41  가속도:0.10,0.14,9.72
19:11:41  자이로:-1.5,0.8,1.4
19:11:41  자력계:-5.400,-83.550,4.950
19:11:41  충격값:0.07
19:11:41  충격피크:0.15
19:11:41  마지막충격발생값:44.27
19:11:41  마지막충격발생ms:70226
19:11:41  송신:5877
19:11:41  지팡이수신:5735
19:11:41  GPS위성:5
19:11:41  GPS_HDOP:1.60
19:11:41  원시위도:37.496718
19:11:41  원시경도:126.957803
19:11:41  GPS채택:627
19:11:41  GPS이상치거부:97
19:11:41  GPS품질거부:287
19:11:41  GPS재기준:12
19:11:41  계산거리:-1.00
19:11:41  접근속도:0.00
19:11:41  TTC:999.00
19:11:41  방향오차:0.0
19:11:41  전방여부:0
19:11:41  위험음성횟수:38
19:11:41  충격음성횟수:1
19:11:41  마지막위험음성:1
19:11:41  RSSI원시:-72
19:11:41  RSSI평활:-71.0
19:11:41  RSSI샘플:5735
19:11:41  RSSI경과ms:79
19:11:41  위험송신:5735
19:11:41  시각ms:611416
19:11:41  IMU시각ms:611416
19:11:41  위험:0
19:11:41  원시위험:0
19:11:41  GPS유효:0
19:11:41  위도:0.000000
19:11:41  경도:0.000000
19:11:41  속도:0.00
19:11:41  방향:0.0
19:11:41  이동방향유효:0
19:11:41  GPS이동방향:274.8
19:11:41  차체방향유효:0
19:11:41  차체방향:57.5
19:11:41  후진판정:0
19:11:41  IMU요회전속도:0.00
19:11:41  방향가속도크기:9.75
19:11:41  방향자이로크기:1.81
19:11:41  방향자세cos:0.9983
19:11:41  자기모델잔차:0.07
19:11:41  자기모델반경:1.765
19:11:41  방향채택:8953
19:11:41  방향거부:68187
19:11:41  GPS원시속도:0.190
19:11:41  GPS원시방향유효:1
19:11:41  GPS원시방향:275.0
19:11:41  가속도:0.00,0.11,9.74
19:11:41  자이로:1.2,1.3,0.5
19:11:41  자력계:-4.500,-81.900,4.050
19:11:41  충격값:0.05
19:11:41  충격피크:0.16
19:11:41  마지막충격발생값:44.27
19:11:41  마지막충격발생ms:70226
19:11:41  송신:5878
19:11:41  지팡이수신:5736
19:11:41  GPS위성:5
19:11:41  GPS_HDOP:1.60
19:11:41  원시위도:37.496718
19:11:41  원시경도:126.957803
19:11:41  GPS채택:627
19:11:41  GPS이상치거부:97
19:11:41  GPS품질거부:287
19:11:41  GPS재기준:12
19:11:41  계산거리:-1.00
19:11:41  접근속도:0.00
19:11:41  TTC:999.00
19:11:41  방향오차:0.0
19:11:41  전방여부:0
19:11:41  위험음성횟수:38
19:11:41  충격음성횟수:1
19:11:41  마지막위험음성:1
19:11:41  RSSI원시:-70
19:11:41  RSSI평활:-70.8
19:11:41  RSSI샘플:5736
19:11:41  RSSI경과ms:80
19:11:41  위험송신:5736
19:11:41  시각ms:611817
19:11:41  IMU시각ms:611817
19:11:41  위험:0
19:11:41  원시위험:0
19:11:41  GPS유효:0
19:11:41  위도:0.000000
19:11:41  경도:0.000000
19:11:41  속도:0.00
19:11:41  방향:0.0
19:11:41  이동방향유효:0
19:11:41  GPS이동방향:274.8
19:11:41  차체방향유효:0
19:11:41  차체방향:57.5
19:11:41  후진판정:0
19:11:41  IMU요회전속도:0.00
19:11:41  방향가속도크기:9.66
19:11:41  방향자이로크기:3.06
19:11:41  방향자세cos:0.9982
19:11:41  자기모델잔차:0.82
19:11:41  자기모델반경:1.767
19:11:41  방향채택:8953
19:11:41  방향거부:68243
19:11:41  GPS원시속도:0.190
19:11:41  GPS원시방향유효:1
19:11:41  GPS원시방향:275.0
19:11:41  가속도:0.02,0.13,9.66
19:11:41  자이로:2.7,0.6,1.3
19:11:41  자력계:-4.500,-81.900,4.800
19:11:41  충격값:0.07
19:11:41  충격피크:0.19
19:11:41  마지막충격발생값:44.27
19:11:41  마지막충격발생ms:70226
19:11:41  송신:5882
19:11:41  지팡이수신:5740
19:11:41  GPS위성:5
19:11:41  GPS_HDOP:1.60
19:11:41  원시위도:37.496718
19:11:41  원시경도:126.957803
19:11:41  GPS채택:627
19:11:41  GPS이상치거부:97
19:11:41  GPS품질거부:287
19:11:41  GPS재기준:12
19:11:41  계산거리:-1.00
19:11:41  접근속도:0.00
19:11:41  TTC:999.00
19:11:41  방향오차:0.0
19:11:41  전방여부:0
19:11:41  위험음성횟수:38
19:11:41  충격음성횟수:1
19:11:41  마지막위험음성:1
19:11:41  RSSI원시:-69
19:11:41  RSSI평활:-70.2
19:11:41  RSSI샘플:5740
19:11:41  RSSI경과ms:61
19:11:41  위험송신:5740
19:11:42  시각ms:612323
19:11:42  IMU시각ms:612323
19:11:42  위험:0
19:11:42  원시위험:0
19:11:42  GPS유효:0
19:11:42  위도:0.000000
19:11:42  경도:0.000000
19:11:42  속도:0.00
19:11:42  방향:0.0
19:11:42  이동방향유효:0
19:11:42  GPS이동방향:274.8
19:11:42  차체방향유효:0
19:11:42  차체방향:57.5
19:11:42  후진판정:0
19:11:42  IMU요회전속도:0.00
19:11:42  방향가속도크기:9.63
19:11:42  방향자이로크기:2.59
19:11:42  방향자세cos:0.9981
19:11:42  자기모델잔차:1.44
19:11:42  자기모델반경:1.813
19:11:42  방향채택:8953
19:11:42  방향거부:68312
19:11:42  GPS원시속도:0.190
19:11:42  GPS원시방향유효:1
19:11:42  GPS원시방향:275.0
19:11:42  가속도:-0.02,0.06,9.63
19:11:42  자이로:-2.4,0.9,-0.0
19:11:42  자력계:-6.300,-83.250,2.700
19:11:42  충격값:0.14
19:11:42  충격피크:0.14
19:11:42  마지막충격발생값:44.27
19:11:42  마지막충격발생ms:70226
19:11:42  송신:5887
19:11:42  지팡이수신:5745
19:11:42  GPS위성:5
19:11:42  GPS_HDOP:1.60
19:11:42  원시위도:37.496718
19:11:42  원시경도:126.957803
19:11:42  GPS채택:627
19:11:42  GPS이상치거부:97
19:11:42  GPS품질거부:287
19:11:42  GPS재기준:12
19:11:42  계산거리:-1.00
19:11:42  접근속도:0.00
19:11:42  TTC:999.00
19:11:42  방향오차:0.0
19:11:42  전방여부:0
19:11:42  위험음성횟수:38
19:11:42  충격음성횟수:1
19:11:42  마지막위험음성:1
19:11:42  RSSI원시:-69
19:11:42  RSSI평활:-69.2
19:11:42  RSSI샘플:5745
19:11:42  RSSI경과ms:45
19:11:42  위험송신:5745
19:11:42  시각ms:612525
19:11:42  IMU시각ms:612525
19:11:42  위험:0
19:11:42  원시위험:0
19:11:42  GPS유효:0
19:11:42  위도:0.000000
19:11:42  경도:0.000000
19:11:42  속도:0.00
19:11:42  방향:0.0
19:11:42  이동방향유효:0
19:11:42  GPS이동방향:274.8
19:11:42  차체방향유효:0
19:11:42  차체방향:57.5
19:11:42  후진판정:0
19:11:42  IMU요회전속도:0.00
19:11:42  방향가속도크기:9.75
19:11:42  방향자이로크기:3.48
19:11:42  방향자세cos:0.9981
19:11:42  자기모델잔차:1.10
19:11:42  자기모델반경:1.798
19:11:42  방향채택:8953
19:11:42  방향거부:68340
19:11:42  GPS원시속도:0.190
19:11:42  GPS원시방향유효:1
19:11:42  GPS원시방향:275.0
19:11:42  가속도:0.02,0.09,9.75
19:11:42  자이로:1.2,-3.2,0.5
19:11:42  자력계:-5.250,-82.950,3.000
19:11:42  충격값:0.06
19:11:42  충격피크:0.26
19:11:42  마지막충격발생값:44.27
19:11:42  마지막충격발생ms:70226
19:11:42  송신:5889
19:11:42  지팡이수신:5747
19:11:42  GPS위성:5
19:11:42  GPS_HDOP:1.60
19:11:42  원시위도:37.496718
19:11:42  원시경도:126.957803
19:11:42  GPS채택:627
19:11:42  GPS이상치거부:97
19:11:42  GPS품질거부:287
19:11:42  GPS재기준:12
19:11:42  계산거리:-1.00
19:11:42  접근속도:0.00
19:11:42  TTC:999.00
19:11:42  방향오차:0.0
19:11:42  전방여부:0
19:11:42  위험음성횟수:38
19:11:42  충격음성횟수:1
19:11:42  마지막위험음성:1
19:11:42  RSSI원시:-73
19:11:42  RSSI평활:-70.1
19:11:42  RSSI샘플:5747
19:11:42  RSSI경과ms:40
19:11:42  위험송신:5747
19:11:44  시각ms:614913
19:11:44  IMU시각ms:614902
19:11:44  위험:0
19:11:44  원시위험:0
19:11:44  GPS유효:0
19:11:44  위도:0.000000
19:11:44  경도:0.000000
19:11:44  속도:0.00
19:11:44  방향:0.0
19:11:44  이동방향유효:0
19:11:44  GPS이동방향:274.8
19:11:44  차체방향유효:0
19:11:44  차체방향:57.5
19:11:44  후진판정:0
19:11:44  IMU요회전속도:0.00
19:11:44  방향가속도크기:9.66
19:11:44  방향자이로크기:1.12
19:11:44  방향자세cos:0.9981
19:11:44  자기모델잔차:0.19
19:11:44  자기모델반경:1.785
19:11:44  방향채택:8953
19:11:44  방향거부:68643
19:11:44  GPS원시속도:0.190
19:11:44  GPS원시방향유효:1
19:11:44  GPS원시방향:275.0
19:11:44  가속도:-0.00,0.08,9.66
19:11:44  자이로:0.8,-0.4,0.7
19:11:44  자력계:-6.600,-82.050,4.200
19:11:44  충격값:0.09
19:11:44  충격피크:0.16
19:11:44  마지막충격발생값:44.27
19:11:44  마지막충격발생ms:70226
19:11:44  송신:5912
19:11:44  지팡이수신:5770
19:11:44  GPS위성:5
19:11:44  GPS_HDOP:1.60
19:11:44  원시위도:37.496718
19:11:44  원시경도:126.957803
19:11:44  GPS채택:627
19:11:44  GPS이상치거부:97
19:11:44  GPS품질거부:287
19:11:44  GPS재기준:12
19:11:44  계산거리:-1.00
19:11:44  접근속도:0.00
19:11:44  TTC:999.00
19:11:44  방향오차:0.0
19:11:44  전방여부:0
19:11:44  위험음성횟수:38
19:11:44  충격음성횟수:1
19:11:44  마지막위험음성:1
19:11:44  RSSI원시:-66
19:11:44  RSSI평활:-65.9
19:11:44  RSSI샘플:5770
19:11:44  RSSI경과ms:24
19:11:44  위험송신:5770
19:11:44  시각ms:615223
19:11:44  IMU시각ms:615212
19:11:44  위험:0
19:11:44  원시위험:0
19:11:44  GPS유효:0
19:11:44  위도:0.000000
19:11:44  경도:0.000000
19:11:44  속도:0.00
19:11:44  방향:0.0
19:11:44  이동방향유효:0
19:11:44  GPS이동방향:274.8
19:11:44  차체방향유효:0
19:11:44  차체방향:57.5
19:11:44  후진판정:0
19:11:44  IMU요회전속도:0.00
19:11:44  방향가속도크기:9.70
19:11:44  방향자이로크기:2.54
19:11:44  방향자세cos:0.9976
19:11:44  자기모델잔차:0.12
19:11:44  자기모델반경:1.789
19:11:44  방향채택:8953
19:11:44  방향거부:68680
19:11:44  GPS원시속도:0.190
19:11:44  GPS원시방향유효:1
19:11:44  GPS원시방향:275.0
19:11:44  가속도:0.05,0.02,9.70
19:11:44  자이로:-1.7,-0.0,-1.9
19:11:44  자력계:-3.900,-82.800,4.200
19:11:44  충격값:0.13
19:11:44  충격피크:0.17
19:11:44  마지막충격발생값:44.27
19:11:44  마지막충격발생ms:70226
19:11:44  송신:5915
19:11:44  지팡이수신:5773
19:11:44  GPS위성:5
19:11:44  GPS_HDOP:1.60
19:11:44  원시위도:37.496718
19:11:44  원시경도:126.957803
19:11:44  GPS채택:627
19:11:44  GPS이상치거부:97
19:11:44  GPS품질거부:287
19:11:44  GPS재기준:12
19:11:44  계산거리:-1.00
19:11:44  접근속도:0.00
19:11:44  TTC:999.00
19:11:44  방향오차:0.0
19:11:44  전방여부:0
19:11:45  위험음성횟수:38
19:11:45  충격음성횟수:1
19:11:45  마지막위험음성:1
19:11:45  RSSI원시:-66
19:11:45  RSSI평활:-66.1
19:11:45  RSSI샘플:5773
19:11:45  RSSI경과ms:20
19:11:45  위험송신:5773
19:11:45  시각ms:615538
19:11:45  IMU시각ms:615527
19:11:45  위험:0
19:11:45  원시위험:0
19:11:45  GPS유효:0
19:11:45  위도:0.000000
19:11:45  경도:0.000000
19:11:45  속도:0.00
19:11:45  방향:0.0
19:11:45  이동방향유효:0
19:11:45  GPS이동방향:274.8
19:11:45  차체방향유효:0
19:11:45  차체방향:57.5
19:11:45  후진판정:0
19:11:45  IMU요회전속도:0.00
19:11:45  방향가속도크기:9.77
19:11:45  방향자이로크기:2.72
19:11:45  방향자세cos:0.9977
19:11:45  자기모델잔차:2.09
19:11:45  자기모델반경:1.764
19:11:45  방향채택:8953
19:11:45  방향거부:68719
19:11:45  GPS원시속도:0.190
19:11:45  GPS원시방향유효:1
19:11:45  GPS원시방향:275.0
19:11:45  가속도:0.10,0.10,9.77
19:11:45  자이로:2.2,-1.0,1.3
19:11:45  자력계:-7.200,-81.000,6.000
19:11:45  충격값:0.09
19:11:45  충격피크:0.17
19:11:45  마지막충격발생값:44.27
19:11:45  마지막충격발생ms:70226
19:11:45  송신:5918
19:11:45  지팡이수신:5776
19:11:45  GPS위성:5
19:11:45  GPS_HDOP:1.60
19:11:45  원시위도:37.496718
19:11:45  원시경도:126.957803
19:11:45  GPS채택:627
19:11:45  GPS이상치거부:97
19:11:45  GPS품질거부:287
19:11:45  GPS재기준:12
19:11:45  계산거리:-1.00
19:11:45  접근속도:0.00
19:11:45  TTC:999.00
19:11:45  방향오차:0.0
19:11:45  전방여부:0
19:11:45  위험음성횟수:38
19:11:45  충격음성횟수:1
19:11:45  마지막위험음성:1
19:11:45  RSSI원시:-65
19:11:45  RSSI평활:-65.6
19:11:45  RSSI샘플:5776
19:11:45  RSSI경과ms:22
19:11:45  위험송신:5776
19:11:46  시각ms:616369
19:11:46  IMU시각ms:616369
19:11:46  위험:0
19:11:46  원시위험:0
19:11:46  GPS유효:0
19:11:46  위도:0.000000
19:11:46  경도:0.000000
19:11:46  속도:0.00
19:11:46  방향:0.0
19:11:46  이동방향유효:0
19:11:46  GPS이동방향:274.8
19:11:46  차체방향유효:0
19:11:46  차체방향:57.5
19:11:46  후진판정:0
19:11:46  IMU요회전속도:0.00
19:11:46  방향가속도크기:9.72
19:11:46  방향자이로크기:2.93
19:11:46  방향자세cos:0.9990
19:11:46  자기모델잔차:0.32
19:11:46  자기모델반경:1.752
19:11:46  방향채택:8953
19:11:46  방향거부:68827
19:11:46  GPS원시속도:0.190
19:11:46  GPS원시방향유효:1
19:11:46  GPS원시방향:275.0
19:11:46  가속도:-0.09,0.23,9.72
19:11:46  자이로:2.6,-0.9,0.8
19:11:46  자력계:-7.050,-80.850,4.200
19:11:46  충격값:0.14
19:11:46  충격피크:0.18
19:11:46  마지막충격발생값:44.27
19:11:46  마지막충격발생ms:70226
19:11:46  송신:5926
19:11:46  지팡이수신:5784
19:11:46  GPS위성:5
19:11:46  GPS_HDOP:1.60
19:11:46  원시위도:37.496718
19:11:46  원시경도:126.957803
19:11:46  GPS채택:627
19:11:46  GPS이상치거부:97
19:11:46  GPS품질거부:287
19:11:46  GPS재기준:12
19:11:46  계산거리:-1.00
19:11:46  접근속도:0.00
19:11:46  TTC:999.00
19:11:46  방향오차:0.0
19:11:46  전방여부:0
19:11:46  위험음성횟수:38
19:11:46  충격음성횟수:1
19:11:46  마지막위험음성:1
19:11:46  RSSI원시:-66
19:11:46  RSSI평활:-66.1
19:11:46  RSSI샘플:5784
19:11:46  RSSI경과ms:18
19:11:46  위험송신:5784
19:11:47  시각ms:618046
19:11:47  IMU시각ms:618035
19:11:47  위험:0
19:11:47  원시위험:0
19:11:47  GPS유효:0
19:11:47  위도:0.000000
19:11:47  경도:0.000000
19:11:47  속도:0.00
19:11:47  방향:0.0
19:11:47  이동방향유효:0
19:11:47  GPS이동방향:274.8
19:11:47  차체방향유효:0
19:11:47  차체방향:57.5
19:11:47  후진판정:0
19:11:47  IMU요회전속도:0.00
19:11:47  방향가속도크기:9.73
19:11:47  방향자이로크기:2.25
19:11:47  방향자세cos:0.9980
19:11:47  자기모델잔차:0.24
19:11:47  자기모델반경:1.817
19:11:47  방향채택:8953
19:11:47  방향거부:69034
19:11:47  GPS원시속도:0.190
19:11:47  GPS원시방향유효:1
19:11:47  GPS원시방향:275.0
19:11:47  가속도:-0.03,0.03,9.73
19:11:47  자이로:-0.8,-1.4,-1.6
19:11:47  자력계:-6.300,-83.250,3.900
19:11:47  충격값:0.13
19:11:47  충격피크:0.15
19:11:47  마지막충격발생값:44.27
19:11:47  마지막충격발생ms:70226
19:11:47  송신:5942
19:11:47  지팡이수신:5800
19:11:47  GPS위성:5
19:11:47  GPS_HDOP:1.60
19:11:47  원시위도:37.496718
19:11:47  원시경도:126.957803
19:11:47  GPS채택:627
19:11:47  GPS이상치거부:97
19:11:47  GPS품질거부:287
19:11:47  GPS재기준:12
19:11:47  계산거리:-1.00
19:11:47  접근속도:0.00
19:11:47  TTC:999.00
19:11:47  방향오차:0.0
19:11:47  전방여부:0
19:11:47  위험음성횟수:38
19:11:47  충격음성횟수:1
19:11:47  마지막위험음성:1
19:11:47  RSSI원시:-65
19:11:47  RSSI평활:-64.3
19:11:47  RSSI샘플:5800
19:11:47  RSSI경과ms:21
19:11:47  위험송신:5800
19:11:47  시각ms:618253
19:11:47  IMU시각ms:618242
19:11:47  위험:0
19:11:47  원시위험:0
19:11:47  GPS유효:0
19:11:47  위도:0.000000
19:11:47  경도:0.000000
19:11:47  속도:0.00
19:11:47  방향:0.0
19:11:47  이동방향유효:0
19:11:47  GPS이동방향:274.8
19:11:47  차체방향유효:0
19:11:47  차체방향:57.5
19:11:47  후진판정:0
19:11:47  IMU요회전속도:0.00
19:11:47  방향가속도크기:9.81
19:11:47  방향자이로크기:1.01
19:11:47  방향자세cos:0.9979
19:11:47  자기모델잔차:0.04
19:11:47  자기모델반경:1.738
19:11:47  방향채택:8953
19:11:47  방향거부:69058
19:11:47  GPS원시속도:0.190
19:11:47  GPS원시방향유효:1
19:11:47  GPS원시방향:275.0
19:11:47  가속도:0.12,0.20,9.81
19:11:47  자이로:0.8,-0.0,-0.6
19:11:47  자력계:-5.400,-80.850,3.900
19:11:47  충격값:0.12
19:11:47  충격피크:0.14
19:11:47  마지막충격발생값:44.27
19:11:47  마지막충격발생ms:70226
19:11:47  송신:5944
19:11:47  지팡이수신:5802
19:11:47  GPS위성:5
19:11:47  GPS_HDOP:1.60
19:11:47  원시위도:37.496718
19:11:47  원시경도:126.957803
19:11:47  GPS채택:627
19:11:48  GPS이상치거부:97
19:11:48  GPS품질거부:287
19:11:48  GPS재기준:12
19:11:48  계산거리:-1.00
19:11:48  접근속도:0.00
19:11:48  TTC:999.00
19:11:48  방향오차:0.0
19:11:48  전방여부:0
19:11:48  위험음성횟수:38
19:11:48  충격음성횟수:1
19:11:48  마지막위험음성:1
19:11:48  RSSI원시:-64
19:11:48  RSSI평활:-64.0
19:11:48  RSSI샘플:5802
19:11:48  RSSI경과ms:21
19:11:48  위험송신:5802
19:11:48  시각ms:618462
19:11:48  IMU시각ms:618451
19:11:48  위험:0
19:11:48  원시위험:0
19:11:48  GPS유효:0
19:11:48  위도:0.000000
19:11:48  경도:0.000000
19:11:48  속도:0.00
19:11:48  방향:0.0
19:11:48  이동방향유효:0
19:11:48  GPS이동방향:274.8
19:11:48  차체방향유효:0
19:11:48  차체방향:57.5
19:11:48  후진판정:0
19:11:48  IMU요회전속도:0.00
19:11:48  방향가속도크기:9.69
19:11:48  방향자이로크기:2.71
19:11:48  방향자세cos:0.9983
19:11:48  자기모델잔차:0.60
19:11:48  자기모델반경:1.793
19:11:48  방향채택:8953
19:11:48  방향거부:69084
19:11:48  GPS원시속도:0.190
19:11:48  GPS원시방향유효:1
19:11:48  GPS원시방향:275.0
19:11:48  가속도:0.03,0.16,9.69
19:11:48  자이로:0.2,1.4,-2.3
19:11:48  자력계:-6.300,-82.350,4.650
19:11:48  충격값:0.04
19:11:48  충격피크:0.16
19:11:48  마지막충격발생값:44.27
19:11:48  마지막충격발생ms:70226
19:11:48  송신:5946
19:11:48  지팡이수신:5804
19:11:48  GPS위성:5
19:11:48  GPS_HDOP:1.60
19:11:48  원시위도:37.496718
19:11:48  원시경도:126.957803
19:11:48  GPS채택:627
19:11:48  GPS이상치거부:97
19:11:48  GPS품질거부:287
19:11:48  GPS재기준:12
19:11:48  계산거리:-1.00
19:11:48  접근속도:0.00
19:11:48  TTC:999.00
19:11:48  방향오차:0.0
19:11:48  전방여부:0
19:11:48  위험음성횟수:38
19:11:48  충격음성횟수:1
19:11:48  마지막위험음성:1
19:11:48  RSSI원시:-65
19:11:48  RSSI평활:-64.4
19:11:48  RSSI샘플:5804
19:11:48  RSSI경과ms:21
19:11:48  위험송신:5804
19:11:48  시각ms:618567
19:11:48  IMU시각ms:618555
19:11:48  위험:0
19:11:48  원시위험:0
19:11:48  GPS유효:0
19:11:48  위도:0.000000
19:11:48  경도:0.000000
19:11:48  속도:0.00
19:11:48  방향:0.0
19:11:48  이동방향유효:0
19:11:48  GPS이동방향:274.8
19:11:48  차체방향유효:0
19:11:48  차체방향:57.5
19:11:48  후진판정:0
19:11:48  IMU요회전속도:0.00
19:11:48  방향가속도크기:9.85
19:11:48  방향자이로크기:2.99
19:11:48  방향자세cos:0.9979
19:11:48  자기모델잔차:1.56
19:11:48  자기모델반경:1.768
19:11:48  방향채택:8953
19:11:48  방향거부:69097
19:11:48  GPS원시속도:0.190
19:11:48  GPS원시방향유효:1
19:11:48  GPS원시방향:275.0
19:11:48  가속도:0.00,0.04,9.85
19:11:48  자이로:-1.2,-0.8,-2.6
19:11:48  자력계:-4.200,-81.900,5.550
19:11:48  충격값:0.16
19:11:48  충격피크:0.16
19:11:48  마지막충격발생값:44.27
19:11:48  마지막충격발생ms:70226
19:11:48  송신:5947
19:11:48  지팡이수신:5805
19:11:48  GPS위성:5
19:11:48  GPS_HDOP:1.60
19:11:48  원시위도:37.496718
19:11:48  원시경도:126.957803
19:11:48  GPS채택:627
19:11:48  GPS이상치거부:97
19:11:48  GPS품질거부:287
19:11:48  GPS재기준:12
19:11:48  계산거리:-1.00
19:11:48  접근속도:0.00
19:11:48  TTC:999.00
19:11:48  방향오차:0.0
19:11:48  전방여부:0
19:11:48  위험음성횟수:38
19:11:48  충격음성횟수:1
19:11:48  마지막위험음성:1
19:11:48  RSSI원시:-64
19:11:48  RSSI평활:-64.3
19:11:48  RSSI샘플:5805
19:11:48  RSSI경과ms:17
19:11:48  위험송신:5805
19:11:48  시각ms:618672
19:11:48  IMU시각ms:618661
19:11:48  위험:0
19:11:48  원시위험:0
19:11:48  GPS유효:0
19:11:48  위도:0.000000
19:11:48  경도:0.000000
19:11:48  속도:0.00
19:11:48  방향:0.0
19:11:48  이동방향유효:0
19:11:48  GPS이동방향:274.8
19:11:48  차체방향유효:0
19:11:48  차체방향:57.5
19:11:48  후진판정:0
19:11:48  IMU요회전속도:0.00
19:11:48  방향가속도크기:9.73
19:11:48  방향자이로크기:1.77
19:11:48  방향자세cos:0.9985
19:11:48  자기모델잔차:1.38
19:11:48  자기모델반경:1.792
19:11:48  방향채택:8953
19:11:48  방향거부:69110
19:11:48  GPS원시속도:0.190
19:11:48  GPS원시방향유효:1
19:11:48  GPS원시방향:275.0
19:11:48  가속도:0.02,0.23,9.73
19:11:48  자이로:1.3,-1.0,-0.6
19:11:48  자력계:-7.050,-82.050,5.400
19:11:48  충격값:0.08
19:11:48  충격피크:0.15
19:11:48  마지막충격발생값:44.27
19:11:48  마지막충격발생ms:70226
19:11:48  송신:5948
19:11:48  지팡이수신:5806
19:11:48  GPS위성:5
19:11:48  GPS_HDOP:1.60
19:11:48  원시위도:37.496718
19:11:48  원시경도:126.957803
19:11:48  GPS채택:627
19:11:48  GPS이상치거부:97
19:11:48  GPS품질거부:287
19:11:48  GPS재기준:12
19:11:48  계산거리:-1.00
19:11:48  접근속도:0.00
19:11:48  TTC:999.00
19:11:48  방향오차:0.0
19:11:48  전방여부:0
19:11:48  위험음성횟수:38
19:11:48  충격음성횟수:1
19:11:48  마지막위험음성:1
19:11:48  RSSI원시:-64
19:11:48  RSSI평활:-64.2
19:11:48  RSSI샘플:5806
19:11:48  RSSI경과ms:21
19:11:48  위험송신:5806
19:11:48  시각ms:618881
19:11:48  IMU시각ms:618869
19:11:48  위험:0
19:11:48  원시위험:0
19:11:48  GPS유효:0
19:11:48  위도:0.000000
19:11:48  경도:0.000000
19:11:48  속도:0.00
19:11:48  방향:0.0
19:11:48  이동방향유효:0
19:11:48  GPS이동방향:274.8
19:11:48  차체방향유효:0
19:11:48  차체방향:57.5
19:11:48  후진판정:0
19:11:48  IMU요회전속도:0.00
19:11:48  방향가속도크기:9.75
19:11:48  방향자이로크기:2.95
19:11:48  방향자세cos:0.9981
19:11:48  자기모델잔차:1.25
19:11:48  자기모델반경:1.763
19:11:48  방향채택:8953
19:11:48  방향거부:69136
19:11:48  GPS원시속도:0.190
19:11:48  GPS원시방향유효:1
19:11:48  GPS원시방향:275.0
19:11:48  가속도:0.01,0.08,9.75
19:11:48  자이로:0.6,-2.6,1.3
19:11:48  자력계:-6.300,-81.600,2.700
19:11:48  충격값:0.07
19:11:48  충격피크:0.17
19:11:48  마지막충격발생값:44.27
19:11:48  마지막충격발생ms:70226
19:11:48  송신:5950
19:11:48  지팡이수신:5808
19:11:48  GPS위성:5
19:11:48  GPS_HDOP:1.60
19:11:48  원시위도:37.496718
19:11:48  원시경도:126.957803
19:11:48  GPS채택:627
19:11:48  GPS이상치거부:97
19:11:48  GPS품질거부:287
19:11:48  GPS재기준:12
19:11:48  계산거리:-1.00
19:11:48  접근속도:0.00
19:11:48  TTC:999.00
19:11:48  방향오차:0.0
19:11:48  전방여부:0
19:11:48  위험음성횟수:38
19:11:48  충격음성횟수:1
19:11:48  마지막위험음성:1
19:11:48  RSSI원시:-64
19:11:48  RSSI평활:-64.2
19:11:48  RSSI샘플:5808
19:11:48  RSSI경과ms:19
19:11:48  위험송신:5808
19:11:48  시각ms:618985
19:11:48  IMU시각ms:618973
19:11:48  위험:0
19:11:48  원시위험:0
19:11:48  GPS유효:0
19:11:48  위도:0.000000
19:11:48  경도:0.000000
19:11:48  속도:0.00
19:11:48  방향:0.0
19:11:48  이동방향유효:0
19:11:48  GPS이동방향:274.8
19:11:48  차체방향유효:0
19:11:48  차체방향:57.5
19:11:48  후진판정:0
19:11:48  IMU요회전속도:0.00
19:11:48  방향가속도크기:9.77
19:11:48  방향자이로크기:3.39
19:11:48  방향자세cos:0.9988
19:11:48  자기모델잔차:1.21
19:11:48  자기모델반경:1.794
19:11:48  방향채택:8953
19:11:48  방향거부:69149
19:11:48  GPS원시속도:0.190
19:11:48  GPS원시방향유효:1
19:11:48  GPS원시방향:275.0
19:11:48  가속도:-0.10,0.16,9.77
19:11:48  자이로:0.0,-0.0,-3.4
19:11:48  자력계:-6.750,-82.200,5.250
19:11:48  충격값:0.14
19:11:48  충격피크:0.18
19:11:48  마지막충격발생값:44.27
19:11:48  마지막충격발생ms:70226
19:11:48  송신:5951
19:11:48  지팡이수신:5809
19:11:48  GPS위성:5
19:11:48  GPS_HDOP:1.60
19:11:48  원시위도:37.496718
19:11:48  원시경도:126.957803
19:11:48  GPS채택:627
19:11:48  GPS이상치거부:97
19:11:48  GPS품질거부:287
19:11:48  GPS재기준:12
19:11:48  계산거리:-1.00
19:11:48  접근속도:0.00
19:11:48  TTC:999.00
19:11:48  방향오차:0.0
19:11:48  전방여부:0
19:11:48  위험음성횟수:38
19:11:48  충격음성횟수:1
19:11:48  마지막위험음성:1
19:11:48  RSSI원시:-64
19:11:48  RSSI평활:-64.1
19:11:48  RSSI샘플:5809
19:11:48  RSSI경과ms:15
19:11:48  위험송신:5809
19:11:48  시각ms:619086
19:11:48  IMU시각ms:619074
19:11:48  위험:0
19:11:48  원시위험:0
19:11:48  GPS유효:0
19:11:48  위도:0.000000
19:11:48  경도:0.000000
19:11:48  속도:0.00
19:11:48  방향:0.0
19:11:48  이동방향유효:0
19:11:48  GPS이동방향:274.8
19:11:48  차체방향유효:0
19:11:48  차체방향:57.5
19:11:48  후진판정:0
19:11:48  IMU요회전속도:0.00
19:11:48  방향가속도크기:9.65
19:11:48  방향자이로크기:2.67
19:11:48  방향자세cos:0.9982
19:11:48  자기모델잔차:0.14
19:11:48  자기모델반경:1.792
19:11:48  방향채택:8953
19:11:48  방향거부:69160
19:11:48  GPS원시속도:0.190
19:11:48  GPS원시방향유효:1
19:11:48  GPS원시방향:275.0
19:11:48  가속도:0.08,0.20,9.65
19:11:48  자이로:1.3,2.2,-0.7
19:11:48  자력계:-6.600,-82.350,3.900
19:11:48  충격값:0.11
19:11:48  충격피크:0.13
19:11:48  마지막충격발생값:44.27
19:11:48  마지막충격발생ms:70226
19:11:48  송신:5952
19:11:48  지팡이수신:5810
19:11:48  GPS위성:5
19:11:48  GPS_HDOP:1.60
19:11:48  원시위도:37.496718
19:11:48  원시경도:126.957803
19:11:48  GPS채택:627
19:11:48  GPS이상치거부:97
19:11:48  GPS품질거부:287
19:11:48  GPS재기준:12
19:11:48  계산거리:-1.00
19:11:48  접근속도:0.00
19:11:48  TTC:999.00
19:11:48  방향오차:0.0
19:11:48  전방여부:0
19:11:48  위험음성횟수:38
19:11:48  충격음성횟수:1
19:11:48  마지막위험음성:1
19:11:48  RSSI원시:-64
19:11:48  RSSI평활:-64.1
19:11:48  RSSI샘플:5810
19:11:48  RSSI경과ms:14
19:11:48  위험송신:5810
19:11:48  시각ms:619294
19:11:48  IMU시각ms:619282
19:11:48  위험:0
19:11:48  원시위험:0
19:11:48  GPS유효:0
19:11:48  위도:0.000000
19:11:48  경도:0.000000
19:11:48  속도:0.00
19:11:48  방향:0.0
19:11:49  이동방향유효:0
19:11:49  GPS이동방향:274.8
19:11:49  차체방향유효:0
19:11:49  차체방향:57.5
19:11:49  후진판정:0
19:11:49  IMU요회전속도:0.00
19:11:49  방향가속도크기:9.70
19:11:49  방향자이로크기:3.02
19:11:49  방향자세cos:0.9982
19:11:49  자기모델잔차:1.72
19:11:49  자기모델반경:1.801
19:11:49  방향채택:8953
19:11:49  방향거부:69186
19:11:49  GPS원시속도:0.190
19:11:49  GPS원시방향유효:1
19:11:49  GPS원시방향:275.0
19:11:49  가속도:0.02,0.14,9.70
19:11:49  자이로:0.4,-3.0,-0.5
19:11:49  자력계:-4.650,-83.250,2.400
19:11:49  충격값:0.03
19:11:49  충격피크:0.18
19:11:49  마지막충격발생값:44.27
19:11:49  마지막충격발생ms:70226
19:11:49  송신:5954
19:11:49  지팡이수신:5812
19:11:49  GPS위성:5
19:11:49  GPS_HDOP:1.60
19:11:49  원시위도:37.496718
19:11:49  원시경도:126.957803
19:11:49  GPS채택:627
19:11:49  GPS이상치거부:97
19:11:49  GPS품질거부:287
19:11:49  GPS재기준:12
19:11:49  계산거리:-1.00
19:11:49  접근속도:0.00
19:11:49  TTC:999.00
19:11:49  방향오차:0.0
19:11:49  전방여부:0
19:11:49  위험음성횟수:38
19:11:49  충격음성횟수:1
19:11:49  마지막위험음성:1
19:11:49  RSSI원시:-64
19:11:49  RSSI평활:-64.1
19:11:49  RSSI샘플:5812
19:11:49  RSSI경과ms:17
19:11:49  위험송신:5812
19:11:49  시각ms:619398
19:11:49  IMU시각ms:619386
19:11:49  위험:0
19:11:49  원시위험:0
19:11:49  GPS유효:0
19:11:49  위도:0.000000
19:11:49  경도:0.000000
19:11:49  속도:0.00
19:11:49  방향:0.0
19:11:49  이동방향유효:0
19:11:49  GPS이동방향:274.8
19:11:49  차체방향유효:0
19:11:49  차체방향:57.5
19:11:49  후진판정:0
19:11:49  IMU요회전속도:0.00
19:11:49  방향가속도크기:9.72
19:11:49  방향자이로크기:2.10
19:11:49  방향자세cos:0.9979
19:11:49  자기모델잔차:0.60
19:11:49  자기모델반경:1.793
19:11:49  방향채택:8953
19:11:49  방향거부:69199
19:11:49  GPS원시속도:0.190
19:11:49  GPS원시방향유효:1
19:11:49  GPS원시방향:275.0
19:11:49  가속도:0.08,0.11,9.72
19:11:49  자이로:1.8,-0.5,0.8
19:11:49  자력계:-6.300,-82.350,4.650
19:11:49  충격값:0.04
19:11:49  충격피크:0.15
19:11:49  마지막충격발생값:44.27
19:11:49  마지막충격발생ms:70226
19:11:49  송신:5955
19:11:49  지팡이수신:5813
19:11:49  GPS위성:5
19:11:49  GPS_HDOP:1.60
19:11:49  원시위도:37.496718
19:11:49  원시경도:126.957803
19:11:49  GPS채택:627
19:11:49  GPS이상치거부:97
19:11:49  GPS품질거부:287
19:11:49  GPS재기준:12
19:11:49  계산거리:-1.00
19:11:49  접근속도:0.00
19:11:49  TTC:999.00
19:11:49  방향오차:0.0
19:11:49  전방여부:0
19:11:49  위험음성횟수:38
19:11:49  충격음성횟수:1
19:11:49  마지막위험음성:1
19:11:49  RSSI원시:-63
19:11:49  RSSI평활:-63.8
19:11:49  RSSI샘플:5813
19:11:49  RSSI경과ms:16
19:11:49  위험송신:5813
19:11:49  시각ms:619805
19:11:49  IMU시각ms:619805
19:11:49  위험:0
19:11:49  원시위험:0
19:11:49  GPS유효:0
19:11:49  위도:0.000000
19:11:49  경도:0.000000
19:11:49  속도:0.00
19:11:49  방향:0.0
19:11:49  이동방향유효:0
19:11:49  GPS이동방향:274.8
19:11:49  차체방향유효:0
19:11:49  차체방향:57.5
19:11:49  후진판정:0
19:11:49  IMU요회전속도:0.00
19:11:49  방향가속도크기:9.67
19:11:49  방향자이로크기:2.19
19:11:49  방향자세cos:0.9987
19:11:49  자기모델잔차:0.47
19:11:49  자기모델반경:1.786
19:11:49  방향채택:8953
19:11:49  방향거부:69251
19:11:49  GPS원시속도:0.190
19:11:49  GPS원시방향유효:1
19:11:49  GPS원시방향:275.0
19:11:49  가속도:-0.04,0.19,9.67
19:11:49  자이로:1.8,-0.7,-0.9
19:11:49  자력계:-6.000,-82.200,4.500
19:11:49  충격값:0.10
19:11:49  충격피크:0.16
19:11:49  마지막충격발생값:44.27
19:11:49  마지막충격발생ms:70226
19:11:49  송신:5959
19:11:49  지팡이수신:5816
19:11:49  GPS위성:5
19:11:49  GPS_HDOP:1.60
19:11:49  원시위도:37.496718
19:11:49  원시경도:126.957803
19:11:49  GPS채택:627
19:11:49  GPS이상치거부:97
19:11:49  GPS품질거부:287
19:11:49  GPS재기준:12
19:11:49  계산거리:-1.00
19:11:49  접근속도:0.00
19:11:49  TTC:999.00
19:11:49  방향오차:0.0
19:11:49  전방여부:0
19:11:49  위험음성횟수:38
19:11:49  충격음성횟수:1
19:11:49  마지막위험음성:1
19:11:49  RSSI원시:-63
19:11:49  RSSI평활:-63.7
19:11:49  RSSI샘플:5816
19:11:49  RSSI경과ms:108
19:11:49  위험송신:5816
19:11:49  시각ms:619906
19:11:49  IMU시각ms:619906
19:11:49  위험:0
19:11:49  원시위험:0
19:11:49  GPS유효:0
19:11:49  위도:0.000000
19:11:49  경도:0.000000
19:11:49  속도:0.00
19:11:49  방향:0.0
19:11:49  이동방향유효:0
19:11:49  GPS이동방향:274.8
19:11:49  차체방향유효:0
19:11:49  차체방향:57.5
19:11:49  후진판정:0
19:11:49  IMU요회전속도:0.00
19:11:49  방향가속도크기:9.73
19:11:49  방향자이로크기:2.23
19:11:49  방향자세cos:0.9986
19:11:49  자기모델잔차:1.21
19:11:49  자기모델반경:1.794
19:11:49  방향채택:8953
19:11:49  방향거부:69265
19:11:49  GPS원시속도:0.190
19:11:49  GPS원시방향유효:1
19:11:49  GPS원시방향:275.0
19:11:49  가속도:-0.03,0.18,9.73
19:11:49  자이로:0.0,-0.6,-2.1
19:11:49  자력계:-6.750,-82.200,5.250
19:11:49  충격값:0.08
19:11:49  충격피크:0.15
19:11:49  마지막충격발생값:44.27
19:11:49  마지막충격발생ms:70226
19:11:49  송신:5960
19:11:49  지팡이수신:5817
19:11:49  GPS위성:5
19:11:49  GPS_HDOP:1.60
19:11:49  원시위도:37.496718
19:11:49  원시경도:126.957803
19:11:49  GPS채택:627
19:11:49  GPS이상치거부:97
19:11:49  GPS품질거부:287
19:11:49  GPS재기준:12
19:11:49  계산거리:-1.00
19:11:49  접근속도:0.00
19:11:49  TTC:999.00
19:11:49  방향오차:0.0
19:11:49  전방여부:0
19:11:49  위험음성횟수:38
19:11:49  충격음성횟수:1
19:11:49  마지막위험음성:1
19:11:49  RSSI원시:-63
19:11:49  RSSI평활:-63.6
19:11:49  RSSI샘플:5817
19:11:49  RSSI경과ms:100
19:11:49  위험송신:5817
19:11:49  시각ms:620007
19:11:49  IMU시각ms:620007
19:11:49  위험:0
19:11:49  원시위험:0
19:11:49  GPS유효:0
19:11:49  위도:0.000000
19:11:49  경도:0.000000
19:11:49  속도:0.00
19:11:49  방향:0.0
19:11:49  이동방향유효:0
19:11:49  GPS이동방향:274.8
19:11:49  차체방향유효:0
19:11:49  차체방향:57.5
19:11:49  후진판정:0
19:11:49  IMU요회전속도:0.00
19:11:49  방향가속도크기:9.65
19:11:49  방향자이로크기:5.18
19:11:49  방향자세cos:0.9983
19:11:49  자기모델잔차:1.14
19:11:49  자기모델반경:1.806
19:11:49  방향채택:8953
19:11:49  방향거부:69279
19:11:49  GPS원시속도:0.190
19:11:49  GPS원시방향유효:1
19:11:49  GPS원시방향:275.0
19:11:49  가속도:-0.01,0.11,9.65
19:11:49  자이로:2.9,-1.6,4.0
19:11:49  자력계:-5.250,-82.950,5.250
19:11:49  충격값:0.08
19:11:49  충격피크:0.16
19:11:49  마지막충격발생값:44.27
19:11:49  마지막충격발생ms:70226
19:11:49  송신:5961
19:11:49  지팡이수신:5818
19:11:49  GPS위성:5
19:11:49  GPS_HDOP:1.60
19:11:49  원시위도:37.496718
19:11:49  원시경도:126.957803
19:11:49  GPS채택:627
19:11:49  GPS이상치거부:97
19:11:49  GPS품질거부:287
19:11:49  GPS재기준:12
19:11:49  계산거리:-1.00
19:11:49  접근속도:0.00
19:11:49  TTC:999.00
19:11:49  방향오차:0.0
19:11:49  전방여부:0
19:11:49  위험음성횟수:38
19:11:49  충격음성횟수:1
19:11:49  마지막위험음성:1
19:11:49  RSSI원시:-62
19:11:49  RSSI평활:-63.3
19:11:49  RSSI샘플:5818
19:11:49  RSSI경과ms:100
19:11:49  위험송신:5818
19:11:49  시각ms:620112
19:11:49  IMU시각ms:620112
19:11:49  위험:0
19:11:49  원시위험:0
19:11:49  GPS유효:0
19:11:49  위도:0.000000
19:11:49  경도:0.000000
19:11:49  속도:0.00
19:11:49  방향:0.0
19:11:49  이동방향유효:0
19:11:49  GPS이동방향:274.8
19:11:49  차체방향유효:0
19:11:49  차체방향:57.5
19:11:49  후진판정:0
19:11:49  IMU요회전속도:0.00
19:11:49  방향가속도크기:9.69
19:11:49  방향자이로크기:2.05
19:11:49  방향자세cos:0.9980
19:11:49  자기모델잔차:0.10
19:11:49  자기모델반경:1.778
19:11:49  방향채택:8953
19:11:49  방향거부:69292
19:11:49  GPS원시속도:0.190
19:11:49  GPS원시방향유효:1
19:11:49  GPS원시방향:275.0
19:11:49  가속도:0.05,0.11,9.69
19:11:49  자이로:-0.5,1.2,-1.6
19:11:49  자력계:-5.850,-82.050,3.900
19:11:49  충격값:0.05
19:11:49  충격피크:0.16
19:11:49  마지막충격발생값:44.27
19:11:49  마지막충격발생ms:70226
19:11:49  송신:5962
19:11:49  지팡이수신:5819
19:11:49  GPS위성:5
19:11:49  GPS_HDOP:1.60
19:11:49  원시위도:37.496718
19:11:49  원시경도:126.957803
19:11:49  GPS채택:627
19:11:49  GPS이상치거부:97
19:11:49  GPS품질거부:287
19:11:49  GPS재기준:12
19:11:49  계산거리:-1.00
19:11:49  접근속도:0.00
19:11:49  TTC:999.00
19:11:49  방향오차:0.0
19:11:49  전방여부:0
19:11:49  위험음성횟수:38
19:11:49  충격음성횟수:1
19:11:49  마지막위험음성:1
19:11:49  RSSI원시:-62
19:11:49  RSSI평활:-63.0
19:11:49  RSSI샘플:5819
19:11:49  RSSI경과ms:102
19:11:49  위험송신:5819
19:11:50  시각ms:620414
19:11:50  IMU시각ms:620414
19:11:50  위험:0
19:11:50  원시위험:0
19:11:50  GPS유효:0
19:11:50  위도:0.000000
19:11:50  경도:0.000000
19:11:50  속도:0.00
19:11:50  방향:0.0
19:11:50  이동방향유효:0
19:11:50  GPS이동방향:274.8
19:11:50  차체방향유효:0
19:11:50  차체방향:57.5
19:11:50  후진판정:0
19:11:50  IMU요회전속도:0.00
19:11:50  방향가속도크기:9.61
19:11:50  방향자이로크기:2.71
19:11:50  방향자세cos:0.9986
19:11:50  자기모델잔차:0.82
19:11:50  자기모델반경:1.767
19:11:50  방향채택:8953
19:11:50  방향거부:69334
19:11:50  GPS원시속도:0.190
19:11:50  GPS원시방향유효:1
19:11:50  GPS원시방향:275.0
19:11:50  가속도:0.00,0.23,9.61
19:11:50  자이로:1.4,-1.8,1.4
19:11:50  자력계:-4.500,-81.900,4.800
19:11:50  충격값:0.15
19:11:50  충격피크:0.17
19:11:50  마지막충격발생값:44.27
19:11:50  마지막충격발생ms:70226
19:11:50  송신:5965
19:11:50  지팡이수신:5822
19:11:50  GPS위성:5
19:11:50  GPS_HDOP:1.60
19:11:50  원시위도:37.496718
19:11:50  원시경도:126.957803
19:11:50  GPS채택:627
19:11:50  GPS이상치거부:97
19:11:50  GPS품질거부:287
19:11:50  GPS재기준:12
19:11:50  계산거리:-1.00
19:11:50  접근속도:0.00
19:11:50  TTC:999.00
19:11:50  방향오차:0.0
19:11:50  전방여부:0
19:11:50  위험음성횟수:38
19:11:50  충격음성횟수:1
19:11:50  마지막위험음성:1
19:11:50  RSSI원시:-63
19:11:50  RSSI평활:-62.7
19:11:50  RSSI샘플:5822
19:11:50  RSSI경과ms:83
19:11:50  위험송신:5822
19:11:50  시각ms:620515
19:11:50  IMU시각ms:620515
19:11:50  위험:0
19:11:50  원시위험:0
19:11:50  GPS유효:0
19:11:50  위도:0.000000
19:11:50  경도:0.000000
19:11:50  속도:0.00
19:11:50  방향:0.0
19:11:50  이동방향유효:0
19:11:50  GPS이동방향:274.8
19:11:50  차체방향유효:0
19:11:50  차체방향:57.5
19:11:50  후진판정:0
19:11:50  IMU요회전속도:0.00
19:11:50  방향가속도크기:9.76
19:11:50  방향자이로크기:3.20
19:11:50  방향자세cos:0.9991
19:11:50  자기모델잔차:0.84
19:11:50  자기모델반경:1.770
19:11:50  방향채택:8953
19:11:50  방향거부:69348
19:11:50  GPS원시속도:0.190
19:11:50  GPS원시방향유효:1
19:11:50  GPS원시방향:275.0
19:11:50  가속도:-0.12,0.23,9.75
19:11:50  자이로:1.8,-2.2,-1.5
19:11:50  자력계:-5.100,-82.050,3.150
19:11:50  충격값:0.18
19:11:50  충격피크:0.18
19:11:50  마지막충격발생값:44.27
19:11:50  마지막충격발생ms:70226
19:11:50  송신:5966
19:11:50  지팡이수신:5823
19:11:50  GPS위성:5
19:11:50  GPS_HDOP:1.60
19:11:50  원시위도:37.496718
19:11:50  원시경도:126.957803
19:11:50  GPS채택:627
19:11:50  GPS이상치거부:97
19:11:50  GPS품질거부:287
19:11:50  GPS재기준:12
19:11:50  계산거리:-1.00
19:11:50  접근속도:0.00
19:11:50  TTC:999.00
19:11:50  방향오차:0.0
19:11:50  전방여부:0
19:11:50  위험음성횟수:38
19:11:50  충격음성횟수:1
19:11:50  마지막위험음성:1
19:11:50  RSSI원시:-61
19:11:50  RSSI평활:-62.4
19:11:50  RSSI샘플:5823
19:11:50  RSSI경과ms:87
19:11:50  위험송신:5823
19:11:50  시각ms:620615
19:11:50  IMU시각ms:620615
19:11:50  위험:0
19:11:50  원시위험:0
19:11:50  GPS유효:0
19:11:50  위도:0.000000
19:11:50  경도:0.000000
19:11:50  속도:0.00
19:11:50  방향:0.0
19:11:50  이동방향유효:0
19:11:50  GPS이동방향:274.8
19:11:50  차체방향유효:0
19:11:50  차체방향:57.5
19:11:50  후진판정:0
19:11:50  IMU요회전속도:0.00
19:11:50  방향가속도크기:9.70
19:11:50  방향자이로크기:2.13
19:11:50  방향자세cos:0.9978
19:11:50  자기모델잔차:0.19
19:11:50  자기모델반경:1.804
19:11:50  방향채택:8953
19:11:50  방향거부:69362
19:11:50  GPS원시속도:0.190
19:11:50  GPS원시방향유효:1
19:11:50  GPS원시방향:275.0
19:11:50  가속도:0.09,0.11,9.70
19:11:50  자이로:-1.5,0.3,-1.5
19:11:50  자력계:-6.300,-82.800,3.900
19:11:50  충격값:0.07
19:11:50  충격피크:0.19
19:11:50  마지막충격발생값:44.27
19:11:50  마지막충격발생ms:70226
19:11:50  송신:5967
19:11:50  지팡이수신:5824
19:11:50  GPS위성:5
19:11:50  GPS_HDOP:1.60
19:11:50  원시위도:37.496718
19:11:50  원시경도:126.957803
19:11:50  GPS채택:627
19:11:50  GPS이상치거부:97
19:11:50  GPS품질거부:287
19:11:50  GPS재기준:12
19:11:50  계산거리:-1.00
19:11:50  접근속도:0.00
19:11:50  TTC:999.00
19:11:50  방향오차:0.0
19:11:50  전방여부:0
19:11:50  위험음성횟수:38
19:11:50  충격음성횟수:1
19:11:50  마지막위험음성:1
19:11:50  RSSI원시:-63
19:11:50  RSSI평활:-62.5
19:11:50  RSSI샘플:5824
19:11:50  RSSI경과ms:83
19:11:50  위험송신:5824
19:11:50  시각ms:620716
19:11:50  IMU시각ms:620716
19:11:50  위험:0
19:11:50  원시위험:0
19:11:50  GPS유효:0
19:11:50  위도:0.000000
19:11:50  경도:0.000000
19:11:50  속도:0.00
19:11:50  방향:0.0
19:11:50  이동방향유효:0
19:11:50  GPS이동방향:274.8
19:11:50  차체방향유효:0
19:11:50  차체방향:57.5
19:11:50  후진판정:0
19:11:50  IMU요회전속도:0.00
19:11:50  방향가속도크기:9.71
19:11:50  방향자이로크기:3.12
19:11:50  방향자세cos:0.9978
19:11:50  자기모델잔차:0.68
19:11:50  자기모델반경:1.772
19:11:50  방향채택:8953
19:11:50  방향거부:69376
19:11:50  GPS원시속도:0.190
19:11:50  GPS원시방향유효:1
19:11:50  GPS원시방향:275.0
19:11:50  가속도:0.11,0.16,9.71
19:11:50  자이로:1.9,-1.6,1.9
19:11:50  자력계:-6.000,-81.900,3.300
19:11:50  충격값:0.08
19:11:50  충격피크:0.14
19:11:50  마지막충격발생값:44.27
19:11:50  마지막충격발생ms:70226
19:11:50  송신:5968
19:11:50  지팡이수신:5825
19:11:50  GPS위성:5
19:11:50  GPS_HDOP:1.60
19:11:50  원시위도:37.496718
19:11:50  원시경도:126.957803
19:11:50  GPS채택:627
19:11:50  GPS이상치거부:97
19:11:50  GPS품질거부:287
19:11:50  GPS재기준:12
19:11:50  계산거리:-1.00
19:11:50  접근속도:0.00
19:11:50  TTC:999.00
19:11:50  방향오차:0.0
19:11:50  전방여부:0
19:11:50  위험음성횟수:38
19:11:50  충격음성횟수:1
19:11:50  마지막위험음성:1
19:11:50  RSSI원시:-62
19:11:50  RSSI평활:-62.4
19:11:50  RSSI샘플:5825
19:11:50  RSSI경과ms:79
19:11:50  위험송신:5825
19:11:50  시각ms:620816
19:11:50  IMU시각ms:620816
19:11:50  위험:0
19:11:50  원시위험:0
19:11:50  GPS유효:0
19:11:50  위도:0.000000
19:11:50  경도:0.000000
19:11:50  속도:0.00
19:11:50  방향:0.0
19:11:50  이동방향유효:0
19:11:50  GPS이동방향:274.8
19:11:50  차체방향유효:0
19:11:50  차체방향:57.5
19:11:50  후진판정:0
19:11:50  IMU요회전속도:0.00
19:11:50  방향가속도크기:9.65
19:11:50  방향자이로크기:1.45
19:11:50  방향자세cos:0.9982
19:11:50  자기모델잔차:0.11
19:11:50  자기모델반경:1.805
19:11:50  방향채택:8953
19:11:50  방향거부:69390
19:11:50  GPS원시속도:0.190
19:11:50  GPS원시방향유효:1
19:11:50  GPS원시방향:275.0
19:11:50  가속도:0.08,0.22,9.64
19:11:50  자이로:0.7,1.2,-0.4
19:11:50  자력계:-6.300,-82.800,4.200
19:11:50  충격값:0.11
19:11:50  충격피크:0.16
19:11:50  마지막충격발생값:44.27
19:11:50  마지막충격발생ms:70226
19:11:50  송신:5969
19:11:50  지팡이수신:5826
19:11:50  GPS위성:5
19:11:50  GPS_HDOP:1.60
19:11:50  원시위도:37.496718
19:11:50  원시경도:126.957803
19:11:50  GPS채택:627
19:11:50  GPS이상치거부:97
19:11:50  GPS품질거부:287
19:11:50  GPS재기준:12
19:11:50  계산거리:-1.00
19:11:50  접근속도:0.00
19:11:50  TTC:999.00
19:11:50  방향오차:0.0
19:11:50  전방여부:0
19:11:50  위험음성횟수:38
19:11:50  충격음성횟수:1
19:11:50  마지막위험음성:1
19:11:50  RSSI원시:-63
19:11:50  RSSI평활:-62.5
19:11:50  RSSI샘플:5826
19:11:50  RSSI경과ms:76
19:11:50  위험송신:5826
19:11:51  시각ms:621422
19:11:51  IMU시각ms:621422
19:11:51  위험:0
19:11:51  원시위험:0
19:11:51  GPS유효:0
19:11:51  위도:0.000000
19:11:51  경도:0.000000
19:11:51  속도:0.00
19:11:51  방향:0.0
19:11:51  이동방향유효:0
19:11:51  GPS이동방향:274.8
19:11:51  차체방향유효:0
19:11:51  차체방향:57.5
19:11:51  후진판정:0
19:11:51  IMU요회전속도:0.00
19:11:51  방향가속도크기:9.64
19:11:51  방향자이로크기:3.84
19:11:51  방향자세cos:0.9981
19:11:51  자기모델잔차:1.90
19:11:51  자기모델반경:1.812
19:11:51  방향채택:8953
19:11:51  방향거부:69473
19:11:51  GPS원시속도:0.190
19:11:51  GPS원시방향유효:1
19:11:51  GPS원시방향:275.0
19:11:51  가속도:0.07,0.18,9.64
19:11:51  자이로:0.3,3.7,-0.9
19:11:51  자력계:-5.700,-83.400,2.250
19:11:51  충격값:0.08
19:11:51  충격피크:0.23
19:11:51  마지막충격발생값:44.27
19:11:51  마지막충격발생ms:70226
19:11:51  송신:5975
19:11:51  지팡이수신:5832
19:11:51  GPS위성:5
19:11:51  GPS_HDOP:1.60
19:11:51  원시위도:37.496718
19:11:51  원시경도:126.957803
19:11:51  GPS채택:627
19:11:51  GPS이상치거부:97
19:11:51  GPS품질거부:287
19:11:51  GPS재기준:12
19:11:51  계산거리:-1.00
19:11:51  접근속도:0.00
19:11:51  TTC:999.00
19:11:51  방향오차:0.0
19:11:51  전방여부:0
19:11:51  위험음성횟수:38
19:11:51  충격음성횟수:1
19:11:51  마지막위험음성:1
19:11:51  RSSI원시:-63
19:11:51  RSSI평활:-62.8
19:11:51  RSSI샘플:5832
19:11:51  RSSI경과ms:58
19:11:51  위험송신:5832
19:11:51  시각ms:621623
19:11:51  IMU시각ms:621623
19:11:51  위험:0
19:11:51  원시위험:0
19:11:51  GPS유효:0
19:11:51  위도:0.000000
19:11:51  경도:0.000000
19:11:51  속도:0.00
19:11:51  방향:0.0
19:11:51  이동방향유효:0
19:11:51  GPS이동방향:274.8
19:11:51  차체방향유효:0
19:11:51  차체방향:57.5
19:11:51  후진판정:0
19:11:51  IMU요회전속도:0.00
19:11:51  방향가속도크기:9.74
19:11:51  방향자이로크기:3.01
19:11:51  방향자세cos:0.9975
19:11:51  자기모델잔차:0.58
19:11:51  자기모델반경:1.840
19:11:51  방향채택:8953
19:11:51  방향거부:69501
19:11:51  GPS원시속도:0.190
19:11:51  GPS원시방향유효:1
19:11:51  GPS원시방향:275.0
19:11:51  가속도:0.09,0.05,9.74
19:11:51  자이로:0.3,-2.2,-2.0
19:11:51  자력계:-6.450,-83.850,4.800
19:11:51  충격값:0.11
19:11:51  충격피크:0.22
19:11:51  마지막충격발생값:44.27
19:11:51  마지막충격발생ms:70226
19:11:51  송신:5977
19:11:51  지팡이수신:5834
19:11:51  GPS위성:5
19:11:51  GPS_HDOP:1.60
19:11:51  원시위도:37.496718
19:11:51  원시경도:126.957803
19:11:51  GPS채택:627
19:11:51  GPS이상치거부:97
19:11:51  GPS품질거부:287
19:11:51  GPS재기준:12
19:11:51  계산거리:-1.00
19:11:51  접근속도:0.00
19:11:51  TTC:999.00
19:11:51  방향오차:0.0
19:11:51  전방여부:0
19:11:51  위험음성횟수:38
19:11:51  충격음성횟수:1
19:11:51  마지막위험음성:1
19:11:51  RSSI원시:-63
19:11:51  RSSI평활:-62.9
19:11:51  RSSI샘플:5834
19:11:51  RSSI경과ms:47
19:11:51  위험송신:5834
19:11:51  시각ms:621924
19:11:51  IMU시각ms:621924
19:11:51  위험:0
19:11:51  원시위험:0
19:11:51  GPS유효:0
19:11:51  위도:0.000000
19:11:51  경도:0.000000
19:11:51  속도:0.00
19:11:51  방향:0.0
19:11:51  이동방향유효:0
19:11:51  GPS이동방향:274.8
19:11:51  차체방향유효:0
19:11:51  차체방향:57.5
19:11:51  후진판정:0
19:11:51  IMU요회전속도:0.00
19:11:51  방향가속도크기:9.82
19:11:51  방향자이로크기:1.96
19:11:51  방향자세cos:0.9985
19:11:51  자기모델잔차:1.14
19:11:51  자기모델반경:1.806
19:11:51  방향채택:8953
19:11:51  방향거부:69543
19:11:51  GPS원시속도:0.190
19:11:51  GPS원시방향유효:1
19:11:51  GPS원시방향:275.0
19:11:51  가속도:-0.02,0.14,9.82
19:11:51  자이로:-0.6,0.3,-1.8
19:11:51  자력계:-5.250,-82.950,5.250
19:11:51  충격값:0.12
19:11:51  충격피크:0.27
19:11:51  마지막충격발생값:44.27
19:11:51  마지막충격발생ms:70226
19:11:51  송신:5980
19:11:51  지팡이수신:5837
19:11:51  GPS위성:5
19:11:51  GPS_HDOP:1.60
19:11:51  원시위도:37.496718
19:11:51  원시경도:126.957803
19:11:51  GPS채택:627
19:11:51  GPS이상치거부:97
19:11:51  GPS품질거부:287
19:11:51  GPS재기준:12
19:11:51  계산거리:-1.00
19:11:51  접근속도:0.00
19:11:51  TTC:999.00
19:11:51  방향오차:0.0
19:11:51  전방여부:0
19:11:51  위험음성횟수:38
19:11:51  충격음성횟수:1
19:11:51  마지막위험음성:1
19:11:51  RSSI원시:-62
19:11:51  RSSI평활:-62.5
19:11:51  RSSI샘플:5837
19:11:51  RSSI경과ms:36
19:11:51  위험송신:5837
19:11:52  시각ms:622330
19:11:52  IMU시각ms:622330
19:11:52  위험:0
19:11:52  원시위험:0
19:11:52  GPS유효:0
19:11:52  위도:0.000000
19:11:52  경도:0.000000
19:11:52  속도:0.00
19:11:52  방향:0.0
19:11:52  이동방향유효:0
19:11:52  GPS이동방향:274.8
19:11:52  차체방향유효:0
19:11:52  차체방향:57.5
19:11:52  후진판정:0
19:11:52  IMU요회전속도:0.00
19:11:52  방향가속도크기:9.70
19:11:52  방향자이로크기:2.72
19:11:52  방향자세cos:0.9980
19:11:52  자기모델잔차:0.05
19:11:52  자기모델반경:1.818
19:11:52  방향채택:8953
19:11:52  방향거부:69598
19:11:52  GPS원시속도:0.190
19:11:52  GPS원시방향유효:1
19:11:52  GPS원시방향:275.0
19:11:52  가속도:0.01,0.07,9.70
19:11:52  자이로:0.9,-2.0,1.5
19:11:52  자력계:-6.300,-83.250,4.200
19:11:52  충격값:0.08
19:11:52  충격피크:0.18
19:11:52  마지막충격발생값:44.27
19:11:52  마지막충격발생ms:70226
19:11:52  송신:5984
19:11:52  지팡이수신:5841
19:11:52  GPS위성:5
19:11:52  GPS_HDOP:1.60
19:11:52  원시위도:37.496718
19:11:52  원시경도:126.957803
19:11:52  GPS채택:627
19:11:52  GPS이상치거부:97
19:11:52  GPS품질거부:287
19:11:52  GPS재기준:12
19:11:52  계산거리:-1.00
19:11:52  접근속도:0.00
19:11:52  TTC:999.00
19:11:52  방향오차:0.0
19:11:52  전방여부:0
19:11:52  위험음성횟수:38
19:11:52  충격음성횟수:1
19:11:52  마지막위험음성:1
19:11:52  RSSI원시:-61
19:11:52  RSSI평활:-62.3
19:11:52  RSSI샘플:5841
19:11:52  RSSI경과ms:26
19:11:52  위험송신:5841
19:11:52  시각ms:622532
19:11:52  IMU시각ms:622532
19:11:52  위험:0
19:11:52  원시위험:0
19:11:52  GPS유효:0
19:11:52  위도:0.000000
19:11:52  경도:0.000000
19:11:52  속도:0.00
19:11:52  방향:0.0
19:11:52  이동방향유효:0
19:11:52  GPS이동방향:274.8
19:11:52  차체방향유효:0
19:11:52  차체방향:57.5
19:11:52  후진판정:0
19:11:52  IMU요회전속도:0.00
19:11:52  방향가속도크기:9.63
19:11:52  방향자이로크기:1.15
19:11:52  방향자세cos:0.9973
19:11:52  자기모델잔차:0.81
19:11:52  자기모델반경:1.772
19:11:52  방향채택:8953
19:11:52  방향거부:69626
19:11:52  GPS원시속도:0.190
19:11:52  GPS원시방향유효:1
19:11:52  GPS원시방향:275.0
19:11:52  가속도:0.13,0.05,9.62
19:11:52  자이로:-0.2,-0.3,-1.1
19:11:52  자력계:-5.250,-81.900,4.800
19:11:52  충격값:0.16
19:11:52  충격피크:0.29
19:11:52  마지막충격발생값:44.27
19:11:52  마지막충격발생ms:70226
19:11:52  송신:5986
19:11:52  지팡이수신:5843
19:11:52  GPS위성:5
19:11:52  GPS_HDOP:1.60
19:11:52  원시위도:37.496718
19:11:52  원시경도:126.957803
19:11:52  GPS채택:627
19:11:52  GPS이상치거부:97
19:11:52  GPS품질거부:287
19:11:52  GPS재기준:12
19:11:52  계산거리:-1.00
19:11:52  접근속도:0.00
19:11:52  TTC:999.00
19:11:52  방향오차:0.0
19:11:52  전방여부:0
19:11:52  위험음성횟수:38
19:11:52  충격음성횟수:1
19:11:52  마지막위험음성:1
19:11:52  RSSI원시:-61
19:11:52  RSSI평활:-62.0
19:11:52  RSSI샘플:5843
19:11:52  RSSI경과ms:18
19:11:52  위험송신:5843
19:11:52  시각ms:622644
19:11:52  IMU시각ms:622633
19:11:52  위험:0
19:11:52  원시위험:0
19:11:52  GPS유효:0
19:11:52  위도:0.000000
19:11:52  경도:0.000000
19:11:52  속도:0.00
19:11:52  방향:0.0
19:11:52  이동방향유효:0
19:11:52  GPS이동방향:274.8
19:11:52  차체방향유효:0
19:11:52  차체방향:57.5
19:11:52  후진판정:0
19:11:52  IMU요회전속도:0.00
19:11:52  방향가속도크기:9.74
19:11:52  방향자이로크기:2.14
19:11:52  방향자세cos:0.9978
19:11:52  자기모델잔차:0.25
19:11:52  자기모델반경:1.823
19:11:52  방향채택:8953
19:11:52  방향거부:69640
19:11:52  GPS원시속도:0.190
19:11:52  GPS원시방향유효:1
19:11:52  GPS원시방향:275.0
19:11:52  가속도:0.12,0.15,9.74
19:11:52  자이로:-0.1,1.6,-1.4
19:11:52  자력계:-7.050,-83.250,3.900
19:11:52  충격값:0.08
19:11:52  충격피크:0.15
19:11:52  마지막충격발생값:44.27
19:11:52  마지막충격발생ms:70226
19:11:52  송신:5987
19:11:52  지팡이수신:5844
19:11:52  GPS위성:5
19:11:52  GPS_HDOP:1.60
19:11:52  원시위도:37.496718
19:11:52  원시경도:126.957803
19:11:52  GPS채택:627
19:11:52  GPS이상치거부:97
19:11:52  GPS품질거부:287
19:11:52  GPS재기준:12
19:11:52  계산거리:-1.00
19:11:52  접근속도:0.00
19:11:52  TTC:999.00
19:11:52  방향오차:0.0
19:11:52  전방여부:0
19:11:52  위험음성횟수:38
19:11:52  충격음성횟수:1
19:11:52  마지막위험음성:1
19:11:52  RSSI원시:-63
19:11:52  RSSI평활:-62.2
19:11:52  RSSI샘플:5844
19:11:52  RSSI경과ms:25
19:11:52  위험송신:5844
19:11:52  시각ms:623064
19:11:52  IMU시각ms:623053
19:11:52  위험:0
19:11:52  원시위험:0
19:11:52  GPS유효:0
19:11:52  위도:0.000000
19:11:52  경도:0.000000
19:11:52  속도:0.00
19:11:52  방향:0.0
19:11:52  이동방향유효:0
19:11:52  GPS이동방향:274.8
19:11:52  차체방향유효:0
19:11:52  차체방향:57.5
19:11:52  후진판정:0
19:11:52  IMU요회전속도:0.00
19:11:52  방향가속도크기:9.78
19:11:52  방향자이로크기:1.57
19:11:52  방향자세cos:0.9986
19:11:52  자기모델잔차:2.05
19:11:52  자기모델반경:1.766
19:11:52  방향채택:8953
19:11:52  방향거부:69692
19:11:52  GPS원시속도:0.190
19:11:52  GPS원시방향유효:1
19:11:52  GPS원시방향:275.0
19:11:52  가속도:0.03,0.26,9.77
19:11:52  자이로:-1.6,-0.1,0.2
19:11:52  자력계:-5.700,-81.450,6.000
19:11:52  충격값:0.12
19:11:52  충격피크:0.16
19:11:52  마지막충격발생값:44.27
19:11:52  마지막충격발생ms:70226
19:11:52  송신:5991
19:11:52  지팡이수신:5848
19:11:52  GPS위성:5
19:11:52  GPS_HDOP:1.60
19:11:52  원시위도:37.496718
19:11:52  원시경도:126.957803
19:11:52  GPS채택:627
19:11:52  GPS이상치거부:97
19:11:52  GPS품질거부:287
19:11:52  GPS재기준:12
19:11:52  계산거리:-1.00
19:11:52  접근속도:0.00
19:11:52  TTC:999.00
19:11:52  방향오차:0.0
19:11:52  전방여부:0
19:11:52  위험음성횟수:38
19:11:52  충격음성횟수:1
19:11:52  마지막위험음성:1
19:11:52  RSSI원시:-60
19:11:52  RSSI평활:-61.5
19:11:52  RSSI샘플:5848
19:11:52  RSSI경과ms:21
19:11:52  위험송신:5848
19:11:53  시각ms:623267
19:11:53  IMU시각ms:623256
19:11:53  위험:0
19:11:53  원시위험:0
19:11:53  GPS유효:0
19:11:53  위도:0.000000
19:11:53  경도:0.000000
19:11:53  속도:0.00
19:11:53  방향:0.0
19:11:53  이동방향유효:0
19:11:53  GPS이동방향:274.8
19:11:53  차체방향유효:0
19:11:53  차체방향:57.5
19:11:53  후진판정:0
19:11:53  IMU요회전속도:0.00
19:11:53  방향가속도크기:9.69
19:11:53  방향자이로크기:3.21
19:11:53  방향자세cos:0.9985
19:11:53  자기모델잔차:0.23
19:11:53  자기모델반경:1.769
19:11:53  방향채택:8953
19:11:53  방향거부:69717
19:11:53  GPS원시속도:0.190
19:11:53  GPS원시방향유효:1
19:11:53  GPS원시방향:275.0
19:11:53  가속도:0.02,0.20,9.69
19:11:53  자이로:-1.2,-2.9,0.4
19:11:53  자력계:-5.250,-81.900,3.750
19:11:53  충격값:0.05
19:11:53  충격피크:0.16
19:11:53  마지막충격발생값:44.27
19:11:53  마지막충격발생ms:70226
19:11:53  송신:5993
19:11:53  지팡이수신:5850
19:11:53  GPS위성:5
19:11:53  GPS_HDOP:1.60
19:11:53  원시위도:37.496718
19:11:53  원시경도:126.957803
19:11:53  GPS채택:627
19:11:53  GPS이상치거부:97
19:11:53  GPS품질거부:287
19:11:53  GPS재기준:12
19:11:53  계산거리:-1.00
19:11:53  접근속도:0.00
19:11:53  TTC:999.00
19:11:53  방향오차:0.0
19:11:53  전방여부:0
19:11:53  위험음성횟수:38
19:11:53  충격음성횟수:1
19:11:53  마지막위험음성:1
19:11:53  RSSI원시:-62
19:11:53  RSSI평활:-61.5
19:11:53  RSSI샘플:5850
19:11:53  RSSI경과ms:21
19:11:53  위험송신:5850
19:11:53  시각ms:623477
19:11:53  IMU시각ms:623466
19:11:53  위험:0
19:11:53  원시위험:0
19:11:53  GPS유효:0
19:11:53  위도:0.000000
19:11:53  경도:0.000000
19:11:53  속도:0.00
19:11:53  방향:0.0
19:11:53  이동방향유효:0
19:11:53  GPS이동방향:274.8
19:11:53  차체방향유효:0
19:11:53  차체방향:57.5
19:11:53  후진판정:0
19:11:53  IMU요회전속도:0.00
19:11:53  방향가속도크기:9.77
19:11:53  방향자이로크기:2.59
19:11:53  방향자세cos:0.9984
19:11:53  자기모델잔차:1.08
19:11:53  자기모델반경:1.828
19:11:53  방향채택:8953
19:11:53  방향거부:69743
19:11:53  GPS원시속도:0.190
19:11:53  GPS원시방향유효:1
19:11:53  GPS원시방향:275.0
19:11:53  가속도:-0.03,0.11,9.77
19:11:53  자이로:1.7,1.8,-0.8
19:11:53  자력계:-6.450,-83.400,5.250
19:11:53  충격값:0.09
19:11:53  충격피크:0.17
19:11:53  마지막충격발생값:44.27
19:11:53  마지막충격발생ms:70226
19:11:53  송신:5995
19:11:53  지팡이수신:5852
19:11:53  GPS위성:5
19:11:53  GPS_HDOP:1.60
19:11:53  원시위도:37.496718
19:11:53  원시경도:126.957803
19:11:53  GPS채택:627
19:11:53  GPS이상치거부:97
19:11:53  GPS품질거부:287
19:11:53  GPS재기준:12
19:11:53  계산거리:-1.00
19:11:53  접근속도:0.00
19:11:53  TTC:999.00
19:11:53  방향오차:0.0
19:11:53  전방여부:0
19:11:53  위험음성횟수:38
19:11:53  충격음성횟수:1
19:11:53  마지막위험음성:1
19:11:53  RSSI원시:-60
19:11:53  RSSI평활:-61.1
19:11:53  RSSI샘플:5852
19:11:53  RSSI경과ms:22
19:11:53  위험송신:5852
19:11:53  시각ms:623893
19:11:53  IMU시각ms:623882
19:11:53  위험:0
19:11:53  원시위험:0
19:11:53  GPS유효:0
19:11:53  위도:0.000000
19:11:53  경도:0.000000
19:11:53  속도:0.00
19:11:53  방향:0.0
19:11:53  이동방향유효:0
19:11:53  GPS이동방향:274.8
19:11:53  차체방향유효:0
19:11:53  차체방향:57.5
19:11:53  후진판정:0
19:11:53  IMU요회전속도:0.00
19:11:53  방향가속도크기:9.66
19:11:53  방향자이로크기:3.03
19:11:53  방향자세cos:0.9987
19:11:53  자기모델잔차:0.07
19:11:53  자기모델반경:1.818
19:11:53  방향채택:8953
19:11:53  방향거부:69796
19:11:53  GPS원시속도:0.190
19:11:53  GPS원시방향유효:1
19:11:53  GPS원시방향:275.0
19:11:53  가속도:-0.04,0.18,9.66
19:11:53  자이로:2.9,-0.3,-0.8
19:11:53  자력계:-7.500,-82.950,4.050
19:11:53  충격값:0.10
19:11:53  충격피크:0.14
19:11:53  마지막충격발생값:44.27
19:11:53  마지막충격발생ms:70226
19:11:53  송신:5999
19:11:53  지팡이수신:5856
19:11:53  GPS위성:5
19:11:53  GPS_HDOP:1.60
19:11:53  원시위도:37.496718
19:11:53  원시경도:126.957803
19:11:53  GPS채택:627
19:11:53  GPS이상치거부:97
19:11:53  GPS품질거부:287
19:11:53  GPS재기준:12
19:11:53  계산거리:-1.00
19:11:53  접근속도:0.00
19:11:53  TTC:999.00
19:11:53  방향오차:0.0
19:11:53  전방여부:0
19:11:53  위험음성횟수:38
19:11:53  충격음성횟수:1
19:11:53  마지막위험음성:1
19:11:53  RSSI원시:-61
19:11:53  RSSI평활:-61.2
19:11:53  RSSI샘플:5856
19:11:53  RSSI경과ms:19
19:11:53  위험송신:5856
