15:01:39  위험:0
15:01:39  GPS유효:1
15:01:39  위도:37.496513
15:01:39  경도:126.957794
15:01:39  속도:0.22
15:01:39  방향:174.9
15:01:39  가속도:-1.57,3.20,9.04
15:01:39  송신:22205
15:01:39  GPS위성:8
15:01:39  GPS_HDOP:1.13
15:01:39  원시위도:37.496515
15:01:39  원시경도:126.957795
15:01:39  GPS채택:3656
15:01:39  GPS이상치거부:3
15:01:39  GPS품질거부:28
15:01:39  GPS재기준:1
15:01:39  차량수신:21226
15:01:40  위험:0
15:01:40  GPS유효:1
15:01:40  위도:37.496521
15:01:40  경도:126.957787
15:01:40  속도:0.32
15:01:40  방향:174.9
15:01:40  가속도:-1.76,3.21,9.02
15:01:40  송신:22214
15:01:40  GPS위성:8
15:01:40  GPS_HDOP:1.13
15:01:40  원시위도:37.496521
15:01:40  원시경도:126.957789
15:01:40  GPS채택:3658
15:01:40  GPS이상치거부:3
15:01:40  GPS품질거부:28
15:01:40  GPS재기준:1
15:01:40  차량수신:21234
15:01:41  위험:0
15:01:41  GPS유효:1
15:01:41  위도:37.496525
15:01:41  경도:126.957787
15:01:41  속도:0.33
15:01:41  방향:174.9
15:01:41  가속도:-1.69,3.26,9.03
15:01:41  송신:22224
15:01:41  GPS위성:8
15:01:41  GPS_HDOP:1.13
15:01:41  원시위도:37.496526
15:01:41  원시경도:126.957785
15:01:41  GPS채택:3660
15:01:41  GPS이상치거부:3
15:01:41  GPS품질거부:28
15:01:41  GPS재기준:1
15:01:41  차량수신:21241
15:01:42  위험:0
15:01:42  GPS유효:1
15:01:42  위도:37.496529
15:01:42  경도:126.957779
15:01:42  속도:0.33
15:01:42  방향:174.9
15:01:42  가속도:-1.73,3.18,9.02
15:01:42  송신:22234
15:01:42  GPS위성:9
15:01:42  GPS_HDOP:1.13
15:01:42  원시위도:37.496531
15:01:42  원시경도:126.957781
15:01:42  GPS채택:3662
15:01:42  GPS이상치거부:3
15:01:42  GPS품질거부:28
15:01:42  GPS재기준:1
15:01:42  차량수신:21249
15:01:43  위험:0
15:01:43  GPS유효:1
15:01:43  위도:37.496532
15:01:43  경도:126.957779
15:01:43  속도:0.27
15:01:43  방향:174.9
15:01:43  가속도:-1.61,3.28,9.00
15:01:43  송신:22244
15:01:43  GPS위성:9
15:01:43  GPS_HDOP:1.13
15:01:43  원시위도:37.496533
15:01:43  원시경도:126.957779
15:01:43  GPS채택:3664
15:01:43  GPS이상치거부:3
15:01:43  GPS품질거부:28
15:01:43  GPS재기준:1
15:01:43  차량수신:21258
15:01:44  위험:0
15:01:44  GPS유효:1
15:01:44  위도:37.496536
15:01:44  경도:126.957779
15:01:44  속도:0.17
15:01:44  방향:174.9
15:01:44  가속도:-1.65,3.20,9.02
15:01:44  송신:22254
15:01:44  GPS위성:8
15:01:44  GPS_HDOP:1.13
15:01:44  원시위도:37.496536
15:01:44  원시경도:126.957778
15:01:44  GPS채택:3666
15:01:44  GPS이상치거부:3
15:01:44  GPS품질거부:28
15:01:44  GPS재기준:1
15:01:44  차량수신:21266
15:01:46  위험:0
15:01:46  GPS유효:1
15:01:46  위도:37.496540
15:01:46  경도:126.957779
15:01:46  속도:0.16
15:01:46  방향:174.9
15:01:46  가속도:-1.76,3.16,8.99
15:01:46  송신:22273
15:01:47  GPS위성:8
15:01:47  GPS_HDOP:1.13
15:01:47  원시위도:37.496541
15:01:47  원시경도:126.957777
15:01:47  GPS채택:3670
15:01:47  GPS이상치거부:3
15:01:47  GPS품질거부:28
15:01:47  GPS재기준:1
15:01:47  차량수신:21282
15:01:48  위험:0
15:01:48  GPS유효:1
15:01:48  위도:37.496540
15:01:48  경도:126.957779
15:01:48  속도:0.17
15:01:48  방향:174.9
15:01:48  가속도:-1.69,3.18,9.03
15:01:48  송신:22293
15:01:48  GPS위성:8
15:01:48  GPS_HDOP:1.13
15:01:48  원시위도:37.496541
15:01:48  원시경도:126.957781
15:01:48  GPS채택:3674
15:01:48  GPS이상치거부:3
15:01:48  GPS품질거부:28
15:01:48  GPS재기준:1
15:01:48  차량수신:21300
15:01:49  위험:0
15:01:49  GPS유효:1
15:01:49  위도:37.496540
15:01:49  경도:126.957787
15:01:49  속도:0.13
15:01:49  방향:174.9
15:01:49  가속도:-1.72,3.18,8.89
15:01:49  송신:22303
15:01:49  GPS위성:9
15:01:49  GPS_HDOP:1.13
15:01:49  원시위도:37.496541
15:01:49  원시경도:126.957784
15:01:49  GPS채택:3676
15:01:49  GPS이상치거부:3
15:01:49  GPS품질거부:28
15:01:49  GPS재기준:1
15:01:50  차량수신:21306
15:01:50  위험:0
15:01:50  GPS유효:1
15:01:50  위도:37.496540
15:01:50  경도:126.957787
15:01:50  속도:0.07
15:01:50  방향:174.9
15:01:50  가속도:-1.71,3.18,9.00
15:01:51  송신:22312
15:01:51  GPS위성:9
15:01:51  GPS_HDOP:1.13
15:01:51  원시위도:37.496542
15:01:51  원시경도:126.957788
15:01:51  GPS채택:3678
15:01:51  GPS이상치거부:3
15:01:51  GPS품질거부:28
15:01:51  GPS재기준:1
15:01:51  차량수신:21313
15:01:51  위험:0
15:01:51  GPS유효:1
15:01:51  위도:37.496544
15:01:51  경도:126.957787
15:01:52  속도:0.11
15:01:52  방향:174.9
15:01:52  가속도:-1.70,3.17,8.94
15:01:52  송신:22322
15:01:52  GPS위성:9
15:01:52  GPS_HDOP:1.13
15:01:52  원시위도:37.496544
15:01:52  원시경도:126.957788
15:01:52  GPS채택:3680
15:01:52  GPS이상치거부:3
15:01:52  GPS품질거부:28
15:01:52  GPS재기준:1
15:01:52  차량수신:21318
15:01:52  위험:0
15:01:52  GPS유효:1
15:01:52  위도:37.496544
15:01:52  경도:126.957787
15:01:53  속도:0.07
15:01:53  방향:174.9
15:01:53  가속도:-1.65,3.19,8.99
15:01:53  송신:22332
15:01:53  GPS위성:9
15:01:53  GPS_HDOP:1.06
15:01:53  원시위도:37.496544
15:01:53  원시경도:126.957790
15:01:53  GPS채택:3682
15:01:53  GPS이상치거부:3
15:01:53  GPS품질거부:28
15:01:53  GPS재기준:1
15:01:53  차량수신:21324
15:01:53  위험:0
15:01:53  GPS유효:1
15:01:53  위도:37.496544
15:01:53  경도:126.957787
15:01:53  속도:0.10
15:01:53  방향:174.9
15:01:53  가속도:-1.69,3.21,8.97
15:01:53  송신:22342
15:01:53  GPS위성:9
15:01:53  GPS_HDOP:1.06
15:01:53  원시위도:37.496543
15:01:53  원시경도:126.957790
15:01:53  GPS채택:3684
15:01:53  GPS이상치거부:3
15:01:53  GPS품질거부:28
15:01:54  GPS재기준:1
15:01:54  차량수신:21330
15:01:55  위험:0
15:01:55  GPS유효:1
15:01:55  위도:37.496544
15:01:55  경도:126.957794
15:01:56  속도:0.05
15:01:56  방향:174.9
15:01:56  가속도:-1.70,3.28,9.00
15:01:56  송신:22361
15:01:56  GPS위성:8
15:01:56  GPS_HDOP:1.13
15:01:56  원시위도:37.496542
15:01:56  원시경도:126.957795
15:01:56  GPS채택:3688
15:01:56  GPS이상치거부:3
15:01:56  GPS품질거부:28
15:01:56  GPS재기준:1
15:01:56  차량수신:21347
15:01:56  위험:0
15:01:56  GPS유효:1
15:01:56  위도:37.496540
15:01:56  경도:126.957794
15:01:56  속도:0.06
15:01:57  방향:174.9
15:01:57  가속도:-1.67,3.13,9.04
15:01:57  송신:22371
15:01:57  GPS위성:8
15:01:57  GPS_HDOP:1.13
15:01:57  원시위도:37.496541
15:01:57  원시경도:126.957799
15:01:57  GPS채택:3690
15:01:57  GPS이상치거부:3
15:01:57  GPS품질거부:28
15:01:57  GPS재기준:1
15:01:57  차량수신:21352
15:01:57  위험:0
15:01:58  GPS유효:1
15:01:58  위도:37.496540
15:01:58  경도:126.957802
15:01:58  속도:0.10
15:01:58  방향:174.9
15:01:58  가속도:-1.74,3.17,9.08
15:01:58  송신:22381
15:01:58  GPS위성:8
15:01:58  GPS_HDOP:1.13
15:01:58  원시위도:37.496542
15:01:58  원시경도:126.957799
15:01:58  GPS채택:3692
15:01:58  GPS이상치거부:3
15:01:58  GPS품질거부:28
15:01:58  GPS재기준:1
15:01:58  차량수신:21359
15:01:59  위험:0
15:01:59  GPS유효:1
15:01:59  위도:37.496540
15:01:59  경도:126.957802
15:01:59  속도:0.09
15:01:59  방향:174.9
15:01:59  가속도:-1.57,3.21,9.08
15:01:59  송신:22391
15:01:59  GPS위성:8
15:01:59  GPS_HDOP:1.13
15:01:59  원시위도:37.496541
15:01:59  원시경도:126.957802
15:01:59  GPS채택:3694
15:01:59  GPS이상치거부:3
15:01:59  GPS품질거부:28
15:01:59  GPS재기준:1
15:01:59  차량수신:21365
15:01:59  위험:0
15:01:59  GPS유효:1
15:01:59  위도:37.496540
15:01:59  경도:126.957802
15:01:59  속도:0.10
15:01:59  방향:174.9
15:01:59  가속도:-1.59,3.29,8.99
15:01:59  송신:22401
15:02:00  GPS위성:8
15:02:00  GPS_HDOP:1.13
15:02:00  원시위도:37.496541
15:02:00  원시경도:126.957803
15:02:00  GPS채택:3696
15:02:00  GPS이상치거부:3
15:02:00  GPS품질거부:28
15:02:00  GPS재기준:1
15:02:00  차량수신:21372
15:02:00  위험:0
15:02:00  GPS유효:1
15:02:01  위도:37.496540
15:02:01  경도:126.957809
15:02:01  속도:0.07
15:02:01  방향:174.9
15:02:01  가속도:-1.65,3.17,9.07
15:02:01  송신:22410
15:02:01  GPS위성:8
15:02:01  GPS_HDOP:1.13
15:02:01  원시위도:37.496538
15:02:01  원시경도:126.957808
15:02:01  GPS채택:3698
15:02:01  GPS이상치거부:3
15:02:01  GPS품질거부:28
15:02:01  GPS재기준:1
15:02:01  차량수신:21379
15:02:02  위험:0
15:02:02  GPS유효:1
15:02:02  위도:37.496536
15:02:02  경도:126.957809
15:02:02  속도:0.12
15:02:02  방향:174.9
15:02:02  가속도:-1.66,3.16,8.98
15:02:02  송신:22420
15:02:02  GPS위성:8
15:02:02  GPS_HDOP:1.13
15:02:02  원시위도:37.496536
15:02:02  원시경도:126.957814
15:02:02  GPS채택:3700
15:02:02  GPS이상치거부:3
15:02:02  GPS품질거부:28
15:02:02  GPS재기준:1
15:02:02  차량수신:21389
15:02:02  위험:0
15:02:03  GPS유효:1
15:02:03  위도:37.496532
15:02:03  경도:126.957817
15:02:03  속도:0.11
15:02:03  방향:174.9
15:02:03  가속도:-1.59,3.12,8.98
15:02:03  송신:22430
15:02:03  GPS위성:8
15:02:03  GPS_HDOP:1.13
15:02:03  원시위도:37.496532
15:02:03  원시경도:126.957817
15:02:03  GPS채택:3702
15:02:03  GPS이상치거부:3
15:02:03  GPS품질거부:28
15:02:03  GPS재기준:1
15:02:03  차량수신:21399
15:02:04  위험:0
15:02:04  GPS유효:1
15:02:04  위도:37.496532
15:02:04  경도:126.957817
15:02:04  속도:0.08
15:02:04  방향:174.9
15:02:04  가속도:-1.62,3.12,9.10
15:02:04  송신:22440
15:02:04  GPS위성:8
15:02:04  GPS_HDOP:1.13
15:02:04  원시위도:37.496531
15:02:04  원시경도:126.957817
15:02:04  GPS채택:3704
15:02:04  GPS이상치거부:3
15:02:04  GPS품질거부:28
15:02:04  GPS재기준:1
15:02:04  차량수신:21406
15:02:05  위험:0
15:02:05  GPS유효:1
15:02:05  위도:37.496532
15:02:06  경도:126.957809
15:02:06  속도:0.11
15:02:06  방향:174.9
15:02:06  가속도:-1.70,3.13,9.02
15:02:06  송신:22459
15:02:06  GPS위성:7
15:02:06  GPS_HDOP:1.47
15:02:06  원시위도:37.496531
15:02:06  원시경도:126.957811
15:02:06  GPS채택:3708
15:02:06  GPS이상치거부:3
15:02:06  GPS품질거부:28
15:02:06  GPS재기준:1
15:02:06  차량수신:21421
15:02:07  위험:0
15:02:07  GPS유효:1
15:02:07  위도:37.496532
15:02:07  경도:126.957809
15:02:07  속도:0.05
15:02:07  방향:174.9
15:02:07  가속도:-1.70,3.22,9.01
15:02:07  송신:22469
15:02:07  GPS위성:8
15:02:07  GPS_HDOP:1.47
15:02:07  원시위도:37.496532
15:02:07  원시경도:126.957811
15:02:07  GPS채택:3710
15:02:07  GPS이상치거부:3
15:02:07  GPS품질거부:28
15:02:07  GPS재기준:1
15:02:07  차량수신:21427
15:02:07  위험:0
15:02:07  GPS유효:1
15:02:07  위도:37.496532
15:02:07  경도:126.957809
15:02:08  속도:0.05
15:02:08  방향:174.9
15:02:08  가속도:-1.68,3.20,8.97
15:02:08  송신:22479
15:02:08  GPS위성:8
15:02:08  GPS_HDOP:1.47
15:02:08  원시위도:37.496532
15:02:08  원시경도:126.957812
15:02:08  GPS채택:3712
15:02:08  GPS이상치거부:3
15:02:08  GPS품질거부:28
15:02:08  GPS재기준:1
15:02:08  차량수신:21433
15:02:08  위험:0
15:02:09  GPS유효:1
15:02:09  위도:37.496532
15:02:09  경도:126.957809
15:02:09  속도:0.05
15:02:09  방향:174.9
15:02:09  가속도:-1.65,3.19,8.98
15:02:09  송신:22489
15:02:09  GPS위성:8
15:02:09  GPS_HDOP:1.47
15:02:09  원시위도:37.496532
15:02:09  원시경도:126.957811
15:02:09  GPS채택:3714
15:02:09  GPS이상치거부:3
15:02:09  GPS품질거부:28
15:02:09  GPS재기준:1
15:02:09  차량수신:21439
15:02:10  위험:0
15:02:10  GPS유효:1
15:02:10  위도:37.496529
15:02:10  경도:126.957817
15:02:10  속도:0.31
15:02:10  방향:174.9
15:02:10  가속도:-1.82,3.20,8.95
15:02:10  송신:22499
15:02:10  GPS위성:7
15:02:10  GPS_HDOP:1.47
15:02:10  원시위도:37.496531
15:02:10  원시경도:126.957821
15:02:10  GPS채택:3716
15:02:10  GPS이상치거부:3
15:02:10  GPS품질거부:28
15:02:10  GPS재기준:1
15:02:10  차량수신:21448
