15:01:41  위험:0
15:01:41  GPS유효:1
15:01:41  위도:37.496136
15:01:41  경도:126.958111
15:01:41  속도:0.36
15:01:41  방향:165.1
15:01:41  가속도:-0.34,1.23,9.55
15:01:41  자이로:2.7,-3.1,0.3
15:01:41  충격값:0.07
15:01:41  송신:25416
15:01:41  지팡이수신:24886
15:01:41  GPS위성:5
15:01:41  GPS_HDOP:1.70
15:01:41  원시위도:37.496137
15:01:41  원시경도:126.958112
15:01:41  GPS채택:3111
15:01:41  GPS이상치거부:4
15:01:41  GPS품질거부:336
15:01:41  GPS재기준:1
15:01:41  위험송신:24886
15:01:42  위험:0
15:01:42  GPS유효:1
15:01:42  위도:37.496131
15:01:42  경도:126.958119
15:01:42  속도:0.22
15:01:42  방향:165.1
15:01:42  가속도:-0.24,1.24,9.58
15:01:42  자이로:-0.0,3.7,-0.6
15:01:42  충격값:0.06
15:01:42  송신:25426
15:01:42  지팡이수신:24894
15:01:42  GPS위성:5
15:01:42  GPS_HDOP:1.70
15:01:42  원시위도:37.496130
15:01:42  원시경도:126.958120
15:01:42  GPS채택:3114
15:01:42  GPS이상치거부:4
15:01:42  GPS품질거부:336
15:01:42  GPS재기준:1
15:01:42  위험송신:24894
15:01:43  위험:0
15:01:43  GPS유효:1
15:01:43  위도:37.496125
15:01:43  경도:126.958127
15:01:43  속도:0.22
15:01:43  방향:165.1
15:01:43  가속도:-0.29,1.29,9.65
15:01:43  자이로:4.4,-1.0,1.9
15:01:43  충격값:0.09
15:01:43  송신:25435
15:01:43  지팡이수신:24901
15:01:43  GPS위성:5
15:01:43  GPS_HDOP:1.70
15:01:43  원시위도:37.496123
15:01:43  원시경도:126.958130
15:01:43  GPS채택:3115
15:01:43  GPS이상치거부:4
15:01:43  GPS품질거부:336
15:01:43  GPS재기준:1
15:01:43  위험송신:24901
15:01:44  위험:0
15:01:44  GPS유효:1
15:01:44  위도:37.496119
15:01:44  경도:126.958136
15:01:44  속도:0.17
15:01:44  방향:165.1
15:01:44  가속도:-0.24,1.21,9.69
15:01:44  자이로:2.1,-2.9,-4.1
15:01:44  충격값:0.10
15:01:44  송신:25445
15:01:44  지팡이수신:24909
15:01:44  GPS위성:5
15:01:44  GPS_HDOP:1.70
15:01:44  원시위도:37.496117
15:01:44  원시경도:126.958138
15:01:44  GPS채택:3117
15:01:44  GPS이상치거부:4
15:01:44  GPS품질거부:336
15:01:44  GPS재기준:1
15:01:44  위험송신:24909
15:01:45  위험:0
15:01:45  GPS유효:1
15:01:45  위도:37.496112
15:01:45  경도:126.958144
15:01:45  속도:0.19
15:01:45  방향:165.1
15:01:45  가속도:-0.22,1.13,9.65
15:01:45  자이로:2.6,-0.3,-0.1
15:01:45  충격값:0.12
15:01:45  송신:25455
15:01:45  지팡이수신:24917
15:01:45  GPS위성:5
15:01:45  GPS_HDOP:1.70
15:01:45  원시위도:37.496112
15:01:45  원시경도:126.958145
15:01:45  GPS채택:3120
15:01:45  GPS이상치거부:4
15:01:45  GPS품질거부:336
15:01:45  GPS재기준:1
15:01:45  위험송신:24917
15:01:47  위험:0
15:01:47  GPS유효:1
15:01:47  위도:37.496119
15:01:47  경도:126.958157
15:01:47  속도:0.16
15:01:47  방향:165.1
15:01:47  가속도:-0.28,1.29,9.64
15:01:47  자이로:0.8,-1.4,-1.3
15:01:47  충격값:0.09
15:01:47  송신:25474
15:01:47  지팡이수신:24929
15:01:47  GPS위성:5
15:01:47  GPS_HDOP:1.70
15:01:47  원시위도:37.496120
15:01:47  원시경도:126.958158
15:01:47  GPS채택:3124
15:01:47  GPS이상치거부:4
15:01:47  GPS품질거부:336
15:01:47  GPS재기준:1
15:01:47  위험송신:24929
15:01:48  위험:0
15:01:48  GPS유효:1
15:01:48  위도:37.496130
15:01:48  경도:126.958164
15:01:48  속도:0.12
15:01:48  방향:165.1
15:01:48  가속도:-0.25,1.19,9.54
15:01:48  자이로:0.6,0.3,-1.4
15:01:48  충격값:0.07
15:01:48  송신:25484
15:01:48  지팡이수신:24936
15:01:48  GPS위성:5
15:01:48  GPS_HDOP:1.70
15:01:48  원시위도:37.496132
15:01:48  원시경도:126.958165
15:01:48  GPS채택:3126
15:01:48  GPS이상치거부:4
15:01:48  GPS품질거부:336
15:01:48  GPS재기준:1
15:01:48  위험송신:24936
15:01:49  위험:0
15:01:49  GPS유효:1
15:01:49  위도:37.496133
15:01:49  경도:126.958167
15:01:49  속도:0.10
15:01:49  방향:165.1
15:01:49  가속도:-0.34,1.26,9.48
15:01:49  자이로:0.8,-0.8,-3.7
15:01:49  충격값:0.13
15:01:49  송신:25494
15:01:49  지팡이수신:24945
15:01:49  GPS위성:5
15:01:49  GPS_HDOP:1.70
15:01:49  원시위도:37.496133
15:01:49  원시경도:126.958168
15:01:49  GPS채택:3127
15:01:49  GPS이상치거부:4
15:01:49  GPS품질거부:336
15:01:49  GPS재기준:1
15:01:49  위험송신:24945
15:01:50  위험:0
15:01:50  GPS유효:1
15:01:50  위도:37.496135
15:01:50  경도:126.958168
15:01:50  속도:0.11
15:01:50  방향:165.1
15:01:50  가속도:-0.21,1.15,9.58
15:01:50  자이로:1.0,0.7,-0.5
15:01:50  충격값:0.10
15:01:50  송신:25503
15:01:50  지팡이수신:24954
15:01:50  GPS위성:5
15:01:50  GPS_HDOP:1.70
15:01:50  원시위도:37.496135
15:01:50  원시경도:126.958168
15:01:50  GPS채택:3130
15:01:50  GPS이상치거부:4
15:01:50  GPS품질거부:336
15:01:50  GPS재기준:1
15:01:50  위험송신:24954
15:01:51  위험:0
15:01:51  GPS유효:1
15:01:51  위도:37.496136
15:01:51  경도:126.958168
15:01:51  속도:0.13
15:01:51  방향:165.1
15:01:51  가속도:-0.27,1.29,9.59
15:01:51  자이로:1.7,-0.9,0.5
15:01:51  충격값:0.07
15:01:51  송신:25513
15:01:51  지팡이수신:24963
15:01:51  GPS위성:5
15:01:51  GPS_HDOP:1.70
15:01:51  원시위도:37.496137
15:01:51  원시경도:126.958168
15:01:51  GPS채택:3132
15:01:51  GPS이상치거부:4
15:01:51  GPS품질거부:336
15:01:51  GPS재기준:1
15:01:51  위험송신:24963
15:01:52  위험:0
15:01:52  GPS유효:1
15:01:52  위도:37.496140
15:01:52  경도:126.958168
15:01:52  속도:0.12
15:01:52  방향:165.1
15:01:52  가속도:-0.39,1.18,9.61
15:01:52  자이로:2.0,-0.3,-2.7
15:01:52  충격값:0.10
15:01:52  송신:25523
15:01:52  지팡이수신:24973
15:01:52  GPS위성:5
15:01:52  GPS_HDOP:1.70
15:01:52  원시위도:37.496140
15:01:52  원시경도:126.958168
15:01:52  GPS채택:3134
15:01:52  GPS이상치거부:4
15:01:52  GPS품질거부:336
15:01:52  GPS재기준:1
15:01:52  위험송신:24973
15:01:53  위험:0
15:01:53  GPS유효:1
15:01:53  위도:37.496143
15:01:53  경도:126.958168
15:01:53  속도:0.11
15:01:53  방향:165.1
15:01:53  가속도:-0.32,1.12,9.72
15:01:53  자이로:0.4,1.9,-0.2
15:01:53  충격값:0.14
15:01:53  송신:25532
15:01:53  지팡이수신:24980
15:01:53  GPS위성:5
15:01:53  GPS_HDOP:1.70
15:01:53  원시위도:37.496143
15:01:53  원시경도:126.958168
15:01:53  GPS채택:3136
15:01:53  GPS이상치거부:4
15:01:53  GPS품질거부:336
15:01:53  GPS재기준:1
15:01:53  위험송신:24980
15:01:54  위험:0
15:01:54  GPS유효:1
15:01:54  위도:37.496146
15:01:54  경도:126.958167
15:01:54  속도:0.11
15:01:54  방향:165.1
15:01:54  가속도:-0.30,1.27,9.59
15:01:54  자이로:1.8,0.7,2.5
15:01:54  충격값:0.05
15:01:54  송신:25542
15:01:54  지팡이수신:24988
15:01:54  GPS위성:5
15:01:54  GPS_HDOP:1.70
15:01:54  원시위도:37.496147
15:01:54  원시경도:126.958167
15:01:54  GPS채택:3137
15:01:54  GPS이상치거부:4
15:01:54  GPS품질거부:336
15:01:54  GPS재기준:1
15:01:54  위험송신:24988
15:01:55  위험:0
15:01:55  GPS유효:1
15:01:55  위도:37.496160
15:01:55  경도:126.958168
15:01:55  속도:0.09
15:01:55  방향:165.1
15:01:55  가속도:-0.32,1.17,9.59
15:01:55  자이로:-2.0,1.3,-2.7
15:01:55  충격값:0.04
15:01:55  송신:25552
15:01:55  지팡이수신:24997
15:01:55  GPS위성:5
15:01:55  GPS_HDOP:1.70
15:01:55  원시위도:37.496162
15:01:55  원시경도:126.958168
15:01:55  GPS채택:3140
15:01:55  GPS이상치거부:4
15:01:55  GPS품질거부:336
15:01:55  GPS재기준:1
15:01:55  위험송신:24997
15:01:56  위험:0
15:01:56  GPS유효:1
15:01:56  위도:37.496175
15:01:56  경도:126.958170
15:01:56  속도:0.08
15:01:56  방향:165.1
15:01:56  가속도:-0.35,1.22,9.65
15:01:56  자이로:2.5,-1.4,1.9
15:01:56  충격값:0.08
15:01:56  송신:25561
15:01:56  지팡이수신:25006
15:01:56  GPS위성:5
15:01:56  GPS_HDOP:1.70
15:01:56  원시위도:37.496177
15:01:56  원시경도:126.958170
15:01:56  GPS채택:3142
15:01:56  GPS이상치거부:4
15:01:56  GPS품질거부:336
15:01:56  GPS재기준:1
15:01:56  위험송신:25006
15:01:57  위험:0
15:01:57  GPS유효:1
15:01:57  위도:37.496190
15:01:57  경도:126.958170
15:01:57  속도:0.08
15:01:57  방향:165.1
15:01:57  가속도:-0.43,1.21,9.61
15:01:57  자이로:-2.6,-0.6,-1.3
15:01:57  충격값:0.15
15:01:57  송신:25571
15:01:57  지팡이수신:25014
15:01:57  GPS위성:5
15:01:57  GPS_HDOP:1.70
15:01:57  원시위도:37.496192
15:01:57  원시경도:126.958170
15:01:57  GPS채택:3144
15:01:57  GPS이상치거부:4
15:01:57  GPS품질거부:336
15:01:57  GPS재기준:1
15:01:57  위험송신:25014
15:01:58  위험:0
15:01:58  GPS유효:1
15:01:58  위도:37.496205
15:01:58  경도:126.958171
15:01:58  속도:0.07
15:01:58  방향:165.1
15:01:58  가속도:-0.31,1.11,9.61
15:01:58  자이로:-3.0,0.6,-4.0
15:01:58  충격값:0.09
15:01:58  송신:25581
15:01:58  지팡이수신:25022
15:01:58  GPS위성:5
15:01:58  GPS_HDOP:1.70
15:01:58  원시위도:37.496207
15:01:58  원시경도:126.958172
15:01:58  GPS채택:3146
15:01:58  GPS이상치거부:4
15:01:58  GPS품질거부:336
15:01:58  GPS재기준:1
15:01:58  위험송신:25022
15:01:59  위험:0
15:01:59  GPS유효:1
15:01:59  위도:37.496218
15:01:59  경도:126.958172
15:01:59  속도:0.07
15:01:59  방향:165.1
15:01:59  가속도:-0.33,1.16,9.60
15:01:59  자이로:1.9,-0.2,0.6
15:01:59  충격값:0.05
15:01:59  송신:25590
15:01:59  지팡이수신:25030
15:01:59  GPS위성:5
15:01:59  GPS_HDOP:1.70
15:01:59  원시위도:37.496223
15:01:59  원시경도:126.958172
15:01:59  GPS채택:3147
15:01:59  GPS이상치거부:4
15:01:59  GPS품질거부:336
15:01:59  GPS재기준:1
15:01:59  위험송신:25030
15:02:00  위험:0
15:02:00  GPS유효:1
15:02:00  위도:37.496238
15:02:00  경도:126.958170
15:02:00  속도:0.08
15:02:00  방향:165.1
15:02:00  가속도:-0.20,1.26,9.58
15:02:00  자이로:2.0,-2.4,1.6
15:02:00  충격값:0.11
15:02:00  송신:25600
15:02:00  지팡이수신:25039
15:02:00  GPS위성:5
15:02:00  GPS_HDOP:1.70
15:02:00  원시위도:37.496240
15:02:00  원시경도:126.958170
15:02:00  GPS채택:3150
15:02:00  GPS이상치거부:4
15:02:00  GPS품질거부:336
15:02:00  GPS재기준:1
15:02:00  위험송신:25039
15:02:01  위험:0
15:02:01  GPS유효:1
15:02:01  위도:37.496253
15:02:01  경도:126.958169
15:02:01  속도:0.08
15:02:01  방향:165.1
15:02:01  가속도:-0.29,1.27,9.60
15:02:01  자이로:-0.4,1.0,1.2
15:02:01  충격값:0.05
15:02:01  송신:25610
15:02:01  지팡이수신:25048
15:02:01  GPS위성:5
15:02:01  GPS_HDOP:1.70
15:02:01  원시위도:37.496255
15:02:01  원시경도:126.958168
15:02:01  GPS채택:3152
15:02:01  GPS이상치거부:4
15:02:01  GPS품질거부:336
15:02:01  GPS재기준:1
15:02:01  위험송신:25048
15:02:02  위험:0
15:02:02  GPS유효:1
15:02:02  위도:37.496270
15:02:02  경도:126.958168
15:02:02  속도:0.07
15:02:02  방향:165.1
15:02:02  가속도:-0.30,1.23,9.62
15:02:02  자이로:1.1,3.0,1.6
15:02:02  충격값:0.02
15:02:02  송신:25619
15:02:02  지팡이수신:25057
15:02:02  GPS위성:5
15:02:02  GPS_HDOP:1.70
15:02:02  원시위도:37.496272
15:02:02  원시경도:126.958168
15:02:02  GPS채택:3154
15:02:02  GPS이상치거부:4
15:02:02  GPS품질거부:336
15:02:02  GPS재기준:1
15:02:02  위험송신:25057
15:02:03  위험:0
15:02:03  GPS유효:1
15:02:03  위도:37.496287
15:02:03  경도:126.958167
15:02:03  속도:0.07
15:02:03  방향:165.1
15:02:03  가속도:-0.40,1.35,9.62
15:02:03  자이로:-0.2,2.8,-4.3
15:02:03  충격값:0.17
15:02:03  송신:25629
15:02:03  지팡이수신:25063
15:02:03  GPS위성:5
15:02:03  GPS_HDOP:1.70
15:02:03  원시위도:37.496288
15:02:03  원시경도:126.958167
15:02:03  GPS채택:3156
15:02:03  GPS이상치거부:4
15:02:03  GPS품질거부:336
15:02:03  GPS재기준:1
15:02:03  위험송신:25063
15:02:04  위험:0
15:02:04  GPS유효:1
15:02:04  위도:37.496298
15:02:04  경도:126.958167
15:02:04  속도:0.07
15:02:04  방향:165.1
15:02:04  가속도:-0.36,1.17,9.52
15:02:04  자이로:-2.2,-0.8,-3.2
15:02:04  충격값:0.12
15:02:04  송신:25639
15:02:04  지팡이수신:25072
15:02:04  GPS위성:5
15:02:04  GPS_HDOP:1.70
15:02:04  원시위도:37.496303
15:02:04  원시경도:126.958167
15:02:04  GPS채택:3157
15:02:04  GPS이상치거부:4
15:02:04  GPS품질거부:336
15:02:04  GPS재기준:1
15:02:04  위험송신:25072
15:02:05  위험:0
15:02:05  GPS유효:1
15:02:05  위도:37.496305
15:02:05  경도:126.958164
15:02:05  속도:0.14
15:02:05  방향:165.1
15:02:05  가속도:-0.33,1.25,9.72
15:02:05  자이로:-0.1,-0.9,-1.3
15:02:05  충격값:0.13
15:02:05  송신:25649
15:02:05  지팡이수신:25081
15:02:05  GPS위성:5
15:02:05  GPS_HDOP:1.70
15:02:05  원시위도:37.496305
15:02:05  원시경도:126.958163
15:02:05  GPS채택:3160
15:02:05  GPS이상치거부:4
15:02:05  GPS품질거부:336
15:02:05  GPS재기준:1
15:02:05  위험송신:25081
15:02:06  위험:0
15:02:06  GPS유효:1
15:02:06  위도:37.496305
15:02:06  경도:126.958160
15:02:06  속도:0.20
15:02:06  방향:165.1
15:02:06  가속도:-0.30,1.34,9.62
15:02:06  자이로:0.7,-1.6,-3.2
15:02:06  충격값:0.13
15:02:06  송신:25658
15:02:06  지팡이수신:25089
15:02:06  GPS위성:5
15:02:06  GPS_HDOP:1.70
15:02:06  원시위도:37.496305
15:02:06  원시경도:126.958160
15:02:06  GPS채택:3162
15:02:06  GPS이상치거부:4
15:02:06  GPS품질거부:336
15:02:06  GPS재기준:1
15:02:06  위험송신:25089
15:02:07  위험:0
15:02:07  GPS유효:1
15:02:07  위도:37.496306
15:02:07  경도:126.958157
15:02:07  속도:0.18
15:02:07  방향:165.1
15:02:07  가속도:-0.37,1.13,9.56
15:02:07  자이로:-0.1,0.5,-4.5
15:02:07  충격값:0.11
15:02:07  송신:25668
15:02:07  지팡이수신:25097
15:02:07  GPS위성:5
15:02:07  GPS_HDOP:1.70
15:02:07  원시위도:37.496307
15:02:07  원시경도:126.958157
15:02:07  GPS채택:3164
15:02:07  GPS이상치거부:4
15:02:07  GPS품질거부:336
15:02:07  GPS재기준:1
15:02:07  위험송신:25097
15:02:08  위험:0
15:02:08  GPS유효:1
15:02:08  위도:37.496308
15:02:08  경도:126.958154
15:02:08  속도:0.13
15:02:08  방향:165.1
15:02:08  가속도:3.22,0.80,10.11
15:02:08  자이로:1.8,-8.2,0.5
15:02:08  충격값:3.13
15:02:08  송신:25678
15:02:08  지팡이수신:25106
15:02:08  GPS위성:5
15:02:08  GPS_HDOP:1.70
15:02:08  원시위도:37.496308
15:02:08  원시경도:126.958153
15:02:08  GPS채택:3166
15:02:08  GPS이상치거부:4
15:02:08  GPS품질거부:336
15:02:08  GPS재기준:1
15:02:08  위험송신:25106
